OpenJDK 64-Bit Server VM (25.372-b07) for windows-amd64 JRE (1.8.0_372-b07), built on Apr 17 2023 22:43:30 by "Administrator" with MS VC++ 12.0 (VS2013)
Memory: 4k page, physical 16474616k(1194556k free), swap 42747032k(5416012k free)
CommandLine flags: -XX:GCLogFileSize=104857600 -XX:InitialHeapSize=536870912 -XX:MaxHeapSize=536870912 -XX:MaxNewSize=178958336 -XX:MaxTenuringThreshold=6 -XX:NewSize=178958336 -XX:NumberOfGCLogFiles=14 -XX:OldPLABSize=16 -XX:OldSize=357912576 -XX:+PrintGC -XX:+PrintGCApplicationStoppedTime -XX:+PrintGCDateStamps -XX:+PrintGCDetails -XX:+PrintGCTimeStamps -XX:+PrintHeapAtGC -XX:+PrintTenuringDistribution -XX:+UseCompressedClassPointers -XX:+UseCompressedOops -XX:+UseConcMarkSweepGC -XX:+UseGCLogFileRotation -XX:-UseLargePagesIndividualAllocation -XX:+UseParNewGC 
{Heap before GC invocations=0 (full 0):
 par new generation   total 157248K, used 5591K [0x00000000e0000000, 0x00000000eaaa0000, 0x00000000eaaa0000)
  eden space 139776K,   4% used [0x00000000e0000000, 0x00000000e0575c48, 0x00000000e8880000)
  from space 17472K,   0% used [0x00000000e8880000, 0x00000000e8880000, 0x00000000e9990000)
  to   space 17472K,   0% used [0x00000000e9990000, 0x00000000e9990000, 0x00000000eaaa0000)
 concurrent mark-sweep generation total 349568K, used 204800K [0x00000000eaaa0000, 0x0000000100000000, 0x0000000100000000)
 Metaspace       used 3458K, capacity 4496K, committed 4864K, reserved 1056768K
  class space    used 373K, capacity 388K, committed 512K, reserved 1048576K
2024-07-23T00:25:51.508+0800: 0.165: [GC (Allocation Failure) 2024-07-23T00:25:51.508+0800: 0.165: [ParNew
Desired survivor size 8945664 bytes, new threshold 6 (max 6)
- age   1:     809664 bytes,     809664 total
: 5591K->855K(157248K), 0.0011561 secs]2024-07-23T00:25:51.509+0800: 0.166: [CMS: 204800K->737K(349568K), 0.0034885 secs] 210391K->737K(506816K), [Metaspace: 3458K->3458K(1056768K)], 0.0048461 secs] [Times: user=0.00 sys=0.00, real=0.01 secs] 
Heap after GC invocations=1 (full 1):
 par new generation   total 157248K, used 0K [0x00000000e0000000, 0x00000000eaaa0000, 0x00000000eaaa0000)
  eden space 139776K,   0% used [0x00000000e0000000, 0x00000000e0000000, 0x00000000e8880000)
  from space 17472K,   0% used [0x00000000e9990000, 0x00000000e9990000, 0x00000000eaaa0000)
  to   space 17472K,   0% used [0x00000000e8880000, 0x00000000e8880000, 0x00000000e9990000)
 concurrent mark-sweep generation total 349568K, used 737K [0x00000000eaaa0000, 0x0000000100000000, 0x0000000100000000)
 Metaspace       used 3458K, capacity 4496K, committed 4864K, reserved 1056768K
  class space    used 373K, capacity 388K, committed 512K, reserved 1048576K
}
2024-07-23T00:25:51.513+0800: 0.169: Total time for which application threads were stopped: 0.0050024 seconds, Stopping threads took: 0.0000325 seconds
{Heap before GC invocations=1 (full 1):
 par new generation   total 157248K, used 0K [0x00000000e0000000, 0x00000000eaaa0000, 0x00000000eaaa0000)
  eden space 139776K,   0% used [0x00000000e0000000, 0x00000000e0000000, 0x00000000e8880000)
  from space 17472K,   0% used [0x00000000e9990000, 0x00000000e9990000, 0x00000000eaaa0000)
  to   space 17472K,   0% used [0x00000000e8880000, 0x00000000e8880000, 0x00000000e9990000)
 concurrent mark-sweep generation total 349568K, used 205537K [0x00000000eaaa0000, 0x0000000100000000, 0x0000000100000000)
 Metaspace       used 3459K, capacity 4496K, committed 4864K, reserved 1056768K
  class space    used 373K, capacity 388K, committed 512K, reserved 1048576K
2024-07-23T00:25:51.554+0800: 0.211: [GC (Allocation Failure) 2024-07-23T00:25:51.554+0800: 0.211: [ParNew
Desired survivor size 8945664 bytes, new threshold 6 (max 6)
: 0K->0K(157248K), 0.0008975 secs]2024-07-23T00:25:51.555+0800: 0.212: [CMS: 205537K->733K(349568K), 0.0019322 secs] 205537K->733K(506816K), [Metaspace: 3459K->3459K(1056768K)], 0.0029754 secs] [Times: user=0.00 sys=0.00, real=0.00 secs] 
Heap after GC invocations=2 (full 2):
 par new generation   total 157248K, used 0K [0x00000000e0000000, 0x00000000eaaa0000, 0x00000000eaaa0000)
  eden space 139776K,   0% used [0x00000000e0000000, 0x00000000e0000000, 0x00000000e8880000)
  from space 17472K,   0% used [0x00000000e8880000, 0x00000000e8880000, 0x00000000e9990000)
  to   space 17472K,   0% used [0x00000000e9990000, 0x00000000e9990000, 0x00000000eaaa0000)
 concurrent mark-sweep generation total 349568K, used 733K [0x00000000eaaa0000, 0x0000000100000000, 0x0000000100000000)
 Metaspace       used 3459K, capacity 4496K, committed 4864K, reserved 1056768K
  class space    used 373K, capacity 388K, committed 512K, reserved 1048576K
}
2024-07-23T00:25:51.557+0800: 0.214: Total time for which application threads were stopped: 0.0031318 seconds, Stopping threads took: 0.0000329 seconds
2024-07-23T00:25:51.576+0800: 0.233: [GC (CMS Initial Mark) [1 CMS-initial-mark: 205533K(349568K)] 208328K(506816K), 0.0002163 secs] [Times: user=0.00 sys=0.00, real=0.00 secs] 
2024-07-23T00:25:51.576+0800: 0.233: Total time for which application threads were stopped: 0.0185540 seconds, Stopping threads took: 0.0182727 seconds
2024-07-23T00:25:51.576+0800: 0.233: [CMS-concurrent-mark-start]
2024-07-23T00:25:51.577+0800: 0.234: [CMS-concurrent-mark: 0.001/0.001 secs] [Times: user=0.00 sys=0.00, real=0.00 secs] 
2024-07-23T00:25:51.577+0800: 0.234: [CMS-concurrent-preclean-start]
2024-07-23T00:25:51.577+0800: 0.234: [CMS-concurrent-preclean: 0.000/0.000 secs] [Times: user=0.00 sys=0.00, real=0.00 secs] 
2024-07-23T00:25:51.577+0800: 0.234: [CMS-concurrent-abortable-preclean-start]
{Heap before GC invocations=2 (full 3):
 par new generation   total 157248K, used 2795K [0x00000000e0000000, 0x00000000eaaa0000, 0x00000000eaaa0000)
  eden space 139776K,   2% used [0x00000000e0000000, 0x00000000e02bae28, 0x00000000e8880000)
  from space 17472K,   0% used [0x00000000e8880000, 0x00000000e8880000, 0x00000000e9990000)
  to   space 17472K,   0% used [0x00000000e9990000, 0x00000000e9990000, 0x00000000eaaa0000)
 concurrent mark-sweep generation total 349568K, used 205533K [0x00000000eaaa0000, 0x0000000100000000, 0x0000000100000000)
 Metaspace       used 3459K, capacity 4496K, committed 4864K, reserved 1056768K
  class space    used 373K, capacity 388K, committed 512K, reserved 1048576K
2024-07-23T00:25:51.600+0800: 0.257: [GC (Allocation Failure) 2024-07-23T00:25:51.600+0800: 0.257: [ParNew
Desired survivor size 8945664 bytes, new threshold 6 (max 6)
: 2795K->0K(157248K), 0.0005753 secs]2024-07-23T00:25:51.601+0800: 0.258: [CMS2024-07-23T00:25:51.601+0800: 0.258: [CMS-concurrent-abortable-preclean: 0.000/0.024 secs] [Times: user=0.00 sys=0.00, real=0.02 secs] 
 (concurrent mode failure): 205533K->723K(349568K), 0.0021464 secs] 208328K->723K(506816K), [Metaspace: 3459K->3459K(1056768K)], 0.0028299 secs] [Times: user=0.00 sys=0.00, real=0.00 secs] 
Heap after GC invocations=3 (full 4):
 par new generation   total 157248K, used 0K [0x00000000e0000000, 0x00000000eaaa0000, 0x00000000eaaa0000)
  eden space 139776K,   0% used [0x00000000e0000000, 0x00000000e0000000, 0x00000000e8880000)
  from space 17472K,   0% used [0x00000000e9990000, 0x00000000e9990000, 0x00000000eaaa0000)
  to   space 17472K,   0% used [0x00000000e8880000, 0x00000000e8880000, 0x00000000e9990000)
 concurrent mark-sweep generation total 349568K, used 723K [0x00000000eaaa0000, 0x0000000100000000, 0x0000000100000000)
 Metaspace       used 3459K, capacity 4496K, committed 4864K, reserved 1056768K
  class space    used 373K, capacity 388K, committed 512K, reserved 1048576K
}
2024-07-23T00:25:51.603+0800: 0.260: Total time for which application threads were stopped: 0.0029456 seconds, Stopping threads took: 0.0000206 seconds
{Heap before GC invocations=3 (full 4):
 par new generation   total 157248K, used 0K [0x00000000e0000000, 0x00000000eaaa0000, 0x00000000eaaa0000)
  eden space 139776K,   0% used [0x00000000e0000000, 0x00000000e0000000, 0x00000000e8880000)
  from space 17472K,   0% used [0x00000000e9990000, 0x00000000e9990000, 0x00000000eaaa0000)
  to   space 17472K,   0% used [0x00000000e8880000, 0x00000000e8880000, 0x00000000e9990000)
 concurrent mark-sweep generation total 349568K, used 205523K [0x00000000eaaa0000, 0x0000000100000000, 0x0000000100000000)
 Metaspace       used 3459K, capacity 4496K, committed 4864K, reserved 1056768K
  class space    used 373K, capacity 388K, committed 512K, reserved 1048576K
2024-07-23T00:25:51.631+0800: 0.288: [GC (Allocation Failure) 2024-07-23T00:25:51.631+0800: 0.288: [ParNew
Desired survivor size 8945664 bytes, new threshold 6 (max 6)
: 0K->0K(157248K), 0.0006208 secs]2024-07-23T00:25:51.631+0800: 0.288: [CMS: 205523K->723K(349568K), 0.0018192 secs] 205523K->723K(506816K), [Metaspace: 3459K->3459K(1056768K)], 0.0025436 secs] [Times: user=0.00 sys=0.00, real=0.00 secs] 
Heap after GC invocations=4 (full 5):
 par new generation   total 157248K, used 0K [0x00000000e0000000, 0x00000000eaaa0000, 0x00000000eaaa0000)
  eden space 139776K,   0% used [0x00000000e0000000, 0x00000000e0000000, 0x00000000e8880000)
  from space 17472K,   0% used [0x00000000e8880000, 0x00000000e8880000, 0x00000000e9990000)
  to   space 17472K,   0% used [0x00000000e9990000, 0x00000000e9990000, 0x00000000eaaa0000)
 concurrent mark-sweep generation total 349568K, used 723K [0x00000000eaaa0000, 0x0000000100000000, 0x0000000100000000)
 Metaspace       used 3459K, capacity 4496K, committed 4864K, reserved 1056768K
  class space    used 373K, capacity 388K, committed 512K, reserved 1048576K
}
2024-07-23T00:25:51.633+0800: 0.290: Total time for which application threads were stopped: 0.0026702 seconds, Stopping threads took: 0.0000255 seconds
2024-07-23T00:25:51.650+0800: 0.307: [GC (CMS Initial Mark) [1 CMS-initial-mark: 205523K(349568K)] 205523K(506816K), 0.0002193 secs] [Times: user=0.00 sys=0.00, real=0.00 secs] 
2024-07-23T00:25:51.650+0800: 0.307: Total time for which application threads were stopped: 0.0168396 seconds, Stopping threads took: 0.0165605 seconds
2024-07-23T00:25:51.650+0800: 0.307: [CMS-concurrent-mark-start]
2024-07-23T00:25:51.651+0800: 0.308: [CMS-concurrent-mark: 0.001/0.001 secs] [Times: user=0.00 sys=0.00, real=0.00 secs] 
2024-07-23T00:25:51.651+0800: 0.308: [CMS-concurrent-preclean-start]
2024-07-23T00:25:51.651+0800: 0.308: [CMS-concurrent-preclean: 0.000/0.000 secs] [Times: user=0.00 sys=0.00, real=0.00 secs] 
2024-07-23T00:25:51.651+0800: 0.308: [GC (CMS Final Remark) [YG occupancy: 0 K (157248 K)]2024-07-23T00:25:51.651+0800: 0.308: [Rescan (parallel) , 0.0002092 secs]2024-07-23T00:25:51.651+0800: 0.309: [weak refs processing, 0.0000087 secs]2024-07-23T00:25:51.651+0800: 0.309: [class unloading, 0.0001515 secs]2024-07-23T00:25:51.651+0800: 0.309: [scrub symbol table, 0.0002453 secs]2024-07-23T00:25:51.652+0800: 0.309: [scrub string table, 0.0000612 secs][1 CMS-remark: 205523K(349568K)] 205523K(506816K), 0.0007138 secs] [Times: user=0.00 sys=0.00, real=0.00 secs] 
2024-07-23T00:25:51.652+0800: 0.309: Total time for which application threads were stopped: 0.0007409 seconds, Stopping threads took: 0.0000078 seconds
2024-07-23T00:25:51.652+0800: 0.309: [CMS-concurrent-sweep-start]
2024-07-23T00:25:51.652+0800: 0.309: [CMS-concurrent-sweep: 0.000/0.000 secs] [Times: user=0.00 sys=0.00, real=0.00 secs] 
2024-07-23T00:25:51.652+0800: 0.309: [CMS-concurrent-reset-start]
2024-07-23T00:25:51.652+0800: 0.310: [CMS-concurrent-reset: 0.000/0.000 secs] [Times: user=0.00 sys=0.00, real=0.00 secs] 
{Heap before GC invocations=4 (full 6):
 par new generation   total 157248K, used 0K [0x00000000e0000000, 0x00000000eaaa0000, 0x00000000eaaa0000)
  eden space 139776K,   0% used [0x00000000e0000000, 0x00000000e0000000, 0x00000000e8880000)
  from space 17472K,   0% used [0x00000000e8880000, 0x00000000e8880000, 0x00000000e9990000)
  to   space 17472K,   0% used [0x00000000e9990000, 0x00000000e9990000, 0x00000000eaaa0000)
 concurrent mark-sweep generation total 349568K, used 205523K [0x00000000eaaa0000, 0x0000000100000000, 0x0000000100000000)
 Metaspace       used 3459K, capacity 4496K, committed 4864K, reserved 1056768K
  class space    used 373K, capacity 388K, committed 512K, reserved 1048576K
2024-07-23T00:25:51.661+0800: 0.318: [GC (Allocation Failure) 2024-07-23T00:25:51.661+0800: 0.318: [ParNew
Desired survivor size 8945664 bytes, new threshold 6 (max 6)
: 0K->0K(157248K), 0.0005119 secs]2024-07-23T00:25:51.661+0800: 0.319: [CMS: 205523K->723K(349568K), 0.0016521 secs] 205523K->723K(506816K), [Metaspace: 3459K->3459K(1056768K)], 0.0022689 secs] [Times: user=0.00 sys=0.00, real=0.00 secs] 
Heap after GC invocations=5 (full 7):
 par new generation   total 157248K, used 0K [0x00000000e0000000, 0x00000000eaaa0000, 0x00000000eaaa0000)
  eden space 139776K,   0% used [0x00000000e0000000, 0x00000000e0000000, 0x00000000e8880000)
  from space 17472K,   0% used [0x00000000e9990000, 0x00000000e9990000, 0x00000000eaaa0000)
  to   space 17472K,   0% used [0x00000000e8880000, 0x00000000e8880000, 0x00000000e9990000)
 concurrent mark-sweep generation total 349568K, used 723K [0x00000000eaaa0000, 0x0000000100000000, 0x0000000100000000)
 Metaspace       used 3459K, capacity 4496K, committed 4864K, reserved 1056768K
  class space    used 373K, capacity 388K, committed 512K, reserved 1048576K
}
2024-07-23T00:25:51.663+0800: 0.320: Total time for which application threads were stopped: 0.0023717 seconds, Stopping threads took: 0.0000166 seconds
2024-07-23T00:25:51.680+0800: 0.337: [GC (CMS Initial Mark) [1 CMS-initial-mark: 205523K(349568K)] 205523K(506816K), 0.0002480 secs] [Times: user=0.00 sys=0.00, real=0.00 secs] 
2024-07-23T00:25:51.680+0800: 0.338: Total time for which application threads were stopped: 0.0171886 seconds, Stopping threads took: 0.0168850 seconds
2024-07-23T00:25:51.680+0800: 0.338: [CMS-concurrent-mark-start]
2024-07-23T00:25:51.681+0800: 0.339: [CMS-concurrent-mark: 0.001/0.001 secs] [Times: user=0.00 sys=0.00, real=0.00 secs] 
2024-07-23T00:25:51.681+0800: 0.339: [CMS-concurrent-preclean-start]
2024-07-23T00:25:51.682+0800: 0.339: [CMS-concurrent-preclean: 0.000/0.000 secs] [Times: user=0.00 sys=0.00, real=0.00 secs] 
2024-07-23T00:25:51.682+0800: 0.339: [GC (CMS Final Remark) [YG occupancy: 0 K (157248 K)]2024-07-23T00:25:51.682+0800: 0.339: [Rescan (parallel) , 0.0002307 secs]2024-07-23T00:25:51.682+0800: 0.339: [weak refs processing, 0.0000073 secs]2024-07-23T00:25:51.682+0800: 0.339: [class unloading, 0.0001504 secs]2024-07-23T00:25:51.682+0800: 0.339: [scrub symbol table, 0.0002478 secs]2024-07-23T00:25:51.682+0800: 0.340: [scrub string table, 0.0000619 secs][1 CMS-remark: 205523K(349568K)] 205523K(506816K), 0.0007362 secs] [Times: user=0.00 sys=0.00, real=0.00 secs] 
2024-07-23T00:25:51.682+0800: 0.340: Total time for which application threads were stopped: 0.0007673 seconds, Stopping threads took: 0.0000099 seconds
2024-07-23T00:25:51.682+0800: 0.340: [CMS-concurrent-sweep-start]
2024-07-23T00:25:51.682+0800: 0.340: [CMS-concurrent-sweep: 0.000/0.000 secs] [Times: user=0.00 sys=0.00, real=0.00 secs] 
2024-07-23T00:25:51.682+0800: 0.340: [CMS-concurrent-reset-start]
2024-07-23T00:25:51.683+0800: 0.340: [CMS-concurrent-reset: 0.000/0.000 secs] [Times: user=0.00 sys=0.00, real=0.00 secs] 
{Heap before GC invocations=5 (full 8):
 par new generation   total 157248K, used 0K [0x00000000e0000000, 0x00000000eaaa0000, 0x00000000eaaa0000)
  eden space 139776K,   0% used [0x00000000e0000000, 0x00000000e0000000, 0x00000000e8880000)
  from space 17472K,   0% used [0x00000000e9990000, 0x00000000e9990000, 0x00000000eaaa0000)
  to   space 17472K,   0% used [0x00000000e8880000, 0x00000000e8880000, 0x00000000e9990000)
 concurrent mark-sweep generation total 349568K, used 205523K [0x00000000eaaa0000, 0x0000000100000000, 0x0000000100000000)
 Metaspace       used 3459K, capacity 4496K, committed 4864K, reserved 1056768K
  class space    used 373K, capacity 388K, committed 512K, reserved 1048576K
2024-07-23T00:25:51.693+0800: 0.349: [GC (Allocation Failure) 2024-07-23T00:25:51.693+0800: 0.349: [ParNew
Desired survivor size 8945664 bytes, new threshold 6 (max 6)
: 0K->0K(157248K), 0.0005564 secs]2024-07-23T00:25:51.693+0800: 0.350: [CMS: 205523K->723K(349568K), 0.0016474 secs] 205523K->723K(506816K), [Metaspace: 3459K->3459K(1056768K)], 0.0022815 secs] [Times: user=0.00 sys=0.00, real=0.00 secs] 
Heap after GC invocations=6 (full 9):
 par new generation   total 157248K, used 0K [0x00000000e0000000, 0x00000000eaaa0000, 0x00000000eaaa0000)
  eden space 139776K,   0% used [0x00000000e0000000, 0x00000000e0000000, 0x00000000e8880000)
  from space 17472K,   0% used [0x00000000e8880000, 0x00000000e8880000, 0x00000000e9990000)
  to   space 17472K,   0% used [0x00000000e9990000, 0x00000000e9990000, 0x00000000eaaa0000)
 concurrent mark-sweep generation total 349568K, used 723K [0x00000000eaaa0000, 0x0000000100000000, 0x0000000100000000)
 Metaspace       used 3459K, capacity 4496K, committed 4864K, reserved 1056768K
  class space    used 373K, capacity 388K, committed 512K, reserved 1048576K
}
2024-07-23T00:25:51.695+0800: 0.352: Total time for which application threads were stopped: 0.0024162 seconds, Stopping threads took: 0.0000146 seconds
2024-07-23T00:25:51.712+0800: 0.368: [GC (CMS Initial Mark) [1 CMS-initial-mark: 205523K(349568K)] 205523K(506816K), 0.0002380 secs] [Times: user=0.00 sys=0.00, real=0.00 secs] 
2024-07-23T00:25:51.712+0800: 0.369: Total time for which application threads were stopped: 0.0168326 seconds, Stopping threads took: 0.0165356 seconds
2024-07-23T00:25:51.712+0800: 0.369: [CMS-concurrent-mark-start]
2024-07-23T00:25:51.713+0800: 0.370: [CMS-concurrent-mark: 0.001/0.001 secs] [Times: user=0.00 sys=0.00, real=0.00 secs] 
2024-07-23T00:25:51.713+0800: 0.370: [CMS-concurrent-preclean-start]
2024-07-23T00:25:51.713+0800: 0.370: [CMS-concurrent-preclean: 0.000/0.000 secs] [Times: user=0.00 sys=0.00, real=0.00 secs] 
2024-07-23T00:25:51.713+0800: 0.370: [GC (CMS Final Remark) [YG occupancy: 0 K (157248 K)]2024-07-23T00:25:51.713+0800: 0.370: [Rescan (parallel) , 0.0002828 secs]2024-07-23T00:25:51.713+0800: 0.370: [weak refs processing, 0.0000065 secs]2024-07-23T00:25:51.713+0800: 0.370: [class unloading, 0.0001429 secs]2024-07-23T00:25:51.713+0800: 0.370: [scrub symbol table, 0.0002435 secs]2024-07-23T00:25:51.714+0800: 0.371: [scrub string table, 0.0000622 secs][1 CMS-remark: 205523K(349568K)] 205523K(506816K), 0.0007748 secs] [Times: user=0.00 sys=0.00, real=0.00 secs] 
2024-07-23T00:25:51.714+0800: 0.371: Total time for which application threads were stopped: 0.0008064 seconds, Stopping threads took: 0.0000092 seconds
2024-07-23T00:25:51.714+0800: 0.371: [CMS-concurrent-sweep-start]
2024-07-23T00:25:51.714+0800: 0.371: [CMS-concurrent-sweep: 0.000/0.000 secs] [Times: user=0.00 sys=0.00, real=0.00 secs] 
2024-07-23T00:25:51.714+0800: 0.371: [CMS-concurrent-reset-start]
2024-07-23T00:25:51.714+0800: 0.371: [CMS-concurrent-reset: 0.000/0.000 secs] [Times: user=0.00 sys=0.00, real=0.00 secs] 
{Heap before GC invocations=6 (full 10):
 par new generation   total 157248K, used 0K [0x00000000e0000000, 0x00000000eaaa0000, 0x00000000eaaa0000)
  eden space 139776K,   0% used [0x00000000e0000000, 0x00000000e0000000, 0x00000000e8880000)
  from space 17472K,   0% used [0x00000000e8880000, 0x00000000e8880000, 0x00000000e9990000)
  to   space 17472K,   0% used [0x00000000e9990000, 0x00000000e9990000, 0x00000000eaaa0000)
 concurrent mark-sweep generation total 349568K, used 205523K [0x00000000eaaa0000, 0x0000000100000000, 0x0000000100000000)
 Metaspace       used 3459K, capacity 4496K, committed 4864K, reserved 1056768K
  class space    used 373K, capacity 388K, committed 512K, reserved 1048576K
2024-07-23T00:25:51.723+0800: 0.380: [GC (Allocation Failure) 2024-07-23T00:25:51.723+0800: 0.380: [ParNew
Desired survivor size 8945664 bytes, new threshold 6 (max 6)
: 0K->0K(157248K), 0.0004787 secs]2024-07-23T00:25:51.723+0800: 0.380: [CMS: 205523K->723K(349568K), 0.0017353 secs] 205523K->723K(506816K), [Metaspace: 3459K->3459K(1056768K)], 0.0022894 secs] [Times: user=0.00 sys=0.00, real=0.00 secs] 
Heap after GC invocations=7 (full 11):
 par new generation   total 157248K, used 0K [0x00000000e0000000, 0x00000000eaaa0000, 0x00000000eaaa0000)
  eden space 139776K,   0% used [0x00000000e0000000, 0x00000000e0000000, 0x00000000e8880000)
  from space 17472K,   0% used [0x00000000e9990000, 0x00000000e9990000, 0x00000000eaaa0000)
  to   space 17472K,   0% used [0x00000000e8880000, 0x00000000e8880000, 0x00000000e9990000)
 concurrent mark-sweep generation total 349568K, used 723K [0x00000000eaaa0000, 0x0000000100000000, 0x0000000100000000)
 Metaspace       used 3459K, capacity 4496K, committed 4864K, reserved 1056768K
  class space    used 373K, capacity 388K, committed 512K, reserved 1048576K
}
2024-07-23T00:25:51.725+0800: 0.382: Total time for which application threads were stopped: 0.0023774 seconds, Stopping threads took: 0.0000104 seconds
2024-07-23T00:25:51.743+0800: 0.400: [GC (CMS Initial Mark) [1 CMS-initial-mark: 205523K(349568K)] 205523K(506816K), 0.0003708 secs] [Times: user=0.00 sys=0.00, real=0.00 secs] 
2024-07-23T00:25:51.743+0800: 0.400: Total time for which application threads were stopped: 0.0180979 seconds, Stopping threads took: 0.0176521 seconds
2024-07-23T00:25:51.743+0800: 0.400: [CMS-concurrent-mark-start]
2024-07-23T00:25:51.744+0800: 0.401: [CMS-concurrent-mark: 0.001/0.001 secs] [Times: user=0.00 sys=0.00, real=0.00 secs] 
2024-07-23T00:25:51.744+0800: 0.401: [CMS-concurrent-preclean-start]
2024-07-23T00:25:51.744+0800: 0.401: [CMS-concurrent-preclean: 0.000/0.000 secs] [Times: user=0.00 sys=0.00, real=0.00 secs] 
2024-07-23T00:25:51.744+0800: 0.401: [GC (CMS Final Remark) [YG occupancy: 0 K (157248 K)]2024-07-23T00:25:51.744+0800: 0.401: [Rescan (parallel) , 0.0002030 secs]2024-07-23T00:25:51.745+0800: 0.402: [weak refs processing, 0.0000078 secs]2024-07-23T00:25:51.745+0800: 0.402: [class unloading, 0.0001522 secs]2024-07-23T00:25:51.745+0800: 0.402: [scrub symbol table, 0.0002558 secs]2024-07-23T00:25:51.745+0800: 0.402: [scrub string table, 0.0000636 secs][1 CMS-remark: 205523K(349568K)] 205523K(506816K), 0.0007205 secs] [Times: user=0.00 sys=0.00, real=0.00 secs] 
2024-07-23T00:25:51.745+0800: 0.402: Total time for which application threads were stopped: 0.0007497 seconds, Stopping threads took: 0.0000090 seconds
2024-07-23T00:25:51.745+0800: 0.402: [CMS-concurrent-sweep-start]
2024-07-23T00:25:51.745+0800: 0.402: [CMS-concurrent-sweep: 0.000/0.000 secs] [Times: user=0.00 sys=0.00, real=0.00 secs] 
2024-07-23T00:25:51.745+0800: 0.402: [CMS-concurrent-reset-start]
2024-07-23T00:25:51.746+0800: 0.403: [CMS-concurrent-reset: 0.000/0.000 secs] [Times: user=0.00 sys=0.00, real=0.00 secs] 
{Heap before GC invocations=7 (full 12):
 par new generation   total 157248K, used 0K [0x00000000e0000000, 0x00000000eaaa0000, 0x00000000eaaa0000)
  eden space 139776K,   0% used [0x00000000e0000000, 0x00000000e0000000, 0x00000000e8880000)
  from space 17472K,   0% used [0x00000000e9990000, 0x00000000e9990000, 0x00000000eaaa0000)
  to   space 17472K,   0% used [0x00000000e8880000, 0x00000000e8880000, 0x00000000e9990000)
 concurrent mark-sweep generation total 349568K, used 205523K [0x00000000eaaa0000, 0x0000000100000000, 0x0000000100000000)
 Metaspace       used 3459K, capacity 4496K, committed 4864K, reserved 1056768K
  class space    used 373K, capacity 388K, committed 512K, reserved 1048576K
2024-07-23T00:25:51.754+0800: 0.411: [GC (Allocation Failure) 2024-07-23T00:25:51.754+0800: 0.411: [ParNew
Desired survivor size 8945664 bytes, new threshold 6 (max 6)
: 0K->0K(157248K), 0.0005067 secs]2024-07-23T00:25:51.754+0800: 0.411: [CMS: 205523K->723K(349568K), 0.0019687 secs] 205523K->723K(506816K), [Metaspace: 3459K->3459K(1056768K)], 0.0025527 secs] [Times: user=0.00 sys=0.00, real=0.00 secs] 
Heap after GC invocations=8 (full 13):
 par new generation   total 157248K, used 0K [0x00000000e0000000, 0x00000000eaaa0000, 0x00000000eaaa0000)
  eden space 139776K,   0% used [0x00000000e0000000, 0x00000000e0000000, 0x00000000e8880000)
  from space 17472K,   0% used [0x00000000e8880000, 0x00000000e8880000, 0x00000000e9990000)
  to   space 17472K,   0% used [0x00000000e9990000, 0x00000000e9990000, 0x00000000eaaa0000)
 concurrent mark-sweep generation total 349568K, used 723K [0x00000000eaaa0000, 0x0000000100000000, 0x0000000100000000)
 Metaspace       used 3459K, capacity 4496K, committed 4864K, reserved 1056768K
  class space    used 373K, capacity 388K, committed 512K, reserved 1048576K
}
2024-07-23T00:25:51.756+0800: 0.413: Total time for which application threads were stopped: 0.0026758 seconds, Stopping threads took: 0.0000207 seconds
2024-07-23T00:25:51.774+0800: 0.431: [GC (CMS Initial Mark) [1 CMS-initial-mark: 205523K(349568K)] 205523K(506816K), 0.0002531 secs] [Times: user=0.00 sys=0.00, real=0.00 secs] 
2024-07-23T00:25:51.774+0800: 0.431: Total time for which application threads were stopped: 0.0180588 seconds, Stopping threads took: 0.0177458 seconds
2024-07-23T00:25:51.774+0800: 0.431: [CMS-concurrent-mark-start]
2024-07-23T00:25:51.775+0800: 0.432: [CMS-concurrent-mark: 0.001/0.001 secs] [Times: user=0.00 sys=0.00, real=0.00 secs] 
2024-07-23T00:25:51.775+0800: 0.432: [CMS-concurrent-preclean-start]
2024-07-23T00:25:51.775+0800: 0.432: [CMS-concurrent-preclean: 0.000/0.000 secs] [Times: user=0.00 sys=0.00, real=0.00 secs] 
2024-07-23T00:25:51.775+0800: 0.432: [GC (CMS Final Remark) [YG occupancy: 0 K (157248 K)]2024-07-23T00:25:51.775+0800: 0.432: [Rescan (parallel) , 0.0002191 secs]2024-07-23T00:25:51.775+0800: 0.433: [weak refs processing, 0.0000086 secs]2024-07-23T00:25:51.775+0800: 0.433: [class unloading, 0.0001624 secs]2024-07-23T00:25:51.775+0800: 0.433: [scrub symbol table, 0.0002475 secs]2024-07-23T00:25:51.776+0800: 0.433: [scrub string table, 0.0000626 secs][1 CMS-remark: 205523K(349568K)] 205523K(506816K), 0.0007384 secs] [Times: user=0.00 sys=0.00, real=0.00 secs] 
2024-07-23T00:25:51.776+0800: 0.433: Total time for which application threads were stopped: 0.0007697 seconds, Stopping threads took: 0.0000083 seconds
2024-07-23T00:25:51.776+0800: 0.433: [CMS-concurrent-sweep-start]
2024-07-23T00:25:51.776+0800: 0.433: [CMS-concurrent-sweep: 0.000/0.000 secs] [Times: user=0.00 sys=0.00, real=0.00 secs] 
2024-07-23T00:25:51.776+0800: 0.433: [CMS-concurrent-reset-start]
2024-07-23T00:25:51.776+0800: 0.434: [CMS-concurrent-reset: 0.000/0.000 secs] [Times: user=0.00 sys=0.00, real=0.00 secs] 
{Heap before GC invocations=8 (full 14):
 par new generation   total 157248K, used 0K [0x00000000e0000000, 0x00000000eaaa0000, 0x00000000eaaa0000)
  eden space 139776K,   0% used [0x00000000e0000000, 0x00000000e0000000, 0x00000000e8880000)
  from space 17472K,   0% used [0x00000000e8880000, 0x00000000e8880000, 0x00000000e9990000)
  to   space 17472K,   0% used [0x00000000e9990000, 0x00000000e9990000, 0x00000000eaaa0000)
 concurrent mark-sweep generation total 349568K, used 205523K [0x00000000eaaa0000, 0x0000000100000000, 0x0000000100000000)
 Metaspace       used 3459K, capacity 4496K, committed 4864K, reserved 1056768K
  class space    used 373K, capacity 388K, committed 512K, reserved 1048576K
2024-07-23T00:25:51.799+0800: 0.456: [GC (Allocation Failure) 2024-07-23T00:25:51.799+0800: 0.456: [ParNew
Desired survivor size 8945664 bytes, new threshold 6 (max 6)
: 0K->0K(157248K), 0.0005579 secs]2024-07-23T00:25:51.800+0800: 0.457: [CMS: 205523K->723K(349568K), 0.0017501 secs] 205523K->723K(506816K), [Metaspace: 3459K->3459K(1056768K)], 0.0024152 secs] [Times: user=0.00 sys=0.00, real=0.00 secs] 
Heap after GC invocations=9 (full 15):
 par new generation   total 157248K, used 0K [0x00000000e0000000, 0x00000000eaaa0000, 0x00000000eaaa0000)
  eden space 139776K,   0% used [0x00000000e0000000, 0x00000000e0000000, 0x00000000e8880000)
  from space 17472K,   0% used [0x00000000e9990000, 0x00000000e9990000, 0x00000000eaaa0000)
  to   space 17472K,   0% used [0x00000000e8880000, 0x00000000e8880000, 0x00000000e9990000)
 concurrent mark-sweep generation total 349568K, used 723K [0x00000000eaaa0000, 0x0000000100000000, 0x0000000100000000)
 Metaspace       used 3459K, capacity 4496K, committed 4864K, reserved 1056768K
  class space    used 373K, capacity 388K, committed 512K, reserved 1048576K
}
2024-07-23T00:25:51.801+0800: 0.459: Total time for which application threads were stopped: 0.0025583 seconds, Stopping threads took: 0.0000294 seconds
2024-07-23T00:25:51.819+0800: 0.476: [GC (CMS Initial Mark) [1 CMS-initial-mark: 205523K(349568K)] 205523K(506816K), 0.0002809 secs] [Times: user=0.00 sys=0.00, real=0.00 secs] 
2024-07-23T00:25:51.819+0800: 0.477: Total time for which application threads were stopped: 0.0176905 seconds, Stopping threads took: 0.0173464 seconds
2024-07-23T00:25:51.819+0800: 0.477: [CMS-concurrent-mark-start]
2024-07-23T00:25:51.820+0800: 0.477: [CMS-concurrent-mark: 0.001/0.001 secs] [Times: user=0.00 sys=0.00, real=0.00 secs] 
2024-07-23T00:25:51.820+0800: 0.477: [CMS-concurrent-preclean-start]
2024-07-23T00:25:51.820+0800: 0.478: [CMS-concurrent-preclean: 0.000/0.000 secs] [Times: user=0.00 sys=0.00, real=0.00 secs] 
2024-07-23T00:25:51.820+0800: 0.478: [GC (CMS Final Remark) [YG occupancy: 0 K (157248 K)]2024-07-23T00:25:51.820+0800: 0.478: [Rescan (parallel) , 0.0002883 secs]2024-07-23T00:25:51.821+0800: 0.478: [weak refs processing, 0.0000083 secs]2024-07-23T00:25:51.821+0800: 0.478: [class unloading, 0.0001573 secs]2024-07-23T00:25:51.821+0800: 0.478: [scrub symbol table, 0.0002481 secs]2024-07-23T00:25:51.821+0800: 0.479: [scrub string table, 0.0000673 secs][1 CMS-remark: 205523K(349568K)] 205523K(506816K), 0.0008123 secs] [Times: user=0.00 sys=0.00, real=0.00 secs] 
2024-07-23T00:25:51.821+0800: 0.479: Total time for which application threads were stopped: 0.0008560 seconds, Stopping threads took: 0.0000176 seconds
2024-07-23T00:25:51.821+0800: 0.479: [CMS-concurrent-sweep-start]
2024-07-23T00:25:51.821+0800: 0.479: [CMS-concurrent-sweep: 0.000/0.000 secs] [Times: user=0.00 sys=0.00, real=0.00 secs] 
2024-07-23T00:25:51.821+0800: 0.479: [CMS-concurrent-reset-start]
2024-07-23T00:25:51.822+0800: 0.479: [CMS-concurrent-reset: 0.000/0.000 secs] [Times: user=0.00 sys=0.00, real=0.00 secs] 
{Heap before GC invocations=9 (full 16):
 par new generation   total 157248K, used 0K [0x00000000e0000000, 0x00000000eaaa0000, 0x00000000eaaa0000)
  eden space 139776K,   0% used [0x00000000e0000000, 0x00000000e0000000, 0x00000000e8880000)
  from space 17472K,   0% used [0x00000000e9990000, 0x00000000e9990000, 0x00000000eaaa0000)
  to   space 17472K,   0% used [0x00000000e8880000, 0x00000000e8880000, 0x00000000e9990000)
 concurrent mark-sweep generation total 349568K, used 205523K [0x00000000eaaa0000, 0x0000000100000000, 0x0000000100000000)
 Metaspace       used 3459K, capacity 4496K, committed 4864K, reserved 1056768K
  class space    used 373K, capacity 388K, committed 512K, reserved 1048576K
2024-07-23T00:25:51.845+0800: 0.502: [GC (Allocation Failure) 2024-07-23T00:25:51.845+0800: 0.502: [ParNew
Desired survivor size 8945664 bytes, new threshold 6 (max 6)
: 0K->0K(157248K), 0.0004993 secs]2024-07-23T00:25:51.845+0800: 0.503: [CMS: 205523K->723K(349568K), 0.0018937 secs] 205523K->723K(506816K), [Metaspace: 3459K->3459K(1056768K)], 0.0025030 secs] [Times: user=0.00 sys=0.00, real=0.00 secs] 
Heap after GC invocations=10 (full 17):
 par new generation   total 157248K, used 0K [0x00000000e0000000, 0x00000000eaaa0000, 0x00000000eaaa0000)
  eden space 139776K,   0% used [0x00000000e0000000, 0x00000000e0000000, 0x00000000e8880000)
  from space 17472K,   0% used [0x00000000e8880000, 0x00000000e8880000, 0x00000000e9990000)
  to   space 17472K,   0% used [0x00000000e9990000, 0x00000000e9990000, 0x00000000eaaa0000)
 concurrent mark-sweep generation total 349568K, used 723K [0x00000000eaaa0000, 0x0000000100000000, 0x0000000100000000)
 Metaspace       used 3459K, capacity 4496K, committed 4864K, reserved 1056768K
  class space    used 373K, capacity 388K, committed 512K, reserved 1048576K
}
2024-07-23T00:25:51.847+0800: 0.504: Total time for which application threads were stopped: 0.0026421 seconds, Stopping threads took: 0.0000297 seconds
2024-07-23T00:25:51.866+0800: 0.523: [GC (CMS Initial Mark) [1 CMS-initial-mark: 205523K(349568K)] 205523K(506816K), 0.0002049 secs] [Times: user=0.00 sys=0.00, real=0.00 secs] 
2024-07-23T00:25:51.866+0800: 0.523: Total time for which application threads were stopped: 0.0185150 seconds, Stopping threads took: 0.0182512 seconds
2024-07-23T00:25:51.866+0800: 0.523: [CMS-concurrent-mark-start]
2024-07-23T00:25:51.867+0800: 0.524: [CMS-concurrent-mark: 0.001/0.001 secs] [Times: user=0.00 sys=0.00, real=0.00 secs] 
2024-07-23T00:25:51.867+0800: 0.524: [CMS-concurrent-preclean-start]
2024-07-23T00:25:51.867+0800: 0.524: [CMS-concurrent-preclean: 0.000/0.000 secs] [Times: user=0.00 sys=0.00, real=0.00 secs] 
2024-07-23T00:25:51.867+0800: 0.524: [GC (CMS Final Remark) [YG occupancy: 0 K (157248 K)]2024-07-23T00:25:51.867+0800: 0.524: [Rescan (parallel) , 0.0001853 secs]2024-07-23T00:25:51.868+0800: 0.524: [weak refs processing, 0.0000070 secs]2024-07-23T00:25:51.868+0800: 0.524: [class unloading, 0.0001560 secs]2024-07-23T00:25:51.868+0800: 0.525: [scrub symbol table, 0.0002648 secs]2024-07-23T00:25:51.868+0800: 0.525: [scrub string table, 0.0000663 secs][1 CMS-remark: 205523K(349568K)] 205523K(506816K), 0.0007167 secs] [Times: user=0.00 sys=0.00, real=0.00 secs] 
2024-07-23T00:25:51.868+0800: 0.525: Total time for which application threads were stopped: 0.0007468 seconds, Stopping threads took: 0.0000090 seconds
2024-07-23T00:25:51.868+0800: 0.525: [CMS-concurrent-sweep-start]
2024-07-23T00:25:51.868+0800: 0.525: [CMS-concurrent-sweep: 0.000/0.000 secs] [Times: user=0.00 sys=0.00, real=0.00 secs] 
2024-07-23T00:25:51.868+0800: 0.525: [CMS-concurrent-reset-start]
2024-07-23T00:25:51.869+0800: 0.525: [CMS-concurrent-reset: 0.000/0.000 secs] [Times: user=0.00 sys=0.00, real=0.00 secs] 
{Heap before GC invocations=10 (full 18):
 par new generation   total 157248K, used 0K [0x00000000e0000000, 0x00000000eaaa0000, 0x00000000eaaa0000)
  eden space 139776K,   0% used [0x00000000e0000000, 0x00000000e0000000, 0x00000000e8880000)
  from space 17472K,   0% used [0x00000000e8880000, 0x00000000e8880000, 0x00000000e9990000)
  to   space 17472K,   0% used [0x00000000e9990000, 0x00000000e9990000, 0x00000000eaaa0000)
 concurrent mark-sweep generation total 349568K, used 205523K [0x00000000eaaa0000, 0x0000000100000000, 0x0000000100000000)
 Metaspace       used 3459K, capacity 4496K, committed 4864K, reserved 1056768K
  class space    used 373K, capacity 388K, committed 512K, reserved 1048576K
2024-07-23T00:25:51.890+0800: 0.547: [GC (Allocation Failure) 2024-07-23T00:25:51.890+0800: 0.547: [ParNew
Desired survivor size 8945664 bytes, new threshold 6 (max 6)
: 0K->0K(157248K), 0.0007458 secs]2024-07-23T00:25:51.891+0800: 0.548: [CMS: 205523K->723K(349568K), 0.0015623 secs] 205523K->723K(506816K), [Metaspace: 3459K->3459K(1056768K)], 0.0023916 secs] [Times: user=0.00 sys=0.00, real=0.00 secs] 
Heap after GC invocations=11 (full 19):
 par new generation   total 157248K, used 0K [0x00000000e0000000, 0x00000000eaaa0000, 0x00000000eaaa0000)
  eden space 139776K,   0% used [0x00000000e0000000, 0x00000000e0000000, 0x00000000e8880000)
  from space 17472K,   0% used [0x00000000e9990000, 0x00000000e9990000, 0x00000000eaaa0000)
  to   space 17472K,   0% used [0x00000000e8880000, 0x00000000e8880000, 0x00000000e9990000)
 concurrent mark-sweep generation total 349568K, used 723K [0x00000000eaaa0000, 0x0000000100000000, 0x0000000100000000)
 Metaspace       used 3459K, capacity 4496K, committed 4864K, reserved 1056768K
  class space    used 373K, capacity 388K, committed 512K, reserved 1048576K
}
2024-07-23T00:25:51.892+0800: 0.550: Total time for which application threads were stopped: 0.0025273 seconds, Stopping threads took: 0.0000281 seconds
2024-07-23T00:25:51.910+0800: 0.568: [GC (CMS Initial Mark) [1 CMS-initial-mark: 205523K(349568K)] 205523K(506816K), 0.0004386 secs] [Times: user=0.00 sys=0.00, real=0.00 secs] 
2024-07-23T00:25:51.911+0800: 0.568: Total time for which application threads were stopped: 0.0181574 seconds, Stopping threads took: 0.0176487 seconds
2024-07-23T00:25:51.911+0800: 0.568: [CMS-concurrent-mark-start]
2024-07-23T00:25:51.911+0800: 0.569: [CMS-concurrent-mark: 0.001/0.001 secs] [Times: user=0.00 sys=0.00, real=0.00 secs] 
2024-07-23T00:25:51.911+0800: 0.569: [CMS-concurrent-preclean-start]
2024-07-23T00:25:51.912+0800: 0.569: [CMS-concurrent-preclean: 0.000/0.000 secs] [Times: user=0.00 sys=0.00, real=0.00 secs] 
2024-07-23T00:25:51.912+0800: 0.569: [GC (CMS Final Remark) [YG occupancy: 0 K (157248 K)]2024-07-23T00:25:51.912+0800: 0.569: [Rescan (parallel) , 0.0002027 secs]2024-07-23T00:25:51.912+0800: 0.569: [weak refs processing, 0.0000085 secs]2024-07-23T00:25:51.912+0800: 0.569: [class unloading, 0.0001496 secs]2024-07-23T00:25:51.912+0800: 0.570: [scrub symbol table, 0.0002474 secs]2024-07-23T00:25:51.912+0800: 0.570: [scrub string table, 0.0000639 secs][1 CMS-remark: 205523K(349568K)] 205523K(506816K), 0.0007170 secs] [Times: user=0.00 sys=0.00, real=0.00 secs] 
2024-07-23T00:25:51.912+0800: 0.570: Total time for which application threads were stopped: 0.0007516 seconds, Stopping threads took: 0.0000096 seconds
2024-07-23T00:25:51.912+0800: 0.570: [CMS-concurrent-sweep-start]
2024-07-23T00:25:51.913+0800: 0.570: [CMS-concurrent-sweep: 0.000/0.000 secs] [Times: user=0.00 sys=0.00, real=0.00 secs] 
2024-07-23T00:25:51.913+0800: 0.570: [CMS-concurrent-reset-start]
2024-07-23T00:25:51.913+0800: 0.570: [CMS-concurrent-reset: 0.000/0.000 secs] [Times: user=0.00 sys=0.00, real=0.00 secs] 
{Heap before GC invocations=11 (full 20):
 par new generation   total 157248K, used 0K [0x00000000e0000000, 0x00000000eaaa0000, 0x00000000eaaa0000)
  eden space 139776K,   0% used [0x00000000e0000000, 0x00000000e0000000, 0x00000000e8880000)
  from space 17472K,   0% used [0x00000000e9990000, 0x00000000e9990000, 0x00000000eaaa0000)
  to   space 17472K,   0% used [0x00000000e8880000, 0x00000000e8880000, 0x00000000e9990000)
 concurrent mark-sweep generation total 349568K, used 205523K [0x00000000eaaa0000, 0x0000000100000000, 0x0000000100000000)
 Metaspace       used 3459K, capacity 4496K, committed 4864K, reserved 1056768K
  class space    used 373K, capacity 388K, committed 512K, reserved 1048576K
2024-07-23T00:25:51.922+0800: 0.579: [GC (Allocation Failure) 2024-07-23T00:25:51.922+0800: 0.579: [ParNew
Desired survivor size 8945664 bytes, new threshold 6 (max 6)
: 0K->0K(157248K), 0.0005623 secs]2024-07-23T00:25:51.922+0800: 0.579: [CMS: 205523K->723K(349568K), 0.0018235 secs] 205523K->723K(506816K), [Metaspace: 3459K->3459K(1056768K)], 0.0024681 secs] [Times: user=0.00 sys=0.00, real=0.00 secs] 
Heap after GC invocations=12 (full 21):
 par new generation   total 157248K, used 0K [0x00000000e0000000, 0x00000000eaaa0000, 0x00000000eaaa0000)
  eden space 139776K,   0% used [0x00000000e0000000, 0x00000000e0000000, 0x00000000e8880000)
  from space 17472K,   0% used [0x00000000e8880000, 0x00000000e8880000, 0x00000000e9990000)
  to   space 17472K,   0% used [0x00000000e9990000, 0x00000000e9990000, 0x00000000eaaa0000)
 concurrent mark-sweep generation total 349568K, used 723K [0x00000000eaaa0000, 0x0000000100000000, 0x0000000100000000)
 Metaspace       used 3459K, capacity 4496K, committed 4864K, reserved 1056768K
  class space    used 373K, capacity 388K, committed 512K, reserved 1048576K
}
2024-07-23T00:25:51.924+0800: 0.581: Total time for which application threads were stopped: 0.0026268 seconds, Stopping threads took: 0.0000280 seconds
2024-07-23T00:25:51.942+0800: 0.600: [GC (CMS Initial Mark) [1 CMS-initial-mark: 205523K(349568K)] 205523K(506816K), 0.0002038 secs] [Times: user=0.00 sys=0.00, real=0.00 secs] 
2024-07-23T00:25:51.943+0800: 0.600: Total time for which application threads were stopped: 0.0187230 seconds, Stopping threads took: 0.0184454 seconds
2024-07-23T00:25:51.943+0800: 0.600: [CMS-concurrent-mark-start]
2024-07-23T00:25:51.943+0800: 0.601: [CMS-concurrent-mark: 0.001/0.001 secs] [Times: user=0.00 sys=0.00, real=0.00 secs] 
2024-07-23T00:25:51.943+0800: 0.601: [CMS-concurrent-preclean-start]
2024-07-23T00:25:51.944+0800: 0.601: [CMS-concurrent-preclean: 0.000/0.000 secs] [Times: user=0.00 sys=0.00, real=0.00 secs] 
2024-07-23T00:25:51.944+0800: 0.601: [GC (CMS Final Remark) [YG occupancy: 0 K (157248 K)]2024-07-23T00:25:51.944+0800: 0.601: [Rescan (parallel) , 0.0001254 secs]2024-07-23T00:25:51.944+0800: 0.601: [weak refs processing, 0.0000064 secs]2024-07-23T00:25:51.944+0800: 0.601: [class unloading, 0.0001517 secs]2024-07-23T00:25:51.944+0800: 0.601: [scrub symbol table, 0.0002555 secs]2024-07-23T00:25:51.944+0800: 0.602: [scrub string table, 0.0000640 secs][1 CMS-remark: 205523K(349568K)] 205523K(506816K), 0.0006408 secs] [Times: user=0.00 sys=0.00, real=0.00 secs] 
2024-07-23T00:25:51.944+0800: 0.602: Total time for which application threads were stopped: 0.0006698 seconds, Stopping threads took: 0.0000092 seconds
2024-07-23T00:25:51.944+0800: 0.602: [CMS-concurrent-sweep-start]
2024-07-23T00:25:51.944+0800: 0.602: [CMS-concurrent-sweep: 0.000/0.000 secs] [Times: user=0.00 sys=0.00, real=0.00 secs] 
2024-07-23T00:25:51.944+0800: 0.602: [CMS-concurrent-reset-start]
2024-07-23T00:25:51.945+0800: 0.602: [CMS-concurrent-reset: 0.000/0.000 secs] [Times: user=0.00 sys=0.00, real=0.00 secs] 
{Heap before GC invocations=12 (full 22):
 par new generation   total 157248K, used 0K [0x00000000e0000000, 0x00000000eaaa0000, 0x00000000eaaa0000)
  eden space 139776K,   0% used [0x00000000e0000000, 0x00000000e0000000, 0x00000000e8880000)
  from space 17472K,   0% used [0x00000000e8880000, 0x00000000e8880000, 0x00000000e9990000)
  to   space 17472K,   0% used [0x00000000e9990000, 0x00000000e9990000, 0x00000000eaaa0000)
 concurrent mark-sweep generation total 349568K, used 205523K [0x00000000eaaa0000, 0x0000000100000000, 0x0000000100000000)
 Metaspace       used 3459K, capacity 4496K, committed 4864K, reserved 1056768K
  class space    used 373K, capacity 388K, committed 512K, reserved 1048576K
2024-07-23T00:25:51.968+0800: 0.625: [GC (Allocation Failure) 2024-07-23T00:25:51.968+0800: 0.625: [ParNew
Desired survivor size 8945664 bytes, new threshold 6 (max 6)
: 0K->0K(157248K), 0.0005404 secs]2024-07-23T00:25:51.968+0800: 0.626: [CMS: 205523K->723K(349568K), 0.0021573 secs] 205523K->723K(506816K), [Metaspace: 3459K->3459K(1056768K)], 0.0028099 secs] [Times: user=0.00 sys=0.00, real=0.00 secs] 
Heap after GC invocations=13 (full 23):
 par new generation   total 157248K, used 0K [0x00000000e0000000, 0x00000000eaaa0000, 0x00000000eaaa0000)
  eden space 139776K,   0% used [0x00000000e0000000, 0x00000000e0000000, 0x00000000e8880000)
  from space 17472K,   0% used [0x00000000e9990000, 0x00000000e9990000, 0x00000000eaaa0000)
  to   space 17472K,   0% used [0x00000000e8880000, 0x00000000e8880000, 0x00000000e9990000)
 concurrent mark-sweep generation total 349568K, used 723K [0x00000000eaaa0000, 0x0000000100000000, 0x0000000100000000)
 Metaspace       used 3459K, capacity 4496K, committed 4864K, reserved 1056768K
  class space    used 373K, capacity 388K, committed 512K, reserved 1048576K
}
2024-07-23T00:25:51.971+0800: 0.628: Total time for which application threads were stopped: 0.0030075 seconds, Stopping threads took: 0.0000301 seconds
2024-07-23T00:25:51.989+0800: 0.646: [GC (CMS Initial Mark) [1 CMS-initial-mark: 205523K(349568K)] 205523K(506816K), 0.0002456 secs] [Times: user=0.00 sys=0.00, real=0.00 secs] 
2024-07-23T00:25:51.989+0800: 0.647: Total time for which application threads were stopped: 0.0185010 seconds, Stopping threads took: 0.0182055 seconds
2024-07-23T00:25:51.989+0800: 0.647: [CMS-concurrent-mark-start]
2024-07-23T00:25:51.990+0800: 0.648: [CMS-concurrent-mark: 0.001/0.001 secs] [Times: user=0.00 sys=0.00, real=0.00 secs] 
2024-07-23T00:25:51.990+0800: 0.648: [CMS-concurrent-preclean-start]
2024-07-23T00:25:51.991+0800: 0.648: [CMS-concurrent-preclean: 0.000/0.000 secs] [Times: user=0.00 sys=0.00, real=0.00 secs] 
2024-07-23T00:25:51.991+0800: 0.648: [GC (CMS Final Remark) [YG occupancy: 0 K (157248 K)]2024-07-23T00:25:51.991+0800: 0.648: [Rescan (parallel) , 0.0002592 secs]2024-07-23T00:25:51.991+0800: 0.648: [weak refs processing, 0.0000142 secs]2024-07-23T00:25:51.991+0800: 0.648: [class unloading, 0.0002318 secs]2024-07-23T00:25:51.991+0800: 0.649: [scrub symbol table, 0.0003418 secs]2024-07-23T00:25:51.992+0800: 0.649: [scrub string table, 0.0000980 secs][1 CMS-remark: 205523K(349568K)] 205523K(506816K), 0.0010232 secs] [Times: user=0.00 sys=0.00, real=0.00 secs] 
2024-07-23T00:25:51.992+0800: 0.649: Total time for which application threads were stopped: 0.0010756 seconds, Stopping threads took: 0.0000151 seconds
2024-07-23T00:25:51.992+0800: 0.649: [CMS-concurrent-sweep-start]
2024-07-23T00:25:51.992+0800: 0.649: [CMS-concurrent-sweep: 0.000/0.000 secs] [Times: user=0.00 sys=0.00, real=0.00 secs] 
2024-07-23T00:25:51.992+0800: 0.649: [CMS-concurrent-reset-start]
2024-07-23T00:25:51.993+0800: 0.650: [CMS-concurrent-reset: 0.000/0.000 secs] [Times: user=0.00 sys=0.00, real=0.00 secs] 
{Heap before GC invocations=13 (full 24):
 par new generation   total 157248K, used 0K [0x00000000e0000000, 0x00000000eaaa0000, 0x00000000eaaa0000)
  eden space 139776K,   0% used [0x00000000e0000000, 0x00000000e0000000, 0x00000000e8880000)
  from space 17472K,   0% used [0x00000000e9990000, 0x00000000e9990000, 0x00000000eaaa0000)
  to   space 17472K,   0% used [0x00000000e8880000, 0x00000000e8880000, 0x00000000e9990000)
 concurrent mark-sweep generation total 349568K, used 205523K [0x00000000eaaa0000, 0x0000000100000000, 0x0000000100000000)
 Metaspace       used 3459K, capacity 4496K, committed 4864K, reserved 1056768K
  class space    used 373K, capacity 388K, committed 512K, reserved 1048576K
2024-07-23T00:25:52.014+0800: 0.671: [GC (Allocation Failure) 2024-07-23T00:25:52.014+0800: 0.671: [ParNew
Desired survivor size 8945664 bytes, new threshold 6 (max 6)
: 0K->0K(157248K), 0.0004942 secs]2024-07-23T00:25:52.014+0800: 0.672: [CMS: 205523K->723K(349568K), 0.0023047 secs] 205523K->723K(506816K), [Metaspace: 3459K->3459K(1056768K)], 0.0029350 secs] [Times: user=0.00 sys=0.00, real=0.00 secs] 
Heap after GC invocations=14 (full 25):
 par new generation   total 157248K, used 0K [0x00000000e0000000, 0x00000000eaaa0000, 0x00000000eaaa0000)
  eden space 139776K,   0% used [0x00000000e0000000, 0x00000000e0000000, 0x00000000e8880000)
  from space 17472K,   0% used [0x00000000e8880000, 0x00000000e8880000, 0x00000000e9990000)
  to   space 17472K,   0% used [0x00000000e9990000, 0x00000000e9990000, 0x00000000eaaa0000)
 concurrent mark-sweep generation total 349568K, used 723K [0x00000000eaaa0000, 0x0000000100000000, 0x0000000100000000)
 Metaspace       used 3459K, capacity 4496K, committed 4864K, reserved 1056768K
  class space    used 373K, capacity 388K, committed 512K, reserved 1048576K
}
2024-07-23T00:25:52.017+0800: 0.674: Total time for which application threads were stopped: 0.0031382 seconds, Stopping threads took: 0.0000470 seconds
2024-07-23T00:25:52.037+0800: 0.694: [GC (CMS Initial Mark) [1 CMS-initial-mark: 205523K(349568K)] 205523K(506816K), 0.0002158 secs] [Times: user=0.00 sys=0.00, real=0.00 secs] 
2024-07-23T00:25:52.037+0800: 0.694: Total time for which application threads were stopped: 0.0197413 seconds, Stopping threads took: 0.0194652 seconds
2024-07-23T00:25:52.037+0800: 0.694: [CMS-concurrent-mark-start]
2024-07-23T00:25:52.038+0800: 0.695: [CMS-concurrent-mark: 0.001/0.001 secs] [Times: user=0.00 sys=0.00, real=0.00 secs] 
2024-07-23T00:25:52.038+0800: 0.695: [CMS-concurrent-preclean-start]
2024-07-23T00:25:52.038+0800: 0.695: [CMS-concurrent-preclean: 0.000/0.000 secs] [Times: user=0.00 sys=0.00, real=0.00 secs] 
2024-07-23T00:25:52.038+0800: 0.696: [GC (CMS Final Remark) [YG occupancy: 0 K (157248 K)]2024-07-23T00:25:52.038+0800: 0.696: [Rescan (parallel) , 0.0003489 secs]2024-07-23T00:25:52.038+0800: 0.696: [weak refs processing, 0.0000067 secs]2024-07-23T00:25:52.038+0800: 0.696: [class unloading, 0.0001633 secs]2024-07-23T00:25:52.039+0800: 0.696: [scrub symbol table, 0.0002720 secs]2024-07-23T00:25:52.039+0800: 0.696: [scrub string table, 0.0000674 secs][1 CMS-remark: 205523K(349568K)] 205523K(506816K), 0.0008959 secs] [Times: user=0.00 sys=0.00, real=0.00 secs] 
2024-07-23T00:25:52.039+0800: 0.696: Total time for which application threads were stopped: 0.0009279 seconds, Stopping threads took: 0.0000102 seconds
2024-07-23T00:25:52.039+0800: 0.696: [CMS-concurrent-sweep-start]
2024-07-23T00:25:52.039+0800: 0.697: [CMS-concurrent-sweep: 0.000/0.000 secs] [Times: user=0.00 sys=0.00, real=0.00 secs] 
2024-07-23T00:25:52.039+0800: 0.697: [CMS-concurrent-reset-start]
2024-07-23T00:25:52.040+0800: 0.697: [CMS-concurrent-reset: 0.000/0.000 secs] [Times: user=0.00 sys=0.00, real=0.00 secs] 
{Heap before GC invocations=14 (full 26):
 par new generation   total 157248K, used 0K [0x00000000e0000000, 0x00000000eaaa0000, 0x00000000eaaa0000)
  eden space 139776K,   0% used [0x00000000e0000000, 0x00000000e0000000, 0x00000000e8880000)
  from space 17472K,   0% used [0x00000000e8880000, 0x00000000e8880000, 0x00000000e9990000)
  to   space 17472K,   0% used [0x00000000e9990000, 0x00000000e9990000, 0x00000000eaaa0000)
 concurrent mark-sweep generation total 349568K, used 205523K [0x00000000eaaa0000, 0x0000000100000000, 0x0000000100000000)
 Metaspace       used 3459K, capacity 4496K, committed 4864K, reserved 1056768K
  class space    used 373K, capacity 388K, committed 512K, reserved 1048576K
2024-07-23T00:25:52.061+0800: 0.718: [GC (Allocation Failure) 2024-07-23T00:25:52.061+0800: 0.718: [ParNew
Desired survivor size 8945664 bytes, new threshold 6 (max 6)
: 0K->0K(157248K), 0.0006377 secs]2024-07-23T00:25:52.062+0800: 0.719: [CMS: 205523K->723K(349568K), 0.0020897 secs] 205523K->723K(506816K), [Metaspace: 3459K->3459K(1056768K)], 0.0028617 secs] [Times: user=0.02 sys=0.00, real=0.00 secs] 
Heap after GC invocations=15 (full 27):
 par new generation   total 157248K, used 0K [0x00000000e0000000, 0x00000000eaaa0000, 0x00000000eaaa0000)
  eden space 139776K,   0% used [0x00000000e0000000, 0x00000000e0000000, 0x00000000e8880000)
  from space 17472K,   0% used [0x00000000e9990000, 0x00000000e9990000, 0x00000000eaaa0000)
  to   space 17472K,   0% used [0x00000000e8880000, 0x00000000e8880000, 0x00000000e9990000)
 concurrent mark-sweep generation total 349568K, used 723K [0x00000000eaaa0000, 0x0000000100000000, 0x0000000100000000)
 Metaspace       used 3459K, capacity 4496K, committed 4864K, reserved 1056768K
  class space    used 373K, capacity 388K, committed 512K, reserved 1048576K
}
2024-07-23T00:25:52.064+0800: 0.721: Total time for which application threads were stopped: 0.0029930 seconds, Stopping threads took: 0.0000217 seconds
2024-07-23T00:25:52.083+0800: 0.741: [GC (CMS Initial Mark) [1 CMS-initial-mark: 205523K(349568K)] 205523K(506816K), 0.0002158 secs] [Times: user=0.00 sys=0.00, real=0.00 secs] 
2024-07-23T00:25:52.084+0800: 0.741: Total time for which application threads were stopped: 0.0195794 seconds, Stopping threads took: 0.0192881 seconds
2024-07-23T00:25:52.084+0800: 0.741: [CMS-concurrent-mark-start]
2024-07-23T00:25:52.085+0800: 0.742: [CMS-concurrent-mark: 0.001/0.001 secs] [Times: user=0.00 sys=0.00, real=0.00 secs] 
2024-07-23T00:25:52.085+0800: 0.742: [CMS-concurrent-preclean-start]
2024-07-23T00:25:52.085+0800: 0.742: [CMS-concurrent-preclean: 0.000/0.000 secs] [Times: user=0.00 sys=0.00, real=0.00 secs] 
2024-07-23T00:25:52.085+0800: 0.742: [GC (CMS Final Remark) [YG occupancy: 0 K (157248 K)]2024-07-23T00:25:52.085+0800: 0.742: [Rescan (parallel) , 0.0003466 secs]2024-07-23T00:25:52.085+0800: 0.743: [weak refs processing, 0.0000244 secs]2024-07-23T00:25:52.085+0800: 0.743: [class unloading, 0.0002578 secs]2024-07-23T00:25:52.086+0800: 0.743: [scrub symbol table, 0.0003761 secs]2024-07-23T00:25:52.086+0800: 0.743: [scrub string table, 0.0000939 secs][1 CMS-remark: 205523K(349568K)] 205523K(506816K), 0.0011840 secs] [Times: user=0.00 sys=0.00, real=0.00 secs] 
2024-07-23T00:25:52.086+0800: 0.744: Total time for which application threads were stopped: 0.0012697 seconds, Stopping threads took: 0.0000306 seconds
2024-07-23T00:25:52.086+0800: 0.744: [CMS-concurrent-sweep-start]
2024-07-23T00:25:52.086+0800: 0.744: [CMS-concurrent-sweep: 0.000/0.000 secs] [Times: user=0.00 sys=0.00, real=0.00 secs] 
2024-07-23T00:25:52.086+0800: 0.744: [CMS-concurrent-reset-start]
2024-07-23T00:25:52.087+0800: 0.744: [CMS-concurrent-reset: 0.001/0.001 secs] [Times: user=0.00 sys=0.00, real=0.00 secs] 
{Heap before GC invocations=15 (full 28):
 par new generation   total 157248K, used 0K [0x00000000e0000000, 0x00000000eaaa0000, 0x00000000eaaa0000)
  eden space 139776K,   0% used [0x00000000e0000000, 0x00000000e0000000, 0x00000000e8880000)
  from space 17472K,   0% used [0x00000000e9990000, 0x00000000e9990000, 0x00000000eaaa0000)
  to   space 17472K,   0% used [0x00000000e8880000, 0x00000000e8880000, 0x00000000e9990000)
 concurrent mark-sweep generation total 349568K, used 205523K [0x00000000eaaa0000, 0x0000000100000000, 0x0000000100000000)
 Metaspace       used 3459K, capacity 4496K, committed 4864K, reserved 1056768K
  class space    used 373K, capacity 388K, committed 512K, reserved 1048576K
2024-07-23T00:25:52.109+0800: 0.766: [GC (Allocation Failure) 2024-07-23T00:25:52.109+0800: 0.766: [ParNew
Desired survivor size 8945664 bytes, new threshold 6 (max 6)
: 0K->0K(157248K), 0.0005731 secs]2024-07-23T00:25:52.110+0800: 0.767: [CMS: 205523K->723K(349568K), 0.0020527 secs] 205523K->723K(506816K), [Metaspace: 3459K->3459K(1056768K)], 0.0027657 secs] [Times: user=0.02 sys=0.00, real=0.00 secs] 
Heap after GC invocations=16 (full 29):
 par new generation   total 157248K, used 0K [0x00000000e0000000, 0x00000000eaaa0000, 0x00000000eaaa0000)
  eden space 139776K,   0% used [0x00000000e0000000, 0x00000000e0000000, 0x00000000e8880000)
  from space 17472K,   0% used [0x00000000e8880000, 0x00000000e8880000, 0x00000000e9990000)
  to   space 17472K,   0% used [0x00000000e9990000, 0x00000000e9990000, 0x00000000eaaa0000)
 concurrent mark-sweep generation total 349568K, used 723K [0x00000000eaaa0000, 0x0000000100000000, 0x0000000100000000)
 Metaspace       used 3459K, capacity 4496K, committed 4864K, reserved 1056768K
  class space    used 373K, capacity 388K, committed 512K, reserved 1048576K
}
2024-07-23T00:25:52.112+0800: 0.769: Total time for which application threads were stopped: 0.0029597 seconds, Stopping threads took: 0.0000320 seconds
2024-07-23T00:25:52.131+0800: 0.789: [GC (CMS Initial Mark) [1 CMS-initial-mark: 205523K(349568K)] 205523K(506816K), 0.0008157 secs] [Times: user=0.00 sys=0.00, real=0.00 secs] 
2024-07-23T00:25:52.132+0800: 0.790: Total time for which application threads were stopped: 0.0209720 seconds, Stopping threads took: 0.0200868 seconds
2024-07-23T00:25:52.132+0800: 0.790: [CMS-concurrent-mark-start]
2024-07-23T00:25:52.133+0800: 0.791: [CMS-concurrent-mark: 0.001/0.001 secs] [Times: user=0.00 sys=0.00, real=0.00 secs] 
2024-07-23T00:25:52.133+0800: 0.791: [CMS-concurrent-preclean-start]
2024-07-23T00:25:52.133+0800: 0.791: [CMS-concurrent-preclean: 0.000/0.000 secs] [Times: user=0.00 sys=0.00, real=0.00 secs] 
2024-07-23T00:25:52.133+0800: 0.791: [GC (CMS Final Remark) [YG occupancy: 0 K (157248 K)]2024-07-23T00:25:52.134+0800: 0.791: [Rescan (parallel) , 0.0002392 secs]2024-07-23T00:25:52.134+0800: 0.791: [weak refs processing, 0.0000092 secs]2024-07-23T00:25:52.134+0800: 0.791: [class unloading, 0.0002058 secs]2024-07-23T00:25:52.134+0800: 0.791: [scrub symbol table, 0.0002862 secs]2024-07-23T00:25:52.134+0800: 0.792: [scrub string table, 0.0000734 secs][1 CMS-remark: 205523K(349568K)] 205523K(506816K), 0.0008661 secs] [Times: user=0.00 sys=0.00, real=0.00 secs] 
2024-07-23T00:25:52.134+0800: 0.792: Total time for which application threads were stopped: 0.0009128 seconds, Stopping threads took: 0.0000144 seconds
2024-07-23T00:25:52.134+0800: 0.792: [CMS-concurrent-sweep-start]
2024-07-23T00:25:52.135+0800: 0.792: [CMS-concurrent-sweep: 0.000/0.000 secs] [Times: user=0.00 sys=0.00, real=0.00 secs] 
2024-07-23T00:25:52.135+0800: 0.792: [CMS-concurrent-reset-start]
2024-07-23T00:25:52.135+0800: 0.792: [CMS-concurrent-reset: 0.000/0.000 secs] [Times: user=0.00 sys=0.00, real=0.00 secs] 
{Heap before GC invocations=16 (full 30):
 par new generation   total 157248K, used 0K [0x00000000e0000000, 0x00000000eaaa0000, 0x00000000eaaa0000)
  eden space 139776K,   0% used [0x00000000e0000000, 0x00000000e0000000, 0x00000000e8880000)
  from space 17472K,   0% used [0x00000000e8880000, 0x00000000e8880000, 0x00000000e9990000)
  to   space 17472K,   0% used [0x00000000e9990000, 0x00000000e9990000, 0x00000000eaaa0000)
 concurrent mark-sweep generation total 349568K, used 205523K [0x00000000eaaa0000, 0x0000000100000000, 0x0000000100000000)
 Metaspace       used 3459K, capacity 4496K, committed 4864K, reserved 1056768K
  class space    used 373K, capacity 388K, committed 512K, reserved 1048576K
2024-07-23T00:25:52.156+0800: 0.813: [GC (Allocation Failure) 2024-07-23T00:25:52.156+0800: 0.813: [ParNew
Desired survivor size 8945664 bytes, new threshold 6 (max 6)
: 0K->0K(157248K), 0.0005887 secs]2024-07-23T00:25:52.156+0800: 0.814: [CMS: 205523K->723K(349568K), 0.0023856 secs] 205523K->723K(506816K), [Metaspace: 3459K->3459K(1056768K)], 0.0031538 secs] [Times: user=0.02 sys=0.00, real=0.00 secs] 
Heap after GC invocations=17 (full 31):
 par new generation   total 157248K, used 0K [0x00000000e0000000, 0x00000000eaaa0000, 0x00000000eaaa0000)
  eden space 139776K,   0% used [0x00000000e0000000, 0x00000000e0000000, 0x00000000e8880000)
  from space 17472K,   0% used [0x00000000e9990000, 0x00000000e9990000, 0x00000000eaaa0000)
  to   space 17472K,   0% used [0x00000000e8880000, 0x00000000e8880000, 0x00000000e9990000)
 concurrent mark-sweep generation total 349568K, used 723K [0x00000000eaaa0000, 0x0000000100000000, 0x0000000100000000)
 Metaspace       used 3459K, capacity 4496K, committed 4864K, reserved 1056768K
  class space    used 373K, capacity 388K, committed 512K, reserved 1048576K
}
2024-07-23T00:25:52.160+0800: 0.817: Total time for which application threads were stopped: 0.0033219 seconds, Stopping threads took: 0.0000271 seconds
2024-07-23T00:25:52.179+0800: 0.835: [GC (CMS Initial Mark) [1 CMS-initial-mark: 205523K(349568K)] 205523K(506816K), 0.0003363 secs] [Times: user=0.00 sys=0.00, real=0.00 secs] 
2024-07-23T00:25:52.179+0800: 0.836: Total time for which application threads were stopped: 0.0191294 seconds, Stopping threads took: 0.0186858 seconds
2024-07-23T00:25:52.179+0800: 0.836: [CMS-concurrent-mark-start]
2024-07-23T00:25:52.180+0800: 0.837: [CMS-concurrent-mark: 0.001/0.001 secs] [Times: user=0.00 sys=0.00, real=0.00 secs] 
2024-07-23T00:25:52.180+0800: 0.837: [CMS-concurrent-preclean-start]
2024-07-23T00:25:52.180+0800: 0.837: [CMS-concurrent-preclean: 0.000/0.000 secs] [Times: user=0.00 sys=0.00, real=0.00 secs] 
2024-07-23T00:25:52.180+0800: 0.837: [GC (CMS Final Remark) [YG occupancy: 0 K (157248 K)]2024-07-23T00:25:52.180+0800: 0.837: [Rescan (parallel) , 0.0002946 secs]2024-07-23T00:25:52.181+0800: 0.838: [weak refs processing, 0.0000098 secs]2024-07-23T00:25:52.181+0800: 0.838: [class unloading, 0.0001768 secs]2024-07-23T00:25:52.181+0800: 0.838: [scrub symbol table, 0.0002920 secs]2024-07-23T00:25:52.181+0800: 0.838: [scrub string table, 0.0000677 secs][1 CMS-remark: 205523K(349568K)] 205523K(506816K), 0.0009001 secs] [Times: user=0.00 sys=0.00, real=0.00 secs] 
2024-07-23T00:25:52.181+0800: 0.838: Total time for which application threads were stopped: 0.0009478 seconds, Stopping threads took: 0.0000170 seconds
2024-07-23T00:25:52.181+0800: 0.838: [CMS-concurrent-sweep-start]
2024-07-23T00:25:52.182+0800: 0.838: [CMS-concurrent-sweep: 0.000/0.000 secs] [Times: user=0.00 sys=0.00, real=0.00 secs] 
2024-07-23T00:25:52.182+0800: 0.838: [CMS-concurrent-reset-start]
2024-07-23T00:25:52.182+0800: 0.839: [CMS-concurrent-reset: 0.000/0.000 secs] [Times: user=0.00 sys=0.00, real=0.00 secs] 
{Heap before GC invocations=17 (full 32):
 par new generation   total 157248K, used 0K [0x00000000e0000000, 0x00000000eaaa0000, 0x00000000eaaa0000)
  eden space 139776K,   0% used [0x00000000e0000000, 0x00000000e0000000, 0x00000000e8880000)
  from space 17472K,   0% used [0x00000000e9990000, 0x00000000e9990000, 0x00000000eaaa0000)
  to   space 17472K,   0% used [0x00000000e8880000, 0x00000000e8880000, 0x00000000e9990000)
 concurrent mark-sweep generation total 349568K, used 205523K [0x00000000eaaa0000, 0x0000000100000000, 0x0000000100000000)
 Metaspace       used 3459K, capacity 4496K, committed 4864K, reserved 1056768K
  class space    used 373K, capacity 388K, committed 512K, reserved 1048576K
2024-07-23T00:25:52.204+0800: 0.861: [GC (Allocation Failure) 2024-07-23T00:25:52.204+0800: 0.861: [ParNew
Desired survivor size 8945664 bytes, new threshold 6 (max 6)
: 0K->0K(157248K), 0.0004699 secs]2024-07-23T00:25:52.204+0800: 0.861: [CMS: 205523K->723K(349568K), 0.0022284 secs] 205523K->723K(506816K), [Metaspace: 3459K->3459K(1056768K)], 0.0028439 secs] [Times: user=0.00 sys=0.00, real=0.00 secs] 
Heap after GC invocations=18 (full 33):
 par new generation   total 157248K, used 0K [0x00000000e0000000, 0x00000000eaaa0000, 0x00000000eaaa0000)
  eden space 139776K,   0% used [0x00000000e0000000, 0x00000000e0000000, 0x00000000e8880000)
  from space 17472K,   0% used [0x00000000e8880000, 0x00000000e8880000, 0x00000000e9990000)
  to   space 17472K,   0% used [0x00000000e9990000, 0x00000000e9990000, 0x00000000eaaa0000)
 concurrent mark-sweep generation total 349568K, used 723K [0x00000000eaaa0000, 0x0000000100000000, 0x0000000100000000)
 Metaspace       used 3459K, capacity 4496K, committed 4864K, reserved 1056768K
  class space    used 373K, capacity 388K, committed 512K, reserved 1048576K
}
2024-07-23T00:25:52.207+0800: 0.863: Total time for which application threads were stopped: 0.0030073 seconds, Stopping threads took: 0.0000360 seconds
2024-07-23T00:25:52.226+0800: 0.882: [GC (CMS Initial Mark) [1 CMS-initial-mark: 205523K(349568K)] 205523K(506816K), 0.0002281 secs] [Times: user=0.00 sys=0.00, real=0.00 secs] 
2024-07-23T00:25:52.226+0800: 0.883: Total time for which application threads were stopped: 0.0192182 seconds, Stopping threads took: 0.0189252 seconds
2024-07-23T00:25:52.226+0800: 0.883: [CMS-concurrent-mark-start]
2024-07-23T00:25:52.227+0800: 0.884: [CMS-concurrent-mark: 0.001/0.001 secs] [Times: user=0.00 sys=0.00, real=0.00 secs] 
2024-07-23T00:25:52.227+0800: 0.884: [CMS-concurrent-preclean-start]
2024-07-23T00:25:52.227+0800: 0.884: [CMS-concurrent-preclean: 0.000/0.000 secs] [Times: user=0.00 sys=0.00, real=0.00 secs] 
2024-07-23T00:25:52.227+0800: 0.884: [GC (CMS Final Remark) [YG occupancy: 0 K (157248 K)]2024-07-23T00:25:52.227+0800: 0.884: [Rescan (parallel) , 0.0002861 secs]2024-07-23T00:25:52.228+0800: 0.884: [weak refs processing, 0.0000081 secs]2024-07-23T00:25:52.228+0800: 0.884: [class unloading, 0.0001951 secs]2024-07-23T00:25:52.228+0800: 0.884: [scrub symbol table, 0.0003103 secs]2024-07-23T00:25:52.228+0800: 0.885: [scrub string table, 0.0000754 secs][1 CMS-remark: 205523K(349568K)] 205523K(506816K), 0.0009222 secs] [Times: user=0.00 sys=0.00, real=0.00 secs] 
2024-07-23T00:25:52.228+0800: 0.885: Total time for which application threads were stopped: 0.0009667 seconds, Stopping threads took: 0.0000155 seconds
2024-07-23T00:25:52.228+0800: 0.885: [CMS-concurrent-sweep-start]
2024-07-23T00:25:52.228+0800: 0.885: [CMS-concurrent-sweep: 0.000/0.000 secs] [Times: user=0.00 sys=0.00, real=0.00 secs] 
2024-07-23T00:25:52.228+0800: 0.885: [CMS-concurrent-reset-start]
2024-07-23T00:25:52.229+0800: 0.886: [CMS-concurrent-reset: 0.001/0.001 secs] [Times: user=0.00 sys=0.00, real=0.00 secs] 
{Heap before GC invocations=18 (full 34):
 par new generation   total 157248K, used 0K [0x00000000e0000000, 0x00000000eaaa0000, 0x00000000eaaa0000)
  eden space 139776K,   0% used [0x00000000e0000000, 0x00000000e0000000, 0x00000000e8880000)
  from space 17472K,   0% used [0x00000000e8880000, 0x00000000e8880000, 0x00000000e9990000)
  to   space 17472K,   0% used [0x00000000e9990000, 0x00000000e9990000, 0x00000000eaaa0000)
 concurrent mark-sweep generation total 349568K, used 205523K [0x00000000eaaa0000, 0x0000000100000000, 0x0000000100000000)
 Metaspace       used 3459K, capacity 4496K, committed 4864K, reserved 1056768K
  class space    used 373K, capacity 388K, committed 512K, reserved 1048576K
2024-07-23T00:25:52.251+0800: 0.908: [GC (Allocation Failure) 2024-07-23T00:25:52.251+0800: 0.908: [ParNew
Desired survivor size 8945664 bytes, new threshold 6 (max 6)
: 0K->0K(157248K), 0.0006680 secs]2024-07-23T00:25:52.251+0800: 0.909: [CMS: 205523K->723K(349568K), 0.0022826 secs] 205523K->723K(506816K), [Metaspace: 3459K->3459K(1056768K)], 0.0031622 secs] [Times: user=0.00 sys=0.00, real=0.00 secs] 
Heap after GC invocations=19 (full 35):
 par new generation   total 157248K, used 0K [0x00000000e0000000, 0x00000000eaaa0000, 0x00000000eaaa0000)
  eden space 139776K,   0% used [0x00000000e0000000, 0x00000000e0000000, 0x00000000e8880000)
  from space 17472K,   0% used [0x00000000e9990000, 0x00000000e9990000, 0x00000000eaaa0000)
  to   space 17472K,   0% used [0x00000000e8880000, 0x00000000e8880000, 0x00000000e9990000)
 concurrent mark-sweep generation total 349568K, used 723K [0x00000000eaaa0000, 0x0000000100000000, 0x0000000100000000)
 Metaspace       used 3459K, capacity 4496K, committed 4864K, reserved 1056768K
  class space    used 373K, capacity 388K, committed 512K, reserved 1048576K
}
2024-07-23T00:25:52.254+0800: 0.911: Total time for which application threads were stopped: 0.0033392 seconds, Stopping threads took: 0.0000470 seconds
2024-07-23T00:25:52.273+0800: 0.930: [GC (CMS Initial Mark) [1 CMS-initial-mark: 205523K(349568K)] 205523K(506816K), 0.0002610 secs] [Times: user=0.00 sys=0.00, real=0.00 secs] 
2024-07-23T00:25:52.273+0800: 0.930: Total time for which application threads were stopped: 0.0191901 seconds, Stopping threads took: 0.0188443 seconds
2024-07-23T00:25:52.273+0800: 0.930: [CMS-concurrent-mark-start]
2024-07-23T00:25:52.274+0800: 0.931: [CMS-concurrent-mark: 0.001/0.001 secs] [Times: user=0.00 sys=0.00, real=0.00 secs] 
2024-07-23T00:25:52.274+0800: 0.931: [CMS-concurrent-preclean-start]
2024-07-23T00:25:52.274+0800: 0.932: [CMS-concurrent-preclean: 0.000/0.000 secs] [Times: user=0.00 sys=0.00, real=0.00 secs] 
2024-07-23T00:25:52.274+0800: 0.932: [GC (CMS Final Remark) [YG occupancy: 0 K (157248 K)]2024-07-23T00:25:52.274+0800: 0.932: [Rescan (parallel) , 0.0002638 secs]2024-07-23T00:25:52.274+0800: 0.932: [weak refs processing, 0.0000076 secs]2024-07-23T00:25:52.274+0800: 0.932: [class unloading, 0.0001807 secs]2024-07-23T00:25:52.275+0800: 0.932: [scrub symbol table, 0.0002870 secs]2024-07-23T00:25:52.275+0800: 0.932: [scrub string table, 0.0000733 secs][1 CMS-remark: 205523K(349568K)] 205523K(506816K), 0.0008603 secs] [Times: user=0.00 sys=0.00, real=0.00 secs] 
2024-07-23T00:25:52.275+0800: 0.933: Total time for which application threads were stopped: 0.0009096 seconds, Stopping threads took: 0.0000171 seconds
2024-07-23T00:25:52.275+0800: 0.933: [CMS-concurrent-sweep-start]
2024-07-23T00:25:52.275+0800: 0.933: [CMS-concurrent-sweep: 0.000/0.000 secs] [Times: user=0.00 sys=0.00, real=0.00 secs] 
2024-07-23T00:25:52.275+0800: 0.933: [CMS-concurrent-reset-start]
2024-07-23T00:25:52.276+0800: 0.933: [CMS-concurrent-reset: 0.001/0.001 secs] [Times: user=0.00 sys=0.00, real=0.00 secs] 
{Heap before GC invocations=19 (full 36):
 par new generation   total 157248K, used 0K [0x00000000e0000000, 0x00000000eaaa0000, 0x00000000eaaa0000)
  eden space 139776K,   0% used [0x00000000e0000000, 0x00000000e0000000, 0x00000000e8880000)
  from space 17472K,   0% used [0x00000000e9990000, 0x00000000e9990000, 0x00000000eaaa0000)
  to   space 17472K,   0% used [0x00000000e8880000, 0x00000000e8880000, 0x00000000e9990000)
 concurrent mark-sweep generation total 349568K, used 205523K [0x00000000eaaa0000, 0x0000000100000000, 0x0000000100000000)
 Metaspace       used 3459K, capacity 4496K, committed 4864K, reserved 1056768K
  class space    used 373K, capacity 388K, committed 512K, reserved 1048576K
2024-07-23T00:25:52.298+0800: 0.955: [GC (Allocation Failure) 2024-07-23T00:25:52.298+0800: 0.955: [ParNew
Desired survivor size 8945664 bytes, new threshold 6 (max 6)
: 0K->0K(157248K), 0.0008832 secs]2024-07-23T00:25:52.299+0800: 0.956: [CMS: 205523K->723K(349568K), 0.0029054 secs] 205523K->723K(506816K), [Metaspace: 3459K->3459K(1056768K)], 0.0040278 secs] [Times: user=0.01 sys=0.00, real=0.00 secs] 
Heap after GC invocations=20 (full 37):
 par new generation   total 157248K, used 0K [0x00000000e0000000, 0x00000000eaaa0000, 0x00000000eaaa0000)
  eden space 139776K,   0% used [0x00000000e0000000, 0x00000000e0000000, 0x00000000e8880000)
  from space 17472K,   0% used [0x00000000e8880000, 0x00000000e8880000, 0x00000000e9990000)
  to   space 17472K,   0% used [0x00000000e9990000, 0x00000000e9990000, 0x00000000eaaa0000)
 concurrent mark-sweep generation total 349568K, used 723K [0x00000000eaaa0000, 0x0000000100000000, 0x0000000100000000)
 Metaspace       used 3459K, capacity 4496K, committed 4864K, reserved 1056768K
  class space    used 373K, capacity 388K, committed 512K, reserved 1048576K
}
2024-07-23T00:25:52.302+0800: 0.959: Total time for which application threads were stopped: 0.0042137 seconds, Stopping threads took: 0.0000387 seconds
2024-07-23T00:25:52.321+0800: 0.979: [GC (CMS Initial Mark) [1 CMS-initial-mark: 205523K(349568K)] 205523K(506816K), 0.0005510 secs] [Times: user=0.00 sys=0.00, real=0.00 secs] 
2024-07-23T00:25:52.322+0800: 0.979: Total time for which application threads were stopped: 0.0196234 seconds, Stopping threads took: 0.0189834 seconds
2024-07-23T00:25:52.322+0800: 0.979: [CMS-concurrent-mark-start]
2024-07-23T00:25:52.323+0800: 0.980: [CMS-concurrent-mark: 0.001/0.001 secs] [Times: user=0.00 sys=0.00, real=0.00 secs] 
2024-07-23T00:25:52.323+0800: 0.980: [CMS-concurrent-preclean-start]
2024-07-23T00:25:52.323+0800: 0.980: [CMS-concurrent-preclean: 0.000/0.000 secs] [Times: user=0.00 sys=0.00, real=0.00 secs] 
2024-07-23T00:25:52.323+0800: 0.980: [GC (CMS Final Remark) [YG occupancy: 0 K (157248 K)]2024-07-23T00:25:52.323+0800: 0.980: [Rescan (parallel) , 0.0005516 secs]2024-07-23T00:25:52.324+0800: 0.981: [weak refs processing, 0.0000204 secs]2024-07-23T00:25:52.324+0800: 0.981: [class unloading, 0.0002689 secs]2024-07-23T00:25:52.324+0800: 0.981: [scrub symbol table, 0.0004764 secs]2024-07-23T00:25:52.325+0800: 0.982: [scrub string table, 0.0001168 secs][1 CMS-remark: 205523K(349568K)] 205523K(506816K), 0.0015499 secs] [Times: user=0.00 sys=0.00, real=0.00 secs] 
2024-07-23T00:25:52.325+0800: 0.982: Total time for which application threads were stopped: 0.0016312 seconds, Stopping threads took: 0.0000198 seconds
2024-07-23T00:25:52.325+0800: 0.982: [CMS-concurrent-sweep-start]
2024-07-23T00:25:52.325+0800: 0.982: [CMS-concurrent-sweep: 0.000/0.000 secs] [Times: user=0.00 sys=0.00, real=0.00 secs] 
2024-07-23T00:25:52.325+0800: 0.982: [CMS-concurrent-reset-start]
2024-07-23T00:25:52.326+0800: 0.983: [CMS-concurrent-reset: 0.001/0.001 secs] [Times: user=0.00 sys=0.00, real=0.00 secs] 
{Heap before GC invocations=20 (full 38):
 par new generation   total 157248K, used 0K [0x00000000e0000000, 0x00000000eaaa0000, 0x00000000eaaa0000)
  eden space 139776K,   0% used [0x00000000e0000000, 0x00000000e0000000, 0x00000000e8880000)
  from space 17472K,   0% used [0x00000000e8880000, 0x00000000e8880000, 0x00000000e9990000)
  to   space 17472K,   0% used [0x00000000e9990000, 0x00000000e9990000, 0x00000000eaaa0000)
 concurrent mark-sweep generation total 349568K, used 205523K [0x00000000eaaa0000, 0x0000000100000000, 0x0000000100000000)
 Metaspace       used 3459K, capacity 4496K, committed 4864K, reserved 1056768K
  class space    used 373K, capacity 388K, committed 512K, reserved 1048576K
2024-07-23T00:25:52.345+0800: 1.002: [GC (Allocation Failure) 2024-07-23T00:25:52.345+0800: 1.002: [ParNew
Desired survivor size 8945664 bytes, new threshold 6 (max 6)
: 0K->0K(157248K), 0.0005954 secs]2024-07-23T00:25:52.345+0800: 1.002: [CMS: 205523K->723K(349568K), 0.0025741 secs] 205523K->723K(506816K), [Metaspace: 3459K->3459K(1056768K)], 0.0033338 secs] [Times: user=0.02 sys=0.00, real=0.00 secs] 
Heap after GC invocations=21 (full 39):
 par new generation   total 157248K, used 0K [0x00000000e0000000, 0x00000000eaaa0000, 0x00000000eaaa0000)
  eden space 139776K,   0% used [0x00000000e0000000, 0x00000000e0000000, 0x00000000e8880000)
  from space 17472K,   0% used [0x00000000e9990000, 0x00000000e9990000, 0x00000000eaaa0000)
  to   space 17472K,   0% used [0x00000000e8880000, 0x00000000e8880000, 0x00000000e9990000)
 concurrent mark-sweep generation total 349568K, used 723K [0x00000000eaaa0000, 0x0000000100000000, 0x0000000100000000)
 Metaspace       used 3459K, capacity 4496K, committed 4864K, reserved 1056768K
  class space    used 373K, capacity 388K, committed 512K, reserved 1048576K
}
2024-07-23T00:25:52.348+0800: 1.005: Total time for which application threads were stopped: 0.0035136 seconds, Stopping threads took: 0.0000372 seconds
2024-07-23T00:25:52.365+0800: 1.022: [GC (CMS Initial Mark) [1 CMS-initial-mark: 205523K(349568K)] 205523K(506816K), 0.0002865 secs] [Times: user=0.00 sys=0.00, real=0.00 secs] 
2024-07-23T00:25:52.365+0800: 1.022: Total time for which application threads were stopped: 0.0171351 seconds, Stopping threads took: 0.0167288 seconds
2024-07-23T00:25:52.365+0800: 1.022: [CMS-concurrent-mark-start]
2024-07-23T00:25:52.366+0800: 1.023: [CMS-concurrent-mark: 0.001/0.001 secs] [Times: user=0.00 sys=0.00, real=0.00 secs] 
2024-07-23T00:25:52.366+0800: 1.023: [CMS-concurrent-preclean-start]
2024-07-23T00:25:52.366+0800: 1.023: [CMS-concurrent-preclean: 0.000/0.000 secs] [Times: user=0.00 sys=0.00, real=0.00 secs] 
2024-07-23T00:25:52.366+0800: 1.023: [GC (CMS Final Remark) [YG occupancy: 0 K (157248 K)]2024-07-23T00:25:52.366+0800: 1.023: [Rescan (parallel) , 0.0002156 secs]2024-07-23T00:25:52.366+0800: 1.023: [weak refs processing, 0.0000153 secs]2024-07-23T00:25:52.366+0800: 1.023: [class unloading, 0.0002459 secs]2024-07-23T00:25:52.367+0800: 1.024: [scrub symbol table, 0.0003704 secs]2024-07-23T00:25:52.367+0800: 1.024: [scrub string table, 0.0001009 secs][1 CMS-remark: 205523K(349568K)] 205523K(506816K), 0.0010137 secs] [Times: user=0.00 sys=0.00, real=0.00 secs] 
2024-07-23T00:25:52.367+0800: 1.024: Total time for which application threads were stopped: 0.0010660 seconds, Stopping threads took: 0.0000119 seconds
2024-07-23T00:25:52.367+0800: 1.024: [CMS-concurrent-sweep-start]
2024-07-23T00:25:52.367+0800: 1.024: [CMS-concurrent-sweep: 0.000/0.000 secs] [Times: user=0.00 sys=0.00, real=0.00 secs] 
2024-07-23T00:25:52.367+0800: 1.024: [CMS-concurrent-reset-start]
2024-07-23T00:25:52.368+0800: 1.025: [CMS-concurrent-reset: 0.000/0.000 secs] [Times: user=0.00 sys=0.00, real=0.00 secs] 
{Heap before GC invocations=21 (full 40):
 par new generation   total 157248K, used 0K [0x00000000e0000000, 0x00000000eaaa0000, 0x00000000eaaa0000)
  eden space 139776K,   0% used [0x00000000e0000000, 0x00000000e0000000, 0x00000000e8880000)
  from space 17472K,   0% used [0x00000000e9990000, 0x00000000e9990000, 0x00000000eaaa0000)
  to   space 17472K,   0% used [0x00000000e8880000, 0x00000000e8880000, 0x00000000e9990000)
 concurrent mark-sweep generation total 349568K, used 205523K [0x00000000eaaa0000, 0x0000000100000000, 0x0000000100000000)
 Metaspace       used 3459K, capacity 4496K, committed 4864K, reserved 1056768K
  class space    used 373K, capacity 388K, committed 512K, reserved 1048576K
2024-07-23T00:25:52.376+0800: 1.033: [GC (Allocation Failure) 2024-07-23T00:25:52.376+0800: 1.033: [ParNew
Desired survivor size 8945664 bytes, new threshold 6 (max 6)
: 0K->0K(157248K), 0.0005713 secs]2024-07-23T00:25:52.376+0800: 1.034: [CMS: 205523K->723K(349568K), 0.0022497 secs] 205523K->723K(506816K), [Metaspace: 3459K->3459K(1056768K)], 0.0029414 secs] [Times: user=0.00 sys=0.00, real=0.00 secs] 
Heap after GC invocations=22 (full 41):
 par new generation   total 157248K, used 0K [0x00000000e0000000, 0x00000000eaaa0000, 0x00000000eaaa0000)
  eden space 139776K,   0% used [0x00000000e0000000, 0x00000000e0000000, 0x00000000e8880000)
  from space 17472K,   0% used [0x00000000e8880000, 0x00000000e8880000, 0x00000000e9990000)
  to   space 17472K,   0% used [0x00000000e9990000, 0x00000000e9990000, 0x00000000eaaa0000)
 concurrent mark-sweep generation total 349568K, used 723K [0x00000000eaaa0000, 0x0000000100000000, 0x0000000100000000)
 Metaspace       used 3459K, capacity 4496K, committed 4864K, reserved 1056768K
  class space    used 373K, capacity 388K, committed 512K, reserved 1048576K
}
2024-07-23T00:25:52.379+0800: 1.036: Total time for which application threads were stopped: 0.0031023 seconds, Stopping threads took: 0.0000329 seconds
2024-07-23T00:25:52.398+0800: 1.055: [GC (CMS Initial Mark) [1 CMS-initial-mark: 205523K(349568K)] 205523K(506816K), 0.0004927 secs] [Times: user=0.00 sys=0.00, real=0.00 secs] 
2024-07-23T00:25:52.399+0800: 1.056: Total time for which application threads were stopped: 0.0199798 seconds, Stopping threads took: 0.0194069 seconds
2024-07-23T00:25:52.399+0800: 1.056: [CMS-concurrent-mark-start]
2024-07-23T00:25:52.400+0800: 1.057: [CMS-concurrent-mark: 0.001/0.001 secs] [Times: user=0.00 sys=0.00, real=0.00 secs] 
2024-07-23T00:25:52.400+0800: 1.057: [CMS-concurrent-preclean-start]
2024-07-23T00:25:52.400+0800: 1.057: [CMS-concurrent-preclean: 0.000/0.000 secs] [Times: user=0.00 sys=0.00, real=0.00 secs] 
2024-07-23T00:25:52.400+0800: 1.057: [CMS-concurrent-abortable-preclean-start]
{Heap before GC invocations=22 (full 42):
 par new generation   total 157248K, used 11182K [0x00000000e0000000, 0x00000000eaaa0000, 0x00000000eaaa0000)
  eden space 139776K,   8% used [0x00000000e0000000, 0x00000000e0aeb8a0, 0x00000000e8880000)
  from space 17472K,   0% used [0x00000000e8880000, 0x00000000e8880000, 0x00000000e9990000)
  to   space 17472K,   0% used [0x00000000e9990000, 0x00000000e9990000, 0x00000000eaaa0000)
 concurrent mark-sweep generation total 349568K, used 205523K [0x00000000eaaa0000, 0x0000000100000000, 0x0000000100000000)
 Metaspace       used 3956K, capacity 4568K, committed 4864K, reserved 1056768K
  class space    used 431K, capacity 460K, committed 512K, reserved 1048576K
2024-07-23T00:25:52.423+0800: 1.080: [GC (Allocation Failure) 2024-07-23T00:25:52.423+0800: 1.080: [ParNew
Desired survivor size 8945664 bytes, new threshold 6 (max 6)
- age   1:     341952 bytes,     341952 total
: 11182K->353K(157248K), 0.0006369 secs]2024-07-23T00:25:52.424+0800: 1.081: [CMS2024-07-23T00:25:52.424+0800: 1.081: [CMS-concurrent-abortable-preclean: 0.000/0.024 secs] [Times: user=0.00 sys=0.00, real=0.02 secs] 
 (concurrent mode failure): 205523K->1057K(349568K), 0.0023478 secs] 216705K->1057K(506816K), [Metaspace: 3956K->3956K(1056768K)], 0.0030916 secs] [Times: user=0.00 sys=0.00, real=0.00 secs] 
Heap after GC invocations=23 (full 43):
 par new generation   total 157248K, used 0K [0x00000000e0000000, 0x00000000eaaa0000, 0x00000000eaaa0000)
  eden space 139776K,   0% used [0x00000000e0000000, 0x00000000e0000000, 0x00000000e8880000)
  from space 17472K,   0% used [0x00000000e9990000, 0x00000000e9990000, 0x00000000eaaa0000)
  to   space 17472K,   0% used [0x00000000e8880000, 0x00000000e8880000, 0x00000000e9990000)
 concurrent mark-sweep generation total 349568K, used 1057K [0x00000000eaaa0000, 0x0000000100000000, 0x0000000100000000)
 Metaspace       used 3956K, capacity 4568K, committed 4864K, reserved 1056768K
  class space    used 431K, capacity 460K, committed 512K, reserved 1048576K
}
2024-07-23T00:25:52.426+0800: 1.083: Total time for which application threads were stopped: 0.0032896 seconds, Stopping threads took: 0.0000530 seconds
{Heap before GC invocations=23 (full 43):
 par new generation   total 157248K, used 0K [0x00000000e0000000, 0x00000000eaaa0000, 0x00000000eaaa0000)
  eden space 139776K,   0% used [0x00000000e0000000, 0x00000000e0000000, 0x00000000e8880000)
  from space 17472K,   0% used [0x00000000e9990000, 0x00000000e9990000, 0x00000000eaaa0000)
  to   space 17472K,   0% used [0x00000000e8880000, 0x00000000e8880000, 0x00000000e9990000)
 concurrent mark-sweep generation total 349568K, used 205857K [0x00000000eaaa0000, 0x0000000100000000, 0x0000000100000000)
 Metaspace       used 3956K, capacity 4568K, committed 4864K, reserved 1056768K
  class space    used 431K, capacity 460K, committed 512K, reserved 1048576K
2024-07-23T00:25:52.470+0800: 1.127: [GC (Allocation Failure) 2024-07-23T00:25:52.470+0800: 1.127: [ParNew
Desired survivor size 8945664 bytes, new threshold 6 (max 6)
: 0K->0K(157248K), 0.0014928 secs]2024-07-23T00:25:52.471+0800: 1.128: [CMS: 205857K->1056K(349568K), 0.0049485 secs] 205857K->1056K(506816K), [Metaspace: 3956K->3956K(1056768K)], 0.0066054 secs] [Times: user=0.00 sys=0.00, real=0.01 secs] 
Heap after GC invocations=24 (full 44):
 par new generation   total 157248K, used 0K [0x00000000e0000000, 0x00000000eaaa0000, 0x00000000eaaa0000)
  eden space 139776K,   0% used [0x00000000e0000000, 0x00000000e0000000, 0x00000000e8880000)
  from space 17472K,   0% used [0x00000000e8880000, 0x00000000e8880000, 0x00000000e9990000)
  to   space 17472K,   0% used [0x00000000e9990000, 0x00000000e9990000, 0x00000000eaaa0000)
 concurrent mark-sweep generation total 349568K, used 1056K [0x00000000eaaa0000, 0x0000000100000000, 0x0000000100000000)
 Metaspace       used 3956K, capacity 4568K, committed 4864K, reserved 1056768K
  class space    used 431K, capacity 460K, committed 512K, reserved 1048576K
}
2024-07-23T00:25:52.476+0800: 1.133: Total time for which application threads were stopped: 0.0068066 seconds, Stopping threads took: 0.0000608 seconds
2024-07-23T00:25:52.496+0800: 1.154: [GC (CMS Initial Mark) [1 CMS-initial-mark: 205856K(349568K)] 205856K(506816K), 0.0005965 secs] [Times: user=0.00 sys=0.00, real=0.00 secs] 
2024-07-23T00:25:52.497+0800: 1.154: Total time for which application threads were stopped: 0.0208484 seconds, Stopping threads took: 0.0201816 seconds
2024-07-23T00:25:52.497+0800: 1.154: [CMS-concurrent-mark-start]
2024-07-23T00:25:52.499+0800: 1.157: [CMS-concurrent-mark: 0.002/0.002 secs] [Times: user=0.00 sys=0.00, real=0.00 secs] 
2024-07-23T00:25:52.499+0800: 1.157: [CMS-concurrent-preclean-start]
2024-07-23T00:25:52.500+0800: 1.158: [CMS-concurrent-preclean: 0.001/0.001 secs] [Times: user=0.00 sys=0.00, real=0.00 secs] 
2024-07-23T00:25:52.501+0800: 1.158: [GC (CMS Final Remark) [YG occupancy: 0 K (157248 K)]2024-07-23T00:25:52.501+0800: 1.158: [Rescan (parallel) , 0.0006247 secs]2024-07-23T00:25:52.501+0800: 1.159: [weak refs processing, 0.0000341 secs]2024-07-23T00:25:52.501+0800: 1.159: [class unloading, 0.0005505 secs]2024-07-23T00:25:52.502+0800: 1.159: [scrub symbol table, 0.0008008 secs]2024-07-23T00:25:52.503+0800: 1.160: [scrub string table, 0.0001178 secs][1 CMS-remark: 205856K(349568K)] 205856K(506816K), 0.0022811 secs] [Times: user=0.00 sys=0.00, real=0.00 secs] 
2024-07-23T00:25:52.503+0800: 1.160: Total time for which application threads were stopped: 0.0023801 seconds, Stopping threads took: 0.0000427 seconds
2024-07-23T00:25:52.503+0800: 1.160: [CMS-concurrent-sweep-start]
2024-07-23T00:25:52.503+0800: 1.161: [CMS-concurrent-sweep: 0.000/0.000 secs] [Times: user=0.00 sys=0.00, real=0.00 secs] 
2024-07-23T00:25:52.503+0800: 1.161: [CMS-concurrent-reset-start]
2024-07-23T00:25:52.504+0800: 1.161: [CMS-concurrent-reset: 0.001/0.001 secs] [Times: user=0.00 sys=0.00, real=0.00 secs] 
{Heap before GC invocations=24 (full 45):
 par new generation   total 157248K, used 0K [0x00000000e0000000, 0x00000000eaaa0000, 0x00000000eaaa0000)
  eden space 139776K,   0% used [0x00000000e0000000, 0x00000000e0000000, 0x00000000e8880000)
  from space 17472K,   0% used [0x00000000e8880000, 0x00000000e8880000, 0x00000000e9990000)
  to   space 17472K,   0% used [0x00000000e9990000, 0x00000000e9990000, 0x00000000eaaa0000)
 concurrent mark-sweep generation total 349568K, used 205856K [0x00000000eaaa0000, 0x0000000100000000, 0x0000000100000000)
 Metaspace       used 3956K, capacity 4568K, committed 4864K, reserved 1056768K
  class space    used 431K, capacity 460K, committed 512K, reserved 1048576K
2024-07-23T00:25:52.515+0800: 1.172: [GC (Allocation Failure) 2024-07-23T00:25:52.515+0800: 1.172: [ParNew
Desired survivor size 8945664 bytes, new threshold 6 (max 6)
: 0K->0K(157248K), 0.0005877 secs]2024-07-23T00:25:52.516+0800: 1.173: [CMS: 205856K->1056K(349568K), 0.0026287 secs] 205856K->1056K(506816K), [Metaspace: 3956K->3956K(1056768K)], 0.0033395 secs] [Times: user=0.00 sys=0.00, real=0.00 secs] 
Heap after GC invocations=25 (full 46):
 par new generation   total 157248K, used 0K [0x00000000e0000000, 0x00000000eaaa0000, 0x00000000eaaa0000)
  eden space 139776K,   0% used [0x00000000e0000000, 0x00000000e0000000, 0x00000000e8880000)
  from space 17472K,   0% used [0x00000000e9990000, 0x00000000e9990000, 0x00000000eaaa0000)
  to   space 17472K,   0% used [0x00000000e8880000, 0x00000000e8880000, 0x00000000e9990000)
 concurrent mark-sweep generation total 349568K, used 1056K [0x00000000eaaa0000, 0x0000000100000000, 0x0000000100000000)
 Metaspace       used 3956K, capacity 4568K, committed 4864K, reserved 1056768K
  class space    used 431K, capacity 460K, committed 512K, reserved 1048576K
}
2024-07-23T00:25:52.518+0800: 1.176: Total time for which application threads were stopped: 0.0034673 seconds, Stopping threads took: 0.0000246 seconds
2024-07-23T00:25:52.537+0800: 1.194: [GC (CMS Initial Mark) [1 CMS-initial-mark: 205856K(349568K)] 205856K(506816K), 0.0010221 secs] [Times: user=0.00 sys=0.00, real=0.00 secs] 
2024-07-23T00:25:52.538+0800: 1.195: Total time for which application threads were stopped: 0.0192451 seconds, Stopping threads took: 0.0181630 seconds
2024-07-23T00:25:52.538+0800: 1.195: [CMS-concurrent-mark-start]
2024-07-23T00:25:52.540+0800: 1.197: [CMS-concurrent-mark: 0.002/0.002 secs] [Times: user=0.00 sys=0.00, real=0.00 secs] 
2024-07-23T00:25:52.540+0800: 1.197: [CMS-concurrent-preclean-start]
2024-07-23T00:25:52.540+0800: 1.197: [CMS-concurrent-preclean: 0.000/0.000 secs] [Times: user=0.00 sys=0.00, real=0.00 secs] 
2024-07-23T00:25:52.541+0800: 1.198: [GC (CMS Final Remark) [YG occupancy: 0 K (157248 K)]2024-07-23T00:25:52.541+0800: 1.198: [Rescan (parallel) , 0.0009087 secs]2024-07-23T00:25:52.542+0800: 1.199: [weak refs processing, 0.0000085 secs]2024-07-23T00:25:52.542+0800: 1.199: [class unloading, 0.0001969 secs]2024-07-23T00:25:52.542+0800: 1.199: [scrub symbol table, 0.0003148 secs]2024-07-23T00:25:52.542+0800: 1.199: [scrub string table, 0.0000936 secs][1 CMS-remark: 205856K(349568K)] 205856K(506816K), 0.0015680 secs] [Times: user=0.00 sys=0.00, real=0.00 secs] 
2024-07-23T00:25:52.542+0800: 1.199: Total time for which application threads were stopped: 0.0016037 seconds, Stopping threads took: 0.0000109 seconds
2024-07-23T00:25:52.542+0800: 1.199: [CMS-concurrent-sweep-start]
2024-07-23T00:25:52.543+0800: 1.200: [CMS-concurrent-sweep: 0.000/0.000 secs] [Times: user=0.00 sys=0.00, real=0.00 secs] 
2024-07-23T00:25:52.543+0800: 1.200: [CMS-concurrent-reset-start]
2024-07-23T00:25:52.543+0800: 1.200: [CMS-concurrent-reset: 0.000/0.000 secs] [Times: user=0.00 sys=0.00, real=0.00 secs] 
{Heap before GC invocations=25 (full 47):
 par new generation   total 157248K, used 0K [0x00000000e0000000, 0x00000000eaaa0000, 0x00000000eaaa0000)
  eden space 139776K,   0% used [0x00000000e0000000, 0x00000000e0000000, 0x00000000e8880000)
  from space 17472K,   0% used [0x00000000e9990000, 0x00000000e9990000, 0x00000000eaaa0000)
  to   space 17472K,   0% used [0x00000000e8880000, 0x00000000e8880000, 0x00000000e9990000)
 concurrent mark-sweep generation total 349568K, used 205856K [0x00000000eaaa0000, 0x0000000100000000, 0x0000000100000000)
 Metaspace       used 3956K, capacity 4568K, committed 4864K, reserved 1056768K
  class space    used 431K, capacity 460K, committed 512K, reserved 1048576K
2024-07-23T00:25:52.562+0800: 1.219: [GC (Allocation Failure) 2024-07-23T00:25:52.562+0800: 1.219: [ParNew
Desired survivor size 8945664 bytes, new threshold 6 (max 6)
: 0K->0K(157248K), 0.0006434 secs]2024-07-23T00:25:52.563+0800: 1.220: [CMS: 205856K->1056K(349568K), 0.0047222 secs] 205856K->1056K(506816K), [Metaspace: 3956K->3956K(1056768K)], 0.0055330 secs] [Times: user=0.00 sys=0.00, real=0.01 secs] 
Heap after GC invocations=26 (full 48):
 par new generation   total 157248K, used 0K [0x00000000e0000000, 0x00000000eaaa0000, 0x00000000eaaa0000)
  eden space 139776K,   0% used [0x00000000e0000000, 0x00000000e0000000, 0x00000000e8880000)
  from space 17472K,   0% used [0x00000000e8880000, 0x00000000e8880000, 0x00000000e9990000)
  to   space 17472K,   0% used [0x00000000e9990000, 0x00000000e9990000, 0x00000000eaaa0000)
 concurrent mark-sweep generation total 349568K, used 1056K [0x00000000eaaa0000, 0x0000000100000000, 0x0000000100000000)
 Metaspace       used 3956K, capacity 4568K, committed 4864K, reserved 1056768K
  class space    used 431K, capacity 460K, committed 512K, reserved 1048576K
}
2024-07-23T00:25:52.568+0800: 1.225: Total time for which application threads were stopped: 0.0057233 seconds, Stopping threads took: 0.0000621 seconds
2024-07-23T00:25:52.585+0800: 1.242: [GC (CMS Initial Mark) [1 CMS-initial-mark: 205856K(349568K)] 205856K(506816K), 0.0006919 secs] [Times: user=0.00 sys=0.00, real=0.00 secs] 
2024-07-23T00:25:52.586+0800: 1.243: Total time for which application threads were stopped: 0.0179092 seconds, Stopping threads took: 0.0171523 seconds
2024-07-23T00:25:52.586+0800: 1.243: [CMS-concurrent-mark-start]
2024-07-23T00:25:52.587+0800: 1.244: [CMS-concurrent-mark: 0.001/0.001 secs] [Times: user=0.00 sys=0.00, real=0.00 secs] 
2024-07-23T00:25:52.587+0800: 1.244: [CMS-concurrent-preclean-start]
2024-07-23T00:25:52.588+0800: 1.245: [CMS-concurrent-preclean: 0.000/0.000 secs] [Times: user=0.00 sys=0.00, real=0.00 secs] 
2024-07-23T00:25:52.588+0800: 1.245: [GC (CMS Final Remark) [YG occupancy: 0 K (157248 K)]2024-07-23T00:25:52.588+0800: 1.245: [Rescan (parallel) , 0.0008009 secs]2024-07-23T00:25:52.588+0800: 1.245: [weak refs processing, 0.0000087 secs]2024-07-23T00:25:52.588+0800: 1.245: [class unloading, 0.0001956 secs]2024-07-23T00:25:52.589+0800: 1.246: [scrub symbol table, 0.0003364 secs]2024-07-23T00:25:52.589+0800: 1.246: [scrub string table, 0.0000945 secs][1 CMS-remark: 205856K(349568K)] 205856K(506816K), 0.0014738 secs] [Times: user=0.00 sys=0.00, real=0.00 secs] 
2024-07-23T00:25:52.589+0800: 1.246: Total time for which application threads were stopped: 0.0015016 seconds, Stopping threads took: 0.0000073 seconds
2024-07-23T00:25:52.589+0800: 1.246: [CMS-concurrent-sweep-start]
2024-07-23T00:25:52.589+0800: 1.246: [CMS-concurrent-sweep: 0.000/0.000 secs] [Times: user=0.00 sys=0.00, real=0.00 secs] 
2024-07-23T00:25:52.589+0800: 1.246: [CMS-concurrent-reset-start]
2024-07-23T00:25:52.590+0800: 1.247: [CMS-concurrent-reset: 0.000/0.000 secs] [Times: user=0.00 sys=0.00, real=0.00 secs] 
{Heap before GC invocations=26 (full 49):
 par new generation   total 157248K, used 0K [0x00000000e0000000, 0x00000000eaaa0000, 0x00000000eaaa0000)
  eden space 139776K,   0% used [0x00000000e0000000, 0x00000000e0000000, 0x00000000e8880000)
  from space 17472K,   0% used [0x00000000e8880000, 0x00000000e8880000, 0x00000000e9990000)
  to   space 17472K,   0% used [0x00000000e9990000, 0x00000000e9990000, 0x00000000eaaa0000)
 concurrent mark-sweep generation total 349568K, used 205856K [0x00000000eaaa0000, 0x0000000100000000, 0x0000000100000000)
 Metaspace       used 3956K, capacity 4568K, committed 4864K, reserved 1056768K
  class space    used 431K, capacity 460K, committed 512K, reserved 1048576K
2024-07-23T00:25:52.609+0800: 1.266: [GC (Allocation Failure) 2024-07-23T00:25:52.609+0800: 1.266: [ParNew
Desired survivor size 8945664 bytes, new threshold 6 (max 6)
: 0K->0K(157248K), 0.0015167 secs]2024-07-23T00:25:52.611+0800: 1.268: [CMS: 205856K->1056K(349568K), 0.0049934 secs] 205856K->1056K(506816K), [Metaspace: 3956K->3956K(1056768K)], 0.0067098 secs] [Times: user=0.00 sys=0.00, real=0.01 secs] 
Heap after GC invocations=27 (full 50):
 par new generation   total 157248K, used 0K [0x00000000e0000000, 0x00000000eaaa0000, 0x00000000eaaa0000)
  eden space 139776K,   0% used [0x00000000e0000000, 0x00000000e0000000, 0x00000000e8880000)
  from space 17472K,   0% used [0x00000000e9990000, 0x00000000e9990000, 0x00000000eaaa0000)
  to   space 17472K,   0% used [0x00000000e8880000, 0x00000000e8880000, 0x00000000e9990000)
 concurrent mark-sweep generation total 349568K, used 1056K [0x00000000eaaa0000, 0x0000000100000000, 0x0000000100000000)
 Metaspace       used 3956K, capacity 4568K, committed 4864K, reserved 1056768K
  class space    used 431K, capacity 460K, committed 512K, reserved 1048576K
}
2024-07-23T00:25:52.616+0800: 1.273: Total time for which application threads were stopped: 0.0069295 seconds, Stopping threads took: 0.0000321 seconds
2024-07-23T00:25:52.636+0800: 1.292: [GC (CMS Initial Mark) [1 CMS-initial-mark: 205856K(349568K)] 205856K(506816K), 0.0010310 secs] [Times: user=0.00 sys=0.00, real=0.00 secs] 
2024-07-23T00:25:52.637+0800: 1.293: Total time for which application threads were stopped: 0.0200826 seconds, Stopping threads took: 0.0189825 seconds
2024-07-23T00:25:52.637+0800: 1.293: [CMS-concurrent-mark-start]
2024-07-23T00:25:52.638+0800: 1.295: [CMS-concurrent-mark: 0.002/0.002 secs] [Times: user=0.01 sys=0.00, real=0.00 secs] 
2024-07-23T00:25:52.638+0800: 1.295: [CMS-concurrent-preclean-start]
2024-07-23T00:25:52.639+0800: 1.295: [CMS-concurrent-preclean: 0.000/0.000 secs] [Times: user=0.00 sys=0.00, real=0.00 secs] 
2024-07-23T00:25:52.639+0800: 1.296: [GC (CMS Final Remark) [YG occupancy: 0 K (157248 K)]2024-07-23T00:25:52.639+0800: 1.296: [Rescan (parallel) , 0.0009091 secs]2024-07-23T00:25:52.640+0800: 1.296: [weak refs processing, 0.0000139 secs]2024-07-23T00:25:52.640+0800: 1.296: [class unloading, 0.0002671 secs]2024-07-23T00:25:52.640+0800: 1.297: [scrub symbol table, 0.0004325 secs]2024-07-23T00:25:52.641+0800: 1.297: [scrub string table, 0.0001473 secs][1 CMS-remark: 205856K(349568K)] 205856K(506816K), 0.0018409 secs] [Times: user=0.00 sys=0.00, real=0.00 secs] 
2024-07-23T00:25:52.641+0800: 1.297: Total time for which application threads were stopped: 0.0019045 seconds, Stopping threads took: 0.0000352 seconds
2024-07-23T00:25:52.641+0800: 1.297: [CMS-concurrent-sweep-start]
2024-07-23T00:25:52.641+0800: 1.298: [CMS-concurrent-sweep: 0.000/0.000 secs] [Times: user=0.00 sys=0.00, real=0.00 secs] 
2024-07-23T00:25:52.641+0800: 1.298: [CMS-concurrent-reset-start]
2024-07-23T00:25:52.642+0800: 1.298: [CMS-concurrent-reset: 0.000/0.000 secs] [Times: user=0.00 sys=0.00, real=0.00 secs] 
{Heap before GC invocations=27 (full 51):
 par new generation   total 157248K, used 0K [0x00000000e0000000, 0x00000000eaaa0000, 0x00000000eaaa0000)
  eden space 139776K,   0% used [0x00000000e0000000, 0x00000000e0000000, 0x00000000e8880000)
  from space 17472K,   0% used [0x00000000e9990000, 0x00000000e9990000, 0x00000000eaaa0000)
  to   space 17472K,   0% used [0x00000000e8880000, 0x00000000e8880000, 0x00000000e9990000)
 concurrent mark-sweep generation total 349568K, used 205856K [0x00000000eaaa0000, 0x0000000100000000, 0x0000000100000000)
 Metaspace       used 3956K, capacity 4568K, committed 4864K, reserved 1056768K
  class space    used 431K, capacity 460K, committed 512K, reserved 1048576K
2024-07-23T00:25:52.655+0800: 1.313: [GC (Allocation Failure) 2024-07-23T00:25:52.655+0800: 1.313: [ParNew
Desired survivor size 8945664 bytes, new threshold 6 (max 6)
: 0K->0K(157248K), 0.0008480 secs]2024-07-23T00:25:52.656+0800: 1.314: [CMS: 205856K->1056K(349568K), 0.0031647 secs] 205856K->1056K(506816K), [Metaspace: 3956K->3956K(1056768K)], 0.0041441 secs] [Times: user=0.00 sys=0.00, real=0.00 secs] 
Heap after GC invocations=28 (full 52):
 par new generation   total 157248K, used 0K [0x00000000e0000000, 0x00000000eaaa0000, 0x00000000eaaa0000)
  eden space 139776K,   0% used [0x00000000e0000000, 0x00000000e0000000, 0x00000000e8880000)
  from space 17472K,   0% used [0x00000000e8880000, 0x00000000e8880000, 0x00000000e9990000)
  to   space 17472K,   0% used [0x00000000e9990000, 0x00000000e9990000, 0x00000000eaaa0000)
 concurrent mark-sweep generation total 349568K, used 1056K [0x00000000eaaa0000, 0x0000000100000000, 0x0000000100000000)
 Metaspace       used 3956K, capacity 4568K, committed 4864K, reserved 1056768K
  class space    used 431K, capacity 460K, committed 512K, reserved 1048576K
}
2024-07-23T00:25:52.659+0800: 1.317: Total time for which application threads were stopped: 0.0043771 seconds, Stopping threads took: 0.0000442 seconds
2024-07-23T00:25:52.677+0800: 1.335: [GC (CMS Initial Mark) [1 CMS-initial-mark: 205856K(349568K)] 205856K(506816K), 0.0013699 secs] [Times: user=0.00 sys=0.00, real=0.00 secs] 
2024-07-23T00:25:52.679+0800: 1.336: Total time for which application threads were stopped: 0.0193348 seconds, Stopping threads took: 0.0178711 seconds
2024-07-23T00:25:52.679+0800: 1.336: [CMS-concurrent-mark-start]
2024-07-23T00:25:52.680+0800: 1.338: [CMS-concurrent-mark: 0.002/0.002 secs] [Times: user=0.00 sys=0.00, real=0.00 secs] 
2024-07-23T00:25:52.680+0800: 1.338: [CMS-concurrent-preclean-start]
2024-07-23T00:25:52.681+0800: 1.338: [CMS-concurrent-preclean: 0.000/0.000 secs] [Times: user=0.00 sys=0.00, real=0.00 secs] 
2024-07-23T00:25:52.681+0800: 1.338: [GC (CMS Final Remark) [YG occupancy: 0 K (157248 K)]2024-07-23T00:25:52.681+0800: 1.338: [Rescan (parallel) , 0.0006981 secs]2024-07-23T00:25:52.681+0800: 1.339: [weak refs processing, 0.0000065 secs]2024-07-23T00:25:52.681+0800: 1.339: [class unloading, 0.0002010 secs]2024-07-23T00:25:52.682+0800: 1.339: [scrub symbol table, 0.0003320 secs]2024-07-23T00:25:52.682+0800: 1.340: [scrub string table, 0.0000942 secs][1 CMS-remark: 205856K(349568K)] 205856K(506816K), 0.0013718 secs] [Times: user=0.00 sys=0.00, real=0.00 secs] 
2024-07-23T00:25:52.682+0800: 1.340: Total time for which application threads were stopped: 0.0014153 seconds, Stopping threads took: 0.0000194 seconds
2024-07-23T00:25:52.682+0800: 1.340: [CMS-concurrent-sweep-start]
2024-07-23T00:25:52.682+0800: 1.340: [CMS-concurrent-sweep: 0.000/0.000 secs] [Times: user=0.00 sys=0.00, real=0.00 secs] 
2024-07-23T00:25:52.682+0800: 1.340: [CMS-concurrent-reset-start]
2024-07-23T00:25:52.683+0800: 1.340: [CMS-concurrent-reset: 0.000/0.000 secs] [Times: user=0.00 sys=0.00, real=0.00 secs] 
{Heap before GC invocations=28 (full 53):
 par new generation   total 157248K, used 0K [0x00000000e0000000, 0x00000000eaaa0000, 0x00000000eaaa0000)
  eden space 139776K,   0% used [0x00000000e0000000, 0x00000000e0000000, 0x00000000e8880000)
  from space 17472K,   0% used [0x00000000e8880000, 0x00000000e8880000, 0x00000000e9990000)
  to   space 17472K,   0% used [0x00000000e9990000, 0x00000000e9990000, 0x00000000eaaa0000)
 concurrent mark-sweep generation total 349568K, used 205856K [0x00000000eaaa0000, 0x0000000100000000, 0x0000000100000000)
 Metaspace       used 3956K, capacity 4568K, committed 4864K, reserved 1056768K
  class space    used 431K, capacity 460K, committed 512K, reserved 1048576K
2024-07-23T00:25:52.703+0800: 1.361: [GC (Allocation Failure) 2024-07-23T00:25:52.703+0800: 1.361: [ParNew
Desired survivor size 8945664 bytes, new threshold 6 (max 6)
: 0K->0K(157248K), 0.0017775 secs]2024-07-23T00:25:52.705+0800: 1.362: [CMS: 205856K->1056K(349568K), 0.0026062 secs] 205856K->1056K(506816K), [Metaspace: 3956K->3956K(1056768K)], 0.0044983 secs] [Times: user=0.00 sys=0.00, real=0.00 secs] 
Heap after GC invocations=29 (full 54):
 par new generation   total 157248K, used 0K [0x00000000e0000000, 0x00000000eaaa0000, 0x00000000eaaa0000)
  eden space 139776K,   0% used [0x00000000e0000000, 0x00000000e0000000, 0x00000000e8880000)
  from space 17472K,   0% used [0x00000000e9990000, 0x00000000e9990000, 0x00000000eaaa0000)
  to   space 17472K,   0% used [0x00000000e8880000, 0x00000000e8880000, 0x00000000e9990000)
 concurrent mark-sweep generation total 349568K, used 1056K [0x00000000eaaa0000, 0x0000000100000000, 0x0000000100000000)
 Metaspace       used 3956K, capacity 4568K, committed 4864K, reserved 1056768K
  class space    used 431K, capacity 460K, committed 512K, reserved 1048576K
}
2024-07-23T00:25:52.708+0800: 1.365: Total time for which application threads were stopped: 0.0046827 seconds, Stopping threads took: 0.0000736 seconds
2024-07-23T00:25:52.725+0800: 1.382: [GC (CMS Initial Mark) [1 CMS-initial-mark: 205856K(349568K)] 205856K(506816K), 0.0011560 secs] [Times: user=0.00 sys=0.00, real=0.00 secs] 
2024-07-23T00:25:52.726+0800: 1.383: Total time for which application threads were stopped: 0.0180787 seconds, Stopping threads took: 0.0168552 seconds
2024-07-23T00:25:52.726+0800: 1.383: [CMS-concurrent-mark-start]
2024-07-23T00:25:52.728+0800: 1.385: [CMS-concurrent-mark: 0.002/0.002 secs] [Times: user=0.00 sys=0.00, real=0.00 secs] 
2024-07-23T00:25:52.728+0800: 1.385: [CMS-concurrent-preclean-start]
2024-07-23T00:25:52.728+0800: 1.385: [CMS-concurrent-preclean: 0.000/0.000 secs] [Times: user=0.00 sys=0.00, real=0.00 secs] 
2024-07-23T00:25:52.728+0800: 1.385: [GC (CMS Final Remark) [YG occupancy: 0 K (157248 K)]2024-07-23T00:25:52.728+0800: 1.385: [Rescan (parallel) , 0.0008472 secs]2024-07-23T00:25:52.729+0800: 1.386: [weak refs processing, 0.0000086 secs]2024-07-23T00:25:52.729+0800: 1.386: [class unloading, 0.0002028 secs]2024-07-23T00:25:52.730+0800: 1.386: [scrub symbol table, 0.0003323 secs]2024-07-23T00:25:52.730+0800: 1.387: [scrub string table, 0.0000975 secs][1 CMS-remark: 205856K(349568K)] 205856K(506816K), 0.0015340 secs] [Times: user=0.00 sys=0.00, real=0.00 secs] 
2024-07-23T00:25:52.730+0800: 1.387: Total time for which application threads were stopped: 0.0015648 seconds, Stopping threads took: 0.0000087 seconds
2024-07-23T00:25:52.730+0800: 1.387: [CMS-concurrent-sweep-start]
2024-07-23T00:25:52.730+0800: 1.387: [CMS-concurrent-sweep: 0.000/0.000 secs] [Times: user=0.00 sys=0.00, real=0.00 secs] 
2024-07-23T00:25:52.730+0800: 1.387: [CMS-concurrent-reset-start]
2024-07-23T00:25:52.730+0800: 1.388: [CMS-concurrent-reset: 0.000/0.000 secs] [Times: user=0.00 sys=0.00, real=0.00 secs] 
{Heap before GC invocations=29 (full 55):
 par new generation   total 157248K, used 0K [0x00000000e0000000, 0x00000000eaaa0000, 0x00000000eaaa0000)
  eden space 139776K,   0% used [0x00000000e0000000, 0x00000000e0000000, 0x00000000e8880000)
  from space 17472K,   0% used [0x00000000e9990000, 0x00000000e9990000, 0x00000000eaaa0000)
  to   space 17472K,   0% used [0x00000000e8880000, 0x00000000e8880000, 0x00000000e9990000)
 concurrent mark-sweep generation total 349568K, used 205856K [0x00000000eaaa0000, 0x0000000100000000, 0x0000000100000000)
 Metaspace       used 3956K, capacity 4568K, committed 4864K, reserved 1056768K
  class space    used 431K, capacity 460K, committed 512K, reserved 1048576K
2024-07-23T00:25:52.749+0800: 1.406: [GC (Allocation Failure) 2024-07-23T00:25:52.749+0800: 1.406: [ParNew
Desired survivor size 8945664 bytes, new threshold 6 (max 6)
: 0K->0K(157248K), 0.0023657 secs]2024-07-23T00:25:52.752+0800: 1.409: [CMS: 205856K->1056K(349568K), 0.0040396 secs] 205856K->1056K(506816K), [Metaspace: 3956K->3956K(1056768K)], 0.0065617 secs] [Times: user=0.00 sys=0.00, real=0.01 secs] 
Heap after GC invocations=30 (full 56):
 par new generation   total 157248K, used 0K [0x00000000e0000000, 0x00000000eaaa0000, 0x00000000eaaa0000)
  eden space 139776K,   0% used [0x00000000e0000000, 0x00000000e0000000, 0x00000000e8880000)
  from space 17472K,   0% used [0x00000000e8880000, 0x00000000e8880000, 0x00000000e9990000)
  to   space 17472K,   0% used [0x00000000e9990000, 0x00000000e9990000, 0x00000000eaaa0000)
 concurrent mark-sweep generation total 349568K, used 1056K [0x00000000eaaa0000, 0x0000000100000000, 0x0000000100000000)
 Metaspace       used 3956K, capacity 4568K, committed 4864K, reserved 1056768K
  class space    used 431K, capacity 460K, committed 512K, reserved 1048576K
}
2024-07-23T00:25:52.756+0800: 1.413: Total time for which application threads were stopped: 0.0067613 seconds, Stopping threads took: 0.0000632 seconds
2024-07-23T00:25:52.774+0800: 1.431: [GC (CMS Initial Mark) [1 CMS-initial-mark: 205856K(349568K)] 205856K(506816K), 0.0026594 secs] [Times: user=0.00 sys=0.00, real=0.00 secs] 
2024-07-23T00:25:52.777+0800: 1.433: Total time for which application threads were stopped: 0.0201793 seconds, Stopping threads took: 0.0174569 seconds
2024-07-23T00:25:52.777+0800: 1.433: [CMS-concurrent-mark-start]
2024-07-23T00:25:52.778+0800: 1.435: [CMS-concurrent-mark: 0.002/0.002 secs] [Times: user=0.05 sys=0.00, real=0.00 secs] 
2024-07-23T00:25:52.778+0800: 1.435: [CMS-concurrent-preclean-start]
2024-07-23T00:25:52.778+0800: 1.435: [CMS-concurrent-preclean: 0.000/0.000 secs] [Times: user=0.00 sys=0.00, real=0.00 secs] 
2024-07-23T00:25:52.778+0800: 1.436: [GC (CMS Final Remark) [YG occupancy: 0 K (157248 K)]2024-07-23T00:25:52.778+0800: 1.436: [Rescan (parallel) , 0.0012371 secs]2024-07-23T00:25:52.780+0800: 1.437: [weak refs processing, 0.0000266 secs]2024-07-23T00:25:52.780+0800: 1.437: [class unloading, 0.0003620 secs]2024-07-23T00:25:52.780+0800: 1.437: [scrub symbol table, 0.0004278 secs]2024-07-23T00:25:52.781+0800: 1.438: [scrub string table, 0.0001203 secs][1 CMS-remark: 205856K(349568K)] 205856K(506816K), 0.0022733 secs] [Times: user=0.00 sys=0.00, real=0.00 secs] 
2024-07-23T00:25:52.781+0800: 1.438: Total time for which application threads were stopped: 0.0023075 seconds, Stopping threads took: 0.0000098 seconds
2024-07-23T00:25:52.781+0800: 1.438: [CMS-concurrent-sweep-start]
2024-07-23T00:25:52.781+0800: 1.438: [CMS-concurrent-sweep: 0.000/0.000 secs] [Times: user=0.00 sys=0.00, real=0.00 secs] 
2024-07-23T00:25:52.781+0800: 1.438: [CMS-concurrent-reset-start]
2024-07-23T00:25:52.781+0800: 1.439: [CMS-concurrent-reset: 0.000/0.000 secs] [Times: user=0.00 sys=0.00, real=0.00 secs] 
{Heap before GC invocations=30 (full 57):
 par new generation   total 157248K, used 0K [0x00000000e0000000, 0x00000000eaaa0000, 0x00000000eaaa0000)
  eden space 139776K,   0% used [0x00000000e0000000, 0x00000000e0000000, 0x00000000e8880000)
  from space 17472K,   0% used [0x00000000e8880000, 0x00000000e8880000, 0x00000000e9990000)
  to   space 17472K,   0% used [0x00000000e9990000, 0x00000000e9990000, 0x00000000eaaa0000)
 concurrent mark-sweep generation total 349568K, used 205856K [0x00000000eaaa0000, 0x0000000100000000, 0x0000000100000000)
 Metaspace       used 3956K, capacity 4568K, committed 4864K, reserved 1056768K
  class space    used 431K, capacity 460K, committed 512K, reserved 1048576K
2024-07-23T00:25:52.795+0800: 1.453: [GC (Allocation Failure) 2024-07-23T00:25:52.795+0800: 1.453: [ParNew
Desired survivor size 8945664 bytes, new threshold 6 (max 6)
: 0K->0K(157248K), 0.0023824 secs]2024-07-23T00:25:52.798+0800: 1.455: [CMS: 205856K->1056K(349568K), 0.0034175 secs] 205856K->1056K(506816K), [Metaspace: 3956K->3956K(1056768K)], 0.0059495 secs] [Times: user=0.00 sys=0.00, real=0.01 secs] 
Heap after GC invocations=31 (full 58):
 par new generation   total 157248K, used 0K [0x00000000e0000000, 0x00000000eaaa0000, 0x00000000eaaa0000)
  eden space 139776K,   0% used [0x00000000e0000000, 0x00000000e0000000, 0x00000000e8880000)
  from space 17472K,   0% used [0x00000000e9990000, 0x00000000e9990000, 0x00000000eaaa0000)
  to   space 17472K,   0% used [0x00000000e8880000, 0x00000000e8880000, 0x00000000e9990000)
 concurrent mark-sweep generation total 349568K, used 1056K [0x00000000eaaa0000, 0x0000000100000000, 0x0000000100000000)
 Metaspace       used 3956K, capacity 4568K, committed 4864K, reserved 1056768K
  class space    used 431K, capacity 460K, committed 512K, reserved 1048576K
}
2024-07-23T00:25:52.801+0800: 1.459: Total time for which application threads were stopped: 0.0061110 seconds, Stopping threads took: 0.0000270 seconds
2024-07-23T00:25:52.818+0800: 1.476: [GC (CMS Initial Mark) [1 CMS-initial-mark: 205856K(349568K)] 205856K(506816K), 0.0013379 secs] [Times: user=0.00 sys=0.00, real=0.00 secs] 
2024-07-23T00:25:52.820+0800: 1.477: Total time for which application threads were stopped: 0.0184005 seconds, Stopping threads took: 0.0169925 seconds
2024-07-23T00:25:52.820+0800: 1.477: [CMS-concurrent-mark-start]
2024-07-23T00:25:52.822+0800: 1.479: [CMS-concurrent-mark: 0.002/0.002 secs] [Times: user=0.00 sys=0.00, real=0.00 secs] 
2024-07-23T00:25:52.822+0800: 1.479: [CMS-concurrent-preclean-start]
2024-07-23T00:25:52.822+0800: 1.479: [CMS-concurrent-preclean: 0.000/0.000 secs] [Times: user=0.00 sys=0.00, real=0.00 secs] 
2024-07-23T00:25:52.822+0800: 1.479: [GC (CMS Final Remark) [YG occupancy: 0 K (157248 K)]2024-07-23T00:25:52.822+0800: 1.479: [Rescan (parallel) , 0.0009846 secs]2024-07-23T00:25:52.823+0800: 1.480: [weak refs processing, 0.0000086 secs]2024-07-23T00:25:52.823+0800: 1.480: [class unloading, 0.0001881 secs]2024-07-23T00:25:52.823+0800: 1.481: [scrub symbol table, 0.0003272 secs]2024-07-23T00:25:52.824+0800: 1.481: [scrub string table, 0.0001023 secs][1 CMS-remark: 205856K(349568K)] 205856K(506816K), 0.0016567 secs] [Times: user=0.00 sys=0.00, real=0.00 secs] 
2024-07-23T00:25:52.824+0800: 1.481: Total time for which application threads were stopped: 0.0016875 seconds, Stopping threads took: 0.0000097 seconds
2024-07-23T00:25:52.825+0800: 1.481: [CMS-concurrent-sweep-start]
2024-07-23T00:25:52.825+0800: 1.481: [CMS-concurrent-sweep: 0.000/0.000 secs] [Times: user=0.00 sys=0.00, real=0.00 secs] 
2024-07-23T00:25:52.825+0800: 1.481: [CMS-concurrent-reset-start]
2024-07-23T00:25:52.825+0800: 1.482: [CMS-concurrent-reset: 0.000/0.000 secs] [Times: user=0.00 sys=0.00, real=0.00 secs] 
{Heap before GC invocations=31 (full 59):
 par new generation   total 157248K, used 0K [0x00000000e0000000, 0x00000000eaaa0000, 0x00000000eaaa0000)
  eden space 139776K,   0% used [0x00000000e0000000, 0x00000000e0000000, 0x00000000e8880000)
  from space 17472K,   0% used [0x00000000e9990000, 0x00000000e9990000, 0x00000000eaaa0000)
  to   space 17472K,   0% used [0x00000000e8880000, 0x00000000e8880000, 0x00000000e9990000)
 concurrent mark-sweep generation total 349568K, used 205856K [0x00000000eaaa0000, 0x0000000100000000, 0x0000000100000000)
 Metaspace       used 3956K, capacity 4568K, committed 4864K, reserved 1056768K
  class space    used 431K, capacity 460K, committed 512K, reserved 1048576K
2024-07-23T00:25:52.843+0800: 1.500: [GC (Allocation Failure) 2024-07-23T00:25:52.843+0800: 1.500: [ParNew
Desired survivor size 8945664 bytes, new threshold 6 (max 6)
: 0K->0K(157248K), 0.0014908 secs]2024-07-23T00:25:52.844+0800: 1.501: [CMS: 205856K->1056K(349568K), 0.0023216 secs] 205856K->1056K(506816K), [Metaspace: 3956K->3956K(1056768K)], 0.0039218 secs] [Times: user=0.00 sys=0.00, real=0.00 secs] 
Heap after GC invocations=32 (full 60):
 par new generation   total 157248K, used 0K [0x00000000e0000000, 0x00000000eaaa0000, 0x00000000eaaa0000)
  eden space 139776K,   0% used [0x00000000e0000000, 0x00000000e0000000, 0x00000000e8880000)
  from space 17472K,   0% used [0x00000000e8880000, 0x00000000e8880000, 0x00000000e9990000)
  to   space 17472K,   0% used [0x00000000e9990000, 0x00000000e9990000, 0x00000000eaaa0000)
 concurrent mark-sweep generation total 349568K, used 1056K [0x00000000eaaa0000, 0x0000000100000000, 0x0000000100000000)
 Metaspace       used 3956K, capacity 4568K, committed 4864K, reserved 1056768K
  class space    used 431K, capacity 460K, committed 512K, reserved 1048576K
}
2024-07-23T00:25:52.846+0800: 1.504: Total time for which application threads were stopped: 0.0040714 seconds, Stopping threads took: 0.0000347 seconds
2024-07-23T00:25:52.863+0800: 1.520: [GC (CMS Initial Mark) [1 CMS-initial-mark: 205856K(349568K)] 205856K(506816K), 0.0017036 secs] [Times: user=0.00 sys=0.00, real=0.00 secs] 
2024-07-23T00:25:52.865+0800: 1.522: Total time for which application threads were stopped: 0.0184506 seconds, Stopping threads took: 0.0165505 seconds
2024-07-23T00:25:52.865+0800: 1.522: [CMS-concurrent-mark-start]
2024-07-23T00:25:52.866+0800: 1.524: [CMS-concurrent-mark: 0.001/0.001 secs] [Times: user=0.00 sys=0.00, real=0.00 secs] 
2024-07-23T00:25:52.866+0800: 1.524: [CMS-concurrent-preclean-start]
2024-07-23T00:25:52.866+0800: 1.524: [CMS-concurrent-preclean: 0.000/0.000 secs] [Times: user=0.00 sys=0.00, real=0.00 secs] 
2024-07-23T00:25:52.866+0800: 1.524: [GC (CMS Final Remark) [YG occupancy: 0 K (157248 K)]2024-07-23T00:25:52.866+0800: 1.524: [Rescan (parallel) , 0.0012205 secs]2024-07-23T00:25:52.868+0800: 1.525: [weak refs processing, 0.0000107 secs]2024-07-23T00:25:52.868+0800: 1.525: [class unloading, 0.0001968 secs]2024-07-23T00:25:52.868+0800: 1.525: [scrub symbol table, 0.0003186 secs]2024-07-23T00:25:52.868+0800: 1.526: [scrub string table, 0.0000921 secs][1 CMS-remark: 205856K(349568K)] 205856K(506816K), 0.0018837 secs] [Times: user=0.00 sys=0.00, real=0.00 secs] 
2024-07-23T00:25:52.868+0800: 1.526: Total time for which application threads were stopped: 0.0019143 seconds, Stopping threads took: 0.0000087 seconds
2024-07-23T00:25:52.868+0800: 1.526: [CMS-concurrent-sweep-start]
2024-07-23T00:25:52.869+0800: 1.526: [CMS-concurrent-sweep: 0.000/0.000 secs] [Times: user=0.00 sys=0.00, real=0.00 secs] 
2024-07-23T00:25:52.869+0800: 1.526: [CMS-concurrent-reset-start]
2024-07-23T00:25:52.869+0800: 1.527: [CMS-concurrent-reset: 0.000/0.000 secs] [Times: user=0.00 sys=0.00, real=0.00 secs] 
{Heap before GC invocations=32 (full 61):
 par new generation   total 157248K, used 0K [0x00000000e0000000, 0x00000000eaaa0000, 0x00000000eaaa0000)
  eden space 139776K,   0% used [0x00000000e0000000, 0x00000000e0000000, 0x00000000e8880000)
  from space 17472K,   0% used [0x00000000e8880000, 0x00000000e8880000, 0x00000000e9990000)
  to   space 17472K,   0% used [0x00000000e9990000, 0x00000000e9990000, 0x00000000eaaa0000)
 concurrent mark-sweep generation total 349568K, used 205856K [0x00000000eaaa0000, 0x0000000100000000, 0x0000000100000000)
 Metaspace       used 3956K, capacity 4568K, committed 4864K, reserved 1056768K
  class space    used 431K, capacity 460K, committed 512K, reserved 1048576K
2024-07-23T00:25:52.889+0800: 1.546: [GC (Allocation Failure) 2024-07-23T00:25:52.889+0800: 1.546: [ParNew
Desired survivor size 8945664 bytes, new threshold 6 (max 6)
: 0K->0K(157248K), 0.0008159 secs]2024-07-23T00:25:52.890+0800: 1.547: [CMS: 205856K->1056K(349568K), 0.0030162 secs] 205856K->1056K(506816K), [Metaspace: 3956K->3956K(1056768K)], 0.0039731 secs] [Times: user=0.00 sys=0.00, real=0.00 secs] 
Heap after GC invocations=33 (full 62):
 par new generation   total 157248K, used 0K [0x00000000e0000000, 0x00000000eaaa0000, 0x00000000eaaa0000)
  eden space 139776K,   0% used [0x00000000e0000000, 0x00000000e0000000, 0x00000000e8880000)
  from space 17472K,   0% used [0x00000000e9990000, 0x00000000e9990000, 0x00000000eaaa0000)
  to   space 17472K,   0% used [0x00000000e8880000, 0x00000000e8880000, 0x00000000e9990000)
 concurrent mark-sweep generation total 349568K, used 1056K [0x00000000eaaa0000, 0x0000000100000000, 0x0000000100000000)
 Metaspace       used 3956K, capacity 4568K, committed 4864K, reserved 1056768K
  class space    used 431K, capacity 460K, committed 512K, reserved 1048576K
}
2024-07-23T00:25:52.893+0800: 1.550: Total time for which application threads were stopped: 0.0040980 seconds, Stopping threads took: 0.0000180 seconds
2024-07-23T00:25:52.910+0800: 1.567: [GC (CMS Initial Mark) [1 CMS-initial-mark: 205856K(349568K)] 205856K(506816K), 0.0006369 secs] [Times: user=0.00 sys=0.00, real=0.00 secs] 
2024-07-23T00:25:52.911+0800: 1.568: Total time for which application threads were stopped: 0.0174753 seconds, Stopping threads took: 0.0167773 seconds
2024-07-23T00:25:52.911+0800: 1.568: [CMS-concurrent-mark-start]
2024-07-23T00:25:52.913+0800: 1.569: [CMS-concurrent-mark: 0.002/0.002 secs] [Times: user=0.00 sys=0.00, real=0.00 secs] 
2024-07-23T00:25:52.913+0800: 1.569: [CMS-concurrent-preclean-start]
2024-07-23T00:25:52.913+0800: 1.570: [CMS-concurrent-preclean: 0.000/0.000 secs] [Times: user=0.00 sys=0.00, real=0.00 secs] 
2024-07-23T00:25:52.913+0800: 1.570: [GC (CMS Final Remark) [YG occupancy: 0 K (157248 K)]2024-07-23T00:25:52.913+0800: 1.570: [Rescan (parallel) , 0.0001958 secs]2024-07-23T00:25:52.913+0800: 1.570: [weak refs processing, 0.0000072 secs]2024-07-23T00:25:52.913+0800: 1.570: [class unloading, 0.0002064 secs]2024-07-23T00:25:52.913+0800: 1.570: [scrub symbol table, 0.0003406 secs]2024-07-23T00:25:52.914+0800: 1.571: [scrub string table, 0.0000997 secs][1 CMS-remark: 205856K(349568K)] 205856K(506816K), 0.0008879 secs] [Times: user=0.00 sys=0.00, real=0.00 secs] 
2024-07-23T00:25:52.914+0800: 1.571: Total time for which application threads were stopped: 0.0009268 seconds, Stopping threads took: 0.0000108 seconds
2024-07-23T00:25:52.914+0800: 1.571: [CMS-concurrent-sweep-start]
2024-07-23T00:25:52.914+0800: 1.571: [CMS-concurrent-sweep: 0.000/0.000 secs] [Times: user=0.00 sys=0.00, real=0.00 secs] 
2024-07-23T00:25:52.914+0800: 1.571: [CMS-concurrent-reset-start]
2024-07-23T00:25:52.914+0800: 1.571: [CMS-concurrent-reset: 0.000/0.000 secs] [Times: user=0.00 sys=0.00, real=0.00 secs] 
{Heap before GC invocations=33 (full 63):
 par new generation   total 157248K, used 0K [0x00000000e0000000, 0x00000000eaaa0000, 0x00000000eaaa0000)
  eden space 139776K,   0% used [0x00000000e0000000, 0x00000000e0000000, 0x00000000e8880000)
  from space 17472K,   0% used [0x00000000e9990000, 0x00000000e9990000, 0x00000000eaaa0000)
  to   space 17472K,   0% used [0x00000000e8880000, 0x00000000e8880000, 0x00000000e9990000)
 concurrent mark-sweep generation total 349568K, used 205856K [0x00000000eaaa0000, 0x0000000100000000, 0x0000000100000000)
 Metaspace       used 3956K, capacity 4568K, committed 4864K, reserved 1056768K
  class space    used 431K, capacity 460K, committed 512K, reserved 1048576K
2024-07-23T00:25:52.936+0800: 1.593: [GC (Allocation Failure) 2024-07-23T00:25:52.936+0800: 1.593: [ParNew
Desired survivor size 8945664 bytes, new threshold 6 (max 6)
: 0K->0K(157248K), 0.0021009 secs]2024-07-23T00:25:52.938+0800: 1.595: [CMS: 205856K->1056K(349568K), 0.0044984 secs] 205856K->1056K(506816K), [Metaspace: 3956K->3956K(1056768K)], 0.0068240 secs] [Times: user=0.00 sys=0.00, real=0.01 secs] 
Heap after GC invocations=34 (full 64):
 par new generation   total 157248K, used 0K [0x00000000e0000000, 0x00000000eaaa0000, 0x00000000eaaa0000)
  eden space 139776K,   0% used [0x00000000e0000000, 0x00000000e0000000, 0x00000000e8880000)
  from space 17472K,   0% used [0x00000000e8880000, 0x00000000e8880000, 0x00000000e9990000)
  to   space 17472K,   0% used [0x00000000e9990000, 0x00000000e9990000, 0x00000000eaaa0000)
 concurrent mark-sweep generation total 349568K, used 1056K [0x00000000eaaa0000, 0x0000000100000000, 0x0000000100000000)
 Metaspace       used 3956K, capacity 4568K, committed 4864K, reserved 1056768K
  class space    used 431K, capacity 460K, committed 512K, reserved 1048576K
}
2024-07-23T00:25:52.943+0800: 1.600: Total time for which application threads were stopped: 0.0069812 seconds, Stopping threads took: 0.0000244 seconds
2024-07-23T00:25:52.961+0800: 1.618: [GC (CMS Initial Mark) [1 CMS-initial-mark: 205856K(349568K)] 205856K(506816K), 0.0002233 secs] [Times: user=0.00 sys=0.00, real=0.00 secs] 
2024-07-23T00:25:52.961+0800: 1.618: Total time for which application threads were stopped: 0.0180300 seconds, Stopping threads took: 0.0177453 seconds
2024-07-23T00:25:52.961+0800: 1.618: [CMS-concurrent-mark-start]
2024-07-23T00:25:52.963+0800: 1.619: [CMS-concurrent-mark: 0.002/0.002 secs] [Times: user=0.00 sys=0.00, real=0.00 secs] 
2024-07-23T00:25:52.963+0800: 1.619: [CMS-concurrent-preclean-start]
2024-07-23T00:25:52.963+0800: 1.620: [CMS-concurrent-preclean: 0.000/0.000 secs] [Times: user=0.00 sys=0.00, real=0.00 secs] 
2024-07-23T00:25:52.963+0800: 1.620: [GC (CMS Final Remark) [YG occupancy: 0 K (157248 K)]2024-07-23T00:25:52.963+0800: 1.620: [Rescan (parallel) , 0.0002570 secs]2024-07-23T00:25:52.963+0800: 1.620: [weak refs processing, 0.0000068 secs]2024-07-23T00:25:52.963+0800: 1.620: [class unloading, 0.0001967 secs]2024-07-23T00:25:52.963+0800: 1.620: [scrub symbol table, 0.0003303 secs]2024-07-23T00:25:52.964+0800: 1.620: [scrub string table, 0.0000939 secs][1 CMS-remark: 205856K(349568K)] 205856K(506816K), 0.0009210 secs] [Times: user=0.00 sys=0.00, real=0.00 secs] 
2024-07-23T00:25:52.964+0800: 1.621: Total time for which application threads were stopped: 0.0009515 seconds, Stopping threads took: 0.0000090 seconds
2024-07-23T00:25:52.964+0800: 1.621: [CMS-concurrent-sweep-start]
2024-07-23T00:25:52.964+0800: 1.621: [CMS-concurrent-sweep: 0.000/0.000 secs] [Times: user=0.00 sys=0.00, real=0.00 secs] 
2024-07-23T00:25:52.964+0800: 1.621: [CMS-concurrent-reset-start]
2024-07-23T00:25:52.964+0800: 1.621: [CMS-concurrent-reset: 0.000/0.000 secs] [Times: user=0.00 sys=0.00, real=0.00 secs] 
{Heap before GC invocations=34 (full 65):
 par new generation   total 157248K, used 0K [0x00000000e0000000, 0x00000000eaaa0000, 0x00000000eaaa0000)
  eden space 139776K,   0% used [0x00000000e0000000, 0x00000000e0000000, 0x00000000e8880000)
  from space 17472K,   0% used [0x00000000e8880000, 0x00000000e8880000, 0x00000000e9990000)
  to   space 17472K,   0% used [0x00000000e9990000, 0x00000000e9990000, 0x00000000eaaa0000)
 concurrent mark-sweep generation total 349568K, used 205856K [0x00000000eaaa0000, 0x0000000100000000, 0x0000000100000000)
 Metaspace       used 3956K, capacity 4568K, committed 4864K, reserved 1056768K
  class space    used 431K, capacity 460K, committed 512K, reserved 1048576K
2024-07-23T00:25:52.983+0800: 1.640: [GC (Allocation Failure) 2024-07-23T00:25:52.983+0800: 1.640: [ParNew
Desired survivor size 8945664 bytes, new threshold 6 (max 6)
: 0K->0K(157248K), 0.0015222 secs]2024-07-23T00:25:52.985+0800: 1.641: [CMS: 205856K->1056K(349568K), 0.0025694 secs] 205856K->1056K(506816K), [Metaspace: 3956K->3956K(1056768K)], 0.0042385 secs] [Times: user=0.00 sys=0.00, real=0.00 secs] 
Heap after GC invocations=35 (full 66):
 par new generation   total 157248K, used 0K [0x00000000e0000000, 0x00000000eaaa0000, 0x00000000eaaa0000)
  eden space 139776K,   0% used [0x00000000e0000000, 0x00000000e0000000, 0x00000000e8880000)
  from space 17472K,   0% used [0x00000000e9990000, 0x00000000e9990000, 0x00000000eaaa0000)
  to   space 17472K,   0% used [0x00000000e8880000, 0x00000000e8880000, 0x00000000e9990000)
 concurrent mark-sweep generation total 349568K, used 1056K [0x00000000eaaa0000, 0x0000000100000000, 0x0000000100000000)
 Metaspace       used 3956K, capacity 4568K, committed 4864K, reserved 1056768K
  class space    used 431K, capacity 460K, committed 512K, reserved 1048576K
}
2024-07-23T00:25:52.987+0800: 1.644: Total time for which application threads were stopped: 0.0043672 seconds, Stopping threads took: 0.0000228 seconds
2024-07-23T00:25:53.004+0800: 1.661: [GC (CMS Initial Mark) [1 CMS-initial-mark: 205856K(349568K)] 205856K(506816K), 0.0005204 secs] [Times: user=0.00 sys=0.00, real=0.00 secs] 
2024-07-23T00:25:53.004+0800: 1.661: Total time for which application threads were stopped: 0.0172230 seconds, Stopping threads took: 0.0166446 seconds
2024-07-23T00:25:53.004+0800: 1.661: [CMS-concurrent-mark-start]
2024-07-23T00:25:53.006+0800: 1.663: [CMS-concurrent-mark: 0.001/0.001 secs] [Times: user=0.00 sys=0.00, real=0.00 secs] 
2024-07-23T00:25:53.006+0800: 1.663: [CMS-concurrent-preclean-start]
2024-07-23T00:25:53.006+0800: 1.663: [CMS-concurrent-preclean: 0.000/0.000 secs] [Times: user=0.00 sys=0.00, real=0.00 secs] 
2024-07-23T00:25:53.006+0800: 1.663: [GC (CMS Final Remark) [YG occupancy: 0 K (157248 K)]2024-07-23T00:25:53.006+0800: 1.663: [Rescan (parallel) , 0.0003372 secs]2024-07-23T00:25:53.006+0800: 1.663: [weak refs processing, 0.0000068 secs]2024-07-23T00:25:53.006+0800: 1.664: [class unloading, 0.0001994 secs]2024-07-23T00:25:53.006+0800: 1.664: [scrub symbol table, 0.0003239 secs]2024-07-23T00:25:53.006+0800: 1.664: [scrub string table, 0.0001014 secs][1 CMS-remark: 205856K(349568K)] 205856K(506816K), 0.0010364 secs] [Times: user=0.00 sys=0.00, real=0.00 secs] 
2024-07-23T00:25:53.007+0800: 1.664: Total time for which application threads were stopped: 0.0010761 seconds, Stopping threads took: 0.0000159 seconds
2024-07-23T00:25:53.007+0800: 1.664: [CMS-concurrent-sweep-start]
2024-07-23T00:25:53.007+0800: 1.664: [CMS-concurrent-sweep: 0.000/0.000 secs] [Times: user=0.00 sys=0.00, real=0.00 secs] 
2024-07-23T00:25:53.007+0800: 1.664: [CMS-concurrent-reset-start]
2024-07-23T00:25:53.007+0800: 1.665: [CMS-concurrent-reset: 0.000/0.000 secs] [Times: user=0.00 sys=0.00, real=0.00 secs] 
{Heap before GC invocations=35 (full 67):
 par new generation   total 157248K, used 0K [0x00000000e0000000, 0x00000000eaaa0000, 0x00000000eaaa0000)
  eden space 139776K,   0% used [0x00000000e0000000, 0x00000000e0000000, 0x00000000e8880000)
  from space 17472K,   0% used [0x00000000e9990000, 0x00000000e9990000, 0x00000000eaaa0000)
  to   space 17472K,   0% used [0x00000000e8880000, 0x00000000e8880000, 0x00000000e9990000)
 concurrent mark-sweep generation total 349568K, used 205856K [0x00000000eaaa0000, 0x0000000100000000, 0x0000000100000000)
 Metaspace       used 3956K, capacity 4568K, committed 4864K, reserved 1056768K
  class space    used 431K, capacity 460K, committed 512K, reserved 1048576K
2024-07-23T00:25:53.030+0800: 1.687: [GC (Allocation Failure) 2024-07-23T00:25:53.030+0800: 1.687: [ParNew
Desired survivor size 8945664 bytes, new threshold 6 (max 6)
: 0K->0K(157248K), 0.0021548 secs]2024-07-23T00:25:53.032+0800: 1.689: [CMS: 205856K->1056K(349568K), 0.0041152 secs] 205856K->1056K(506816K), [Metaspace: 3956K->3956K(1056768K)], 0.0064234 secs] [Times: user=0.00 sys=0.00, real=0.01 secs] 
Heap after GC invocations=36 (full 68):
 par new generation   total 157248K, used 0K [0x00000000e0000000, 0x00000000eaaa0000, 0x00000000eaaa0000)
  eden space 139776K,   0% used [0x00000000e0000000, 0x00000000e0000000, 0x00000000e8880000)
  from space 17472K,   0% used [0x00000000e8880000, 0x00000000e8880000, 0x00000000e9990000)
  to   space 17472K,   0% used [0x00000000e9990000, 0x00000000e9990000, 0x00000000eaaa0000)
 concurrent mark-sweep generation total 349568K, used 1056K [0x00000000eaaa0000, 0x0000000100000000, 0x0000000100000000)
 Metaspace       used 3956K, capacity 4568K, committed 4864K, reserved 1056768K
  class space    used 431K, capacity 460K, committed 512K, reserved 1048576K
}
2024-07-23T00:25:53.036+0800: 1.693: Total time for which application threads were stopped: 0.0065958 seconds, Stopping threads took: 0.0000221 seconds
2024-07-23T00:25:53.053+0800: 1.710: [GC (CMS Initial Mark) [1 CMS-initial-mark: 205856K(349568K)] 205856K(506816K), 0.0004713 secs] [Times: user=0.00 sys=0.00, real=0.00 secs] 
2024-07-23T00:25:53.054+0800: 1.711: Total time for which application threads were stopped: 0.0172866 seconds, Stopping threads took: 0.0167483 seconds
2024-07-23T00:25:53.054+0800: 1.711: [CMS-concurrent-mark-start]
2024-07-23T00:25:53.055+0800: 1.712: [CMS-concurrent-mark: 0.001/0.001 secs] [Times: user=0.00 sys=0.00, real=0.00 secs] 
2024-07-23T00:25:53.055+0800: 1.712: [CMS-concurrent-preclean-start]
2024-07-23T00:25:53.056+0800: 1.712: [CMS-concurrent-preclean: 0.000/0.000 secs] [Times: user=0.00 sys=0.00, real=0.00 secs] 
2024-07-23T00:25:53.056+0800: 1.712: [GC (CMS Final Remark) [YG occupancy: 0 K (157248 K)]2024-07-23T00:25:53.056+0800: 1.712: [Rescan (parallel) , 0.0003704 secs]2024-07-23T00:25:53.056+0800: 1.713: [weak refs processing, 0.0000131 secs]2024-07-23T00:25:53.056+0800: 1.713: [class unloading, 0.0002581 secs]2024-07-23T00:25:53.056+0800: 1.713: [scrub symbol table, 0.0003491 secs]2024-07-23T00:25:53.057+0800: 1.713: [scrub string table, 0.0001141 secs][1 CMS-remark: 205856K(349568K)] 205856K(506816K), 0.0011625 secs] [Times: user=0.00 sys=0.00, real=0.00 secs] 
2024-07-23T00:25:53.057+0800: 1.714: Total time for which application threads were stopped: 0.0011970 seconds, Stopping threads took: 0.0000105 seconds
2024-07-23T00:25:53.057+0800: 1.714: [CMS-concurrent-sweep-start]
2024-07-23T00:25:53.057+0800: 1.714: [CMS-concurrent-sweep: 0.000/0.000 secs] [Times: user=0.00 sys=0.00, real=0.00 secs] 
2024-07-23T00:25:53.057+0800: 1.714: [CMS-concurrent-reset-start]
2024-07-23T00:25:53.058+0800: 1.714: [CMS-concurrent-reset: 0.000/0.000 secs] [Times: user=0.00 sys=0.00, real=0.00 secs] 
{Heap before GC invocations=36 (full 69):
 par new generation   total 157248K, used 0K [0x00000000e0000000, 0x00000000eaaa0000, 0x00000000eaaa0000)
  eden space 139776K,   0% used [0x00000000e0000000, 0x00000000e0000000, 0x00000000e8880000)
  from space 17472K,   0% used [0x00000000e8880000, 0x00000000e8880000, 0x00000000e9990000)
  to   space 17472K,   0% used [0x00000000e9990000, 0x00000000e9990000, 0x00000000eaaa0000)
 concurrent mark-sweep generation total 349568K, used 205856K [0x00000000eaaa0000, 0x0000000100000000, 0x0000000100000000)
 Metaspace       used 3956K, capacity 4568K, committed 4864K, reserved 1056768K
  class space    used 431K, capacity 460K, committed 512K, reserved 1048576K
2024-07-23T00:25:53.077+0800: 1.734: [GC (Allocation Failure) 2024-07-23T00:25:53.077+0800: 1.734: [ParNew
Desired survivor size 8945664 bytes, new threshold 6 (max 6)
: 0K->0K(157248K), 0.0021299 secs]2024-07-23T00:25:53.079+0800: 1.736: [CMS: 205856K->1056K(349568K), 0.0025965 secs] 205856K->1056K(506816K), [Metaspace: 3956K->3956K(1056768K)], 0.0049429 secs] [Times: user=0.00 sys=0.00, real=0.01 secs] 
Heap after GC invocations=37 (full 70):
 par new generation   total 157248K, used 0K [0x00000000e0000000, 0x00000000eaaa0000, 0x00000000eaaa0000)
  eden space 139776K,   0% used [0x00000000e0000000, 0x00000000e0000000, 0x00000000e8880000)
  from space 17472K,   0% used [0x00000000e9990000, 0x00000000e9990000, 0x00000000eaaa0000)
  to   space 17472K,   0% used [0x00000000e8880000, 0x00000000e8880000, 0x00000000e9990000)
 concurrent mark-sweep generation total 349568K, used 1056K [0x00000000eaaa0000, 0x0000000100000000, 0x0000000100000000)
 Metaspace       used 3956K, capacity 4568K, committed 4864K, reserved 1056768K
  class space    used 431K, capacity 460K, committed 512K, reserved 1048576K
}
2024-07-23T00:25:53.082+0800: 1.739: Total time for which application threads were stopped: 0.0050756 seconds, Stopping threads took: 0.0000244 seconds
2024-07-23T00:25:53.099+0800: 1.756: [GC (CMS Initial Mark) [1 CMS-initial-mark: 205856K(349568K)] 205856K(506816K), 0.0002465 secs] [Times: user=0.00 sys=0.00, real=0.00 secs] 
2024-07-23T00:25:53.099+0800: 1.756: Total time for which application threads were stopped: 0.0169841 seconds, Stopping threads took: 0.0166685 seconds
2024-07-23T00:25:53.099+0800: 1.756: [CMS-concurrent-mark-start]
2024-07-23T00:25:53.100+0800: 1.757: [CMS-concurrent-mark: 0.001/0.001 secs] [Times: user=0.00 sys=0.00, real=0.00 secs] 
2024-07-23T00:25:53.100+0800: 1.757: [CMS-concurrent-preclean-start]
2024-07-23T00:25:53.101+0800: 1.757: [CMS-concurrent-preclean: 0.000/0.000 secs] [Times: user=0.00 sys=0.00, real=0.00 secs] 
2024-07-23T00:25:53.101+0800: 1.758: [GC (CMS Final Remark) [YG occupancy: 0 K (157248 K)]2024-07-23T00:25:53.101+0800: 1.758: [Rescan (parallel) , 0.0002302 secs]2024-07-23T00:25:53.101+0800: 1.758: [weak refs processing, 0.0000085 secs]2024-07-23T00:25:53.101+0800: 1.758: [class unloading, 0.0001988 secs]2024-07-23T00:25:53.101+0800: 1.758: [scrub symbol table, 0.0003293 secs]2024-07-23T00:25:53.102+0800: 1.758: [scrub string table, 0.0000937 secs][1 CMS-remark: 205856K(349568K)] 205856K(506816K), 0.0009068 secs] [Times: user=0.00 sys=0.00, real=0.00 secs] 
2024-07-23T00:25:53.102+0800: 1.758: Total time for which application threads were stopped: 0.0009438 seconds, Stopping threads took: 0.0000092 seconds
2024-07-23T00:25:53.102+0800: 1.759: [CMS-concurrent-sweep-start]
2024-07-23T00:25:53.102+0800: 1.759: [CMS-concurrent-sweep: 0.000/0.000 secs] [Times: user=0.00 sys=0.00, real=0.00 secs] 
2024-07-23T00:25:53.102+0800: 1.759: [CMS-concurrent-reset-start]
2024-07-23T00:25:53.102+0800: 1.759: [CMS-concurrent-reset: 0.000/0.000 secs] [Times: user=0.00 sys=0.00, real=0.00 secs] 
{Heap before GC invocations=37 (full 71):
 par new generation   total 157248K, used 0K [0x00000000e0000000, 0x00000000eaaa0000, 0x00000000eaaa0000)
  eden space 139776K,   0% used [0x00000000e0000000, 0x00000000e0000000, 0x00000000e8880000)
  from space 17472K,   0% used [0x00000000e9990000, 0x00000000e9990000, 0x00000000eaaa0000)
  to   space 17472K,   0% used [0x00000000e8880000, 0x00000000e8880000, 0x00000000e9990000)
 concurrent mark-sweep generation total 349568K, used 205856K [0x00000000eaaa0000, 0x0000000100000000, 0x0000000100000000)
 Metaspace       used 3956K, capacity 4568K, committed 4864K, reserved 1056768K
  class space    used 431K, capacity 460K, committed 512K, reserved 1048576K
2024-07-23T00:25:53.123+0800: 1.780: [GC (Allocation Failure) 2024-07-23T00:25:53.123+0800: 1.780: [ParNew
Desired survivor size 8945664 bytes, new threshold 6 (max 6)
: 0K->0K(157248K), 0.0005056 secs]2024-07-23T00:25:53.123+0800: 1.781: [CMS: 205856K->1056K(349568K), 0.0027805 secs] 205856K->1056K(506816K), [Metaspace: 3956K->3956K(1056768K)], 0.0034231 secs] [Times: user=0.00 sys=0.00, real=0.00 secs] 
Heap after GC invocations=38 (full 72):
 par new generation   total 157248K, used 0K [0x00000000e0000000, 0x00000000eaaa0000, 0x00000000eaaa0000)
  eden space 139776K,   0% used [0x00000000e0000000, 0x00000000e0000000, 0x00000000e8880000)
  from space 17472K,   0% used [0x00000000e8880000, 0x00000000e8880000, 0x00000000e9990000)
  to   space 17472K,   0% used [0x00000000e9990000, 0x00000000e9990000, 0x00000000eaaa0000)
 concurrent mark-sweep generation total 349568K, used 1056K [0x00000000eaaa0000, 0x0000000100000000, 0x0000000100000000)
 Metaspace       used 3956K, capacity 4568K, committed 4864K, reserved 1056768K
  class space    used 431K, capacity 460K, committed 512K, reserved 1048576K
}
2024-07-23T00:25:53.127+0800: 1.784: Total time for which application threads were stopped: 0.0035434 seconds, Stopping threads took: 0.0000186 seconds
2024-07-23T00:25:53.158+0800: 1.816: [GC (CMS Initial Mark) [1 CMS-initial-mark: 205856K(349568K)] 205856K(506816K), 0.0004021 secs] [Times: user=0.00 sys=0.00, real=0.00 secs] 
2024-07-23T00:25:53.159+0800: 1.816: Total time for which application threads were stopped: 0.0319568 seconds, Stopping threads took: 0.0314905 seconds
2024-07-23T00:25:53.159+0800: 1.816: [CMS-concurrent-mark-start]
2024-07-23T00:25:53.160+0800: 1.818: [CMS-concurrent-mark: 0.002/0.002 secs] [Times: user=0.00 sys=0.00, real=0.00 secs] 
2024-07-23T00:25:53.160+0800: 1.818: [CMS-concurrent-preclean-start]
2024-07-23T00:25:53.160+0800: 1.818: [CMS-concurrent-preclean: 0.000/0.000 secs] [Times: user=0.00 sys=0.00, real=0.00 secs] 
2024-07-23T00:25:53.160+0800: 1.818: [GC (CMS Final Remark) [YG occupancy: 0 K (157248 K)]2024-07-23T00:25:53.160+0800: 1.818: [Rescan (parallel) , 0.0002421 secs]2024-07-23T00:25:53.161+0800: 1.818: [weak refs processing, 0.0000089 secs]2024-07-23T00:25:53.161+0800: 1.818: [class unloading, 0.0001988 secs]2024-07-23T00:25:53.161+0800: 1.818: [scrub symbol table, 0.0003106 secs]2024-07-23T00:25:53.161+0800: 1.819: [scrub string table, 0.0000847 secs][1 CMS-remark: 205856K(349568K)] 205856K(506816K), 0.0008808 secs] [Times: user=0.00 sys=0.00, real=0.00 secs] 
2024-07-23T00:25:53.161+0800: 1.819: Total time for which application threads were stopped: 0.0009117 seconds, Stopping threads took: 0.0000102 seconds
2024-07-23T00:25:53.161+0800: 1.819: [CMS-concurrent-sweep-start]
2024-07-23T00:25:53.162+0800: 1.819: [CMS-concurrent-sweep: 0.000/0.000 secs] [Times: user=0.00 sys=0.00, real=0.00 secs] 
2024-07-23T00:25:53.162+0800: 1.819: [CMS-concurrent-reset-start]
2024-07-23T00:25:53.162+0800: 1.819: [CMS-concurrent-reset: 0.000/0.000 secs] [Times: user=0.00 sys=0.00, real=0.00 secs] 
{Heap before GC invocations=38 (full 73):
 par new generation   total 157248K, used 0K [0x00000000e0000000, 0x00000000eaaa0000, 0x00000000eaaa0000)
  eden space 139776K,   0% used [0x00000000e0000000, 0x00000000e0000000, 0x00000000e8880000)
  from space 17472K,   0% used [0x00000000e8880000, 0x00000000e8880000, 0x00000000e9990000)
  to   space 17472K,   0% used [0x00000000e9990000, 0x00000000e9990000, 0x00000000eaaa0000)
 concurrent mark-sweep generation total 349568K, used 205856K [0x00000000eaaa0000, 0x0000000100000000, 0x0000000100000000)
 Metaspace       used 3956K, capacity 4568K, committed 4864K, reserved 1056768K
  class space    used 431K, capacity 460K, committed 512K, reserved 1048576K
2024-07-23T00:25:53.171+0800: 1.828: [GC (Allocation Failure) 2024-07-23T00:25:53.171+0800: 1.828: [ParNew
Desired survivor size 8945664 bytes, new threshold 6 (max 6)
: 0K->0K(157248K), 0.0005039 secs]2024-07-23T00:25:53.171+0800: 1.828: [CMS: 205856K->1056K(349568K), 0.0022413 secs] 205856K->1056K(506816K), [Metaspace: 3956K->3956K(1056768K)], 0.0028102 secs] [Times: user=0.00 sys=0.00, real=0.00 secs] 
Heap after GC invocations=39 (full 74):
 par new generation   total 157248K, used 0K [0x00000000e0000000, 0x00000000eaaa0000, 0x00000000eaaa0000)
  eden space 139776K,   0% used [0x00000000e0000000, 0x00000000e0000000, 0x00000000e8880000)
  from space 17472K,   0% used [0x00000000e9990000, 0x00000000e9990000, 0x00000000eaaa0000)
  to   space 17472K,   0% used [0x00000000e8880000, 0x00000000e8880000, 0x00000000e9990000)
 concurrent mark-sweep generation total 349568K, used 1056K [0x00000000eaaa0000, 0x0000000100000000, 0x0000000100000000)
 Metaspace       used 3956K, capacity 4568K, committed 4864K, reserved 1056768K
  class space    used 431K, capacity 460K, committed 512K, reserved 1048576K
}
2024-07-23T00:25:53.173+0800: 1.830: Total time for which application threads were stopped: 0.0029047 seconds, Stopping threads took: 0.0000148 seconds
2024-07-23T00:25:53.191+0800: 1.848: [GC (CMS Initial Mark) [1 CMS-initial-mark: 205856K(349568K)] 205856K(506816K), 0.0005470 secs] [Times: user=0.00 sys=0.00, real=0.00 secs] 
2024-07-23T00:25:53.192+0800: 1.849: Total time for which application threads were stopped: 0.0182906 seconds, Stopping threads took: 0.0175032 seconds
2024-07-23T00:25:53.192+0800: 1.849: [CMS-concurrent-mark-start]
2024-07-23T00:25:53.193+0800: 1.850: [CMS-concurrent-mark: 0.001/0.001 secs] [Times: user=0.00 sys=0.00, real=0.00 secs] 
2024-07-23T00:25:53.193+0800: 1.850: [CMS-concurrent-preclean-start]
2024-07-23T00:25:53.193+0800: 1.850: [CMS-concurrent-preclean: 0.000/0.000 secs] [Times: user=0.00 sys=0.00, real=0.00 secs] 
2024-07-23T00:25:53.194+0800: 1.851: [GC (CMS Final Remark) [YG occupancy: 0 K (157248 K)]2024-07-23T00:25:53.194+0800: 1.851: [Rescan (parallel) , 0.0003670 secs]2024-07-23T00:25:53.194+0800: 1.851: [weak refs processing, 0.0000087 secs]2024-07-23T00:25:53.194+0800: 1.851: [class unloading, 0.0002077 secs]2024-07-23T00:25:53.194+0800: 1.851: [scrub symbol table, 0.0003301 secs]2024-07-23T00:25:53.195+0800: 1.852: [scrub string table, 0.0000955 secs][1 CMS-remark: 205856K(349568K)] 205856K(506816K), 0.0010535 secs] [Times: user=0.00 sys=0.00, real=0.00 secs] 
2024-07-23T00:25:53.195+0800: 1.852: Total time for which application threads were stopped: 0.0010868 seconds, Stopping threads took: 0.0000098 seconds
2024-07-23T00:25:53.195+0800: 1.852: [CMS-concurrent-sweep-start]
2024-07-23T00:25:53.195+0800: 1.852: [CMS-concurrent-sweep: 0.000/0.000 secs] [Times: user=0.00 sys=0.00, real=0.00 secs] 
2024-07-23T00:25:53.195+0800: 1.852: [CMS-concurrent-reset-start]
2024-07-23T00:25:53.195+0800: 1.852: [CMS-concurrent-reset: 0.000/0.000 secs] [Times: user=0.00 sys=0.00, real=0.00 secs] 
{Heap before GC invocations=39 (full 75):
 par new generation   total 157248K, used 0K [0x00000000e0000000, 0x00000000eaaa0000, 0x00000000eaaa0000)
  eden space 139776K,   0% used [0x00000000e0000000, 0x00000000e0000000, 0x00000000e8880000)
  from space 17472K,   0% used [0x00000000e9990000, 0x00000000e9990000, 0x00000000eaaa0000)
  to   space 17472K,   0% used [0x00000000e8880000, 0x00000000e8880000, 0x00000000e9990000)
 concurrent mark-sweep generation total 349568K, used 205856K [0x00000000eaaa0000, 0x0000000100000000, 0x0000000100000000)
 Metaspace       used 3956K, capacity 4568K, committed 4864K, reserved 1056768K
  class space    used 431K, capacity 460K, committed 512K, reserved 1048576K
2024-07-23T00:25:53.217+0800: 1.874: [GC (Allocation Failure) 2024-07-23T00:25:53.217+0800: 1.874: [ParNew
Desired survivor size 8945664 bytes, new threshold 6 (max 6)
: 0K->0K(157248K), 0.0007377 secs]2024-07-23T00:25:53.218+0800: 1.875: [CMS: 205856K->1056K(349568K), 0.0030844 secs] 205856K->1056K(506816K), [Metaspace: 3956K->3956K(1056768K)], 0.0039263 secs] [Times: user=0.00 sys=0.00, real=0.00 secs] 
Heap after GC invocations=40 (full 76):
 par new generation   total 157248K, used 0K [0x00000000e0000000, 0x00000000eaaa0000, 0x00000000eaaa0000)
  eden space 139776K,   0% used [0x00000000e0000000, 0x00000000e0000000, 0x00000000e8880000)
  from space 17472K,   0% used [0x00000000e8880000, 0x00000000e8880000, 0x00000000e9990000)
  to   space 17472K,   0% used [0x00000000e9990000, 0x00000000e9990000, 0x00000000eaaa0000)
 concurrent mark-sweep generation total 349568K, used 1056K [0x00000000eaaa0000, 0x0000000100000000, 0x0000000100000000)
 Metaspace       used 3956K, capacity 4568K, committed 4864K, reserved 1056768K
  class space    used 431K, capacity 460K, committed 512K, reserved 1048576K
}
2024-07-23T00:25:53.221+0800: 1.878: Total time for which application threads were stopped: 0.0040628 seconds, Stopping threads took: 0.0000207 seconds
2024-07-23T00:25:53.237+0800: 1.894: [GC (CMS Initial Mark) [1 CMS-initial-mark: 205856K(349568K)] 205856K(506816K), 0.0004033 secs] [Times: user=0.00 sys=0.00, real=0.00 secs] 
2024-07-23T00:25:53.238+0800: 1.895: Total time for which application threads were stopped: 0.0170761 seconds, Stopping threads took: 0.0166131 seconds
2024-07-23T00:25:53.238+0800: 1.895: [CMS-concurrent-mark-start]
2024-07-23T00:25:53.239+0800: 1.896: [CMS-concurrent-mark: 0.001/0.001 secs] [Times: user=0.00 sys=0.00, real=0.00 secs] 
2024-07-23T00:25:53.239+0800: 1.896: [CMS-concurrent-preclean-start]
2024-07-23T00:25:53.239+0800: 1.896: [CMS-concurrent-preclean: 0.000/0.000 secs] [Times: user=0.00 sys=0.00, real=0.00 secs] 
2024-07-23T00:25:53.240+0800: 1.897: [GC (CMS Final Remark) [YG occupancy: 0 K (157248 K)]2024-07-23T00:25:53.240+0800: 1.897: [Rescan (parallel) , 0.0002118 secs]2024-07-23T00:25:53.240+0800: 1.897: [weak refs processing, 0.0000070 secs]2024-07-23T00:25:53.240+0800: 1.897: [class unloading, 0.0002076 secs]2024-07-23T00:25:53.240+0800: 1.897: [scrub symbol table, 0.0003256 secs]2024-07-23T00:25:53.240+0800: 1.897: [scrub string table, 0.0001009 secs][1 CMS-remark: 205856K(349568K)] 205856K(506816K), 0.0008906 secs] [Times: user=0.00 sys=0.00, real=0.00 secs] 
2024-07-23T00:25:53.240+0800: 1.897: Total time for which application threads were stopped: 0.0009207 seconds, Stopping threads took: 0.0000098 seconds
2024-07-23T00:25:53.240+0800: 1.898: [CMS-concurrent-sweep-start]
2024-07-23T00:25:53.240+0800: 1.898: [CMS-concurrent-sweep: 0.000/0.000 secs] [Times: user=0.00 sys=0.00, real=0.00 secs] 
2024-07-23T00:25:53.240+0800: 1.898: [CMS-concurrent-reset-start]
2024-07-23T00:25:53.241+0800: 1.898: [CMS-concurrent-reset: 0.000/0.000 secs] [Times: user=0.00 sys=0.00, real=0.00 secs] 
{Heap before GC invocations=40 (full 77):
 par new generation   total 157248K, used 0K [0x00000000e0000000, 0x00000000eaaa0000, 0x00000000eaaa0000)
  eden space 139776K,   0% used [0x00000000e0000000, 0x00000000e0000000, 0x00000000e8880000)
  from space 17472K,   0% used [0x00000000e8880000, 0x00000000e8880000, 0x00000000e9990000)
  to   space 17472K,   0% used [0x00000000e9990000, 0x00000000e9990000, 0x00000000eaaa0000)
 concurrent mark-sweep generation total 349568K, used 205856K [0x00000000eaaa0000, 0x0000000100000000, 0x0000000100000000)
 Metaspace       used 3956K, capacity 4568K, committed 4864K, reserved 1056768K
  class space    used 431K, capacity 460K, committed 512K, reserved 1048576K
2024-07-23T00:25:53.249+0800: 1.906: [GC (Allocation Failure) 2024-07-23T00:25:53.249+0800: 1.906: [ParNew
Desired survivor size 8945664 bytes, new threshold 6 (max 6)
: 0K->0K(157248K), 0.0005859 secs]2024-07-23T00:25:53.249+0800: 1.906: [CMS: 205856K->1056K(349568K), 0.0027635 secs] 205856K->1056K(506816K), [Metaspace: 3956K->3956K(1056768K)], 0.0034427 secs] [Times: user=0.00 sys=0.00, real=0.00 secs] 
Heap after GC invocations=41 (full 78):
 par new generation   total 157248K, used 0K [0x00000000e0000000, 0x00000000eaaa0000, 0x00000000eaaa0000)
  eden space 139776K,   0% used [0x00000000e0000000, 0x00000000e0000000, 0x00000000e8880000)
  from space 17472K,   0% used [0x00000000e9990000, 0x00000000e9990000, 0x00000000eaaa0000)
  to   space 17472K,   0% used [0x00000000e8880000, 0x00000000e8880000, 0x00000000e9990000)
 concurrent mark-sweep generation total 349568K, used 1056K [0x00000000eaaa0000, 0x0000000100000000, 0x0000000100000000)
 Metaspace       used 3956K, capacity 4568K, committed 4864K, reserved 1056768K
  class space    used 431K, capacity 460K, committed 512K, reserved 1048576K
}
2024-07-23T00:25:53.252+0800: 1.909: Total time for which application threads were stopped: 0.0035406 seconds, Stopping threads took: 0.0000121 seconds
2024-07-23T00:25:53.269+0800: 1.926: [GC (CMS Initial Mark) [1 CMS-initial-mark: 205856K(349568K)] 205856K(506816K), 0.0005373 secs] [Times: user=0.00 sys=0.00, real=0.00 secs] 
2024-07-23T00:25:53.270+0800: 1.927: Total time for which application threads were stopped: 0.0174892 seconds, Stopping threads took: 0.0168938 seconds
2024-07-23T00:25:53.270+0800: 1.927: [CMS-concurrent-mark-start]
2024-07-23T00:25:53.271+0800: 1.928: [CMS-concurrent-mark: 0.001/0.001 secs] [Times: user=0.00 sys=0.00, real=0.00 secs] 
2024-07-23T00:25:53.271+0800: 1.928: [CMS-concurrent-preclean-start]
2024-07-23T00:25:53.272+0800: 1.928: [CMS-concurrent-preclean: 0.000/0.000 secs] [Times: user=0.00 sys=0.00, real=0.00 secs] 
2024-07-23T00:25:53.272+0800: 1.928: [GC (CMS Final Remark) [YG occupancy: 0 K (157248 K)]2024-07-23T00:25:53.272+0800: 1.928: [Rescan (parallel) , 0.0002620 secs]2024-07-23T00:25:53.272+0800: 1.929: [weak refs processing, 0.0000079 secs]2024-07-23T00:25:53.272+0800: 1.929: [class unloading, 0.0002366 secs]2024-07-23T00:25:53.272+0800: 1.929: [scrub symbol table, 0.0003553 secs]2024-07-23T00:25:53.272+0800: 1.929: [scrub string table, 0.0000985 secs][1 CMS-remark: 205856K(349568K)] 205856K(506816K), 0.0010118 secs] [Times: user=0.00 sys=0.00, real=0.00 secs] 
2024-07-23T00:25:53.272+0800: 1.929: Total time for which application threads were stopped: 0.0010502 seconds, Stopping threads took: 0.0000139 seconds
2024-07-23T00:25:53.272+0800: 1.929: [CMS-concurrent-sweep-start]
2024-07-23T00:25:53.272+0800: 1.930: [CMS-concurrent-sweep: 0.000/0.000 secs] [Times: user=0.00 sys=0.00, real=0.00 secs] 
2024-07-23T00:25:53.272+0800: 1.930: [CMS-concurrent-reset-start]
2024-07-23T00:25:53.273+0800: 1.930: [CMS-concurrent-reset: 0.000/0.000 secs] [Times: user=0.00 sys=0.00, real=0.00 secs] 
{Heap before GC invocations=41 (full 79):
 par new generation   total 157248K, used 0K [0x00000000e0000000, 0x00000000eaaa0000, 0x00000000eaaa0000)
  eden space 139776K,   0% used [0x00000000e0000000, 0x00000000e0000000, 0x00000000e8880000)
  from space 17472K,   0% used [0x00000000e9990000, 0x00000000e9990000, 0x00000000eaaa0000)
  to   space 17472K,   0% used [0x00000000e8880000, 0x00000000e8880000, 0x00000000e9990000)
 concurrent mark-sweep generation total 349568K, used 205856K [0x00000000eaaa0000, 0x0000000100000000, 0x0000000100000000)
 Metaspace       used 3956K, capacity 4568K, committed 4864K, reserved 1056768K
  class space    used 431K, capacity 460K, committed 512K, reserved 1048576K
2024-07-23T00:25:53.280+0800: 1.937: [GC (Allocation Failure) 2024-07-23T00:25:53.280+0800: 1.937: [ParNew
Desired survivor size 8945664 bytes, new threshold 6 (max 6)
: 0K->0K(157248K), 0.0005116 secs]2024-07-23T00:25:53.281+0800: 1.937: [CMS: 205856K->1056K(349568K), 0.0025655 secs] 205856K->1056K(506816K), [Metaspace: 3956K->3956K(1056768K)], 0.0031404 secs] [Times: user=0.00 sys=0.00, real=0.00 secs] 
Heap after GC invocations=42 (full 80):
 par new generation   total 157248K, used 0K [0x00000000e0000000, 0x00000000eaaa0000, 0x00000000eaaa0000)
  eden space 139776K,   0% used [0x00000000e0000000, 0x00000000e0000000, 0x00000000e8880000)
  from space 17472K,   0% used [0x00000000e8880000, 0x00000000e8880000, 0x00000000e9990000)
  to   space 17472K,   0% used [0x00000000e9990000, 0x00000000e9990000, 0x00000000eaaa0000)
 concurrent mark-sweep generation total 349568K, used 1056K [0x00000000eaaa0000, 0x0000000100000000, 0x0000000100000000)
 Metaspace       used 3956K, capacity 4568K, committed 4864K, reserved 1056768K
  class space    used 431K, capacity 460K, committed 512K, reserved 1048576K
}
2024-07-23T00:25:53.283+0800: 1.940: Total time for which application threads were stopped: 0.0032446 seconds, Stopping threads took: 0.0000144 seconds
2024-07-23T00:25:53.300+0800: 1.957: [GC (CMS Initial Mark) [1 CMS-initial-mark: 205856K(349568K)] 205856K(506816K), 0.0002704 secs] [Times: user=0.00 sys=0.00, real=0.00 secs] 
2024-07-23T00:25:53.300+0800: 1.958: Total time for which application threads were stopped: 0.0175574 seconds, Stopping threads took: 0.0171960 seconds
2024-07-23T00:25:53.300+0800: 1.958: [CMS-concurrent-mark-start]
2024-07-23T00:25:53.302+0800: 1.959: [CMS-concurrent-mark: 0.001/0.001 secs] [Times: user=0.00 sys=0.00, real=0.00 secs] 
2024-07-23T00:25:53.302+0800: 1.959: [CMS-concurrent-preclean-start]
2024-07-23T00:25:53.302+0800: 1.959: [CMS-concurrent-preclean: 0.000/0.000 secs] [Times: user=0.00 sys=0.00, real=0.00 secs] 
2024-07-23T00:25:53.302+0800: 1.959: [GC (CMS Final Remark) [YG occupancy: 0 K (157248 K)]2024-07-23T00:25:53.302+0800: 1.959: [Rescan (parallel) , 0.0002139 secs]2024-07-23T00:25:53.302+0800: 1.960: [weak refs processing, 0.0000074 secs]2024-07-23T00:25:53.302+0800: 1.960: [class unloading, 0.0002021 secs]2024-07-23T00:25:53.302+0800: 1.960: [scrub symbol table, 0.0003403 secs]2024-07-23T00:25:53.303+0800: 1.960: [scrub string table, 0.0001016 secs][1 CMS-remark: 205856K(349568K)] 205856K(506816K), 0.0009471 secs] [Times: user=0.00 sys=0.00, real=0.00 secs] 
2024-07-23T00:25:53.303+0800: 1.960: Total time for which application threads were stopped: 0.0009964 seconds, Stopping threads took: 0.0000084 seconds
2024-07-23T00:25:53.303+0800: 1.960: [CMS-concurrent-sweep-start]
2024-07-23T00:25:53.303+0800: 1.961: [CMS-concurrent-sweep: 0.000/0.000 secs] [Times: user=0.00 sys=0.00, real=0.00 secs] 
2024-07-23T00:25:53.303+0800: 1.961: [CMS-concurrent-reset-start]
2024-07-23T00:25:53.303+0800: 1.961: [CMS-concurrent-reset: 0.000/0.000 secs] [Times: user=0.00 sys=0.00, real=0.00 secs] 
{Heap before GC invocations=42 (full 81):
 par new generation   total 157248K, used 0K [0x00000000e0000000, 0x00000000eaaa0000, 0x00000000eaaa0000)
  eden space 139776K,   0% used [0x00000000e0000000, 0x00000000e0000000, 0x00000000e8880000)
  from space 17472K,   0% used [0x00000000e8880000, 0x00000000e8880000, 0x00000000e9990000)
  to   space 17472K,   0% used [0x00000000e9990000, 0x00000000e9990000, 0x00000000eaaa0000)
 concurrent mark-sweep generation total 349568K, used 205856K [0x00000000eaaa0000, 0x0000000100000000, 0x0000000100000000)
 Metaspace       used 3956K, capacity 4568K, committed 4864K, reserved 1056768K
  class space    used 431K, capacity 460K, committed 512K, reserved 1048576K
2024-07-23T00:25:53.311+0800: 1.968: [GC (Allocation Failure) 2024-07-23T00:25:53.311+0800: 1.968: [ParNew
Desired survivor size 8945664 bytes, new threshold 6 (max 6)
: 0K->0K(157248K), 0.0008897 secs]2024-07-23T00:25:53.311+0800: 1.968: [CMS: 205856K->1056K(349568K), 0.0031695 secs] 205856K->1056K(506816K), [Metaspace: 3956K->3956K(1056768K)], 0.0041635 secs] [Times: user=0.00 sys=0.00, real=0.00 secs] 
Heap after GC invocations=43 (full 82):
 par new generation   total 157248K, used 0K [0x00000000e0000000, 0x00000000eaaa0000, 0x00000000eaaa0000)
  eden space 139776K,   0% used [0x00000000e0000000, 0x00000000e0000000, 0x00000000e8880000)
  from space 17472K,   0% used [0x00000000e9990000, 0x00000000e9990000, 0x00000000eaaa0000)
  to   space 17472K,   0% used [0x00000000e8880000, 0x00000000e8880000, 0x00000000e9990000)
 concurrent mark-sweep generation total 349568K, used 1056K [0x00000000eaaa0000, 0x0000000100000000, 0x0000000100000000)
 Metaspace       used 3956K, capacity 4568K, committed 4864K, reserved 1056768K
  class space    used 431K, capacity 460K, committed 512K, reserved 1048576K
}
2024-07-23T00:25:53.315+0800: 1.972: Total time for which application threads were stopped: 0.0042727 seconds, Stopping threads took: 0.0000166 seconds
2024-07-23T00:25:53.332+0800: 1.988: [GC (CMS Initial Mark) [1 CMS-initial-mark: 205856K(349568K)] 205856K(506816K), 0.0001915 secs] [Times: user=0.00 sys=0.00, real=0.00 secs] 
2024-07-23T00:25:53.332+0800: 1.989: Total time for which application threads were stopped: 0.0168501 seconds, Stopping threads took: 0.0165942 seconds
2024-07-23T00:25:53.332+0800: 1.989: [CMS-concurrent-mark-start]
2024-07-23T00:25:53.333+0800: 1.990: [CMS-concurrent-mark: 0.001/0.001 secs] [Times: user=0.00 sys=0.00, real=0.00 secs] 
2024-07-23T00:25:53.333+0800: 1.990: [CMS-concurrent-preclean-start]
2024-07-23T00:25:53.333+0800: 1.990: [CMS-concurrent-preclean: 0.000/0.000 secs] [Times: user=0.00 sys=0.00, real=0.00 secs] 
2024-07-23T00:25:53.333+0800: 1.990: [GC (CMS Final Remark) [YG occupancy: 0 K (157248 K)]2024-07-23T00:25:53.333+0800: 1.990: [Rescan (parallel) , 0.0002149 secs]2024-07-23T00:25:53.334+0800: 1.991: [weak refs processing, 0.0000074 secs]2024-07-23T00:25:53.334+0800: 1.991: [class unloading, 0.0001956 secs]2024-07-23T00:25:53.334+0800: 1.991: [scrub symbol table, 0.0003275 secs]2024-07-23T00:25:53.334+0800: 1.991: [scrub string table, 0.0000933 secs][1 CMS-remark: 205856K(349568K)] 205856K(506816K), 0.0008732 secs] [Times: user=0.00 sys=0.00, real=0.00 secs] 
2024-07-23T00:25:53.334+0800: 1.991: Total time for which application threads were stopped: 0.0009031 seconds, Stopping threads took: 0.0000085 seconds
2024-07-23T00:25:53.334+0800: 1.991: [CMS-concurrent-sweep-start]
2024-07-23T00:25:53.335+0800: 1.991: [CMS-concurrent-sweep: 0.000/0.000 secs] [Times: user=0.00 sys=0.00, real=0.00 secs] 
2024-07-23T00:25:53.335+0800: 1.991: [CMS-concurrent-reset-start]
2024-07-23T00:25:53.335+0800: 1.992: [CMS-concurrent-reset: 0.000/0.000 secs] [Times: user=0.00 sys=0.00, real=0.00 secs] 
{Heap before GC invocations=43 (full 83):
 par new generation   total 157248K, used 0K [0x00000000e0000000, 0x00000000eaaa0000, 0x00000000eaaa0000)
  eden space 139776K,   0% used [0x00000000e0000000, 0x00000000e0000000, 0x00000000e8880000)
  from space 17472K,   0% used [0x00000000e9990000, 0x00000000e9990000, 0x00000000eaaa0000)
  to   space 17472K,   0% used [0x00000000e8880000, 0x00000000e8880000, 0x00000000e9990000)
 concurrent mark-sweep generation total 349568K, used 205856K [0x00000000eaaa0000, 0x0000000100000000, 0x0000000100000000)
 Metaspace       used 3956K, capacity 4568K, committed 4864K, reserved 1056768K
  class space    used 431K, capacity 460K, committed 512K, reserved 1048576K
2024-07-23T00:25:53.342+0800: 1.999: [GC (Allocation Failure) 2024-07-23T00:25:53.342+0800: 1.999: [ParNew
Desired survivor size 8945664 bytes, new threshold 6 (max 6)
: 0K->0K(157248K), 0.0009049 secs]2024-07-23T00:25:53.343+0800: 2.000: [CMS: 205856K->1056K(349568K), 0.0024346 secs] 205856K->1056K(506816K), [Metaspace: 3956K->3956K(1056768K)], 0.0034196 secs] [Times: user=0.00 sys=0.00, real=0.00 secs] 
Heap after GC invocations=44 (full 84):
 par new generation   total 157248K, used 0K [0x00000000e0000000, 0x00000000eaaa0000, 0x00000000eaaa0000)
  eden space 139776K,   0% used [0x00000000e0000000, 0x00000000e0000000, 0x00000000e8880000)
  from space 17472K,   0% used [0x00000000e8880000, 0x00000000e8880000, 0x00000000e9990000)
  to   space 17472K,   0% used [0x00000000e9990000, 0x00000000e9990000, 0x00000000eaaa0000)
 concurrent mark-sweep generation total 349568K, used 1056K [0x00000000eaaa0000, 0x0000000100000000, 0x0000000100000000)
 Metaspace       used 3956K, capacity 4568K, committed 4864K, reserved 1056768K
  class space    used 431K, capacity 460K, committed 512K, reserved 1048576K
}
2024-07-23T00:25:53.345+0800: 2.002: Total time for which application threads were stopped: 0.0035048 seconds, Stopping threads took: 0.0000114 seconds
2024-07-23T00:25:53.362+0800: 2.019: [GC (CMS Initial Mark) [1 CMS-initial-mark: 205856K(349568K)] 205856K(506816K), 0.0001723 secs] [Times: user=0.00 sys=0.00, real=0.00 secs] 
2024-07-23T00:25:53.362+0800: 2.019: Total time for which application threads were stopped: 0.0166363 seconds, Stopping threads took: 0.0164168 seconds
2024-07-23T00:25:53.362+0800: 2.019: [CMS-concurrent-mark-start]
2024-07-23T00:25:53.363+0800: 2.021: [CMS-concurrent-mark: 0.001/0.001 secs] [Times: user=0.00 sys=0.00, real=0.00 secs] 
2024-07-23T00:25:53.363+0800: 2.021: [CMS-concurrent-preclean-start]
2024-07-23T00:25:53.363+0800: 2.021: [CMS-concurrent-preclean: 0.000/0.000 secs] [Times: user=0.00 sys=0.00, real=0.00 secs] 
2024-07-23T00:25:53.363+0800: 2.021: [GC (CMS Final Remark) [YG occupancy: 0 K (157248 K)]2024-07-23T00:25:53.363+0800: 2.021: [Rescan (parallel) , 0.0001919 secs]2024-07-23T00:25:53.364+0800: 2.021: [weak refs processing, 0.0000071 secs]2024-07-23T00:25:53.364+0800: 2.021: [class unloading, 0.0001879 secs]2024-07-23T00:25:53.364+0800: 2.021: [scrub symbol table, 0.0003246 secs]2024-07-23T00:25:53.364+0800: 2.022: [scrub string table, 0.0002304 secs][1 CMS-remark: 205856K(349568K)] 205856K(506816K), 0.0009832 secs] [Times: user=0.00 sys=0.00, real=0.00 secs] 
2024-07-23T00:25:53.364+0800: 2.022: Total time for which application threads were stopped: 0.0010139 seconds, Stopping threads took: 0.0000091 seconds
2024-07-23T00:25:53.364+0800: 2.022: [CMS-concurrent-sweep-start]
2024-07-23T00:25:53.365+0800: 2.022: [CMS-concurrent-sweep: 0.000/0.000 secs] [Times: user=0.00 sys=0.00, real=0.00 secs] 
2024-07-23T00:25:53.365+0800: 2.022: [CMS-concurrent-reset-start]
2024-07-23T00:25:53.365+0800: 2.022: [CMS-concurrent-reset: 0.000/0.000 secs] [Times: user=0.00 sys=0.00, real=0.00 secs] 
{Heap before GC invocations=44 (full 85):
 par new generation   total 157248K, used 0K [0x00000000e0000000, 0x00000000eaaa0000, 0x00000000eaaa0000)
  eden space 139776K,   0% used [0x00000000e0000000, 0x00000000e0000000, 0x00000000e8880000)
  from space 17472K,   0% used [0x00000000e8880000, 0x00000000e8880000, 0x00000000e9990000)
  to   space 17472K,   0% used [0x00000000e9990000, 0x00000000e9990000, 0x00000000eaaa0000)
 concurrent mark-sweep generation total 349568K, used 205856K [0x00000000eaaa0000, 0x0000000100000000, 0x0000000100000000)
 Metaspace       used 3956K, capacity 4568K, committed 4864K, reserved 1056768K
  class space    used 431K, capacity 460K, committed 512K, reserved 1048576K
2024-07-23T00:25:53.374+0800: 2.031: [GC (Allocation Failure) 2024-07-23T00:25:53.374+0800: 2.031: [ParNew
Desired survivor size 8945664 bytes, new threshold 6 (max 6)
: 0K->0K(157248K), 0.0004719 secs]2024-07-23T00:25:53.374+0800: 2.031: [CMS: 205856K->1056K(349568K), 0.0035802 secs] 205856K->1056K(506816K), [Metaspace: 3956K->3956K(1056768K)], 0.0041541 secs] [Times: user=0.00 sys=0.00, real=0.00 secs] 
Heap after GC invocations=45 (full 86):
 par new generation   total 157248K, used 0K [0x00000000e0000000, 0x00000000eaaa0000, 0x00000000eaaa0000)
  eden space 139776K,   0% used [0x00000000e0000000, 0x00000000e0000000, 0x00000000e8880000)
  from space 17472K,   0% used [0x00000000e9990000, 0x00000000e9990000, 0x00000000eaaa0000)
  to   space 17472K,   0% used [0x00000000e8880000, 0x00000000e8880000, 0x00000000e9990000)
 concurrent mark-sweep generation total 349568K, used 1056K [0x00000000eaaa0000, 0x0000000100000000, 0x0000000100000000)
 Metaspace       used 3956K, capacity 4568K, committed 4864K, reserved 1056768K
  class space    used 431K, capacity 460K, committed 512K, reserved 1048576K
}
2024-07-23T00:25:53.378+0800: 2.035: Total time for which application threads were stopped: 0.0042752 seconds, Stopping threads took: 0.0000123 seconds
2024-07-23T00:25:53.395+0800: 2.053: [GC (CMS Initial Mark) [1 CMS-initial-mark: 205856K(349568K)] 205856K(506816K), 0.0002798 secs] [Times: user=0.00 sys=0.00, real=0.00 secs] 
2024-07-23T00:25:53.396+0800: 2.053: Total time for which application threads were stopped: 0.0179151 seconds, Stopping threads took: 0.0175691 seconds
2024-07-23T00:25:53.396+0800: 2.053: [CMS-concurrent-mark-start]
2024-07-23T00:25:53.397+0800: 2.054: [CMS-concurrent-mark: 0.001/0.001 secs] [Times: user=0.00 sys=0.00, real=0.00 secs] 
2024-07-23T00:25:53.397+0800: 2.054: [CMS-concurrent-preclean-start]
2024-07-23T00:25:53.397+0800: 2.055: [CMS-concurrent-preclean: 0.000/0.000 secs] [Times: user=0.00 sys=0.00, real=0.00 secs] 
2024-07-23T00:25:53.397+0800: 2.055: [GC (CMS Final Remark) [YG occupancy: 0 K (157248 K)]2024-07-23T00:25:53.398+0800: 2.055: [Rescan (parallel) , 0.0002476 secs]2024-07-23T00:25:53.398+0800: 2.055: [weak refs processing, 0.0000077 secs]2024-07-23T00:25:53.398+0800: 2.055: [class unloading, 0.0001932 secs]2024-07-23T00:25:53.398+0800: 2.055: [scrub symbol table, 0.0003031 secs]2024-07-23T00:25:53.398+0800: 2.055: [scrub string table, 0.0000857 secs][1 CMS-remark: 205856K(349568K)] 205856K(506816K), 0.0008732 secs] [Times: user=0.00 sys=0.00, real=0.00 secs] 
2024-07-23T00:25:53.398+0800: 2.056: Total time for which application threads were stopped: 0.0009071 seconds, Stopping threads took: 0.0000089 seconds
2024-07-23T00:25:53.398+0800: 2.056: [CMS-concurrent-sweep-start]
2024-07-23T00:25:53.399+0800: 2.056: [CMS-concurrent-sweep: 0.000/0.000 secs] [Times: user=0.00 sys=0.00, real=0.00 secs] 
2024-07-23T00:25:53.399+0800: 2.056: [CMS-concurrent-reset-start]
2024-07-23T00:25:53.399+0800: 2.056: [CMS-concurrent-reset: 0.000/0.000 secs] [Times: user=0.00 sys=0.00, real=0.00 secs] 
{Heap before GC invocations=45 (full 87):
 par new generation   total 157248K, used 0K [0x00000000e0000000, 0x00000000eaaa0000, 0x00000000eaaa0000)
  eden space 139776K,   0% used [0x00000000e0000000, 0x00000000e0000000, 0x00000000e8880000)
  from space 17472K,   0% used [0x00000000e9990000, 0x00000000e9990000, 0x00000000eaaa0000)
  to   space 17472K,   0% used [0x00000000e8880000, 0x00000000e8880000, 0x00000000e9990000)
 concurrent mark-sweep generation total 349568K, used 205856K [0x00000000eaaa0000, 0x0000000100000000, 0x0000000100000000)
 Metaspace       used 3956K, capacity 4568K, committed 4864K, reserved 1056768K
  class space    used 431K, capacity 460K, committed 512K, reserved 1048576K
2024-07-23T00:25:53.421+0800: 2.078: [GC (Allocation Failure) 2024-07-23T00:25:53.421+0800: 2.078: [ParNew
Desired survivor size 8945664 bytes, new threshold 6 (max 6)
: 0K->0K(157248K), 0.0014930 secs]2024-07-23T00:25:53.423+0800: 2.080: [CMS: 205856K->1056K(349568K), 0.0032925 secs] 205856K->1056K(506816K), [Metaspace: 3956K->3956K(1056768K)], 0.0049661 secs] [Times: user=0.00 sys=0.00, real=0.01 secs] 
Heap after GC invocations=46 (full 88):
 par new generation   total 157248K, used 0K [0x00000000e0000000, 0x00000000eaaa0000, 0x00000000eaaa0000)
  eden space 139776K,   0% used [0x00000000e0000000, 0x00000000e0000000, 0x00000000e8880000)
  from space 17472K,   0% used [0x00000000e8880000, 0x00000000e8880000, 0x00000000e9990000)
  to   space 17472K,   0% used [0x00000000e9990000, 0x00000000e9990000, 0x00000000eaaa0000)
 concurrent mark-sweep generation total 349568K, used 1056K [0x00000000eaaa0000, 0x0000000100000000, 0x0000000100000000)
 Metaspace       used 3956K, capacity 4568K, committed 4864K, reserved 1056768K
  class space    used 431K, capacity 460K, committed 512K, reserved 1048576K
}
2024-07-23T00:25:53.426+0800: 2.083: Total time for which application threads were stopped: 0.0051439 seconds, Stopping threads took: 0.0000273 seconds
2024-07-23T00:25:53.443+0800: 2.101: [GC (CMS Initial Mark) [1 CMS-initial-mark: 205856K(349568K)] 205856K(506816K), 0.0004755 secs] [Times: user=0.00 sys=0.00, real=0.00 secs] 
2024-07-23T00:25:53.444+0800: 2.101: Total time for which application threads were stopped: 0.0177641 seconds, Stopping threads took: 0.0172232 seconds
2024-07-23T00:25:53.444+0800: 2.101: [CMS-concurrent-mark-start]
2024-07-23T00:25:53.445+0800: 2.102: [CMS-concurrent-mark: 0.001/0.001 secs] [Times: user=0.00 sys=0.00, real=0.00 secs] 
2024-07-23T00:25:53.445+0800: 2.102: [CMS-concurrent-preclean-start]
2024-07-23T00:25:53.445+0800: 2.103: [CMS-concurrent-preclean: 0.000/0.000 secs] [Times: user=0.00 sys=0.00, real=0.00 secs] 
2024-07-23T00:25:53.445+0800: 2.103: [GC (CMS Final Remark) [YG occupancy: 0 K (157248 K)]2024-07-23T00:25:53.445+0800: 2.103: [Rescan (parallel) , 0.0002198 secs]2024-07-23T00:25:53.446+0800: 2.103: [weak refs processing, 0.0000086 secs]2024-07-23T00:25:53.446+0800: 2.103: [class unloading, 0.0001965 secs]2024-07-23T00:25:53.446+0800: 2.103: [scrub symbol table, 0.0003343 secs]2024-07-23T00:25:53.446+0800: 2.103: [scrub string table, 0.0000931 secs][1 CMS-remark: 205856K(349568K)] 205856K(506816K), 0.0008953 secs] [Times: user=0.00 sys=0.00, real=0.00 secs] 
2024-07-23T00:25:53.446+0800: 2.104: Total time for which application threads were stopped: 0.0009332 seconds, Stopping threads took: 0.0000087 seconds
2024-07-23T00:25:53.446+0800: 2.104: [CMS-concurrent-sweep-start]
2024-07-23T00:25:53.446+0800: 2.104: [CMS-concurrent-sweep: 0.000/0.000 secs] [Times: user=0.00 sys=0.00, real=0.00 secs] 
2024-07-23T00:25:53.446+0800: 2.104: [CMS-concurrent-reset-start]
2024-07-23T00:25:53.447+0800: 2.104: [CMS-concurrent-reset: 0.000/0.000 secs] [Times: user=0.00 sys=0.00, real=0.00 secs] 
{Heap before GC invocations=46 (full 89):
 par new generation   total 157248K, used 0K [0x00000000e0000000, 0x00000000eaaa0000, 0x00000000eaaa0000)
  eden space 139776K,   0% used [0x00000000e0000000, 0x00000000e0000000, 0x00000000e8880000)
  from space 17472K,   0% used [0x00000000e8880000, 0x00000000e8880000, 0x00000000e9990000)
  to   space 17472K,   0% used [0x00000000e9990000, 0x00000000e9990000, 0x00000000eaaa0000)
 concurrent mark-sweep generation total 349568K, used 205856K [0x00000000eaaa0000, 0x0000000100000000, 0x0000000100000000)
 Metaspace       used 3956K, capacity 4568K, committed 4864K, reserved 1056768K
  class space    used 431K, capacity 460K, committed 512K, reserved 1048576K
2024-07-23T00:25:53.468+0800: 2.125: [GC (Allocation Failure) 2024-07-23T00:25:53.468+0800: 2.125: [ParNew
Desired survivor size 8945664 bytes, new threshold 6 (max 6)
: 0K->0K(157248K), 0.0006771 secs]2024-07-23T00:25:53.469+0800: 2.126: [CMS: 205856K->1056K(349568K), 0.0036008 secs] 205856K->1056K(506816K), [Metaspace: 3956K->3956K(1056768K)], 0.0044888 secs] [Times: user=0.00 sys=0.00, real=0.00 secs] 
Heap after GC invocations=47 (full 90):
 par new generation   total 157248K, used 0K [0x00000000e0000000, 0x00000000eaaa0000, 0x00000000eaaa0000)
  eden space 139776K,   0% used [0x00000000e0000000, 0x00000000e0000000, 0x00000000e8880000)
  from space 17472K,   0% used [0x00000000e9990000, 0x00000000e9990000, 0x00000000eaaa0000)
  to   space 17472K,   0% used [0x00000000e8880000, 0x00000000e8880000, 0x00000000e9990000)
 concurrent mark-sweep generation total 349568K, used 1056K [0x00000000eaaa0000, 0x0000000100000000, 0x0000000100000000)
 Metaspace       used 3956K, capacity 4568K, committed 4864K, reserved 1056768K
  class space    used 431K, capacity 460K, committed 512K, reserved 1048576K
}
2024-07-23T00:25:53.473+0800: 2.130: Total time for which application threads were stopped: 0.0047566 seconds, Stopping threads took: 0.0000562 seconds
2024-07-23T00:25:53.499+0800: 2.157: [GC (CMS Initial Mark) [1 CMS-initial-mark: 205856K(349568K)] 205856K(506816K), 0.0004211 secs] [Times: user=0.00 sys=0.00, real=0.00 secs] 
2024-07-23T00:25:53.500+0800: 2.157: Total time for which application threads were stopped: 0.0269910 seconds, Stopping threads took: 0.0264619 seconds
2024-07-23T00:25:53.500+0800: 2.157: [CMS-concurrent-mark-start]
2024-07-23T00:25:53.502+0800: 2.159: [CMS-concurrent-mark: 0.002/0.002 secs] [Times: user=0.00 sys=0.00, real=0.00 secs] 
2024-07-23T00:25:53.502+0800: 2.159: [CMS-concurrent-preclean-start]
2024-07-23T00:25:53.503+0800: 2.160: [CMS-concurrent-preclean: 0.000/0.000 secs] [Times: user=0.00 sys=0.00, real=0.00 secs] 
2024-07-23T00:25:53.503+0800: 2.160: [GC (CMS Final Remark) [YG occupancy: 0 K (157248 K)]2024-07-23T00:25:53.503+0800: 2.160: [Rescan (parallel) , 0.0004359 secs]2024-07-23T00:25:53.503+0800: 2.160: [weak refs processing, 0.0000076 secs]2024-07-23T00:25:53.503+0800: 2.160: [class unloading, 0.0002357 secs]2024-07-23T00:25:53.503+0800: 2.161: [scrub symbol table, 0.0004109 secs]2024-07-23T00:25:53.504+0800: 2.161: [scrub string table, 0.0001505 secs][1 CMS-remark: 205856K(349568K)] 205856K(506816K), 0.0013196 secs] [Times: user=0.00 sys=0.00, real=0.00 secs] 
2024-07-23T00:25:53.504+0800: 2.161: Total time for which application threads were stopped: 0.0013893 seconds, Stopping threads took: 0.0000194 seconds
2024-07-23T00:25:53.504+0800: 2.161: [CMS-concurrent-sweep-start]
2024-07-23T00:25:53.504+0800: 2.162: [CMS-concurrent-sweep: 0.000/0.000 secs] [Times: user=0.00 sys=0.00, real=0.00 secs] 
2024-07-23T00:25:53.504+0800: 2.162: [CMS-concurrent-reset-start]
2024-07-23T00:25:53.505+0800: 2.162: [CMS-concurrent-reset: 0.000/0.000 secs] [Times: user=0.00 sys=0.00, real=0.00 secs] 
{Heap before GC invocations=47 (full 91):
 par new generation   total 157248K, used 0K [0x00000000e0000000, 0x00000000eaaa0000, 0x00000000eaaa0000)
  eden space 139776K,   0% used [0x00000000e0000000, 0x00000000e0000000, 0x00000000e8880000)
  from space 17472K,   0% used [0x00000000e9990000, 0x00000000e9990000, 0x00000000eaaa0000)
  to   space 17472K,   0% used [0x00000000e8880000, 0x00000000e8880000, 0x00000000e9990000)
 concurrent mark-sweep generation total 349568K, used 205856K [0x00000000eaaa0000, 0x0000000100000000, 0x0000000100000000)
 Metaspace       used 3956K, capacity 4568K, committed 4864K, reserved 1056768K
  class space    used 431K, capacity 460K, committed 512K, reserved 1048576K
2024-07-23T00:25:53.515+0800: 2.172: [GC (Allocation Failure) 2024-07-23T00:25:53.515+0800: 2.172: [ParNew
Desired survivor size 8945664 bytes, new threshold 6 (max 6)
: 0K->0K(157248K), 0.0006940 secs]2024-07-23T00:25:53.516+0800: 2.173: [CMS: 205856K->1056K(349568K), 0.0021181 secs] 205856K->1056K(506816K), [Metaspace: 3956K->3956K(1056768K)], 0.0029009 secs] [Times: user=0.00 sys=0.00, real=0.00 secs] 
Heap after GC invocations=48 (full 92):
 par new generation   total 157248K, used 0K [0x00000000e0000000, 0x00000000eaaa0000, 0x00000000eaaa0000)
  eden space 139776K,   0% used [0x00000000e0000000, 0x00000000e0000000, 0x00000000e8880000)
  from space 17472K,   0% used [0x00000000e8880000, 0x00000000e8880000, 0x00000000e9990000)
  to   space 17472K,   0% used [0x00000000e9990000, 0x00000000e9990000, 0x00000000eaaa0000)
 concurrent mark-sweep generation total 349568K, used 1056K [0x00000000eaaa0000, 0x0000000100000000, 0x0000000100000000)
 Metaspace       used 3956K, capacity 4568K, committed 4864K, reserved 1056768K
  class space    used 431K, capacity 460K, committed 512K, reserved 1048576K
}
2024-07-23T00:25:53.518+0800: 2.175: Total time for which application threads were stopped: 0.0030419 seconds, Stopping threads took: 0.0000290 seconds
2024-07-23T00:25:53.535+0800: 2.192: [GC (CMS Initial Mark) [1 CMS-initial-mark: 205856K(349568K)] 205856K(506816K), 0.0004379 secs] [Times: user=0.00 sys=0.00, real=0.00 secs] 
2024-07-23T00:25:53.535+0800: 2.193: Total time for which application threads were stopped: 0.0176172 seconds, Stopping threads took: 0.0171140 seconds
2024-07-23T00:25:53.535+0800: 2.193: [CMS-concurrent-mark-start]
2024-07-23T00:25:53.536+0800: 2.194: [CMS-concurrent-mark: 0.001/0.001 secs] [Times: user=0.00 sys=0.00, real=0.00 secs] 
2024-07-23T00:25:53.536+0800: 2.194: [CMS-concurrent-preclean-start]
2024-07-23T00:25:53.537+0800: 2.194: [CMS-concurrent-preclean: 0.000/0.000 secs] [Times: user=0.00 sys=0.00, real=0.00 secs] 
2024-07-23T00:25:53.537+0800: 2.194: [GC (CMS Final Remark) [YG occupancy: 0 K (157248 K)]2024-07-23T00:25:53.537+0800: 2.194: [Rescan (parallel) , 0.0004036 secs]2024-07-23T00:25:53.537+0800: 2.195: [weak refs processing, 0.0000081 secs]2024-07-23T00:25:53.537+0800: 2.195: [class unloading, 0.0002142 secs]2024-07-23T00:25:53.537+0800: 2.195: [scrub symbol table, 0.0003827 secs]2024-07-23T00:25:53.538+0800: 2.195: [scrub string table, 0.0000977 secs][1 CMS-remark: 205856K(349568K)] 205856K(506816K), 0.0011472 secs] [Times: user=0.00 sys=0.00, real=0.00 secs] 
2024-07-23T00:25:53.538+0800: 2.195: Total time for which application threads were stopped: 0.0011863 seconds, Stopping threads took: 0.0000102 seconds
2024-07-23T00:25:53.538+0800: 2.195: [CMS-concurrent-sweep-start]
2024-07-23T00:25:53.538+0800: 2.196: [CMS-concurrent-sweep: 0.000/0.000 secs] [Times: user=0.00 sys=0.00, real=0.00 secs] 
2024-07-23T00:25:53.538+0800: 2.196: [CMS-concurrent-reset-start]
2024-07-23T00:25:53.539+0800: 2.196: [CMS-concurrent-reset: 0.001/0.001 secs] [Times: user=0.00 sys=0.00, real=0.00 secs] 
{Heap before GC invocations=48 (full 93):
 par new generation   total 157248K, used 0K [0x00000000e0000000, 0x00000000eaaa0000, 0x00000000eaaa0000)
  eden space 139776K,   0% used [0x00000000e0000000, 0x00000000e0000000, 0x00000000e8880000)
  from space 17472K,   0% used [0x00000000e8880000, 0x00000000e8880000, 0x00000000e9990000)
  to   space 17472K,   0% used [0x00000000e9990000, 0x00000000e9990000, 0x00000000eaaa0000)
 concurrent mark-sweep generation total 349568K, used 205856K [0x00000000eaaa0000, 0x0000000100000000, 0x0000000100000000)
 Metaspace       used 3956K, capacity 4568K, committed 4864K, reserved 1056768K
  class space    used 431K, capacity 460K, committed 512K, reserved 1048576K
2024-07-23T00:25:53.546+0800: 2.203: [GC (Allocation Failure) 2024-07-23T00:25:53.546+0800: 2.204: [ParNew
Desired survivor size 8945664 bytes, new threshold 6 (max 6)
: 0K->0K(157248K), 0.0004714 secs]2024-07-23T00:25:53.546+0800: 2.204: [CMS: 205856K->1056K(349568K), 0.0025575 secs] 205856K->1056K(506816K), [Metaspace: 3956K->3956K(1056768K)], 0.0031338 secs] [Times: user=0.00 sys=0.00, real=0.00 secs] 
Heap after GC invocations=49 (full 94):
 par new generation   total 157248K, used 0K [0x00000000e0000000, 0x00000000eaaa0000, 0x00000000eaaa0000)
  eden space 139776K,   0% used [0x00000000e0000000, 0x00000000e0000000, 0x00000000e8880000)
  from space 17472K,   0% used [0x00000000e9990000, 0x00000000e9990000, 0x00000000eaaa0000)
  to   space 17472K,   0% used [0x00000000e8880000, 0x00000000e8880000, 0x00000000e9990000)
 concurrent mark-sweep generation total 349568K, used 1056K [0x00000000eaaa0000, 0x0000000100000000, 0x0000000100000000)
 Metaspace       used 3956K, capacity 4568K, committed 4864K, reserved 1056768K
  class space    used 431K, capacity 460K, committed 512K, reserved 1048576K
}
2024-07-23T00:25:53.549+0800: 2.207: Total time for which application threads were stopped: 0.0033092 seconds, Stopping threads took: 0.0000630 seconds
2024-07-23T00:25:53.570+0800: 2.227: [GC (CMS Initial Mark) [1 CMS-initial-mark: 205856K(349568K)] 205856K(506816K), 0.0003960 secs] [Times: user=0.00 sys=0.00, real=0.00 secs] 
2024-07-23T00:25:53.570+0800: 2.227: Total time for which application threads were stopped: 0.0203420 seconds, Stopping threads took: 0.0198930 seconds
2024-07-23T00:25:53.570+0800: 2.227: [CMS-concurrent-mark-start]
2024-07-23T00:25:53.572+0800: 2.228: [CMS-concurrent-mark: 0.001/0.001 secs] [Times: user=0.00 sys=0.00, real=0.00 secs] 
2024-07-23T00:25:53.572+0800: 2.229: [CMS-concurrent-preclean-start]
2024-07-23T00:25:53.572+0800: 2.229: [CMS-concurrent-preclean: 0.000/0.000 secs] [Times: user=0.00 sys=0.00, real=0.00 secs] 
2024-07-23T00:25:53.572+0800: 2.229: [GC (CMS Final Remark) [YG occupancy: 0 K (157248 K)]2024-07-23T00:25:53.572+0800: 2.229: [Rescan (parallel) , 0.0007579 secs]2024-07-23T00:25:53.573+0800: 2.230: [weak refs processing, 0.0000102 secs]2024-07-23T00:25:53.573+0800: 2.230: [class unloading, 0.0001970 secs]2024-07-23T00:25:53.573+0800: 2.230: [scrub symbol table, 0.0003214 secs]2024-07-23T00:25:53.573+0800: 2.230: [scrub string table, 0.0000963 secs][1 CMS-remark: 205856K(349568K)] 205856K(506816K), 0.0014483 secs] [Times: user=0.00 sys=0.00, real=0.00 secs] 
2024-07-23T00:25:53.573+0800: 2.230: Total time for which application threads were stopped: 0.0014857 seconds, Stopping threads took: 0.0000102 seconds
2024-07-23T00:25:53.574+0800: 2.230: [CMS-concurrent-sweep-start]
2024-07-23T00:25:53.574+0800: 2.231: [CMS-concurrent-sweep: 0.000/0.000 secs] [Times: user=0.00 sys=0.00, real=0.00 secs] 
2024-07-23T00:25:53.574+0800: 2.231: [CMS-concurrent-reset-start]
2024-07-23T00:25:53.574+0800: 2.231: [CMS-concurrent-reset: 0.000/0.000 secs] [Times: user=0.00 sys=0.00, real=0.00 secs] 
{Heap before GC invocations=49 (full 95):
 par new generation   total 157248K, used 0K [0x00000000e0000000, 0x00000000eaaa0000, 0x00000000eaaa0000)
  eden space 139776K,   0% used [0x00000000e0000000, 0x00000000e0000000, 0x00000000e8880000)
  from space 17472K,   0% used [0x00000000e9990000, 0x00000000e9990000, 0x00000000eaaa0000)
  to   space 17472K,   0% used [0x00000000e8880000, 0x00000000e8880000, 0x00000000e9990000)
 concurrent mark-sweep generation total 349568K, used 205856K [0x00000000eaaa0000, 0x0000000100000000, 0x0000000100000000)
 Metaspace       used 3956K, capacity 4568K, committed 4864K, reserved 1056768K
  class space    used 431K, capacity 460K, committed 512K, reserved 1048576K
2024-07-23T00:25:53.592+0800: 2.250: [GC (Allocation Failure) 2024-07-23T00:25:53.592+0800: 2.250: [ParNew
Desired survivor size 8945664 bytes, new threshold 6 (max 6)
: 0K->0K(157248K), 0.0010570 secs]2024-07-23T00:25:53.594+0800: 2.251: [CMS: 205856K->1056K(349568K), 0.0034722 secs] 205856K->1056K(506816K), [Metaspace: 3956K->3956K(1056768K)], 0.0046771 secs] [Times: user=0.00 sys=0.00, real=0.00 secs] 
Heap after GC invocations=50 (full 96):
 par new generation   total 157248K, used 0K [0x00000000e0000000, 0x00000000eaaa0000, 0x00000000eaaa0000)
  eden space 139776K,   0% used [0x00000000e0000000, 0x00000000e0000000, 0x00000000e8880000)
  from space 17472K,   0% used [0x00000000e8880000, 0x00000000e8880000, 0x00000000e9990000)
  to   space 17472K,   0% used [0x00000000e9990000, 0x00000000e9990000, 0x00000000eaaa0000)
 concurrent mark-sweep generation total 349568K, used 1056K [0x00000000eaaa0000, 0x0000000100000000, 0x0000000100000000)
 Metaspace       used 3956K, capacity 4568K, committed 4864K, reserved 1056768K
  class space    used 431K, capacity 460K, committed 512K, reserved 1048576K
}
2024-07-23T00:25:53.597+0800: 2.254: Total time for which application threads were stopped: 0.0048787 seconds, Stopping threads took: 0.0000496 seconds
2024-07-23T00:25:53.615+0800: 2.273: [GC (CMS Initial Mark) [1 CMS-initial-mark: 205856K(349568K)] 205856K(506816K), 0.0017966 secs] [Times: user=0.00 sys=0.00, real=0.00 secs] 
2024-07-23T00:25:53.617+0800: 2.274: Total time for which application threads were stopped: 0.0197901 seconds, Stopping threads took: 0.0179039 seconds
2024-07-23T00:25:53.617+0800: 2.274: [CMS-concurrent-mark-start]
2024-07-23T00:25:53.618+0800: 2.276: [CMS-concurrent-mark: 0.001/0.001 secs] [Times: user=0.00 sys=0.00, real=0.00 secs] 
2024-07-23T00:25:53.618+0800: 2.276: [CMS-concurrent-preclean-start]
2024-07-23T00:25:53.619+0800: 2.276: [CMS-concurrent-preclean: 0.000/0.000 secs] [Times: user=0.00 sys=0.00, real=0.00 secs] 
2024-07-23T00:25:53.619+0800: 2.276: [GC (CMS Final Remark) [YG occupancy: 0 K (157248 K)]2024-07-23T00:25:53.619+0800: 2.276: [Rescan (parallel) , 0.0004100 secs]2024-07-23T00:25:53.619+0800: 2.277: [weak refs processing, 0.0000069 secs]2024-07-23T00:25:53.619+0800: 2.277: [class unloading, 0.0001943 secs]2024-07-23T00:25:53.619+0800: 2.277: [scrub symbol table, 0.0003361 secs]2024-07-23T00:25:53.620+0800: 2.277: [scrub string table, 0.0000838 secs][1 CMS-remark: 205856K(349568K)] 205856K(506816K), 0.0010710 secs] [Times: user=0.00 sys=0.00, real=0.00 secs] 
2024-07-23T00:25:53.620+0800: 2.277: Total time for which application threads were stopped: 0.0011050 seconds, Stopping threads took: 0.0000093 seconds
2024-07-23T00:25:53.620+0800: 2.277: [CMS-concurrent-sweep-start]
2024-07-23T00:25:53.620+0800: 2.278: [CMS-concurrent-sweep: 0.000/0.000 secs] [Times: user=0.00 sys=0.00, real=0.00 secs] 
2024-07-23T00:25:53.620+0800: 2.278: [CMS-concurrent-reset-start]
2024-07-23T00:25:53.620+0800: 2.278: [CMS-concurrent-reset: 0.000/0.000 secs] [Times: user=0.00 sys=0.00, real=0.00 secs] 
{Heap before GC invocations=50 (full 97):
 par new generation   total 157248K, used 0K [0x00000000e0000000, 0x00000000eaaa0000, 0x00000000eaaa0000)
  eden space 139776K,   0% used [0x00000000e0000000, 0x00000000e0000000, 0x00000000e8880000)
  from space 17472K,   0% used [0x00000000e8880000, 0x00000000e8880000, 0x00000000e9990000)
  to   space 17472K,   0% used [0x00000000e9990000, 0x00000000e9990000, 0x00000000eaaa0000)
 concurrent mark-sweep generation total 349568K, used 205856K [0x00000000eaaa0000, 0x0000000100000000, 0x0000000100000000)
 Metaspace       used 3956K, capacity 4568K, committed 4864K, reserved 1056768K
  class space    used 431K, capacity 460K, committed 512K, reserved 1048576K
2024-07-23T00:25:53.639+0800: 2.296: [GC (Allocation Failure) 2024-07-23T00:25:53.639+0800: 2.296: [ParNew
Desired survivor size 8945664 bytes, new threshold 6 (max 6)
: 0K->0K(157248K), 0.0020020 secs]2024-07-23T00:25:53.641+0800: 2.298: [CMS: 205856K->1056K(349568K), 0.0038871 secs] 205856K->1056K(506816K), [Metaspace: 3956K->3956K(1056768K)], 0.0060577 secs] [Times: user=0.00 sys=0.00, real=0.01 secs] 
Heap after GC invocations=51 (full 98):
 par new generation   total 157248K, used 0K [0x00000000e0000000, 0x00000000eaaa0000, 0x00000000eaaa0000)
  eden space 139776K,   0% used [0x00000000e0000000, 0x00000000e0000000, 0x00000000e8880000)
  from space 17472K,   0% used [0x00000000e9990000, 0x00000000e9990000, 0x00000000eaaa0000)
  to   space 17472K,   0% used [0x00000000e8880000, 0x00000000e8880000, 0x00000000e9990000)
 concurrent mark-sweep generation total 349568K, used 1056K [0x00000000eaaa0000, 0x0000000100000000, 0x0000000100000000)
 Metaspace       used 3956K, capacity 4568K, committed 4864K, reserved 1056768K
  class space    used 431K, capacity 460K, committed 512K, reserved 1048576K
}
2024-07-23T00:25:53.645+0800: 2.302: Total time for which application threads were stopped: 0.0062325 seconds, Stopping threads took: 0.0000190 seconds
2024-07-23T00:25:53.663+0800: 2.320: [GC (CMS Initial Mark) [1 CMS-initial-mark: 205856K(349568K)] 205856K(506816K), 0.0024755 secs] [Times: user=0.00 sys=0.00, real=0.00 secs] 
2024-07-23T00:25:53.666+0800: 2.322: Total time for which application threads were stopped: 0.0203693 seconds, Stopping threads took: 0.0178411 seconds
2024-07-23T00:25:53.666+0800: 2.322: [CMS-concurrent-mark-start]
2024-07-23T00:25:53.667+0800: 2.324: [CMS-concurrent-mark: 0.001/0.001 secs] [Times: user=0.00 sys=0.00, real=0.00 secs] 
2024-07-23T00:25:53.667+0800: 2.324: [CMS-concurrent-preclean-start]
2024-07-23T00:25:53.667+0800: 2.324: [CMS-concurrent-preclean: 0.000/0.000 secs] [Times: user=0.00 sys=0.00, real=0.00 secs] 
2024-07-23T00:25:53.667+0800: 2.324: [GC (CMS Final Remark) [YG occupancy: 0 K (157248 K)]2024-07-23T00:25:53.667+0800: 2.324: [Rescan (parallel) , 0.0009164 secs]2024-07-23T00:25:53.668+0800: 2.325: [weak refs processing, 0.0000059 secs]2024-07-23T00:25:53.668+0800: 2.325: [class unloading, 0.0002278 secs]2024-07-23T00:25:53.669+0800: 2.325: [scrub symbol table, 0.0003286 secs]2024-07-23T00:25:53.669+0800: 2.326: [scrub string table, 0.0000914 secs][1 CMS-remark: 205856K(349568K)] 205856K(506816K), 0.0015987 secs] [Times: user=0.00 sys=0.00, real=0.00 secs] 
2024-07-23T00:25:53.669+0800: 2.326: Total time for which application threads were stopped: 0.0016257 seconds, Stopping threads took: 0.0000089 seconds
2024-07-23T00:25:53.669+0800: 2.326: [CMS-concurrent-sweep-start]
2024-07-23T00:25:53.669+0800: 2.326: [CMS-concurrent-sweep: 0.000/0.000 secs] [Times: user=0.00 sys=0.00, real=0.00 secs] 
2024-07-23T00:25:53.669+0800: 2.326: [CMS-concurrent-reset-start]
2024-07-23T00:25:53.670+0800: 2.326: [CMS-concurrent-reset: 0.000/0.000 secs] [Times: user=0.00 sys=0.00, real=0.00 secs] 
{Heap before GC invocations=51 (full 99):
 par new generation   total 157248K, used 0K [0x00000000e0000000, 0x00000000eaaa0000, 0x00000000eaaa0000)
  eden space 139776K,   0% used [0x00000000e0000000, 0x00000000e0000000, 0x00000000e8880000)
  from space 17472K,   0% used [0x00000000e9990000, 0x00000000e9990000, 0x00000000eaaa0000)
  to   space 17472K,   0% used [0x00000000e8880000, 0x00000000e8880000, 0x00000000e9990000)
 concurrent mark-sweep generation total 349568K, used 205856K [0x00000000eaaa0000, 0x0000000100000000, 0x0000000100000000)
 Metaspace       used 3956K, capacity 4568K, committed 4864K, reserved 1056768K
  class space    used 431K, capacity 460K, committed 512K, reserved 1048576K
2024-07-23T00:25:53.686+0800: 2.344: [GC (Allocation Failure) 2024-07-23T00:25:53.686+0800: 2.344: [ParNew
Desired survivor size 8945664 bytes, new threshold 6 (max 6)
: 0K->0K(157248K), 0.0017721 secs]2024-07-23T00:25:53.688+0800: 2.346: [CMS: 205856K->1056K(349568K), 0.0044433 secs] 205856K->1056K(506816K), [Metaspace: 3956K->3956K(1056768K)], 0.0064089 secs] [Times: user=0.00 sys=0.00, real=0.01 secs] 
Heap after GC invocations=52 (full 100):
 par new generation   total 157248K, used 0K [0x00000000e0000000, 0x00000000eaaa0000, 0x00000000eaaa0000)
  eden space 139776K,   0% used [0x00000000e0000000, 0x00000000e0000000, 0x00000000e8880000)
  from space 17472K,   0% used [0x00000000e8880000, 0x00000000e8880000, 0x00000000e9990000)
  to   space 17472K,   0% used [0x00000000e9990000, 0x00000000e9990000, 0x00000000eaaa0000)
 concurrent mark-sweep generation total 349568K, used 1056K [0x00000000eaaa0000, 0x0000000100000000, 0x0000000100000000)
 Metaspace       used 3956K, capacity 4568K, committed 4864K, reserved 1056768K
  class space    used 431K, capacity 460K, committed 512K, reserved 1048576K
}
2024-07-23T00:25:53.693+0800: 2.350: Total time for which application threads were stopped: 0.0066420 seconds, Stopping threads took: 0.0000322 seconds
2024-07-23T00:25:53.711+0800: 2.369: [GC (CMS Initial Mark) [1 CMS-initial-mark: 205856K(349568K)] 205856K(506816K), 0.0012115 secs] [Times: user=0.00 sys=0.00, real=0.00 secs] 
2024-07-23T00:25:53.713+0800: 2.370: Total time for which application threads were stopped: 0.0197101 seconds, Stopping threads took: 0.0184341 seconds
2024-07-23T00:25:53.714+0800: 2.370: [CMS-concurrent-mark-start]
2024-07-23T00:25:53.715+0800: 2.372: [CMS-concurrent-mark: 0.002/0.002 secs] [Times: user=0.00 sys=0.00, real=0.00 secs] 
2024-07-23T00:25:53.715+0800: 2.372: [CMS-concurrent-preclean-start]
2024-07-23T00:25:53.715+0800: 2.372: [CMS-concurrent-preclean: 0.000/0.000 secs] [Times: user=0.00 sys=0.00, real=0.00 secs] 
2024-07-23T00:25:53.716+0800: 2.372: [GC (CMS Final Remark) [YG occupancy: 0 K (157248 K)]2024-07-23T00:25:53.716+0800: 2.372: [Rescan (parallel) , 0.0008028 secs]2024-07-23T00:25:53.716+0800: 2.373: [weak refs processing, 0.0000072 secs]2024-07-23T00:25:53.716+0800: 2.373: [class unloading, 0.0002003 secs]2024-07-23T00:25:53.717+0800: 2.373: [scrub symbol table, 0.0003275 secs]2024-07-23T00:25:53.717+0800: 2.374: [scrub string table, 0.0000947 secs][1 CMS-remark: 205856K(349568K)] 205856K(506816K), 0.0014609 secs] [Times: user=0.00 sys=0.00, real=0.00 secs] 
2024-07-23T00:25:53.717+0800: 2.374: Total time for which application threads were stopped: 0.0014885 seconds, Stopping threads took: 0.0000080 seconds
2024-07-23T00:25:53.717+0800: 2.374: [CMS-concurrent-sweep-start]
2024-07-23T00:25:53.717+0800: 2.374: [CMS-concurrent-sweep: 0.000/0.000 secs] [Times: user=0.00 sys=0.00, real=0.00 secs] 
2024-07-23T00:25:53.717+0800: 2.374: [CMS-concurrent-reset-start]
2024-07-23T00:25:53.718+0800: 2.374: [CMS-concurrent-reset: 0.000/0.000 secs] [Times: user=0.00 sys=0.00, real=0.00 secs] 
{Heap before GC invocations=52 (full 101):
 par new generation   total 157248K, used 0K [0x00000000e0000000, 0x00000000eaaa0000, 0x00000000eaaa0000)
  eden space 139776K,   0% used [0x00000000e0000000, 0x00000000e0000000, 0x00000000e8880000)
  from space 17472K,   0% used [0x00000000e8880000, 0x00000000e8880000, 0x00000000e9990000)
  to   space 17472K,   0% used [0x00000000e9990000, 0x00000000e9990000, 0x00000000eaaa0000)
 concurrent mark-sweep generation total 349568K, used 205856K [0x00000000eaaa0000, 0x0000000100000000, 0x0000000100000000)
 Metaspace       used 3956K, capacity 4568K, committed 4864K, reserved 1056768K
  class space    used 431K, capacity 460K, committed 512K, reserved 1048576K
2024-07-23T00:25:53.733+0800: 2.390: [GC (Allocation Failure) 2024-07-23T00:25:53.733+0800: 2.390: [ParNew
Desired survivor size 8945664 bytes, new threshold 6 (max 6)
: 0K->0K(157248K), 0.0030681 secs]2024-07-23T00:25:53.736+0800: 2.393: [CMS: 205856K->1056K(349568K), 0.0040332 secs] 205856K->1056K(506816K), [Metaspace: 3956K->3956K(1056768K)], 0.0073580 secs] [Times: user=0.00 sys=0.00, real=0.01 secs] 
Heap after GC invocations=53 (full 102):
 par new generation   total 157248K, used 0K [0x00000000e0000000, 0x00000000eaaa0000, 0x00000000eaaa0000)
  eden space 139776K,   0% used [0x00000000e0000000, 0x00000000e0000000, 0x00000000e8880000)
  from space 17472K,   0% used [0x00000000e9990000, 0x00000000e9990000, 0x00000000eaaa0000)
  to   space 17472K,   0% used [0x00000000e8880000, 0x00000000e8880000, 0x00000000e9990000)
 concurrent mark-sweep generation total 349568K, used 1056K [0x00000000eaaa0000, 0x0000000100000000, 0x0000000100000000)
 Metaspace       used 3956K, capacity 4568K, committed 4864K, reserved 1056768K
  class space    used 431K, capacity 460K, committed 512K, reserved 1048576K
}
2024-07-23T00:25:53.740+0800: 2.398: Total time for which application threads were stopped: 0.0075854 seconds, Stopping threads took: 0.0000341 seconds
2024-07-23T00:25:53.760+0800: 2.417: [GC (CMS Initial Mark) [1 CMS-initial-mark: 205856K(349568K)] 205856K(506816K), 0.0005159 secs] [Times: user=0.00 sys=0.00, real=0.00 secs] 
2024-07-23T00:25:53.761+0800: 2.418: Total time for which application threads were stopped: 0.0198220 seconds, Stopping threads took: 0.0192513 seconds
2024-07-23T00:25:53.761+0800: 2.418: [CMS-concurrent-mark-start]
2024-07-23T00:25:53.762+0800: 2.419: [CMS-concurrent-mark: 0.001/0.001 secs] [Times: user=0.00 sys=0.00, real=0.00 secs] 
2024-07-23T00:25:53.762+0800: 2.419: [CMS-concurrent-preclean-start]
2024-07-23T00:25:53.762+0800: 2.419: [CMS-concurrent-preclean: 0.000/0.000 secs] [Times: user=0.00 sys=0.00, real=0.00 secs] 
2024-07-23T00:25:53.763+0800: 2.419: [GC (CMS Final Remark) [YG occupancy: 0 K (157248 K)]2024-07-23T00:25:53.763+0800: 2.419: [Rescan (parallel) , 0.0004931 secs]2024-07-23T00:25:53.763+0800: 2.420: [weak refs processing, 0.0000070 secs]2024-07-23T00:25:53.763+0800: 2.420: [class unloading, 0.0001974 secs]2024-07-23T00:25:53.763+0800: 2.420: [scrub symbol table, 0.0003285 secs]2024-07-23T00:25:53.764+0800: 2.420: [scrub string table, 0.0001008 secs][1 CMS-remark: 205856K(349568K)] 205856K(506816K), 0.0011607 secs] [Times: user=0.00 sys=0.00, real=0.00 secs] 
2024-07-23T00:25:53.764+0800: 2.421: Total time for which application threads were stopped: 0.0011902 seconds, Stopping threads took: 0.0000092 seconds
2024-07-23T00:25:53.764+0800: 2.421: [CMS-concurrent-sweep-start]
2024-07-23T00:25:53.764+0800: 2.421: [CMS-concurrent-sweep: 0.000/0.000 secs] [Times: user=0.00 sys=0.00, real=0.00 secs] 
2024-07-23T00:25:53.764+0800: 2.421: [CMS-concurrent-reset-start]
2024-07-23T00:25:53.764+0800: 2.421: [CMS-concurrent-reset: 0.000/0.000 secs] [Times: user=0.00 sys=0.00, real=0.00 secs] 
{Heap before GC invocations=53 (full 103):
 par new generation   total 157248K, used 0K [0x00000000e0000000, 0x00000000eaaa0000, 0x00000000eaaa0000)
  eden space 139776K,   0% used [0x00000000e0000000, 0x00000000e0000000, 0x00000000e8880000)
  from space 17472K,   0% used [0x00000000e9990000, 0x00000000e9990000, 0x00000000eaaa0000)
  to   space 17472K,   0% used [0x00000000e8880000, 0x00000000e8880000, 0x00000000e9990000)
 concurrent mark-sweep generation total 349568K, used 205856K [0x00000000eaaa0000, 0x0000000100000000, 0x0000000100000000)
 Metaspace       used 3956K, capacity 4568K, committed 4864K, reserved 1056768K
  class space    used 431K, capacity 460K, committed 512K, reserved 1048576K
2024-07-23T00:25:53.781+0800: 2.438: [GC (Allocation Failure) 2024-07-23T00:25:53.781+0800: 2.438: [ParNew
Desired survivor size 8945664 bytes, new threshold 6 (max 6)
: 0K->0K(157248K), 0.0011089 secs]2024-07-23T00:25:53.782+0800: 2.439: [CMS: 205856K->1056K(349568K), 0.0044805 secs] 205856K->1056K(506816K), [Metaspace: 3956K->3956K(1056768K)], 0.0057571 secs] [Times: user=0.00 sys=0.00, real=0.01 secs] 
Heap after GC invocations=54 (full 104):
 par new generation   total 157248K, used 0K [0x00000000e0000000, 0x00000000eaaa0000, 0x00000000eaaa0000)
  eden space 139776K,   0% used [0x00000000e0000000, 0x00000000e0000000, 0x00000000e8880000)
  from space 17472K,   0% used [0x00000000e8880000, 0x00000000e8880000, 0x00000000e9990000)
  to   space 17472K,   0% used [0x00000000e9990000, 0x00000000e9990000, 0x00000000eaaa0000)
 concurrent mark-sweep generation total 349568K, used 1056K [0x00000000eaaa0000, 0x0000000100000000, 0x0000000100000000)
 Metaspace       used 3956K, capacity 4568K, committed 4864K, reserved 1056768K
  class space    used 431K, capacity 460K, committed 512K, reserved 1048576K
}
2024-07-23T00:25:53.787+0800: 2.444: Total time for which application threads were stopped: 0.0060975 seconds, Stopping threads took: 0.0001002 seconds
2024-07-23T00:25:53.808+0800: 2.464: [GC (CMS Initial Mark) [1 CMS-initial-mark: 205856K(349568K)] 205856K(506816K), 0.0017680 secs] [Times: user=0.00 sys=0.00, real=0.00 secs] 
2024-07-23T00:25:53.809+0800: 2.466: Total time for which application threads were stopped: 0.0218947 seconds, Stopping threads took: 0.0200544 seconds
2024-07-23T00:25:53.809+0800: 2.466: [CMS-concurrent-mark-start]
2024-07-23T00:25:53.811+0800: 2.468: [CMS-concurrent-mark: 0.001/0.001 secs] [Times: user=0.00 sys=0.02, real=0.00 secs] 
2024-07-23T00:25:53.811+0800: 2.468: [CMS-concurrent-preclean-start]
2024-07-23T00:25:53.811+0800: 2.468: [CMS-concurrent-preclean: 0.000/0.000 secs] [Times: user=0.00 sys=0.00, real=0.00 secs] 
2024-07-23T00:25:53.811+0800: 2.468: [GC (CMS Final Remark) [YG occupancy: 0 K (157248 K)]2024-07-23T00:25:53.811+0800: 2.468: [Rescan (parallel) , 0.0004795 secs]2024-07-23T00:25:53.812+0800: 2.468: [weak refs processing, 0.0000141 secs]2024-07-23T00:25:53.812+0800: 2.468: [class unloading, 0.0003891 secs]2024-07-23T00:25:53.812+0800: 2.469: [scrub symbol table, 0.0004046 secs]2024-07-23T00:25:53.813+0800: 2.469: [scrub string table, 0.0001417 secs][1 CMS-remark: 205856K(349568K)] 205856K(506816K), 0.0015026 secs] [Times: user=0.00 sys=0.00, real=0.00 secs] 
2024-07-23T00:25:53.813+0800: 2.469: Total time for which application threads were stopped: 0.0015577 seconds, Stopping threads took: 0.0000086 seconds
2024-07-23T00:25:53.813+0800: 2.470: [CMS-concurrent-sweep-start]
2024-07-23T00:25:53.813+0800: 2.470: [CMS-concurrent-sweep: 0.000/0.000 secs] [Times: user=0.00 sys=0.00, real=0.00 secs] 
2024-07-23T00:25:53.813+0800: 2.470: [CMS-concurrent-reset-start]
2024-07-23T00:25:53.814+0800: 2.470: [CMS-concurrent-reset: 0.000/0.000 secs] [Times: user=0.00 sys=0.00, real=0.00 secs] 
{Heap before GC invocations=54 (full 105):
 par new generation   total 157248K, used 0K [0x00000000e0000000, 0x00000000eaaa0000, 0x00000000eaaa0000)
  eden space 139776K,   0% used [0x00000000e0000000, 0x00000000e0000000, 0x00000000e8880000)
  from space 17472K,   0% used [0x00000000e8880000, 0x00000000e8880000, 0x00000000e9990000)
  to   space 17472K,   0% used [0x00000000e9990000, 0x00000000e9990000, 0x00000000eaaa0000)
 concurrent mark-sweep generation total 349568K, used 205856K [0x00000000eaaa0000, 0x0000000100000000, 0x0000000100000000)
 Metaspace       used 3956K, capacity 4568K, committed 4864K, reserved 1056768K
  class space    used 431K, capacity 460K, committed 512K, reserved 1048576K
2024-07-23T00:25:53.827+0800: 2.484: [GC (Allocation Failure) 2024-07-23T00:25:53.827+0800: 2.484: [ParNew
Desired survivor size 8945664 bytes, new threshold 6 (max 6)
: 0K->0K(157248K), 0.0027634 secs]2024-07-23T00:25:53.830+0800: 2.487: [CMS: 205856K->1056K(349568K), 0.0039856 secs] 205856K->1056K(506816K), [Metaspace: 3956K->3956K(1056768K)], 0.0069479 secs] [Times: user=0.00 sys=0.00, real=0.01 secs] 
Heap after GC invocations=55 (full 106):
 par new generation   total 157248K, used 0K [0x00000000e0000000, 0x00000000eaaa0000, 0x00000000eaaa0000)
  eden space 139776K,   0% used [0x00000000e0000000, 0x00000000e0000000, 0x00000000e8880000)
  from space 17472K,   0% used [0x00000000e9990000, 0x00000000e9990000, 0x00000000eaaa0000)
  to   space 17472K,   0% used [0x00000000e8880000, 0x00000000e8880000, 0x00000000e9990000)
 concurrent mark-sweep generation total 349568K, used 1056K [0x00000000eaaa0000, 0x0000000100000000, 0x0000000100000000)
 Metaspace       used 3956K, capacity 4568K, committed 4864K, reserved 1056768K
  class space    used 431K, capacity 460K, committed 512K, reserved 1048576K
}
2024-07-23T00:25:53.834+0800: 2.491: Total time for which application threads were stopped: 0.0071819 seconds, Stopping threads took: 0.0000278 seconds
2024-07-23T00:25:53.853+0800: 2.510: [GC (CMS Initial Mark) [1 CMS-initial-mark: 205856K(349568K)] 205856K(506816K), 0.0004710 secs] [Times: user=0.00 sys=0.00, real=0.00 secs] 
2024-07-23T00:25:53.854+0800: 2.511: Total time for which application threads were stopped: 0.0195670 seconds, Stopping threads took: 0.0190142 seconds
2024-07-23T00:25:53.854+0800: 2.511: [CMS-concurrent-mark-start]
2024-07-23T00:25:53.855+0800: 2.512: [CMS-concurrent-mark: 0.001/0.001 secs] [Times: user=0.00 sys=0.00, real=0.00 secs] 
2024-07-23T00:25:53.855+0800: 2.512: [CMS-concurrent-preclean-start]
2024-07-23T00:25:53.855+0800: 2.512: [CMS-concurrent-preclean: 0.000/0.000 secs] [Times: user=0.00 sys=0.00, real=0.00 secs] 
2024-07-23T00:25:53.855+0800: 2.512: [GC (CMS Final Remark) [YG occupancy: 0 K (157248 K)]2024-07-23T00:25:53.855+0800: 2.512: [Rescan (parallel) , 0.0008203 secs]2024-07-23T00:25:53.856+0800: 2.513: [weak refs processing, 0.0000079 secs]2024-07-23T00:25:53.856+0800: 2.513: [class unloading, 0.0001947 secs]2024-07-23T00:25:53.856+0800: 2.513: [scrub symbol table, 0.0003301 secs]2024-07-23T00:25:53.857+0800: 2.514: [scrub string table, 0.0000955 secs][1 CMS-remark: 205856K(349568K)] 205856K(506816K), 0.0014814 secs] [Times: user=0.00 sys=0.00, real=0.00 secs] 
2024-07-23T00:25:53.857+0800: 2.514: Total time for which application threads were stopped: 0.0015101 seconds, Stopping threads took: 0.0000102 seconds
2024-07-23T00:25:53.857+0800: 2.514: [CMS-concurrent-sweep-start]
2024-07-23T00:25:53.857+0800: 2.514: [CMS-concurrent-sweep: 0.000/0.000 secs] [Times: user=0.00 sys=0.00, real=0.00 secs] 
2024-07-23T00:25:53.857+0800: 2.514: [CMS-concurrent-reset-start]
2024-07-23T00:25:53.858+0800: 2.515: [CMS-concurrent-reset: 0.000/0.000 secs] [Times: user=0.00 sys=0.00, real=0.00 secs] 
{Heap before GC invocations=55 (full 107):
 par new generation   total 157248K, used 0K [0x00000000e0000000, 0x00000000eaaa0000, 0x00000000eaaa0000)
  eden space 139776K,   0% used [0x00000000e0000000, 0x00000000e0000000, 0x00000000e8880000)
  from space 17472K,   0% used [0x00000000e9990000, 0x00000000e9990000, 0x00000000eaaa0000)
  to   space 17472K,   0% used [0x00000000e8880000, 0x00000000e8880000, 0x00000000e9990000)
 concurrent mark-sweep generation total 349568K, used 205856K [0x00000000eaaa0000, 0x0000000100000000, 0x0000000100000000)
 Metaspace       used 3956K, capacity 4568K, committed 4864K, reserved 1056768K
  class space    used 431K, capacity 460K, committed 512K, reserved 1048576K
2024-07-23T00:25:53.874+0800: 2.531: [GC (Allocation Failure) 2024-07-23T00:25:53.874+0800: 2.531: [ParNew
Desired survivor size 8945664 bytes, new threshold 6 (max 6)
: 0K->0K(157248K), 0.0018073 secs]2024-07-23T00:25:53.876+0800: 2.533: [CMS: 205856K->1056K(349568K), 0.0037132 secs] 205856K->1056K(506816K), [Metaspace: 3956K->3956K(1056768K)], 0.0056690 secs] [Times: user=0.00 sys=0.00, real=0.01 secs] 
Heap after GC invocations=56 (full 108):
 par new generation   total 157248K, used 0K [0x00000000e0000000, 0x00000000eaaa0000, 0x00000000eaaa0000)
  eden space 139776K,   0% used [0x00000000e0000000, 0x00000000e0000000, 0x00000000e8880000)
  from space 17472K,   0% used [0x00000000e8880000, 0x00000000e8880000, 0x00000000e9990000)
  to   space 17472K,   0% used [0x00000000e9990000, 0x00000000e9990000, 0x00000000eaaa0000)
 concurrent mark-sweep generation total 349568K, used 1056K [0x00000000eaaa0000, 0x0000000100000000, 0x0000000100000000)
 Metaspace       used 3956K, capacity 4568K, committed 4864K, reserved 1056768K
  class space    used 431K, capacity 460K, committed 512K, reserved 1048576K
}
2024-07-23T00:25:53.880+0800: 2.537: Total time for which application threads were stopped: 0.0059119 seconds, Stopping threads took: 0.0000289 seconds
2024-07-23T00:25:53.898+0800: 2.555: [GC (CMS Initial Mark) [1 CMS-initial-mark: 205856K(349568K)] 205856K(506816K), 0.0003147 secs] [Times: user=0.00 sys=0.00, real=0.00 secs] 
2024-07-23T00:25:53.898+0800: 2.555: Total time for which application threads were stopped: 0.0182749 seconds, Stopping threads took: 0.0178948 seconds
2024-07-23T00:25:53.898+0800: 2.555: [CMS-concurrent-mark-start]
2024-07-23T00:25:53.900+0800: 2.556: [CMS-concurrent-mark: 0.001/0.001 secs] [Times: user=0.00 sys=0.00, real=0.00 secs] 
2024-07-23T00:25:53.900+0800: 2.556: [CMS-concurrent-preclean-start]
2024-07-23T00:25:53.900+0800: 2.557: [CMS-concurrent-preclean: 0.000/0.000 secs] [Times: user=0.00 sys=0.00, real=0.00 secs] 
2024-07-23T00:25:53.900+0800: 2.557: [GC (CMS Final Remark) [YG occupancy: 0 K (157248 K)]2024-07-23T00:25:53.900+0800: 2.557: [Rescan (parallel) , 0.0004059 secs]2024-07-23T00:25:53.900+0800: 2.557: [weak refs processing, 0.0000084 secs]2024-07-23T00:25:53.900+0800: 2.557: [class unloading, 0.0002120 secs]2024-07-23T00:25:53.901+0800: 2.557: [scrub symbol table, 0.0003298 secs]2024-07-23T00:25:53.901+0800: 2.558: [scrub string table, 0.0000938 secs][1 CMS-remark: 205856K(349568K)] 205856K(506816K), 0.0010910 secs] [Times: user=0.00 sys=0.00, real=0.00 secs] 
2024-07-23T00:25:53.901+0800: 2.558: Total time for which application threads were stopped: 0.0011268 seconds, Stopping threads took: 0.0000100 seconds
2024-07-23T00:25:53.901+0800: 2.558: [CMS-concurrent-sweep-start]
2024-07-23T00:25:53.901+0800: 2.558: [CMS-concurrent-sweep: 0.000/0.000 secs] [Times: user=0.00 sys=0.00, real=0.00 secs] 
2024-07-23T00:25:53.901+0800: 2.558: [CMS-concurrent-reset-start]
2024-07-23T00:25:53.902+0800: 2.558: [CMS-concurrent-reset: 0.000/0.000 secs] [Times: user=0.00 sys=0.00, real=0.00 secs] 
{Heap before GC invocations=56 (full 109):
 par new generation   total 157248K, used 0K [0x00000000e0000000, 0x00000000eaaa0000, 0x00000000eaaa0000)
  eden space 139776K,   0% used [0x00000000e0000000, 0x00000000e0000000, 0x00000000e8880000)
  from space 17472K,   0% used [0x00000000e8880000, 0x00000000e8880000, 0x00000000e9990000)
  to   space 17472K,   0% used [0x00000000e9990000, 0x00000000e9990000, 0x00000000eaaa0000)
 concurrent mark-sweep generation total 349568K, used 205856K [0x00000000eaaa0000, 0x0000000100000000, 0x0000000100000000)
 Metaspace       used 3956K, capacity 4568K, committed 4864K, reserved 1056768K
  class space    used 431K, capacity 460K, committed 512K, reserved 1048576K
2024-07-23T00:25:53.919+0800: 2.576: [GC (Allocation Failure) 2024-07-23T00:25:53.919+0800: 2.576: [ParNew
Desired survivor size 8945664 bytes, new threshold 6 (max 6)
: 0K->0K(157248K), 0.0023414 secs]2024-07-23T00:25:53.922+0800: 2.578: [CMS: 205856K->1056K(349568K), 0.0037608 secs] 205856K->1056K(506816K), [Metaspace: 3956K->3956K(1056768K)], 0.0062486 secs] [Times: user=0.00 sys=0.00, real=0.01 secs] 
Heap after GC invocations=57 (full 110):
 par new generation   total 157248K, used 0K [0x00000000e0000000, 0x00000000eaaa0000, 0x00000000eaaa0000)
  eden space 139776K,   0% used [0x00000000e0000000, 0x00000000e0000000, 0x00000000e8880000)
  from space 17472K,   0% used [0x00000000e9990000, 0x00000000e9990000, 0x00000000eaaa0000)
  to   space 17472K,   0% used [0x00000000e8880000, 0x00000000e8880000, 0x00000000e9990000)
 concurrent mark-sweep generation total 349568K, used 1056K [0x00000000eaaa0000, 0x0000000100000000, 0x0000000100000000)
 Metaspace       used 3956K, capacity 4568K, committed 4864K, reserved 1056768K
  class space    used 431K, capacity 460K, committed 512K, reserved 1048576K
}
2024-07-23T00:25:53.925+0800: 2.582: Total time for which application threads were stopped: 0.0066126 seconds, Stopping threads took: 0.0000301 seconds
2024-07-23T00:25:53.942+0800: 2.599: [GC (CMS Initial Mark) [1 CMS-initial-mark: 205856K(349568K)] 205856K(506816K), 0.0006017 secs] [Times: user=0.00 sys=0.00, real=0.00 secs] 
2024-07-23T00:25:53.943+0800: 2.600: Total time for which application threads were stopped: 0.0178761 seconds, Stopping threads took: 0.0172060 seconds
2024-07-23T00:25:53.943+0800: 2.600: [CMS-concurrent-mark-start]
2024-07-23T00:25:53.944+0800: 2.602: [CMS-concurrent-mark: 0.001/0.001 secs] [Times: user=0.00 sys=0.00, real=0.00 secs] 
2024-07-23T00:25:53.944+0800: 2.602: [CMS-concurrent-preclean-start]
2024-07-23T00:25:53.945+0800: 2.602: [CMS-concurrent-preclean: 0.000/0.000 secs] [Times: user=0.00 sys=0.00, real=0.00 secs] 
2024-07-23T00:25:53.945+0800: 2.602: [GC (CMS Final Remark) [YG occupancy: 0 K (157248 K)]2024-07-23T00:25:53.945+0800: 2.602: [Rescan (parallel) , 0.0002444 secs]2024-07-23T00:25:53.945+0800: 2.602: [weak refs processing, 0.0000089 secs]2024-07-23T00:25:53.945+0800: 2.602: [class unloading, 0.0002024 secs]2024-07-23T00:25:53.945+0800: 2.602: [scrub symbol table, 0.0003310 secs]2024-07-23T00:25:53.945+0800: 2.603: [scrub string table, 0.0001038 secs][1 CMS-remark: 205856K(349568K)] 205856K(506816K), 0.0009328 secs] [Times: user=0.00 sys=0.00, real=0.00 secs] 
2024-07-23T00:25:53.946+0800: 2.603: Total time for which application threads were stopped: 0.0009637 seconds, Stopping threads took: 0.0000092 seconds
2024-07-23T00:25:53.946+0800: 2.603: [CMS-concurrent-sweep-start]
2024-07-23T00:25:53.946+0800: 2.603: [CMS-concurrent-sweep: 0.000/0.000 secs] [Times: user=0.00 sys=0.00, real=0.00 secs] 
2024-07-23T00:25:53.946+0800: 2.603: [CMS-concurrent-reset-start]
2024-07-23T00:25:53.946+0800: 2.603: [CMS-concurrent-reset: 0.000/0.000 secs] [Times: user=0.00 sys=0.00, real=0.00 secs] 
{Heap before GC invocations=57 (full 111):
 par new generation   total 157248K, used 0K [0x00000000e0000000, 0x00000000eaaa0000, 0x00000000eaaa0000)
  eden space 139776K,   0% used [0x00000000e0000000, 0x00000000e0000000, 0x00000000e8880000)
  from space 17472K,   0% used [0x00000000e9990000, 0x00000000e9990000, 0x00000000eaaa0000)
  to   space 17472K,   0% used [0x00000000e8880000, 0x00000000e8880000, 0x00000000e9990000)
 concurrent mark-sweep generation total 349568K, used 205856K [0x00000000eaaa0000, 0x0000000100000000, 0x0000000100000000)
 Metaspace       used 3956K, capacity 4568K, committed 4864K, reserved 1056768K
  class space    used 431K, capacity 460K, committed 512K, reserved 1048576K
2024-07-23T00:25:53.966+0800: 2.623: [GC (Allocation Failure) 2024-07-23T00:25:53.966+0800: 2.623: [ParNew
Desired survivor size 8945664 bytes, new threshold 6 (max 6)
: 0K->0K(157248K), 0.0021731 secs]2024-07-23T00:25:53.968+0800: 2.626: [CMS: 205856K->1056K(349568K), 0.0043264 secs] 205856K->1056K(506816K), [Metaspace: 3956K->3956K(1056768K)], 0.0067041 secs] [Times: user=0.00 sys=0.00, real=0.01 secs] 
Heap after GC invocations=58 (full 112):
 par new generation   total 157248K, used 0K [0x00000000e0000000, 0x00000000eaaa0000, 0x00000000eaaa0000)
  eden space 139776K,   0% used [0x00000000e0000000, 0x00000000e0000000, 0x00000000e8880000)
  from space 17472K,   0% used [0x00000000e8880000, 0x00000000e8880000, 0x00000000e9990000)
  to   space 17472K,   0% used [0x00000000e9990000, 0x00000000e9990000, 0x00000000eaaa0000)
 concurrent mark-sweep generation total 349568K, used 1056K [0x00000000eaaa0000, 0x0000000100000000, 0x0000000100000000)
 Metaspace       used 3956K, capacity 4568K, committed 4864K, reserved 1056768K
  class space    used 431K, capacity 460K, committed 512K, reserved 1048576K
}
2024-07-23T00:25:53.973+0800: 2.630: Total time for which application threads were stopped: 0.0069012 seconds, Stopping threads took: 0.0000291 seconds
2024-07-23T00:25:53.991+0800: 2.648: [GC (CMS Initial Mark) [1 CMS-initial-mark: 205856K(349568K)] 205856K(506816K), 0.0006800 secs] [Times: user=0.00 sys=0.00, real=0.00 secs] 
2024-07-23T00:25:53.992+0800: 2.648: Total time for which application threads were stopped: 0.0181366 seconds, Stopping threads took: 0.0173740 seconds
2024-07-23T00:25:53.992+0800: 2.648: [CMS-concurrent-mark-start]
2024-07-23T00:25:53.993+0800: 2.650: [CMS-concurrent-mark: 0.002/0.002 secs] [Times: user=0.00 sys=0.00, real=0.00 secs] 
2024-07-23T00:25:53.993+0800: 2.650: [CMS-concurrent-preclean-start]
2024-07-23T00:25:53.994+0800: 2.650: [CMS-concurrent-preclean: 0.000/0.000 secs] [Times: user=0.00 sys=0.00, real=0.00 secs] 
2024-07-23T00:25:53.994+0800: 2.650: [GC (CMS Final Remark) [YG occupancy: 0 K (157248 K)]2024-07-23T00:25:53.994+0800: 2.650: [Rescan (parallel) , 0.0003091 secs]2024-07-23T00:25:53.994+0800: 2.651: [weak refs processing, 0.0000088 secs]2024-07-23T00:25:53.994+0800: 2.651: [class unloading, 0.0002190 secs]2024-07-23T00:25:53.994+0800: 2.651: [scrub symbol table, 0.0003414 secs]2024-07-23T00:25:53.995+0800: 2.651: [scrub string table, 0.0000964 secs][1 CMS-remark: 205856K(349568K)] 205856K(506816K), 0.0010129 secs] [Times: user=0.00 sys=0.00, real=0.00 secs] 
2024-07-23T00:25:53.995+0800: 2.651: Total time for which application threads were stopped: 0.0010470 seconds, Stopping threads took: 0.0000111 seconds
2024-07-23T00:25:53.995+0800: 2.651: [CMS-concurrent-sweep-start]
2024-07-23T00:25:53.995+0800: 2.652: [CMS-concurrent-sweep: 0.000/0.000 secs] [Times: user=0.00 sys=0.00, real=0.00 secs] 
2024-07-23T00:25:53.995+0800: 2.652: [CMS-concurrent-reset-start]
2024-07-23T00:25:53.995+0800: 2.652: [CMS-concurrent-reset: 0.000/0.000 secs] [Times: user=0.00 sys=0.00, real=0.00 secs] 
{Heap before GC invocations=58 (full 113):
 par new generation   total 157248K, used 0K [0x00000000e0000000, 0x00000000eaaa0000, 0x00000000eaaa0000)
  eden space 139776K,   0% used [0x00000000e0000000, 0x00000000e0000000, 0x00000000e8880000)
  from space 17472K,   0% used [0x00000000e8880000, 0x00000000e8880000, 0x00000000e9990000)
  to   space 17472K,   0% used [0x00000000e9990000, 0x00000000e9990000, 0x00000000eaaa0000)
 concurrent mark-sweep generation total 349568K, used 205856K [0x00000000eaaa0000, 0x0000000100000000, 0x0000000100000000)
 Metaspace       used 3956K, capacity 4568K, committed 4864K, reserved 1056768K
  class space    used 431K, capacity 460K, committed 512K, reserved 1048576K
2024-07-23T00:25:54.014+0800: 2.671: [GC (Allocation Failure) 2024-07-23T00:25:54.014+0800: 2.671: [ParNew
Desired survivor size 8945664 bytes, new threshold 6 (max 6)
: 0K->0K(157248K), 0.0015082 secs]2024-07-23T00:25:54.016+0800: 2.672: [CMS: 205856K->1056K(349568K), 0.0031159 secs] 205856K->1056K(506816K), [Metaspace: 3956K->3956K(1056768K)], 0.0048807 secs] [Times: user=0.00 sys=0.00, real=0.00 secs] 
Heap after GC invocations=59 (full 114):
 par new generation   total 157248K, used 0K [0x00000000e0000000, 0x00000000eaaa0000, 0x00000000eaaa0000)
  eden space 139776K,   0% used [0x00000000e0000000, 0x00000000e0000000, 0x00000000e8880000)
  from space 17472K,   0% used [0x00000000e9990000, 0x00000000e9990000, 0x00000000eaaa0000)
  to   space 17472K,   0% used [0x00000000e8880000, 0x00000000e8880000, 0x00000000e9990000)
 concurrent mark-sweep generation total 349568K, used 1056K [0x00000000eaaa0000, 0x0000000100000000, 0x0000000100000000)
 Metaspace       used 3956K, capacity 4568K, committed 4864K, reserved 1056768K
  class space    used 431K, capacity 460K, committed 512K, reserved 1048576K
}
2024-07-23T00:25:54.018+0800: 2.676: Total time for which application threads were stopped: 0.0050550 seconds, Stopping threads took: 0.0000262 seconds
2024-07-23T00:25:54.035+0800: 2.692: [GC (CMS Initial Mark) [1 CMS-initial-mark: 205856K(349568K)] 205856K(506816K), 0.0002203 secs] [Times: user=0.00 sys=0.00, real=0.00 secs] 
2024-07-23T00:25:54.036+0800: 2.693: Total time for which application threads were stopped: 0.0171787 seconds, Stopping threads took: 0.0169043 seconds
2024-07-23T00:25:54.036+0800: 2.693: [CMS-concurrent-mark-start]
2024-07-23T00:25:54.037+0800: 2.694: [CMS-concurrent-mark: 0.001/0.001 secs] [Times: user=0.00 sys=0.00, real=0.00 secs] 
2024-07-23T00:25:54.037+0800: 2.694: [CMS-concurrent-preclean-start]
2024-07-23T00:25:54.037+0800: 2.694: [CMS-concurrent-preclean: 0.000/0.000 secs] [Times: user=0.00 sys=0.00, real=0.00 secs] 
2024-07-23T00:25:54.037+0800: 2.694: [GC (CMS Final Remark) [YG occupancy: 0 K (157248 K)]2024-07-23T00:25:54.037+0800: 2.694: [Rescan (parallel) , 0.0004296 secs]2024-07-23T00:25:54.038+0800: 2.695: [weak refs processing, 0.0000069 secs]2024-07-23T00:25:54.038+0800: 2.695: [class unloading, 0.0001936 secs]2024-07-23T00:25:54.038+0800: 2.695: [scrub symbol table, 0.0003287 secs]2024-07-23T00:25:54.038+0800: 2.695: [scrub string table, 0.0000959 secs][1 CMS-remark: 205856K(349568K)] 205856K(506816K), 0.0010879 secs] [Times: user=0.00 sys=0.00, real=0.00 secs] 
2024-07-23T00:25:54.038+0800: 2.695: Total time for which application threads were stopped: 0.0011171 seconds, Stopping threads took: 0.0000092 seconds
2024-07-23T00:25:54.038+0800: 2.696: [CMS-concurrent-sweep-start]
2024-07-23T00:25:54.039+0800: 2.696: [CMS-concurrent-sweep: 0.000/0.000 secs] [Times: user=0.00 sys=0.00, real=0.00 secs] 
2024-07-23T00:25:54.039+0800: 2.696: [CMS-concurrent-reset-start]
2024-07-23T00:25:54.039+0800: 2.696: [CMS-concurrent-reset: 0.000/0.000 secs] [Times: user=0.00 sys=0.00, real=0.00 secs] 
{Heap before GC invocations=59 (full 115):
 par new generation   total 157248K, used 0K [0x00000000e0000000, 0x00000000eaaa0000, 0x00000000eaaa0000)
  eden space 139776K,   0% used [0x00000000e0000000, 0x00000000e0000000, 0x00000000e8880000)
  from space 17472K,   0% used [0x00000000e9990000, 0x00000000e9990000, 0x00000000eaaa0000)
  to   space 17472K,   0% used [0x00000000e8880000, 0x00000000e8880000, 0x00000000e9990000)
 concurrent mark-sweep generation total 349568K, used 205856K [0x00000000eaaa0000, 0x0000000100000000, 0x0000000100000000)
 Metaspace       used 3956K, capacity 4568K, committed 4864K, reserved 1056768K
  class space    used 431K, capacity 460K, committed 512K, reserved 1048576K
2024-07-23T00:25:54.060+0800: 2.717: [GC (Allocation Failure) 2024-07-23T00:25:54.060+0800: 2.717: [ParNew
Desired survivor size 8945664 bytes, new threshold 6 (max 6)
: 0K->0K(157248K), 0.0011676 secs]2024-07-23T00:25:54.061+0800: 2.718: [CMS: 205856K->1056K(349568K), 0.0030903 secs] 205856K->1056K(506816K), [Metaspace: 3956K->3956K(1056768K)], 0.0044057 secs] [Times: user=0.00 sys=0.00, real=0.00 secs] 
Heap after GC invocations=60 (full 116):
 par new generation   total 157248K, used 0K [0x00000000e0000000, 0x00000000eaaa0000, 0x00000000eaaa0000)
  eden space 139776K,   0% used [0x00000000e0000000, 0x00000000e0000000, 0x00000000e8880000)
  from space 17472K,   0% used [0x00000000e8880000, 0x00000000e8880000, 0x00000000e9990000)
  to   space 17472K,   0% used [0x00000000e9990000, 0x00000000e9990000, 0x00000000eaaa0000)
 concurrent mark-sweep generation total 349568K, used 1056K [0x00000000eaaa0000, 0x0000000100000000, 0x0000000100000000)
 Metaspace       used 3956K, capacity 4568K, committed 4864K, reserved 1056768K
  class space    used 431K, capacity 460K, committed 512K, reserved 1048576K
}
2024-07-23T00:25:54.064+0800: 2.722: Total time for which application threads were stopped: 0.0046116 seconds, Stopping threads took: 0.0000506 seconds
2024-07-23T00:25:54.081+0800: 2.739: [GC (CMS Initial Mark) [1 CMS-initial-mark: 205856K(349568K)] 205856K(506816K), 0.0001682 secs] [Times: user=0.00 sys=0.00, real=0.00 secs] 
2024-07-23T00:25:54.081+0800: 2.739: Total time for which application threads were stopped: 0.0172674 seconds, Stopping threads took: 0.0170421 seconds
2024-07-23T00:25:54.081+0800: 2.739: [CMS-concurrent-mark-start]
2024-07-23T00:25:54.083+0800: 2.740: [CMS-concurrent-mark: 0.001/0.001 secs] [Times: user=0.00 sys=0.00, real=0.00 secs] 
2024-07-23T00:25:54.083+0800: 2.740: [CMS-concurrent-preclean-start]
2024-07-23T00:25:54.083+0800: 2.741: [CMS-concurrent-preclean: 0.000/0.000 secs] [Times: user=0.00 sys=0.00, real=0.00 secs] 
2024-07-23T00:25:54.083+0800: 2.741: [GC (CMS Final Remark) [YG occupancy: 0 K (157248 K)]2024-07-23T00:25:54.083+0800: 2.741: [Rescan (parallel) , 0.0003854 secs]2024-07-23T00:25:54.083+0800: 2.741: [weak refs processing, 0.0000080 secs]2024-07-23T00:25:54.083+0800: 2.741: [class unloading, 0.0001963 secs]2024-07-23T00:25:54.084+0800: 2.741: [scrub symbol table, 0.0003278 secs]2024-07-23T00:25:54.084+0800: 2.742: [scrub string table, 0.0000928 secs][1 CMS-remark: 205856K(349568K)] 205856K(506816K), 0.0010529 secs] [Times: user=0.00 sys=0.00, real=0.00 secs] 
2024-07-23T00:25:54.084+0800: 2.742: Total time for which application threads were stopped: 0.0010873 seconds, Stopping threads took: 0.0000089 seconds
2024-07-23T00:25:54.084+0800: 2.742: [CMS-concurrent-sweep-start]
2024-07-23T00:25:54.084+0800: 2.742: [CMS-concurrent-sweep: 0.000/0.000 secs] [Times: user=0.00 sys=0.00, real=0.00 secs] 
2024-07-23T00:25:54.084+0800: 2.742: [CMS-concurrent-reset-start]
2024-07-23T00:25:54.085+0800: 2.742: [CMS-concurrent-reset: 0.001/0.001 secs] [Times: user=0.00 sys=0.00, real=0.00 secs] 
{Heap before GC invocations=60 (full 117):
 par new generation   total 157248K, used 0K [0x00000000e0000000, 0x00000000eaaa0000, 0x00000000eaaa0000)
  eden space 139776K,   0% used [0x00000000e0000000, 0x00000000e0000000, 0x00000000e8880000)
  from space 17472K,   0% used [0x00000000e8880000, 0x00000000e8880000, 0x00000000e9990000)
  to   space 17472K,   0% used [0x00000000e9990000, 0x00000000e9990000, 0x00000000eaaa0000)
 concurrent mark-sweep generation total 349568K, used 205856K [0x00000000eaaa0000, 0x0000000100000000, 0x0000000100000000)
 Metaspace       used 3956K, capacity 4568K, committed 4864K, reserved 1056768K
  class space    used 431K, capacity 460K, committed 512K, reserved 1048576K
2024-07-23T00:25:54.106+0800: 2.763: [GC (Allocation Failure) 2024-07-23T00:25:54.106+0800: 2.763: [ParNew
Desired survivor size 8945664 bytes, new threshold 6 (max 6)
: 0K->0K(157248K), 0.0020782 secs]2024-07-23T00:25:54.108+0800: 2.765: [CMS: 205856K->1056K(349568K), 0.0039205 secs] 205856K->1056K(506816K), [Metaspace: 3956K->3956K(1056768K)], 0.0061520 secs] [Times: user=0.00 sys=0.00, real=0.01 secs] 
Heap after GC invocations=61 (full 118):
 par new generation   total 157248K, used 0K [0x00000000e0000000, 0x00000000eaaa0000, 0x00000000eaaa0000)
  eden space 139776K,   0% used [0x00000000e0000000, 0x00000000e0000000, 0x00000000e8880000)
  from space 17472K,   0% used [0x00000000e9990000, 0x00000000e9990000, 0x00000000eaaa0000)
  to   space 17472K,   0% used [0x00000000e8880000, 0x00000000e8880000, 0x00000000e9990000)
 concurrent mark-sweep generation total 349568K, used 1056K [0x00000000eaaa0000, 0x0000000100000000, 0x0000000100000000)
 Metaspace       used 3956K, capacity 4568K, committed 4864K, reserved 1056768K
  class space    used 431K, capacity 460K, committed 512K, reserved 1048576K
}
2024-07-23T00:25:54.112+0800: 2.769: Total time for which application threads were stopped: 0.0063439 seconds, Stopping threads took: 0.0000308 seconds
2024-07-23T00:25:54.130+0800: 2.787: [GC (CMS Initial Mark) [1 CMS-initial-mark: 205856K(349568K)] 205856K(506816K), 0.0004750 secs] [Times: user=0.00 sys=0.00, real=0.00 secs] 
2024-07-23T00:25:54.131+0800: 2.788: Total time for which application threads were stopped: 0.0180927 seconds, Stopping threads took: 0.0175541 seconds
2024-07-23T00:25:54.131+0800: 2.788: [CMS-concurrent-mark-start]
2024-07-23T00:25:54.132+0800: 2.789: [CMS-concurrent-mark: 0.001/0.001 secs] [Times: user=0.00 sys=0.00, real=0.00 secs] 
2024-07-23T00:25:54.132+0800: 2.789: [CMS-concurrent-preclean-start]
2024-07-23T00:25:54.132+0800: 2.789: [CMS-concurrent-preclean: 0.000/0.000 secs] [Times: user=0.00 sys=0.00, real=0.00 secs] 
2024-07-23T00:25:54.132+0800: 2.789: [GC (CMS Final Remark) [YG occupancy: 0 K (157248 K)]2024-07-23T00:25:54.132+0800: 2.789: [Rescan (parallel) , 0.0007117 secs]2024-07-23T00:25:54.133+0800: 2.790: [weak refs processing, 0.0000086 secs]2024-07-23T00:25:54.133+0800: 2.790: [class unloading, 0.0001895 secs]2024-07-23T00:25:54.133+0800: 2.790: [scrub symbol table, 0.0003246 secs]2024-07-23T00:25:54.133+0800: 2.791: [scrub string table, 0.0000951 secs][1 CMS-remark: 205856K(349568K)] 205856K(506816K), 0.0013755 secs] [Times: user=0.00 sys=0.00, real=0.00 secs] 
2024-07-23T00:25:54.133+0800: 2.791: Total time for which application threads were stopped: 0.0014079 seconds, Stopping threads took: 0.0000097 seconds
2024-07-23T00:25:54.134+0800: 2.791: [CMS-concurrent-sweep-start]
2024-07-23T00:25:54.134+0800: 2.791: [CMS-concurrent-sweep: 0.000/0.000 secs] [Times: user=0.00 sys=0.00, real=0.00 secs] 
2024-07-23T00:25:54.134+0800: 2.791: [CMS-concurrent-reset-start]
2024-07-23T00:25:54.134+0800: 2.791: [CMS-concurrent-reset: 0.000/0.000 secs] [Times: user=0.00 sys=0.00, real=0.00 secs] 
{Heap before GC invocations=61 (full 119):
 par new generation   total 157248K, used 0K [0x00000000e0000000, 0x00000000eaaa0000, 0x00000000eaaa0000)
  eden space 139776K,   0% used [0x00000000e0000000, 0x00000000e0000000, 0x00000000e8880000)
  from space 17472K,   0% used [0x00000000e9990000, 0x00000000e9990000, 0x00000000eaaa0000)
  to   space 17472K,   0% used [0x00000000e8880000, 0x00000000e8880000, 0x00000000e9990000)
 concurrent mark-sweep generation total 349568K, used 205856K [0x00000000eaaa0000, 0x0000000100000000, 0x0000000100000000)
 Metaspace       used 3956K, capacity 4568K, committed 4864K, reserved 1056768K
  class space    used 431K, capacity 460K, committed 512K, reserved 1048576K
2024-07-23T00:25:54.154+0800: 2.811: [GC (Allocation Failure) 2024-07-23T00:25:54.154+0800: 2.811: [ParNew
Desired survivor size 8945664 bytes, new threshold 6 (max 6)
: 0K->0K(157248K), 0.0006993 secs]2024-07-23T00:25:54.155+0800: 2.811: [CMS: 205856K->1056K(349568K), 0.0031605 secs] 205856K->1056K(506816K), [Metaspace: 3956K->3956K(1056768K)], 0.0039806 secs] [Times: user=0.00 sys=0.00, real=0.00 secs] 
Heap after GC invocations=62 (full 120):
 par new generation   total 157248K, used 0K [0x00000000e0000000, 0x00000000eaaa0000, 0x00000000eaaa0000)
  eden space 139776K,   0% used [0x00000000e0000000, 0x00000000e0000000, 0x00000000e8880000)
  from space 17472K,   0% used [0x00000000e8880000, 0x00000000e8880000, 0x00000000e9990000)
  to   space 17472K,   0% used [0x00000000e9990000, 0x00000000e9990000, 0x00000000eaaa0000)
 concurrent mark-sweep generation total 349568K, used 1056K [0x00000000eaaa0000, 0x0000000100000000, 0x0000000100000000)
 Metaspace       used 3956K, capacity 4568K, committed 4864K, reserved 1056768K
  class space    used 431K, capacity 460K, committed 512K, reserved 1048576K
}
2024-07-23T00:25:54.158+0800: 2.815: Total time for which application threads were stopped: 0.0041339 seconds, Stopping threads took: 0.0000219 seconds
2024-07-23T00:25:54.176+0800: 2.833: [GC (CMS Initial Mark) [1 CMS-initial-mark: 205856K(349568K)] 205856K(506816K), 0.0001900 secs] [Times: user=0.00 sys=0.00, real=0.00 secs] 
2024-07-23T00:25:54.176+0800: 2.833: Total time for which application threads were stopped: 0.0180748 seconds, Stopping threads took: 0.0178342 seconds
2024-07-23T00:25:54.176+0800: 2.833: [CMS-concurrent-mark-start]
2024-07-23T00:25:54.177+0800: 2.834: [CMS-concurrent-mark: 0.002/0.002 secs] [Times: user=0.00 sys=0.00, real=0.00 secs] 
2024-07-23T00:25:54.177+0800: 2.835: [CMS-concurrent-preclean-start]
2024-07-23T00:25:54.178+0800: 2.835: [CMS-concurrent-preclean: 0.000/0.000 secs] [Times: user=0.00 sys=0.00, real=0.00 secs] 
2024-07-23T00:25:54.178+0800: 2.835: [GC (CMS Final Remark) [YG occupancy: 0 K (157248 K)]2024-07-23T00:25:54.178+0800: 2.835: [Rescan (parallel) , 0.0003307 secs]2024-07-23T00:25:54.178+0800: 2.835: [weak refs processing, 0.0000167 secs]2024-07-23T00:25:54.178+0800: 2.835: [class unloading, 0.0002441 secs]2024-07-23T00:25:54.178+0800: 2.836: [scrub symbol table, 0.0003647 secs]2024-07-23T00:25:54.179+0800: 2.836: [scrub string table, 0.0001173 secs][1 CMS-remark: 205856K(349568K)] 205856K(506816K), 0.0012445 secs] [Times: user=0.00 sys=0.00, real=0.00 secs] 
2024-07-23T00:25:54.179+0800: 2.836: Total time for which application threads were stopped: 0.0012798 seconds, Stopping threads took: 0.0000106 seconds
2024-07-23T00:25:54.179+0800: 2.836: [CMS-concurrent-sweep-start]
2024-07-23T00:25:54.179+0800: 2.836: [CMS-concurrent-sweep: 0.000/0.000 secs] [Times: user=0.00 sys=0.00, real=0.00 secs] 
2024-07-23T00:25:54.179+0800: 2.836: [CMS-concurrent-reset-start]
2024-07-23T00:25:54.180+0800: 2.837: [CMS-concurrent-reset: 0.000/0.000 secs] [Times: user=0.00 sys=0.00, real=0.00 secs] 
{Heap before GC invocations=62 (full 121):
 par new generation   total 157248K, used 0K [0x00000000e0000000, 0x00000000eaaa0000, 0x00000000eaaa0000)
  eden space 139776K,   0% used [0x00000000e0000000, 0x00000000e0000000, 0x00000000e8880000)
  from space 17472K,   0% used [0x00000000e8880000, 0x00000000e8880000, 0x00000000e9990000)
  to   space 17472K,   0% used [0x00000000e9990000, 0x00000000e9990000, 0x00000000eaaa0000)
 concurrent mark-sweep generation total 349568K, used 205856K [0x00000000eaaa0000, 0x0000000100000000, 0x0000000100000000)
 Metaspace       used 3956K, capacity 4568K, committed 4864K, reserved 1056768K
  class space    used 431K, capacity 460K, committed 512K, reserved 1048576K
2024-07-23T00:25:54.200+0800: 2.857: [GC (Allocation Failure) 2024-07-23T00:25:54.200+0800: 2.857: [ParNew
Desired survivor size 8945664 bytes, new threshold 6 (max 6)
: 0K->0K(157248K), 0.0005198 secs]2024-07-23T00:25:54.200+0800: 2.858: [CMS: 205856K->1056K(349568K), 0.0026334 secs] 205856K->1056K(506816K), [Metaspace: 3956K->3956K(1056768K)], 0.0032548 secs] [Times: user=0.00 sys=0.00, real=0.00 secs] 
Heap after GC invocations=63 (full 122):
 par new generation   total 157248K, used 0K [0x00000000e0000000, 0x00000000eaaa0000, 0x00000000eaaa0000)
  eden space 139776K,   0% used [0x00000000e0000000, 0x00000000e0000000, 0x00000000e8880000)
  from space 17472K,   0% used [0x00000000e9990000, 0x00000000e9990000, 0x00000000eaaa0000)
  to   space 17472K,   0% used [0x00000000e8880000, 0x00000000e8880000, 0x00000000e9990000)
 concurrent mark-sweep generation total 349568K, used 1056K [0x00000000eaaa0000, 0x0000000100000000, 0x0000000100000000)
 Metaspace       used 3956K, capacity 4568K, committed 4864K, reserved 1056768K
  class space    used 431K, capacity 460K, committed 512K, reserved 1048576K
}
2024-07-23T00:25:54.204+0800: 2.861: Total time for which application threads were stopped: 0.0034341 seconds, Stopping threads took: 0.0000238 seconds
2024-07-23T00:25:54.222+0800: 2.879: [GC (CMS Initial Mark) [1 CMS-initial-mark: 205856K(349568K)] 205856K(506816K), 0.0001923 secs] [Times: user=0.00 sys=0.00, real=0.00 secs] 
2024-07-23T00:25:54.222+0800: 2.879: Total time for which application threads were stopped: 0.0184549 seconds, Stopping threads took: 0.0181888 seconds
2024-07-23T00:25:54.222+0800: 2.879: [CMS-concurrent-mark-start]
2024-07-23T00:25:54.223+0800: 2.881: [CMS-concurrent-mark: 0.001/0.001 secs] [Times: user=0.00 sys=0.00, real=0.00 secs] 
2024-07-23T00:25:54.223+0800: 2.881: [CMS-concurrent-preclean-start]
2024-07-23T00:25:54.223+0800: 2.881: [CMS-concurrent-preclean: 0.000/0.000 secs] [Times: user=0.00 sys=0.00, real=0.00 secs] 
2024-07-23T00:25:54.223+0800: 2.881: [GC (CMS Final Remark) [YG occupancy: 0 K (157248 K)]2024-07-23T00:25:54.223+0800: 2.881: [Rescan (parallel) , 0.0003917 secs]2024-07-23T00:25:54.225+0800: 2.881: [weak refs processing, 0.0000078 secs]2024-07-23T00:25:54.225+0800: 2.881: [class unloading, 0.0002222 secs]2024-07-23T00:25:54.225+0800: 2.882: [scrub symbol table, 0.0003298 secs]2024-07-23T00:25:54.225+0800: 2.882: [scrub string table, 0.0001062 secs][1 CMS-remark: 205856K(349568K)] 205856K(506816K), 0.0010996 secs] [Times: user=0.00 sys=0.00, real=0.00 secs] 
2024-07-23T00:25:54.225+0800: 2.882: Total time for which application threads were stopped: 0.0011316 seconds, Stopping threads took: 0.0000100 seconds
2024-07-23T00:25:54.225+0800: 2.882: [CMS-concurrent-sweep-start]
2024-07-23T00:25:54.225+0800: 2.882: [CMS-concurrent-sweep: 0.000/0.000 secs] [Times: user=0.00 sys=0.00, real=0.00 secs] 
2024-07-23T00:25:54.225+0800: 2.882: [CMS-concurrent-reset-start]
2024-07-23T00:25:54.225+0800: 2.883: [CMS-concurrent-reset: 0.000/0.000 secs] [Times: user=0.00 sys=0.00, real=0.00 secs] 
{Heap before GC invocations=63 (full 123):
 par new generation   total 157248K, used 0K [0x00000000e0000000, 0x00000000eaaa0000, 0x00000000eaaa0000)
  eden space 139776K,   0% used [0x00000000e0000000, 0x00000000e0000000, 0x00000000e8880000)
  from space 17472K,   0% used [0x00000000e9990000, 0x00000000e9990000, 0x00000000eaaa0000)
  to   space 17472K,   0% used [0x00000000e8880000, 0x00000000e8880000, 0x00000000e9990000)
 concurrent mark-sweep generation total 349568K, used 205856K [0x00000000eaaa0000, 0x0000000100000000, 0x0000000100000000)
 Metaspace       used 3956K, capacity 4568K, committed 4864K, reserved 1056768K
  class space    used 431K, capacity 460K, committed 512K, reserved 1048576K
2024-07-23T00:25:54.247+0800: 2.904: [GC (Allocation Failure) 2024-07-23T00:25:54.247+0800: 2.904: [ParNew
Desired survivor size 8945664 bytes, new threshold 6 (max 6)
: 0K->0K(157248K), 0.0014253 secs]2024-07-23T00:25:54.249+0800: 2.906: [CMS: 205856K->1056K(349568K), 0.0032741 secs] 205856K->1056K(506816K), [Metaspace: 3956K->3956K(1056768K)], 0.0048310 secs] [Times: user=0.00 sys=0.00, real=0.01 secs] 
Heap after GC invocations=64 (full 124):
 par new generation   total 157248K, used 0K [0x00000000e0000000, 0x00000000eaaa0000, 0x00000000eaaa0000)
  eden space 139776K,   0% used [0x00000000e0000000, 0x00000000e0000000, 0x00000000e8880000)
  from space 17472K,   0% used [0x00000000e8880000, 0x00000000e8880000, 0x00000000e9990000)
  to   space 17472K,   0% used [0x00000000e9990000, 0x00000000e9990000, 0x00000000eaaa0000)
 concurrent mark-sweep generation total 349568K, used 1056K [0x00000000eaaa0000, 0x0000000100000000, 0x0000000100000000)
 Metaspace       used 3956K, capacity 4568K, committed 4864K, reserved 1056768K
  class space    used 431K, capacity 460K, committed 512K, reserved 1048576K
}
2024-07-23T00:25:54.253+0800: 2.909: Total time for which application threads were stopped: 0.0050331 seconds, Stopping threads took: 0.0000267 seconds
2024-07-23T00:25:54.270+0800: 2.927: [GC (CMS Initial Mark) [1 CMS-initial-mark: 205856K(349568K)] 205856K(506816K), 0.0002272 secs] [Times: user=0.00 sys=0.00, real=0.00 secs] 
2024-07-23T00:25:54.270+0800: 2.927: Total time for which application threads were stopped: 0.0177279 seconds, Stopping threads took: 0.0174377 seconds
2024-07-23T00:25:54.271+0800: 2.927: [CMS-concurrent-mark-start]
2024-07-23T00:25:54.272+0800: 2.929: [CMS-concurrent-mark: 0.001/0.001 secs] [Times: user=0.00 sys=0.00, real=0.00 secs] 
2024-07-23T00:25:54.272+0800: 2.929: [CMS-concurrent-preclean-start]
2024-07-23T00:25:54.272+0800: 2.929: [CMS-concurrent-preclean: 0.000/0.000 secs] [Times: user=0.00 sys=0.00, real=0.00 secs] 
2024-07-23T00:25:54.272+0800: 2.929: [GC (CMS Final Remark) [YG occupancy: 0 K (157248 K)]2024-07-23T00:25:54.272+0800: 2.929: [Rescan (parallel) , 0.0002233 secs]2024-07-23T00:25:54.272+0800: 2.929: [weak refs processing, 0.0000076 secs]2024-07-23T00:25:54.272+0800: 2.929: [class unloading, 0.0002259 secs]2024-07-23T00:25:54.272+0800: 2.929: [scrub symbol table, 0.0003078 secs]2024-07-23T00:25:54.273+0800: 2.930: [scrub string table, 0.0000825 secs][1 CMS-remark: 205856K(349568K)] 205856K(506816K), 0.0008843 secs] [Times: user=0.00 sys=0.00, real=0.00 secs] 
2024-07-23T00:25:54.273+0800: 2.930: Total time for which application threads were stopped: 0.0009233 seconds, Stopping threads took: 0.0000172 seconds
2024-07-23T00:25:54.273+0800: 2.930: [CMS-concurrent-sweep-start]
2024-07-23T00:25:54.273+0800: 2.930: [CMS-concurrent-sweep: 0.000/0.000 secs] [Times: user=0.00 sys=0.00, real=0.00 secs] 
2024-07-23T00:25:54.273+0800: 2.930: [CMS-concurrent-reset-start]
2024-07-23T00:25:54.273+0800: 2.930: [CMS-concurrent-reset: 0.000/0.000 secs] [Times: user=0.00 sys=0.00, real=0.00 secs] 
{Heap before GC invocations=64 (full 125):
 par new generation   total 157248K, used 0K [0x00000000e0000000, 0x00000000eaaa0000, 0x00000000eaaa0000)
  eden space 139776K,   0% used [0x00000000e0000000, 0x00000000e0000000, 0x00000000e8880000)
  from space 17472K,   0% used [0x00000000e8880000, 0x00000000e8880000, 0x00000000e9990000)
  to   space 17472K,   0% used [0x00000000e9990000, 0x00000000e9990000, 0x00000000eaaa0000)
 concurrent mark-sweep generation total 349568K, used 205856K [0x00000000eaaa0000, 0x0000000100000000, 0x0000000100000000)
 Metaspace       used 3956K, capacity 4568K, committed 4864K, reserved 1056768K
  class space    used 431K, capacity 460K, committed 512K, reserved 1048576K
2024-07-23T00:25:54.294+0800: 2.951: [GC (Allocation Failure) 2024-07-23T00:25:54.294+0800: 2.951: [ParNew
Desired survivor size 8945664 bytes, new threshold 6 (max 6)
: 0K->0K(157248K), 0.0010521 secs]2024-07-23T00:25:54.295+0800: 2.952: [CMS: 205856K->1056K(349568K), 0.0034519 secs] 205856K->1056K(506816K), [Metaspace: 3956K->3956K(1056768K)], 0.0046296 secs] [Times: user=0.00 sys=0.00, real=0.00 secs] 
Heap after GC invocations=65 (full 126):
 par new generation   total 157248K, used 0K [0x00000000e0000000, 0x00000000eaaa0000, 0x00000000eaaa0000)
  eden space 139776K,   0% used [0x00000000e0000000, 0x00000000e0000000, 0x00000000e8880000)
  from space 17472K,   0% used [0x00000000e9990000, 0x00000000e9990000, 0x00000000eaaa0000)
  to   space 17472K,   0% used [0x00000000e8880000, 0x00000000e8880000, 0x00000000e9990000)
 concurrent mark-sweep generation total 349568K, used 1056K [0x00000000eaaa0000, 0x0000000100000000, 0x0000000100000000)
 Metaspace       used 3956K, capacity 4568K, committed 4864K, reserved 1056768K
  class space    used 431K, capacity 460K, committed 512K, reserved 1048576K
}
2024-07-23T00:25:54.298+0800: 2.956: Total time for which application threads were stopped: 0.0048206 seconds, Stopping threads took: 0.0000304 seconds
2024-07-23T00:25:54.316+0800: 2.974: [GC (CMS Initial Mark) [1 CMS-initial-mark: 205856K(349568K)] 205856K(506816K), 0.0004290 secs] [Times: user=0.00 sys=0.00, real=0.00 secs] 
2024-07-23T00:25:54.317+0800: 2.974: Total time for which application threads were stopped: 0.0183708 seconds, Stopping threads took: 0.0178686 seconds
2024-07-23T00:25:54.317+0800: 2.974: [CMS-concurrent-mark-start]
2024-07-23T00:25:54.318+0800: 2.976: [CMS-concurrent-mark: 0.001/0.001 secs] [Times: user=0.00 sys=0.00, real=0.00 secs] 
2024-07-23T00:25:54.318+0800: 2.976: [CMS-concurrent-preclean-start]
2024-07-23T00:25:54.318+0800: 2.976: [CMS-concurrent-preclean: 0.000/0.000 secs] [Times: user=0.00 sys=0.00, real=0.00 secs] 
2024-07-23T00:25:54.318+0800: 2.976: [GC (CMS Final Remark) [YG occupancy: 0 K (157248 K)]2024-07-23T00:25:54.318+0800: 2.976: [Rescan (parallel) , 0.0005782 secs]2024-07-23T00:25:54.319+0800: 2.976: [weak refs processing, 0.0000071 secs]2024-07-23T00:25:54.319+0800: 2.976: [class unloading, 0.0001991 secs]2024-07-23T00:25:54.319+0800: 2.977: [scrub symbol table, 0.0003000 secs]2024-07-23T00:25:54.319+0800: 2.977: [scrub string table, 0.0000843 secs][1 CMS-remark: 205856K(349568K)] 205856K(506816K), 0.0012035 secs] [Times: user=0.00 sys=0.00, real=0.00 secs] 
2024-07-23T00:25:54.320+0800: 2.977: Total time for which application threads were stopped: 0.0012318 seconds, Stopping threads took: 0.0000093 seconds
2024-07-23T00:25:54.320+0800: 2.977: [CMS-concurrent-sweep-start]
2024-07-23T00:25:54.320+0800: 2.977: [CMS-concurrent-sweep: 0.000/0.000 secs] [Times: user=0.00 sys=0.00, real=0.00 secs] 
2024-07-23T00:25:54.320+0800: 2.977: [CMS-concurrent-reset-start]
2024-07-23T00:25:54.320+0800: 2.978: [CMS-concurrent-reset: 0.000/0.000 secs] [Times: user=0.00 sys=0.00, real=0.00 secs] 
{Heap before GC invocations=65 (full 127):
 par new generation   total 157248K, used 0K [0x00000000e0000000, 0x00000000eaaa0000, 0x00000000eaaa0000)
  eden space 139776K,   0% used [0x00000000e0000000, 0x00000000e0000000, 0x00000000e8880000)
  from space 17472K,   0% used [0x00000000e9990000, 0x00000000e9990000, 0x00000000eaaa0000)
  to   space 17472K,   0% used [0x00000000e8880000, 0x00000000e8880000, 0x00000000e9990000)
 concurrent mark-sweep generation total 349568K, used 205856K [0x00000000eaaa0000, 0x0000000100000000, 0x0000000100000000)
 Metaspace       used 3956K, capacity 4568K, committed 4864K, reserved 1056768K
  class space    used 431K, capacity 460K, committed 512K, reserved 1048576K
2024-07-23T00:25:54.341+0800: 2.999: [GC (Allocation Failure) 2024-07-23T00:25:54.341+0800: 2.999: [ParNew
Desired survivor size 8945664 bytes, new threshold 6 (max 6)
: 0K->0K(157248K), 0.0016579 secs]2024-07-23T00:25:54.344+0800: 3.000: [CMS: 205856K->1056K(349568K), 0.0039549 secs] 205856K->1056K(506816K), [Metaspace: 3956K->3956K(1056768K)], 0.0057609 secs] [Times: user=0.00 sys=0.00, real=0.01 secs] 
Heap after GC invocations=66 (full 128):
 par new generation   total 157248K, used 0K [0x00000000e0000000, 0x00000000eaaa0000, 0x00000000eaaa0000)
  eden space 139776K,   0% used [0x00000000e0000000, 0x00000000e0000000, 0x00000000e8880000)
  from space 17472K,   0% used [0x00000000e8880000, 0x00000000e8880000, 0x00000000e9990000)
  to   space 17472K,   0% used [0x00000000e9990000, 0x00000000e9990000, 0x00000000eaaa0000)
 concurrent mark-sweep generation total 349568K, used 1056K [0x00000000eaaa0000, 0x0000000100000000, 0x0000000100000000)
 Metaspace       used 3956K, capacity 4568K, committed 4864K, reserved 1056768K
  class space    used 431K, capacity 460K, committed 512K, reserved 1048576K
}
2024-07-23T00:25:54.348+0800: 3.004: Total time for which application threads were stopped: 0.0059379 seconds, Stopping threads took: 0.0000261 seconds
2024-07-23T00:25:54.365+0800: 3.022: [GC (CMS Initial Mark) [1 CMS-initial-mark: 205856K(349568K)] 205856K(506816K), 0.0005027 secs] [Times: user=0.00 sys=0.00, real=0.00 secs] 
2024-07-23T00:25:54.365+0800: 3.023: Total time for which application threads were stopped: 0.0181314 seconds, Stopping threads took: 0.0175628 seconds
2024-07-23T00:25:54.365+0800: 3.023: [CMS-concurrent-mark-start]
2024-07-23T00:25:54.367+0800: 3.024: [CMS-concurrent-mark: 0.001/0.001 secs] [Times: user=0.00 sys=0.00, real=0.00 secs] 
2024-07-23T00:25:54.367+0800: 3.024: [CMS-concurrent-preclean-start]
2024-07-23T00:25:54.367+0800: 3.025: [CMS-concurrent-preclean: 0.000/0.000 secs] [Times: user=0.00 sys=0.00, real=0.00 secs] 
2024-07-23T00:25:54.367+0800: 3.025: [GC (CMS Final Remark) [YG occupancy: 0 K (157248 K)]2024-07-23T00:25:54.367+0800: 3.025: [Rescan (parallel) , 0.0002110 secs]2024-07-23T00:25:54.367+0800: 3.025: [weak refs processing, 0.0000087 secs]2024-07-23T00:25:54.367+0800: 3.025: [class unloading, 0.0001881 secs]2024-07-23T00:25:54.368+0800: 3.025: [scrub symbol table, 0.0003031 secs]2024-07-23T00:25:54.368+0800: 3.025: [scrub string table, 0.0000837 secs][1 CMS-remark: 205856K(349568K)] 205856K(506816K), 0.0008338 secs] [Times: user=0.00 sys=0.00, real=0.00 secs] 
2024-07-23T00:25:54.368+0800: 3.025: Total time for which application threads were stopped: 0.0008640 seconds, Stopping threads took: 0.0000093 seconds
2024-07-23T00:25:54.368+0800: 3.025: [CMS-concurrent-sweep-start]
2024-07-23T00:25:54.368+0800: 3.026: [CMS-concurrent-sweep: 0.000/0.000 secs] [Times: user=0.00 sys=0.00, real=0.00 secs] 
2024-07-23T00:25:54.368+0800: 3.026: [CMS-concurrent-reset-start]
2024-07-23T00:25:54.369+0800: 3.026: [CMS-concurrent-reset: 0.000/0.000 secs] [Times: user=0.00 sys=0.00, real=0.00 secs] 
{Heap before GC invocations=66 (full 129):
 par new generation   total 157248K, used 0K [0x00000000e0000000, 0x00000000eaaa0000, 0x00000000eaaa0000)
  eden space 139776K,   0% used [0x00000000e0000000, 0x00000000e0000000, 0x00000000e8880000)
  from space 17472K,   0% used [0x00000000e8880000, 0x00000000e8880000, 0x00000000e9990000)
  to   space 17472K,   0% used [0x00000000e9990000, 0x00000000e9990000, 0x00000000eaaa0000)
 concurrent mark-sweep generation total 349568K, used 205856K [0x00000000eaaa0000, 0x0000000100000000, 0x0000000100000000)
 Metaspace       used 3956K, capacity 4568K, committed 4864K, reserved 1056768K
  class space    used 431K, capacity 460K, committed 512K, reserved 1048576K
2024-07-23T00:25:54.389+0800: 3.046: [GC (Allocation Failure) 2024-07-23T00:25:54.389+0800: 3.046: [ParNew
Desired survivor size 8945664 bytes, new threshold 6 (max 6)
: 0K->0K(157248K), 0.0014626 secs]2024-07-23T00:25:54.391+0800: 3.048: [CMS: 205856K->1056K(349568K), 0.0030768 secs] 205856K->1056K(506816K), [Metaspace: 3956K->3956K(1056768K)], 0.0046913 secs] [Times: user=0.00 sys=0.00, real=0.00 secs] 
Heap after GC invocations=67 (full 130):
 par new generation   total 157248K, used 0K [0x00000000e0000000, 0x00000000eaaa0000, 0x00000000eaaa0000)
  eden space 139776K,   0% used [0x00000000e0000000, 0x00000000e0000000, 0x00000000e8880000)
  from space 17472K,   0% used [0x00000000e9990000, 0x00000000e9990000, 0x00000000eaaa0000)
  to   space 17472K,   0% used [0x00000000e8880000, 0x00000000e8880000, 0x00000000e9990000)
 concurrent mark-sweep generation total 349568K, used 1056K [0x00000000eaaa0000, 0x0000000100000000, 0x0000000100000000)
 Metaspace       used 3956K, capacity 4568K, committed 4864K, reserved 1056768K
  class space    used 431K, capacity 460K, committed 512K, reserved 1048576K
}
2024-07-23T00:25:54.394+0800: 3.051: Total time for which application threads were stopped: 0.0048959 seconds, Stopping threads took: 0.0000283 seconds
2024-07-23T00:25:54.411+0800: 3.068: [GC (CMS Initial Mark) [1 CMS-initial-mark: 205856K(349568K)] 205856K(506816K), 0.0002236 secs] [Times: user=0.00 sys=0.00, real=0.00 secs] 
2024-07-23T00:25:54.411+0800: 3.068: Total time for which application threads were stopped: 0.0169212 seconds, Stopping threads took: 0.0166413 seconds
2024-07-23T00:25:54.411+0800: 3.068: [CMS-concurrent-mark-start]
2024-07-23T00:25:54.412+0800: 3.069: [CMS-concurrent-mark: 0.001/0.001 secs] [Times: user=0.00 sys=0.00, real=0.00 secs] 
2024-07-23T00:25:54.412+0800: 3.069: [CMS-concurrent-preclean-start]
2024-07-23T00:25:54.412+0800: 3.070: [CMS-concurrent-preclean: 0.000/0.000 secs] [Times: user=0.00 sys=0.00, real=0.00 secs] 
2024-07-23T00:25:54.412+0800: 3.070: [GC (CMS Final Remark) [YG occupancy: 0 K (157248 K)]2024-07-23T00:25:54.412+0800: 3.070: [Rescan (parallel) , 0.0002957 secs]2024-07-23T00:25:54.413+0800: 3.070: [weak refs processing, 0.0000066 secs]2024-07-23T00:25:54.413+0800: 3.070: [class unloading, 0.0002041 secs]2024-07-23T00:25:54.413+0800: 3.070: [scrub symbol table, 0.0002962 secs]2024-07-23T00:25:54.413+0800: 3.070: [scrub string table, 0.0000805 secs][1 CMS-remark: 205856K(349568K)] 205856K(506816K), 0.0009162 secs] [Times: user=0.00 sys=0.00, real=0.00 secs] 
2024-07-23T00:25:54.413+0800: 3.070: Total time for which application threads were stopped: 0.0009466 seconds, Stopping threads took: 0.0000090 seconds
2024-07-23T00:25:54.413+0800: 3.071: [CMS-concurrent-sweep-start]
2024-07-23T00:25:54.414+0800: 3.071: [CMS-concurrent-sweep: 0.000/0.000 secs] [Times: user=0.00 sys=0.00, real=0.00 secs] 
2024-07-23T00:25:54.414+0800: 3.071: [CMS-concurrent-reset-start]
2024-07-23T00:25:54.414+0800: 3.071: [CMS-concurrent-reset: 0.000/0.000 secs] [Times: user=0.00 sys=0.00, real=0.00 secs] 
{Heap before GC invocations=67 (full 131):
 par new generation   total 157248K, used 0K [0x00000000e0000000, 0x00000000eaaa0000, 0x00000000eaaa0000)
  eden space 139776K,   0% used [0x00000000e0000000, 0x00000000e0000000, 0x00000000e8880000)
  from space 17472K,   0% used [0x00000000e9990000, 0x00000000e9990000, 0x00000000eaaa0000)
  to   space 17472K,   0% used [0x00000000e8880000, 0x00000000e8880000, 0x00000000e9990000)
 concurrent mark-sweep generation total 349568K, used 205856K [0x00000000eaaa0000, 0x0000000100000000, 0x0000000100000000)
 Metaspace       used 3956K, capacity 4568K, committed 4864K, reserved 1056768K
  class space    used 431K, capacity 460K, committed 512K, reserved 1048576K
2024-07-23T00:25:54.435+0800: 3.092: [GC (Allocation Failure) 2024-07-23T00:25:54.435+0800: 3.092: [ParNew
Desired survivor size 8945664 bytes, new threshold 6 (max 6)
: 0K->0K(157248K), 0.0015685 secs]2024-07-23T00:25:54.437+0800: 3.094: [CMS: 205856K->1056K(349568K), 0.0041153 secs] 205856K->1056K(506816K), [Metaspace: 3956K->3956K(1056768K)], 0.0058541 secs] [Times: user=0.00 sys=0.00, real=0.01 secs] 
Heap after GC invocations=68 (full 132):
 par new generation   total 157248K, used 0K [0x00000000e0000000, 0x00000000eaaa0000, 0x00000000eaaa0000)
  eden space 139776K,   0% used [0x00000000e0000000, 0x00000000e0000000, 0x00000000e8880000)
  from space 17472K,   0% used [0x00000000e8880000, 0x00000000e8880000, 0x00000000e9990000)
  to   space 17472K,   0% used [0x00000000e9990000, 0x00000000e9990000, 0x00000000eaaa0000)
 concurrent mark-sweep generation total 349568K, used 1056K [0x00000000eaaa0000, 0x0000000100000000, 0x0000000100000000)
 Metaspace       used 3956K, capacity 4568K, committed 4864K, reserved 1056768K
  class space    used 431K, capacity 460K, committed 512K, reserved 1048576K
}
2024-07-23T00:25:54.441+0800: 3.098: Total time for which application threads were stopped: 0.0060585 seconds, Stopping threads took: 0.0000283 seconds
2024-07-23T00:25:54.458+0800: 3.116: [GC (CMS Initial Mark) [1 CMS-initial-mark: 205856K(349568K)] 205856K(506816K), 0.0002139 secs] [Times: user=0.00 sys=0.00, real=0.00 secs] 
2024-07-23T00:25:54.458+0800: 3.116: Total time for which application threads were stopped: 0.0178027 seconds, Stopping threads took: 0.0175249 seconds
2024-07-23T00:25:54.458+0800: 3.116: [CMS-concurrent-mark-start]
2024-07-23T00:25:54.460+0800: 3.117: [CMS-concurrent-mark: 0.001/0.001 secs] [Times: user=0.00 sys=0.00, real=0.00 secs] 
2024-07-23T00:25:54.460+0800: 3.117: [CMS-concurrent-preclean-start]
2024-07-23T00:25:54.460+0800: 3.118: [CMS-concurrent-preclean: 0.000/0.000 secs] [Times: user=0.00 sys=0.00, real=0.00 secs] 
2024-07-23T00:25:54.460+0800: 3.118: [GC (CMS Final Remark) [YG occupancy: 0 K (157248 K)]2024-07-23T00:25:54.460+0800: 3.118: [Rescan (parallel) , 0.0003077 secs]2024-07-23T00:25:54.460+0800: 3.118: [weak refs processing, 0.0000070 secs]2024-07-23T00:25:54.460+0800: 3.118: [class unloading, 0.0001888 secs]2024-07-23T00:25:54.460+0800: 3.118: [scrub symbol table, 0.0002959 secs]2024-07-23T00:25:54.461+0800: 3.118: [scrub string table, 0.0000834 secs][1 CMS-remark: 205856K(349568K)] 205856K(506816K), 0.0009208 secs] [Times: user=0.00 sys=0.00, real=0.00 secs] 
2024-07-23T00:25:54.461+0800: 3.119: Total time for which application threads were stopped: 0.0009539 seconds, Stopping threads took: 0.0000089 seconds
2024-07-23T00:25:54.461+0800: 3.119: [CMS-concurrent-sweep-start]
2024-07-23T00:25:54.461+0800: 3.119: [CMS-concurrent-sweep: 0.000/0.000 secs] [Times: user=0.00 sys=0.00, real=0.00 secs] 
2024-07-23T00:25:54.461+0800: 3.119: [CMS-concurrent-reset-start]
2024-07-23T00:25:54.462+0800: 3.119: [CMS-concurrent-reset: 0.000/0.000 secs] [Times: user=0.00 sys=0.00, real=0.00 secs] 
{Heap before GC invocations=68 (full 133):
 par new generation   total 157248K, used 0K [0x00000000e0000000, 0x00000000eaaa0000, 0x00000000eaaa0000)
  eden space 139776K,   0% used [0x00000000e0000000, 0x00000000e0000000, 0x00000000e8880000)
  from space 17472K,   0% used [0x00000000e8880000, 0x00000000e8880000, 0x00000000e9990000)
  to   space 17472K,   0% used [0x00000000e9990000, 0x00000000e9990000, 0x00000000eaaa0000)
 concurrent mark-sweep generation total 349568K, used 205856K [0x00000000eaaa0000, 0x0000000100000000, 0x0000000100000000)
 Metaspace       used 3956K, capacity 4568K, committed 4864K, reserved 1056768K
  class space    used 431K, capacity 460K, committed 512K, reserved 1048576K
2024-07-23T00:25:54.482+0800: 3.138: [GC (Allocation Failure) 2024-07-23T00:25:54.482+0800: 3.139: [ParNew
Desired survivor size 8945664 bytes, new threshold 6 (max 6)
: 0K->0K(157248K), 0.0017350 secs]2024-07-23T00:25:54.484+0800: 3.140: [CMS: 205856K->1056K(349568K), 0.0033965 secs] 205856K->1056K(506816K), [Metaspace: 3956K->3956K(1056768K)], 0.0052858 secs] [Times: user=0.00 sys=0.00, real=0.00 secs] 
Heap after GC invocations=69 (full 134):
 par new generation   total 157248K, used 0K [0x00000000e0000000, 0x00000000eaaa0000, 0x00000000eaaa0000)
  eden space 139776K,   0% used [0x00000000e0000000, 0x00000000e0000000, 0x00000000e8880000)
  from space 17472K,   0% used [0x00000000e9990000, 0x00000000e9990000, 0x00000000eaaa0000)
  to   space 17472K,   0% used [0x00000000e8880000, 0x00000000e8880000, 0x00000000e9990000)
 concurrent mark-sweep generation total 349568K, used 1056K [0x00000000eaaa0000, 0x0000000100000000, 0x0000000100000000)
 Metaspace       used 3956K, capacity 4568K, committed 4864K, reserved 1056768K
  class space    used 431K, capacity 460K, committed 512K, reserved 1048576K
}
2024-07-23T00:25:54.486+0800: 3.144: Total time for which application threads were stopped: 0.0054784 seconds, Stopping threads took: 0.0000241 seconds
2024-07-23T00:25:54.503+0800: 3.161: [GC (CMS Initial Mark) [1 CMS-initial-mark: 205856K(349568K)] 205856K(506816K), 0.0004698 secs] [Times: user=0.00 sys=0.00, real=0.00 secs] 
2024-07-23T00:25:54.504+0800: 3.161: Total time for which application threads were stopped: 0.0172688 seconds, Stopping threads took: 0.0167385 seconds
2024-07-23T00:25:54.504+0800: 3.161: [CMS-concurrent-mark-start]
2024-07-23T00:25:54.505+0800: 3.163: [CMS-concurrent-mark: 0.001/0.001 secs] [Times: user=0.00 sys=0.00, real=0.00 secs] 
2024-07-23T00:25:54.505+0800: 3.163: [CMS-concurrent-preclean-start]
2024-07-23T00:25:54.505+0800: 3.163: [CMS-concurrent-preclean: 0.000/0.000 secs] [Times: user=0.00 sys=0.00, real=0.00 secs] 
2024-07-23T00:25:54.505+0800: 3.163: [GC (CMS Final Remark) [YG occupancy: 0 K (157248 K)]2024-07-23T00:25:54.505+0800: 3.163: [Rescan (parallel) , 0.0002139 secs]2024-07-23T00:25:54.506+0800: 3.163: [weak refs processing, 0.0000077 secs]2024-07-23T00:25:54.506+0800: 3.163: [class unloading, 0.0002049 secs]2024-07-23T00:25:54.506+0800: 3.163: [scrub symbol table, 0.0003098 secs]2024-07-23T00:25:54.506+0800: 3.164: [scrub string table, 0.0000863 secs][1 CMS-remark: 205856K(349568K)] 205856K(506816K), 0.0008640 secs] [Times: user=0.00 sys=0.00, real=0.00 secs] 
2024-07-23T00:25:54.506+0800: 3.164: Total time for which application threads were stopped: 0.0008973 seconds, Stopping threads took: 0.0000096 seconds
2024-07-23T00:25:54.506+0800: 3.164: [CMS-concurrent-sweep-start]
2024-07-23T00:25:54.506+0800: 3.164: [CMS-concurrent-sweep: 0.000/0.000 secs] [Times: user=0.00 sys=0.00, real=0.00 secs] 
2024-07-23T00:25:54.507+0800: 3.164: [CMS-concurrent-reset-start]
2024-07-23T00:25:54.507+0800: 3.164: [CMS-concurrent-reset: 0.000/0.000 secs] [Times: user=0.00 sys=0.00, real=0.00 secs] 
{Heap before GC invocations=69 (full 135):
 par new generation   total 157248K, used 0K [0x00000000e0000000, 0x00000000eaaa0000, 0x00000000eaaa0000)
  eden space 139776K,   0% used [0x00000000e0000000, 0x00000000e0000000, 0x00000000e8880000)
  from space 17472K,   0% used [0x00000000e9990000, 0x00000000e9990000, 0x00000000eaaa0000)
  to   space 17472K,   0% used [0x00000000e8880000, 0x00000000e8880000, 0x00000000e9990000)
 concurrent mark-sweep generation total 349568K, used 205856K [0x00000000eaaa0000, 0x0000000100000000, 0x0000000100000000)
 Metaspace       used 3956K, capacity 4568K, committed 4864K, reserved 1056768K
  class space    used 431K, capacity 460K, committed 512K, reserved 1048576K
2024-07-23T00:25:54.528+0800: 3.185: [GC (Allocation Failure) 2024-07-23T00:25:54.528+0800: 3.185: [ParNew
Desired survivor size 8945664 bytes, new threshold 6 (max 6)
: 0K->0K(157248K), 0.0016589 secs]2024-07-23T00:25:54.530+0800: 3.187: [CMS: 205856K->1056K(349568K), 0.0039242 secs] 205856K->1056K(506816K), [Metaspace: 3956K->3956K(1056768K)], 0.0057356 secs] [Times: user=0.00 sys=0.00, real=0.01 secs] 
Heap after GC invocations=70 (full 136):
 par new generation   total 157248K, used 0K [0x00000000e0000000, 0x00000000eaaa0000, 0x00000000eaaa0000)
  eden space 139776K,   0% used [0x00000000e0000000, 0x00000000e0000000, 0x00000000e8880000)
  from space 17472K,   0% used [0x00000000e8880000, 0x00000000e8880000, 0x00000000e9990000)
  to   space 17472K,   0% used [0x00000000e9990000, 0x00000000e9990000, 0x00000000eaaa0000)
 concurrent mark-sweep generation total 349568K, used 1056K [0x00000000eaaa0000, 0x0000000100000000, 0x0000000100000000)
 Metaspace       used 3956K, capacity 4568K, committed 4864K, reserved 1056768K
  class space    used 431K, capacity 460K, committed 512K, reserved 1048576K
}
2024-07-23T00:25:54.534+0800: 3.191: Total time for which application threads were stopped: 0.0059976 seconds, Stopping threads took: 0.0000325 seconds
2024-07-23T00:25:54.551+0800: 3.208: [GC (CMS Initial Mark) [1 CMS-initial-mark: 205856K(349568K)] 205856K(506816K), 0.0007105 secs] [Times: user=0.00 sys=0.00, real=0.00 secs] 
2024-07-23T00:25:54.551+0800: 3.209: Total time for which application threads were stopped: 0.0179002 seconds, Stopping threads took: 0.0171140 seconds
2024-07-23T00:25:54.552+0800: 3.209: [CMS-concurrent-mark-start]
2024-07-23T00:25:54.554+0800: 3.210: [CMS-concurrent-mark: 0.001/0.001 secs] [Times: user=0.00 sys=0.00, real=0.00 secs] 
2024-07-23T00:25:54.554+0800: 3.210: [CMS-concurrent-preclean-start]
2024-07-23T00:25:54.554+0800: 3.211: [CMS-concurrent-preclean: 0.000/0.000 secs] [Times: user=0.00 sys=0.00, real=0.00 secs] 
2024-07-23T00:25:54.554+0800: 3.211: [GC (CMS Final Remark) [YG occupancy: 0 K (157248 K)]2024-07-23T00:25:54.554+0800: 3.211: [Rescan (parallel) , 0.0003325 secs]2024-07-23T00:25:54.554+0800: 3.211: [weak refs processing, 0.0000067 secs]2024-07-23T00:25:54.554+0800: 3.211: [class unloading, 0.0002009 secs]2024-07-23T00:25:54.554+0800: 3.211: [scrub symbol table, 0.0003287 secs]2024-07-23T00:25:54.555+0800: 3.212: [scrub string table, 0.0000934 secs][1 CMS-remark: 205856K(349568K)] 205856K(506816K), 0.0009937 secs] [Times: user=0.00 sys=0.00, real=0.00 secs] 
2024-07-23T00:25:54.555+0800: 3.212: Total time for which application threads were stopped: 0.0010264 seconds, Stopping threads took: 0.0000098 seconds
2024-07-23T00:25:54.555+0800: 3.212: [CMS-concurrent-sweep-start]
2024-07-23T00:25:54.555+0800: 3.212: [CMS-concurrent-sweep: 0.000/0.000 secs] [Times: user=0.00 sys=0.00, real=0.00 secs] 
2024-07-23T00:25:54.555+0800: 3.212: [CMS-concurrent-reset-start]
2024-07-23T00:25:54.556+0800: 3.212: [CMS-concurrent-reset: 0.000/0.000 secs] [Times: user=0.00 sys=0.00, real=0.00 secs] 
{Heap before GC invocations=70 (full 137):
 par new generation   total 157248K, used 0K [0x00000000e0000000, 0x00000000eaaa0000, 0x00000000eaaa0000)
  eden space 139776K,   0% used [0x00000000e0000000, 0x00000000e0000000, 0x00000000e8880000)
  from space 17472K,   0% used [0x00000000e8880000, 0x00000000e8880000, 0x00000000e9990000)
  to   space 17472K,   0% used [0x00000000e9990000, 0x00000000e9990000, 0x00000000eaaa0000)
 concurrent mark-sweep generation total 349568K, used 205856K [0x00000000eaaa0000, 0x0000000100000000, 0x0000000100000000)
 Metaspace       used 3956K, capacity 4568K, committed 4864K, reserved 1056768K
  class space    used 431K, capacity 460K, committed 512K, reserved 1048576K
2024-07-23T00:25:54.576+0800: 3.233: [GC (Allocation Failure) 2024-07-23T00:25:54.576+0800: 3.233: [ParNew
Desired survivor size 8945664 bytes, new threshold 6 (max 6)
: 0K->0K(157248K), 0.0015779 secs]2024-07-23T00:25:54.577+0800: 3.234: [CMS: 205856K->1056K(349568K), 0.0030331 secs] 205856K->1056K(506816K), [Metaspace: 3956K->3956K(1056768K)], 0.0047556 secs] [Times: user=0.00 sys=0.00, real=0.01 secs] 
Heap after GC invocations=71 (full 138):
 par new generation   total 157248K, used 0K [0x00000000e0000000, 0x00000000eaaa0000, 0x00000000eaaa0000)
  eden space 139776K,   0% used [0x00000000e0000000, 0x00000000e0000000, 0x00000000e8880000)
  from space 17472K,   0% used [0x00000000e9990000, 0x00000000e9990000, 0x00000000eaaa0000)
  to   space 17472K,   0% used [0x00000000e8880000, 0x00000000e8880000, 0x00000000e9990000)
 concurrent mark-sweep generation total 349568K, used 1056K [0x00000000eaaa0000, 0x0000000100000000, 0x0000000100000000)
 Metaspace       used 3956K, capacity 4568K, committed 4864K, reserved 1056768K
  class space    used 431K, capacity 460K, committed 512K, reserved 1048576K
}
2024-07-23T00:25:54.581+0800: 3.238: Total time for which application threads were stopped: 0.0048937 seconds, Stopping threads took: 0.0000260 seconds
2024-07-23T00:25:54.598+0800: 3.255: [GC (CMS Initial Mark) [1 CMS-initial-mark: 205856K(349568K)] 205856K(506816K), 0.0006134 secs] [Times: user=0.00 sys=0.00, real=0.00 secs] 
2024-07-23T00:25:54.599+0800: 3.256: Total time for which application threads were stopped: 0.0182642 seconds, Stopping threads took: 0.0175949 seconds
2024-07-23T00:25:54.599+0800: 3.256: [CMS-concurrent-mark-start]
2024-07-23T00:25:54.600+0800: 3.257: [CMS-concurrent-mark: 0.001/0.001 secs] [Times: user=0.00 sys=0.00, real=0.00 secs] 
2024-07-23T00:25:54.601+0800: 3.257: [CMS-concurrent-preclean-start]
2024-07-23T00:25:54.601+0800: 3.258: [CMS-concurrent-preclean: 0.000/0.000 secs] [Times: user=0.00 sys=0.00, real=0.00 secs] 
2024-07-23T00:25:54.601+0800: 3.258: [GC (CMS Final Remark) [YG occupancy: 0 K (157248 K)]2024-07-23T00:25:54.601+0800: 3.258: [Rescan (parallel) , 0.0003793 secs]2024-07-23T00:25:54.601+0800: 3.258: [weak refs processing, 0.0000071 secs]2024-07-23T00:25:54.601+0800: 3.258: [class unloading, 0.0001947 secs]2024-07-23T00:25:54.601+0800: 3.258: [scrub symbol table, 0.0003111 secs]2024-07-23T00:25:54.602+0800: 3.259: [scrub string table, 0.0000819 secs][1 CMS-remark: 205856K(349568K)] 205856K(506816K), 0.0010076 secs] [Times: user=0.00 sys=0.00, real=0.00 secs] 
2024-07-23T00:25:54.602+0800: 3.259: Total time for which application threads were stopped: 0.0010397 seconds, Stopping threads took: 0.0000089 seconds
2024-07-23T00:25:54.602+0800: 3.259: [CMS-concurrent-sweep-start]
2024-07-23T00:25:54.602+0800: 3.259: [CMS-concurrent-sweep: 0.000/0.000 secs] [Times: user=0.00 sys=0.00, real=0.00 secs] 
2024-07-23T00:25:54.602+0800: 3.259: [CMS-concurrent-reset-start]
2024-07-23T00:25:54.603+0800: 3.259: [CMS-concurrent-reset: 0.000/0.000 secs] [Times: user=0.00 sys=0.00, real=0.00 secs] 
{Heap before GC invocations=71 (full 139):
 par new generation   total 157248K, used 0K [0x00000000e0000000, 0x00000000eaaa0000, 0x00000000eaaa0000)
  eden space 139776K,   0% used [0x00000000e0000000, 0x00000000e0000000, 0x00000000e8880000)
  from space 17472K,   0% used [0x00000000e9990000, 0x00000000e9990000, 0x00000000eaaa0000)
  to   space 17472K,   0% used [0x00000000e8880000, 0x00000000e8880000, 0x00000000e9990000)
 concurrent mark-sweep generation total 349568K, used 205856K [0x00000000eaaa0000, 0x0000000100000000, 0x0000000100000000)
 Metaspace       used 3956K, capacity 4568K, committed 4864K, reserved 1056768K
  class space    used 431K, capacity 460K, committed 512K, reserved 1048576K
2024-07-23T00:25:54.624+0800: 3.281: [GC (Allocation Failure) 2024-07-23T00:25:54.624+0800: 3.281: [ParNew
Desired survivor size 8945664 bytes, new threshold 6 (max 6)
: 0K->0K(157248K), 0.0013226 secs]2024-07-23T00:25:54.625+0800: 3.282: [CMS: 205856K->1056K(349568K), 0.0038267 secs] 205856K->1056K(506816K), [Metaspace: 3956K->3956K(1056768K)], 0.0053578 secs] [Times: user=0.00 sys=0.00, real=0.00 secs] 
Heap after GC invocations=72 (full 140):
 par new generation   total 157248K, used 0K [0x00000000e0000000, 0x00000000eaaa0000, 0x00000000eaaa0000)
  eden space 139776K,   0% used [0x00000000e0000000, 0x00000000e0000000, 0x00000000e8880000)
  from space 17472K,   0% used [0x00000000e8880000, 0x00000000e8880000, 0x00000000e9990000)
  to   space 17472K,   0% used [0x00000000e9990000, 0x00000000e9990000, 0x00000000eaaa0000)
 concurrent mark-sweep generation total 349568K, used 1056K [0x00000000eaaa0000, 0x0000000100000000, 0x0000000100000000)
 Metaspace       used 3956K, capacity 4568K, committed 4864K, reserved 1056768K
  class space    used 431K, capacity 460K, committed 512K, reserved 1048576K
}
2024-07-23T00:25:54.629+0800: 3.286: Total time for which application threads were stopped: 0.0055741 seconds, Stopping threads took: 0.0000336 seconds
2024-07-23T00:25:54.648+0800: 3.305: [GC (CMS Initial Mark) [1 CMS-initial-mark: 205856K(349568K)] 205856K(506816K), 0.0011163 secs] [Times: user=0.00 sys=0.00, real=0.00 secs] 
2024-07-23T00:25:54.649+0800: 3.307: Total time for which application threads were stopped: 0.0200307 seconds, Stopping threads took: 0.0188601 seconds
2024-07-23T00:25:54.649+0800: 3.307: [CMS-concurrent-mark-start]
2024-07-23T00:25:54.651+0800: 3.308: [CMS-concurrent-mark: 0.002/0.002 secs] [Times: user=0.00 sys=0.00, real=0.00 secs] 
2024-07-23T00:25:54.651+0800: 3.308: [CMS-concurrent-preclean-start]
2024-07-23T00:25:54.651+0800: 3.308: [CMS-concurrent-preclean: 0.000/0.000 secs] [Times: user=0.00 sys=0.00, real=0.00 secs] 
2024-07-23T00:25:54.651+0800: 3.309: [GC (CMS Final Remark) [YG occupancy: 0 K (157248 K)]2024-07-23T00:25:54.651+0800: 3.309: [Rescan (parallel) , 0.0013096 secs]2024-07-23T00:25:54.653+0800: 3.310: [weak refs processing, 0.0000084 secs]2024-07-23T00:25:54.653+0800: 3.310: [class unloading, 0.0002011 secs]2024-07-23T00:25:54.653+0800: 3.310: [scrub symbol table, 0.0003174 secs]2024-07-23T00:25:54.653+0800: 3.310: [scrub string table, 0.0000951 secs][1 CMS-remark: 205856K(349568K)] 205856K(506816K), 0.0019744 secs] [Times: user=0.00 sys=0.00, real=0.00 secs] 
2024-07-23T00:25:54.653+0800: 3.311: Total time for which application threads were stopped: 0.0020049 seconds, Stopping threads took: 0.0000093 seconds
2024-07-23T00:25:54.653+0800: 3.311: [CMS-concurrent-sweep-start]
2024-07-23T00:25:54.654+0800: 3.311: [CMS-concurrent-sweep: 0.000/0.000 secs] [Times: user=0.00 sys=0.00, real=0.00 secs] 
2024-07-23T00:25:54.654+0800: 3.311: [CMS-concurrent-reset-start]
2024-07-23T00:25:54.654+0800: 3.311: [CMS-concurrent-reset: 0.000/0.000 secs] [Times: user=0.00 sys=0.00, real=0.00 secs] 
{Heap before GC invocations=72 (full 141):
 par new generation   total 157248K, used 0K [0x00000000e0000000, 0x00000000eaaa0000, 0x00000000eaaa0000)
  eden space 139776K,   0% used [0x00000000e0000000, 0x00000000e0000000, 0x00000000e8880000)
  from space 17472K,   0% used [0x00000000e8880000, 0x00000000e8880000, 0x00000000e9990000)
  to   space 17472K,   0% used [0x00000000e9990000, 0x00000000e9990000, 0x00000000eaaa0000)
 concurrent mark-sweep generation total 349568K, used 205856K [0x00000000eaaa0000, 0x0000000100000000, 0x0000000100000000)
 Metaspace       used 3956K, capacity 4568K, committed 4864K, reserved 1056768K
  class space    used 431K, capacity 460K, committed 512K, reserved 1048576K
2024-07-23T00:25:54.671+0800: 3.328: [GC (Allocation Failure) 2024-07-23T00:25:54.671+0800: 3.328: [ParNew
Desired survivor size 8945664 bytes, new threshold 6 (max 6)
: 0K->0K(157248K), 0.0020169 secs]2024-07-23T00:25:54.673+0800: 3.330: [CMS: 205856K->1056K(349568K), 0.0040246 secs] 205856K->1056K(506816K), [Metaspace: 3956K->3956K(1056768K)], 0.0062529 secs] [Times: user=0.00 sys=0.00, real=0.01 secs] 
Heap after GC invocations=73 (full 142):
 par new generation   total 157248K, used 0K [0x00000000e0000000, 0x00000000eaaa0000, 0x00000000eaaa0000)
  eden space 139776K,   0% used [0x00000000e0000000, 0x00000000e0000000, 0x00000000e8880000)
  from space 17472K,   0% used [0x00000000e9990000, 0x00000000e9990000, 0x00000000eaaa0000)
  to   space 17472K,   0% used [0x00000000e8880000, 0x00000000e8880000, 0x00000000e9990000)
 concurrent mark-sweep generation total 349568K, used 1056K [0x00000000eaaa0000, 0x0000000100000000, 0x0000000100000000)
 Metaspace       used 3956K, capacity 4568K, committed 4864K, reserved 1056768K
  class space    used 431K, capacity 460K, committed 512K, reserved 1048576K
}
2024-07-23T00:25:54.677+0800: 3.335: Total time for which application threads were stopped: 0.0064723 seconds, Stopping threads took: 0.0000290 seconds
2024-07-23T00:25:54.695+0800: 3.352: [GC (CMS Initial Mark) [1 CMS-initial-mark: 205856K(349568K)] 205856K(506816K), 0.0003086 secs] [Times: user=0.00 sys=0.00, real=0.00 secs] 
2024-07-23T00:25:54.695+0800: 3.353: Total time for which application threads were stopped: 0.0178683 seconds, Stopping threads took: 0.0174834 seconds
2024-07-23T00:25:54.695+0800: 3.353: [CMS-concurrent-mark-start]
2024-07-23T00:25:54.697+0800: 3.354: [CMS-concurrent-mark: 0.001/0.001 secs] [Times: user=0.00 sys=0.00, real=0.00 secs] 
2024-07-23T00:25:54.697+0800: 3.354: [CMS-concurrent-preclean-start]
2024-07-23T00:25:54.697+0800: 3.354: [CMS-concurrent-preclean: 0.000/0.000 secs] [Times: user=0.00 sys=0.00, real=0.00 secs] 
2024-07-23T00:25:54.697+0800: 3.354: [GC (CMS Final Remark) [YG occupancy: 0 K (157248 K)]2024-07-23T00:25:54.697+0800: 3.354: [Rescan (parallel) , 0.0002115 secs]2024-07-23T00:25:54.698+0800: 3.355: [weak refs processing, 0.0000087 secs]2024-07-23T00:25:54.698+0800: 3.355: [class unloading, 0.0002276 secs]2024-07-23T00:25:54.698+0800: 3.355: [scrub symbol table, 0.0003316 secs]2024-07-23T00:25:54.698+0800: 3.355: [scrub string table, 0.0000978 secs][1 CMS-remark: 205856K(349568K)] 205856K(506816K), 0.0009191 secs] [Times: user=0.00 sys=0.00, real=0.00 secs] 
2024-07-23T00:25:54.698+0800: 3.355: Total time for which application threads were stopped: 0.0009541 seconds, Stopping threads took: 0.0000103 seconds
2024-07-23T00:25:54.698+0800: 3.356: [CMS-concurrent-sweep-start]
2024-07-23T00:25:54.699+0800: 3.356: [CMS-concurrent-sweep: 0.000/0.000 secs] [Times: user=0.00 sys=0.00, real=0.00 secs] 
2024-07-23T00:25:54.699+0800: 3.356: [CMS-concurrent-reset-start]
2024-07-23T00:25:54.699+0800: 3.356: [CMS-concurrent-reset: 0.000/0.000 secs] [Times: user=0.00 sys=0.00, real=0.00 secs] 
{Heap before GC invocations=73 (full 143):
 par new generation   total 157248K, used 0K [0x00000000e0000000, 0x00000000eaaa0000, 0x00000000eaaa0000)
  eden space 139776K,   0% used [0x00000000e0000000, 0x00000000e0000000, 0x00000000e8880000)
  from space 17472K,   0% used [0x00000000e9990000, 0x00000000e9990000, 0x00000000eaaa0000)
  to   space 17472K,   0% used [0x00000000e8880000, 0x00000000e8880000, 0x00000000e9990000)
 concurrent mark-sweep generation total 349568K, used 205856K [0x00000000eaaa0000, 0x0000000100000000, 0x0000000100000000)
 Metaspace       used 3956K, capacity 4568K, committed 4864K, reserved 1056768K
  class space    used 431K, capacity 460K, committed 512K, reserved 1048576K
2024-07-23T00:25:54.719+0800: 3.376: [GC (Allocation Failure) 2024-07-23T00:25:54.719+0800: 3.376: [ParNew
Desired survivor size 8945664 bytes, new threshold 6 (max 6)
: 0K->0K(157248K), 0.0020689 secs]2024-07-23T00:25:54.721+0800: 3.378: [CMS: 205856K->1056K(349568K), 0.0038524 secs] 205856K->1056K(506816K), [Metaspace: 3956K->3956K(1056768K)], 0.0061266 secs] [Times: user=0.00 sys=0.00, real=0.01 secs] 
Heap after GC invocations=74 (full 144):
 par new generation   total 157248K, used 0K [0x00000000e0000000, 0x00000000eaaa0000, 0x00000000eaaa0000)
  eden space 139776K,   0% used [0x00000000e0000000, 0x00000000e0000000, 0x00000000e8880000)
  from space 17472K,   0% used [0x00000000e8880000, 0x00000000e8880000, 0x00000000e9990000)
  to   space 17472K,   0% used [0x00000000e9990000, 0x00000000e9990000, 0x00000000eaaa0000)
 concurrent mark-sweep generation total 349568K, used 1056K [0x00000000eaaa0000, 0x0000000100000000, 0x0000000100000000)
 Metaspace       used 3956K, capacity 4568K, committed 4864K, reserved 1056768K
  class space    used 431K, capacity 460K, committed 512K, reserved 1048576K
}
2024-07-23T00:25:54.725+0800: 3.382: Total time for which application threads were stopped: 0.0063061 seconds, Stopping threads took: 0.0000400 seconds
2024-07-23T00:25:54.743+0800: 3.400: [GC (CMS Initial Mark) [1 CMS-initial-mark: 205856K(349568K)] 205856K(506816K), 0.0004029 secs] [Times: user=0.00 sys=0.00, real=0.00 secs] 
2024-07-23T00:25:54.744+0800: 3.401: Total time for which application threads were stopped: 0.0179723 seconds, Stopping threads took: 0.0175090 seconds
2024-07-23T00:25:54.744+0800: 3.401: [CMS-concurrent-mark-start]
2024-07-23T00:25:54.745+0800: 3.402: [CMS-concurrent-mark: 0.001/0.001 secs] [Times: user=0.00 sys=0.00, real=0.00 secs] 
2024-07-23T00:25:54.745+0800: 3.402: [CMS-concurrent-preclean-start]
2024-07-23T00:25:54.746+0800: 3.402: [CMS-concurrent-preclean: 0.000/0.000 secs] [Times: user=0.00 sys=0.00, real=0.00 secs] 
2024-07-23T00:25:54.746+0800: 3.402: [GC (CMS Final Remark) [YG occupancy: 0 K (157248 K)]2024-07-23T00:25:54.746+0800: 3.402: [Rescan (parallel) , 0.0005136 secs]2024-07-23T00:25:54.746+0800: 3.403: [weak refs processing, 0.0000077 secs]2024-07-23T00:25:54.746+0800: 3.403: [class unloading, 0.0002000 secs]2024-07-23T00:25:54.746+0800: 3.403: [scrub symbol table, 0.0003242 secs]2024-07-23T00:25:54.747+0800: 3.403: [scrub string table, 0.0001048 secs][1 CMS-remark: 205856K(349568K)] 205856K(506816K), 0.0011826 secs] [Times: user=0.00 sys=0.00, real=0.00 secs] 
2024-07-23T00:25:54.747+0800: 3.403: Total time for which application threads were stopped: 0.0012122 seconds, Stopping threads took: 0.0000082 seconds
2024-07-23T00:25:54.747+0800: 3.403: [CMS-concurrent-sweep-start]
2024-07-23T00:25:54.747+0800: 3.404: [CMS-concurrent-sweep: 0.000/0.000 secs] [Times: user=0.00 sys=0.00, real=0.00 secs] 
2024-07-23T00:25:54.747+0800: 3.404: [CMS-concurrent-reset-start]
2024-07-23T00:25:54.747+0800: 3.404: [CMS-concurrent-reset: 0.000/0.000 secs] [Times: user=0.00 sys=0.00, real=0.00 secs] 
{Heap before GC invocations=74 (full 145):
 par new generation   total 157248K, used 0K [0x00000000e0000000, 0x00000000eaaa0000, 0x00000000eaaa0000)
  eden space 139776K,   0% used [0x00000000e0000000, 0x00000000e0000000, 0x00000000e8880000)
  from space 17472K,   0% used [0x00000000e8880000, 0x00000000e8880000, 0x00000000e9990000)
  to   space 17472K,   0% used [0x00000000e9990000, 0x00000000e9990000, 0x00000000eaaa0000)
 concurrent mark-sweep generation total 349568K, used 205856K [0x00000000eaaa0000, 0x0000000100000000, 0x0000000100000000)
 Metaspace       used 3956K, capacity 4568K, committed 4864K, reserved 1056768K
  class space    used 431K, capacity 460K, committed 512K, reserved 1048576K
2024-07-23T00:25:54.767+0800: 3.423: [GC (Allocation Failure) 2024-07-23T00:25:54.767+0800: 3.424: [ParNew
Desired survivor size 8945664 bytes, new threshold 6 (max 6)
: 0K->0K(157248K), 0.0011902 secs]2024-07-23T00:25:54.768+0800: 3.425: [CMS: 205856K->1056K(349568K), 0.0032114 secs] 205856K->1056K(506816K), [Metaspace: 3956K->3956K(1056768K)], 0.0045061 secs] [Times: user=0.00 sys=0.00, real=0.00 secs] 
Heap after GC invocations=75 (full 146):
 par new generation   total 157248K, used 0K [0x00000000e0000000, 0x00000000eaaa0000, 0x00000000eaaa0000)
  eden space 139776K,   0% used [0x00000000e0000000, 0x00000000e0000000, 0x00000000e8880000)
  from space 17472K,   0% used [0x00000000e9990000, 0x00000000e9990000, 0x00000000eaaa0000)
  to   space 17472K,   0% used [0x00000000e8880000, 0x00000000e8880000, 0x00000000e9990000)
 concurrent mark-sweep generation total 349568K, used 1056K [0x00000000eaaa0000, 0x0000000100000000, 0x0000000100000000)
 Metaspace       used 3956K, capacity 4568K, committed 4864K, reserved 1056768K
  class space    used 431K, capacity 460K, committed 512K, reserved 1048576K
}
2024-07-23T00:25:54.771+0800: 3.428: Total time for which application threads were stopped: 0.0046521 seconds, Stopping threads took: 0.0000388 seconds
2024-07-23T00:25:54.789+0800: 3.446: [GC (CMS Initial Mark) [1 CMS-initial-mark: 205856K(349568K)] 205856K(506816K), 0.0002084 secs] [Times: user=0.00 sys=0.00, real=0.00 secs] 
2024-07-23T00:25:54.789+0800: 3.446: Total time for which application threads were stopped: 0.0182806 seconds, Stopping threads took: 0.0180088 seconds
2024-07-23T00:25:54.789+0800: 3.446: [CMS-concurrent-mark-start]
2024-07-23T00:25:54.790+0800: 3.448: [CMS-concurrent-mark: 0.001/0.001 secs] [Times: user=0.00 sys=0.00, real=0.00 secs] 
2024-07-23T00:25:54.790+0800: 3.448: [CMS-concurrent-preclean-start]
2024-07-23T00:25:54.791+0800: 3.448: [CMS-concurrent-preclean: 0.000/0.000 secs] [Times: user=0.00 sys=0.00, real=0.00 secs] 
2024-07-23T00:25:54.791+0800: 3.448: [GC (CMS Final Remark) [YG occupancy: 0 K (157248 K)]2024-07-23T00:25:54.791+0800: 3.448: [Rescan (parallel) , 0.0001865 secs]2024-07-23T00:25:54.791+0800: 3.448: [weak refs processing, 0.0000114 secs]2024-07-23T00:25:54.791+0800: 3.448: [class unloading, 0.0002168 secs]2024-07-23T00:25:54.791+0800: 3.449: [scrub symbol table, 0.0004167 secs]2024-07-23T00:25:54.791+0800: 3.449: [scrub string table, 0.0001115 secs][1 CMS-remark: 205856K(349568K)] 205856K(506816K), 0.0010176 secs] [Times: user=0.00 sys=0.00, real=0.00 secs] 
2024-07-23T00:25:54.792+0800: 3.449: Total time for which application threads were stopped: 0.0010477 seconds, Stopping threads took: 0.0000075 seconds
2024-07-23T00:25:54.792+0800: 3.449: [CMS-concurrent-sweep-start]
2024-07-23T00:25:54.792+0800: 3.449: [CMS-concurrent-sweep: 0.000/0.000 secs] [Times: user=0.00 sys=0.00, real=0.00 secs] 
2024-07-23T00:25:54.792+0800: 3.449: [CMS-concurrent-reset-start]
2024-07-23T00:25:54.792+0800: 3.450: [CMS-concurrent-reset: 0.000/0.000 secs] [Times: user=0.00 sys=0.00, real=0.00 secs] 
{Heap before GC invocations=75 (full 147):
 par new generation   total 157248K, used 0K [0x00000000e0000000, 0x00000000eaaa0000, 0x00000000eaaa0000)
  eden space 139776K,   0% used [0x00000000e0000000, 0x00000000e0000000, 0x00000000e8880000)
  from space 17472K,   0% used [0x00000000e9990000, 0x00000000e9990000, 0x00000000eaaa0000)
  to   space 17472K,   0% used [0x00000000e8880000, 0x00000000e8880000, 0x00000000e9990000)
 concurrent mark-sweep generation total 349568K, used 205856K [0x00000000eaaa0000, 0x0000000100000000, 0x0000000100000000)
 Metaspace       used 3956K, capacity 4568K, committed 4864K, reserved 1056768K
  class space    used 431K, capacity 460K, committed 512K, reserved 1048576K
2024-07-23T00:25:54.813+0800: 3.470: [GC (Allocation Failure) 2024-07-23T00:25:54.813+0800: 3.470: [ParNew
Desired survivor size 8945664 bytes, new threshold 6 (max 6)
: 0K->0K(157248K), 0.0016772 secs]2024-07-23T00:25:54.815+0800: 3.471: [CMS: 205856K->1056K(349568K), 0.0030511 secs] 205856K->1056K(506816K), [Metaspace: 3956K->3956K(1056768K)], 0.0048567 secs] [Times: user=0.00 sys=0.00, real=0.01 secs] 
Heap after GC invocations=76 (full 148):
 par new generation   total 157248K, used 0K [0x00000000e0000000, 0x00000000eaaa0000, 0x00000000eaaa0000)
  eden space 139776K,   0% used [0x00000000e0000000, 0x00000000e0000000, 0x00000000e8880000)
  from space 17472K,   0% used [0x00000000e8880000, 0x00000000e8880000, 0x00000000e9990000)
  to   space 17472K,   0% used [0x00000000e9990000, 0x00000000e9990000, 0x00000000eaaa0000)
 concurrent mark-sweep generation total 349568K, used 1056K [0x00000000eaaa0000, 0x0000000100000000, 0x0000000100000000)
 Metaspace       used 3956K, capacity 4568K, committed 4864K, reserved 1056768K
  class space    used 431K, capacity 460K, committed 512K, reserved 1048576K
}
2024-07-23T00:25:54.818+0800: 3.475: Total time for which application threads were stopped: 0.0051022 seconds, Stopping threads took: 0.0000672 seconds
2024-07-23T00:25:54.838+0800: 3.495: [GC (CMS Initial Mark) [1 CMS-initial-mark: 205856K(349568K)] 205856K(506816K), 0.0002315 secs] [Times: user=0.00 sys=0.00, real=0.00 secs] 
2024-07-23T00:25:54.839+0800: 3.496: Total time for which application threads were stopped: 0.0209233 seconds, Stopping threads took: 0.0204493 seconds
2024-07-23T00:25:54.839+0800: 3.496: [CMS-concurrent-mark-start]
2024-07-23T00:25:54.841+0800: 3.498: [CMS-concurrent-mark: 0.002/0.002 secs] [Times: user=0.02 sys=0.00, real=0.00 secs] 
2024-07-23T00:25:54.841+0800: 3.498: [CMS-concurrent-preclean-start]
2024-07-23T00:25:54.841+0800: 3.498: [CMS-concurrent-preclean: 0.000/0.000 secs] [Times: user=0.00 sys=0.00, real=0.00 secs] 
2024-07-23T00:25:54.841+0800: 3.498: [GC (CMS Final Remark) [YG occupancy: 0 K (157248 K)]2024-07-23T00:25:54.841+0800: 3.498: [Rescan (parallel) , 0.0002738 secs]2024-07-23T00:25:54.841+0800: 3.498: [weak refs processing, 0.0000095 secs]2024-07-23T00:25:54.841+0800: 3.498: [class unloading, 0.0002389 secs]2024-07-23T00:25:54.842+0800: 3.499: [scrub symbol table, 0.0003969 secs]2024-07-23T00:25:54.842+0800: 3.499: [scrub string table, 0.0001144 secs][1 CMS-remark: 205856K(349568K)] 205856K(506816K), 0.0010796 secs] [Times: user=0.00 sys=0.00, real=0.00 secs] 
2024-07-23T00:25:54.842+0800: 3.499: Total time for which application threads were stopped: 0.0011236 seconds, Stopping threads took: 0.0000121 seconds
2024-07-23T00:25:54.842+0800: 3.499: [CMS-concurrent-sweep-start]
2024-07-23T00:25:54.842+0800: 3.499: [CMS-concurrent-sweep: 0.000/0.000 secs] [Times: user=0.00 sys=0.00, real=0.00 secs] 
2024-07-23T00:25:54.843+0800: 3.499: [CMS-concurrent-reset-start]
2024-07-23T00:25:54.843+0800: 3.500: [CMS-concurrent-reset: 0.001/0.001 secs] [Times: user=0.00 sys=0.00, real=0.00 secs] 
{Heap before GC invocations=76 (full 149):
 par new generation   total 157248K, used 0K [0x00000000e0000000, 0x00000000eaaa0000, 0x00000000eaaa0000)
  eden space 139776K,   0% used [0x00000000e0000000, 0x00000000e0000000, 0x00000000e8880000)
  from space 17472K,   0% used [0x00000000e8880000, 0x00000000e8880000, 0x00000000e9990000)
  to   space 17472K,   0% used [0x00000000e9990000, 0x00000000e9990000, 0x00000000eaaa0000)
 concurrent mark-sweep generation total 349568K, used 205856K [0x00000000eaaa0000, 0x0000000100000000, 0x0000000100000000)
 Metaspace       used 3956K, capacity 4568K, committed 4864K, reserved 1056768K
  class space    used 431K, capacity 460K, committed 512K, reserved 1048576K
2024-07-23T00:25:54.859+0800: 3.516: [GC (Allocation Failure) 2024-07-23T00:25:54.859+0800: 3.516: [ParNew
Desired survivor size 8945664 bytes, new threshold 6 (max 6)
: 0K->0K(157248K), 0.0006171 secs]2024-07-23T00:25:54.860+0800: 3.516: [CMS: 205856K->1056K(349568K), 0.0025358 secs] 205856K->1056K(506816K), [Metaspace: 3956K->3956K(1056768K)], 0.0032773 secs] [Times: user=0.00 sys=0.00, real=0.00 secs] 
Heap after GC invocations=77 (full 150):
 par new generation   total 157248K, used 0K [0x00000000e0000000, 0x00000000eaaa0000, 0x00000000eaaa0000)
  eden space 139776K,   0% used [0x00000000e0000000, 0x00000000e0000000, 0x00000000e8880000)
  from space 17472K,   0% used [0x00000000e9990000, 0x00000000e9990000, 0x00000000eaaa0000)
  to   space 17472K,   0% used [0x00000000e8880000, 0x00000000e8880000, 0x00000000e9990000)
 concurrent mark-sweep generation total 349568K, used 1056K [0x00000000eaaa0000, 0x0000000100000000, 0x0000000100000000)
 Metaspace       used 3956K, capacity 4568K, committed 4864K, reserved 1056768K
  class space    used 431K, capacity 460K, committed 512K, reserved 1048576K
}
2024-07-23T00:25:54.862+0800: 3.519: Total time for which application threads were stopped: 0.0034073 seconds, Stopping threads took: 0.0000201 seconds
2024-07-23T00:25:54.881+0800: 3.538: [GC (CMS Initial Mark) [1 CMS-initial-mark: 205856K(349568K)] 205856K(506816K), 0.0001618 secs] [Times: user=0.00 sys=0.00, real=0.00 secs] 
2024-07-23T00:25:54.881+0800: 3.538: Total time for which application threads were stopped: 0.0190476 seconds, Stopping threads took: 0.0188370 seconds
2024-07-23T00:25:54.881+0800: 3.538: [CMS-concurrent-mark-start]
2024-07-23T00:25:54.883+0800: 3.539: [CMS-concurrent-mark: 0.001/0.001 secs] [Times: user=0.00 sys=0.00, real=0.00 secs] 
2024-07-23T00:25:54.883+0800: 3.539: [CMS-concurrent-preclean-start]
2024-07-23T00:25:54.883+0800: 3.540: [CMS-concurrent-preclean: 0.000/0.000 secs] [Times: user=0.00 sys=0.00, real=0.00 secs] 
2024-07-23T00:25:54.883+0800: 3.540: [GC (CMS Final Remark) [YG occupancy: 0 K (157248 K)]2024-07-23T00:25:54.883+0800: 3.540: [Rescan (parallel) , 0.0003629 secs]2024-07-23T00:25:54.883+0800: 3.540: [weak refs processing, 0.0000146 secs]2024-07-23T00:25:54.883+0800: 3.540: [class unloading, 0.0002913 secs]2024-07-23T00:25:54.884+0800: 3.540: [scrub symbol table, 0.0004293 secs]2024-07-23T00:25:54.884+0800: 3.541: [scrub string table, 0.0000885 secs][1 CMS-remark: 205856K(349568K)] 205856K(506816K), 0.0012542 secs] [Times: user=0.00 sys=0.00, real=0.00 secs] 
2024-07-23T00:25:54.884+0800: 3.541: Total time for which application threads were stopped: 0.0012992 seconds, Stopping threads took: 0.0000138 seconds
2024-07-23T00:25:54.884+0800: 3.541: [CMS-concurrent-sweep-start]
2024-07-23T00:25:54.884+0800: 3.541: [CMS-concurrent-sweep: 0.000/0.000 secs] [Times: user=0.00 sys=0.00, real=0.00 secs] 
2024-07-23T00:25:54.884+0800: 3.541: [CMS-concurrent-reset-start]
2024-07-23T00:25:54.885+0800: 3.542: [CMS-concurrent-reset: 0.000/0.000 secs] [Times: user=0.00 sys=0.00, real=0.00 secs] 
{Heap before GC invocations=77 (full 151):
 par new generation   total 157248K, used 0K [0x00000000e0000000, 0x00000000eaaa0000, 0x00000000eaaa0000)
  eden space 139776K,   0% used [0x00000000e0000000, 0x00000000e0000000, 0x00000000e8880000)
  from space 17472K,   0% used [0x00000000e9990000, 0x00000000e9990000, 0x00000000eaaa0000)
  to   space 17472K,   0% used [0x00000000e8880000, 0x00000000e8880000, 0x00000000e9990000)
 concurrent mark-sweep generation total 349568K, used 205856K [0x00000000eaaa0000, 0x0000000100000000, 0x0000000100000000)
 Metaspace       used 3956K, capacity 4568K, committed 4864K, reserved 1056768K
  class space    used 431K, capacity 460K, committed 512K, reserved 1048576K
2024-07-23T00:25:54.906+0800: 3.562: [GC (Allocation Failure) 2024-07-23T00:25:54.906+0800: 3.563: [ParNew
Desired survivor size 8945664 bytes, new threshold 6 (max 6)
: 0K->0K(157248K), 0.0005485 secs]2024-07-23T00:25:54.906+0800: 3.563: [CMS: 205856K->1056K(349568K), 0.0026780 secs] 205856K->1056K(506816K), [Metaspace: 3956K->3956K(1056768K)], 0.0033315 secs] [Times: user=0.00 sys=0.00, real=0.00 secs] 
Heap after GC invocations=78 (full 152):
 par new generation   total 157248K, used 0K [0x00000000e0000000, 0x00000000eaaa0000, 0x00000000eaaa0000)
  eden space 139776K,   0% used [0x00000000e0000000, 0x00000000e0000000, 0x00000000e8880000)
  from space 17472K,   0% used [0x00000000e8880000, 0x00000000e8880000, 0x00000000e9990000)
  to   space 17472K,   0% used [0x00000000e9990000, 0x00000000e9990000, 0x00000000eaaa0000)
 concurrent mark-sweep generation total 349568K, used 1056K [0x00000000eaaa0000, 0x0000000100000000, 0x0000000100000000)
 Metaspace       used 3956K, capacity 4568K, committed 4864K, reserved 1056768K
  class space    used 431K, capacity 460K, committed 512K, reserved 1048576K
}
2024-07-23T00:25:54.909+0800: 3.566: Total time for which application threads were stopped: 0.0034485 seconds, Stopping threads took: 0.0000195 seconds
2024-07-23T00:25:54.925+0800: 3.582: [GC (CMS Initial Mark) [1 CMS-initial-mark: 205856K(349568K)] 205856K(506816K), 0.0003153 secs] [Times: user=0.00 sys=0.00, real=0.00 secs] 
2024-07-23T00:25:54.926+0800: 3.583: Total time for which application threads were stopped: 0.0167991 seconds, Stopping threads took: 0.0163828 seconds
2024-07-23T00:25:54.926+0800: 3.583: [CMS-concurrent-mark-start]
2024-07-23T00:25:54.928+0800: 3.584: [CMS-concurrent-mark: 0.002/0.002 secs] [Times: user=0.00 sys=0.00, real=0.00 secs] 
2024-07-23T00:25:54.928+0800: 3.584: [CMS-concurrent-preclean-start]
2024-07-23T00:25:54.928+0800: 3.585: [CMS-concurrent-preclean: 0.000/0.000 secs] [Times: user=0.00 sys=0.00, real=0.00 secs] 
2024-07-23T00:25:54.928+0800: 3.585: [GC (CMS Final Remark) [YG occupancy: 0 K (157248 K)]2024-07-23T00:25:54.928+0800: 3.585: [Rescan (parallel) , 0.0003234 secs]2024-07-23T00:25:54.928+0800: 3.585: [weak refs processing, 0.0000091 secs]2024-07-23T00:25:54.928+0800: 3.585: [class unloading, 0.0002127 secs]2024-07-23T00:25:54.928+0800: 3.585: [scrub symbol table, 0.0003042 secs]2024-07-23T00:25:54.929+0800: 3.586: [scrub string table, 0.0000813 secs][1 CMS-remark: 205856K(349568K)] 205856K(506816K), 0.0009736 secs] [Times: user=0.00 sys=0.00, real=0.00 secs] 
2024-07-23T00:25:54.929+0800: 3.586: Total time for which application threads were stopped: 0.0010058 seconds, Stopping threads took: 0.0000099 seconds
2024-07-23T00:25:54.929+0800: 3.586: [CMS-concurrent-sweep-start]
2024-07-23T00:25:54.929+0800: 3.586: [CMS-concurrent-sweep: 0.000/0.000 secs] [Times: user=0.00 sys=0.00, real=0.00 secs] 
2024-07-23T00:25:54.929+0800: 3.586: [CMS-concurrent-reset-start]
2024-07-23T00:25:54.929+0800: 3.586: [CMS-concurrent-reset: 0.000/0.000 secs] [Times: user=0.00 sys=0.00, real=0.00 secs] 
{Heap before GC invocations=78 (full 153):
 par new generation   total 157248K, used 0K [0x00000000e0000000, 0x00000000eaaa0000, 0x00000000eaaa0000)
  eden space 139776K,   0% used [0x00000000e0000000, 0x00000000e0000000, 0x00000000e8880000)
  from space 17472K,   0% used [0x00000000e8880000, 0x00000000e8880000, 0x00000000e9990000)
  to   space 17472K,   0% used [0x00000000e9990000, 0x00000000e9990000, 0x00000000eaaa0000)
 concurrent mark-sweep generation total 349568K, used 205856K [0x00000000eaaa0000, 0x0000000100000000, 0x0000000100000000)
 Metaspace       used 3956K, capacity 4568K, committed 4864K, reserved 1056768K
  class space    used 431K, capacity 460K, committed 512K, reserved 1048576K
2024-07-23T00:25:54.937+0800: 3.594: [GC (Allocation Failure) 2024-07-23T00:25:54.937+0800: 3.594: [ParNew
Desired survivor size 8945664 bytes, new threshold 6 (max 6)
: 0K->0K(157248K), 0.0006082 secs]2024-07-23T00:25:54.938+0800: 3.594: [CMS: 205856K->1056K(349568K), 0.0032343 secs] 205856K->1056K(506816K), [Metaspace: 3956K->3956K(1056768K)], 0.0039454 secs] [Times: user=0.00 sys=0.00, real=0.00 secs] 
Heap after GC invocations=79 (full 154):
 par new generation   total 157248K, used 0K [0x00000000e0000000, 0x00000000eaaa0000, 0x00000000eaaa0000)
  eden space 139776K,   0% used [0x00000000e0000000, 0x00000000e0000000, 0x00000000e8880000)
  from space 17472K,   0% used [0x00000000e9990000, 0x00000000e9990000, 0x00000000eaaa0000)
  to   space 17472K,   0% used [0x00000000e8880000, 0x00000000e8880000, 0x00000000e9990000)
 concurrent mark-sweep generation total 349568K, used 1056K [0x00000000eaaa0000, 0x0000000100000000, 0x0000000100000000)
 Metaspace       used 3956K, capacity 4568K, committed 4864K, reserved 1056768K
  class space    used 431K, capacity 460K, committed 512K, reserved 1048576K
}
2024-07-23T00:25:54.941+0800: 3.598: Total time for which application threads were stopped: 0.0040563 seconds, Stopping threads took: 0.0000137 seconds
2024-07-23T00:25:54.956+0800: 3.614: [GC (CMS Initial Mark) [1 CMS-initial-mark: 205856K(349568K)] 205856K(506816K), 0.0002272 secs] [Times: user=0.00 sys=0.00, real=0.00 secs] 
2024-07-23T00:25:54.957+0800: 3.614: Total time for which application threads were stopped: 0.0166372 seconds, Stopping threads took: 0.0163596 seconds
2024-07-23T00:25:54.957+0800: 3.614: [CMS-concurrent-mark-start]
2024-07-23T00:25:54.958+0800: 3.616: [CMS-concurrent-mark: 0.001/0.001 secs] [Times: user=0.00 sys=0.00, real=0.00 secs] 
2024-07-23T00:25:54.958+0800: 3.616: [CMS-concurrent-preclean-start]
2024-07-23T00:25:54.958+0800: 3.616: [CMS-concurrent-preclean: 0.000/0.000 secs] [Times: user=0.00 sys=0.00, real=0.00 secs] 
2024-07-23T00:25:54.958+0800: 3.616: [GC (CMS Final Remark) [YG occupancy: 0 K (157248 K)]2024-07-23T00:25:54.958+0800: 3.616: [Rescan (parallel) , 0.0004615 secs]2024-07-23T00:25:54.959+0800: 3.616: [weak refs processing, 0.0000096 secs]2024-07-23T00:25:54.959+0800: 3.616: [class unloading, 0.0002094 secs]2024-07-23T00:25:54.959+0800: 3.617: [scrub symbol table, 0.0003071 secs]2024-07-23T00:25:54.959+0800: 3.617: [scrub string table, 0.0000852 secs][1 CMS-remark: 205856K(349568K)] 205856K(506816K), 0.0011131 secs] [Times: user=0.00 sys=0.00, real=0.00 secs] 
2024-07-23T00:25:54.960+0800: 3.617: Total time for which application threads were stopped: 0.0011407 seconds, Stopping threads took: 0.0000075 seconds
2024-07-23T00:25:54.960+0800: 3.617: [CMS-concurrent-sweep-start]
2024-07-23T00:25:54.960+0800: 3.617: [CMS-concurrent-sweep: 0.000/0.000 secs] [Times: user=0.00 sys=0.00, real=0.00 secs] 
2024-07-23T00:25:54.960+0800: 3.617: [CMS-concurrent-reset-start]
2024-07-23T00:25:54.960+0800: 3.618: [CMS-concurrent-reset: 0.000/0.000 secs] [Times: user=0.00 sys=0.00, real=0.00 secs] 
{Heap before GC invocations=79 (full 155):
 par new generation   total 157248K, used 0K [0x00000000e0000000, 0x00000000eaaa0000, 0x00000000eaaa0000)
  eden space 139776K,   0% used [0x00000000e0000000, 0x00000000e0000000, 0x00000000e8880000)
  from space 17472K,   0% used [0x00000000e9990000, 0x00000000e9990000, 0x00000000eaaa0000)
  to   space 17472K,   0% used [0x00000000e8880000, 0x00000000e8880000, 0x00000000e9990000)
 concurrent mark-sweep generation total 349568K, used 205856K [0x00000000eaaa0000, 0x0000000100000000, 0x0000000100000000)
 Metaspace       used 3956K, capacity 4568K, committed 4864K, reserved 1056768K
  class space    used 431K, capacity 460K, committed 512K, reserved 1048576K
2024-07-23T00:25:54.968+0800: 3.625: [GC (Allocation Failure) 2024-07-23T00:25:54.968+0800: 3.625: [ParNew
Desired survivor size 8945664 bytes, new threshold 6 (max 6)
: 0K->0K(157248K), 0.0005895 secs]2024-07-23T00:25:54.968+0800: 3.625: [CMS: 205856K->1056K(349568K), 0.0030614 secs] 205856K->1056K(506816K), [Metaspace: 3956K->3956K(1056768K)], 0.0037397 secs] [Times: user=0.00 sys=0.00, real=0.00 secs] 
Heap after GC invocations=80 (full 156):
 par new generation   total 157248K, used 0K [0x00000000e0000000, 0x00000000eaaa0000, 0x00000000eaaa0000)
  eden space 139776K,   0% used [0x00000000e0000000, 0x00000000e0000000, 0x00000000e8880000)
  from space 17472K,   0% used [0x00000000e8880000, 0x00000000e8880000, 0x00000000e9990000)
  to   space 17472K,   0% used [0x00000000e9990000, 0x00000000e9990000, 0x00000000eaaa0000)
 concurrent mark-sweep generation total 349568K, used 1056K [0x00000000eaaa0000, 0x0000000100000000, 0x0000000100000000)
 Metaspace       used 3956K, capacity 4568K, committed 4864K, reserved 1056768K
  class space    used 431K, capacity 460K, committed 512K, reserved 1048576K
}
2024-07-23T00:25:54.971+0800: 3.629: Total time for which application threads were stopped: 0.0040653 seconds, Stopping threads took: 0.0000267 seconds
2024-07-23T00:25:54.989+0800: 3.646: [GC (CMS Initial Mark) [1 CMS-initial-mark: 205856K(349568K)] 205856K(506816K), 0.0003707 secs] [Times: user=0.00 sys=0.00, real=0.00 secs] 
2024-07-23T00:25:54.989+0800: 3.646: Total time for which application threads were stopped: 0.0171845 seconds, Stopping threads took: 0.0167696 seconds
2024-07-23T00:25:54.989+0800: 3.646: [CMS-concurrent-mark-start]
2024-07-23T00:25:54.991+0800: 3.647: [CMS-concurrent-mark: 0.001/0.001 secs] [Times: user=0.00 sys=0.00, real=0.00 secs] 
2024-07-23T00:25:54.991+0800: 3.647: [CMS-concurrent-preclean-start]
2024-07-23T00:25:54.991+0800: 3.648: [CMS-concurrent-preclean: 0.000/0.000 secs] [Times: user=0.00 sys=0.00, real=0.00 secs] 
2024-07-23T00:25:54.991+0800: 3.648: [GC (CMS Final Remark) [YG occupancy: 0 K (157248 K)]2024-07-23T00:25:54.991+0800: 3.648: [Rescan (parallel) , 0.0002219 secs]2024-07-23T00:25:54.991+0800: 3.648: [weak refs processing, 0.0000087 secs]2024-07-23T00:25:54.991+0800: 3.648: [class unloading, 0.0002014 secs]2024-07-23T00:25:54.991+0800: 3.648: [scrub symbol table, 0.0003556 secs]2024-07-23T00:25:54.992+0800: 3.648: [scrub string table, 0.0000992 secs][1 CMS-remark: 205856K(349568K)] 205856K(506816K), 0.0009242 secs] [Times: user=0.00 sys=0.00, real=0.00 secs] 
2024-07-23T00:25:54.992+0800: 3.649: Total time for which application threads were stopped: 0.0009519 seconds, Stopping threads took: 0.0000073 seconds
2024-07-23T00:25:54.992+0800: 3.649: [CMS-concurrent-sweep-start]
2024-07-23T00:25:54.992+0800: 3.649: [CMS-concurrent-sweep: 0.000/0.000 secs] [Times: user=0.00 sys=0.00, real=0.00 secs] 
2024-07-23T00:25:54.992+0800: 3.649: [CMS-concurrent-reset-start]
2024-07-23T00:25:54.992+0800: 3.649: [CMS-concurrent-reset: 0.000/0.000 secs] [Times: user=0.00 sys=0.00, real=0.00 secs] 
{Heap before GC invocations=80 (full 157):
 par new generation   total 157248K, used 0K [0x00000000e0000000, 0x00000000eaaa0000, 0x00000000eaaa0000)
  eden space 139776K,   0% used [0x00000000e0000000, 0x00000000e0000000, 0x00000000e8880000)
  from space 17472K,   0% used [0x00000000e8880000, 0x00000000e8880000, 0x00000000e9990000)
  to   space 17472K,   0% used [0x00000000e9990000, 0x00000000e9990000, 0x00000000eaaa0000)
 concurrent mark-sweep generation total 349568K, used 205856K [0x00000000eaaa0000, 0x0000000100000000, 0x0000000100000000)
 Metaspace       used 3956K, capacity 4568K, committed 4864K, reserved 1056768K
  class space    used 431K, capacity 460K, committed 512K, reserved 1048576K
2024-07-23T00:25:54.999+0800: 3.656: [GC (Allocation Failure) 2024-07-23T00:25:54.999+0800: 3.656: [ParNew
Desired survivor size 8945664 bytes, new threshold 6 (max 6)
: 0K->0K(157248K), 0.0010693 secs]2024-07-23T00:25:55.000+0800: 3.657: [CMS: 205856K->1056K(349568K), 0.0027787 secs] 205856K->1056K(506816K), [Metaspace: 3956K->3956K(1056768K)], 0.0039479 secs] [Times: user=0.00 sys=0.00, real=0.00 secs] 
Heap after GC invocations=81 (full 158):
 par new generation   total 157248K, used 0K [0x00000000e0000000, 0x00000000eaaa0000, 0x00000000eaaa0000)
  eden space 139776K,   0% used [0x00000000e0000000, 0x00000000e0000000, 0x00000000e8880000)
  from space 17472K,   0% used [0x00000000e9990000, 0x00000000e9990000, 0x00000000eaaa0000)
  to   space 17472K,   0% used [0x00000000e8880000, 0x00000000e8880000, 0x00000000e9990000)
 concurrent mark-sweep generation total 349568K, used 1056K [0x00000000eaaa0000, 0x0000000100000000, 0x0000000100000000)
 Metaspace       used 3956K, capacity 4568K, committed 4864K, reserved 1056768K
  class space    used 431K, capacity 460K, committed 512K, reserved 1048576K
}
2024-07-23T00:25:55.003+0800: 3.660: Total time for which application threads were stopped: 0.0040548 seconds, Stopping threads took: 0.0000175 seconds
2024-07-23T00:25:55.020+0800: 3.676: [GC (CMS Initial Mark) [1 CMS-initial-mark: 205856K(349568K)] 205856K(506816K), 0.0001853 secs] [Times: user=0.00 sys=0.00, real=0.00 secs] 
2024-07-23T00:25:55.020+0800: 3.677: Total time for which application threads were stopped: 0.0170342 seconds, Stopping threads took: 0.0167837 seconds
2024-07-23T00:25:55.020+0800: 3.677: [CMS-concurrent-mark-start]
2024-07-23T00:25:55.021+0800: 3.678: [CMS-concurrent-mark: 0.001/0.001 secs] [Times: user=0.00 sys=0.00, real=0.00 secs] 
2024-07-23T00:25:55.021+0800: 3.678: [CMS-concurrent-preclean-start]
2024-07-23T00:25:55.022+0800: 3.678: [CMS-concurrent-preclean: 0.000/0.000 secs] [Times: user=0.00 sys=0.00, real=0.00 secs] 
2024-07-23T00:25:55.022+0800: 3.678: [GC (CMS Final Remark) [YG occupancy: 0 K (157248 K)]2024-07-23T00:25:55.022+0800: 3.678: [Rescan (parallel) , 0.0002343 secs]2024-07-23T00:25:55.022+0800: 3.678: [weak refs processing, 0.0000071 secs]2024-07-23T00:25:55.022+0800: 3.678: [class unloading, 0.0002006 secs]2024-07-23T00:25:55.022+0800: 3.679: [scrub symbol table, 0.0003246 secs]2024-07-23T00:25:55.022+0800: 3.679: [scrub string table, 0.0000977 secs][1 CMS-remark: 205856K(349568K)] 205856K(506816K), 0.0009036 secs] [Times: user=0.00 sys=0.00, real=0.00 secs] 
2024-07-23T00:25:55.022+0800: 3.679: Total time for which application threads were stopped: 0.0009373 seconds, Stopping threads took: 0.0000099 seconds
2024-07-23T00:25:55.023+0800: 3.679: [CMS-concurrent-sweep-start]
2024-07-23T00:25:55.023+0800: 3.679: [CMS-concurrent-sweep: 0.000/0.000 secs] [Times: user=0.00 sys=0.00, real=0.00 secs] 
2024-07-23T00:25:55.023+0800: 3.679: [CMS-concurrent-reset-start]
2024-07-23T00:25:55.023+0800: 3.680: [CMS-concurrent-reset: 0.000/0.000 secs] [Times: user=0.00 sys=0.00, real=0.00 secs] 
{Heap before GC invocations=81 (full 159):
 par new generation   total 157248K, used 0K [0x00000000e0000000, 0x00000000eaaa0000, 0x00000000eaaa0000)
  eden space 139776K,   0% used [0x00000000e0000000, 0x00000000e0000000, 0x00000000e8880000)
  from space 17472K,   0% used [0x00000000e9990000, 0x00000000e9990000, 0x00000000eaaa0000)
  to   space 17472K,   0% used [0x00000000e8880000, 0x00000000e8880000, 0x00000000e9990000)
 concurrent mark-sweep generation total 349568K, used 205856K [0x00000000eaaa0000, 0x0000000100000000, 0x0000000100000000)
 Metaspace       used 3956K, capacity 4568K, committed 4864K, reserved 1056768K
  class space    used 431K, capacity 460K, committed 512K, reserved 1048576K
2024-07-23T00:25:55.031+0800: 3.688: [GC (Allocation Failure) 2024-07-23T00:25:55.031+0800: 3.688: [ParNew
Desired survivor size 8945664 bytes, new threshold 6 (max 6)
: 0K->0K(157248K), 0.0011023 secs]2024-07-23T00:25:55.032+0800: 3.689: [CMS: 205856K->1056K(349568K), 0.0036647 secs] 205856K->1056K(506816K), [Metaspace: 3956K->3956K(1056768K)], 0.0049262 secs] [Times: user=0.00 sys=0.00, real=0.00 secs] 
Heap after GC invocations=82 (full 160):
 par new generation   total 157248K, used 0K [0x00000000e0000000, 0x00000000eaaa0000, 0x00000000eaaa0000)
  eden space 139776K,   0% used [0x00000000e0000000, 0x00000000e0000000, 0x00000000e8880000)
  from space 17472K,   0% used [0x00000000e8880000, 0x00000000e8880000, 0x00000000e9990000)
  to   space 17472K,   0% used [0x00000000e9990000, 0x00000000e9990000, 0x00000000eaaa0000)
 concurrent mark-sweep generation total 349568K, used 1056K [0x00000000eaaa0000, 0x0000000100000000, 0x0000000100000000)
 Metaspace       used 3956K, capacity 4568K, committed 4864K, reserved 1056768K
  class space    used 431K, capacity 460K, committed 512K, reserved 1048576K
}
2024-07-23T00:25:55.035+0800: 3.693: Total time for which application threads were stopped: 0.0050340 seconds, Stopping threads took: 0.0000139 seconds
2024-07-23T00:25:55.053+0800: 3.710: [GC (CMS Initial Mark) [1 CMS-initial-mark: 205856K(349568K)] 205856K(506816K), 0.0002164 secs] [Times: user=0.00 sys=0.00, real=0.00 secs] 
2024-07-23T00:25:55.053+0800: 3.710: Total time for which application threads were stopped: 0.0174807 seconds, Stopping threads took: 0.0172124 seconds
2024-07-23T00:25:55.053+0800: 3.710: [CMS-concurrent-mark-start]
2024-07-23T00:25:55.055+0800: 3.712: [CMS-concurrent-mark: 0.001/0.001 secs] [Times: user=0.00 sys=0.00, real=0.00 secs] 
2024-07-23T00:25:55.055+0800: 3.712: [CMS-concurrent-preclean-start]
2024-07-23T00:25:55.055+0800: 3.712: [CMS-concurrent-preclean: 0.000/0.000 secs] [Times: user=0.00 sys=0.00, real=0.00 secs] 
2024-07-23T00:25:55.055+0800: 3.712: [GC (CMS Final Remark) [YG occupancy: 0 K (157248 K)]2024-07-23T00:25:55.055+0800: 3.712: [Rescan (parallel) , 0.0002029 secs]2024-07-23T00:25:55.055+0800: 3.712: [weak refs processing, 0.0000092 secs]2024-07-23T00:25:55.055+0800: 3.712: [class unloading, 0.0002170 secs]2024-07-23T00:25:55.055+0800: 3.712: [scrub symbol table, 0.0003648 secs]2024-07-23T00:25:55.056+0800: 3.713: [scrub string table, 0.0000987 secs][1 CMS-remark: 205856K(349568K)] 205856K(506816K), 0.0009349 secs] [Times: user=0.00 sys=0.00, real=0.00 secs] 
2024-07-23T00:25:55.056+0800: 3.713: Total time for which application threads were stopped: 0.0009648 seconds, Stopping threads took: 0.0000088 seconds
2024-07-23T00:25:55.056+0800: 3.713: [CMS-concurrent-sweep-start]
2024-07-23T00:25:55.056+0800: 3.713: [CMS-concurrent-sweep: 0.000/0.000 secs] [Times: user=0.00 sys=0.00, real=0.00 secs] 
2024-07-23T00:25:55.056+0800: 3.713: [CMS-concurrent-reset-start]
2024-07-23T00:25:55.056+0800: 3.713: [CMS-concurrent-reset: 0.000/0.000 secs] [Times: user=0.00 sys=0.00, real=0.00 secs] 
{Heap before GC invocations=82 (full 161):
 par new generation   total 157248K, used 0K [0x00000000e0000000, 0x00000000eaaa0000, 0x00000000eaaa0000)
  eden space 139776K,   0% used [0x00000000e0000000, 0x00000000e0000000, 0x00000000e8880000)
  from space 17472K,   0% used [0x00000000e8880000, 0x00000000e8880000, 0x00000000e9990000)
  to   space 17472K,   0% used [0x00000000e9990000, 0x00000000e9990000, 0x00000000eaaa0000)
 concurrent mark-sweep generation total 349568K, used 205856K [0x00000000eaaa0000, 0x0000000100000000, 0x0000000100000000)
 Metaspace       used 3956K, capacity 4568K, committed 4864K, reserved 1056768K
  class space    used 431K, capacity 460K, committed 512K, reserved 1048576K
2024-07-23T00:25:55.076+0800: 3.733: [GC (Allocation Failure) 2024-07-23T00:25:55.076+0800: 3.733: [ParNew
Desired survivor size 8945664 bytes, new threshold 6 (max 6)
: 0K->0K(157248K), 0.0009118 secs]2024-07-23T00:25:55.077+0800: 3.734: [CMS: 205856K->1056K(349568K), 0.0025255 secs] 205856K->1056K(506816K), [Metaspace: 3956K->3956K(1056768K)], 0.0035688 secs] [Times: user=0.00 sys=0.00, real=0.00 secs] 
Heap after GC invocations=83 (full 162):
 par new generation   total 157248K, used 0K [0x00000000e0000000, 0x00000000eaaa0000, 0x00000000eaaa0000)
  eden space 139776K,   0% used [0x00000000e0000000, 0x00000000e0000000, 0x00000000e8880000)
  from space 17472K,   0% used [0x00000000e9990000, 0x00000000e9990000, 0x00000000eaaa0000)
  to   space 17472K,   0% used [0x00000000e8880000, 0x00000000e8880000, 0x00000000e9990000)
 concurrent mark-sweep generation total 349568K, used 1056K [0x00000000eaaa0000, 0x0000000100000000, 0x0000000100000000)
 Metaspace       used 3956K, capacity 4568K, committed 4864K, reserved 1056768K
  class space    used 431K, capacity 460K, committed 512K, reserved 1048576K
}
2024-07-23T00:25:55.079+0800: 3.736: Total time for which application threads were stopped: 0.0037066 seconds, Stopping threads took: 0.0000269 seconds
2024-07-23T00:25:55.096+0800: 3.753: [GC (CMS Initial Mark) [1 CMS-initial-mark: 205856K(349568K)] 205856K(506816K), 0.0002180 secs] [Times: user=0.00 sys=0.00, real=0.00 secs] 
2024-07-23T00:25:55.097+0800: 3.754: Total time for which application threads were stopped: 0.0172112 seconds, Stopping threads took: 0.0169260 seconds
2024-07-23T00:25:55.097+0800: 3.754: [CMS-concurrent-mark-start]
2024-07-23T00:25:55.098+0800: 3.755: [CMS-concurrent-mark: 0.001/0.001 secs] [Times: user=0.00 sys=0.00, real=0.00 secs] 
2024-07-23T00:25:55.098+0800: 3.755: [CMS-concurrent-preclean-start]
2024-07-23T00:25:55.098+0800: 3.755: [CMS-concurrent-preclean: 0.000/0.000 secs] [Times: user=0.00 sys=0.00, real=0.00 secs] 
2024-07-23T00:25:55.098+0800: 3.755: [GC (CMS Final Remark) [YG occupancy: 0 K (157248 K)]2024-07-23T00:25:55.098+0800: 3.755: [Rescan (parallel) , 0.0003502 secs]2024-07-23T00:25:55.099+0800: 3.756: [weak refs processing, 0.0000138 secs]2024-07-23T00:25:55.099+0800: 3.756: [class unloading, 0.0002798 secs]2024-07-23T00:25:55.099+0800: 3.756: [scrub symbol table, 0.0003744 secs]2024-07-23T00:25:55.099+0800: 3.756: [scrub string table, 0.0001113 secs][1 CMS-remark: 205856K(349568K)] 205856K(506816K), 0.0011876 secs] [Times: user=0.00 sys=0.00, real=0.00 secs] 
2024-07-23T00:25:55.100+0800: 3.757: Total time for which application threads were stopped: 0.0012296 seconds, Stopping threads took: 0.0000083 seconds
2024-07-23T00:25:55.100+0800: 3.757: [CMS-concurrent-sweep-start]
2024-07-23T00:25:55.100+0800: 3.757: [CMS-concurrent-sweep: 0.000/0.000 secs] [Times: user=0.00 sys=0.00, real=0.00 secs] 
2024-07-23T00:25:55.100+0800: 3.757: [CMS-concurrent-reset-start]
2024-07-23T00:25:55.100+0800: 3.757: [CMS-concurrent-reset: 0.000/0.000 secs] [Times: user=0.00 sys=0.00, real=0.00 secs] 
{Heap before GC invocations=83 (full 163):
 par new generation   total 157248K, used 0K [0x00000000e0000000, 0x00000000eaaa0000, 0x00000000eaaa0000)
  eden space 139776K,   0% used [0x00000000e0000000, 0x00000000e0000000, 0x00000000e8880000)
  from space 17472K,   0% used [0x00000000e9990000, 0x00000000e9990000, 0x00000000eaaa0000)
  to   space 17472K,   0% used [0x00000000e8880000, 0x00000000e8880000, 0x00000000e9990000)
 concurrent mark-sweep generation total 349568K, used 205856K [0x00000000eaaa0000, 0x0000000100000000, 0x0000000100000000)
 Metaspace       used 3956K, capacity 4568K, committed 4864K, reserved 1056768K
  class space    used 431K, capacity 460K, committed 512K, reserved 1048576K
2024-07-23T00:25:55.122+0800: 3.779: [GC (Allocation Failure) 2024-07-23T00:25:55.122+0800: 3.779: [ParNew
Desired survivor size 8945664 bytes, new threshold 6 (max 6)
: 0K->0K(157248K), 0.0014915 secs]2024-07-23T00:25:55.123+0800: 3.780: [CMS: 205856K->1056K(349568K), 0.0035443 secs] 205856K->1056K(506816K), [Metaspace: 3956K->3956K(1056768K)], 0.0051786 secs] [Times: user=0.00 sys=0.00, real=0.01 secs] 
Heap after GC invocations=84 (full 164):
 par new generation   total 157248K, used 0K [0x00000000e0000000, 0x00000000eaaa0000, 0x00000000eaaa0000)
  eden space 139776K,   0% used [0x00000000e0000000, 0x00000000e0000000, 0x00000000e8880000)
  from space 17472K,   0% used [0x00000000e8880000, 0x00000000e8880000, 0x00000000e9990000)
  to   space 17472K,   0% used [0x00000000e9990000, 0x00000000e9990000, 0x00000000eaaa0000)
 concurrent mark-sweep generation total 349568K, used 1056K [0x00000000eaaa0000, 0x0000000100000000, 0x0000000100000000)
 Metaspace       used 3956K, capacity 4568K, committed 4864K, reserved 1056768K
  class space    used 431K, capacity 460K, committed 512K, reserved 1048576K
}
2024-07-23T00:25:55.127+0800: 3.784: Total time for which application threads were stopped: 0.0053085 seconds, Stopping threads took: 0.0000187 seconds
2024-07-23T00:25:55.144+0800: 3.801: [GC (CMS Initial Mark) [1 CMS-initial-mark: 205856K(349568K)] 205856K(506816K), 0.0002092 secs] [Times: user=0.00 sys=0.00, real=0.00 secs] 
2024-07-23T00:25:55.144+0800: 3.801: Total time for which application threads were stopped: 0.0175567 seconds, Stopping threads took: 0.0172859 seconds
2024-07-23T00:25:55.144+0800: 3.801: [CMS-concurrent-mark-start]
2024-07-23T00:25:55.146+0800: 3.803: [CMS-concurrent-mark: 0.001/0.001 secs] [Times: user=0.00 sys=0.00, real=0.00 secs] 
2024-07-23T00:25:55.146+0800: 3.803: [CMS-concurrent-preclean-start]
2024-07-23T00:25:55.146+0800: 3.803: [CMS-concurrent-preclean: 0.000/0.000 secs] [Times: user=0.00 sys=0.00, real=0.00 secs] 
2024-07-23T00:25:55.146+0800: 3.803: [GC (CMS Final Remark) [YG occupancy: 0 K (157248 K)]2024-07-23T00:25:55.146+0800: 3.803: [Rescan (parallel) , 0.0001973 secs]2024-07-23T00:25:55.146+0800: 3.803: [weak refs processing, 0.0000070 secs]2024-07-23T00:25:55.146+0800: 3.803: [class unloading, 0.0002068 secs]2024-07-23T00:25:55.146+0800: 3.804: [scrub symbol table, 0.0003322 secs]2024-07-23T00:25:55.147+0800: 3.804: [scrub string table, 0.0000956 secs][1 CMS-remark: 205856K(349568K)] 205856K(506816K), 0.0008746 secs] [Times: user=0.00 sys=0.00, real=0.00 secs] 
2024-07-23T00:25:55.147+0800: 3.804: Total time for which application threads were stopped: 0.0009060 seconds, Stopping threads took: 0.0000101 seconds
2024-07-23T00:25:55.147+0800: 3.804: [CMS-concurrent-sweep-start]
2024-07-23T00:25:55.147+0800: 3.804: [CMS-concurrent-sweep: 0.000/0.000 secs] [Times: user=0.00 sys=0.00, real=0.00 secs] 
2024-07-23T00:25:55.147+0800: 3.804: [CMS-concurrent-reset-start]
2024-07-23T00:25:55.147+0800: 3.805: [CMS-concurrent-reset: 0.000/0.000 secs] [Times: user=0.00 sys=0.00, real=0.00 secs] 
{Heap before GC invocations=84 (full 165):
 par new generation   total 157248K, used 0K [0x00000000e0000000, 0x00000000eaaa0000, 0x00000000eaaa0000)
  eden space 139776K,   0% used [0x00000000e0000000, 0x00000000e0000000, 0x00000000e8880000)
  from space 17472K,   0% used [0x00000000e8880000, 0x00000000e8880000, 0x00000000e9990000)
  to   space 17472K,   0% used [0x00000000e9990000, 0x00000000e9990000, 0x00000000eaaa0000)
 concurrent mark-sweep generation total 349568K, used 205856K [0x00000000eaaa0000, 0x0000000100000000, 0x0000000100000000)
 Metaspace       used 3956K, capacity 4568K, committed 4864K, reserved 1056768K
  class space    used 431K, capacity 460K, committed 512K, reserved 1048576K
2024-07-23T00:25:55.167+0800: 3.824: [GC (Allocation Failure) 2024-07-23T00:25:55.167+0800: 3.824: [ParNew
Desired survivor size 8945664 bytes, new threshold 6 (max 6)
: 0K->0K(157248K), 0.0009617 secs]2024-07-23T00:25:55.168+0800: 3.825: [CMS: 205856K->1056K(349568K), 0.0040156 secs] 205856K->1056K(506816K), [Metaspace: 3956K->3956K(1056768K)], 0.0051507 secs] [Times: user=0.00 sys=0.00, real=0.00 secs] 
Heap after GC invocations=85 (full 166):
 par new generation   total 157248K, used 0K [0x00000000e0000000, 0x00000000eaaa0000, 0x00000000eaaa0000)
  eden space 139776K,   0% used [0x00000000e0000000, 0x00000000e0000000, 0x00000000e8880000)
  from space 17472K,   0% used [0x00000000e9990000, 0x00000000e9990000, 0x00000000eaaa0000)
  to   space 17472K,   0% used [0x00000000e8880000, 0x00000000e8880000, 0x00000000e9990000)
 concurrent mark-sweep generation total 349568K, used 1056K [0x00000000eaaa0000, 0x0000000100000000, 0x0000000100000000)
 Metaspace       used 3956K, capacity 4568K, committed 4864K, reserved 1056768K
  class space    used 431K, capacity 460K, committed 512K, reserved 1048576K
}
2024-07-23T00:25:55.172+0800: 3.829: Total time for which application threads were stopped: 0.0053106 seconds, Stopping threads took: 0.0000273 seconds
2024-07-23T00:25:55.189+0800: 3.847: [GC (CMS Initial Mark) [1 CMS-initial-mark: 205856K(349568K)] 205856K(506816K), 0.0004166 secs] [Times: user=0.00 sys=0.00, real=0.00 secs] 
2024-07-23T00:25:55.190+0800: 3.847: Total time for which application threads were stopped: 0.0178183 seconds, Stopping threads took: 0.0173447 seconds
2024-07-23T00:25:55.190+0800: 3.847: [CMS-concurrent-mark-start]
2024-07-23T00:25:55.191+0800: 3.849: [CMS-concurrent-mark: 0.001/0.001 secs] [Times: user=0.00 sys=0.00, real=0.00 secs] 
2024-07-23T00:25:55.191+0800: 3.849: [CMS-concurrent-preclean-start]
2024-07-23T00:25:55.191+0800: 3.849: [CMS-concurrent-preclean: 0.000/0.000 secs] [Times: user=0.00 sys=0.00, real=0.00 secs] 
2024-07-23T00:25:55.191+0800: 3.849: [GC (CMS Final Remark) [YG occupancy: 0 K (157248 K)]2024-07-23T00:25:55.191+0800: 3.849: [Rescan (parallel) , 0.0002619 secs]2024-07-23T00:25:55.193+0800: 3.849: [weak refs processing, 0.0000093 secs]2024-07-23T00:25:55.193+0800: 3.849: [class unloading, 0.0002380 secs]2024-07-23T00:25:55.193+0800: 3.850: [scrub symbol table, 0.0003339 secs]2024-07-23T00:25:55.193+0800: 3.850: [scrub string table, 0.0000837 secs][1 CMS-remark: 205856K(349568K)] 205856K(506816K), 0.0009744 secs] [Times: user=0.00 sys=0.00, real=0.00 secs] 
2024-07-23T00:25:55.193+0800: 3.850: Total time for which application threads were stopped: 0.0010655 seconds, Stopping threads took: 0.0000651 seconds
2024-07-23T00:25:55.193+0800: 3.850: [CMS-concurrent-sweep-start]
2024-07-23T00:25:55.193+0800: 3.850: [CMS-concurrent-sweep: 0.000/0.000 secs] [Times: user=0.00 sys=0.00, real=0.00 secs] 
2024-07-23T00:25:55.194+0800: 3.850: [CMS-concurrent-reset-start]
2024-07-23T00:25:55.194+0800: 3.851: [CMS-concurrent-reset: 0.000/0.000 secs] [Times: user=0.00 sys=0.00, real=0.00 secs] 
{Heap before GC invocations=85 (full 167):
 par new generation   total 157248K, used 0K [0x00000000e0000000, 0x00000000eaaa0000, 0x00000000eaaa0000)
  eden space 139776K,   0% used [0x00000000e0000000, 0x00000000e0000000, 0x00000000e8880000)
  from space 17472K,   0% used [0x00000000e9990000, 0x00000000e9990000, 0x00000000eaaa0000)
  to   space 17472K,   0% used [0x00000000e8880000, 0x00000000e8880000, 0x00000000e9990000)
 concurrent mark-sweep generation total 349568K, used 205856K [0x00000000eaaa0000, 0x0000000100000000, 0x0000000100000000)
 Metaspace       used 3956K, capacity 4568K, committed 4864K, reserved 1056768K
  class space    used 431K, capacity 460K, committed 512K, reserved 1048576K
2024-07-23T00:25:55.214+0800: 3.871: [GC (Allocation Failure) 2024-07-23T00:25:55.214+0800: 3.871: [ParNew
Desired survivor size 8945664 bytes, new threshold 6 (max 6)
: 0K->0K(157248K), 0.0019619 secs]2024-07-23T00:25:55.216+0800: 3.873: [CMS: 205856K->1056K(349568K), 0.0029180 secs] 205856K->1056K(506816K), [Metaspace: 3956K->3956K(1056768K)], 0.0049967 secs] [Times: user=0.00 sys=0.00, real=0.01 secs] 
Heap after GC invocations=86 (full 168):
 par new generation   total 157248K, used 0K [0x00000000e0000000, 0x00000000eaaa0000, 0x00000000eaaa0000)
  eden space 139776K,   0% used [0x00000000e0000000, 0x00000000e0000000, 0x00000000e8880000)
  from space 17472K,   0% used [0x00000000e8880000, 0x00000000e8880000, 0x00000000e9990000)
  to   space 17472K,   0% used [0x00000000e9990000, 0x00000000e9990000, 0x00000000eaaa0000)
 concurrent mark-sweep generation total 349568K, used 1056K [0x00000000eaaa0000, 0x0000000100000000, 0x0000000100000000)
 Metaspace       used 3956K, capacity 4568K, committed 4864K, reserved 1056768K
  class space    used 431K, capacity 460K, committed 512K, reserved 1048576K
}
2024-07-23T00:25:55.219+0800: 3.876: Total time for which application threads were stopped: 0.0051571 seconds, Stopping threads took: 0.0000217 seconds
2024-07-23T00:25:55.235+0800: 3.893: [GC (CMS Initial Mark) [1 CMS-initial-mark: 205856K(349568K)] 205856K(506816K), 0.0002882 secs] [Times: user=0.00 sys=0.00, real=0.00 secs] 
2024-07-23T00:25:55.236+0800: 3.893: Total time for which application threads were stopped: 0.0173185 seconds, Stopping threads took: 0.0169604 seconds
2024-07-23T00:25:55.236+0800: 3.893: [CMS-concurrent-mark-start]
2024-07-23T00:25:55.237+0800: 3.895: [CMS-concurrent-mark: 0.001/0.001 secs] [Times: user=0.00 sys=0.00, real=0.00 secs] 
2024-07-23T00:25:55.237+0800: 3.895: [CMS-concurrent-preclean-start]
2024-07-23T00:25:55.237+0800: 3.895: [CMS-concurrent-preclean: 0.000/0.000 secs] [Times: user=0.00 sys=0.00, real=0.00 secs] 
2024-07-23T00:25:55.237+0800: 3.895: [GC (CMS Final Remark) [YG occupancy: 0 K (157248 K)]2024-07-23T00:25:55.237+0800: 3.895: [Rescan (parallel) , 0.0003494 secs]2024-07-23T00:25:55.238+0800: 3.895: [weak refs processing, 0.0000075 secs]2024-07-23T00:25:55.238+0800: 3.895: [class unloading, 0.0001896 secs]2024-07-23T00:25:55.238+0800: 3.895: [scrub symbol table, 0.0002924 secs]2024-07-23T00:25:55.238+0800: 3.896: [scrub string table, 0.0000810 secs][1 CMS-remark: 205856K(349568K)] 205856K(506816K), 0.0009506 secs] [Times: user=0.00 sys=0.00, real=0.00 secs] 
2024-07-23T00:25:55.238+0800: 3.896: Total time for which application threads were stopped: 0.0009805 seconds, Stopping threads took: 0.0000087 seconds
2024-07-23T00:25:55.238+0800: 3.896: [CMS-concurrent-sweep-start]
2024-07-23T00:25:55.239+0800: 3.896: [CMS-concurrent-sweep: 0.000/0.000 secs] [Times: user=0.00 sys=0.00, real=0.00 secs] 
2024-07-23T00:25:55.239+0800: 3.896: [CMS-concurrent-reset-start]
2024-07-23T00:25:55.239+0800: 3.897: [CMS-concurrent-reset: 0.000/0.000 secs] [Times: user=0.00 sys=0.00, real=0.00 secs] 
{Heap before GC invocations=86 (full 169):
 par new generation   total 157248K, used 0K [0x00000000e0000000, 0x00000000eaaa0000, 0x00000000eaaa0000)
  eden space 139776K,   0% used [0x00000000e0000000, 0x00000000e0000000, 0x00000000e8880000)
  from space 17472K,   0% used [0x00000000e8880000, 0x00000000e8880000, 0x00000000e9990000)
  to   space 17472K,   0% used [0x00000000e9990000, 0x00000000e9990000, 0x00000000eaaa0000)
 concurrent mark-sweep generation total 349568K, used 205856K [0x00000000eaaa0000, 0x0000000100000000, 0x0000000100000000)
 Metaspace       used 3956K, capacity 4568K, committed 4864K, reserved 1056768K
  class space    used 431K, capacity 460K, committed 512K, reserved 1048576K
2024-07-23T00:25:55.261+0800: 3.918: [GC (Allocation Failure) 2024-07-23T00:25:55.261+0800: 3.918: [ParNew
Desired survivor size 8945664 bytes, new threshold 6 (max 6)
: 0K->0K(157248K), 0.0017025 secs]2024-07-23T00:25:55.263+0800: 3.919: [CMS: 205856K->1056K(349568K), 0.0032432 secs] 205856K->1056K(506816K), [Metaspace: 3956K->3956K(1056768K)], 0.0051029 secs] [Times: user=0.00 sys=0.00, real=0.01 secs] 
Heap after GC invocations=87 (full 170):
 par new generation   total 157248K, used 0K [0x00000000e0000000, 0x00000000eaaa0000, 0x00000000eaaa0000)
  eden space 139776K,   0% used [0x00000000e0000000, 0x00000000e0000000, 0x00000000e8880000)
  from space 17472K,   0% used [0x00000000e9990000, 0x00000000e9990000, 0x00000000eaaa0000)
  to   space 17472K,   0% used [0x00000000e8880000, 0x00000000e8880000, 0x00000000e9990000)
 concurrent mark-sweep generation total 349568K, used 1056K [0x00000000eaaa0000, 0x0000000100000000, 0x0000000100000000)
 Metaspace       used 3956K, capacity 4568K, committed 4864K, reserved 1056768K
  class space    used 431K, capacity 460K, committed 512K, reserved 1048576K
}
2024-07-23T00:25:55.266+0800: 3.923: Total time for which application threads were stopped: 0.0052739 seconds, Stopping threads took: 0.0000234 seconds
2024-07-23T00:25:55.282+0800: 3.940: [GC (CMS Initial Mark) [1 CMS-initial-mark: 205856K(349568K)] 205856K(506816K), 0.0002423 secs] [Times: user=0.00 sys=0.00, real=0.00 secs] 
2024-07-23T00:25:55.282+0800: 3.940: Total time for which application threads were stopped: 0.0171130 seconds, Stopping threads took: 0.0168072 seconds
2024-07-23T00:25:55.282+0800: 3.940: [CMS-concurrent-mark-start]
2024-07-23T00:25:55.284+0800: 3.941: [CMS-concurrent-mark: 0.001/0.001 secs] [Times: user=0.00 sys=0.00, real=0.00 secs] 
2024-07-23T00:25:55.284+0800: 3.941: [CMS-concurrent-preclean-start]
2024-07-23T00:25:55.284+0800: 3.942: [CMS-concurrent-preclean: 0.000/0.000 secs] [Times: user=0.00 sys=0.00, real=0.00 secs] 
2024-07-23T00:25:55.284+0800: 3.942: [GC (CMS Final Remark) [YG occupancy: 0 K (157248 K)]2024-07-23T00:25:55.284+0800: 3.942: [Rescan (parallel) , 0.0002875 secs]2024-07-23T00:25:55.284+0800: 3.942: [weak refs processing, 0.0000083 secs]2024-07-23T00:25:55.284+0800: 3.942: [class unloading, 0.0001895 secs]2024-07-23T00:25:55.284+0800: 3.942: [scrub symbol table, 0.0003164 secs]2024-07-23T00:25:55.285+0800: 3.942: [scrub string table, 0.0000874 secs][1 CMS-remark: 205856K(349568K)] 205856K(506816K), 0.0009242 secs] [Times: user=0.00 sys=0.00, real=0.00 secs] 
2024-07-23T00:25:55.285+0800: 3.942: Total time for which application threads were stopped: 0.0009522 seconds, Stopping threads took: 0.0000086 seconds
2024-07-23T00:25:55.285+0800: 3.943: [CMS-concurrent-sweep-start]
2024-07-23T00:25:55.285+0800: 3.943: [CMS-concurrent-sweep: 0.000/0.000 secs] [Times: user=0.00 sys=0.00, real=0.00 secs] 
2024-07-23T00:25:55.285+0800: 3.943: [CMS-concurrent-reset-start]
2024-07-23T00:25:55.286+0800: 3.943: [CMS-concurrent-reset: 0.000/0.000 secs] [Times: user=0.00 sys=0.00, real=0.00 secs] 
{Heap before GC invocations=87 (full 171):
 par new generation   total 157248K, used 0K [0x00000000e0000000, 0x00000000eaaa0000, 0x00000000eaaa0000)
  eden space 139776K,   0% used [0x00000000e0000000, 0x00000000e0000000, 0x00000000e8880000)
  from space 17472K,   0% used [0x00000000e9990000, 0x00000000e9990000, 0x00000000eaaa0000)
  to   space 17472K,   0% used [0x00000000e8880000, 0x00000000e8880000, 0x00000000e9990000)
 concurrent mark-sweep generation total 349568K, used 205856K [0x00000000eaaa0000, 0x0000000100000000, 0x0000000100000000)
 Metaspace       used 3956K, capacity 4568K, committed 4864K, reserved 1056768K
  class space    used 431K, capacity 460K, committed 512K, reserved 1048576K
2024-07-23T00:25:55.308+0800: 3.965: [GC (Allocation Failure) 2024-07-23T00:25:55.308+0800: 3.965: [ParNew
Desired survivor size 8945664 bytes, new threshold 6 (max 6)
: 0K->0K(157248K), 0.0015503 secs]2024-07-23T00:25:55.310+0800: 3.966: [CMS: 205856K->1056K(349568K), 0.0034040 secs] 205856K->1056K(506816K), [Metaspace: 3956K->3956K(1056768K)], 0.0050906 secs] [Times: user=0.00 sys=0.00, real=0.00 secs] 
Heap after GC invocations=88 (full 172):
 par new generation   total 157248K, used 0K [0x00000000e0000000, 0x00000000eaaa0000, 0x00000000eaaa0000)
  eden space 139776K,   0% used [0x00000000e0000000, 0x00000000e0000000, 0x00000000e8880000)
  from space 17472K,   0% used [0x00000000e8880000, 0x00000000e8880000, 0x00000000e9990000)
  to   space 17472K,   0% used [0x00000000e9990000, 0x00000000e9990000, 0x00000000eaaa0000)
 concurrent mark-sweep generation total 349568K, used 1056K [0x00000000eaaa0000, 0x0000000100000000, 0x0000000100000000)
 Metaspace       used 3956K, capacity 4568K, committed 4864K, reserved 1056768K
  class space    used 431K, capacity 460K, committed 512K, reserved 1048576K
}
2024-07-23T00:25:55.313+0800: 3.970: Total time for which application threads were stopped: 0.0052774 seconds, Stopping threads took: 0.0000257 seconds
2024-07-23T00:25:55.331+0800: 3.988: [GC (CMS Initial Mark) [1 CMS-initial-mark: 205856K(349568K)] 205856K(506816K), 0.0001840 secs] [Times: user=0.00 sys=0.00, real=0.00 secs] 
2024-07-23T00:25:55.331+0800: 3.988: Total time for which application threads were stopped: 0.0177182 seconds, Stopping threads took: 0.0174796 seconds
2024-07-23T00:25:55.331+0800: 3.988: [CMS-concurrent-mark-start]
2024-07-23T00:25:55.332+0800: 3.989: [CMS-concurrent-mark: 0.001/0.001 secs] [Times: user=0.00 sys=0.00, real=0.00 secs] 
2024-07-23T00:25:55.332+0800: 3.989: [CMS-concurrent-preclean-start]
2024-07-23T00:25:55.333+0800: 3.989: [CMS-concurrent-preclean: 0.000/0.000 secs] [Times: user=0.00 sys=0.00, real=0.00 secs] 
2024-07-23T00:25:55.333+0800: 3.989: [GC (CMS Final Remark) [YG occupancy: 0 K (157248 K)]2024-07-23T00:25:55.333+0800: 3.989: [Rescan (parallel) , 0.0003306 secs]2024-07-23T00:25:55.333+0800: 3.990: [weak refs processing, 0.0000075 secs]2024-07-23T00:25:55.333+0800: 3.990: [class unloading, 0.0001998 secs]2024-07-23T00:25:55.333+0800: 3.990: [scrub symbol table, 0.0003242 secs]2024-07-23T00:25:55.333+0800: 3.990: [scrub string table, 0.0000929 secs][1 CMS-remark: 205856K(349568K)] 205856K(506816K), 0.0009943 secs] [Times: user=0.00 sys=0.00, real=0.00 secs] 
2024-07-23T00:25:55.333+0800: 3.990: Total time for which application threads were stopped: 0.0010247 seconds, Stopping threads took: 0.0000081 seconds
2024-07-23T00:25:55.333+0800: 3.991: [CMS-concurrent-sweep-start]
2024-07-23T00:25:55.333+0800: 3.991: [CMS-concurrent-sweep: 0.000/0.000 secs] [Times: user=0.00 sys=0.00, real=0.00 secs] 
2024-07-23T00:25:55.333+0800: 3.991: [CMS-concurrent-reset-start]
2024-07-23T00:25:55.334+0800: 3.991: [CMS-concurrent-reset: 0.000/0.000 secs] [Times: user=0.00 sys=0.00, real=0.00 secs] 
{Heap before GC invocations=88 (full 173):
 par new generation   total 157248K, used 0K [0x00000000e0000000, 0x00000000eaaa0000, 0x00000000eaaa0000)
  eden space 139776K,   0% used [0x00000000e0000000, 0x00000000e0000000, 0x00000000e8880000)
  from space 17472K,   0% used [0x00000000e8880000, 0x00000000e8880000, 0x00000000e9990000)
  to   space 17472K,   0% used [0x00000000e9990000, 0x00000000e9990000, 0x00000000eaaa0000)
 concurrent mark-sweep generation total 349568K, used 205856K [0x00000000eaaa0000, 0x0000000100000000, 0x0000000100000000)
 Metaspace       used 3956K, capacity 4568K, committed 4864K, reserved 1056768K
  class space    used 431K, capacity 460K, committed 512K, reserved 1048576K
2024-07-23T00:25:55.356+0800: 4.013: [GC (Allocation Failure) 2024-07-23T00:25:55.356+0800: 4.013: [ParNew
Desired survivor size 8945664 bytes, new threshold 6 (max 6)
: 0K->0K(157248K), 0.0011992 secs]2024-07-23T00:25:55.357+0800: 4.014: [CMS: 205856K->1056K(349568K), 0.0039783 secs] 205856K->1056K(506816K), [Metaspace: 3956K->3956K(1056768K)], 0.0053489 secs] [Times: user=0.00 sys=0.00, real=0.01 secs] 
Heap after GC invocations=89 (full 174):
 par new generation   total 157248K, used 0K [0x00000000e0000000, 0x00000000eaaa0000, 0x00000000eaaa0000)
  eden space 139776K,   0% used [0x00000000e0000000, 0x00000000e0000000, 0x00000000e8880000)
  from space 17472K,   0% used [0x00000000e9990000, 0x00000000e9990000, 0x00000000eaaa0000)
  to   space 17472K,   0% used [0x00000000e8880000, 0x00000000e8880000, 0x00000000e9990000)
 concurrent mark-sweep generation total 349568K, used 1056K [0x00000000eaaa0000, 0x0000000100000000, 0x0000000100000000)
 Metaspace       used 3956K, capacity 4568K, committed 4864K, reserved 1056768K
  class space    used 431K, capacity 460K, committed 512K, reserved 1048576K
}
2024-07-23T00:25:55.361+0800: 4.018: Total time for which application threads were stopped: 0.0055409 seconds, Stopping threads took: 0.0000272 seconds
2024-07-23T00:25:55.379+0800: 4.035: [GC (CMS Initial Mark) [1 CMS-initial-mark: 205856K(349568K)] 205856K(506816K), 0.0005246 secs] [Times: user=0.00 sys=0.00, real=0.00 secs] 
2024-07-23T00:25:55.379+0800: 4.036: Total time for which application threads were stopped: 0.0177853 seconds, Stopping threads took: 0.0171656 seconds
2024-07-23T00:25:55.379+0800: 4.036: [CMS-concurrent-mark-start]
2024-07-23T00:25:55.380+0800: 4.037: [CMS-concurrent-mark: 0.001/0.001 secs] [Times: user=0.00 sys=0.00, real=0.00 secs] 
2024-07-23T00:25:55.380+0800: 4.037: [CMS-concurrent-preclean-start]
2024-07-23T00:25:55.380+0800: 4.037: [CMS-concurrent-preclean: 0.000/0.000 secs] [Times: user=0.00 sys=0.00, real=0.00 secs] 
2024-07-23T00:25:55.380+0800: 4.038: [GC (CMS Final Remark) [YG occupancy: 0 K (157248 K)]2024-07-23T00:25:55.380+0800: 4.038: [Rescan (parallel) , 0.0001989 secs]2024-07-23T00:25:55.380+0800: 4.038: [weak refs processing, 0.0000091 secs]2024-07-23T00:25:55.380+0800: 4.038: [class unloading, 0.0001910 secs]2024-07-23T00:25:55.380+0800: 4.038: [scrub symbol table, 0.0002948 secs]2024-07-23T00:25:55.382+0800: 4.038: [scrub string table, 0.0000826 secs][1 CMS-remark: 205856K(349568K)] 205856K(506816K), 0.0008193 secs] [Times: user=0.00 sys=0.00, real=0.00 secs] 
2024-07-23T00:25:55.382+0800: 4.038: Total time for which application threads were stopped: 0.0008514 seconds, Stopping threads took: 0.0000095 seconds
2024-07-23T00:25:55.382+0800: 4.038: [CMS-concurrent-sweep-start]
2024-07-23T00:25:55.382+0800: 4.039: [CMS-concurrent-sweep: 0.000/0.000 secs] [Times: user=0.00 sys=0.00, real=0.00 secs] 
2024-07-23T00:25:55.382+0800: 4.039: [CMS-concurrent-reset-start]
2024-07-23T00:25:55.382+0800: 4.039: [CMS-concurrent-reset: 0.000/0.000 secs] [Times: user=0.00 sys=0.00, real=0.00 secs] 
{Heap before GC invocations=89 (full 175):
 par new generation   total 157248K, used 0K [0x00000000e0000000, 0x00000000eaaa0000, 0x00000000eaaa0000)
  eden space 139776K,   0% used [0x00000000e0000000, 0x00000000e0000000, 0x00000000e8880000)
  from space 17472K,   0% used [0x00000000e9990000, 0x00000000e9990000, 0x00000000eaaa0000)
  to   space 17472K,   0% used [0x00000000e8880000, 0x00000000e8880000, 0x00000000e9990000)
 concurrent mark-sweep generation total 349568K, used 205856K [0x00000000eaaa0000, 0x0000000100000000, 0x0000000100000000)
 Metaspace       used 3956K, capacity 4568K, committed 4864K, reserved 1056768K
  class space    used 431K, capacity 460K, committed 512K, reserved 1048576K
2024-07-23T00:25:55.402+0800: 4.059: [GC (Allocation Failure) 2024-07-23T00:25:55.402+0800: 4.059: [ParNew
Desired survivor size 8945664 bytes, new threshold 6 (max 6)
: 0K->0K(157248K), 0.0011286 secs]2024-07-23T00:25:55.403+0800: 4.060: [CMS: 205856K->1056K(349568K), 0.0032268 secs] 205856K->1056K(506816K), [Metaspace: 3956K->3956K(1056768K)], 0.0044648 secs] [Times: user=0.03 sys=0.00, real=0.00 secs] 
Heap after GC invocations=90 (full 176):
 par new generation   total 157248K, used 0K [0x00000000e0000000, 0x00000000eaaa0000, 0x00000000eaaa0000)
  eden space 139776K,   0% used [0x00000000e0000000, 0x00000000e0000000, 0x00000000e8880000)
  from space 17472K,   0% used [0x00000000e8880000, 0x00000000e8880000, 0x00000000e9990000)
  to   space 17472K,   0% used [0x00000000e9990000, 0x00000000e9990000, 0x00000000eaaa0000)
 concurrent mark-sweep generation total 349568K, used 1056K [0x00000000eaaa0000, 0x0000000100000000, 0x0000000100000000)
 Metaspace       used 3956K, capacity 4568K, committed 4864K, reserved 1056768K
  class space    used 431K, capacity 460K, committed 512K, reserved 1048576K
}
2024-07-23T00:25:55.406+0800: 4.064: Total time for which application threads were stopped: 0.0046191 seconds, Stopping threads took: 0.0000257 seconds
2024-07-23T00:25:55.424+0800: 4.081: [GC (CMS Initial Mark) [1 CMS-initial-mark: 205856K(349568K)] 205856K(506816K), 0.0007852 secs] [Times: user=0.00 sys=0.00, real=0.00 secs] 
2024-07-23T00:25:55.425+0800: 4.082: Total time for which application threads were stopped: 0.0182796 seconds, Stopping threads took: 0.0174295 seconds
2024-07-23T00:25:55.425+0800: 4.082: [CMS-concurrent-mark-start]
2024-07-23T00:25:55.426+0800: 4.084: [CMS-concurrent-mark: 0.001/0.001 secs] [Times: user=0.00 sys=0.00, real=0.00 secs] 
2024-07-23T00:25:55.427+0800: 4.084: [CMS-concurrent-preclean-start]
2024-07-23T00:25:55.427+0800: 4.084: [CMS-concurrent-preclean: 0.000/0.000 secs] [Times: user=0.00 sys=0.00, real=0.00 secs] 
2024-07-23T00:25:55.427+0800: 4.084: [GC (CMS Final Remark) [YG occupancy: 0 K (157248 K)]2024-07-23T00:25:55.427+0800: 4.084: [Rescan (parallel) , 0.0001680 secs]2024-07-23T00:25:55.427+0800: 4.084: [weak refs processing, 0.0000065 secs]2024-07-23T00:25:55.427+0800: 4.084: [class unloading, 0.0002000 secs]2024-07-23T00:25:55.427+0800: 4.084: [scrub symbol table, 0.0003334 secs]2024-07-23T00:25:55.428+0800: 4.085: [scrub string table, 0.0000930 secs][1 CMS-remark: 205856K(349568K)] 205856K(506816K), 0.0008393 secs] [Times: user=0.00 sys=0.00, real=0.00 secs] 
2024-07-23T00:25:55.428+0800: 4.085: Total time for which application threads were stopped: 0.0008695 seconds, Stopping threads took: 0.0000084 seconds
2024-07-23T00:25:55.428+0800: 4.085: [CMS-concurrent-sweep-start]
2024-07-23T00:25:55.428+0800: 4.085: [CMS-concurrent-sweep: 0.000/0.000 secs] [Times: user=0.00 sys=0.00, real=0.00 secs] 
2024-07-23T00:25:55.428+0800: 4.085: [CMS-concurrent-reset-start]
2024-07-23T00:25:55.428+0800: 4.085: [CMS-concurrent-reset: 0.000/0.000 secs] [Times: user=0.00 sys=0.00, real=0.00 secs] 
2024-07-23T00:25:55.449+0800: 4.106: Total time for which application threads were stopped: 0.0000907 seconds, Stopping threads took: 0.0000246 seconds
{Heap before GC invocations=90 (full 177):
 par new generation   total 157248K, used 0K [0x00000000e0000000, 0x00000000eaaa0000, 0x00000000eaaa0000)
  eden space 139776K,   0% used [0x00000000e0000000, 0x00000000e0000000, 0x00000000e8880000)
  from space 17472K,   0% used [0x00000000e8880000, 0x00000000e8880000, 0x00000000e9990000)
  to   space 17472K,   0% used [0x00000000e9990000, 0x00000000e9990000, 0x00000000eaaa0000)
 concurrent mark-sweep generation total 349568K, used 205856K [0x00000000eaaa0000, 0x0000000100000000, 0x0000000100000000)
 Metaspace       used 3956K, capacity 4568K, committed 4864K, reserved 1056768K
  class space    used 431K, capacity 460K, committed 512K, reserved 1048576K
2024-07-23T00:25:55.449+0800: 4.107: [GC (Allocation Failure) 2024-07-23T00:25:55.449+0800: 4.107: [ParNew
Desired survivor size 8945664 bytes, new threshold 6 (max 6)
: 0K->0K(157248K), 0.0019051 secs]2024-07-23T00:25:55.452+0800: 4.109: [CMS: 205856K->1056K(349568K), 0.0039581 secs] 205856K->1056K(506816K), [Metaspace: 3956K->3956K(1056768K)], 0.0060326 secs] [Times: user=0.00 sys=0.00, real=0.01 secs] 
Heap after GC invocations=91 (full 178):
 par new generation   total 157248K, used 0K [0x00000000e0000000, 0x00000000eaaa0000, 0x00000000eaaa0000)
  eden space 139776K,   0% used [0x00000000e0000000, 0x00000000e0000000, 0x00000000e8880000)
  from space 17472K,   0% used [0x00000000e9990000, 0x00000000e9990000, 0x00000000eaaa0000)
  to   space 17472K,   0% used [0x00000000e8880000, 0x00000000e8880000, 0x00000000e9990000)
 concurrent mark-sweep generation total 349568K, used 1056K [0x00000000eaaa0000, 0x0000000100000000, 0x0000000100000000)
 Metaspace       used 3956K, capacity 4568K, committed 4864K, reserved 1056768K
  class space    used 431K, capacity 460K, committed 512K, reserved 1048576K
}
2024-07-23T00:25:55.455+0800: 4.113: Total time for which application threads were stopped: 0.0062205 seconds, Stopping threads took: 0.0000235 seconds
2024-07-23T00:25:55.473+0800: 4.131: [GC (CMS Initial Mark) [1 CMS-initial-mark: 205856K(349568K)] 205856K(506816K), 0.0003344 secs] [Times: user=0.00 sys=0.00, real=0.00 secs] 
2024-07-23T00:25:55.473+0800: 4.131: Total time for which application threads were stopped: 0.0181679 seconds, Stopping threads took: 0.0177795 seconds
2024-07-23T00:25:55.473+0800: 4.131: [CMS-concurrent-mark-start]
2024-07-23T00:25:55.475+0800: 4.132: [CMS-concurrent-mark: 0.001/0.001 secs] [Times: user=0.00 sys=0.00, real=0.00 secs] 
2024-07-23T00:25:55.475+0800: 4.132: [CMS-concurrent-preclean-start]
2024-07-23T00:25:55.475+0800: 4.133: [CMS-concurrent-preclean: 0.000/0.000 secs] [Times: user=0.00 sys=0.00, real=0.00 secs] 
2024-07-23T00:25:55.475+0800: 4.133: [GC (CMS Final Remark) [YG occupancy: 0 K (157248 K)]2024-07-23T00:25:55.475+0800: 4.133: [Rescan (parallel) , 0.0003549 secs]2024-07-23T00:25:55.475+0800: 4.133: [weak refs processing, 0.0000090 secs]2024-07-23T00:25:55.475+0800: 4.133: [class unloading, 0.0001961 secs]2024-07-23T00:25:55.476+0800: 4.133: [scrub symbol table, 0.0003226 secs]2024-07-23T00:25:55.476+0800: 4.133: [scrub string table, 0.0000947 secs][1 CMS-remark: 205856K(349568K)] 205856K(506816K), 0.0010176 secs] [Times: user=0.00 sys=0.00, real=0.00 secs] 
2024-07-23T00:25:55.476+0800: 4.134: Total time for which application threads were stopped: 0.0010613 seconds, Stopping threads took: 0.0000086 seconds
2024-07-23T00:25:55.476+0800: 4.134: [CMS-concurrent-sweep-start]
2024-07-23T00:25:55.476+0800: 4.134: [CMS-concurrent-sweep: 0.000/0.000 secs] [Times: user=0.00 sys=0.00, real=0.00 secs] 
2024-07-23T00:25:55.476+0800: 4.134: [CMS-concurrent-reset-start]
2024-07-23T00:25:55.477+0800: 4.134: [CMS-concurrent-reset: 0.000/0.000 secs] [Times: user=0.00 sys=0.00, real=0.00 secs] 
{Heap before GC invocations=91 (full 179):
 par new generation   total 157248K, used 0K [0x00000000e0000000, 0x00000000eaaa0000, 0x00000000eaaa0000)
  eden space 139776K,   0% used [0x00000000e0000000, 0x00000000e0000000, 0x00000000e8880000)
  from space 17472K,   0% used [0x00000000e9990000, 0x00000000e9990000, 0x00000000eaaa0000)
  to   space 17472K,   0% used [0x00000000e8880000, 0x00000000e8880000, 0x00000000e9990000)
 concurrent mark-sweep generation total 349568K, used 205856K [0x00000000eaaa0000, 0x0000000100000000, 0x0000000100000000)
 Metaspace       used 3956K, capacity 4568K, committed 4864K, reserved 1056768K
  class space    used 431K, capacity 460K, committed 512K, reserved 1048576K
2024-07-23T00:25:55.496+0800: 4.153: [GC (Allocation Failure) 2024-07-23T00:25:55.496+0800: 4.153: [ParNew
Desired survivor size 8945664 bytes, new threshold 6 (max 6)
: 0K->0K(157248K), 0.0018683 secs]2024-07-23T00:25:55.498+0800: 4.155: [CMS: 205856K->1056K(349568K), 0.0037518 secs] 205856K->1056K(506816K), [Metaspace: 3956K->3956K(1056768K)], 0.0057958 secs] [Times: user=0.03 sys=0.00, real=0.01 secs] 
Heap after GC invocations=92 (full 180):
 par new generation   total 157248K, used 0K [0x00000000e0000000, 0x00000000eaaa0000, 0x00000000eaaa0000)
  eden space 139776K,   0% used [0x00000000e0000000, 0x00000000e0000000, 0x00000000e8880000)
  from space 17472K,   0% used [0x00000000e8880000, 0x00000000e8880000, 0x00000000e9990000)
  to   space 17472K,   0% used [0x00000000e9990000, 0x00000000e9990000, 0x00000000eaaa0000)
 concurrent mark-sweep generation total 349568K, used 1056K [0x00000000eaaa0000, 0x0000000100000000, 0x0000000100000000)
 Metaspace       used 3956K, capacity 4568K, committed 4864K, reserved 1056768K
  class space    used 431K, capacity 460K, committed 512K, reserved 1048576K
}
2024-07-23T00:25:55.502+0800: 4.159: Total time for which application threads were stopped: 0.0059479 seconds, Stopping threads took: 0.0000201 seconds
2024-07-23T00:25:55.519+0800: 4.176: [GC (CMS Initial Mark) [1 CMS-initial-mark: 205856K(349568K)] 205856K(506816K), 0.0003880 secs] [Times: user=0.00 sys=0.00, real=0.00 secs] 
2024-07-23T00:25:55.520+0800: 4.177: Total time for which application threads were stopped: 0.0178694 seconds, Stopping threads took: 0.0173944 seconds
2024-07-23T00:25:55.520+0800: 4.177: [CMS-concurrent-mark-start]
2024-07-23T00:25:55.521+0800: 4.178: [CMS-concurrent-mark: 0.001/0.001 secs] [Times: user=0.00 sys=0.00, real=0.00 secs] 
2024-07-23T00:25:55.521+0800: 4.178: [CMS-concurrent-preclean-start]
2024-07-23T00:25:55.522+0800: 4.179: [CMS-concurrent-preclean: 0.000/0.000 secs] [Times: user=0.00 sys=0.00, real=0.00 secs] 
2024-07-23T00:25:55.522+0800: 4.179: [GC (CMS Final Remark) [YG occupancy: 0 K (157248 K)]2024-07-23T00:25:55.522+0800: 4.179: [Rescan (parallel) , 0.0002381 secs]2024-07-23T00:25:55.522+0800: 4.179: [weak refs processing, 0.0000078 secs]2024-07-23T00:25:55.522+0800: 4.179: [class unloading, 0.0002126 secs]2024-07-23T00:25:55.522+0800: 4.179: [scrub symbol table, 0.0003383 secs]2024-07-23T00:25:55.522+0800: 4.179: [scrub string table, 0.0000946 secs][1 CMS-remark: 205856K(349568K)] 205856K(506816K), 0.0009324 secs] [Times: user=0.00 sys=0.00, real=0.00 secs] 
2024-07-23T00:25:55.522+0800: 4.180: Total time for which application threads were stopped: 0.0009663 seconds, Stopping threads took: 0.0000101 seconds
2024-07-23T00:25:55.523+0800: 4.180: [CMS-concurrent-sweep-start]
2024-07-23T00:25:55.523+0800: 4.180: [CMS-concurrent-sweep: 0.000/0.000 secs] [Times: user=0.00 sys=0.00, real=0.00 secs] 
2024-07-23T00:25:55.523+0800: 4.180: [CMS-concurrent-reset-start]
2024-07-23T00:25:55.523+0800: 4.180: [CMS-concurrent-reset: 0.000/0.000 secs] [Times: user=0.00 sys=0.00, real=0.00 secs] 
{Heap before GC invocations=92 (full 181):
 par new generation   total 157248K, used 0K [0x00000000e0000000, 0x00000000eaaa0000, 0x00000000eaaa0000)
  eden space 139776K,   0% used [0x00000000e0000000, 0x00000000e0000000, 0x00000000e8880000)
  from space 17472K,   0% used [0x00000000e8880000, 0x00000000e8880000, 0x00000000e9990000)
  to   space 17472K,   0% used [0x00000000e9990000, 0x00000000e9990000, 0x00000000eaaa0000)
 concurrent mark-sweep generation total 349568K, used 205856K [0x00000000eaaa0000, 0x0000000100000000, 0x0000000100000000)
 Metaspace       used 3956K, capacity 4568K, committed 4864K, reserved 1056768K
  class space    used 431K, capacity 460K, committed 512K, reserved 1048576K
2024-07-23T00:25:55.543+0800: 4.201: [GC (Allocation Failure) 2024-07-23T00:25:55.543+0800: 4.201: [ParNew
Desired survivor size 8945664 bytes, new threshold 6 (max 6)
: 0K->0K(157248K), 0.0020315 secs]2024-07-23T00:25:55.545+0800: 4.203: [CMS: 205856K->1056K(349568K), 0.0043275 secs] 205856K->1056K(506816K), [Metaspace: 3956K->3956K(1056768K)], 0.0065286 secs] [Times: user=0.00 sys=0.00, real=0.01 secs] 
Heap after GC invocations=93 (full 182):
 par new generation   total 157248K, used 0K [0x00000000e0000000, 0x00000000eaaa0000, 0x00000000eaaa0000)
  eden space 139776K,   0% used [0x00000000e0000000, 0x00000000e0000000, 0x00000000e8880000)
  from space 17472K,   0% used [0x00000000e9990000, 0x00000000e9990000, 0x00000000eaaa0000)
  to   space 17472K,   0% used [0x00000000e8880000, 0x00000000e8880000, 0x00000000e9990000)
 concurrent mark-sweep generation total 349568K, used 1056K [0x00000000eaaa0000, 0x0000000100000000, 0x0000000100000000)
 Metaspace       used 3956K, capacity 4568K, committed 4864K, reserved 1056768K
  class space    used 431K, capacity 460K, committed 512K, reserved 1048576K
}
2024-07-23T00:25:55.550+0800: 4.207: Total time for which application threads were stopped: 0.0067206 seconds, Stopping threads took: 0.0000385 seconds
2024-07-23T00:25:55.569+0800: 4.226: [GC (CMS Initial Mark) [1 CMS-initial-mark: 205856K(349568K)] 205856K(506816K), 0.0002172 secs] [Times: user=0.00 sys=0.00, real=0.00 secs] 
2024-07-23T00:25:55.570+0800: 4.226: Total time for which application threads were stopped: 0.0191887 seconds, Stopping threads took: 0.0189109 seconds
2024-07-23T00:25:55.570+0800: 4.226: [CMS-concurrent-mark-start]
2024-07-23T00:25:55.571+0800: 4.228: [CMS-concurrent-mark: 0.001/0.001 secs] [Times: user=0.00 sys=0.00, real=0.00 secs] 
2024-07-23T00:25:55.571+0800: 4.228: [CMS-concurrent-preclean-start]
2024-07-23T00:25:55.571+0800: 4.228: [CMS-concurrent-preclean: 0.000/0.000 secs] [Times: user=0.00 sys=0.00, real=0.00 secs] 
2024-07-23T00:25:55.571+0800: 4.228: [GC (CMS Final Remark) [YG occupancy: 0 K (157248 K)]2024-07-23T00:25:55.571+0800: 4.228: [Rescan (parallel) , 0.0002662 secs]2024-07-23T00:25:55.572+0800: 4.228: [weak refs processing, 0.0000070 secs]2024-07-23T00:25:55.572+0800: 4.228: [class unloading, 0.0001979 secs]2024-07-23T00:25:55.572+0800: 4.229: [scrub symbol table, 0.0003260 secs]2024-07-23T00:25:55.572+0800: 4.229: [scrub string table, 0.0000952 secs][1 CMS-remark: 205856K(349568K)] 205856K(506816K), 0.0009233 secs] [Times: user=0.00 sys=0.00, real=0.00 secs] 
2024-07-23T00:25:55.572+0800: 4.229: Total time for which application threads were stopped: 0.0009529 seconds, Stopping threads took: 0.0000088 seconds
2024-07-23T00:25:55.572+0800: 4.229: [CMS-concurrent-sweep-start]
2024-07-23T00:25:55.573+0800: 4.229: [CMS-concurrent-sweep: 0.000/0.000 secs] [Times: user=0.00 sys=0.00, real=0.00 secs] 
2024-07-23T00:25:55.573+0800: 4.229: [CMS-concurrent-reset-start]
2024-07-23T00:25:55.573+0800: 4.230: [CMS-concurrent-reset: 0.000/0.000 secs] [Times: user=0.00 sys=0.00, real=0.00 secs] 
{Heap before GC invocations=93 (full 183):
 par new generation   total 157248K, used 0K [0x00000000e0000000, 0x00000000eaaa0000, 0x00000000eaaa0000)
  eden space 139776K,   0% used [0x00000000e0000000, 0x00000000e0000000, 0x00000000e8880000)
  from space 17472K,   0% used [0x00000000e9990000, 0x00000000e9990000, 0x00000000eaaa0000)
  to   space 17472K,   0% used [0x00000000e8880000, 0x00000000e8880000, 0x00000000e9990000)
 concurrent mark-sweep generation total 349568K, used 205856K [0x00000000eaaa0000, 0x0000000100000000, 0x0000000100000000)
 Metaspace       used 3956K, capacity 4568K, committed 4864K, reserved 1056768K
  class space    used 431K, capacity 460K, committed 512K, reserved 1048576K
2024-07-23T00:25:55.589+0800: 4.246: [GC (Allocation Failure) 2024-07-23T00:25:55.589+0800: 4.247: [ParNew
Desired survivor size 8945664 bytes, new threshold 6 (max 6)
: 0K->0K(157248K), 0.0014482 secs]2024-07-23T00:25:55.590+0800: 4.248: [CMS: 205856K->1056K(349568K), 0.0031635 secs] 205856K->1056K(506816K), [Metaspace: 3956K->3956K(1056768K)], 0.0047409 secs] [Times: user=0.02 sys=0.00, real=0.01 secs] 
Heap after GC invocations=94 (full 184):
 par new generation   total 157248K, used 0K [0x00000000e0000000, 0x00000000eaaa0000, 0x00000000eaaa0000)
  eden space 139776K,   0% used [0x00000000e0000000, 0x00000000e0000000, 0x00000000e8880000)
  from space 17472K,   0% used [0x00000000e8880000, 0x00000000e8880000, 0x00000000e9990000)
  to   space 17472K,   0% used [0x00000000e9990000, 0x00000000e9990000, 0x00000000eaaa0000)
 concurrent mark-sweep generation total 349568K, used 1056K [0x00000000eaaa0000, 0x0000000100000000, 0x0000000100000000)
 Metaspace       used 3956K, capacity 4568K, committed 4864K, reserved 1056768K
  class space    used 431K, capacity 460K, committed 512K, reserved 1048576K
}
2024-07-23T00:25:55.594+0800: 4.251: Total time for which application threads were stopped: 0.0048922 seconds, Stopping threads took: 0.0000251 seconds
2024-07-23T00:25:55.611+0800: 4.268: [GC (CMS Initial Mark) [1 CMS-initial-mark: 205856K(349568K)] 205856K(506816K), 0.0002297 secs] [Times: user=0.00 sys=0.00, real=0.00 secs] 
2024-07-23T00:25:55.611+0800: 4.269: Total time for which application threads were stopped: 0.0174300 seconds, Stopping threads took: 0.0171285 seconds
2024-07-23T00:25:55.611+0800: 4.269: [CMS-concurrent-mark-start]
2024-07-23T00:25:55.613+0800: 4.270: [CMS-concurrent-mark: 0.001/0.001 secs] [Times: user=0.00 sys=0.00, real=0.00 secs] 
2024-07-23T00:25:55.613+0800: 4.270: [CMS-concurrent-preclean-start]
2024-07-23T00:25:55.613+0800: 4.270: [CMS-concurrent-preclean: 0.000/0.000 secs] [Times: user=0.00 sys=0.00, real=0.00 secs] 
2024-07-23T00:25:55.613+0800: 4.270: [GC (CMS Final Remark) [YG occupancy: 0 K (157248 K)]2024-07-23T00:25:55.613+0800: 4.270: [Rescan (parallel) , 0.0002420 secs]2024-07-23T00:25:55.613+0800: 4.271: [weak refs processing, 0.0000079 secs]2024-07-23T00:25:55.613+0800: 4.271: [class unloading, 0.0002065 secs]2024-07-23T00:25:55.613+0800: 4.271: [scrub symbol table, 0.0003175 secs]2024-07-23T00:25:55.614+0800: 4.271: [scrub string table, 0.0000834 secs][1 CMS-remark: 205856K(349568K)] 205856K(506816K), 0.0008945 secs] [Times: user=0.00 sys=0.00, real=0.00 secs] 
2024-07-23T00:25:55.614+0800: 4.271: Total time for which application threads were stopped: 0.0009296 seconds, Stopping threads took: 0.0000092 seconds
2024-07-23T00:25:55.614+0800: 4.271: [CMS-concurrent-sweep-start]
2024-07-23T00:25:55.614+0800: 4.272: [CMS-concurrent-sweep: 0.000/0.000 secs] [Times: user=0.00 sys=0.00, real=0.00 secs] 
2024-07-23T00:25:55.614+0800: 4.272: [CMS-concurrent-reset-start]
2024-07-23T00:25:55.615+0800: 4.272: [CMS-concurrent-reset: 0.000/0.000 secs] [Times: user=0.00 sys=0.00, real=0.00 secs] 
{Heap before GC invocations=94 (full 185):
 par new generation   total 157248K, used 0K [0x00000000e0000000, 0x00000000eaaa0000, 0x00000000eaaa0000)
  eden space 139776K,   0% used [0x00000000e0000000, 0x00000000e0000000, 0x00000000e8880000)
  from space 17472K,   0% used [0x00000000e8880000, 0x00000000e8880000, 0x00000000e9990000)
  to   space 17472K,   0% used [0x00000000e9990000, 0x00000000e9990000, 0x00000000eaaa0000)
 concurrent mark-sweep generation total 349568K, used 205856K [0x00000000eaaa0000, 0x0000000100000000, 0x0000000100000000)
 Metaspace       used 3956K, capacity 4568K, committed 4864K, reserved 1056768K
  class space    used 431K, capacity 460K, committed 512K, reserved 1048576K
2024-07-23T00:25:55.637+0800: 4.294: [GC (Allocation Failure) 2024-07-23T00:25:55.637+0800: 4.294: [ParNew
Desired survivor size 8945664 bytes, new threshold 6 (max 6)
: 0K->0K(157248K), 0.0013809 secs]2024-07-23T00:25:55.638+0800: 4.295: [CMS: 205856K->1056K(349568K), 0.0031920 secs] 205856K->1056K(506816K), [Metaspace: 3956K->3956K(1056768K)], 0.0047236 secs] [Times: user=0.05 sys=0.00, real=0.00 secs] 
Heap after GC invocations=95 (full 186):
 par new generation   total 157248K, used 0K [0x00000000e0000000, 0x00000000eaaa0000, 0x00000000eaaa0000)
  eden space 139776K,   0% used [0x00000000e0000000, 0x00000000e0000000, 0x00000000e8880000)
  from space 17472K,   0% used [0x00000000e9990000, 0x00000000e9990000, 0x00000000eaaa0000)
  to   space 17472K,   0% used [0x00000000e8880000, 0x00000000e8880000, 0x00000000e9990000)
 concurrent mark-sweep generation total 349568K, used 1056K [0x00000000eaaa0000, 0x0000000100000000, 0x0000000100000000)
 Metaspace       used 3956K, capacity 4568K, committed 4864K, reserved 1056768K
  class space    used 431K, capacity 460K, committed 512K, reserved 1048576K
}
2024-07-23T00:25:55.642+0800: 4.298: Total time for which application threads were stopped: 0.0049170 seconds, Stopping threads took: 0.0000271 seconds
2024-07-23T00:25:55.660+0800: 4.317: [GC (CMS Initial Mark) [1 CMS-initial-mark: 205856K(349568K)] 205856K(506816K), 0.0003543 secs] [Times: user=0.00 sys=0.00, real=0.00 secs] 
2024-07-23T00:25:55.661+0800: 4.317: Total time for which application threads were stopped: 0.0188017 seconds, Stopping threads took: 0.0183864 seconds
2024-07-23T00:25:55.661+0800: 4.317: [CMS-concurrent-mark-start]
2024-07-23T00:25:55.662+0800: 4.319: [CMS-concurrent-mark: 0.001/0.001 secs] [Times: user=0.00 sys=0.00, real=0.00 secs] 
2024-07-23T00:25:55.662+0800: 4.319: [CMS-concurrent-preclean-start]
2024-07-23T00:25:55.662+0800: 4.319: [CMS-concurrent-preclean: 0.000/0.000 secs] [Times: user=0.00 sys=0.00, real=0.00 secs] 
2024-07-23T00:25:55.662+0800: 4.319: [GC (CMS Final Remark) [YG occupancy: 0 K (157248 K)]2024-07-23T00:25:55.662+0800: 4.319: [Rescan (parallel) , 0.0002561 secs]2024-07-23T00:25:55.663+0800: 4.319: [weak refs processing, 0.0000086 secs]2024-07-23T00:25:55.663+0800: 4.319: [class unloading, 0.0002099 secs]2024-07-23T00:25:55.663+0800: 4.320: [scrub symbol table, 0.0003113 secs]2024-07-23T00:25:55.663+0800: 4.320: [scrub string table, 0.0000849 secs][1 CMS-remark: 205856K(349568K)] 205856K(506816K), 0.0009102 secs] [Times: user=0.00 sys=0.00, real=0.00 secs] 
2024-07-23T00:25:55.663+0800: 4.320: Total time for which application threads were stopped: 0.0009471 seconds, Stopping threads took: 0.0000111 seconds
2024-07-23T00:25:55.663+0800: 4.320: [CMS-concurrent-sweep-start]
2024-07-23T00:25:55.664+0800: 4.320: [CMS-concurrent-sweep: 0.000/0.000 secs] [Times: user=0.00 sys=0.00, real=0.00 secs] 
2024-07-23T00:25:55.664+0800: 4.320: [CMS-concurrent-reset-start]
2024-07-23T00:25:55.664+0800: 4.321: [CMS-concurrent-reset: 0.000/0.000 secs] [Times: user=0.00 sys=0.00, real=0.00 secs] 
{Heap before GC invocations=95 (full 187):
 par new generation   total 157248K, used 0K [0x00000000e0000000, 0x00000000eaaa0000, 0x00000000eaaa0000)
  eden space 139776K,   0% used [0x00000000e0000000, 0x00000000e0000000, 0x00000000e8880000)
  from space 17472K,   0% used [0x00000000e9990000, 0x00000000e9990000, 0x00000000eaaa0000)
  to   space 17472K,   0% used [0x00000000e8880000, 0x00000000e8880000, 0x00000000e9990000)
 concurrent mark-sweep generation total 349568K, used 205856K [0x00000000eaaa0000, 0x0000000100000000, 0x0000000100000000)
 Metaspace       used 3956K, capacity 4568K, committed 4864K, reserved 1056768K
  class space    used 431K, capacity 460K, committed 512K, reserved 1048576K
2024-07-23T00:25:55.683+0800: 4.341: [GC (Allocation Failure) 2024-07-23T00:25:55.683+0800: 4.341: [ParNew
Desired survivor size 8945664 bytes, new threshold 6 (max 6)
: 0K->0K(157248K), 0.0009067 secs]2024-07-23T00:25:55.684+0800: 4.341: [CMS: 205856K->1056K(349568K), 0.0032287 secs] 205856K->1056K(506816K), [Metaspace: 3956K->3956K(1056768K)], 0.0042743 secs] [Times: user=0.00 sys=0.02, real=0.00 secs] 
Heap after GC invocations=96 (full 188):
 par new generation   total 157248K, used 0K [0x00000000e0000000, 0x00000000eaaa0000, 0x00000000eaaa0000)
  eden space 139776K,   0% used [0x00000000e0000000, 0x00000000e0000000, 0x00000000e8880000)
  from space 17472K,   0% used [0x00000000e8880000, 0x00000000e8880000, 0x00000000e9990000)
  to   space 17472K,   0% used [0x00000000e9990000, 0x00000000e9990000, 0x00000000eaaa0000)
 concurrent mark-sweep generation total 349568K, used 1056K [0x00000000eaaa0000, 0x0000000100000000, 0x0000000100000000)
 Metaspace       used 3956K, capacity 4568K, committed 4864K, reserved 1056768K
  class space    used 431K, capacity 460K, committed 512K, reserved 1048576K
}
2024-07-23T00:25:55.687+0800: 4.345: Total time for which application threads were stopped: 0.0044466 seconds, Stopping threads took: 0.0000230 seconds
2024-07-23T00:25:55.704+0800: 4.362: [GC (CMS Initial Mark) [1 CMS-initial-mark: 205856K(349568K)] 205856K(506816K), 0.0008760 secs] [Times: user=0.00 sys=0.00, real=0.00 secs] 
2024-07-23T00:25:55.705+0800: 4.363: Total time for which application threads were stopped: 0.0179842 seconds, Stopping threads took: 0.0170488 seconds
2024-07-23T00:25:55.705+0800: 4.363: [CMS-concurrent-mark-start]
2024-07-23T00:25:55.707+0800: 4.364: [CMS-concurrent-mark: 0.001/0.001 secs] [Times: user=0.00 sys=0.00, real=0.00 secs] 
2024-07-23T00:25:55.707+0800: 4.364: [CMS-concurrent-preclean-start]
2024-07-23T00:25:55.707+0800: 4.364: [CMS-concurrent-preclean: 0.000/0.000 secs] [Times: user=0.00 sys=0.00, real=0.00 secs] 
2024-07-23T00:25:55.707+0800: 4.364: [GC (CMS Final Remark) [YG occupancy: 0 K (157248 K)]2024-07-23T00:25:55.707+0800: 4.364: [Rescan (parallel) , 0.0007787 secs]2024-07-23T00:25:55.708+0800: 4.365: [weak refs processing, 0.0000064 secs]2024-07-23T00:25:55.708+0800: 4.365: [class unloading, 0.0001876 secs]2024-07-23T00:25:55.708+0800: 4.365: [scrub symbol table, 0.0002904 secs]2024-07-23T00:25:55.708+0800: 4.366: [scrub string table, 0.0000780 secs][1 CMS-remark: 205856K(349568K)] 205856K(506816K), 0.0013717 secs] [Times: user=0.00 sys=0.00, real=0.00 secs] 
2024-07-23T00:25:55.708+0800: 4.366: Total time for which application threads were stopped: 0.0013973 seconds, Stopping threads took: 0.0000076 seconds
2024-07-23T00:25:55.708+0800: 4.366: [CMS-concurrent-sweep-start]
2024-07-23T00:25:55.708+0800: 4.366: [CMS-concurrent-sweep: 0.000/0.000 secs] [Times: user=0.00 sys=0.00, real=0.00 secs] 
2024-07-23T00:25:55.709+0800: 4.366: [CMS-concurrent-reset-start]
2024-07-23T00:25:55.709+0800: 4.366: [CMS-concurrent-reset: 0.000/0.000 secs] [Times: user=0.00 sys=0.00, real=0.00 secs] 
{Heap before GC invocations=96 (full 189):
 par new generation   total 157248K, used 0K [0x00000000e0000000, 0x00000000eaaa0000, 0x00000000eaaa0000)
  eden space 139776K,   0% used [0x00000000e0000000, 0x00000000e0000000, 0x00000000e8880000)
  from space 17472K,   0% used [0x00000000e8880000, 0x00000000e8880000, 0x00000000e9990000)
  to   space 17472K,   0% used [0x00000000e9990000, 0x00000000e9990000, 0x00000000eaaa0000)
 concurrent mark-sweep generation total 349568K, used 205856K [0x00000000eaaa0000, 0x0000000100000000, 0x0000000100000000)
 Metaspace       used 3956K, capacity 4568K, committed 4864K, reserved 1056768K
  class space    used 431K, capacity 460K, committed 512K, reserved 1048576K
2024-07-23T00:25:55.715+0800: 4.372: [GC (Allocation Failure) 2024-07-23T00:25:55.715+0800: 4.372: [ParNew
Desired survivor size 8945664 bytes, new threshold 6 (max 6)
: 0K->0K(157248K), 0.0005038 secs]2024-07-23T00:25:55.715+0800: 4.373: [CMS: 205856K->1056K(349568K), 0.0023032 secs] 205856K->1056K(506816K), [Metaspace: 3956K->3956K(1056768K)], 0.0028679 secs] [Times: user=0.00 sys=0.00, real=0.00 secs] 
Heap after GC invocations=97 (full 190):
 par new generation   total 157248K, used 0K [0x00000000e0000000, 0x00000000eaaa0000, 0x00000000eaaa0000)
  eden space 139776K,   0% used [0x00000000e0000000, 0x00000000e0000000, 0x00000000e8880000)
  from space 17472K,   0% used [0x00000000e9990000, 0x00000000e9990000, 0x00000000eaaa0000)
  to   space 17472K,   0% used [0x00000000e8880000, 0x00000000e8880000, 0x00000000e9990000)
 concurrent mark-sweep generation total 349568K, used 1056K [0x00000000eaaa0000, 0x0000000100000000, 0x0000000100000000)
 Metaspace       used 3956K, capacity 4568K, committed 4864K, reserved 1056768K
  class space    used 431K, capacity 460K, committed 512K, reserved 1048576K
}
2024-07-23T00:25:55.718+0800: 4.375: Total time for which application threads were stopped: 0.0029694 seconds, Stopping threads took: 0.0000139 seconds
2024-07-23T00:25:55.735+0800: 4.392: [GC (CMS Initial Mark) [1 CMS-initial-mark: 205856K(349568K)] 205856K(506816K), 0.0011015 secs] [Times: user=0.00 sys=0.00, real=0.00 secs] 
2024-07-23T00:25:55.736+0800: 4.393: Total time for which application threads were stopped: 0.0176453 seconds, Stopping threads took: 0.0164869 seconds
2024-07-23T00:25:55.736+0800: 4.393: [CMS-concurrent-mark-start]
2024-07-23T00:25:55.738+0800: 4.395: [CMS-concurrent-mark: 0.001/0.001 secs] [Times: user=0.00 sys=0.00, real=0.00 secs] 
2024-07-23T00:25:55.738+0800: 4.395: [CMS-concurrent-preclean-start]
2024-07-23T00:25:55.738+0800: 4.395: [CMS-concurrent-preclean: 0.000/0.000 secs] [Times: user=0.00 sys=0.00, real=0.00 secs] 
2024-07-23T00:25:55.738+0800: 4.395: [GC (CMS Final Remark) [YG occupancy: 0 K (157248 K)]2024-07-23T00:25:55.738+0800: 4.395: [Rescan (parallel) , 0.0007981 secs]2024-07-23T00:25:55.739+0800: 4.396: [weak refs processing, 0.0000067 secs]2024-07-23T00:25:55.739+0800: 4.396: [class unloading, 0.0003536 secs]2024-07-23T00:25:55.739+0800: 4.396: [scrub symbol table, 0.0003968 secs]2024-07-23T00:25:55.739+0800: 4.397: [scrub string table, 0.0000972 secs][1 CMS-remark: 205856K(349568K)] 205856K(506816K), 0.0016897 secs] [Times: user=0.00 sys=0.00, real=0.00 secs] 
2024-07-23T00:25:55.740+0800: 4.397: Total time for which application threads were stopped: 0.0017278 seconds, Stopping threads took: 0.0000057 seconds
2024-07-23T00:25:55.740+0800: 4.397: [CMS-concurrent-sweep-start]
2024-07-23T00:25:55.740+0800: 4.397: [CMS-concurrent-sweep: 0.000/0.000 secs] [Times: user=0.00 sys=0.00, real=0.00 secs] 
2024-07-23T00:25:55.740+0800: 4.397: [CMS-concurrent-reset-start]
2024-07-23T00:25:55.740+0800: 4.397: [CMS-concurrent-reset: 0.000/0.000 secs] [Times: user=0.00 sys=0.00, real=0.00 secs] 
{Heap before GC invocations=97 (full 191):
 par new generation   total 157248K, used 0K [0x00000000e0000000, 0x00000000eaaa0000, 0x00000000eaaa0000)
  eden space 139776K,   0% used [0x00000000e0000000, 0x00000000e0000000, 0x00000000e8880000)
  from space 17472K,   0% used [0x00000000e9990000, 0x00000000e9990000, 0x00000000eaaa0000)
  to   space 17472K,   0% used [0x00000000e8880000, 0x00000000e8880000, 0x00000000e9990000)
 concurrent mark-sweep generation total 349568K, used 205856K [0x00000000eaaa0000, 0x0000000100000000, 0x0000000100000000)
 Metaspace       used 3956K, capacity 4568K, committed 4864K, reserved 1056768K
  class space    used 431K, capacity 460K, committed 512K, reserved 1048576K
2024-07-23T00:25:55.747+0800: 4.404: [GC (Allocation Failure) 2024-07-23T00:25:55.747+0800: 4.404: [ParNew
Desired survivor size 8945664 bytes, new threshold 6 (max 6)
: 0K->0K(157248K), 0.0008982 secs]2024-07-23T00:25:55.748+0800: 4.405: [CMS: 205856K->1056K(349568K), 0.0031435 secs] 205856K->1056K(506816K), [Metaspace: 3956K->3956K(1056768K)], 0.0041745 secs] [Times: user=0.00 sys=0.00, real=0.00 secs] 
Heap after GC invocations=98 (full 192):
 par new generation   total 157248K, used 0K [0x00000000e0000000, 0x00000000eaaa0000, 0x00000000eaaa0000)
  eden space 139776K,   0% used [0x00000000e0000000, 0x00000000e0000000, 0x00000000e8880000)
  from space 17472K,   0% used [0x00000000e8880000, 0x00000000e8880000, 0x00000000e9990000)
  to   space 17472K,   0% used [0x00000000e9990000, 0x00000000e9990000, 0x00000000eaaa0000)
 concurrent mark-sweep generation total 349568K, used 1056K [0x00000000eaaa0000, 0x0000000100000000, 0x0000000100000000)
 Metaspace       used 3956K, capacity 4568K, committed 4864K, reserved 1056768K
  class space    used 431K, capacity 460K, committed 512K, reserved 1048576K
}
2024-07-23T00:25:55.751+0800: 4.408: Total time for which application threads were stopped: 0.0042848 seconds, Stopping threads took: 0.0000132 seconds
2024-07-23T00:25:55.768+0800: 4.425: [GC (CMS Initial Mark) [1 CMS-initial-mark: 205856K(349568K)] 205856K(506816K), 0.0012189 secs] [Times: user=0.00 sys=0.00, real=0.00 secs] 
2024-07-23T00:25:55.769+0800: 4.426: Total time for which application threads were stopped: 0.0179455 seconds, Stopping threads took: 0.0166584 seconds
2024-07-23T00:25:55.769+0800: 4.426: [CMS-concurrent-mark-start]
2024-07-23T00:25:55.771+0800: 4.428: [CMS-concurrent-mark: 0.002/0.002 secs] [Times: user=0.00 sys=0.00, real=0.00 secs] 
2024-07-23T00:25:55.771+0800: 4.428: [CMS-concurrent-preclean-start]
2024-07-23T00:25:55.771+0800: 4.428: [CMS-concurrent-preclean: 0.000/0.000 secs] [Times: user=0.00 sys=0.00, real=0.00 secs] 
2024-07-23T00:25:55.772+0800: 4.429: [GC (CMS Final Remark) [YG occupancy: 0 K (157248 K)]2024-07-23T00:25:55.772+0800: 4.429: [Rescan (parallel) , 0.0012916 secs]2024-07-23T00:25:55.773+0800: 4.430: [weak refs processing, 0.0000090 secs]2024-07-23T00:25:55.773+0800: 4.430: [class unloading, 0.0001948 secs]2024-07-23T00:25:55.773+0800: 4.430: [scrub symbol table, 0.0003165 secs]2024-07-23T00:25:55.774+0800: 4.431: [scrub string table, 0.0000925 secs][1 CMS-remark: 205856K(349568K)] 205856K(506816K), 0.0019539 secs] [Times: user=0.00 sys=0.00, real=0.00 secs] 
2024-07-23T00:25:55.774+0800: 4.431: Total time for which application threads were stopped: 0.0019847 seconds, Stopping threads took: 0.0000093 seconds
2024-07-23T00:25:55.774+0800: 4.431: [CMS-concurrent-sweep-start]
2024-07-23T00:25:55.774+0800: 4.431: [CMS-concurrent-sweep: 0.000/0.000 secs] [Times: user=0.00 sys=0.00, real=0.00 secs] 
2024-07-23T00:25:55.774+0800: 4.431: [CMS-concurrent-reset-start]
2024-07-23T00:25:55.774+0800: 4.431: [CMS-concurrent-reset: 0.000/0.000 secs] [Times: user=0.00 sys=0.00, real=0.00 secs] 
{Heap before GC invocations=98 (full 193):
 par new generation   total 157248K, used 0K [0x00000000e0000000, 0x00000000eaaa0000, 0x00000000eaaa0000)
  eden space 139776K,   0% used [0x00000000e0000000, 0x00000000e0000000, 0x00000000e8880000)
  from space 17472K,   0% used [0x00000000e8880000, 0x00000000e8880000, 0x00000000e9990000)
  to   space 17472K,   0% used [0x00000000e9990000, 0x00000000e9990000, 0x00000000eaaa0000)
 concurrent mark-sweep generation total 349568K, used 205856K [0x00000000eaaa0000, 0x0000000100000000, 0x0000000100000000)
 Metaspace       used 3956K, capacity 4568K, committed 4864K, reserved 1056768K
  class space    used 431K, capacity 460K, committed 512K, reserved 1048576K
2024-07-23T00:25:55.792+0800: 4.449: [GC (Allocation Failure) 2024-07-23T00:25:55.792+0800: 4.449: [ParNew
Desired survivor size 8945664 bytes, new threshold 6 (max 6)
: 0K->0K(157248K), 0.0035039 secs]2024-07-23T00:25:55.795+0800: 4.453: [CMS: 205856K->1056K(349568K), 0.0033926 secs] 205856K->1056K(506816K), [Metaspace: 3956K->3956K(1056768K)], 0.0070830 secs] [Times: user=0.00 sys=0.00, real=0.01 secs] 
Heap after GC invocations=99 (full 194):
 par new generation   total 157248K, used 0K [0x00000000e0000000, 0x00000000eaaa0000, 0x00000000eaaa0000)
  eden space 139776K,   0% used [0x00000000e0000000, 0x00000000e0000000, 0x00000000e8880000)
  from space 17472K,   0% used [0x00000000e9990000, 0x00000000e9990000, 0x00000000eaaa0000)
  to   space 17472K,   0% used [0x00000000e8880000, 0x00000000e8880000, 0x00000000e9990000)
 concurrent mark-sweep generation total 349568K, used 1056K [0x00000000eaaa0000, 0x0000000100000000, 0x0000000100000000)
 Metaspace       used 3956K, capacity 4568K, committed 4864K, reserved 1056768K
  class space    used 431K, capacity 460K, committed 512K, reserved 1048576K
}
2024-07-23T00:25:55.800+0800: 4.456: Total time for which application threads were stopped: 0.0072460 seconds, Stopping threads took: 0.0000184 seconds
2024-07-23T00:25:55.818+0800: 4.475: [GC (CMS Initial Mark) [1 CMS-initial-mark: 205856K(349568K)] 205856K(506816K), 0.0007283 secs] [Times: user=0.00 sys=0.00, real=0.00 secs] 
2024-07-23T00:25:55.818+0800: 4.476: Total time for which application threads were stopped: 0.0192088 seconds, Stopping threads took: 0.0184245 seconds
2024-07-23T00:25:55.818+0800: 4.476: [CMS-concurrent-mark-start]
2024-07-23T00:25:55.820+0800: 4.477: [CMS-concurrent-mark: 0.001/0.001 secs] [Times: user=0.00 sys=0.00, real=0.00 secs] 
2024-07-23T00:25:55.820+0800: 4.477: [CMS-concurrent-preclean-start]
2024-07-23T00:25:55.820+0800: 4.477: [CMS-concurrent-preclean: 0.000/0.000 secs] [Times: user=0.00 sys=0.00, real=0.00 secs] 
2024-07-23T00:25:55.820+0800: 4.477: [GC (CMS Final Remark) [YG occupancy: 0 K (157248 K)]2024-07-23T00:25:55.820+0800: 4.477: [Rescan (parallel) , 0.0003859 secs]2024-07-23T00:25:55.820+0800: 4.478: [weak refs processing, 0.0000069 secs]2024-07-23T00:25:55.820+0800: 4.478: [class unloading, 0.0001956 secs]2024-07-23T00:25:55.820+0800: 4.478: [scrub symbol table, 0.0003188 secs]2024-07-23T00:25:55.821+0800: 4.478: [scrub string table, 0.0000934 secs][1 CMS-remark: 205856K(349568K)] 205856K(506816K), 0.0010379 secs] [Times: user=0.00 sys=0.00, real=0.00 secs] 
2024-07-23T00:25:55.821+0800: 4.478: Total time for which application threads were stopped: 0.0010697 seconds, Stopping threads took: 0.0000090 seconds
2024-07-23T00:25:55.821+0800: 4.479: [CMS-concurrent-sweep-start]
2024-07-23T00:25:55.821+0800: 4.479: [CMS-concurrent-sweep: 0.000/0.000 secs] [Times: user=0.00 sys=0.00, real=0.00 secs] 
2024-07-23T00:25:55.821+0800: 4.479: [CMS-concurrent-reset-start]
2024-07-23T00:25:55.822+0800: 4.479: [CMS-concurrent-reset: 0.000/0.000 secs] [Times: user=0.00 sys=0.00, real=0.00 secs] 
{Heap before GC invocations=99 (full 195):
 par new generation   total 157248K, used 0K [0x00000000e0000000, 0x00000000eaaa0000, 0x00000000eaaa0000)
  eden space 139776K,   0% used [0x00000000e0000000, 0x00000000e0000000, 0x00000000e8880000)
  from space 17472K,   0% used [0x00000000e9990000, 0x00000000e9990000, 0x00000000eaaa0000)
  to   space 17472K,   0% used [0x00000000e8880000, 0x00000000e8880000, 0x00000000e9990000)
 concurrent mark-sweep generation total 349568K, used 205856K [0x00000000eaaa0000, 0x0000000100000000, 0x0000000100000000)
 Metaspace       used 3956K, capacity 4568K, committed 4864K, reserved 1056768K
  class space    used 431K, capacity 460K, committed 512K, reserved 1048576K
2024-07-23T00:25:55.839+0800: 4.496: [GC (Allocation Failure) 2024-07-23T00:25:55.839+0800: 4.496: [ParNew
Desired survivor size 8945664 bytes, new threshold 6 (max 6)
: 0K->0K(157248K), 0.0007325 secs]2024-07-23T00:25:55.840+0800: 4.497: [CMS: 205856K->1056K(349568K), 0.0031008 secs] 205856K->1056K(506816K), [Metaspace: 3956K->3956K(1056768K)], 0.0039350 secs] [Times: user=0.00 sys=0.00, real=0.00 secs] 
Heap after GC invocations=100 (full 196):
 par new generation   total 157248K, used 0K [0x00000000e0000000, 0x00000000eaaa0000, 0x00000000eaaa0000)
  eden space 139776K,   0% used [0x00000000e0000000, 0x00000000e0000000, 0x00000000e8880000)
  from space 17472K,   0% used [0x00000000e8880000, 0x00000000e8880000, 0x00000000e9990000)
  to   space 17472K,   0% used [0x00000000e9990000, 0x00000000e9990000, 0x00000000eaaa0000)
 concurrent mark-sweep generation total 349568K, used 1056K [0x00000000eaaa0000, 0x0000000100000000, 0x0000000100000000)
 Metaspace       used 3956K, capacity 4568K, committed 4864K, reserved 1056768K
  class space    used 431K, capacity 460K, committed 512K, reserved 1048576K
}
2024-07-23T00:25:55.843+0800: 4.500: Total time for which application threads were stopped: 0.0040813 seconds, Stopping threads took: 0.0000272 seconds
2024-07-23T00:25:55.861+0800: 4.518: [GC (CMS Initial Mark) [1 CMS-initial-mark: 205856K(349568K)] 205856K(506816K), 0.0004486 secs] [Times: user=0.00 sys=0.00, real=0.00 secs] 
2024-07-23T00:25:55.862+0800: 4.518: Total time for which application threads were stopped: 0.0179373 seconds, Stopping threads took: 0.0174239 seconds
2024-07-23T00:25:55.862+0800: 4.519: [CMS-concurrent-mark-start]
2024-07-23T00:25:55.863+0800: 4.520: [CMS-concurrent-mark: 0.001/0.001 secs] [Times: user=0.00 sys=0.00, real=0.00 secs] 
2024-07-23T00:25:55.863+0800: 4.520: [CMS-concurrent-preclean-start]
2024-07-23T00:25:55.863+0800: 4.520: [CMS-concurrent-preclean: 0.000/0.000 secs] [Times: user=0.00 sys=0.00, real=0.00 secs] 
2024-07-23T00:25:55.864+0800: 4.520: [GC (CMS Final Remark) [YG occupancy: 0 K (157248 K)]2024-07-23T00:25:55.864+0800: 4.520: [Rescan (parallel) , 0.0003823 secs]2024-07-23T00:25:55.864+0800: 4.521: [weak refs processing, 0.0000087 secs]2024-07-23T00:25:55.864+0800: 4.521: [class unloading, 0.0002056 secs]2024-07-23T00:25:55.864+0800: 4.521: [scrub symbol table, 0.0003277 secs]2024-07-23T00:25:55.865+0800: 4.521: [scrub string table, 0.0000969 secs][1 CMS-remark: 205856K(349568K)] 205856K(506816K), 0.0010627 secs] [Times: user=0.00 sys=0.00, real=0.00 secs] 
2024-07-23T00:25:55.865+0800: 4.521: Total time for which application threads were stopped: 0.0010928 seconds, Stopping threads took: 0.0000092 seconds
2024-07-23T00:25:55.865+0800: 4.521: [CMS-concurrent-sweep-start]
2024-07-23T00:25:55.865+0800: 4.522: [CMS-concurrent-sweep: 0.000/0.000 secs] [Times: user=0.00 sys=0.00, real=0.00 secs] 
2024-07-23T00:25:55.865+0800: 4.522: [CMS-concurrent-reset-start]
2024-07-23T00:25:55.865+0800: 4.522: [CMS-concurrent-reset: 0.000/0.000 secs] [Times: user=0.00 sys=0.00, real=0.00 secs] 
{Heap before GC invocations=100 (full 197):
 par new generation   total 157248K, used 0K [0x00000000e0000000, 0x00000000eaaa0000, 0x00000000eaaa0000)
  eden space 139776K,   0% used [0x00000000e0000000, 0x00000000e0000000, 0x00000000e8880000)
  from space 17472K,   0% used [0x00000000e8880000, 0x00000000e8880000, 0x00000000e9990000)
  to   space 17472K,   0% used [0x00000000e9990000, 0x00000000e9990000, 0x00000000eaaa0000)
 concurrent mark-sweep generation total 349568K, used 205856K [0x00000000eaaa0000, 0x0000000100000000, 0x0000000100000000)
 Metaspace       used 3956K, capacity 4568K, committed 4864K, reserved 1056768K
  class space    used 431K, capacity 460K, committed 512K, reserved 1048576K
2024-07-23T00:25:55.885+0800: 4.542: [GC (Allocation Failure) 2024-07-23T00:25:55.885+0800: 4.542: [ParNew
Desired survivor size 8945664 bytes, new threshold 6 (max 6)
: 0K->0K(157248K), 0.0009618 secs]2024-07-23T00:25:55.885+0800: 4.543: [CMS: 205856K->1056K(349568K), 0.0037118 secs] 205856K->1056K(506816K), [Metaspace: 3956K->3956K(1056768K)], 0.0048348 secs] [Times: user=0.00 sys=0.00, real=0.01 secs] 
Heap after GC invocations=101 (full 198):
 par new generation   total 157248K, used 0K [0x00000000e0000000, 0x00000000eaaa0000, 0x00000000eaaa0000)
  eden space 139776K,   0% used [0x00000000e0000000, 0x00000000e0000000, 0x00000000e8880000)
  from space 17472K,   0% used [0x00000000e9990000, 0x00000000e9990000, 0x00000000eaaa0000)
  to   space 17472K,   0% used [0x00000000e8880000, 0x00000000e8880000, 0x00000000e9990000)
 concurrent mark-sweep generation total 349568K, used 1056K [0x00000000eaaa0000, 0x0000000100000000, 0x0000000100000000)
 Metaspace       used 3956K, capacity 4568K, committed 4864K, reserved 1056768K
  class space    used 431K, capacity 460K, committed 512K, reserved 1048576K
}
2024-07-23T00:25:55.890+0800: 4.547: Total time for which application threads were stopped: 0.0050036 seconds, Stopping threads took: 0.0000256 seconds
2024-07-23T00:25:55.907+0800: 4.564: [GC (CMS Initial Mark) [1 CMS-initial-mark: 205856K(349568K)] 205856K(506816K), 0.0002383 secs] [Times: user=0.00 sys=0.00, real=0.00 secs] 
2024-07-23T00:25:55.907+0800: 4.564: Total time for which application threads were stopped: 0.0169988 seconds, Stopping threads took: 0.0166911 seconds
2024-07-23T00:25:55.907+0800: 4.564: [CMS-concurrent-mark-start]
2024-07-23T00:25:55.909+0800: 4.565: [CMS-concurrent-mark: 0.001/0.001 secs] [Times: user=0.00 sys=0.00, real=0.00 secs] 
2024-07-23T00:25:55.909+0800: 4.565: [CMS-concurrent-preclean-start]
2024-07-23T00:25:55.909+0800: 4.566: [CMS-concurrent-preclean: 0.000/0.000 secs] [Times: user=0.00 sys=0.00, real=0.00 secs] 
2024-07-23T00:25:55.909+0800: 4.566: [GC (CMS Final Remark) [YG occupancy: 0 K (157248 K)]2024-07-23T00:25:55.909+0800: 4.566: [Rescan (parallel) , 0.0003281 secs]2024-07-23T00:25:55.909+0800: 4.566: [weak refs processing, 0.0000069 secs]2024-07-23T00:25:55.909+0800: 4.566: [class unloading, 0.0001881 secs]2024-07-23T00:25:55.909+0800: 4.566: [scrub symbol table, 0.0003031 secs]2024-07-23T00:25:55.910+0800: 4.566: [scrub string table, 0.0000819 secs][1 CMS-remark: 205856K(349568K)] 205856K(506816K), 0.0009420 secs] [Times: user=0.00 sys=0.00, real=0.00 secs] 
2024-07-23T00:25:55.910+0800: 4.567: Total time for which application threads were stopped: 0.0009753 seconds, Stopping threads took: 0.0000088 seconds
2024-07-23T00:25:55.910+0800: 4.567: [CMS-concurrent-sweep-start]
2024-07-23T00:25:55.910+0800: 4.567: [CMS-concurrent-sweep: 0.000/0.000 secs] [Times: user=0.00 sys=0.00, real=0.00 secs] 
2024-07-23T00:25:55.910+0800: 4.567: [CMS-concurrent-reset-start]
2024-07-23T00:25:55.910+0800: 4.567: [CMS-concurrent-reset: 0.000/0.000 secs] [Times: user=0.00 sys=0.00, real=0.00 secs] 
{Heap before GC invocations=101 (full 199):
 par new generation   total 157248K, used 0K [0x00000000e0000000, 0x00000000eaaa0000, 0x00000000eaaa0000)
  eden space 139776K,   0% used [0x00000000e0000000, 0x00000000e0000000, 0x00000000e8880000)
  from space 17472K,   0% used [0x00000000e9990000, 0x00000000e9990000, 0x00000000eaaa0000)
  to   space 17472K,   0% used [0x00000000e8880000, 0x00000000e8880000, 0x00000000e9990000)
 concurrent mark-sweep generation total 349568K, used 205856K [0x00000000eaaa0000, 0x0000000100000000, 0x0000000100000000)
 Metaspace       used 3956K, capacity 4568K, committed 4864K, reserved 1056768K
  class space    used 431K, capacity 460K, committed 512K, reserved 1048576K
2024-07-23T00:25:55.917+0800: 4.574: [GC (Allocation Failure) 2024-07-23T00:25:55.917+0800: 4.574: [ParNew
Desired survivor size 8945664 bytes, new threshold 6 (max 6)
: 0K->0K(157248K), 0.0007360 secs]2024-07-23T00:25:55.917+0800: 4.574: [CMS: 205856K->1056K(349568K), 0.0025651 secs] 205856K->1056K(506816K), [Metaspace: 3956K->3956K(1056768K)], 0.0033801 secs] [Times: user=0.00 sys=0.00, real=0.00 secs] 
Heap after GC invocations=102 (full 200):
 par new generation   total 157248K, used 0K [0x00000000e0000000, 0x00000000eaaa0000, 0x00000000eaaa0000)
  eden space 139776K,   0% used [0x00000000e0000000, 0x00000000e0000000, 0x00000000e8880000)
  from space 17472K,   0% used [0x00000000e8880000, 0x00000000e8880000, 0x00000000e9990000)
  to   space 17472K,   0% used [0x00000000e9990000, 0x00000000e9990000, 0x00000000eaaa0000)
 concurrent mark-sweep generation total 349568K, used 1056K [0x00000000eaaa0000, 0x0000000100000000, 0x0000000100000000)
 Metaspace       used 3956K, capacity 4568K, committed 4864K, reserved 1056768K
  class space    used 431K, capacity 460K, committed 512K, reserved 1048576K
}
2024-07-23T00:25:55.920+0800: 4.577: Total time for which application threads were stopped: 0.0034895 seconds, Stopping threads took: 0.0000147 seconds
2024-07-23T00:25:55.937+0800: 4.594: [GC (CMS Initial Mark) [1 CMS-initial-mark: 205856K(349568K)] 205856K(506816K), 0.0011665 secs] [Times: user=0.00 sys=0.00, real=0.00 secs] 
2024-07-23T00:25:55.938+0800: 4.595: Total time for which application threads were stopped: 0.0176375 seconds, Stopping threads took: 0.0164081 seconds
2024-07-23T00:25:55.938+0800: 4.595: [CMS-concurrent-mark-start]
2024-07-23T00:25:55.939+0800: 4.596: [CMS-concurrent-mark: 0.002/0.002 secs] [Times: user=0.00 sys=0.00, real=0.00 secs] 
2024-07-23T00:25:55.939+0800: 4.596: [CMS-concurrent-preclean-start]
2024-07-23T00:25:55.940+0800: 4.596: [CMS-concurrent-preclean: 0.000/0.000 secs] [Times: user=0.00 sys=0.00, real=0.00 secs] 
2024-07-23T00:25:55.940+0800: 4.597: [GC (CMS Final Remark) [YG occupancy: 0 K (157248 K)]2024-07-23T00:25:55.940+0800: 4.597: [Rescan (parallel) , 0.0004310 secs]2024-07-23T00:25:55.940+0800: 4.597: [weak refs processing, 0.0000084 secs]2024-07-23T00:25:55.940+0800: 4.597: [class unloading, 0.0002140 secs]2024-07-23T00:25:55.940+0800: 4.597: [scrub symbol table, 0.0003669 secs]2024-07-23T00:25:55.941+0800: 4.598: [scrub string table, 0.0000942 secs][1 CMS-remark: 205856K(349568K)] 205856K(506816K), 0.0011542 secs] [Times: user=0.00 sys=0.00, real=0.00 secs] 
2024-07-23T00:25:55.941+0800: 4.598: Total time for which application threads were stopped: 0.0012034 seconds, Stopping threads took: 0.0000095 seconds
2024-07-23T00:25:55.941+0800: 4.598: [CMS-concurrent-sweep-start]
2024-07-23T00:25:55.941+0800: 4.598: [CMS-concurrent-sweep: 0.000/0.000 secs] [Times: user=0.00 sys=0.00, real=0.00 secs] 
2024-07-23T00:25:55.941+0800: 4.598: [CMS-concurrent-reset-start]
2024-07-23T00:25:55.942+0800: 4.598: [CMS-concurrent-reset: 0.000/0.000 secs] [Times: user=0.00 sys=0.00, real=0.00 secs] 
{Heap before GC invocations=102 (full 201):
 par new generation   total 157248K, used 0K [0x00000000e0000000, 0x00000000eaaa0000, 0x00000000eaaa0000)
  eden space 139776K,   0% used [0x00000000e0000000, 0x00000000e0000000, 0x00000000e8880000)
  from space 17472K,   0% used [0x00000000e8880000, 0x00000000e8880000, 0x00000000e9990000)
  to   space 17472K,   0% used [0x00000000e9990000, 0x00000000e9990000, 0x00000000eaaa0000)
 concurrent mark-sweep generation total 349568K, used 205856K [0x00000000eaaa0000, 0x0000000100000000, 0x0000000100000000)
 Metaspace       used 3956K, capacity 4568K, committed 4864K, reserved 1056768K
  class space    used 431K, capacity 460K, committed 512K, reserved 1048576K
2024-07-23T00:25:55.963+0800: 4.620: [GC (Allocation Failure) 2024-07-23T00:25:55.963+0800: 4.620: [ParNew
Desired survivor size 8945664 bytes, new threshold 6 (max 6)
: 0K->0K(157248K), 0.0023566 secs]2024-07-23T00:25:55.965+0800: 4.622: [CMS: 205856K->1056K(349568K), 0.0045744 secs] 205856K->1056K(506816K), [Metaspace: 3956K->3956K(1056768K)], 0.0070889 secs] [Times: user=0.00 sys=0.00, real=0.01 secs] 
Heap after GC invocations=103 (full 202):
 par new generation   total 157248K, used 0K [0x00000000e0000000, 0x00000000eaaa0000, 0x00000000eaaa0000)
  eden space 139776K,   0% used [0x00000000e0000000, 0x00000000e0000000, 0x00000000e8880000)
  from space 17472K,   0% used [0x00000000e9990000, 0x00000000e9990000, 0x00000000eaaa0000)
  to   space 17472K,   0% used [0x00000000e8880000, 0x00000000e8880000, 0x00000000e9990000)
 concurrent mark-sweep generation total 349568K, used 1056K [0x00000000eaaa0000, 0x0000000100000000, 0x0000000100000000)
 Metaspace       used 3956K, capacity 4568K, committed 4864K, reserved 1056768K
  class space    used 431K, capacity 460K, committed 512K, reserved 1048576K
}
2024-07-23T00:25:55.970+0800: 4.627: Total time for which application threads were stopped: 0.0073183 seconds, Stopping threads took: 0.0000285 seconds
2024-07-23T00:25:55.988+0800: 4.645: [GC (CMS Initial Mark) [1 CMS-initial-mark: 205856K(349568K)] 205856K(506816K), 0.0010976 secs] [Times: user=0.00 sys=0.00, real=0.00 secs] 
2024-07-23T00:25:55.989+0800: 4.646: Total time for which application threads were stopped: 0.0185279 seconds, Stopping threads took: 0.0173777 seconds
2024-07-23T00:25:55.989+0800: 4.646: [CMS-concurrent-mark-start]
2024-07-23T00:25:55.990+0800: 4.647: [CMS-concurrent-mark: 0.001/0.001 secs] [Times: user=0.00 sys=0.00, real=0.00 secs] 
2024-07-23T00:25:55.990+0800: 4.647: [CMS-concurrent-preclean-start]
2024-07-23T00:25:55.990+0800: 4.647: [CMS-concurrent-preclean: 0.000/0.000 secs] [Times: user=0.00 sys=0.00, real=0.00 secs] 
2024-07-23T00:25:55.991+0800: 4.648: [GC (CMS Final Remark) [YG occupancy: 0 K (157248 K)]2024-07-23T00:25:55.991+0800: 4.648: [Rescan (parallel) , 0.0010453 secs]2024-07-23T00:25:55.992+0800: 4.649: [weak refs processing, 0.0000083 secs]2024-07-23T00:25:55.992+0800: 4.649: [class unloading, 0.0001916 secs]2024-07-23T00:25:55.992+0800: 4.649: [scrub symbol table, 0.0003219 secs]2024-07-23T00:25:55.992+0800: 4.649: [scrub string table, 0.0001842 secs][1 CMS-remark: 205856K(349568K)] 205856K(506816K), 0.0017971 secs] [Times: user=0.00 sys=0.00, real=0.00 secs] 
2024-07-23T00:25:55.992+0800: 4.649: Total time for which application threads were stopped: 0.0018532 seconds, Stopping threads took: 0.0000104 seconds
2024-07-23T00:25:55.993+0800: 4.650: [CMS-concurrent-sweep-start]
2024-07-23T00:25:55.993+0800: 4.650: [CMS-concurrent-sweep: 0.000/0.000 secs] [Times: user=0.00 sys=0.00, real=0.00 secs] 
2024-07-23T00:25:55.993+0800: 4.650: [CMS-concurrent-reset-start]
2024-07-23T00:25:55.993+0800: 4.650: [CMS-concurrent-reset: 0.000/0.000 secs] [Times: user=0.00 sys=0.00, real=0.00 secs] 
{Heap before GC invocations=103 (full 203):
 par new generation   total 157248K, used 0K [0x00000000e0000000, 0x00000000eaaa0000, 0x00000000eaaa0000)
  eden space 139776K,   0% used [0x00000000e0000000, 0x00000000e0000000, 0x00000000e8880000)
  from space 17472K,   0% used [0x00000000e9990000, 0x00000000e9990000, 0x00000000eaaa0000)
  to   space 17472K,   0% used [0x00000000e8880000, 0x00000000e8880000, 0x00000000e9990000)
 concurrent mark-sweep generation total 349568K, used 205856K [0x00000000eaaa0000, 0x0000000100000000, 0x0000000100000000)
 Metaspace       used 3956K, capacity 4568K, committed 4864K, reserved 1056768K
  class space    used 431K, capacity 460K, committed 512K, reserved 1048576K
2024-07-23T00:25:56.009+0800: 4.666: [GC (Allocation Failure) 2024-07-23T00:25:56.009+0800: 4.666: [ParNew
Desired survivor size 8945664 bytes, new threshold 6 (max 6)
: 0K->0K(157248K), 0.0008836 secs]2024-07-23T00:25:56.010+0800: 4.667: [CMS: 205856K->1056K(349568K), 0.0030672 secs] 205856K->1056K(506816K), [Metaspace: 3956K->3956K(1056768K)], 0.0040623 secs] [Times: user=0.00 sys=0.00, real=0.00 secs] 
Heap after GC invocations=104 (full 204):
 par new generation   total 157248K, used 0K [0x00000000e0000000, 0x00000000eaaa0000, 0x00000000eaaa0000)
  eden space 139776K,   0% used [0x00000000e0000000, 0x00000000e0000000, 0x00000000e8880000)
  from space 17472K,   0% used [0x00000000e8880000, 0x00000000e8880000, 0x00000000e9990000)
  to   space 17472K,   0% used [0x00000000e9990000, 0x00000000e9990000, 0x00000000eaaa0000)
 concurrent mark-sweep generation total 349568K, used 1056K [0x00000000eaaa0000, 0x0000000100000000, 0x0000000100000000)
 Metaspace       used 3956K, capacity 4568K, committed 4864K, reserved 1056768K
  class space    used 431K, capacity 460K, committed 512K, reserved 1048576K
}
2024-07-23T00:25:56.013+0800: 4.670: Total time for which application threads were stopped: 0.0042349 seconds, Stopping threads took: 0.0000384 seconds
2024-07-23T00:25:56.031+0800: 4.689: [GC (CMS Initial Mark) [1 CMS-initial-mark: 205856K(349568K)] 205856K(506816K), 0.0002043 secs] [Times: user=0.00 sys=0.00, real=0.00 secs] 
2024-07-23T00:25:56.031+0800: 4.689: Total time for which application threads were stopped: 0.0183974 seconds, Stopping threads took: 0.0181435 seconds
2024-07-23T00:25:56.031+0800: 4.689: [CMS-concurrent-mark-start]
2024-07-23T00:25:56.033+0800: 4.690: [CMS-concurrent-mark: 0.001/0.001 secs] [Times: user=0.00 sys=0.00, real=0.00 secs] 
2024-07-23T00:25:56.033+0800: 4.690: [CMS-concurrent-preclean-start]
2024-07-23T00:25:56.033+0800: 4.691: [CMS-concurrent-preclean: 0.000/0.000 secs] [Times: user=0.00 sys=0.00, real=0.00 secs] 
2024-07-23T00:25:56.033+0800: 4.691: [GC (CMS Final Remark) [YG occupancy: 0 K (157248 K)]2024-07-23T00:25:56.033+0800: 4.691: [Rescan (parallel) , 0.0001687 secs]2024-07-23T00:25:56.033+0800: 4.691: [weak refs processing, 0.0000075 secs]2024-07-23T00:25:56.033+0800: 4.691: [class unloading, 0.0002148 secs]2024-07-23T00:25:56.033+0800: 4.691: [scrub symbol table, 0.0002968 secs]2024-07-23T00:25:56.034+0800: 4.691: [scrub string table, 0.0000821 secs][1 CMS-remark: 205856K(349568K)] 205856K(506816K), 0.0008102 secs] [Times: user=0.00 sys=0.00, real=0.00 secs] 
2024-07-23T00:25:56.034+0800: 4.691: Total time for which application threads were stopped: 0.0008433 seconds, Stopping threads took: 0.0000093 seconds
2024-07-23T00:25:56.034+0800: 4.692: [CMS-concurrent-sweep-start]
2024-07-23T00:25:56.034+0800: 4.692: [CMS-concurrent-sweep: 0.000/0.000 secs] [Times: user=0.00 sys=0.00, real=0.00 secs] 
2024-07-23T00:25:56.034+0800: 4.692: [CMS-concurrent-reset-start]
2024-07-23T00:25:56.035+0800: 4.692: [CMS-concurrent-reset: 0.000/0.000 secs] [Times: user=0.00 sys=0.00, real=0.00 secs] 
{Heap before GC invocations=104 (full 205):
 par new generation   total 157248K, used 0K [0x00000000e0000000, 0x00000000eaaa0000, 0x00000000eaaa0000)
  eden space 139776K,   0% used [0x00000000e0000000, 0x00000000e0000000, 0x00000000e8880000)
  from space 17472K,   0% used [0x00000000e8880000, 0x00000000e8880000, 0x00000000e9990000)
  to   space 17472K,   0% used [0x00000000e9990000, 0x00000000e9990000, 0x00000000eaaa0000)
 concurrent mark-sweep generation total 349568K, used 205856K [0x00000000eaaa0000, 0x0000000100000000, 0x0000000100000000)
 Metaspace       used 3956K, capacity 4568K, committed 4864K, reserved 1056768K
  class space    used 431K, capacity 460K, committed 512K, reserved 1048576K
2024-07-23T00:25:56.057+0800: 4.714: [GC (Allocation Failure) 2024-07-23T00:25:56.057+0800: 4.714: [ParNew
Desired survivor size 8945664 bytes, new threshold 6 (max 6)
: 0K->0K(157248K), 0.0007801 secs]2024-07-23T00:25:56.058+0800: 4.715: [CMS: 205856K->1056K(349568K), 0.0042358 secs] 205856K->1056K(506816K), [Metaspace: 3956K->3956K(1056768K)], 0.0052169 secs] [Times: user=0.00 sys=0.00, real=0.01 secs] 
Heap after GC invocations=105 (full 206):
 par new generation   total 157248K, used 0K [0x00000000e0000000, 0x00000000eaaa0000, 0x00000000eaaa0000)
  eden space 139776K,   0% used [0x00000000e0000000, 0x00000000e0000000, 0x00000000e8880000)
  from space 17472K,   0% used [0x00000000e9990000, 0x00000000e9990000, 0x00000000eaaa0000)
  to   space 17472K,   0% used [0x00000000e8880000, 0x00000000e8880000, 0x00000000e9990000)
 concurrent mark-sweep generation total 349568K, used 1056K [0x00000000eaaa0000, 0x0000000100000000, 0x0000000100000000)
 Metaspace       used 3956K, capacity 4568K, committed 4864K, reserved 1056768K
  class space    used 431K, capacity 460K, committed 512K, reserved 1048576K
}
2024-07-23T00:25:56.062+0800: 4.719: Total time for which application threads were stopped: 0.0053848 seconds, Stopping threads took: 0.0000214 seconds
2024-07-23T00:25:56.083+0800: 4.740: [GC (CMS Initial Mark) [1 CMS-initial-mark: 205856K(349568K)] 205856K(506816K), 0.0001673 secs] [Times: user=0.00 sys=0.00, real=0.00 secs] 
2024-07-23T00:25:56.083+0800: 4.740: Total time for which application threads were stopped: 0.0207639 seconds, Stopping threads took: 0.0205413 seconds
2024-07-23T00:25:56.083+0800: 4.740: [CMS-concurrent-mark-start]
2024-07-23T00:25:56.085+0800: 4.741: [CMS-concurrent-mark: 0.001/0.001 secs] [Times: user=0.00 sys=0.00, real=0.00 secs] 
2024-07-23T00:25:56.085+0800: 4.742: [CMS-concurrent-preclean-start]
2024-07-23T00:25:56.085+0800: 4.742: [CMS-concurrent-preclean: 0.000/0.000 secs] [Times: user=0.00 sys=0.00, real=0.00 secs] 
2024-07-23T00:25:56.085+0800: 4.742: [GC (CMS Final Remark) [YG occupancy: 0 K (157248 K)]2024-07-23T00:25:56.085+0800: 4.742: [Rescan (parallel) , 0.0002286 secs]2024-07-23T00:25:56.085+0800: 4.742: [weak refs processing, 0.0000065 secs]2024-07-23T00:25:56.085+0800: 4.742: [class unloading, 0.0001919 secs]2024-07-23T00:25:56.086+0800: 4.742: [scrub symbol table, 0.0003621 secs]2024-07-23T00:25:56.086+0800: 4.743: [scrub string table, 0.0002643 secs][1 CMS-remark: 205856K(349568K)] 205856K(506816K), 0.0010916 secs] [Times: user=0.00 sys=0.00, real=0.00 secs] 
2024-07-23T00:25:56.086+0800: 4.743: Total time for which application threads were stopped: 0.0011220 seconds, Stopping threads took: 0.0000102 seconds
2024-07-23T00:25:56.086+0800: 4.743: [CMS-concurrent-sweep-start]
2024-07-23T00:25:56.086+0800: 4.743: [CMS-concurrent-sweep: 0.000/0.000 secs] [Times: user=0.00 sys=0.00, real=0.00 secs] 
2024-07-23T00:25:56.086+0800: 4.743: [CMS-concurrent-reset-start]
2024-07-23T00:25:56.087+0800: 4.743: [CMS-concurrent-reset: 0.000/0.000 secs] [Times: user=0.00 sys=0.00, real=0.00 secs] 
{Heap before GC invocations=105 (full 207):
 par new generation   total 157248K, used 0K [0x00000000e0000000, 0x00000000eaaa0000, 0x00000000eaaa0000)
  eden space 139776K,   0% used [0x00000000e0000000, 0x00000000e0000000, 0x00000000e8880000)
  from space 17472K,   0% used [0x00000000e9990000, 0x00000000e9990000, 0x00000000eaaa0000)
  to   space 17472K,   0% used [0x00000000e8880000, 0x00000000e8880000, 0x00000000e9990000)
 concurrent mark-sweep generation total 349568K, used 205856K [0x00000000eaaa0000, 0x0000000100000000, 0x0000000100000000)
 Metaspace       used 3956K, capacity 4568K, committed 4864K, reserved 1056768K
  class space    used 431K, capacity 460K, committed 512K, reserved 1048576K
2024-07-23T00:25:56.105+0800: 4.762: [GC (Allocation Failure) 2024-07-23T00:25:56.105+0800: 4.762: [ParNew
Desired survivor size 8945664 bytes, new threshold 6 (max 6)
: 0K->0K(157248K), 0.0012406 secs]2024-07-23T00:25:56.106+0800: 4.763: [CMS: 205856K->1056K(349568K), 0.0031017 secs] 205856K->1056K(506816K), [Metaspace: 3956K->3956K(1056768K)], 0.0044998 secs] [Times: user=0.00 sys=0.00, real=0.00 secs] 
Heap after GC invocations=106 (full 208):
 par new generation   total 157248K, used 0K [0x00000000e0000000, 0x00000000eaaa0000, 0x00000000eaaa0000)
  eden space 139776K,   0% used [0x00000000e0000000, 0x00000000e0000000, 0x00000000e8880000)
  from space 17472K,   0% used [0x00000000e8880000, 0x00000000e8880000, 0x00000000e9990000)
  to   space 17472K,   0% used [0x00000000e9990000, 0x00000000e9990000, 0x00000000eaaa0000)
 concurrent mark-sweep generation total 349568K, used 1056K [0x00000000eaaa0000, 0x0000000100000000, 0x0000000100000000)
 Metaspace       used 3956K, capacity 4568K, committed 4864K, reserved 1056768K
  class space    used 431K, capacity 460K, committed 512K, reserved 1048576K
}
2024-07-23T00:25:56.109+0800: 4.766: Total time for which application threads were stopped: 0.0046481 seconds, Stopping threads took: 0.0000317 seconds
2024-07-23T00:25:56.128+0800: 4.785: [GC (CMS Initial Mark) [1 CMS-initial-mark: 205856K(349568K)] 205856K(506816K), 0.0008339 secs] [Times: user=0.00 sys=0.00, real=0.00 secs] 
2024-07-23T00:25:56.128+0800: 4.786: Total time for which application threads were stopped: 0.0196821 seconds, Stopping threads took: 0.0187657 seconds
2024-07-23T00:25:56.129+0800: 4.786: [CMS-concurrent-mark-start]
2024-07-23T00:25:56.130+0800: 4.787: [CMS-concurrent-mark: 0.002/0.002 secs] [Times: user=0.00 sys=0.00, real=0.00 secs] 
2024-07-23T00:25:56.130+0800: 4.788: [CMS-concurrent-preclean-start]
2024-07-23T00:25:56.130+0800: 4.788: [CMS-concurrent-preclean: 0.000/0.000 secs] [Times: user=0.00 sys=0.00, real=0.00 secs] 
2024-07-23T00:25:56.130+0800: 4.788: [GC (CMS Final Remark) [YG occupancy: 0 K (157248 K)]2024-07-23T00:25:56.130+0800: 4.788: [Rescan (parallel) , 0.0005298 secs]2024-07-23T00:25:56.131+0800: 4.788: [weak refs processing, 0.0000067 secs]2024-07-23T00:25:56.131+0800: 4.788: [class unloading, 0.0001844 secs]2024-07-23T00:25:56.131+0800: 4.789: [scrub symbol table, 0.0002990 secs]2024-07-23T00:25:56.131+0800: 4.789: [scrub string table, 0.0000817 secs][1 CMS-remark: 205856K(349568K)] 205856K(506816K), 0.0011320 secs] [Times: user=0.00 sys=0.00, real=0.00 secs] 
2024-07-23T00:25:56.131+0800: 4.789: Total time for which application threads were stopped: 0.0011614 seconds, Stopping threads took: 0.0000082 seconds
2024-07-23T00:25:56.132+0800: 4.789: [CMS-concurrent-sweep-start]
2024-07-23T00:25:56.132+0800: 4.789: [CMS-concurrent-sweep: 0.000/0.000 secs] [Times: user=0.00 sys=0.00, real=0.00 secs] 
2024-07-23T00:25:56.132+0800: 4.789: [CMS-concurrent-reset-start]
2024-07-23T00:25:56.132+0800: 4.790: [CMS-concurrent-reset: 0.000/0.000 secs] [Times: user=0.00 sys=0.00, real=0.00 secs] 
{Heap before GC invocations=106 (full 209):
 par new generation   total 157248K, used 0K [0x00000000e0000000, 0x00000000eaaa0000, 0x00000000eaaa0000)
  eden space 139776K,   0% used [0x00000000e0000000, 0x00000000e0000000, 0x00000000e8880000)
  from space 17472K,   0% used [0x00000000e8880000, 0x00000000e8880000, 0x00000000e9990000)
  to   space 17472K,   0% used [0x00000000e9990000, 0x00000000e9990000, 0x00000000eaaa0000)
 concurrent mark-sweep generation total 349568K, used 205856K [0x00000000eaaa0000, 0x0000000100000000, 0x0000000100000000)
 Metaspace       used 3956K, capacity 4568K, committed 4864K, reserved 1056768K
  class space    used 431K, capacity 460K, committed 512K, reserved 1048576K
2024-07-23T00:25:56.152+0800: 4.809: [GC (Allocation Failure) 2024-07-23T00:25:56.152+0800: 4.809: [ParNew
Desired survivor size 8945664 bytes, new threshold 6 (max 6)
: 0K->0K(157248K), 0.0011447 secs]2024-07-23T00:25:56.153+0800: 4.810: [CMS: 205856K->1056K(349568K), 0.0024744 secs] 205856K->1056K(506816K), [Metaspace: 3956K->3956K(1056768K)], 0.0037122 secs] [Times: user=0.03 sys=0.00, real=0.00 secs] 
Heap after GC invocations=107 (full 210):
 par new generation   total 157248K, used 0K [0x00000000e0000000, 0x00000000eaaa0000, 0x00000000eaaa0000)
  eden space 139776K,   0% used [0x00000000e0000000, 0x00000000e0000000, 0x00000000e8880000)
  from space 17472K,   0% used [0x00000000e9990000, 0x00000000e9990000, 0x00000000eaaa0000)
  to   space 17472K,   0% used [0x00000000e8880000, 0x00000000e8880000, 0x00000000e9990000)
 concurrent mark-sweep generation total 349568K, used 1056K [0x00000000eaaa0000, 0x0000000100000000, 0x0000000100000000)
 Metaspace       used 3956K, capacity 4568K, committed 4864K, reserved 1056768K
  class space    used 431K, capacity 460K, committed 512K, reserved 1048576K
}
2024-07-23T00:25:56.156+0800: 4.813: Total time for which application threads were stopped: 0.0038621 seconds, Stopping threads took: 0.0000210 seconds
2024-07-23T00:25:56.173+0800: 4.830: [GC (CMS Initial Mark) [1 CMS-initial-mark: 205856K(349568K)] 205856K(506816K), 0.0009634 secs] [Times: user=0.00 sys=0.00, real=0.00 secs] 
2024-07-23T00:25:56.174+0800: 4.831: Total time for which application threads were stopped: 0.0179522 seconds, Stopping threads took: 0.0169130 seconds
2024-07-23T00:25:56.174+0800: 4.831: [CMS-concurrent-mark-start]
2024-07-23T00:25:56.175+0800: 4.832: [CMS-concurrent-mark: 0.001/0.001 secs] [Times: user=0.00 sys=0.00, real=0.00 secs] 
2024-07-23T00:25:56.175+0800: 4.832: [CMS-concurrent-preclean-start]
2024-07-23T00:25:56.176+0800: 4.832: [CMS-concurrent-preclean: 0.000/0.000 secs] [Times: user=0.00 sys=0.00, real=0.00 secs] 
2024-07-23T00:25:56.176+0800: 4.833: [GC (CMS Final Remark) [YG occupancy: 0 K (157248 K)]2024-07-23T00:25:56.176+0800: 4.833: [Rescan (parallel) , 0.0001787 secs]2024-07-23T00:25:56.176+0800: 4.833: [weak refs processing, 0.0000087 secs]2024-07-23T00:25:56.176+0800: 4.833: [class unloading, 0.0002106 secs]2024-07-23T00:25:56.176+0800: 4.833: [scrub symbol table, 0.0003470 secs]2024-07-23T00:25:56.177+0800: 4.833: [scrub string table, 0.0000974 secs][1 CMS-remark: 205856K(349568K)] 205856K(506816K), 0.0008845 secs] [Times: user=0.00 sys=0.00, real=0.00 secs] 
2024-07-23T00:25:56.177+0800: 4.833: Total time for which application threads were stopped: 0.0009168 seconds, Stopping threads took: 0.0000097 seconds
2024-07-23T00:25:56.177+0800: 4.833: [CMS-concurrent-sweep-start]
2024-07-23T00:25:56.177+0800: 4.834: [CMS-concurrent-sweep: 0.000/0.000 secs] [Times: user=0.00 sys=0.00, real=0.00 secs] 
2024-07-23T00:25:56.177+0800: 4.834: [CMS-concurrent-reset-start]
2024-07-23T00:25:56.177+0800: 4.834: [CMS-concurrent-reset: 0.000/0.000 secs] [Times: user=0.00 sys=0.00, real=0.00 secs] 
{Heap before GC invocations=107 (full 211):
 par new generation   total 157248K, used 0K [0x00000000e0000000, 0x00000000eaaa0000, 0x00000000eaaa0000)
  eden space 139776K,   0% used [0x00000000e0000000, 0x00000000e0000000, 0x00000000e8880000)
  from space 17472K,   0% used [0x00000000e9990000, 0x00000000e9990000, 0x00000000eaaa0000)
  to   space 17472K,   0% used [0x00000000e8880000, 0x00000000e8880000, 0x00000000e9990000)
 concurrent mark-sweep generation total 349568K, used 205856K [0x00000000eaaa0000, 0x0000000100000000, 0x0000000100000000)
 Metaspace       used 3956K, capacity 4568K, committed 4864K, reserved 1056768K
  class space    used 431K, capacity 460K, committed 512K, reserved 1048576K
2024-07-23T00:25:56.198+0800: 4.855: [GC (Allocation Failure) 2024-07-23T00:25:56.198+0800: 4.856: [ParNew
Desired survivor size 8945664 bytes, new threshold 6 (max 6)
: 0K->0K(157248K), 0.0010337 secs]2024-07-23T00:25:56.199+0800: 4.857: [CMS: 205856K->1056K(349568K), 0.0036578 secs] 205856K->1056K(506816K), [Metaspace: 3956K->3956K(1056768K)], 0.0049245 secs] [Times: user=0.06 sys=0.00, real=0.01 secs] 
Heap after GC invocations=108 (full 212):
 par new generation   total 157248K, used 0K [0x00000000e0000000, 0x00000000eaaa0000, 0x00000000eaaa0000)
  eden space 139776K,   0% used [0x00000000e0000000, 0x00000000e0000000, 0x00000000e8880000)
  from space 17472K,   0% used [0x00000000e8880000, 0x00000000e8880000, 0x00000000e9990000)
  to   space 17472K,   0% used [0x00000000e9990000, 0x00000000e9990000, 0x00000000eaaa0000)
 concurrent mark-sweep generation total 349568K, used 1056K [0x00000000eaaa0000, 0x0000000100000000, 0x0000000100000000)
 Metaspace       used 3956K, capacity 4568K, committed 4864K, reserved 1056768K
  class space    used 431K, capacity 460K, committed 512K, reserved 1048576K
}
2024-07-23T00:25:56.203+0800: 4.861: Total time for which application threads were stopped: 0.0051661 seconds, Stopping threads took: 0.0000275 seconds
2024-07-23T00:25:56.234+0800: 4.891: [GC (CMS Initial Mark) [1 CMS-initial-mark: 205856K(349568K)] 205856K(506816K), 0.0006576 secs] [Times: user=0.00 sys=0.00, real=0.00 secs] 
2024-07-23T00:25:56.234+0800: 4.892: Total time for which application threads were stopped: 0.0310879 seconds, Stopping threads took: 0.0303568 seconds
2024-07-23T00:25:56.234+0800: 4.892: [CMS-concurrent-mark-start]
2024-07-23T00:25:56.236+0800: 4.893: [CMS-concurrent-mark: 0.001/0.001 secs] [Times: user=0.00 sys=0.00, real=0.00 secs] 
2024-07-23T00:25:56.236+0800: 4.893: [CMS-concurrent-preclean-start]
2024-07-23T00:25:56.237+0800: 4.893: [CMS-concurrent-preclean: 0.001/0.001 secs] [Times: user=0.00 sys=0.00, real=0.00 secs] 
2024-07-23T00:25:56.237+0800: 4.894: [GC (CMS Final Remark) [YG occupancy: 0 K (157248 K)]2024-07-23T00:25:56.237+0800: 4.894: [Rescan (parallel) , 0.0002363 secs]2024-07-23T00:25:56.237+0800: 4.894: [weak refs processing, 0.0000153 secs]2024-07-23T00:25:56.237+0800: 4.894: [class unloading, 0.0003518 secs]2024-07-23T00:25:56.237+0800: 4.894: [scrub symbol table, 0.0004216 secs]2024-07-23T00:25:56.238+0800: 4.895: [scrub string table, 0.0001210 secs][1 CMS-remark: 205856K(349568K)] 205856K(506816K), 0.0012279 secs] [Times: user=0.00 sys=0.00, real=0.00 secs] 
2024-07-23T00:25:56.238+0800: 4.895: Total time for which application threads were stopped: 0.0012920 seconds, Stopping threads took: 0.0000219 seconds
2024-07-23T00:25:56.238+0800: 4.895: [CMS-concurrent-sweep-start]
2024-07-23T00:25:56.238+0800: 4.895: [CMS-concurrent-sweep: 0.000/0.000 secs] [Times: user=0.00 sys=0.00, real=0.00 secs] 
2024-07-23T00:25:56.238+0800: 4.895: [CMS-concurrent-reset-start]
2024-07-23T00:25:56.239+0800: 4.896: [CMS-concurrent-reset: 0.001/0.001 secs] [Times: user=0.00 sys=0.00, real=0.00 secs] 
{Heap before GC invocations=108 (full 213):
 par new generation   total 157248K, used 0K [0x00000000e0000000, 0x00000000eaaa0000, 0x00000000eaaa0000)
  eden space 139776K,   0% used [0x00000000e0000000, 0x00000000e0000000, 0x00000000e8880000)
  from space 17472K,   0% used [0x00000000e8880000, 0x00000000e8880000, 0x00000000e9990000)
  to   space 17472K,   0% used [0x00000000e9990000, 0x00000000e9990000, 0x00000000eaaa0000)
 concurrent mark-sweep generation total 349568K, used 205856K [0x00000000eaaa0000, 0x0000000100000000, 0x0000000100000000)
 Metaspace       used 3956K, capacity 4568K, committed 4864K, reserved 1056768K
  class space    used 431K, capacity 460K, committed 512K, reserved 1048576K
2024-07-23T00:25:56.246+0800: 4.903: [GC (Allocation Failure) 2024-07-23T00:25:56.246+0800: 4.903: [ParNew
Desired survivor size 8945664 bytes, new threshold 6 (max 6)
: 0K->0K(157248K), 0.0014305 secs]2024-07-23T00:25:56.247+0800: 4.904: [CMS: 205856K->1056K(349568K), 0.0030822 secs] 205856K->1056K(506816K), [Metaspace: 3956K->3956K(1056768K)], 0.0047486 secs] [Times: user=0.02 sys=0.00, real=0.00 secs] 
Heap after GC invocations=109 (full 214):
 par new generation   total 157248K, used 0K [0x00000000e0000000, 0x00000000eaaa0000, 0x00000000eaaa0000)
  eden space 139776K,   0% used [0x00000000e0000000, 0x00000000e0000000, 0x00000000e8880000)
  from space 17472K,   0% used [0x00000000e9990000, 0x00000000e9990000, 0x00000000eaaa0000)
  to   space 17472K,   0% used [0x00000000e8880000, 0x00000000e8880000, 0x00000000e9990000)
 concurrent mark-sweep generation total 349568K, used 1056K [0x00000000eaaa0000, 0x0000000100000000, 0x0000000100000000)
 Metaspace       used 3956K, capacity 4568K, committed 4864K, reserved 1056768K
  class space    used 431K, capacity 460K, committed 512K, reserved 1048576K
}
2024-07-23T00:25:56.251+0800: 4.908: Total time for which application threads were stopped: 0.0049378 seconds, Stopping threads took: 0.0000419 seconds
2024-07-23T00:25:56.273+0800: 4.930: [GC (CMS Initial Mark) [1 CMS-initial-mark: 205856K(349568K)] 205856K(506816K), 0.0005889 secs] [Times: user=0.00 sys=0.00, real=0.00 secs] 
2024-07-23T00:25:56.274+0800: 4.931: Total time for which application threads were stopped: 0.0228044 seconds, Stopping threads took: 0.0220884 seconds
2024-07-23T00:25:56.274+0800: 4.931: [CMS-concurrent-mark-start]
2024-07-23T00:25:56.276+0800: 4.932: [CMS-concurrent-mark: 0.002/0.002 secs] [Times: user=0.00 sys=0.00, real=0.00 secs] 
2024-07-23T00:25:56.276+0800: 4.933: [CMS-concurrent-preclean-start]
2024-07-23T00:25:56.276+0800: 4.933: [CMS-concurrent-preclean: 0.000/0.000 secs] [Times: user=0.00 sys=0.00, real=0.00 secs] 
2024-07-23T00:25:56.276+0800: 4.933: [GC (CMS Final Remark) [YG occupancy: 0 K (157248 K)]2024-07-23T00:25:56.276+0800: 4.933: [Rescan (parallel) , 0.0006547 secs]2024-07-23T00:25:56.277+0800: 4.934: [weak refs processing, 0.0000106 secs]2024-07-23T00:25:56.277+0800: 4.934: [class unloading, 0.0002910 secs]2024-07-23T00:25:56.277+0800: 4.934: [scrub symbol table, 0.0010539 secs]2024-07-23T00:25:56.279+0800: 4.935: [scrub string table, 0.0001345 secs][1 CMS-remark: 205856K(349568K)] 205856K(506816K), 0.0022268 secs] [Times: user=0.01 sys=0.00, real=0.00 secs] 
2024-07-23T00:25:56.279+0800: 4.936: Total time for which application threads were stopped: 0.0024097 seconds, Stopping threads took: 0.0001316 seconds
2024-07-23T00:25:56.279+0800: 4.936: [CMS-concurrent-sweep-start]
2024-07-23T00:25:56.279+0800: 4.936: [CMS-concurrent-sweep: 0.000/0.000 secs] [Times: user=0.00 sys=0.00, real=0.00 secs] 
2024-07-23T00:25:56.279+0800: 4.936: [CMS-concurrent-reset-start]
2024-07-23T00:25:56.280+0800: 4.937: [CMS-concurrent-reset: 0.001/0.001 secs] [Times: user=0.00 sys=0.00, real=0.00 secs] 
{Heap before GC invocations=109 (full 215):
 par new generation   total 157248K, used 0K [0x00000000e0000000, 0x00000000eaaa0000, 0x00000000eaaa0000)
  eden space 139776K,   0% used [0x00000000e0000000, 0x00000000e0000000, 0x00000000e8880000)
  from space 17472K,   0% used [0x00000000e9990000, 0x00000000e9990000, 0x00000000eaaa0000)
  to   space 17472K,   0% used [0x00000000e8880000, 0x00000000e8880000, 0x00000000e9990000)
 concurrent mark-sweep generation total 349568K, used 205856K [0x00000000eaaa0000, 0x0000000100000000, 0x0000000100000000)
 Metaspace       used 3956K, capacity 4568K, committed 4864K, reserved 1056768K
  class space    used 431K, capacity 460K, committed 512K, reserved 1048576K
2024-07-23T00:25:56.294+0800: 4.951: [GC (Allocation Failure) 2024-07-23T00:25:56.294+0800: 4.951: [ParNew
Desired survivor size 8945664 bytes, new threshold 6 (max 6)
: 0K->0K(157248K), 0.0008645 secs]2024-07-23T00:25:56.295+0800: 4.952: [CMS: 205856K->1056K(349568K), 0.0024775 secs] 205856K->1056K(506816K), [Metaspace: 3956K->3956K(1056768K)], 0.0035636 secs] [Times: user=0.00 sys=0.00, real=0.00 secs] 
Heap after GC invocations=110 (full 216):
 par new generation   total 157248K, used 0K [0x00000000e0000000, 0x00000000eaaa0000, 0x00000000eaaa0000)
  eden space 139776K,   0% used [0x00000000e0000000, 0x00000000e0000000, 0x00000000e8880000)
  from space 17472K,   0% used [0x00000000e8880000, 0x00000000e8880000, 0x00000000e9990000)
  to   space 17472K,   0% used [0x00000000e9990000, 0x00000000e9990000, 0x00000000eaaa0000)
 concurrent mark-sweep generation total 349568K, used 1056K [0x00000000eaaa0000, 0x0000000100000000, 0x0000000100000000)
 Metaspace       used 3956K, capacity 4568K, committed 4864K, reserved 1056768K
  class space    used 431K, capacity 460K, committed 512K, reserved 1048576K
}
2024-07-23T00:25:56.297+0800: 4.954: Total time for which application threads were stopped: 0.0037588 seconds, Stopping threads took: 0.0000527 seconds
2024-07-23T00:25:56.317+0800: 4.973: [GC (CMS Initial Mark) [1 CMS-initial-mark: 205856K(349568K)] 205856K(506816K), 0.0003181 secs] [Times: user=0.00 sys=0.00, real=0.00 secs] 
2024-07-23T00:25:56.317+0800: 4.974: Total time for which application threads were stopped: 0.0194067 seconds, Stopping threads took: 0.0190036 seconds
2024-07-23T00:25:56.317+0800: 4.974: [CMS-concurrent-mark-start]
2024-07-23T00:25:56.319+0800: 4.975: [CMS-concurrent-mark: 0.002/0.002 secs] [Times: user=0.00 sys=0.00, real=0.00 secs] 
2024-07-23T00:25:56.319+0800: 4.975: [CMS-concurrent-preclean-start]
2024-07-23T00:25:56.319+0800: 4.976: [CMS-concurrent-preclean: 0.000/0.000 secs] [Times: user=0.00 sys=0.00, real=0.00 secs] 
2024-07-23T00:25:56.319+0800: 4.976: [GC (CMS Final Remark) [YG occupancy: 0 K (157248 K)]2024-07-23T00:25:56.319+0800: 4.976: [Rescan (parallel) , 0.0002482 secs]2024-07-23T00:25:56.319+0800: 4.976: [weak refs processing, 0.0000142 secs]2024-07-23T00:25:56.319+0800: 4.976: [class unloading, 0.0002651 secs]2024-07-23T00:25:56.320+0800: 4.976: [scrub symbol table, 0.0003846 secs]2024-07-23T00:25:56.320+0800: 4.977: [scrub string table, 0.0001013 secs][1 CMS-remark: 205856K(349568K)] 205856K(506816K), 0.0010926 secs] [Times: user=0.00 sys=0.00, real=0.00 secs] 
2024-07-23T00:25:56.320+0800: 4.977: Total time for which application threads were stopped: 0.0011371 seconds, Stopping threads took: 0.0000139 seconds
2024-07-23T00:25:56.320+0800: 4.977: [CMS-concurrent-sweep-start]
2024-07-23T00:25:56.320+0800: 4.977: [CMS-concurrent-sweep: 0.000/0.000 secs] [Times: user=0.00 sys=0.00, real=0.00 secs] 
2024-07-23T00:25:56.320+0800: 4.977: [CMS-concurrent-reset-start]
2024-07-23T00:25:56.321+0800: 4.978: [CMS-concurrent-reset: 0.000/0.000 secs] [Times: user=0.00 sys=0.00, real=0.00 secs] 
{Heap before GC invocations=110 (full 217):
 par new generation   total 157248K, used 0K [0x00000000e0000000, 0x00000000eaaa0000, 0x00000000eaaa0000)
  eden space 139776K,   0% used [0x00000000e0000000, 0x00000000e0000000, 0x00000000e8880000)
  from space 17472K,   0% used [0x00000000e8880000, 0x00000000e8880000, 0x00000000e9990000)
  to   space 17472K,   0% used [0x00000000e9990000, 0x00000000e9990000, 0x00000000eaaa0000)
 concurrent mark-sweep generation total 349568K, used 205856K [0x00000000eaaa0000, 0x0000000100000000, 0x0000000100000000)
 Metaspace       used 3956K, capacity 4568K, committed 4864K, reserved 1056768K
  class space    used 431K, capacity 460K, committed 512K, reserved 1048576K
2024-07-23T00:25:56.341+0800: 4.998: [GC (Allocation Failure) 2024-07-23T00:25:56.341+0800: 4.998: [ParNew
Desired survivor size 8945664 bytes, new threshold 6 (max 6)
: 0K->0K(157248K), 0.0006409 secs]2024-07-23T00:25:56.342+0800: 4.999: [CMS: 205856K->1056K(349568K), 0.0029859 secs] 205856K->1056K(506816K), [Metaspace: 3956K->3956K(1056768K)], 0.0037962 secs] [Times: user=0.00 sys=0.00, real=0.00 secs] 
Heap after GC invocations=111 (full 218):
 par new generation   total 157248K, used 0K [0x00000000e0000000, 0x00000000eaaa0000, 0x00000000eaaa0000)
  eden space 139776K,   0% used [0x00000000e0000000, 0x00000000e0000000, 0x00000000e8880000)
  from space 17472K,   0% used [0x00000000e9990000, 0x00000000e9990000, 0x00000000eaaa0000)
  to   space 17472K,   0% used [0x00000000e8880000, 0x00000000e8880000, 0x00000000e9990000)
 concurrent mark-sweep generation total 349568K, used 1056K [0x00000000eaaa0000, 0x0000000100000000, 0x0000000100000000)
 Metaspace       used 3956K, capacity 4568K, committed 4864K, reserved 1056768K
  class space    used 431K, capacity 460K, committed 512K, reserved 1048576K
}
2024-07-23T00:25:56.345+0800: 5.002: Total time for which application threads were stopped: 0.0039419 seconds, Stopping threads took: 0.0000292 seconds
2024-07-23T00:25:56.364+0800: 5.021: [GC (CMS Initial Mark) [1 CMS-initial-mark: 205856K(349568K)] 205856K(506816K), 0.0005854 secs] [Times: user=0.00 sys=0.00, real=0.00 secs] 
2024-07-23T00:25:56.365+0800: 5.022: Total time for which application threads were stopped: 0.0199373 seconds, Stopping threads took: 0.0192843 seconds
2024-07-23T00:25:56.365+0800: 5.022: [CMS-concurrent-mark-start]
2024-07-23T00:25:56.367+0800: 5.024: [CMS-concurrent-mark: 0.002/0.002 secs] [Times: user=0.00 sys=0.00, real=0.00 secs] 
2024-07-23T00:25:56.367+0800: 5.024: [CMS-concurrent-preclean-start]
2024-07-23T00:25:56.367+0800: 5.024: [CMS-concurrent-preclean: 0.000/0.000 secs] [Times: user=0.00 sys=0.00, real=0.00 secs] 
2024-07-23T00:25:56.367+0800: 5.024: [GC (CMS Final Remark) [YG occupancy: 0 K (157248 K)]2024-07-23T00:25:56.367+0800: 5.024: [Rescan (parallel) , 0.0007708 secs]2024-07-23T00:25:56.368+0800: 5.025: [weak refs processing, 0.0000145 secs]2024-07-23T00:25:56.368+0800: 5.025: [class unloading, 0.0005116 secs]2024-07-23T00:25:56.369+0800: 5.026: [scrub symbol table, 0.0003084 secs]2024-07-23T00:25:56.369+0800: 5.026: [scrub string table, 0.0000846 secs][1 CMS-remark: 205856K(349568K)] 205856K(506816K), 0.0017724 secs] [Times: user=0.00 sys=0.00, real=0.00 secs] 
2024-07-23T00:25:56.369+0800: 5.026: Total time for which application threads were stopped: 0.0018224 seconds, Stopping threads took: 0.0000151 seconds
2024-07-23T00:25:56.369+0800: 5.026: [CMS-concurrent-sweep-start]
2024-07-23T00:25:56.369+0800: 5.026: [CMS-concurrent-sweep: 0.000/0.000 secs] [Times: user=0.00 sys=0.00, real=0.00 secs] 
2024-07-23T00:25:56.369+0800: 5.026: [CMS-concurrent-reset-start]
2024-07-23T00:25:56.370+0800: 5.027: [CMS-concurrent-reset: 0.000/0.000 secs] [Times: user=0.00 sys=0.00, real=0.00 secs] 
{Heap before GC invocations=111 (full 219):
 par new generation   total 157248K, used 0K [0x00000000e0000000, 0x00000000eaaa0000, 0x00000000eaaa0000)
  eden space 139776K,   0% used [0x00000000e0000000, 0x00000000e0000000, 0x00000000e8880000)
  from space 17472K,   0% used [0x00000000e9990000, 0x00000000e9990000, 0x00000000eaaa0000)
  to   space 17472K,   0% used [0x00000000e8880000, 0x00000000e8880000, 0x00000000e9990000)
 concurrent mark-sweep generation total 349568K, used 205856K [0x00000000eaaa0000, 0x0000000100000000, 0x0000000100000000)
 Metaspace       used 3956K, capacity 4568K, committed 4864K, reserved 1056768K
  class space    used 431K, capacity 460K, committed 512K, reserved 1048576K
2024-07-23T00:25:56.389+0800: 5.046: [GC (Allocation Failure) 2024-07-23T00:25:56.389+0800: 5.046: [ParNew
Desired survivor size 8945664 bytes, new threshold 6 (max 6)
: 0K->0K(157248K), 0.0008122 secs]2024-07-23T00:25:56.390+0800: 5.047: [CMS: 205856K->1056K(349568K), 0.0023895 secs] 205856K->1056K(506816K), [Metaspace: 3956K->3956K(1056768K)], 0.0033610 secs] [Times: user=0.00 sys=0.00, real=0.00 secs] 
Heap after GC invocations=112 (full 220):
 par new generation   total 157248K, used 0K [0x00000000e0000000, 0x00000000eaaa0000, 0x00000000eaaa0000)
  eden space 139776K,   0% used [0x00000000e0000000, 0x00000000e0000000, 0x00000000e8880000)
  from space 17472K,   0% used [0x00000000e8880000, 0x00000000e8880000, 0x00000000e9990000)
  to   space 17472K,   0% used [0x00000000e9990000, 0x00000000e9990000, 0x00000000eaaa0000)
 concurrent mark-sweep generation total 349568K, used 1056K [0x00000000eaaa0000, 0x0000000100000000, 0x0000000100000000)
 Metaspace       used 3956K, capacity 4568K, committed 4864K, reserved 1056768K
  class space    used 431K, capacity 460K, committed 512K, reserved 1048576K
}
2024-07-23T00:25:56.392+0800: 5.049: Total time for which application threads were stopped: 0.0035118 seconds, Stopping threads took: 0.0000304 seconds
2024-07-23T00:25:56.414+0800: 5.071: [GC (CMS Initial Mark) [1 CMS-initial-mark: 205856K(349568K)] 205856K(506816K), 0.0003976 secs] [Times: user=0.00 sys=0.00, real=0.00 secs] 
2024-07-23T00:25:56.414+0800: 5.071: Total time for which application threads were stopped: 0.0218944 seconds, Stopping threads took: 0.0213730 seconds
2024-07-23T00:25:56.414+0800: 5.071: [CMS-concurrent-mark-start]
2024-07-23T00:25:56.416+0800: 5.073: [CMS-concurrent-mark: 0.002/0.002 secs] [Times: user=0.00 sys=0.00, real=0.00 secs] 
2024-07-23T00:25:56.416+0800: 5.073: [CMS-concurrent-preclean-start]
2024-07-23T00:25:56.416+0800: 5.073: [CMS-concurrent-preclean: 0.000/0.000 secs] [Times: user=0.00 sys=0.00, real=0.00 secs] 
2024-07-23T00:25:56.416+0800: 5.073: [GC (CMS Final Remark) [YG occupancy: 0 K (157248 K)]2024-07-23T00:25:56.416+0800: 5.073: [Rescan (parallel) , 0.0003221 secs]2024-07-23T00:25:56.417+0800: 5.074: [weak refs processing, 0.0000150 secs]2024-07-23T00:25:56.417+0800: 5.074: [class unloading, 0.0002865 secs]2024-07-23T00:25:56.417+0800: 5.074: [scrub symbol table, 0.0004253 secs]2024-07-23T00:25:56.417+0800: 5.074: [scrub string table, 0.0000899 secs][1 CMS-remark: 205856K(349568K)] 205856K(506816K), 0.0012148 secs] [Times: user=0.00 sys=0.00, real=0.00 secs] 
2024-07-23T00:25:56.418+0800: 5.074: Total time for which application threads were stopped: 0.0012920 seconds, Stopping threads took: 0.0000326 seconds
2024-07-23T00:25:56.418+0800: 5.074: [CMS-concurrent-sweep-start]
2024-07-23T00:25:56.418+0800: 5.075: [CMS-concurrent-sweep: 0.000/0.000 secs] [Times: user=0.00 sys=0.00, real=0.00 secs] 
2024-07-23T00:25:56.418+0800: 5.075: [CMS-concurrent-reset-start]
2024-07-23T00:25:56.418+0800: 5.075: [CMS-concurrent-reset: 0.000/0.000 secs] [Times: user=0.00 sys=0.00, real=0.00 secs] 
{Heap before GC invocations=112 (full 221):
 par new generation   total 157248K, used 0K [0x00000000e0000000, 0x00000000eaaa0000, 0x00000000eaaa0000)
  eden space 139776K,   0% used [0x00000000e0000000, 0x00000000e0000000, 0x00000000e8880000)
  from space 17472K,   0% used [0x00000000e8880000, 0x00000000e8880000, 0x00000000e9990000)
  to   space 17472K,   0% used [0x00000000e9990000, 0x00000000e9990000, 0x00000000eaaa0000)
 concurrent mark-sweep generation total 349568K, used 205856K [0x00000000eaaa0000, 0x0000000100000000, 0x0000000100000000)
 Metaspace       used 3956K, capacity 4568K, committed 4864K, reserved 1056768K
  class space    used 431K, capacity 460K, committed 512K, reserved 1048576K
2024-07-23T00:25:56.436+0800: 5.093: [GC (Allocation Failure) 2024-07-23T00:25:56.436+0800: 5.093: [ParNew
Desired survivor size 8945664 bytes, new threshold 6 (max 6)
: 0K->0K(157248K), 0.0016484 secs]2024-07-23T00:25:56.437+0800: 5.095: [CMS: 205856K->1056K(349568K), 0.0027856 secs] 205856K->1056K(506816K), [Metaspace: 3956K->3956K(1056768K)], 0.0046926 secs] [Times: user=0.00 sys=0.01, real=0.00 secs] 
Heap after GC invocations=113 (full 222):
 par new generation   total 157248K, used 0K [0x00000000e0000000, 0x00000000eaaa0000, 0x00000000eaaa0000)
  eden space 139776K,   0% used [0x00000000e0000000, 0x00000000e0000000, 0x00000000e8880000)
  from space 17472K,   0% used [0x00000000e9990000, 0x00000000e9990000, 0x00000000eaaa0000)
  to   space 17472K,   0% used [0x00000000e8880000, 0x00000000e8880000, 0x00000000e9990000)
 concurrent mark-sweep generation total 349568K, used 1056K [0x00000000eaaa0000, 0x0000000100000000, 0x0000000100000000)
 Metaspace       used 3956K, capacity 4568K, committed 4864K, reserved 1056768K
  class space    used 431K, capacity 460K, committed 512K, reserved 1048576K
}
2024-07-23T00:25:56.440+0800: 5.098: Total time for which application threads were stopped: 0.0048597 seconds, Stopping threads took: 0.0000286 seconds
2024-07-23T00:25:56.458+0800: 5.116: [GC (CMS Initial Mark) [1 CMS-initial-mark: 205856K(349568K)] 205856K(506816K), 0.0002182 secs] [Times: user=0.00 sys=0.00, real=0.00 secs] 
2024-07-23T00:25:56.459+0800: 5.116: Total time for which application threads were stopped: 0.0180360 seconds, Stopping threads took: 0.0177372 seconds
2024-07-23T00:25:56.459+0800: 5.116: [CMS-concurrent-mark-start]
2024-07-23T00:25:56.460+0800: 5.117: [CMS-concurrent-mark: 0.001/0.001 secs] [Times: user=0.00 sys=0.00, real=0.00 secs] 
2024-07-23T00:25:56.460+0800: 5.117: [CMS-concurrent-preclean-start]
2024-07-23T00:25:56.460+0800: 5.117: [CMS-concurrent-preclean: 0.000/0.000 secs] [Times: user=0.00 sys=0.00, real=0.00 secs] 
2024-07-23T00:25:56.460+0800: 5.117: [GC (CMS Final Remark) [YG occupancy: 0 K (157248 K)]2024-07-23T00:25:56.460+0800: 5.117: [Rescan (parallel) , 0.0002712 secs]2024-07-23T00:25:56.461+0800: 5.118: [weak refs processing, 0.0000110 secs]2024-07-23T00:25:56.461+0800: 5.118: [class unloading, 0.0002314 secs]2024-07-23T00:25:56.461+0800: 5.118: [scrub symbol table, 0.0003453 secs]2024-07-23T00:25:56.461+0800: 5.118: [scrub string table, 0.0000964 secs][1 CMS-remark: 205856K(349568K)] 205856K(506816K), 0.0010092 secs] [Times: user=0.00 sys=0.00, real=0.00 secs] 
2024-07-23T00:25:56.461+0800: 5.118: Total time for which application threads were stopped: 0.0010570 seconds, Stopping threads took: 0.0000139 seconds
2024-07-23T00:25:56.461+0800: 5.119: [CMS-concurrent-sweep-start]
2024-07-23T00:25:56.461+0800: 5.119: [CMS-concurrent-sweep: 0.000/0.000 secs] [Times: user=0.00 sys=0.00, real=0.00 secs] 
2024-07-23T00:25:56.462+0800: 5.119: [CMS-concurrent-reset-start]
2024-07-23T00:25:56.462+0800: 5.119: [CMS-concurrent-reset: 0.000/0.000 secs] [Times: user=0.00 sys=0.00, real=0.00 secs] 
{Heap before GC invocations=113 (full 223):
 par new generation   total 157248K, used 0K [0x00000000e0000000, 0x00000000eaaa0000, 0x00000000eaaa0000)
  eden space 139776K,   0% used [0x00000000e0000000, 0x00000000e0000000, 0x00000000e8880000)
  from space 17472K,   0% used [0x00000000e9990000, 0x00000000e9990000, 0x00000000eaaa0000)
  to   space 17472K,   0% used [0x00000000e8880000, 0x00000000e8880000, 0x00000000e9990000)
 concurrent mark-sweep generation total 349568K, used 205856K [0x00000000eaaa0000, 0x0000000100000000, 0x0000000100000000)
 Metaspace       used 3956K, capacity 4568K, committed 4864K, reserved 1056768K
  class space    used 431K, capacity 460K, committed 512K, reserved 1048576K
2024-07-23T00:25:56.483+0800: 5.140: [GC (Allocation Failure) 2024-07-23T00:25:56.483+0800: 5.140: [ParNew
Desired survivor size 8945664 bytes, new threshold 6 (max 6)
: 0K->0K(157248K), 0.0006002 secs]2024-07-23T00:25:56.484+0800: 5.141: [CMS: 205856K->1056K(349568K), 0.0026575 secs] 205856K->1056K(506816K), [Metaspace: 3956K->3956K(1056768K)], 0.0034346 secs] [Times: user=0.00 sys=0.00, real=0.00 secs] 
Heap after GC invocations=114 (full 224):
 par new generation   total 157248K, used 0K [0x00000000e0000000, 0x00000000eaaa0000, 0x00000000eaaa0000)
  eden space 139776K,   0% used [0x00000000e0000000, 0x00000000e0000000, 0x00000000e8880000)
  from space 17472K,   0% used [0x00000000e8880000, 0x00000000e8880000, 0x00000000e9990000)
  to   space 17472K,   0% used [0x00000000e9990000, 0x00000000e9990000, 0x00000000eaaa0000)
 concurrent mark-sweep generation total 349568K, used 1056K [0x00000000eaaa0000, 0x0000000100000000, 0x0000000100000000)
 Metaspace       used 3956K, capacity 4568K, committed 4864K, reserved 1056768K
  class space    used 431K, capacity 460K, committed 512K, reserved 1048576K
}
2024-07-23T00:25:56.486+0800: 5.143: Total time for which application threads were stopped: 0.0036093 seconds, Stopping threads took: 0.0000479 seconds
2024-07-23T00:25:56.509+0800: 5.166: [GC (CMS Initial Mark) [1 CMS-initial-mark: 205856K(349568K)] 205856K(506816K), 0.0003005 secs] [Times: user=0.00 sys=0.00, real=0.00 secs] 
2024-07-23T00:25:56.509+0800: 5.166: Total time for which application threads were stopped: 0.0225067 seconds, Stopping threads took: 0.0221235 seconds
2024-07-23T00:25:56.509+0800: 5.166: [CMS-concurrent-mark-start]
2024-07-23T00:25:56.511+0800: 5.168: [CMS-concurrent-mark: 0.002/0.002 secs] [Times: user=0.00 sys=0.00, real=0.00 secs] 
2024-07-23T00:25:56.511+0800: 5.168: [CMS-concurrent-preclean-start]
2024-07-23T00:25:56.511+0800: 5.168: [CMS-concurrent-preclean: 0.000/0.000 secs] [Times: user=0.00 sys=0.00, real=0.00 secs] 
2024-07-23T00:25:56.511+0800: 5.168: [GC (CMS Final Remark) [YG occupancy: 0 K (157248 K)]2024-07-23T00:25:56.511+0800: 5.168: [Rescan (parallel) , 0.0001925 secs]2024-07-23T00:25:56.511+0800: 5.168: [weak refs processing, 0.0000117 secs]2024-07-23T00:25:56.511+0800: 5.168: [class unloading, 0.0002675 secs]2024-07-23T00:25:56.511+0800: 5.169: [scrub symbol table, 0.0004943 secs]2024-07-23T00:25:56.512+0800: 5.169: [scrub string table, 0.0001583 secs][1 CMS-remark: 205856K(349568K)] 205856K(506816K), 0.0012061 secs] [Times: user=0.02 sys=0.00, real=0.00 secs] 
2024-07-23T00:25:56.512+0800: 5.169: Total time for which application threads were stopped: 0.0012897 seconds, Stopping threads took: 0.0000235 seconds
2024-07-23T00:25:56.512+0800: 5.169: [CMS-concurrent-sweep-start]
2024-07-23T00:25:56.513+0800: 5.170: [CMS-concurrent-sweep: 0.000/0.000 secs] [Times: user=0.00 sys=0.00, real=0.00 secs] 
2024-07-23T00:25:56.513+0800: 5.170: [CMS-concurrent-reset-start]
2024-07-23T00:25:56.514+0800: 5.171: [CMS-concurrent-reset: 0.001/0.001 secs] [Times: user=0.00 sys=0.00, real=0.00 secs] 
{Heap before GC invocations=114 (full 225):
 par new generation   total 157248K, used 0K [0x00000000e0000000, 0x00000000eaaa0000, 0x00000000eaaa0000)
  eden space 139776K,   0% used [0x00000000e0000000, 0x00000000e0000000, 0x00000000e8880000)
  from space 17472K,   0% used [0x00000000e8880000, 0x00000000e8880000, 0x00000000e9990000)
  to   space 17472K,   0% used [0x00000000e9990000, 0x00000000e9990000, 0x00000000eaaa0000)
 concurrent mark-sweep generation total 349568K, used 205856K [0x00000000eaaa0000, 0x0000000100000000, 0x0000000100000000)
 Metaspace       used 3956K, capacity 4568K, committed 4864K, reserved 1056768K
  class space    used 431K, capacity 460K, committed 512K, reserved 1048576K
2024-07-23T00:25:56.530+0800: 5.187: [GC (Allocation Failure) 2024-07-23T00:25:56.530+0800: 5.187: [ParNew
Desired survivor size 8945664 bytes, new threshold 6 (max 6)
: 0K->0K(157248K), 0.0006526 secs]2024-07-23T00:25:56.531+0800: 5.188: [CMS: 205856K->1056K(349568K), 0.0035593 secs] 205856K->1056K(506816K), [Metaspace: 3956K->3956K(1056768K)], 0.0043896 secs] [Times: user=0.00 sys=0.00, real=0.00 secs] 
Heap after GC invocations=115 (full 226):
 par new generation   total 157248K, used 0K [0x00000000e0000000, 0x00000000eaaa0000, 0x00000000eaaa0000)
  eden space 139776K,   0% used [0x00000000e0000000, 0x00000000e0000000, 0x00000000e8880000)
  from space 17472K,   0% used [0x00000000e9990000, 0x00000000e9990000, 0x00000000eaaa0000)
  to   space 17472K,   0% used [0x00000000e8880000, 0x00000000e8880000, 0x00000000e9990000)
 concurrent mark-sweep generation total 349568K, used 1056K [0x00000000eaaa0000, 0x0000000100000000, 0x0000000100000000)
 Metaspace       used 3956K, capacity 4568K, committed 4864K, reserved 1056768K
  class space    used 431K, capacity 460K, committed 512K, reserved 1048576K
}
2024-07-23T00:25:56.534+0800: 5.191: Total time for which application threads were stopped: 0.0045672 seconds, Stopping threads took: 0.0000304 seconds
2024-07-23T00:25:56.553+0800: 5.211: [GC (CMS Initial Mark) [1 CMS-initial-mark: 205856K(349568K)] 205856K(506816K), 0.0006153 secs] [Times: user=0.00 sys=0.00, real=0.00 secs] 
2024-07-23T00:25:56.554+0800: 5.212: Total time for which application threads were stopped: 0.0202119 seconds, Stopping threads took: 0.0194660 seconds
2024-07-23T00:25:56.554+0800: 5.212: [CMS-concurrent-mark-start]
2024-07-23T00:25:56.555+0800: 5.213: [CMS-concurrent-mark: 0.001/0.001 secs] [Times: user=0.00 sys=0.00, real=0.00 secs] 
2024-07-23T00:25:56.556+0800: 5.213: [CMS-concurrent-preclean-start]
2024-07-23T00:25:56.556+0800: 5.214: [CMS-concurrent-preclean: 0.001/0.001 secs] [Times: user=0.00 sys=0.00, real=0.00 secs] 
2024-07-23T00:25:56.556+0800: 5.214: [GC (CMS Final Remark) [YG occupancy: 0 K (157248 K)]2024-07-23T00:25:56.556+0800: 5.214: [Rescan (parallel) , 0.0006310 secs]2024-07-23T00:25:56.557+0800: 5.214: [weak refs processing, 0.0000160 secs]2024-07-23T00:25:56.557+0800: 5.214: [class unloading, 0.0004323 secs]2024-07-23T00:25:56.558+0800: 5.215: [scrub symbol table, 0.0004889 secs]2024-07-23T00:25:56.558+0800: 5.215: [scrub string table, 0.0001788 secs][1 CMS-remark: 205856K(349568K)] 205856K(506816K), 0.0018704 secs] [Times: user=0.00 sys=0.00, real=0.00 secs] 
2024-07-23T00:25:56.558+0800: 5.216: Total time for which application threads were stopped: 0.0019715 seconds, Stopping threads took: 0.0000339 seconds
2024-07-23T00:25:56.558+0800: 5.216: [CMS-concurrent-sweep-start]
2024-07-23T00:25:56.559+0800: 5.216: [CMS-concurrent-sweep: 0.000/0.000 secs] [Times: user=0.00 sys=0.00, real=0.00 secs] 
2024-07-23T00:25:56.559+0800: 5.216: [CMS-concurrent-reset-start]
2024-07-23T00:25:56.560+0800: 5.217: [CMS-concurrent-reset: 0.001/0.001 secs] [Times: user=0.00 sys=0.00, real=0.00 secs] 
{Heap before GC invocations=115 (full 227):
 par new generation   total 157248K, used 0K [0x00000000e0000000, 0x00000000eaaa0000, 0x00000000eaaa0000)
  eden space 139776K,   0% used [0x00000000e0000000, 0x00000000e0000000, 0x00000000e8880000)
  from space 17472K,   0% used [0x00000000e9990000, 0x00000000e9990000, 0x00000000eaaa0000)
  to   space 17472K,   0% used [0x00000000e8880000, 0x00000000e8880000, 0x00000000e9990000)
 concurrent mark-sweep generation total 349568K, used 205856K [0x00000000eaaa0000, 0x0000000100000000, 0x0000000100000000)
 Metaspace       used 3956K, capacity 4568K, committed 4864K, reserved 1056768K
  class space    used 431K, capacity 460K, committed 512K, reserved 1048576K
2024-07-23T00:25:56.577+0800: 5.234: [GC (Allocation Failure) 2024-07-23T00:25:56.577+0800: 5.234: [ParNew
Desired survivor size 8945664 bytes, new threshold 6 (max 6)
: 0K->0K(157248K), 0.0006197 secs]2024-07-23T00:25:56.577+0800: 5.235: [CMS: 205856K->1056K(349568K), 0.0043843 secs] 205856K->1056K(506816K), [Metaspace: 3956K->3956K(1056768K)], 0.0052829 secs] [Times: user=0.00 sys=0.00, real=0.01 secs] 
Heap after GC invocations=116 (full 228):
 par new generation   total 157248K, used 0K [0x00000000e0000000, 0x00000000eaaa0000, 0x00000000eaaa0000)
  eden space 139776K,   0% used [0x00000000e0000000, 0x00000000e0000000, 0x00000000e8880000)
  from space 17472K,   0% used [0x00000000e8880000, 0x00000000e8880000, 0x00000000e9990000)
  to   space 17472K,   0% used [0x00000000e9990000, 0x00000000e9990000, 0x00000000eaaa0000)
 concurrent mark-sweep generation total 349568K, used 1056K [0x00000000eaaa0000, 0x0000000100000000, 0x0000000100000000)
 Metaspace       used 3956K, capacity 4568K, committed 4864K, reserved 1056768K
  class space    used 431K, capacity 460K, committed 512K, reserved 1048576K
}
2024-07-23T00:25:56.582+0800: 5.239: Total time for which application threads were stopped: 0.0055651 seconds, Stopping threads took: 0.0000536 seconds
2024-07-23T00:25:56.600+0800: 5.257: [GC (CMS Initial Mark) [1 CMS-initial-mark: 205856K(349568K)] 205856K(506816K), 0.0006225 secs] [Times: user=0.00 sys=0.00, real=0.00 secs] 
2024-07-23T00:25:56.601+0800: 5.258: Total time for which application threads were stopped: 0.0182414 seconds, Stopping threads took: 0.0174956 seconds
2024-07-23T00:25:56.601+0800: 5.258: [CMS-concurrent-mark-start]
2024-07-23T00:25:56.602+0800: 5.259: [CMS-concurrent-mark: 0.001/0.001 secs] [Times: user=0.00 sys=0.00, real=0.00 secs] 
2024-07-23T00:25:56.602+0800: 5.259: [CMS-concurrent-preclean-start]
2024-07-23T00:25:56.602+0800: 5.259: [CMS-concurrent-preclean: 0.000/0.000 secs] [Times: user=0.00 sys=0.00, real=0.00 secs] 
2024-07-23T00:25:56.602+0800: 5.259: [GC (CMS Final Remark) [YG occupancy: 0 K (157248 K)]2024-07-23T00:25:56.602+0800: 5.259: [Rescan (parallel) , 0.0004674 secs]2024-07-23T00:25:56.603+0800: 5.260: [weak refs processing, 0.0000087 secs]2024-07-23T00:25:56.603+0800: 5.260: [class unloading, 0.0002935 secs]2024-07-23T00:25:56.603+0800: 5.260: [scrub symbol table, 0.0003968 secs]2024-07-23T00:25:56.603+0800: 5.260: [scrub string table, 0.0000961 secs][1 CMS-remark: 205856K(349568K)] 205856K(506816K), 0.0013237 secs] [Times: user=0.00 sys=0.00, real=0.00 secs] 
2024-07-23T00:25:56.603+0800: 5.261: Total time for which application threads were stopped: 0.0013918 seconds, Stopping threads took: 0.0000331 seconds
2024-07-23T00:25:56.604+0800: 5.261: [CMS-concurrent-sweep-start]
2024-07-23T00:25:56.604+0800: 5.261: [CMS-concurrent-sweep: 0.000/0.000 secs] [Times: user=0.00 sys=0.00, real=0.00 secs] 
2024-07-23T00:25:56.604+0800: 5.261: [CMS-concurrent-reset-start]
2024-07-23T00:25:56.605+0800: 5.262: [CMS-concurrent-reset: 0.001/0.001 secs] [Times: user=0.00 sys=0.00, real=0.00 secs] 
{Heap before GC invocations=116 (full 229):
 par new generation   total 157248K, used 0K [0x00000000e0000000, 0x00000000eaaa0000, 0x00000000eaaa0000)
  eden space 139776K,   0% used [0x00000000e0000000, 0x00000000e0000000, 0x00000000e8880000)
  from space 17472K,   0% used [0x00000000e8880000, 0x00000000e8880000, 0x00000000e9990000)
  to   space 17472K,   0% used [0x00000000e9990000, 0x00000000e9990000, 0x00000000eaaa0000)
 concurrent mark-sweep generation total 349568K, used 205856K [0x00000000eaaa0000, 0x0000000100000000, 0x0000000100000000)
 Metaspace       used 3956K, capacity 4568K, committed 4864K, reserved 1056768K
  class space    used 431K, capacity 460K, committed 512K, reserved 1048576K
2024-07-23T00:25:56.624+0800: 5.281: [GC (Allocation Failure) 2024-07-23T00:25:56.624+0800: 5.281: [ParNew
Desired survivor size 8945664 bytes, new threshold 6 (max 6)
: 0K->0K(157248K), 0.0006479 secs]2024-07-23T00:25:56.625+0800: 5.282: [CMS: 205856K->1056K(349568K), 0.0027733 secs] 205856K->1056K(506816K), [Metaspace: 3956K->3956K(1056768K)], 0.0035950 secs] [Times: user=0.00 sys=0.00, real=0.00 secs] 
Heap after GC invocations=117 (full 230):
 par new generation   total 157248K, used 0K [0x00000000e0000000, 0x00000000eaaa0000, 0x00000000eaaa0000)
  eden space 139776K,   0% used [0x00000000e0000000, 0x00000000e0000000, 0x00000000e8880000)
  from space 17472K,   0% used [0x00000000e9990000, 0x00000000e9990000, 0x00000000eaaa0000)
  to   space 17472K,   0% used [0x00000000e8880000, 0x00000000e8880000, 0x00000000e9990000)
 concurrent mark-sweep generation total 349568K, used 1056K [0x00000000eaaa0000, 0x0000000100000000, 0x0000000100000000)
 Metaspace       used 3956K, capacity 4568K, committed 4864K, reserved 1056768K
  class space    used 431K, capacity 460K, committed 512K, reserved 1048576K
}
2024-07-23T00:25:56.627+0800: 5.285: Total time for which application threads were stopped: 0.0037793 seconds, Stopping threads took: 0.0000364 seconds
2024-07-23T00:25:56.655+0800: 5.312: [GC (CMS Initial Mark) [1 CMS-initial-mark: 205856K(349568K)] 205856K(506816K), 0.0008023 secs] [Times: user=0.00 sys=0.00, real=0.00 secs] 
2024-07-23T00:25:56.655+0800: 5.313: Total time for which application threads were stopped: 0.0282597 seconds, Stopping threads took: 0.0272841 seconds
2024-07-23T00:25:56.655+0800: 5.313: [CMS-concurrent-mark-start]
2024-07-23T00:25:56.657+0800: 5.314: [CMS-concurrent-mark: 0.001/0.001 secs] [Times: user=0.00 sys=0.00, real=0.00 secs] 
2024-07-23T00:25:56.657+0800: 5.314: [CMS-concurrent-preclean-start]
2024-07-23T00:25:56.657+0800: 5.314: [CMS-concurrent-preclean: 0.000/0.000 secs] [Times: user=0.00 sys=0.00, real=0.00 secs] 
2024-07-23T00:25:56.657+0800: 5.314: [GC (CMS Final Remark) [YG occupancy: 0 K (157248 K)]2024-07-23T00:25:56.657+0800: 5.314: [Rescan (parallel) , 0.0005480 secs]2024-07-23T00:25:56.658+0800: 5.315: [weak refs processing, 0.0000092 secs]2024-07-23T00:25:56.658+0800: 5.315: [class unloading, 0.0002299 secs]2024-07-23T00:25:56.658+0800: 5.315: [scrub symbol table, 0.0003233 secs]2024-07-23T00:25:56.658+0800: 5.316: [scrub string table, 0.0000946 secs][1 CMS-remark: 205856K(349568K)] 205856K(506816K), 0.0012670 secs] [Times: user=0.00 sys=0.00, real=0.00 secs] 
2024-07-23T00:25:56.658+0800: 5.316: Total time for which application threads were stopped: 0.0013324 seconds, Stopping threads took: 0.0000360 seconds
2024-07-23T00:25:56.659+0800: 5.316: [CMS-concurrent-sweep-start]
2024-07-23T00:25:56.659+0800: 5.316: [CMS-concurrent-sweep: 0.000/0.000 secs] [Times: user=0.00 sys=0.00, real=0.00 secs] 
2024-07-23T00:25:56.659+0800: 5.316: [CMS-concurrent-reset-start]
2024-07-23T00:25:56.659+0800: 5.317: [CMS-concurrent-reset: 0.001/0.001 secs] [Times: user=0.00 sys=0.00, real=0.00 secs] 
{Heap before GC invocations=117 (full 231):
 par new generation   total 157248K, used 0K [0x00000000e0000000, 0x00000000eaaa0000, 0x00000000eaaa0000)
  eden space 139776K,   0% used [0x00000000e0000000, 0x00000000e0000000, 0x00000000e8880000)
  from space 17472K,   0% used [0x00000000e9990000, 0x00000000e9990000, 0x00000000eaaa0000)
  to   space 17472K,   0% used [0x00000000e8880000, 0x00000000e8880000, 0x00000000e9990000)
 concurrent mark-sweep generation total 349568K, used 205856K [0x00000000eaaa0000, 0x0000000100000000, 0x0000000100000000)
 Metaspace       used 3956K, capacity 4568K, committed 4864K, reserved 1056768K
  class space    used 431K, capacity 460K, committed 512K, reserved 1048576K
2024-07-23T00:25:56.671+0800: 5.328: [GC (Allocation Failure) 2024-07-23T00:25:56.671+0800: 5.328: [ParNew
Desired survivor size 8945664 bytes, new threshold 6 (max 6)
: 0K->0K(157248K), 0.0005513 secs]2024-07-23T00:25:56.672+0800: 5.329: [CMS: 205856K->1056K(349568K), 0.0026312 secs] 205856K->1056K(506816K), [Metaspace: 3956K->3956K(1056768K)], 0.0033239 secs] [Times: user=0.00 sys=0.00, real=0.00 secs] 
Heap after GC invocations=118 (full 232):
 par new generation   total 157248K, used 0K [0x00000000e0000000, 0x00000000eaaa0000, 0x00000000eaaa0000)
  eden space 139776K,   0% used [0x00000000e0000000, 0x00000000e0000000, 0x00000000e8880000)
  from space 17472K,   0% used [0x00000000e8880000, 0x00000000e8880000, 0x00000000e9990000)
  to   space 17472K,   0% used [0x00000000e9990000, 0x00000000e9990000, 0x00000000eaaa0000)
 concurrent mark-sweep generation total 349568K, used 1056K [0x00000000eaaa0000, 0x0000000100000000, 0x0000000100000000)
 Metaspace       used 3956K, capacity 4568K, committed 4864K, reserved 1056768K
  class space    used 431K, capacity 460K, committed 512K, reserved 1048576K
}
2024-07-23T00:25:56.674+0800: 5.332: Total time for which application threads were stopped: 0.0035195 seconds, Stopping threads took: 0.0000444 seconds
2024-07-23T00:25:56.695+0800: 5.352: [GC (CMS Initial Mark) [1 CMS-initial-mark: 205856K(349568K)] 205856K(506816K), 0.0008000 secs] [Times: user=0.00 sys=0.00, real=0.00 secs] 
2024-07-23T00:25:56.696+0800: 5.353: Total time for which application threads were stopped: 0.0212565 seconds, Stopping threads took: 0.0203823 seconds
2024-07-23T00:25:56.696+0800: 5.353: [CMS-concurrent-mark-start]
2024-07-23T00:25:56.697+0800: 5.355: [CMS-concurrent-mark: 0.001/0.001 secs] [Times: user=0.00 sys=0.00, real=0.00 secs] 
2024-07-23T00:25:56.697+0800: 5.355: [CMS-concurrent-preclean-start]
2024-07-23T00:25:56.697+0800: 5.355: [CMS-concurrent-preclean: 0.000/0.000 secs] [Times: user=0.00 sys=0.00, real=0.00 secs] 
2024-07-23T00:25:56.698+0800: 5.355: [GC (CMS Final Remark) [YG occupancy: 0 K (157248 K)]2024-07-23T00:25:56.698+0800: 5.355: [Rescan (parallel) , 0.0007327 secs]2024-07-23T00:25:56.698+0800: 5.356: [weak refs processing, 0.0000085 secs]2024-07-23T00:25:56.698+0800: 5.356: [class unloading, 0.0002154 secs]2024-07-23T00:25:56.699+0800: 5.356: [scrub symbol table, 0.0005078 secs]2024-07-23T00:25:56.699+0800: 5.356: [scrub string table, 0.0000978 secs][1 CMS-remark: 205856K(349568K)] 205856K(506816K), 0.0016179 secs] [Times: user=0.00 sys=0.00, real=0.00 secs] 
2024-07-23T00:25:56.699+0800: 5.356: Total time for which application threads were stopped: 0.0016611 seconds, Stopping threads took: 0.0000130 seconds
2024-07-23T00:25:56.699+0800: 5.357: [CMS-concurrent-sweep-start]
2024-07-23T00:25:56.699+0800: 5.357: [CMS-concurrent-sweep: 0.000/0.000 secs] [Times: user=0.00 sys=0.00, real=0.00 secs] 
2024-07-23T00:25:56.699+0800: 5.357: [CMS-concurrent-reset-start]
2024-07-23T00:25:56.700+0800: 5.357: [CMS-concurrent-reset: 0.001/0.001 secs] [Times: user=0.00 sys=0.00, real=0.00 secs] 
{Heap before GC invocations=118 (full 233):
 par new generation   total 157248K, used 0K [0x00000000e0000000, 0x00000000eaaa0000, 0x00000000eaaa0000)
  eden space 139776K,   0% used [0x00000000e0000000, 0x00000000e0000000, 0x00000000e8880000)
  from space 17472K,   0% used [0x00000000e8880000, 0x00000000e8880000, 0x00000000e9990000)
  to   space 17472K,   0% used [0x00000000e9990000, 0x00000000e9990000, 0x00000000eaaa0000)
 concurrent mark-sweep generation total 349568K, used 205856K [0x00000000eaaa0000, 0x0000000100000000, 0x0000000100000000)
 Metaspace       used 3956K, capacity 4568K, committed 4864K, reserved 1056768K
  class space    used 431K, capacity 460K, committed 512K, reserved 1048576K
2024-07-23T00:25:56.719+0800: 5.376: [GC (Allocation Failure) 2024-07-23T00:25:56.719+0800: 5.376: [ParNew
Desired survivor size 8945664 bytes, new threshold 6 (max 6)
: 0K->0K(157248K), 0.0009882 secs]2024-07-23T00:25:56.720+0800: 5.377: [CMS: 205856K->1056K(349568K), 0.0034819 secs] 205856K->1056K(506816K), [Metaspace: 3956K->3956K(1056768K)], 0.0046930 secs] [Times: user=0.01 sys=0.00, real=0.00 secs] 
Heap after GC invocations=119 (full 234):
 par new generation   total 157248K, used 0K [0x00000000e0000000, 0x00000000eaaa0000, 0x00000000eaaa0000)
  eden space 139776K,   0% used [0x00000000e0000000, 0x00000000e0000000, 0x00000000e8880000)
  from space 17472K,   0% used [0x00000000e9990000, 0x00000000e9990000, 0x00000000eaaa0000)
  to   space 17472K,   0% used [0x00000000e8880000, 0x00000000e8880000, 0x00000000e9990000)
 concurrent mark-sweep generation total 349568K, used 1056K [0x00000000eaaa0000, 0x0000000100000000, 0x0000000100000000)
 Metaspace       used 3956K, capacity 4568K, committed 4864K, reserved 1056768K
  class space    used 431K, capacity 460K, committed 512K, reserved 1048576K
}
2024-07-23T00:25:56.724+0800: 5.381: Total time for which application threads were stopped: 0.0050120 seconds, Stopping threads took: 0.0000553 seconds
2024-07-23T00:25:56.747+0800: 5.404: [GC (CMS Initial Mark) [1 CMS-initial-mark: 205856K(349568K)] 205856K(506816K), 0.0009581 secs] [Times: user=0.00 sys=0.00, real=0.00 secs] 
2024-07-23T00:25:56.748+0800: 5.405: Total time for which application threads were stopped: 0.0235496 seconds, Stopping threads took: 0.0225189 seconds
2024-07-23T00:25:56.748+0800: 5.405: [CMS-concurrent-mark-start]
2024-07-23T00:25:56.750+0800: 5.407: [CMS-concurrent-mark: 0.002/0.002 secs] [Times: user=0.00 sys=0.00, real=0.00 secs] 
2024-07-23T00:25:56.750+0800: 5.407: [CMS-concurrent-preclean-start]
2024-07-23T00:25:56.751+0800: 5.408: [CMS-concurrent-preclean: 0.001/0.001 secs] [Times: user=0.00 sys=0.00, real=0.00 secs] 
2024-07-23T00:25:56.751+0800: 5.408: [GC (CMS Final Remark) [YG occupancy: 0 K (157248 K)]2024-07-23T00:25:56.751+0800: 5.408: [Rescan (parallel) , 0.0004974 secs]2024-07-23T00:25:56.752+0800: 5.409: [weak refs processing, 0.0000240 secs]2024-07-23T00:25:56.752+0800: 5.409: [class unloading, 0.0003431 secs]2024-07-23T00:25:56.752+0800: 5.409: [scrub symbol table, 0.0005096 secs]2024-07-23T00:25:56.752+0800: 5.410: [scrub string table, 0.0001649 secs][1 CMS-remark: 205856K(349568K)] 205856K(506816K), 0.0016690 secs] [Times: user=0.00 sys=0.00, real=0.00 secs] 
2024-07-23T00:25:56.753+0800: 5.410: Total time for which application threads were stopped: 0.0018208 seconds, Stopping threads took: 0.0000601 seconds
2024-07-23T00:25:56.753+0800: 5.410: [CMS-concurrent-sweep-start]
2024-07-23T00:25:56.753+0800: 5.410: [CMS-concurrent-sweep: 0.000/0.000 secs] [Times: user=0.00 sys=0.00, real=0.00 secs] 
2024-07-23T00:25:56.753+0800: 5.410: [CMS-concurrent-reset-start]
2024-07-23T00:25:56.754+0800: 5.411: [CMS-concurrent-reset: 0.001/0.001 secs] [Times: user=0.00 sys=0.00, real=0.00 secs] 
{Heap before GC invocations=119 (full 235):
 par new generation   total 157248K, used 0K [0x00000000e0000000, 0x00000000eaaa0000, 0x00000000eaaa0000)
  eden space 139776K,   0% used [0x00000000e0000000, 0x00000000e0000000, 0x00000000e8880000)
  from space 17472K,   0% used [0x00000000e9990000, 0x00000000e9990000, 0x00000000eaaa0000)
  to   space 17472K,   0% used [0x00000000e8880000, 0x00000000e8880000, 0x00000000e9990000)
 concurrent mark-sweep generation total 349568K, used 205856K [0x00000000eaaa0000, 0x0000000100000000, 0x0000000100000000)
 Metaspace       used 3956K, capacity 4568K, committed 4864K, reserved 1056768K
  class space    used 431K, capacity 460K, committed 512K, reserved 1048576K
2024-07-23T00:25:56.767+0800: 5.424: [GC (Allocation Failure) 2024-07-23T00:25:56.767+0800: 5.424: [ParNew
Desired survivor size 8945664 bytes, new threshold 6 (max 6)
: 0K->0K(157248K), 0.0012422 secs]2024-07-23T00:25:56.768+0800: 5.425: [CMS: 205856K->1056K(349568K), 0.0034282 secs] 205856K->1056K(506816K), [Metaspace: 3956K->3956K(1056768K)], 0.0048907 secs] [Times: user=0.02 sys=0.00, real=0.01 secs] 
Heap after GC invocations=120 (full 236):
 par new generation   total 157248K, used 0K [0x00000000e0000000, 0x00000000eaaa0000, 0x00000000eaaa0000)
  eden space 139776K,   0% used [0x00000000e0000000, 0x00000000e0000000, 0x00000000e8880000)
  from space 17472K,   0% used [0x00000000e8880000, 0x00000000e8880000, 0x00000000e9990000)
  to   space 17472K,   0% used [0x00000000e9990000, 0x00000000e9990000, 0x00000000eaaa0000)
 concurrent mark-sweep generation total 349568K, used 1056K [0x00000000eaaa0000, 0x0000000100000000, 0x0000000100000000)
 Metaspace       used 3956K, capacity 4568K, committed 4864K, reserved 1056768K
  class space    used 431K, capacity 460K, committed 512K, reserved 1048576K
}
2024-07-23T00:25:56.772+0800: 5.429: Total time for which application threads were stopped: 0.0050782 seconds, Stopping threads took: 0.0000352 seconds
2024-07-23T00:25:56.792+0800: 5.449: [GC (CMS Initial Mark) [1 CMS-initial-mark: 205856K(349568K)] 205856K(506816K), 0.0007122 secs] [Times: user=0.00 sys=0.00, real=0.00 secs] 
2024-07-23T00:25:56.792+0800: 5.449: Total time for which application threads were stopped: 0.0203223 seconds, Stopping threads took: 0.0195520 seconds
2024-07-23T00:25:56.792+0800: 5.449: [CMS-concurrent-mark-start]
2024-07-23T00:25:56.794+0800: 5.451: [CMS-concurrent-mark: 0.002/0.002 secs] [Times: user=0.01 sys=0.00, real=0.00 secs] 
2024-07-23T00:25:56.794+0800: 5.451: [CMS-concurrent-preclean-start]
2024-07-23T00:25:56.795+0800: 5.452: [CMS-concurrent-preclean: 0.000/0.000 secs] [Times: user=0.00 sys=0.00, real=0.00 secs] 
2024-07-23T00:25:56.795+0800: 5.452: [GC (CMS Final Remark) [YG occupancy: 0 K (157248 K)]2024-07-23T00:25:56.795+0800: 5.452: [Rescan (parallel) , 0.0007212 secs]2024-07-23T00:25:56.795+0800: 5.452: [weak refs processing, 0.0000112 secs]2024-07-23T00:25:56.795+0800: 5.452: [class unloading, 0.0002328 secs]2024-07-23T00:25:56.796+0800: 5.453: [scrub symbol table, 0.0003514 secs]2024-07-23T00:25:56.796+0800: 5.453: [scrub string table, 0.0001128 secs][1 CMS-remark: 205856K(349568K)] 205856K(506816K), 0.0014899 secs] [Times: user=0.00 sys=0.00, real=0.00 secs] 
2024-07-23T00:25:56.796+0800: 5.453: Total time for which application threads were stopped: 0.0015460 seconds, Stopping threads took: 0.0000140 seconds
2024-07-23T00:25:56.796+0800: 5.453: [CMS-concurrent-sweep-start]
2024-07-23T00:25:56.796+0800: 5.453: [CMS-concurrent-sweep: 0.000/0.000 secs] [Times: user=0.00 sys=0.00, real=0.00 secs] 
2024-07-23T00:25:56.797+0800: 5.454: [CMS-concurrent-reset-start]
2024-07-23T00:25:56.797+0800: 5.454: [CMS-concurrent-reset: 0.000/0.000 secs] [Times: user=0.00 sys=0.00, real=0.00 secs] 
{Heap before GC invocations=120 (full 237):
 par new generation   total 157248K, used 0K [0x00000000e0000000, 0x00000000eaaa0000, 0x00000000eaaa0000)
  eden space 139776K,   0% used [0x00000000e0000000, 0x00000000e0000000, 0x00000000e8880000)
  from space 17472K,   0% used [0x00000000e8880000, 0x00000000e8880000, 0x00000000e9990000)
  to   space 17472K,   0% used [0x00000000e9990000, 0x00000000e9990000, 0x00000000eaaa0000)
 concurrent mark-sweep generation total 349568K, used 205856K [0x00000000eaaa0000, 0x0000000100000000, 0x0000000100000000)
 Metaspace       used 3956K, capacity 4568K, committed 4864K, reserved 1056768K
  class space    used 431K, capacity 460K, committed 512K, reserved 1048576K
2024-07-23T00:25:56.815+0800: 5.472: [GC (Allocation Failure) 2024-07-23T00:25:56.815+0800: 5.472: [ParNew
Desired survivor size 8945664 bytes, new threshold 6 (max 6)
: 0K->0K(157248K), 0.0012423 secs]2024-07-23T00:25:56.816+0800: 5.473: [CMS: 205856K->1056K(349568K), 0.0042980 secs] 205856K->1056K(506816K), [Metaspace: 3956K->3956K(1056768K)], 0.0057686 secs] [Times: user=0.00 sys=0.00, real=0.01 secs] 
Heap after GC invocations=121 (full 238):
 par new generation   total 157248K, used 0K [0x00000000e0000000, 0x00000000eaaa0000, 0x00000000eaaa0000)
  eden space 139776K,   0% used [0x00000000e0000000, 0x00000000e0000000, 0x00000000e8880000)
  from space 17472K,   0% used [0x00000000e9990000, 0x00000000e9990000, 0x00000000eaaa0000)
  to   space 17472K,   0% used [0x00000000e8880000, 0x00000000e8880000, 0x00000000e9990000)
 concurrent mark-sweep generation total 349568K, used 1056K [0x00000000eaaa0000, 0x0000000100000000, 0x0000000100000000)
 Metaspace       used 3956K, capacity 4568K, committed 4864K, reserved 1056768K
  class space    used 431K, capacity 460K, committed 512K, reserved 1048576K
}
2024-07-23T00:25:56.821+0800: 5.478: Total time for which application threads were stopped: 0.0059669 seconds, Stopping threads took: 0.0000354 seconds
2024-07-23T00:25:56.840+0800: 5.498: [GC (CMS Initial Mark) [1 CMS-initial-mark: 205856K(349568K)] 205856K(506816K), 0.0009805 secs] [Times: user=0.00 sys=0.00, real=0.00 secs] 
2024-07-23T00:25:56.841+0800: 5.499: Total time for which application threads were stopped: 0.0207453 seconds, Stopping threads took: 0.0197016 seconds
2024-07-23T00:25:56.841+0800: 5.499: [CMS-concurrent-mark-start]
2024-07-23T00:25:56.843+0800: 5.500: [CMS-concurrent-mark: 0.002/0.002 secs] [Times: user=0.00 sys=0.00, real=0.00 secs] 
2024-07-23T00:25:56.843+0800: 5.500: [CMS-concurrent-preclean-start]
2024-07-23T00:25:56.843+0800: 5.500: [CMS-concurrent-preclean: 0.000/0.000 secs] [Times: user=0.00 sys=0.00, real=0.00 secs] 
2024-07-23T00:25:56.843+0800: 5.501: [GC (CMS Final Remark) [YG occupancy: 0 K (157248 K)]2024-07-23T00:25:56.843+0800: 5.501: [Rescan (parallel) , 0.0007686 secs]2024-07-23T00:25:56.844+0800: 5.501: [weak refs processing, 0.0000113 secs]2024-07-23T00:25:56.844+0800: 5.501: [class unloading, 0.0002032 secs]2024-07-23T00:25:56.844+0800: 5.502: [scrub symbol table, 0.0003272 secs]2024-07-23T00:25:56.844+0800: 5.502: [scrub string table, 0.0001017 secs][1 CMS-remark: 205856K(349568K)] 205856K(506816K), 0.0014652 secs] [Times: user=0.00 sys=0.00, real=0.00 secs] 
2024-07-23T00:25:56.845+0800: 5.502: Total time for which application threads were stopped: 0.0015110 seconds, Stopping threads took: 0.0000153 seconds
2024-07-23T00:25:56.845+0800: 5.502: [CMS-concurrent-sweep-start]
2024-07-23T00:25:56.845+0800: 5.502: [CMS-concurrent-sweep: 0.000/0.000 secs] [Times: user=0.00 sys=0.00, real=0.00 secs] 
2024-07-23T00:25:56.845+0800: 5.502: [CMS-concurrent-reset-start]
2024-07-23T00:25:56.845+0800: 5.503: [CMS-concurrent-reset: 0.000/0.000 secs] [Times: user=0.00 sys=0.00, real=0.00 secs] 
{Heap before GC invocations=121 (full 239):
 par new generation   total 157248K, used 0K [0x00000000e0000000, 0x00000000eaaa0000, 0x00000000eaaa0000)
  eden space 139776K,   0% used [0x00000000e0000000, 0x00000000e0000000, 0x00000000e8880000)
  from space 17472K,   0% used [0x00000000e9990000, 0x00000000e9990000, 0x00000000eaaa0000)
  to   space 17472K,   0% used [0x00000000e8880000, 0x00000000e8880000, 0x00000000e9990000)
 concurrent mark-sweep generation total 349568K, used 205856K [0x00000000eaaa0000, 0x0000000100000000, 0x0000000100000000)
 Metaspace       used 3956K, capacity 4568K, committed 4864K, reserved 1056768K
  class space    used 431K, capacity 460K, committed 512K, reserved 1048576K
2024-07-23T00:25:56.862+0800: 5.519: [GC (Allocation Failure) 2024-07-23T00:25:56.862+0800: 5.519: [ParNew
Desired survivor size 8945664 bytes, new threshold 6 (max 6)
: 0K->0K(157248K), 0.0018223 secs]2024-07-23T00:25:56.864+0800: 5.521: [CMS: 205856K->1056K(349568K), 0.0036637 secs] 205856K->1056K(506816K), [Metaspace: 3956K->3956K(1056768K)], 0.0057113 secs] [Times: user=0.00 sys=0.00, real=0.01 secs] 
Heap after GC invocations=122 (full 240):
 par new generation   total 157248K, used 0K [0x00000000e0000000, 0x00000000eaaa0000, 0x00000000eaaa0000)
  eden space 139776K,   0% used [0x00000000e0000000, 0x00000000e0000000, 0x00000000e8880000)
  from space 17472K,   0% used [0x00000000e8880000, 0x00000000e8880000, 0x00000000e9990000)
  to   space 17472K,   0% used [0x00000000e9990000, 0x00000000e9990000, 0x00000000eaaa0000)
 concurrent mark-sweep generation total 349568K, used 1056K [0x00000000eaaa0000, 0x0000000100000000, 0x0000000100000000)
 Metaspace       used 3956K, capacity 4568K, committed 4864K, reserved 1056768K
  class space    used 431K, capacity 460K, committed 512K, reserved 1048576K
}
2024-07-23T00:25:56.868+0800: 5.525: Total time for which application threads were stopped: 0.0059050 seconds, Stopping threads took: 0.0000345 seconds
2024-07-23T00:25:56.888+0800: 5.546: [GC (CMS Initial Mark) [1 CMS-initial-mark: 205856K(349568K)] 205856K(506816K), 0.0004688 secs] [Times: user=0.00 sys=0.00, real=0.00 secs] 
2024-07-23T00:25:56.889+0800: 5.546: Total time for which application threads were stopped: 0.0208135 seconds, Stopping threads took: 0.0202886 seconds
2024-07-23T00:25:56.889+0800: 5.546: [CMS-concurrent-mark-start]
2024-07-23T00:25:56.890+0800: 5.548: [CMS-concurrent-mark: 0.001/0.001 secs] [Times: user=0.00 sys=0.00, real=0.00 secs] 
2024-07-23T00:25:56.890+0800: 5.548: [CMS-concurrent-preclean-start]
2024-07-23T00:25:56.891+0800: 5.548: [CMS-concurrent-preclean: 0.000/0.000 secs] [Times: user=0.00 sys=0.00, real=0.00 secs] 
2024-07-23T00:25:56.891+0800: 5.548: [GC (CMS Final Remark) [YG occupancy: 0 K (157248 K)]2024-07-23T00:25:56.891+0800: 5.548: [Rescan (parallel) , 0.0005536 secs]2024-07-23T00:25:56.891+0800: 5.548: [weak refs processing, 0.0000096 secs]2024-07-23T00:25:56.891+0800: 5.548: [class unloading, 0.0002279 secs]2024-07-23T00:25:56.891+0800: 5.549: [scrub symbol table, 0.0003831 secs]2024-07-23T00:25:56.892+0800: 5.549: [scrub string table, 0.0000967 secs][1 CMS-remark: 205856K(349568K)] 205856K(506816K), 0.0013123 secs] [Times: user=0.00 sys=0.00, real=0.00 secs] 
2024-07-23T00:25:56.892+0800: 5.549: Total time for which application threads were stopped: 0.0013480 seconds, Stopping threads took: 0.0000106 seconds
2024-07-23T00:25:56.892+0800: 5.549: [CMS-concurrent-sweep-start]
2024-07-23T00:25:56.892+0800: 5.549: [CMS-concurrent-sweep: 0.000/0.000 secs] [Times: user=0.00 sys=0.00, real=0.00 secs] 
2024-07-23T00:25:56.892+0800: 5.549: [CMS-concurrent-reset-start]
2024-07-23T00:25:56.893+0800: 5.550: [CMS-concurrent-reset: 0.000/0.000 secs] [Times: user=0.00 sys=0.00, real=0.00 secs] 
{Heap before GC invocations=122 (full 241):
 par new generation   total 157248K, used 0K [0x00000000e0000000, 0x00000000eaaa0000, 0x00000000eaaa0000)
  eden space 139776K,   0% used [0x00000000e0000000, 0x00000000e0000000, 0x00000000e8880000)
  from space 17472K,   0% used [0x00000000e8880000, 0x00000000e8880000, 0x00000000e9990000)
  to   space 17472K,   0% used [0x00000000e9990000, 0x00000000e9990000, 0x00000000eaaa0000)
 concurrent mark-sweep generation total 349568K, used 205856K [0x00000000eaaa0000, 0x0000000100000000, 0x0000000100000000)
 Metaspace       used 3956K, capacity 4568K, committed 4864K, reserved 1056768K
  class space    used 431K, capacity 460K, committed 512K, reserved 1048576K
2024-07-23T00:25:56.908+0800: 5.565: [GC (Allocation Failure) 2024-07-23T00:25:56.908+0800: 5.565: [ParNew
Desired survivor size 8945664 bytes, new threshold 6 (max 6)
: 0K->0K(157248K), 0.0009142 secs]2024-07-23T00:25:56.909+0800: 5.566: [CMS: 205856K->1056K(349568K), 0.0032940 secs] 205856K->1056K(506816K), [Metaspace: 3956K->3956K(1056768K)], 0.0043269 secs] [Times: user=0.00 sys=0.00, real=0.00 secs] 
Heap after GC invocations=123 (full 242):
 par new generation   total 157248K, used 0K [0x00000000e0000000, 0x00000000eaaa0000, 0x00000000eaaa0000)
  eden space 139776K,   0% used [0x00000000e0000000, 0x00000000e0000000, 0x00000000e8880000)
  from space 17472K,   0% used [0x00000000e9990000, 0x00000000e9990000, 0x00000000eaaa0000)
  to   space 17472K,   0% used [0x00000000e8880000, 0x00000000e8880000, 0x00000000e9990000)
 concurrent mark-sweep generation total 349568K, used 1056K [0x00000000eaaa0000, 0x0000000100000000, 0x0000000100000000)
 Metaspace       used 3956K, capacity 4568K, committed 4864K, reserved 1056768K
  class space    used 431K, capacity 460K, committed 512K, reserved 1048576K
}
2024-07-23T00:25:56.912+0800: 5.570: Total time for which application threads were stopped: 0.0044976 seconds, Stopping threads took: 0.0000447 seconds
2024-07-23T00:25:56.929+0800: 5.587: [GC (CMS Initial Mark) [1 CMS-initial-mark: 205856K(349568K)] 205856K(506816K), 0.0002686 secs] [Times: user=0.00 sys=0.00, real=0.00 secs] 
2024-07-23T00:25:56.930+0800: 5.587: Total time for which application threads were stopped: 0.0173727 seconds, Stopping threads took: 0.0170433 seconds
2024-07-23T00:25:56.930+0800: 5.587: [CMS-concurrent-mark-start]
2024-07-23T00:25:56.931+0800: 5.589: [CMS-concurrent-mark: 0.001/0.001 secs] [Times: user=0.00 sys=0.00, real=0.00 secs] 
2024-07-23T00:25:56.931+0800: 5.589: [CMS-concurrent-preclean-start]
2024-07-23T00:25:56.931+0800: 5.589: [CMS-concurrent-preclean: 0.000/0.000 secs] [Times: user=0.00 sys=0.00, real=0.00 secs] 
2024-07-23T00:25:56.931+0800: 5.589: [GC (CMS Final Remark) [YG occupancy: 0 K (157248 K)]2024-07-23T00:25:56.931+0800: 5.589: [Rescan (parallel) , 0.0001929 secs]2024-07-23T00:25:56.931+0800: 5.589: [weak refs processing, 0.0000075 secs]2024-07-23T00:25:56.931+0800: 5.589: [class unloading, 0.0002082 secs]2024-07-23T00:25:56.933+0800: 5.589: [scrub symbol table, 0.0003614 secs]2024-07-23T00:25:56.933+0800: 5.590: [scrub string table, 0.0001003 secs][1 CMS-remark: 205856K(349568K)] 205856K(506816K), 0.0009094 secs] [Times: user=0.00 sys=0.00, real=0.00 secs] 
2024-07-23T00:25:56.933+0800: 5.590: Total time for which application threads were stopped: 0.0009399 seconds, Stopping threads took: 0.0000091 seconds
2024-07-23T00:25:56.933+0800: 5.590: [CMS-concurrent-sweep-start]
2024-07-23T00:25:56.933+0800: 5.590: [CMS-concurrent-sweep: 0.000/0.000 secs] [Times: user=0.00 sys=0.00, real=0.00 secs] 
2024-07-23T00:25:56.933+0800: 5.590: [CMS-concurrent-reset-start]
2024-07-23T00:25:56.934+0800: 5.591: [CMS-concurrent-reset: 0.000/0.000 secs] [Times: user=0.00 sys=0.00, real=0.00 secs] 
{Heap before GC invocations=123 (full 243):
 par new generation   total 157248K, used 0K [0x00000000e0000000, 0x00000000eaaa0000, 0x00000000eaaa0000)
  eden space 139776K,   0% used [0x00000000e0000000, 0x00000000e0000000, 0x00000000e8880000)
  from space 17472K,   0% used [0x00000000e9990000, 0x00000000e9990000, 0x00000000eaaa0000)
  to   space 17472K,   0% used [0x00000000e8880000, 0x00000000e8880000, 0x00000000e9990000)
 concurrent mark-sweep generation total 349568K, used 205856K [0x00000000eaaa0000, 0x0000000100000000, 0x0000000100000000)
 Metaspace       used 3956K, capacity 4568K, committed 4864K, reserved 1056768K
  class space    used 431K, capacity 460K, committed 512K, reserved 1048576K
2024-07-23T00:25:56.956+0800: 5.613: [GC (Allocation Failure) 2024-07-23T00:25:56.956+0800: 5.613: [ParNew
Desired survivor size 8945664 bytes, new threshold 6 (max 6)
: 0K->0K(157248K), 0.0010135 secs]2024-07-23T00:25:56.957+0800: 5.614: [CMS: 205856K->1056K(349568K), 0.0036760 secs] 205856K->1056K(506816K), [Metaspace: 3956K->3956K(1056768K)], 0.0048155 secs] [Times: user=0.00 sys=0.00, real=0.00 secs] 
Heap after GC invocations=124 (full 244):
 par new generation   total 157248K, used 0K [0x00000000e0000000, 0x00000000eaaa0000, 0x00000000eaaa0000)
  eden space 139776K,   0% used [0x00000000e0000000, 0x00000000e0000000, 0x00000000e8880000)
  from space 17472K,   0% used [0x00000000e8880000, 0x00000000e8880000, 0x00000000e9990000)
  to   space 17472K,   0% used [0x00000000e9990000, 0x00000000e9990000, 0x00000000eaaa0000)
 concurrent mark-sweep generation total 349568K, used 1056K [0x00000000eaaa0000, 0x0000000100000000, 0x0000000100000000)
 Metaspace       used 3956K, capacity 4568K, committed 4864K, reserved 1056768K
  class space    used 431K, capacity 460K, committed 512K, reserved 1048576K
}
2024-07-23T00:25:56.961+0800: 5.618: Total time for which application threads were stopped: 0.0050134 seconds, Stopping threads took: 0.0000299 seconds
2024-07-23T00:25:56.978+0800: 5.635: [GC (CMS Initial Mark) [1 CMS-initial-mark: 205856K(349568K)] 205856K(506816K), 0.0002289 secs] [Times: user=0.00 sys=0.00, real=0.00 secs] 
2024-07-23T00:25:56.979+0800: 5.635: Total time for which application threads were stopped: 0.0176487 seconds, Stopping threads took: 0.0173580 seconds
2024-07-23T00:25:56.979+0800: 5.635: [CMS-concurrent-mark-start]
2024-07-23T00:25:56.980+0800: 5.637: [CMS-concurrent-mark: 0.001/0.001 secs] [Times: user=0.00 sys=0.00, real=0.00 secs] 
2024-07-23T00:25:56.980+0800: 5.637: [CMS-concurrent-preclean-start]
2024-07-23T00:25:56.980+0800: 5.637: [CMS-concurrent-preclean: 0.000/0.000 secs] [Times: user=0.00 sys=0.00, real=0.00 secs] 
2024-07-23T00:25:56.980+0800: 5.637: [GC (CMS Final Remark) [YG occupancy: 0 K (157248 K)]2024-07-23T00:25:56.980+0800: 5.637: [Rescan (parallel) , 0.0002512 secs]2024-07-23T00:25:56.980+0800: 5.637: [weak refs processing, 0.0000086 secs]2024-07-23T00:25:56.980+0800: 5.637: [class unloading, 0.0002046 secs]2024-07-23T00:25:56.980+0800: 5.637: [scrub symbol table, 0.0003425 secs]2024-07-23T00:25:56.981+0800: 5.638: [scrub string table, 0.0000973 secs][1 CMS-remark: 205856K(349568K)] 205856K(506816K), 0.0009428 secs] [Times: user=0.00 sys=0.00, real=0.00 secs] 
2024-07-23T00:25:56.981+0800: 5.638: Total time for which application threads were stopped: 0.0009738 seconds, Stopping threads took: 0.0000086 seconds
2024-07-23T00:25:56.981+0800: 5.638: [CMS-concurrent-sweep-start]
2024-07-23T00:25:56.981+0800: 5.638: [CMS-concurrent-sweep: 0.000/0.000 secs] [Times: user=0.00 sys=0.00, real=0.00 secs] 
2024-07-23T00:25:56.981+0800: 5.638: [CMS-concurrent-reset-start]
2024-07-23T00:25:56.981+0800: 5.638: [CMS-concurrent-reset: 0.000/0.000 secs] [Times: user=0.00 sys=0.00, real=0.00 secs] 
{Heap before GC invocations=124 (full 245):
 par new generation   total 157248K, used 0K [0x00000000e0000000, 0x00000000eaaa0000, 0x00000000eaaa0000)
  eden space 139776K,   0% used [0x00000000e0000000, 0x00000000e0000000, 0x00000000e8880000)
  from space 17472K,   0% used [0x00000000e8880000, 0x00000000e8880000, 0x00000000e9990000)
  to   space 17472K,   0% used [0x00000000e9990000, 0x00000000e9990000, 0x00000000eaaa0000)
 concurrent mark-sweep generation total 349568K, used 205856K [0x00000000eaaa0000, 0x0000000100000000, 0x0000000100000000)
 Metaspace       used 3956K, capacity 4568K, committed 4864K, reserved 1056768K
  class space    used 431K, capacity 460K, committed 512K, reserved 1048576K
2024-07-23T00:25:57.002+0800: 5.659: [GC (Allocation Failure) 2024-07-23T00:25:57.002+0800: 5.659: [ParNew
Desired survivor size 8945664 bytes, new threshold 6 (max 6)
: 0K->0K(157248K), 0.0013474 secs]2024-07-23T00:25:57.003+0800: 5.660: [CMS: 205856K->1056K(349568K), 0.0033096 secs] 205856K->1056K(506816K), [Metaspace: 3956K->3956K(1056768K)], 0.0047904 secs] [Times: user=0.00 sys=0.00, real=0.00 secs] 
Heap after GC invocations=125 (full 246):
 par new generation   total 157248K, used 0K [0x00000000e0000000, 0x00000000eaaa0000, 0x00000000eaaa0000)
  eden space 139776K,   0% used [0x00000000e0000000, 0x00000000e0000000, 0x00000000e8880000)
  from space 17472K,   0% used [0x00000000e9990000, 0x00000000e9990000, 0x00000000eaaa0000)
  to   space 17472K,   0% used [0x00000000e8880000, 0x00000000e8880000, 0x00000000e9990000)
 concurrent mark-sweep generation total 349568K, used 1056K [0x00000000eaaa0000, 0x0000000100000000, 0x0000000100000000)
 Metaspace       used 3956K, capacity 4568K, committed 4864K, reserved 1056768K
  class space    used 431K, capacity 460K, committed 512K, reserved 1048576K
}
2024-07-23T00:25:57.007+0800: 5.664: Total time for which application threads were stopped: 0.0049623 seconds, Stopping threads took: 0.0000266 seconds
2024-07-23T00:25:57.024+0800: 5.681: [GC (CMS Initial Mark) [1 CMS-initial-mark: 205856K(349568K)] 205856K(506816K), 0.0004621 secs] [Times: user=0.00 sys=0.00, real=0.00 secs] 
2024-07-23T00:25:57.024+0800: 5.681: Total time for which application threads were stopped: 0.0174276 seconds, Stopping threads took: 0.0168979 seconds
2024-07-23T00:25:57.024+0800: 5.681: [CMS-concurrent-mark-start]
2024-07-23T00:25:57.026+0800: 5.683: [CMS-concurrent-mark: 0.001/0.001 secs] [Times: user=0.00 sys=0.00, real=0.00 secs] 
2024-07-23T00:25:57.026+0800: 5.683: [CMS-concurrent-preclean-start]
2024-07-23T00:25:57.026+0800: 5.683: [CMS-concurrent-preclean: 0.000/0.000 secs] [Times: user=0.00 sys=0.00, real=0.00 secs] 
2024-07-23T00:25:57.026+0800: 5.683: [GC (CMS Final Remark) [YG occupancy: 0 K (157248 K)]2024-07-23T00:25:57.026+0800: 5.683: [Rescan (parallel) , 0.0001852 secs]2024-07-23T00:25:57.026+0800: 5.683: [weak refs processing, 0.0000089 secs]2024-07-23T00:25:57.026+0800: 5.683: [class unloading, 0.0002036 secs]2024-07-23T00:25:57.027+0800: 5.683: [scrub symbol table, 0.0003497 secs]2024-07-23T00:25:57.027+0800: 5.684: [scrub string table, 0.0001014 secs][1 CMS-remark: 205856K(349568K)] 205856K(506816K), 0.0008897 secs] [Times: user=0.00 sys=0.00, real=0.00 secs] 
2024-07-23T00:25:57.027+0800: 5.684: Total time for which application threads were stopped: 0.0009298 seconds, Stopping threads took: 0.0000092 seconds
2024-07-23T00:25:57.027+0800: 5.684: [CMS-concurrent-sweep-start]
2024-07-23T00:25:57.027+0800: 5.684: [CMS-concurrent-sweep: 0.000/0.000 secs] [Times: user=0.00 sys=0.00, real=0.00 secs] 
2024-07-23T00:25:57.027+0800: 5.684: [CMS-concurrent-reset-start]
2024-07-23T00:25:57.028+0800: 5.684: [CMS-concurrent-reset: 0.000/0.000 secs] [Times: user=0.02 sys=0.00, real=0.00 secs] 
{Heap before GC invocations=125 (full 247):
 par new generation   total 157248K, used 0K [0x00000000e0000000, 0x00000000eaaa0000, 0x00000000eaaa0000)
  eden space 139776K,   0% used [0x00000000e0000000, 0x00000000e0000000, 0x00000000e8880000)
  from space 17472K,   0% used [0x00000000e9990000, 0x00000000e9990000, 0x00000000eaaa0000)
  to   space 17472K,   0% used [0x00000000e8880000, 0x00000000e8880000, 0x00000000e9990000)
 concurrent mark-sweep generation total 349568K, used 205856K [0x00000000eaaa0000, 0x0000000100000000, 0x0000000100000000)
 Metaspace       used 3956K, capacity 4568K, committed 4864K, reserved 1056768K
  class space    used 431K, capacity 460K, committed 512K, reserved 1048576K
2024-07-23T00:25:57.034+0800: 5.690: [GC (Allocation Failure) 2024-07-23T00:25:57.034+0800: 5.690: [ParNew
Desired survivor size 8945664 bytes, new threshold 6 (max 6)
: 0K->0K(157248K), 0.0004848 secs]2024-07-23T00:25:57.034+0800: 5.691: [CMS: 205856K->1056K(349568K), 0.0030410 secs] 205856K->1056K(506816K), [Metaspace: 3956K->3956K(1056768K)], 0.0036088 secs] [Times: user=0.00 sys=0.00, real=0.00 secs] 
Heap after GC invocations=126 (full 248):
 par new generation   total 157248K, used 0K [0x00000000e0000000, 0x00000000eaaa0000, 0x00000000eaaa0000)
  eden space 139776K,   0% used [0x00000000e0000000, 0x00000000e0000000, 0x00000000e8880000)
  from space 17472K,   0% used [0x00000000e8880000, 0x00000000e8880000, 0x00000000e9990000)
  to   space 17472K,   0% used [0x00000000e9990000, 0x00000000e9990000, 0x00000000eaaa0000)
 concurrent mark-sweep generation total 349568K, used 1056K [0x00000000eaaa0000, 0x0000000100000000, 0x0000000100000000)
 Metaspace       used 3956K, capacity 4568K, committed 4864K, reserved 1056768K
  class space    used 431K, capacity 460K, committed 512K, reserved 1048576K
}
2024-07-23T00:25:57.037+0800: 5.694: Total time for which application threads were stopped: 0.0037075 seconds, Stopping threads took: 0.0000129 seconds
2024-07-23T00:25:57.054+0800: 5.711: [GC (CMS Initial Mark) [1 CMS-initial-mark: 205856K(349568K)] 205856K(506816K), 0.0002912 secs] [Times: user=0.00 sys=0.00, real=0.00 secs] 
2024-07-23T00:25:57.054+0800: 5.711: Total time for which application threads were stopped: 0.0170071 seconds, Stopping threads took: 0.0166475 seconds
2024-07-23T00:25:57.054+0800: 5.711: [CMS-concurrent-mark-start]
2024-07-23T00:25:57.055+0800: 5.713: [CMS-concurrent-mark: 0.002/0.002 secs] [Times: user=0.00 sys=0.00, real=0.00 secs] 
2024-07-23T00:25:57.056+0800: 5.713: [CMS-concurrent-preclean-start]
2024-07-23T00:25:57.056+0800: 5.713: [CMS-concurrent-preclean: 0.000/0.000 secs] [Times: user=0.00 sys=0.00, real=0.00 secs] 
2024-07-23T00:25:57.056+0800: 5.713: [GC (CMS Final Remark) [YG occupancy: 0 K (157248 K)]2024-07-23T00:25:57.056+0800: 5.713: [Rescan (parallel) , 0.0002454 secs]2024-07-23T00:25:57.056+0800: 5.713: [weak refs processing, 0.0000091 secs]2024-07-23T00:25:57.056+0800: 5.713: [class unloading, 0.0002016 secs]2024-07-23T00:25:57.056+0800: 5.713: [scrub symbol table, 0.0003230 secs]2024-07-23T00:25:57.057+0800: 5.714: [scrub string table, 0.0001003 secs][1 CMS-remark: 205856K(349568K)] 205856K(506816K), 0.0009198 secs] [Times: user=0.00 sys=0.00, real=0.00 secs] 
2024-07-23T00:25:57.057+0800: 5.714: Total time for which application threads were stopped: 0.0009496 seconds, Stopping threads took: 0.0000090 seconds
2024-07-23T00:25:57.057+0800: 5.714: [CMS-concurrent-sweep-start]
2024-07-23T00:25:57.057+0800: 5.714: [CMS-concurrent-sweep: 0.000/0.000 secs] [Times: user=0.00 sys=0.00, real=0.00 secs] 
2024-07-23T00:25:57.057+0800: 5.714: [CMS-concurrent-reset-start]
2024-07-23T00:25:57.057+0800: 5.715: [CMS-concurrent-reset: 0.000/0.000 secs] [Times: user=0.00 sys=0.00, real=0.00 secs] 
{Heap before GC invocations=126 (full 249):
 par new generation   total 157248K, used 0K [0x00000000e0000000, 0x00000000eaaa0000, 0x00000000eaaa0000)
  eden space 139776K,   0% used [0x00000000e0000000, 0x00000000e0000000, 0x00000000e8880000)
  from space 17472K,   0% used [0x00000000e8880000, 0x00000000e8880000, 0x00000000e9990000)
  to   space 17472K,   0% used [0x00000000e9990000, 0x00000000e9990000, 0x00000000eaaa0000)
 concurrent mark-sweep generation total 349568K, used 205856K [0x00000000eaaa0000, 0x0000000100000000, 0x0000000100000000)
 Metaspace       used 3956K, capacity 4568K, committed 4864K, reserved 1056768K
  class space    used 431K, capacity 460K, committed 512K, reserved 1048576K
2024-07-23T00:25:57.065+0800: 5.722: [GC (Allocation Failure) 2024-07-23T00:25:57.065+0800: 5.722: [ParNew
Desired survivor size 8945664 bytes, new threshold 6 (max 6)
: 0K->0K(157248K), 0.0005344 secs]2024-07-23T00:25:57.065+0800: 5.722: [CMS: 205856K->1056K(349568K), 0.0036087 secs] 205856K->1056K(506816K), [Metaspace: 3956K->3956K(1056768K)], 0.0042561 secs] [Times: user=0.00 sys=0.00, real=0.00 secs] 
Heap after GC invocations=127 (full 250):
 par new generation   total 157248K, used 0K [0x00000000e0000000, 0x00000000eaaa0000, 0x00000000eaaa0000)
  eden space 139776K,   0% used [0x00000000e0000000, 0x00000000e0000000, 0x00000000e8880000)
  from space 17472K,   0% used [0x00000000e9990000, 0x00000000e9990000, 0x00000000eaaa0000)
  to   space 17472K,   0% used [0x00000000e8880000, 0x00000000e8880000, 0x00000000e9990000)
 concurrent mark-sweep generation total 349568K, used 1056K [0x00000000eaaa0000, 0x0000000100000000, 0x0000000100000000)
 Metaspace       used 3956K, capacity 4568K, committed 4864K, reserved 1056768K
  class space    used 431K, capacity 460K, committed 512K, reserved 1048576K
}
2024-07-23T00:25:57.069+0800: 5.726: Total time for which application threads were stopped: 0.0043912 seconds, Stopping threads took: 0.0000150 seconds
2024-07-23T00:25:57.086+0800: 5.744: [GC (CMS Initial Mark) [1 CMS-initial-mark: 205856K(349568K)] 205856K(506816K), 0.0002327 secs] [Times: user=0.00 sys=0.00, real=0.00 secs] 
2024-07-23T00:25:57.087+0800: 5.744: Total time for which application threads were stopped: 0.0177120 seconds, Stopping threads took: 0.0174127 seconds
2024-07-23T00:25:57.087+0800: 5.744: [CMS-concurrent-mark-start]
2024-07-23T00:25:57.088+0800: 5.745: [CMS-concurrent-mark: 0.001/0.001 secs] [Times: user=0.00 sys=0.00, real=0.00 secs] 
2024-07-23T00:25:57.088+0800: 5.745: [CMS-concurrent-preclean-start]
2024-07-23T00:25:57.088+0800: 5.746: [CMS-concurrent-preclean: 0.000/0.000 secs] [Times: user=0.00 sys=0.00, real=0.00 secs] 
2024-07-23T00:25:57.088+0800: 5.746: [GC (CMS Final Remark) [YG occupancy: 0 K (157248 K)]2024-07-23T00:25:57.088+0800: 5.746: [Rescan (parallel) , 0.0003084 secs]2024-07-23T00:25:57.089+0800: 5.746: [weak refs processing, 0.0000098 secs]2024-07-23T00:25:57.089+0800: 5.746: [class unloading, 0.0002009 secs]2024-07-23T00:25:57.089+0800: 5.746: [scrub symbol table, 0.0003189 secs]2024-07-23T00:25:57.089+0800: 5.747: [scrub string table, 0.0000899 secs][1 CMS-remark: 205856K(349568K)] 205856K(506816K), 0.0009757 secs] [Times: user=0.00 sys=0.00, real=0.00 secs] 
2024-07-23T00:25:57.089+0800: 5.747: Total time for which application threads were stopped: 0.0010130 seconds, Stopping threads took: 0.0000115 seconds
2024-07-23T00:25:57.090+0800: 5.747: [CMS-concurrent-sweep-start]
2024-07-23T00:25:57.090+0800: 5.747: [CMS-concurrent-sweep: 0.000/0.000 secs] [Times: user=0.00 sys=0.00, real=0.00 secs] 
2024-07-23T00:25:57.090+0800: 5.747: [CMS-concurrent-reset-start]
2024-07-23T00:25:57.090+0800: 5.748: [CMS-concurrent-reset: 0.000/0.000 secs] [Times: user=0.00 sys=0.00, real=0.00 secs] 
{Heap before GC invocations=127 (full 251):
 par new generation   total 157248K, used 0K [0x00000000e0000000, 0x00000000eaaa0000, 0x00000000eaaa0000)
  eden space 139776K,   0% used [0x00000000e0000000, 0x00000000e0000000, 0x00000000e8880000)
  from space 17472K,   0% used [0x00000000e9990000, 0x00000000e9990000, 0x00000000eaaa0000)
  to   space 17472K,   0% used [0x00000000e8880000, 0x00000000e8880000, 0x00000000e9990000)
 concurrent mark-sweep generation total 349568K, used 205856K [0x00000000eaaa0000, 0x0000000100000000, 0x0000000100000000)
 Metaspace       used 3956K, capacity 4568K, committed 4864K, reserved 1056768K
  class space    used 431K, capacity 460K, committed 512K, reserved 1048576K
2024-07-23T00:25:57.111+0800: 5.768: [GC (Allocation Failure) 2024-07-23T00:25:57.111+0800: 5.768: [ParNew
Desired survivor size 8945664 bytes, new threshold 6 (max 6)
: 0K->0K(157248K), 0.0012288 secs]2024-07-23T00:25:57.112+0800: 5.770: [CMS: 205856K->1056K(349568K), 0.0031475 secs] 205856K->1056K(506816K), [Metaspace: 3956K->3956K(1056768K)], 0.0045227 secs] [Times: user=0.00 sys=0.00, real=0.00 secs] 
Heap after GC invocations=128 (full 252):
 par new generation   total 157248K, used 0K [0x00000000e0000000, 0x00000000eaaa0000, 0x00000000eaaa0000)
  eden space 139776K,   0% used [0x00000000e0000000, 0x00000000e0000000, 0x00000000e8880000)
  from space 17472K,   0% used [0x00000000e8880000, 0x00000000e8880000, 0x00000000e9990000)
  to   space 17472K,   0% used [0x00000000e9990000, 0x00000000e9990000, 0x00000000eaaa0000)
 concurrent mark-sweep generation total 349568K, used 1056K [0x00000000eaaa0000, 0x0000000100000000, 0x0000000100000000)
 Metaspace       used 3956K, capacity 4568K, committed 4864K, reserved 1056768K
  class space    used 431K, capacity 460K, committed 512K, reserved 1048576K
}
2024-07-23T00:25:57.115+0800: 5.773: Total time for which application threads were stopped: 0.0047080 seconds, Stopping threads took: 0.0000406 seconds
2024-07-23T00:25:57.132+0800: 5.790: [GC (CMS Initial Mark) [1 CMS-initial-mark: 205856K(349568K)] 205856K(506816K), 0.0006335 secs] [Times: user=0.00 sys=0.00, real=0.00 secs] 
2024-07-23T00:25:57.134+0800: 5.790: Total time for which application threads were stopped: 0.0173961 seconds, Stopping threads took: 0.0167048 seconds
2024-07-23T00:25:57.134+0800: 5.790: [CMS-concurrent-mark-start]
2024-07-23T00:25:57.135+0800: 5.792: [CMS-concurrent-mark: 0.001/0.001 secs] [Times: user=0.00 sys=0.00, real=0.00 secs] 
2024-07-23T00:25:57.135+0800: 5.792: [CMS-concurrent-preclean-start]
2024-07-23T00:25:57.135+0800: 5.792: [CMS-concurrent-preclean: 0.000/0.000 secs] [Times: user=0.00 sys=0.00, real=0.00 secs] 
2024-07-23T00:25:57.135+0800: 5.792: [GC (CMS Final Remark) [YG occupancy: 0 K (157248 K)]2024-07-23T00:25:57.135+0800: 5.792: [Rescan (parallel) , 0.0002080 secs]2024-07-23T00:25:57.136+0800: 5.792: [weak refs processing, 0.0000088 secs]2024-07-23T00:25:57.136+0800: 5.792: [class unloading, 0.0001892 secs]2024-07-23T00:25:57.136+0800: 5.792: [scrub symbol table, 0.0002992 secs]2024-07-23T00:25:57.136+0800: 5.793: [scrub string table, 0.0000833 secs][1 CMS-remark: 205856K(349568K)] 205856K(506816K), 0.0008329 secs] [Times: user=0.00 sys=0.00, real=0.00 secs] 
2024-07-23T00:25:57.136+0800: 5.793: Total time for which application threads were stopped: 0.0008654 seconds, Stopping threads took: 0.0000119 seconds
2024-07-23T00:25:57.136+0800: 5.793: [CMS-concurrent-sweep-start]
2024-07-23T00:25:57.136+0800: 5.793: [CMS-concurrent-sweep: 0.000/0.000 secs] [Times: user=0.00 sys=0.00, real=0.00 secs] 
2024-07-23T00:25:57.136+0800: 5.793: [CMS-concurrent-reset-start]
2024-07-23T00:25:57.136+0800: 5.793: [CMS-concurrent-reset: 0.000/0.000 secs] [Times: user=0.00 sys=0.00, real=0.00 secs] 
{Heap before GC invocations=128 (full 253):
 par new generation   total 157248K, used 0K [0x00000000e0000000, 0x00000000eaaa0000, 0x00000000eaaa0000)
  eden space 139776K,   0% used [0x00000000e0000000, 0x00000000e0000000, 0x00000000e8880000)
  from space 17472K,   0% used [0x00000000e8880000, 0x00000000e8880000, 0x00000000e9990000)
  to   space 17472K,   0% used [0x00000000e9990000, 0x00000000e9990000, 0x00000000eaaa0000)
 concurrent mark-sweep generation total 349568K, used 205856K [0x00000000eaaa0000, 0x0000000100000000, 0x0000000100000000)
 Metaspace       used 3956K, capacity 4568K, committed 4864K, reserved 1056768K
  class space    used 431K, capacity 460K, committed 512K, reserved 1048576K
2024-07-23T00:25:57.159+0800: 5.816: [GC (Allocation Failure) 2024-07-23T00:25:57.159+0800: 5.817: [ParNew
Desired survivor size 8945664 bytes, new threshold 6 (max 6)
: 0K->0K(157248K), 0.0013299 secs]2024-07-23T00:25:57.161+0800: 5.818: [CMS: 205856K->1056K(349568K), 0.0038556 secs] 205856K->1056K(506816K), [Metaspace: 3956K->3956K(1056768K)], 0.0053878 secs] [Times: user=0.00 sys=0.00, real=0.01 secs] 
Heap after GC invocations=129 (full 254):
 par new generation   total 157248K, used 0K [0x00000000e0000000, 0x00000000eaaa0000, 0x00000000eaaa0000)
  eden space 139776K,   0% used [0x00000000e0000000, 0x00000000e0000000, 0x00000000e8880000)
  from space 17472K,   0% used [0x00000000e9990000, 0x00000000e9990000, 0x00000000eaaa0000)
  to   space 17472K,   0% used [0x00000000e8880000, 0x00000000e8880000, 0x00000000e9990000)
 concurrent mark-sweep generation total 349568K, used 1056K [0x00000000eaaa0000, 0x0000000100000000, 0x0000000100000000)
 Metaspace       used 3956K, capacity 4568K, committed 4864K, reserved 1056768K
  class space    used 431K, capacity 460K, committed 512K, reserved 1048576K
}
2024-07-23T00:25:57.164+0800: 5.822: Total time for which application threads were stopped: 0.0056564 seconds, Stopping threads took: 0.0000781 seconds
2024-07-23T00:25:57.188+0800: 5.845: [GC (CMS Initial Mark) [1 CMS-initial-mark: 205856K(349568K)] 205856K(506816K), 0.0006607 secs] [Times: user=0.00 sys=0.00, real=0.00 secs] 
2024-07-23T00:25:57.188+0800: 5.846: Total time for which application threads were stopped: 0.0236319 seconds, Stopping threads took: 0.0229070 seconds
2024-07-23T00:25:57.188+0800: 5.846: [CMS-concurrent-mark-start]
2024-07-23T00:25:57.190+0800: 5.847: [CMS-concurrent-mark: 0.001/0.001 secs] [Times: user=0.00 sys=0.00, real=0.00 secs] 
2024-07-23T00:25:57.190+0800: 5.847: [CMS-concurrent-preclean-start]
2024-07-23T00:25:57.190+0800: 5.847: [CMS-concurrent-preclean: 0.000/0.000 secs] [Times: user=0.00 sys=0.00, real=0.00 secs] 
2024-07-23T00:25:57.190+0800: 5.848: [GC (CMS Final Remark) [YG occupancy: 0 K (157248 K)]2024-07-23T00:25:57.190+0800: 5.848: [Rescan (parallel) , 0.0004121 secs]2024-07-23T00:25:57.191+0800: 5.848: [weak refs processing, 0.0000094 secs]2024-07-23T00:25:57.191+0800: 5.848: [class unloading, 0.0002117 secs]2024-07-23T00:25:57.191+0800: 5.848: [scrub symbol table, 0.0003455 secs]2024-07-23T00:25:57.191+0800: 5.849: [scrub string table, 0.0001085 secs][1 CMS-remark: 205856K(349568K)] 205856K(506816K), 0.0011368 secs] [Times: user=0.00 sys=0.00, real=0.00 secs] 
2024-07-23T00:25:57.191+0800: 5.849: Total time for which application threads were stopped: 0.0011811 seconds, Stopping threads took: 0.0000165 seconds
2024-07-23T00:25:57.191+0800: 5.849: [CMS-concurrent-sweep-start]
2024-07-23T00:25:57.192+0800: 5.849: [CMS-concurrent-sweep: 0.000/0.000 secs] [Times: user=0.00 sys=0.00, real=0.00 secs] 
2024-07-23T00:25:57.192+0800: 5.849: [CMS-concurrent-reset-start]
2024-07-23T00:25:57.192+0800: 5.850: [CMS-concurrent-reset: 0.001/0.001 secs] [Times: user=0.00 sys=0.00, real=0.00 secs] 
{Heap before GC invocations=129 (full 255):
 par new generation   total 157248K, used 0K [0x00000000e0000000, 0x00000000eaaa0000, 0x00000000eaaa0000)
  eden space 139776K,   0% used [0x00000000e0000000, 0x00000000e0000000, 0x00000000e8880000)
  from space 17472K,   0% used [0x00000000e9990000, 0x00000000e9990000, 0x00000000eaaa0000)
  to   space 17472K,   0% used [0x00000000e8880000, 0x00000000e8880000, 0x00000000e9990000)
 concurrent mark-sweep generation total 349568K, used 205856K [0x00000000eaaa0000, 0x0000000100000000, 0x0000000100000000)
 Metaspace       used 3956K, capacity 4568K, committed 4864K, reserved 1056768K
  class space    used 431K, capacity 460K, committed 512K, reserved 1048576K
2024-07-23T00:25:57.205+0800: 5.862: [GC (Allocation Failure) 2024-07-23T00:25:57.205+0800: 5.862: [ParNew
Desired survivor size 8945664 bytes, new threshold 6 (max 6)
: 0K->0K(157248K), 0.0006125 secs]2024-07-23T00:25:57.205+0800: 5.863: [CMS: 205856K->1056K(349568K), 0.0032063 secs] 205856K->1056K(506816K), [Metaspace: 3956K->3956K(1056768K)], 0.0040056 secs] [Times: user=0.00 sys=0.00, real=0.00 secs] 
Heap after GC invocations=130 (full 256):
 par new generation   total 157248K, used 0K [0x00000000e0000000, 0x00000000eaaa0000, 0x00000000eaaa0000)
  eden space 139776K,   0% used [0x00000000e0000000, 0x00000000e0000000, 0x00000000e8880000)
  from space 17472K,   0% used [0x00000000e8880000, 0x00000000e8880000, 0x00000000e9990000)
  to   space 17472K,   0% used [0x00000000e9990000, 0x00000000e9990000, 0x00000000eaaa0000)
 concurrent mark-sweep generation total 349568K, used 1056K [0x00000000eaaa0000, 0x0000000100000000, 0x0000000100000000)
 Metaspace       used 3956K, capacity 4568K, committed 4864K, reserved 1056768K
  class space    used 431K, capacity 460K, committed 512K, reserved 1048576K
}
2024-07-23T00:25:57.209+0800: 5.866: Total time for which application threads were stopped: 0.0041701 seconds, Stopping threads took: 0.0000323 seconds
2024-07-23T00:25:57.229+0800: 5.887: [GC (CMS Initial Mark) [1 CMS-initial-mark: 205856K(349568K)] 205856K(506816K), 0.0003872 secs] [Times: user=0.00 sys=0.00, real=0.00 secs] 
2024-07-23T00:25:57.230+0800: 5.887: Total time for which application threads were stopped: 0.0210768 seconds, Stopping threads took: 0.0206142 seconds
2024-07-23T00:25:57.230+0800: 5.887: [CMS-concurrent-mark-start]
2024-07-23T00:25:57.231+0800: 5.889: [CMS-concurrent-mark: 0.001/0.001 secs] [Times: user=0.00 sys=0.00, real=0.00 secs] 
2024-07-23T00:25:57.231+0800: 5.889: [CMS-concurrent-preclean-start]
2024-07-23T00:25:57.232+0800: 5.889: [CMS-concurrent-preclean: 0.000/0.000 secs] [Times: user=0.00 sys=0.00, real=0.00 secs] 
2024-07-23T00:25:57.232+0800: 5.889: [GC (CMS Final Remark) [YG occupancy: 0 K (157248 K)]2024-07-23T00:25:57.232+0800: 5.889: [Rescan (parallel) , 0.0002344 secs]2024-07-23T00:25:57.232+0800: 5.889: [weak refs processing, 0.0000086 secs]2024-07-23T00:25:57.232+0800: 5.889: [class unloading, 0.0002937 secs]2024-07-23T00:25:57.232+0800: 5.890: [scrub symbol table, 0.0005724 secs]2024-07-23T00:25:57.233+0800: 5.890: [scrub string table, 0.0001206 secs][1 CMS-remark: 205856K(349568K)] 205856K(506816K), 0.0012824 secs] [Times: user=0.00 sys=0.00, real=0.00 secs] 
2024-07-23T00:25:57.233+0800: 5.890: Total time for which application threads were stopped: 0.0013352 seconds, Stopping threads took: 0.0000227 seconds
2024-07-23T00:25:57.233+0800: 5.891: [CMS-concurrent-sweep-start]
2024-07-23T00:25:57.233+0800: 5.891: [CMS-concurrent-sweep: 0.000/0.000 secs] [Times: user=0.00 sys=0.00, real=0.00 secs] 
2024-07-23T00:25:57.233+0800: 5.891: [CMS-concurrent-reset-start]
2024-07-23T00:25:57.234+0800: 5.891: [CMS-concurrent-reset: 0.000/0.000 secs] [Times: user=0.00 sys=0.00, real=0.00 secs] 
{Heap before GC invocations=130 (full 257):
 par new generation   total 157248K, used 0K [0x00000000e0000000, 0x00000000eaaa0000, 0x00000000eaaa0000)
  eden space 139776K,   0% used [0x00000000e0000000, 0x00000000e0000000, 0x00000000e8880000)
  from space 17472K,   0% used [0x00000000e8880000, 0x00000000e8880000, 0x00000000e9990000)
  to   space 17472K,   0% used [0x00000000e9990000, 0x00000000e9990000, 0x00000000eaaa0000)
 concurrent mark-sweep generation total 349568K, used 205856K [0x00000000eaaa0000, 0x0000000100000000, 0x0000000100000000)
 Metaspace       used 3956K, capacity 4568K, committed 4864K, reserved 1056768K
  class space    used 431K, capacity 460K, committed 512K, reserved 1048576K
2024-07-23T00:25:57.252+0800: 5.909: [GC (Allocation Failure) 2024-07-23T00:25:57.252+0800: 5.909: [ParNew
Desired survivor size 8945664 bytes, new threshold 6 (max 6)
: 0K->0K(157248K), 0.0005611 secs]2024-07-23T00:25:57.253+0800: 5.910: [CMS: 205856K->1056K(349568K), 0.0025033 secs] 205856K->1056K(506816K), [Metaspace: 3956K->3956K(1056768K)], 0.0032422 secs] [Times: user=0.00 sys=0.00, real=0.00 secs] 
Heap after GC invocations=131 (full 258):
 par new generation   total 157248K, used 0K [0x00000000e0000000, 0x00000000eaaa0000, 0x00000000eaaa0000)
  eden space 139776K,   0% used [0x00000000e0000000, 0x00000000e0000000, 0x00000000e8880000)
  from space 17472K,   0% used [0x00000000e9990000, 0x00000000e9990000, 0x00000000eaaa0000)
  to   space 17472K,   0% used [0x00000000e8880000, 0x00000000e8880000, 0x00000000e9990000)
 concurrent mark-sweep generation total 349568K, used 1056K [0x00000000eaaa0000, 0x0000000100000000, 0x0000000100000000)
 Metaspace       used 3956K, capacity 4568K, committed 4864K, reserved 1056768K
  class space    used 431K, capacity 460K, committed 512K, reserved 1048576K
}
2024-07-23T00:25:57.255+0800: 5.913: Total time for which application threads were stopped: 0.0035200 seconds, Stopping threads took: 0.0000757 seconds
2024-07-23T00:25:57.277+0800: 5.934: [GC (CMS Initial Mark) [1 CMS-initial-mark: 205856K(349568K)] 205856K(506816K), 0.0003070 secs] [Times: user=0.00 sys=0.00, real=0.00 secs] 
2024-07-23T00:25:57.277+0800: 5.934: Total time for which application threads were stopped: 0.0213300 seconds, Stopping threads took: 0.0209380 seconds
2024-07-23T00:25:57.277+0800: 5.934: [CMS-concurrent-mark-start]
2024-07-23T00:25:57.279+0800: 5.935: [CMS-concurrent-mark: 0.001/0.001 secs] [Times: user=0.00 sys=0.00, real=0.00 secs] 
2024-07-23T00:25:57.279+0800: 5.935: [CMS-concurrent-preclean-start]
2024-07-23T00:25:57.279+0800: 5.936: [CMS-concurrent-preclean: 0.000/0.000 secs] [Times: user=0.00 sys=0.00, real=0.00 secs] 
2024-07-23T00:25:57.279+0800: 5.936: [GC (CMS Final Remark) [YG occupancy: 0 K (157248 K)]2024-07-23T00:25:57.279+0800: 5.936: [Rescan (parallel) , 0.0003965 secs]2024-07-23T00:25:57.279+0800: 5.936: [weak refs processing, 0.0000073 secs]2024-07-23T00:25:57.279+0800: 5.936: [class unloading, 0.0002060 secs]2024-07-23T00:25:57.280+0800: 5.936: [scrub symbol table, 0.0003723 secs]2024-07-23T00:25:57.280+0800: 5.937: [scrub string table, 0.0001029 secs][1 CMS-remark: 205856K(349568K)] 205856K(506816K), 0.0011651 secs] [Times: user=0.00 sys=0.00, real=0.00 secs] 
2024-07-23T00:25:57.280+0800: 5.937: Total time for which application threads were stopped: 0.0012110 seconds, Stopping threads took: 0.0000136 seconds
2024-07-23T00:25:57.280+0800: 5.937: [CMS-concurrent-sweep-start]
2024-07-23T00:25:57.281+0800: 5.937: [CMS-concurrent-sweep: 0.000/0.000 secs] [Times: user=0.00 sys=0.00, real=0.00 secs] 
2024-07-23T00:25:57.281+0800: 5.937: [CMS-concurrent-reset-start]
2024-07-23T00:25:57.281+0800: 5.938: [CMS-concurrent-reset: 0.000/0.000 secs] [Times: user=0.00 sys=0.00, real=0.00 secs] 
{Heap before GC invocations=131 (full 259):
 par new generation   total 157248K, used 0K [0x00000000e0000000, 0x00000000eaaa0000, 0x00000000eaaa0000)
  eden space 139776K,   0% used [0x00000000e0000000, 0x00000000e0000000, 0x00000000e8880000)
  from space 17472K,   0% used [0x00000000e9990000, 0x00000000e9990000, 0x00000000eaaa0000)
  to   space 17472K,   0% used [0x00000000e8880000, 0x00000000e8880000, 0x00000000e9990000)
 concurrent mark-sweep generation total 349568K, used 205856K [0x00000000eaaa0000, 0x0000000100000000, 0x0000000100000000)
 Metaspace       used 3956K, capacity 4568K, committed 4864K, reserved 1056768K
  class space    used 431K, capacity 460K, committed 512K, reserved 1048576K
2024-07-23T00:25:57.298+0800: 5.955: [GC (Allocation Failure) 2024-07-23T00:25:57.298+0800: 5.956: [ParNew
Desired survivor size 8945664 bytes, new threshold 6 (max 6)
: 0K->0K(157248K), 0.0010752 secs]2024-07-23T00:25:57.299+0800: 5.957: [CMS: 205856K->1056K(349568K), 0.0029903 secs] 205856K->1056K(506816K), [Metaspace: 3956K->3956K(1056768K)], 0.0043242 secs] [Times: user=0.00 sys=0.00, real=0.00 secs] 
Heap after GC invocations=132 (full 260):
 par new generation   total 157248K, used 0K [0x00000000e0000000, 0x00000000eaaa0000, 0x00000000eaaa0000)
  eden space 139776K,   0% used [0x00000000e0000000, 0x00000000e0000000, 0x00000000e8880000)
  from space 17472K,   0% used [0x00000000e8880000, 0x00000000e8880000, 0x00000000e9990000)
  to   space 17472K,   0% used [0x00000000e9990000, 0x00000000e9990000, 0x00000000eaaa0000)
 concurrent mark-sweep generation total 349568K, used 1056K [0x00000000eaaa0000, 0x0000000100000000, 0x0000000100000000)
 Metaspace       used 3956K, capacity 4568K, committed 4864K, reserved 1056768K
  class space    used 431K, capacity 460K, committed 512K, reserved 1048576K
}
2024-07-23T00:25:57.302+0800: 5.960: Total time for which application threads were stopped: 0.0045623 seconds, Stopping threads took: 0.0000681 seconds
2024-07-23T00:25:57.324+0800: 5.981: [GC (CMS Initial Mark) [1 CMS-initial-mark: 205856K(349568K)] 205856K(506816K), 0.0005720 secs] [Times: user=0.00 sys=0.00, real=0.00 secs] 
2024-07-23T00:25:57.324+0800: 5.981: Total time for which application threads were stopped: 0.0214009 seconds, Stopping threads took: 0.0207441 seconds
2024-07-23T00:25:57.324+0800: 5.981: [CMS-concurrent-mark-start]
2024-07-23T00:25:57.326+0800: 5.983: [CMS-concurrent-mark: 0.001/0.001 secs] [Times: user=0.00 sys=0.00, real=0.00 secs] 
2024-07-23T00:25:57.326+0800: 5.983: [CMS-concurrent-preclean-start]
2024-07-23T00:25:57.326+0800: 5.983: [CMS-concurrent-preclean: 0.000/0.000 secs] [Times: user=0.00 sys=0.00, real=0.00 secs] 
2024-07-23T00:25:57.326+0800: 5.983: [GC (CMS Final Remark) [YG occupancy: 0 K (157248 K)]2024-07-23T00:25:57.326+0800: 5.983: [Rescan (parallel) , 0.0004622 secs]2024-07-23T00:25:57.327+0800: 5.984: [weak refs processing, 0.0000102 secs]2024-07-23T00:25:57.327+0800: 5.984: [class unloading, 0.0003099 secs]2024-07-23T00:25:57.327+0800: 5.984: [scrub symbol table, 0.0004944 secs]2024-07-23T00:25:57.328+0800: 5.985: [scrub string table, 0.0001073 secs][1 CMS-remark: 205856K(349568K)] 205856K(506816K), 0.0014303 secs] [Times: user=0.00 sys=0.00, real=0.00 secs] 
2024-07-23T00:25:57.328+0800: 5.985: Total time for which application threads were stopped: 0.0014830 seconds, Stopping threads took: 0.0000232 seconds
2024-07-23T00:25:57.328+0800: 5.985: [CMS-concurrent-sweep-start]
2024-07-23T00:25:57.328+0800: 5.985: [CMS-concurrent-sweep: 0.000/0.000 secs] [Times: user=0.00 sys=0.00, real=0.00 secs] 
2024-07-23T00:25:57.328+0800: 5.985: [CMS-concurrent-reset-start]
2024-07-23T00:25:57.328+0800: 5.986: [CMS-concurrent-reset: 0.000/0.000 secs] [Times: user=0.00 sys=0.00, real=0.00 secs] 
{Heap before GC invocations=132 (full 261):
 par new generation   total 157248K, used 0K [0x00000000e0000000, 0x00000000eaaa0000, 0x00000000eaaa0000)
  eden space 139776K,   0% used [0x00000000e0000000, 0x00000000e0000000, 0x00000000e8880000)
  from space 17472K,   0% used [0x00000000e8880000, 0x00000000e8880000, 0x00000000e9990000)
  to   space 17472K,   0% used [0x00000000e9990000, 0x00000000e9990000, 0x00000000eaaa0000)
 concurrent mark-sweep generation total 349568K, used 205856K [0x00000000eaaa0000, 0x0000000100000000, 0x0000000100000000)
 Metaspace       used 3956K, capacity 4568K, committed 4864K, reserved 1056768K
  class space    used 431K, capacity 460K, committed 512K, reserved 1048576K
2024-07-23T00:25:57.345+0800: 6.002: [GC (Allocation Failure) 2024-07-23T00:25:57.345+0800: 6.002: [ParNew
Desired survivor size 8945664 bytes, new threshold 6 (max 6)
: 0K->0K(157248K), 0.0006772 secs]2024-07-23T00:25:57.346+0800: 6.003: [CMS: 205856K->1056K(349568K), 0.0031867 secs] 205856K->1056K(506816K), [Metaspace: 3956K->3956K(1056768K)], 0.0040682 secs] [Times: user=0.00 sys=0.00, real=0.00 secs] 
Heap after GC invocations=133 (full 262):
 par new generation   total 157248K, used 0K [0x00000000e0000000, 0x00000000eaaa0000, 0x00000000eaaa0000)
  eden space 139776K,   0% used [0x00000000e0000000, 0x00000000e0000000, 0x00000000e8880000)
  from space 17472K,   0% used [0x00000000e9990000, 0x00000000e9990000, 0x00000000eaaa0000)
  to   space 17472K,   0% used [0x00000000e8880000, 0x00000000e8880000, 0x00000000e9990000)
 concurrent mark-sweep generation total 349568K, used 1056K [0x00000000eaaa0000, 0x0000000100000000, 0x0000000100000000)
 Metaspace       used 3956K, capacity 4568K, committed 4864K, reserved 1056768K
  class space    used 431K, capacity 460K, committed 512K, reserved 1048576K
}
2024-07-23T00:25:57.349+0800: 6.006: Total time for which application threads were stopped: 0.0042541 seconds, Stopping threads took: 0.0000472 seconds
2024-07-23T00:25:57.370+0800: 6.027: [GC (CMS Initial Mark) [1 CMS-initial-mark: 205856K(349568K)] 205856K(506816K), 0.0002318 secs] [Times: user=0.00 sys=0.00, real=0.00 secs] 
2024-07-23T00:25:57.370+0800: 6.027: Total time for which application threads were stopped: 0.0210136 seconds, Stopping threads took: 0.0206676 seconds
2024-07-23T00:25:57.370+0800: 6.027: [CMS-concurrent-mark-start]
2024-07-23T00:25:57.371+0800: 6.029: [CMS-concurrent-mark: 0.001/0.001 secs] [Times: user=0.00 sys=0.00, real=0.00 secs] 
2024-07-23T00:25:57.371+0800: 6.029: [CMS-concurrent-preclean-start]
2024-07-23T00:25:57.371+0800: 6.029: [CMS-concurrent-preclean: 0.000/0.000 secs] [Times: user=0.00 sys=0.00, real=0.00 secs] 
2024-07-23T00:25:57.371+0800: 6.029: [GC (CMS Final Remark) [YG occupancy: 0 K (157248 K)]2024-07-23T00:25:57.372+0800: 6.029: [Rescan (parallel) , 0.0003654 secs]2024-07-23T00:25:57.372+0800: 6.029: [weak refs processing, 0.0000090 secs]2024-07-23T00:25:57.372+0800: 6.029: [class unloading, 0.0002781 secs]2024-07-23T00:25:57.372+0800: 6.030: [scrub symbol table, 0.0003518 secs]2024-07-23T00:25:57.373+0800: 6.030: [scrub string table, 0.0000904 secs][1 CMS-remark: 205856K(349568K)] 205856K(506816K), 0.0011386 secs] [Times: user=0.00 sys=0.00, real=0.00 secs] 
2024-07-23T00:25:57.373+0800: 6.030: Total time for which application threads were stopped: 0.0011808 seconds, Stopping threads took: 0.0000179 seconds
2024-07-23T00:25:57.373+0800: 6.030: [CMS-concurrent-sweep-start]
2024-07-23T00:25:57.373+0800: 6.030: [CMS-concurrent-sweep: 0.000/0.000 secs] [Times: user=0.00 sys=0.00, real=0.00 secs] 
2024-07-23T00:25:57.373+0800: 6.030: [CMS-concurrent-reset-start]
2024-07-23T00:25:57.373+0800: 6.031: [CMS-concurrent-reset: 0.000/0.000 secs] [Times: user=0.00 sys=0.00, real=0.00 secs] 
{Heap before GC invocations=133 (full 263):
 par new generation   total 157248K, used 0K [0x00000000e0000000, 0x00000000eaaa0000, 0x00000000eaaa0000)
  eden space 139776K,   0% used [0x00000000e0000000, 0x00000000e0000000, 0x00000000e8880000)
  from space 17472K,   0% used [0x00000000e9990000, 0x00000000e9990000, 0x00000000eaaa0000)
  to   space 17472K,   0% used [0x00000000e8880000, 0x00000000e8880000, 0x00000000e9990000)
 concurrent mark-sweep generation total 349568K, used 205856K [0x00000000eaaa0000, 0x0000000100000000, 0x0000000100000000)
 Metaspace       used 3956K, capacity 4568K, committed 4864K, reserved 1056768K
  class space    used 431K, capacity 460K, committed 512K, reserved 1048576K
2024-07-23T00:25:57.392+0800: 6.049: [GC (Allocation Failure) 2024-07-23T00:25:57.392+0800: 6.049: [ParNew
Desired survivor size 8945664 bytes, new threshold 6 (max 6)
: 0K->0K(157248K), 0.0007034 secs]2024-07-23T00:25:57.392+0800: 6.050: [CMS: 205856K->1056K(349568K), 0.0034293 secs] 205856K->1056K(506816K), [Metaspace: 3956K->3956K(1056768K)], 0.0043585 secs] [Times: user=0.00 sys=0.00, real=0.01 secs] 
Heap after GC invocations=134 (full 264):
 par new generation   total 157248K, used 0K [0x00000000e0000000, 0x00000000eaaa0000, 0x00000000eaaa0000)
  eden space 139776K,   0% used [0x00000000e0000000, 0x00000000e0000000, 0x00000000e8880000)
  from space 17472K,   0% used [0x00000000e8880000, 0x00000000e8880000, 0x00000000e9990000)
  to   space 17472K,   0% used [0x00000000e9990000, 0x00000000e9990000, 0x00000000eaaa0000)
 concurrent mark-sweep generation total 349568K, used 1056K [0x00000000eaaa0000, 0x0000000100000000, 0x0000000100000000)
 Metaspace       used 3956K, capacity 4568K, committed 4864K, reserved 1056768K
  class space    used 431K, capacity 460K, committed 512K, reserved 1048576K
}
2024-07-23T00:25:57.397+0800: 6.054: Total time for which application threads were stopped: 0.0045457 seconds, Stopping threads took: 0.0000488 seconds
2024-07-23T00:25:57.416+0800: 6.073: [GC (CMS Initial Mark) [1 CMS-initial-mark: 205856K(349568K)] 205856K(506816K), 0.0002679 secs] [Times: user=0.00 sys=0.00, real=0.00 secs] 
2024-07-23T00:25:57.416+0800: 6.073: Total time for which application threads were stopped: 0.0194806 seconds, Stopping threads took: 0.0191526 seconds
2024-07-23T00:25:57.416+0800: 6.073: [CMS-concurrent-mark-start]
2024-07-23T00:25:57.417+0800: 6.075: [CMS-concurrent-mark: 0.001/0.001 secs] [Times: user=0.00 sys=0.00, real=0.00 secs] 
2024-07-23T00:25:57.417+0800: 6.075: [CMS-concurrent-preclean-start]
2024-07-23T00:25:57.418+0800: 6.075: [CMS-concurrent-preclean: 0.000/0.000 secs] [Times: user=0.00 sys=0.00, real=0.00 secs] 
2024-07-23T00:25:57.418+0800: 6.075: [GC (CMS Final Remark) [YG occupancy: 0 K (157248 K)]2024-07-23T00:25:57.418+0800: 6.075: [Rescan (parallel) , 0.0003553 secs]2024-07-23T00:25:57.418+0800: 6.075: [weak refs processing, 0.0000068 secs]2024-07-23T00:25:57.418+0800: 6.075: [class unloading, 0.0001925 secs]2024-07-23T00:25:57.418+0800: 6.076: [scrub symbol table, 0.0002927 secs]2024-07-23T00:25:57.419+0800: 6.076: [scrub string table, 0.0001149 secs][1 CMS-remark: 205856K(349568K)] 205856K(506816K), 0.0010019 secs] [Times: user=0.00 sys=0.00, real=0.00 secs] 
2024-07-23T00:25:57.419+0800: 6.076: Total time for which application threads were stopped: 0.0010360 seconds, Stopping threads took: 0.0000131 seconds
2024-07-23T00:25:57.419+0800: 6.076: [CMS-concurrent-sweep-start]
2024-07-23T00:25:57.419+0800: 6.076: [CMS-concurrent-sweep: 0.000/0.000 secs] [Times: user=0.00 sys=0.00, real=0.00 secs] 
2024-07-23T00:25:57.419+0800: 6.076: [CMS-concurrent-reset-start]
2024-07-23T00:25:57.419+0800: 6.077: [CMS-concurrent-reset: 0.000/0.000 secs] [Times: user=0.00 sys=0.00, real=0.00 secs] 
{Heap before GC invocations=134 (full 265):
 par new generation   total 157248K, used 0K [0x00000000e0000000, 0x00000000eaaa0000, 0x00000000eaaa0000)
  eden space 139776K,   0% used [0x00000000e0000000, 0x00000000e0000000, 0x00000000e8880000)
  from space 17472K,   0% used [0x00000000e8880000, 0x00000000e8880000, 0x00000000e9990000)
  to   space 17472K,   0% used [0x00000000e9990000, 0x00000000e9990000, 0x00000000eaaa0000)
 concurrent mark-sweep generation total 349568K, used 205856K [0x00000000eaaa0000, 0x0000000100000000, 0x0000000100000000)
 Metaspace       used 3956K, capacity 4568K, committed 4864K, reserved 1056768K
  class space    used 431K, capacity 460K, committed 512K, reserved 1048576K
2024-07-23T00:25:57.438+0800: 6.095: [GC (Allocation Failure) 2024-07-23T00:25:57.438+0800: 6.096: [ParNew
Desired survivor size 8945664 bytes, new threshold 6 (max 6)
: 0K->0K(157248K), 0.0008252 secs]2024-07-23T00:25:57.439+0800: 6.096: [CMS: 205856K->1056K(349568K), 0.0025113 secs] 205856K->1056K(506816K), [Metaspace: 3956K->3956K(1056768K)], 0.0035160 secs] [Times: user=0.00 sys=0.00, real=0.00 secs] 
Heap after GC invocations=135 (full 266):
 par new generation   total 157248K, used 0K [0x00000000e0000000, 0x00000000eaaa0000, 0x00000000eaaa0000)
  eden space 139776K,   0% used [0x00000000e0000000, 0x00000000e0000000, 0x00000000e8880000)
  from space 17472K,   0% used [0x00000000e9990000, 0x00000000e9990000, 0x00000000eaaa0000)
  to   space 17472K,   0% used [0x00000000e8880000, 0x00000000e8880000, 0x00000000e9990000)
 concurrent mark-sweep generation total 349568K, used 1056K [0x00000000eaaa0000, 0x0000000100000000, 0x0000000100000000)
 Metaspace       used 3956K, capacity 4568K, committed 4864K, reserved 1056768K
  class space    used 431K, capacity 460K, committed 512K, reserved 1048576K
}
2024-07-23T00:25:57.442+0800: 6.099: Total time for which application threads were stopped: 0.0036935 seconds, Stopping threads took: 0.0000427 seconds
2024-07-23T00:25:57.463+0800: 6.120: [GC (CMS Initial Mark) [1 CMS-initial-mark: 205856K(349568K)] 205856K(506816K), 0.0004220 secs] [Times: user=0.00 sys=0.00, real=0.00 secs] 
2024-07-23T00:25:57.463+0800: 6.121: Total time for which application threads were stopped: 0.0213869 seconds, Stopping threads took: 0.0208622 seconds
2024-07-23T00:25:57.463+0800: 6.121: [CMS-concurrent-mark-start]
2024-07-23T00:25:57.465+0800: 6.122: [CMS-concurrent-mark: 0.001/0.001 secs] [Times: user=0.00 sys=0.00, real=0.00 secs] 
2024-07-23T00:25:57.465+0800: 6.122: [CMS-concurrent-preclean-start]
2024-07-23T00:25:57.465+0800: 6.122: [CMS-concurrent-preclean: 0.000/0.000 secs] [Times: user=0.00 sys=0.00, real=0.00 secs] 
2024-07-23T00:25:57.465+0800: 6.122: [GC (CMS Final Remark) [YG occupancy: 0 K (157248 K)]2024-07-23T00:25:57.465+0800: 6.122: [Rescan (parallel) , 0.0001677 secs]2024-07-23T00:25:57.465+0800: 6.123: [weak refs processing, 0.0000073 secs]2024-07-23T00:25:57.465+0800: 6.123: [class unloading, 0.0002111 secs]2024-07-23T00:25:57.465+0800: 6.123: [scrub symbol table, 0.0003529 secs]2024-07-23T00:25:57.466+0800: 6.123: [scrub string table, 0.0001039 secs][1 CMS-remark: 205856K(349568K)] 205856K(506816K), 0.0008960 secs] [Times: user=0.00 sys=0.00, real=0.00 secs] 
2024-07-23T00:25:57.466+0800: 6.123: Total time for which application threads were stopped: 0.0009497 seconds, Stopping threads took: 0.0000165 seconds
2024-07-23T00:25:57.466+0800: 6.123: [CMS-concurrent-sweep-start]
2024-07-23T00:25:57.466+0800: 6.124: [CMS-concurrent-sweep: 0.000/0.000 secs] [Times: user=0.00 sys=0.00, real=0.00 secs] 
2024-07-23T00:25:57.466+0800: 6.124: [CMS-concurrent-reset-start]
2024-07-23T00:25:57.467+0800: 6.124: [CMS-concurrent-reset: 0.001/0.001 secs] [Times: user=0.00 sys=0.00, real=0.00 secs] 
{Heap before GC invocations=135 (full 267):
 par new generation   total 157248K, used 0K [0x00000000e0000000, 0x00000000eaaa0000, 0x00000000eaaa0000)
  eden space 139776K,   0% used [0x00000000e0000000, 0x00000000e0000000, 0x00000000e8880000)
  from space 17472K,   0% used [0x00000000e9990000, 0x00000000e9990000, 0x00000000eaaa0000)
  to   space 17472K,   0% used [0x00000000e8880000, 0x00000000e8880000, 0x00000000e9990000)
 concurrent mark-sweep generation total 349568K, used 205856K [0x00000000eaaa0000, 0x0000000100000000, 0x0000000100000000)
 Metaspace       used 3956K, capacity 4568K, committed 4864K, reserved 1056768K
  class space    used 431K, capacity 460K, committed 512K, reserved 1048576K
2024-07-23T00:25:57.485+0800: 6.142: [GC (Allocation Failure) 2024-07-23T00:25:57.485+0800: 6.142: [ParNew
Desired survivor size 8945664 bytes, new threshold 6 (max 6)
: 0K->0K(157248K), 0.0012324 secs]2024-07-23T00:25:57.486+0800: 6.144: [CMS: 205856K->1056K(349568K), 0.0027891 secs] 205856K->1056K(506816K), [Metaspace: 3956K->3956K(1056768K)], 0.0042247 secs] [Times: user=0.00 sys=0.00, real=0.00 secs] 
Heap after GC invocations=136 (full 268):
 par new generation   total 157248K, used 0K [0x00000000e0000000, 0x00000000eaaa0000, 0x00000000eaaa0000)
  eden space 139776K,   0% used [0x00000000e0000000, 0x00000000e0000000, 0x00000000e8880000)
  from space 17472K,   0% used [0x00000000e8880000, 0x00000000e8880000, 0x00000000e9990000)
  to   space 17472K,   0% used [0x00000000e9990000, 0x00000000e9990000, 0x00000000eaaa0000)
 concurrent mark-sweep generation total 349568K, used 1056K [0x00000000eaaa0000, 0x0000000100000000, 0x0000000100000000)
 Metaspace       used 3956K, capacity 4568K, committed 4864K, reserved 1056768K
  class space    used 431K, capacity 460K, committed 512K, reserved 1048576K
}
2024-07-23T00:25:57.489+0800: 6.147: Total time for which application threads were stopped: 0.0044201 seconds, Stopping threads took: 0.0000476 seconds
2024-07-23T00:25:57.511+0800: 6.168: [GC (CMS Initial Mark) [1 CMS-initial-mark: 205856K(349568K)] 205856K(506816K), 0.0002364 secs] [Times: user=0.00 sys=0.00, real=0.00 secs] 
2024-07-23T00:25:57.511+0800: 6.169: Total time for which application threads were stopped: 0.0220012 seconds, Stopping threads took: 0.0216814 seconds
2024-07-23T00:25:57.511+0800: 6.169: [CMS-concurrent-mark-start]
2024-07-23T00:25:57.512+0800: 6.170: [CMS-concurrent-mark: 0.001/0.001 secs] [Times: user=0.00 sys=0.00, real=0.00 secs] 
2024-07-23T00:25:57.512+0800: 6.170: [CMS-concurrent-preclean-start]
2024-07-23T00:25:57.514+0800: 6.170: [CMS-concurrent-preclean: 0.000/0.000 secs] [Times: user=0.00 sys=0.00, real=0.00 secs] 
2024-07-23T00:25:57.514+0800: 6.170: [GC (CMS Final Remark) [YG occupancy: 0 K (157248 K)]2024-07-23T00:25:57.514+0800: 6.170: [Rescan (parallel) , 0.0002225 secs]2024-07-23T00:25:57.514+0800: 6.171: [weak refs processing, 0.0000095 secs]2024-07-23T00:25:57.514+0800: 6.171: [class unloading, 0.0002405 secs]2024-07-23T00:25:57.514+0800: 6.171: [scrub symbol table, 0.0005393 secs]2024-07-23T00:25:57.515+0800: 6.172: [scrub string table, 0.0002594 secs][1 CMS-remark: 205856K(349568K)] 205856K(506816K), 0.0013265 secs] [Times: user=0.00 sys=0.00, real=0.00 secs] 
2024-07-23T00:25:57.515+0800: 6.172: Total time for which application threads were stopped: 0.0013800 seconds, Stopping threads took: 0.0000154 seconds
2024-07-23T00:25:57.515+0800: 6.172: [CMS-concurrent-sweep-start]
2024-07-23T00:25:57.515+0800: 6.172: [CMS-concurrent-sweep: 0.000/0.000 secs] [Times: user=0.00 sys=0.00, real=0.00 secs] 
2024-07-23T00:25:57.515+0800: 6.172: [CMS-concurrent-reset-start]
2024-07-23T00:25:57.516+0800: 6.173: [CMS-concurrent-reset: 0.000/0.000 secs] [Times: user=0.00 sys=0.00, real=0.00 secs] 
{Heap before GC invocations=136 (full 269):
 par new generation   total 157248K, used 0K [0x00000000e0000000, 0x00000000eaaa0000, 0x00000000eaaa0000)
  eden space 139776K,   0% used [0x00000000e0000000, 0x00000000e0000000, 0x00000000e8880000)
  from space 17472K,   0% used [0x00000000e8880000, 0x00000000e8880000, 0x00000000e9990000)
  to   space 17472K,   0% used [0x00000000e9990000, 0x00000000e9990000, 0x00000000eaaa0000)
 concurrent mark-sweep generation total 349568K, used 205856K [0x00000000eaaa0000, 0x0000000100000000, 0x0000000100000000)
 Metaspace       used 3956K, capacity 4568K, committed 4864K, reserved 1056768K
  class space    used 431K, capacity 460K, committed 512K, reserved 1048576K
2024-07-23T00:25:57.533+0800: 6.190: [GC (Allocation Failure) 2024-07-23T00:25:57.533+0800: 6.190: [ParNew
Desired survivor size 8945664 bytes, new threshold 6 (max 6)
: 0K->0K(157248K), 0.0007458 secs]2024-07-23T00:25:57.534+0800: 6.191: [CMS: 205856K->1056K(349568K), 0.0029149 secs] 205856K->1056K(506816K), [Metaspace: 3956K->3956K(1056768K)], 0.0038465 secs] [Times: user=0.00 sys=0.00, real=0.00 secs] 
Heap after GC invocations=137 (full 270):
 par new generation   total 157248K, used 0K [0x00000000e0000000, 0x00000000eaaa0000, 0x00000000eaaa0000)
  eden space 139776K,   0% used [0x00000000e0000000, 0x00000000e0000000, 0x00000000e8880000)
  from space 17472K,   0% used [0x00000000e9990000, 0x00000000e9990000, 0x00000000eaaa0000)
  to   space 17472K,   0% used [0x00000000e8880000, 0x00000000e8880000, 0x00000000e9990000)
 concurrent mark-sweep generation total 349568K, used 1056K [0x00000000eaaa0000, 0x0000000100000000, 0x0000000100000000)
 Metaspace       used 3956K, capacity 4568K, committed 4864K, reserved 1056768K
  class space    used 431K, capacity 460K, committed 512K, reserved 1048576K
}
2024-07-23T00:25:57.536+0800: 6.194: Total time for which application threads were stopped: 0.0040195 seconds, Stopping threads took: 0.0000362 seconds
2024-07-23T00:25:57.559+0800: 6.215: [GC (CMS Initial Mark) [1 CMS-initial-mark: 205856K(349568K)] 205856K(506816K), 0.0008667 secs] [Times: user=0.00 sys=0.00, real=0.00 secs] 
2024-07-23T00:25:57.559+0800: 6.216: Total time for which application threads were stopped: 0.0225382 seconds, Stopping threads took: 0.0215710 seconds
2024-07-23T00:25:57.559+0800: 6.216: [CMS-concurrent-mark-start]
2024-07-23T00:25:57.561+0800: 6.218: [CMS-concurrent-mark: 0.001/0.001 secs] [Times: user=0.00 sys=0.00, real=0.00 secs] 
2024-07-23T00:25:57.561+0800: 6.218: [CMS-concurrent-preclean-start]
2024-07-23T00:25:57.561+0800: 6.218: [CMS-concurrent-preclean: 0.000/0.000 secs] [Times: user=0.00 sys=0.00, real=0.00 secs] 
2024-07-23T00:25:57.561+0800: 6.218: [GC (CMS Final Remark) [YG occupancy: 0 K (157248 K)]2024-07-23T00:25:57.561+0800: 6.218: [Rescan (parallel) , 0.0003577 secs]2024-07-23T00:25:57.562+0800: 6.218: [weak refs processing, 0.0000080 secs]2024-07-23T00:25:57.562+0800: 6.218: [class unloading, 0.0002502 secs]2024-07-23T00:25:57.562+0800: 6.219: [scrub symbol table, 0.0003031 secs]2024-07-23T00:25:57.562+0800: 6.219: [scrub string table, 0.0000820 secs][1 CMS-remark: 205856K(349568K)] 205856K(506816K), 0.0010432 secs] [Times: user=0.00 sys=0.00, real=0.00 secs] 
2024-07-23T00:25:57.562+0800: 6.219: Total time for which application threads were stopped: 0.0010867 seconds, Stopping threads took: 0.0000172 seconds
2024-07-23T00:25:57.562+0800: 6.219: [CMS-concurrent-sweep-start]
2024-07-23T00:25:57.563+0800: 6.220: [CMS-concurrent-sweep: 0.000/0.000 secs] [Times: user=0.00 sys=0.00, real=0.00 secs] 
2024-07-23T00:25:57.563+0800: 6.220: [CMS-concurrent-reset-start]
2024-07-23T00:25:57.563+0800: 6.220: [CMS-concurrent-reset: 0.000/0.000 secs] [Times: user=0.00 sys=0.00, real=0.00 secs] 
{Heap before GC invocations=137 (full 271):
 par new generation   total 157248K, used 0K [0x00000000e0000000, 0x00000000eaaa0000, 0x00000000eaaa0000)
  eden space 139776K,   0% used [0x00000000e0000000, 0x00000000e0000000, 0x00000000e8880000)
  from space 17472K,   0% used [0x00000000e9990000, 0x00000000e9990000, 0x00000000eaaa0000)
  to   space 17472K,   0% used [0x00000000e8880000, 0x00000000e8880000, 0x00000000e9990000)
 concurrent mark-sweep generation total 349568K, used 205856K [0x00000000eaaa0000, 0x0000000100000000, 0x0000000100000000)
 Metaspace       used 3956K, capacity 4568K, committed 4864K, reserved 1056768K
  class space    used 431K, capacity 460K, committed 512K, reserved 1048576K
2024-07-23T00:25:57.578+0800: 6.236: [GC (Allocation Failure) 2024-07-23T00:25:57.578+0800: 6.236: [ParNew
Desired survivor size 8945664 bytes, new threshold 6 (max 6)
: 0K->0K(157248K), 0.0007842 secs]2024-07-23T00:25:57.580+0800: 6.236: [CMS: 205856K->1056K(349568K), 0.0026307 secs] 205856K->1056K(506816K), [Metaspace: 3956K->3956K(1056768K)], 0.0036744 secs] [Times: user=0.00 sys=0.00, real=0.00 secs] 
Heap after GC invocations=138 (full 272):
 par new generation   total 157248K, used 0K [0x00000000e0000000, 0x00000000eaaa0000, 0x00000000eaaa0000)
  eden space 139776K,   0% used [0x00000000e0000000, 0x00000000e0000000, 0x00000000e8880000)
  from space 17472K,   0% used [0x00000000e8880000, 0x00000000e8880000, 0x00000000e9990000)
  to   space 17472K,   0% used [0x00000000e9990000, 0x00000000e9990000, 0x00000000eaaa0000)
 concurrent mark-sweep generation total 349568K, used 1056K [0x00000000eaaa0000, 0x0000000100000000, 0x0000000100000000)
 Metaspace       used 3956K, capacity 4568K, committed 4864K, reserved 1056768K
  class space    used 431K, capacity 460K, committed 512K, reserved 1048576K
}
2024-07-23T00:25:57.583+0800: 6.239: Total time for which application threads were stopped: 0.0039409 seconds, Stopping threads took: 0.0000415 seconds
2024-07-23T00:25:57.604+0800: 6.262: [GC (CMS Initial Mark) [1 CMS-initial-mark: 205856K(349568K)] 205856K(506816K), 0.0003667 secs] [Times: user=0.00 sys=0.00, real=0.00 secs] 
2024-07-23T00:25:57.605+0800: 6.262: Total time for which application threads were stopped: 0.0223581 seconds, Stopping threads took: 0.0219114 seconds
2024-07-23T00:25:57.605+0800: 6.262: [CMS-concurrent-mark-start]
2024-07-23T00:25:57.606+0800: 6.263: [CMS-concurrent-mark: 0.001/0.001 secs] [Times: user=0.02 sys=0.00, real=0.00 secs] 
2024-07-23T00:25:57.606+0800: 6.263: [CMS-concurrent-preclean-start]
2024-07-23T00:25:57.607+0800: 6.264: [CMS-concurrent-preclean: 0.001/0.001 secs] [Times: user=0.00 sys=0.00, real=0.00 secs] 
2024-07-23T00:25:57.607+0800: 6.264: [GC (CMS Final Remark) [YG occupancy: 0 K (157248 K)]2024-07-23T00:25:57.607+0800: 6.264: [Rescan (parallel) , 0.0003192 secs]2024-07-23T00:25:57.607+0800: 6.264: [weak refs processing, 0.0000130 secs]2024-07-23T00:25:57.607+0800: 6.264: [class unloading, 0.0004259 secs]2024-07-23T00:25:57.608+0800: 6.265: [scrub symbol table, 0.0004537 secs]2024-07-23T00:25:57.608+0800: 6.265: [scrub string table, 0.0001119 secs][1 CMS-remark: 205856K(349568K)] 205856K(506816K), 0.0013883 secs] [Times: user=0.00 sys=0.00, real=0.00 secs] 
2024-07-23T00:25:57.608+0800: 6.265: Total time for which application threads were stopped: 0.0014508 seconds, Stopping threads took: 0.0000224 seconds
2024-07-23T00:25:57.608+0800: 6.265: [CMS-concurrent-sweep-start]
2024-07-23T00:25:57.609+0800: 6.266: [CMS-concurrent-sweep: 0.000/0.000 secs] [Times: user=0.00 sys=0.00, real=0.00 secs] 
2024-07-23T00:25:57.609+0800: 6.266: [CMS-concurrent-reset-start]
2024-07-23T00:25:57.609+0800: 6.266: [CMS-concurrent-reset: 0.000/0.000 secs] [Times: user=0.00 sys=0.00, real=0.00 secs] 
{Heap before GC invocations=138 (full 273):
 par new generation   total 157248K, used 0K [0x00000000e0000000, 0x00000000eaaa0000, 0x00000000eaaa0000)
  eden space 139776K,   0% used [0x00000000e0000000, 0x00000000e0000000, 0x00000000e8880000)
  from space 17472K,   0% used [0x00000000e8880000, 0x00000000e8880000, 0x00000000e9990000)
  to   space 17472K,   0% used [0x00000000e9990000, 0x00000000e9990000, 0x00000000eaaa0000)
 concurrent mark-sweep generation total 349568K, used 205856K [0x00000000eaaa0000, 0x0000000100000000, 0x0000000100000000)
 Metaspace       used 3956K, capacity 4568K, committed 4864K, reserved 1056768K
  class space    used 431K, capacity 460K, committed 512K, reserved 1048576K
2024-07-23T00:25:57.626+0800: 6.283: [GC (Allocation Failure) 2024-07-23T00:25:57.626+0800: 6.283: [ParNew
Desired survivor size 8945664 bytes, new threshold 6 (max 6)
: 0K->0K(157248K), 0.0005768 secs]2024-07-23T00:25:57.627+0800: 6.284: [CMS: 205856K->1056K(349568K), 0.0026356 secs] 205856K->1056K(506816K), [Metaspace: 3956K->3956K(1056768K)], 0.0033539 secs] [Times: user=0.00 sys=0.00, real=0.00 secs] 
Heap after GC invocations=139 (full 274):
 par new generation   total 157248K, used 0K [0x00000000e0000000, 0x00000000eaaa0000, 0x00000000eaaa0000)
  eden space 139776K,   0% used [0x00000000e0000000, 0x00000000e0000000, 0x00000000e8880000)
  from space 17472K,   0% used [0x00000000e9990000, 0x00000000e9990000, 0x00000000eaaa0000)
  to   space 17472K,   0% used [0x00000000e8880000, 0x00000000e8880000, 0x00000000e9990000)
 concurrent mark-sweep generation total 349568K, used 1056K [0x00000000eaaa0000, 0x0000000100000000, 0x0000000100000000)
 Metaspace       used 3956K, capacity 4568K, committed 4864K, reserved 1056768K
  class space    used 431K, capacity 460K, committed 512K, reserved 1048576K
}
2024-07-23T00:25:57.629+0800: 6.287: Total time for which application threads were stopped: 0.0035696 seconds, Stopping threads took: 0.0000717 seconds
2024-07-23T00:25:57.652+0800: 6.308: [GC (CMS Initial Mark) [1 CMS-initial-mark: 205856K(349568K)] 205856K(506816K), 0.0002711 secs] [Times: user=0.00 sys=0.00, real=0.00 secs] 
2024-07-23T00:25:57.652+0800: 6.309: Total time for which application threads were stopped: 0.0218505 seconds, Stopping threads took: 0.0215007 seconds
2024-07-23T00:25:57.652+0800: 6.309: [CMS-concurrent-mark-start]
2024-07-23T00:25:57.653+0800: 6.310: [CMS-concurrent-mark: 0.001/0.001 secs] [Times: user=0.00 sys=0.00, real=0.00 secs] 
2024-07-23T00:25:57.653+0800: 6.310: [CMS-concurrent-preclean-start]
2024-07-23T00:25:57.654+0800: 6.310: [CMS-concurrent-preclean: 0.000/0.000 secs] [Times: user=0.00 sys=0.00, real=0.00 secs] 
2024-07-23T00:25:57.654+0800: 6.310: [GC (CMS Final Remark) [YG occupancy: 0 K (157248 K)]2024-07-23T00:25:57.654+0800: 6.310: [Rescan (parallel) , 0.0002302 secs]2024-07-23T00:25:57.654+0800: 6.311: [weak refs processing, 0.0000076 secs]2024-07-23T00:25:57.654+0800: 6.311: [class unloading, 0.0002117 secs]2024-07-23T00:25:57.654+0800: 6.311: [scrub symbol table, 0.0003430 secs]2024-07-23T00:25:57.654+0800: 6.311: [scrub string table, 0.0000864 secs][1 CMS-remark: 205856K(349568K)] 205856K(506816K), 0.0009185 secs] [Times: user=0.00 sys=0.00, real=0.00 secs] 
2024-07-23T00:25:57.655+0800: 6.311: Total time for which application threads were stopped: 0.0009577 seconds, Stopping threads took: 0.0000159 seconds
2024-07-23T00:25:57.655+0800: 6.311: [CMS-concurrent-sweep-start]
2024-07-23T00:25:57.655+0800: 6.311: [CMS-concurrent-sweep: 0.000/0.000 secs] [Times: user=0.00 sys=0.00, real=0.00 secs] 
2024-07-23T00:25:57.655+0800: 6.312: [CMS-concurrent-reset-start]
2024-07-23T00:25:57.655+0800: 6.312: [CMS-concurrent-reset: 0.000/0.000 secs] [Times: user=0.00 sys=0.00, real=0.00 secs] 
{Heap before GC invocations=139 (full 275):
 par new generation   total 157248K, used 0K [0x00000000e0000000, 0x00000000eaaa0000, 0x00000000eaaa0000)
  eden space 139776K,   0% used [0x00000000e0000000, 0x00000000e0000000, 0x00000000e8880000)
  from space 17472K,   0% used [0x00000000e9990000, 0x00000000e9990000, 0x00000000eaaa0000)
  to   space 17472K,   0% used [0x00000000e8880000, 0x00000000e8880000, 0x00000000e9990000)
 concurrent mark-sweep generation total 349568K, used 205856K [0x00000000eaaa0000, 0x0000000100000000, 0x0000000100000000)
 Metaspace       used 3956K, capacity 4568K, committed 4864K, reserved 1056768K
  class space    used 431K, capacity 460K, committed 512K, reserved 1048576K
2024-07-23T00:25:57.673+0800: 6.330: [GC (Allocation Failure) 2024-07-23T00:25:57.673+0800: 6.330: [ParNew
Desired survivor size 8945664 bytes, new threshold 6 (max 6)
: 0K->0K(157248K), 0.0007354 secs]2024-07-23T00:25:57.674+0800: 6.330: [CMS: 205856K->1056K(349568K), 0.0034140 secs] 205856K->1056K(506816K), [Metaspace: 3956K->3956K(1056768K)], 0.0043803 secs] [Times: user=0.00 sys=0.00, real=0.00 secs] 
Heap after GC invocations=140 (full 276):
 par new generation   total 157248K, used 0K [0x00000000e0000000, 0x00000000eaaa0000, 0x00000000eaaa0000)
  eden space 139776K,   0% used [0x00000000e0000000, 0x00000000e0000000, 0x00000000e8880000)
  from space 17472K,   0% used [0x00000000e8880000, 0x00000000e8880000, 0x00000000e9990000)
  to   space 17472K,   0% used [0x00000000e9990000, 0x00000000e9990000, 0x00000000eaaa0000)
 concurrent mark-sweep generation total 349568K, used 1056K [0x00000000eaaa0000, 0x0000000100000000, 0x0000000100000000)
 Metaspace       used 3956K, capacity 4568K, committed 4864K, reserved 1056768K
  class space    used 431K, capacity 460K, committed 512K, reserved 1048576K
}
2024-07-23T00:25:57.677+0800: 6.334: Total time for which application threads were stopped: 0.0045171 seconds, Stopping threads took: 0.0000282 seconds
2024-07-23T00:25:57.694+0800: 6.351: [GC (CMS Initial Mark) [1 CMS-initial-mark: 205856K(349568K)] 205856K(506816K), 0.0002294 secs] [Times: user=0.00 sys=0.00, real=0.00 secs] 
2024-07-23T00:25:57.694+0800: 6.351: Total time for which application threads were stopped: 0.0174144 seconds, Stopping threads took: 0.0170866 seconds
2024-07-23T00:25:57.694+0800: 6.351: [CMS-concurrent-mark-start]
2024-07-23T00:25:57.695+0800: 6.353: [CMS-concurrent-mark: 0.002/0.002 secs] [Times: user=0.00 sys=0.00, real=0.00 secs] 
2024-07-23T00:25:57.695+0800: 6.353: [CMS-concurrent-preclean-start]
2024-07-23T00:25:57.695+0800: 6.353: [CMS-concurrent-preclean: 0.000/0.000 secs] [Times: user=0.00 sys=0.00, real=0.00 secs] 
2024-07-23T00:25:57.695+0800: 6.353: [GC (CMS Final Remark) [YG occupancy: 0 K (157248 K)]2024-07-23T00:25:57.695+0800: 6.353: [Rescan (parallel) , 0.0001784 secs]2024-07-23T00:25:57.697+0800: 6.354: [weak refs processing, 0.0000094 secs]2024-07-23T00:25:57.697+0800: 6.354: [class unloading, 0.0002087 secs]2024-07-23T00:25:57.697+0800: 6.354: [scrub symbol table, 0.0003375 secs]2024-07-23T00:25:57.697+0800: 6.354: [scrub string table, 0.0000936 secs][1 CMS-remark: 205856K(349568K)] 205856K(506816K), 0.0008721 secs] [Times: user=0.00 sys=0.00, real=0.00 secs] 
2024-07-23T00:25:57.697+0800: 6.354: Total time for which application threads were stopped: 0.0009111 seconds, Stopping threads took: 0.0000144 seconds
2024-07-23T00:25:57.697+0800: 6.354: [CMS-concurrent-sweep-start]
2024-07-23T00:25:57.698+0800: 6.354: [CMS-concurrent-sweep: 0.000/0.000 secs] [Times: user=0.00 sys=0.00, real=0.00 secs] 
2024-07-23T00:25:57.698+0800: 6.354: [CMS-concurrent-reset-start]
2024-07-23T00:25:57.698+0800: 6.355: [CMS-concurrent-reset: 0.000/0.000 secs] [Times: user=0.00 sys=0.00, real=0.00 secs] 
{Heap before GC invocations=140 (full 277):
 par new generation   total 157248K, used 0K [0x00000000e0000000, 0x00000000eaaa0000, 0x00000000eaaa0000)
  eden space 139776K,   0% used [0x00000000e0000000, 0x00000000e0000000, 0x00000000e8880000)
  from space 17472K,   0% used [0x00000000e8880000, 0x00000000e8880000, 0x00000000e9990000)
  to   space 17472K,   0% used [0x00000000e9990000, 0x00000000e9990000, 0x00000000eaaa0000)
 concurrent mark-sweep generation total 349568K, used 205856K [0x00000000eaaa0000, 0x0000000100000000, 0x0000000100000000)
 Metaspace       used 3956K, capacity 4568K, committed 4864K, reserved 1056768K
  class space    used 431K, capacity 460K, committed 512K, reserved 1048576K
2024-07-23T00:25:57.719+0800: 6.377: [GC (Allocation Failure) 2024-07-23T00:25:57.719+0800: 6.377: [ParNew
Desired survivor size 8945664 bytes, new threshold 6 (max 6)
: 0K->0K(157248K), 0.0018484 secs]2024-07-23T00:25:57.722+0800: 6.379: [CMS: 205856K->1056K(349568K), 0.0033169 secs] 205856K->1056K(506816K), [Metaspace: 3956K->3956K(1056768K)], 0.0053018 secs] [Times: user=0.00 sys=0.00, real=0.01 secs] 
Heap after GC invocations=141 (full 278):
 par new generation   total 157248K, used 0K [0x00000000e0000000, 0x00000000eaaa0000, 0x00000000eaaa0000)
  eden space 139776K,   0% used [0x00000000e0000000, 0x00000000e0000000, 0x00000000e8880000)
  from space 17472K,   0% used [0x00000000e9990000, 0x00000000e9990000, 0x00000000eaaa0000)
  to   space 17472K,   0% used [0x00000000e8880000, 0x00000000e8880000, 0x00000000e9990000)
 concurrent mark-sweep generation total 349568K, used 1056K [0x00000000eaaa0000, 0x0000000100000000, 0x0000000100000000)
 Metaspace       used 3956K, capacity 4568K, committed 4864K, reserved 1056768K
  class space    used 431K, capacity 460K, committed 512K, reserved 1048576K
}
2024-07-23T00:25:57.725+0800: 6.382: Total time for which application threads were stopped: 0.0054855 seconds, Stopping threads took: 0.0000673 seconds
2024-07-23T00:25:57.743+0800: 6.399: [GC (CMS Initial Mark) [1 CMS-initial-mark: 205856K(349568K)] 205856K(506816K), 0.0002404 secs] [Times: user=0.00 sys=0.00, real=0.00 secs] 
2024-07-23T00:25:57.743+0800: 6.400: Total time for which application threads were stopped: 0.0176561 seconds, Stopping threads took: 0.0173478 seconds
2024-07-23T00:25:57.743+0800: 6.400: [CMS-concurrent-mark-start]
2024-07-23T00:25:57.744+0800: 6.401: [CMS-concurrent-mark: 0.001/0.001 secs] [Times: user=0.00 sys=0.00, real=0.00 secs] 
2024-07-23T00:25:57.744+0800: 6.401: [CMS-concurrent-preclean-start]
2024-07-23T00:25:57.744+0800: 6.401: [CMS-concurrent-preclean: 0.000/0.000 secs] [Times: user=0.00 sys=0.00, real=0.00 secs] 
2024-07-23T00:25:57.744+0800: 6.401: [GC (CMS Final Remark) [YG occupancy: 0 K (157248 K)]2024-07-23T00:25:57.744+0800: 6.401: [Rescan (parallel) , 0.0001954 secs]2024-07-23T00:25:57.745+0800: 6.402: [weak refs processing, 0.0000067 secs]2024-07-23T00:25:57.745+0800: 6.402: [class unloading, 0.0001872 secs]2024-07-23T00:25:57.745+0800: 6.402: [scrub symbol table, 0.0002915 secs]2024-07-23T00:25:57.745+0800: 6.402: [scrub string table, 0.0000837 secs][1 CMS-remark: 205856K(349568K)] 205856K(506816K), 0.0007977 secs] [Times: user=0.00 sys=0.00, real=0.00 secs] 
2024-07-23T00:25:57.745+0800: 6.402: Total time for which application threads were stopped: 0.0008311 seconds, Stopping threads took: 0.0000128 seconds
2024-07-23T00:25:57.745+0800: 6.402: [CMS-concurrent-sweep-start]
2024-07-23T00:25:57.745+0800: 6.402: [CMS-concurrent-sweep: 0.000/0.000 secs] [Times: user=0.00 sys=0.00, real=0.00 secs] 
2024-07-23T00:25:57.746+0800: 6.402: [CMS-concurrent-reset-start]
2024-07-23T00:25:57.746+0800: 6.403: [CMS-concurrent-reset: 0.000/0.000 secs] [Times: user=0.00 sys=0.00, real=0.00 secs] 
{Heap before GC invocations=141 (full 279):
 par new generation   total 157248K, used 0K [0x00000000e0000000, 0x00000000eaaa0000, 0x00000000eaaa0000)
  eden space 139776K,   0% used [0x00000000e0000000, 0x00000000e0000000, 0x00000000e8880000)
  from space 17472K,   0% used [0x00000000e9990000, 0x00000000e9990000, 0x00000000eaaa0000)
  to   space 17472K,   0% used [0x00000000e8880000, 0x00000000e8880000, 0x00000000e9990000)
 concurrent mark-sweep generation total 349568K, used 205856K [0x00000000eaaa0000, 0x0000000100000000, 0x0000000100000000)
 Metaspace       used 3956K, capacity 4568K, committed 4864K, reserved 1056768K
  class space    used 431K, capacity 460K, committed 512K, reserved 1048576K
2024-07-23T00:25:57.766+0800: 6.423: [GC (Allocation Failure) 2024-07-23T00:25:57.766+0800: 6.423: [ParNew
Desired survivor size 8945664 bytes, new threshold 6 (max 6)
: 0K->0K(157248K), 0.0023871 secs]2024-07-23T00:25:57.768+0800: 6.425: [CMS: 205856K->1056K(349568K), 0.0036951 secs] 205856K->1056K(506816K), [Metaspace: 3956K->3956K(1056768K)], 0.0062541 secs] [Times: user=0.00 sys=0.00, real=0.01 secs] 
Heap after GC invocations=142 (full 280):
 par new generation   total 157248K, used 0K [0x00000000e0000000, 0x00000000eaaa0000, 0x00000000eaaa0000)
  eden space 139776K,   0% used [0x00000000e0000000, 0x00000000e0000000, 0x00000000e8880000)
  from space 17472K,   0% used [0x00000000e8880000, 0x00000000e8880000, 0x00000000e9990000)
  to   space 17472K,   0% used [0x00000000e9990000, 0x00000000e9990000, 0x00000000eaaa0000)
 concurrent mark-sweep generation total 349568K, used 1056K [0x00000000eaaa0000, 0x0000000100000000, 0x0000000100000000)
 Metaspace       used 3956K, capacity 4568K, committed 4864K, reserved 1056768K
  class space    used 431K, capacity 460K, committed 512K, reserved 1048576K
}
2024-07-23T00:25:57.772+0800: 6.429: Total time for which application threads were stopped: 0.0064356 seconds, Stopping threads took: 0.0000278 seconds
2024-07-23T00:25:57.791+0800: 6.448: [GC (CMS Initial Mark) [1 CMS-initial-mark: 205856K(349568K)] 205856K(506816K), 0.0010830 secs] [Times: user=0.00 sys=0.00, real=0.00 secs] 
2024-07-23T00:25:57.792+0800: 6.449: Total time for which application threads were stopped: 0.0192975 seconds, Stopping threads took: 0.0181353 seconds
2024-07-23T00:25:57.792+0800: 6.449: [CMS-concurrent-mark-start]
2024-07-23T00:25:57.793+0800: 6.450: [CMS-concurrent-mark: 0.002/0.002 secs] [Times: user=0.00 sys=0.00, real=0.00 secs] 
2024-07-23T00:25:57.793+0800: 6.450: [CMS-concurrent-preclean-start]
2024-07-23T00:25:57.794+0800: 6.451: [CMS-concurrent-preclean: 0.000/0.000 secs] [Times: user=0.02 sys=0.00, real=0.00 secs] 
2024-07-23T00:25:57.794+0800: 6.451: [GC (CMS Final Remark) [YG occupancy: 0 K (157248 K)]2024-07-23T00:25:57.794+0800: 6.451: [Rescan (parallel) , 0.0006003 secs]2024-07-23T00:25:57.794+0800: 6.451: [weak refs processing, 0.0000090 secs]2024-07-23T00:25:57.794+0800: 6.451: [class unloading, 0.0002093 secs]2024-07-23T00:25:57.795+0800: 6.452: [scrub symbol table, 0.0003484 secs]2024-07-23T00:25:57.795+0800: 6.452: [scrub string table, 0.0000959 secs][1 CMS-remark: 205856K(349568K)] 205856K(506816K), 0.0013112 secs] [Times: user=0.00 sys=0.00, real=0.00 secs] 
2024-07-23T00:25:57.795+0800: 6.452: Total time for which application threads were stopped: 0.0013567 seconds, Stopping threads took: 0.0000183 seconds
2024-07-23T00:25:57.795+0800: 6.452: [CMS-concurrent-sweep-start]
2024-07-23T00:25:57.795+0800: 6.452: [CMS-concurrent-sweep: 0.000/0.000 secs] [Times: user=0.00 sys=0.00, real=0.00 secs] 
2024-07-23T00:25:57.795+0800: 6.452: [CMS-concurrent-reset-start]
2024-07-23T00:25:57.796+0800: 6.453: [CMS-concurrent-reset: 0.000/0.000 secs] [Times: user=0.00 sys=0.00, real=0.00 secs] 
{Heap before GC invocations=142 (full 281):
 par new generation   total 157248K, used 0K [0x00000000e0000000, 0x00000000eaaa0000, 0x00000000eaaa0000)
  eden space 139776K,   0% used [0x00000000e0000000, 0x00000000e0000000, 0x00000000e8880000)
  from space 17472K,   0% used [0x00000000e8880000, 0x00000000e8880000, 0x00000000e9990000)
  to   space 17472K,   0% used [0x00000000e9990000, 0x00000000e9990000, 0x00000000eaaa0000)
 concurrent mark-sweep generation total 349568K, used 205856K [0x00000000eaaa0000, 0x0000000100000000, 0x0000000100000000)
 Metaspace       used 3956K, capacity 4568K, committed 4864K, reserved 1056768K
  class space    used 431K, capacity 460K, committed 512K, reserved 1048576K
2024-07-23T00:25:57.814+0800: 6.471: [GC (Allocation Failure) 2024-07-23T00:25:57.814+0800: 6.471: [ParNew
Desired survivor size 8945664 bytes, new threshold 6 (max 6)
: 0K->0K(157248K), 0.0008689 secs]2024-07-23T00:25:57.815+0800: 6.472: [CMS: 205856K->1056K(349568K), 0.0034027 secs] 205856K->1056K(506816K), [Metaspace: 3956K->3956K(1056768K)], 0.0043960 secs] [Times: user=0.00 sys=0.00, real=0.00 secs] 
Heap after GC invocations=143 (full 282):
 par new generation   total 157248K, used 0K [0x00000000e0000000, 0x00000000eaaa0000, 0x00000000eaaa0000)
  eden space 139776K,   0% used [0x00000000e0000000, 0x00000000e0000000, 0x00000000e8880000)
  from space 17472K,   0% used [0x00000000e9990000, 0x00000000e9990000, 0x00000000eaaa0000)
  to   space 17472K,   0% used [0x00000000e8880000, 0x00000000e8880000, 0x00000000e9990000)
 concurrent mark-sweep generation total 349568K, used 1056K [0x00000000eaaa0000, 0x0000000100000000, 0x0000000100000000)
 Metaspace       used 3956K, capacity 4568K, committed 4864K, reserved 1056768K
  class space    used 431K, capacity 460K, committed 512K, reserved 1048576K
}
2024-07-23T00:25:57.818+0800: 6.475: Total time for which application threads were stopped: 0.0045684 seconds, Stopping threads took: 0.0000305 seconds
2024-07-23T00:25:57.836+0800: 6.493: [GC (CMS Initial Mark) [1 CMS-initial-mark: 205856K(349568K)] 205856K(506816K), 0.0003516 secs] [Times: user=0.00 sys=0.00, real=0.00 secs] 
2024-07-23T00:25:57.836+0800: 6.493: Total time for which application threads were stopped: 0.0177775 seconds, Stopping threads took: 0.0173715 seconds
2024-07-23T00:25:57.836+0800: 6.493: [CMS-concurrent-mark-start]
2024-07-23T00:25:57.838+0800: 6.495: [CMS-concurrent-mark: 0.002/0.002 secs] [Times: user=0.00 sys=0.00, real=0.00 secs] 
2024-07-23T00:25:57.838+0800: 6.495: [CMS-concurrent-preclean-start]
2024-07-23T00:25:57.838+0800: 6.495: [CMS-concurrent-preclean: 0.000/0.000 secs] [Times: user=0.00 sys=0.00, real=0.00 secs] 
2024-07-23T00:25:57.838+0800: 6.495: [GC (CMS Final Remark) [YG occupancy: 0 K (157248 K)]2024-07-23T00:25:57.838+0800: 6.495: [Rescan (parallel) , 0.0004804 secs]2024-07-23T00:25:57.838+0800: 6.496: [weak refs processing, 0.0000068 secs]2024-07-23T00:25:57.838+0800: 6.496: [class unloading, 0.0001940 secs]2024-07-23T00:25:57.838+0800: 6.496: [scrub symbol table, 0.0003253 secs]2024-07-23T00:25:57.839+0800: 6.496: [scrub string table, 0.0000960 secs][1 CMS-remark: 205856K(349568K)] 205856K(506816K), 0.0011330 secs] [Times: user=0.00 sys=0.00, real=0.00 secs] 
2024-07-23T00:25:57.839+0800: 6.496: Total time for which application threads were stopped: 0.0011664 seconds, Stopping threads took: 0.0000131 seconds
2024-07-23T00:25:57.839+0800: 6.496: [CMS-concurrent-sweep-start]
2024-07-23T00:25:57.839+0800: 6.497: [CMS-concurrent-sweep: 0.000/0.000 secs] [Times: user=0.00 sys=0.00, real=0.00 secs] 
2024-07-23T00:25:57.839+0800: 6.497: [CMS-concurrent-reset-start]
2024-07-23T00:25:57.839+0800: 6.497: [CMS-concurrent-reset: 0.000/0.000 secs] [Times: user=0.00 sys=0.00, real=0.00 secs] 
{Heap before GC invocations=143 (full 283):
 par new generation   total 157248K, used 0K [0x00000000e0000000, 0x00000000eaaa0000, 0x00000000eaaa0000)
  eden space 139776K,   0% used [0x00000000e0000000, 0x00000000e0000000, 0x00000000e8880000)
  from space 17472K,   0% used [0x00000000e9990000, 0x00000000e9990000, 0x00000000eaaa0000)
  to   space 17472K,   0% used [0x00000000e8880000, 0x00000000e8880000, 0x00000000e9990000)
 concurrent mark-sweep generation total 349568K, used 205856K [0x00000000eaaa0000, 0x0000000100000000, 0x0000000100000000)
 Metaspace       used 3956K, capacity 4568K, committed 4864K, reserved 1056768K
  class space    used 431K, capacity 460K, committed 512K, reserved 1048576K
2024-07-23T00:25:57.861+0800: 6.518: [GC (Allocation Failure) 2024-07-23T00:25:57.861+0800: 6.518: [ParNew
Desired survivor size 8945664 bytes, new threshold 6 (max 6)
: 0K->0K(157248K), 0.0020622 secs]2024-07-23T00:25:57.864+0800: 6.520: [CMS: 205856K->1056K(349568K), 0.0034295 secs] 205856K->1056K(506816K), [Metaspace: 3956K->3956K(1056768K)], 0.0056296 secs] [Times: user=0.00 sys=0.00, real=0.01 secs] 
Heap after GC invocations=144 (full 284):
 par new generation   total 157248K, used 0K [0x00000000e0000000, 0x00000000eaaa0000, 0x00000000eaaa0000)
  eden space 139776K,   0% used [0x00000000e0000000, 0x00000000e0000000, 0x00000000e8880000)
  from space 17472K,   0% used [0x00000000e8880000, 0x00000000e8880000, 0x00000000e9990000)
  to   space 17472K,   0% used [0x00000000e9990000, 0x00000000e9990000, 0x00000000eaaa0000)
 concurrent mark-sweep generation total 349568K, used 1056K [0x00000000eaaa0000, 0x0000000100000000, 0x0000000100000000)
 Metaspace       used 3956K, capacity 4568K, committed 4864K, reserved 1056768K
  class space    used 431K, capacity 460K, committed 512K, reserved 1048576K
}
2024-07-23T00:25:57.867+0800: 6.524: Total time for which application threads were stopped: 0.0058861 seconds, Stopping threads took: 0.0000361 seconds
2024-07-23T00:25:57.885+0800: 6.541: [GC (CMS Initial Mark) [1 CMS-initial-mark: 205856K(349568K)] 205856K(506816K), 0.0016898 secs] [Times: user=0.00 sys=0.00, real=0.00 secs] 
2024-07-23T00:25:57.885+0800: 6.543: Total time for which application threads were stopped: 0.0190845 seconds, Stopping threads took: 0.0173128 seconds
2024-07-23T00:25:57.885+0800: 6.543: [CMS-concurrent-mark-start]
2024-07-23T00:25:57.887+0800: 6.544: [CMS-concurrent-mark: 0.001/0.001 secs] [Times: user=0.02 sys=0.00, real=0.00 secs] 
2024-07-23T00:25:57.887+0800: 6.544: [CMS-concurrent-preclean-start]
2024-07-23T00:25:57.887+0800: 6.545: [CMS-concurrent-preclean: 0.000/0.000 secs] [Times: user=0.00 sys=0.00, real=0.00 secs] 
2024-07-23T00:25:57.887+0800: 6.545: [GC (CMS Final Remark) [YG occupancy: 0 K (157248 K)]2024-07-23T00:25:57.887+0800: 6.545: [Rescan (parallel) , 0.0011064 secs]2024-07-23T00:25:57.889+0800: 6.546: [weak refs processing, 0.0000085 secs]2024-07-23T00:25:57.889+0800: 6.546: [class unloading, 0.0001924 secs]2024-07-23T00:25:57.889+0800: 6.546: [scrub symbol table, 0.0003299 secs]2024-07-23T00:25:57.889+0800: 6.547: [scrub string table, 0.0000917 secs][1 CMS-remark: 205856K(349568K)] 205856K(506816K), 0.0017727 secs] [Times: user=0.00 sys=0.00, real=0.00 secs] 
2024-07-23T00:25:57.889+0800: 6.547: Total time for which application threads were stopped: 0.0018123 seconds, Stopping threads took: 0.0000172 seconds
2024-07-23T00:25:57.889+0800: 6.547: [CMS-concurrent-sweep-start]
2024-07-23T00:25:57.889+0800: 6.547: [CMS-concurrent-sweep: 0.000/0.000 secs] [Times: user=0.00 sys=0.00, real=0.00 secs] 
2024-07-23T00:25:57.890+0800: 6.547: [CMS-concurrent-reset-start]
2024-07-23T00:25:57.890+0800: 6.547: [CMS-concurrent-reset: 0.000/0.000 secs] [Times: user=0.00 sys=0.00, real=0.00 secs] 
{Heap before GC invocations=144 (full 285):
 par new generation   total 157248K, used 0K [0x00000000e0000000, 0x00000000eaaa0000, 0x00000000eaaa0000)
  eden space 139776K,   0% used [0x00000000e0000000, 0x00000000e0000000, 0x00000000e8880000)
  from space 17472K,   0% used [0x00000000e8880000, 0x00000000e8880000, 0x00000000e9990000)
  to   space 17472K,   0% used [0x00000000e9990000, 0x00000000e9990000, 0x00000000eaaa0000)
 concurrent mark-sweep generation total 349568K, used 205856K [0x00000000eaaa0000, 0x0000000100000000, 0x0000000100000000)
 Metaspace       used 3956K, capacity 4568K, committed 4864K, reserved 1056768K
  class space    used 431K, capacity 460K, committed 512K, reserved 1048576K
2024-07-23T00:25:57.908+0800: 6.565: [GC (Allocation Failure) 2024-07-23T00:25:57.908+0800: 6.565: [ParNew
Desired survivor size 8945664 bytes, new threshold 6 (max 6)
: 0K->0K(157248K), 0.0033655 secs]2024-07-23T00:25:57.912+0800: 6.568: [CMS: 205856K->1056K(349568K), 0.0040382 secs] 205856K->1056K(506816K), [Metaspace: 3956K->3956K(1056768K)], 0.0075794 secs] [Times: user=0.00 sys=0.00, real=0.01 secs] 
Heap after GC invocations=145 (full 286):
 par new generation   total 157248K, used 0K [0x00000000e0000000, 0x00000000eaaa0000, 0x00000000eaaa0000)
  eden space 139776K,   0% used [0x00000000e0000000, 0x00000000e0000000, 0x00000000e8880000)
  from space 17472K,   0% used [0x00000000e9990000, 0x00000000e9990000, 0x00000000eaaa0000)
  to   space 17472K,   0% used [0x00000000e8880000, 0x00000000e8880000, 0x00000000e9990000)
 concurrent mark-sweep generation total 349568K, used 1056K [0x00000000eaaa0000, 0x0000000100000000, 0x0000000100000000)
 Metaspace       used 3956K, capacity 4568K, committed 4864K, reserved 1056768K
  class space    used 431K, capacity 460K, committed 512K, reserved 1048576K
}
2024-07-23T00:25:57.916+0800: 6.573: Total time for which application threads were stopped: 0.0078658 seconds, Stopping threads took: 0.0000345 seconds
2024-07-23T00:25:57.934+0800: 6.591: [GC (CMS Initial Mark) [1 CMS-initial-mark: 205856K(349568K)] 205856K(506816K), 0.0013240 secs] [Times: user=0.00 sys=0.00, real=0.00 secs] 
2024-07-23T00:25:57.935+0800: 6.592: Total time for which application threads were stopped: 0.0191624 seconds, Stopping threads took: 0.0177865 seconds
2024-07-23T00:25:57.935+0800: 6.592: [CMS-concurrent-mark-start]
2024-07-23T00:25:57.937+0800: 6.594: [CMS-concurrent-mark: 0.001/0.001 secs] [Times: user=0.00 sys=0.00, real=0.00 secs] 
2024-07-23T00:25:57.937+0800: 6.594: [CMS-concurrent-preclean-start]
2024-07-23T00:25:57.937+0800: 6.594: [CMS-concurrent-preclean: 0.000/0.000 secs] [Times: user=0.00 sys=0.00, real=0.00 secs] 
2024-07-23T00:25:57.937+0800: 6.594: [GC (CMS Final Remark) [YG occupancy: 0 K (157248 K)]2024-07-23T00:25:57.937+0800: 6.594: [Rescan (parallel) , 0.0006154 secs]2024-07-23T00:25:57.938+0800: 6.594: [weak refs processing, 0.0000150 secs]2024-07-23T00:25:57.938+0800: 6.594: [class unloading, 0.0003312 secs]2024-07-23T00:25:57.938+0800: 6.595: [scrub symbol table, 0.0003740 secs]2024-07-23T00:25:57.938+0800: 6.595: [scrub string table, 0.0001131 secs][1 CMS-remark: 205856K(349568K)] 205856K(506816K), 0.0015062 secs] [Times: user=0.00 sys=0.00, real=0.00 secs] 
2024-07-23T00:25:57.939+0800: 6.595: Total time for which application threads were stopped: 0.0015562 seconds, Stopping threads took: 0.0000124 seconds
2024-07-23T00:25:57.939+0800: 6.595: [CMS-concurrent-sweep-start]
2024-07-23T00:25:57.939+0800: 6.596: [CMS-concurrent-sweep: 0.000/0.000 secs] [Times: user=0.00 sys=0.00, real=0.00 secs] 
2024-07-23T00:25:57.939+0800: 6.596: [CMS-concurrent-reset-start]
2024-07-23T00:25:57.939+0800: 6.596: [CMS-concurrent-reset: 0.000/0.000 secs] [Times: user=0.00 sys=0.00, real=0.00 secs] 
{Heap before GC invocations=145 (full 287):
 par new generation   total 157248K, used 0K [0x00000000e0000000, 0x00000000eaaa0000, 0x00000000eaaa0000)
  eden space 139776K,   0% used [0x00000000e0000000, 0x00000000e0000000, 0x00000000e8880000)
  from space 17472K,   0% used [0x00000000e9990000, 0x00000000e9990000, 0x00000000eaaa0000)
  to   space 17472K,   0% used [0x00000000e8880000, 0x00000000e8880000, 0x00000000e9990000)
 concurrent mark-sweep generation total 349568K, used 205856K [0x00000000eaaa0000, 0x0000000100000000, 0x0000000100000000)
 Metaspace       used 3956K, capacity 4568K, committed 4864K, reserved 1056768K
  class space    used 431K, capacity 460K, committed 512K, reserved 1048576K
2024-07-23T00:25:57.954+0800: 6.611: [GC (Allocation Failure) 2024-07-23T00:25:57.954+0800: 6.611: [ParNew
Desired survivor size 8945664 bytes, new threshold 6 (max 6)
: 0K->0K(157248K), 0.0013252 secs]2024-07-23T00:25:57.955+0800: 6.612: [CMS: 205856K->1056K(349568K), 0.0032713 secs] 205856K->1056K(506816K), [Metaspace: 3956K->3956K(1056768K)], 0.0047233 secs] [Times: user=0.00 sys=0.00, real=0.01 secs] 
Heap after GC invocations=146 (full 288):
 par new generation   total 157248K, used 0K [0x00000000e0000000, 0x00000000eaaa0000, 0x00000000eaaa0000)
  eden space 139776K,   0% used [0x00000000e0000000, 0x00000000e0000000, 0x00000000e8880000)
  from space 17472K,   0% used [0x00000000e8880000, 0x00000000e8880000, 0x00000000e9990000)
  to   space 17472K,   0% used [0x00000000e9990000, 0x00000000e9990000, 0x00000000eaaa0000)
 concurrent mark-sweep generation total 349568K, used 1056K [0x00000000eaaa0000, 0x0000000100000000, 0x0000000100000000)
 Metaspace       used 3956K, capacity 4568K, committed 4864K, reserved 1056768K
  class space    used 431K, capacity 460K, committed 512K, reserved 1048576K
}
2024-07-23T00:25:57.959+0800: 6.615: Total time for which application threads were stopped: 0.0049237 seconds, Stopping threads took: 0.0000301 seconds
2024-07-23T00:25:57.976+0800: 6.632: [GC (CMS Initial Mark) [1 CMS-initial-mark: 205856K(349568K)] 205856K(506816K), 0.0004063 secs] [Times: user=0.00 sys=0.00, real=0.00 secs] 
2024-07-23T00:25:57.976+0800: 6.633: Total time for which application threads were stopped: 0.0174138 seconds, Stopping threads took: 0.0169465 seconds
2024-07-23T00:25:57.976+0800: 6.633: [CMS-concurrent-mark-start]
2024-07-23T00:25:57.978+0800: 6.634: [CMS-concurrent-mark: 0.001/0.001 secs] [Times: user=0.00 sys=0.00, real=0.00 secs] 
2024-07-23T00:25:57.978+0800: 6.634: [CMS-concurrent-preclean-start]
2024-07-23T00:25:57.978+0800: 6.635: [CMS-concurrent-preclean: 0.000/0.000 secs] [Times: user=0.00 sys=0.00, real=0.00 secs] 
2024-07-23T00:25:57.978+0800: 6.635: [GC (CMS Final Remark) [YG occupancy: 0 K (157248 K)]2024-07-23T00:25:57.978+0800: 6.635: [Rescan (parallel) , 0.0003266 secs]2024-07-23T00:25:57.978+0800: 6.635: [weak refs processing, 0.0000068 secs]2024-07-23T00:25:57.978+0800: 6.635: [class unloading, 0.0002063 secs]2024-07-23T00:25:57.979+0800: 6.635: [scrub symbol table, 0.0003578 secs]2024-07-23T00:25:57.979+0800: 6.636: [scrub string table, 0.0000983 secs][1 CMS-remark: 205856K(349568K)] 205856K(506816K), 0.0010316 secs] [Times: user=0.00 sys=0.00, real=0.00 secs] 
2024-07-23T00:25:57.979+0800: 6.636: Total time for which application threads were stopped: 0.0010661 seconds, Stopping threads took: 0.0000143 seconds
2024-07-23T00:25:57.979+0800: 6.636: [CMS-concurrent-sweep-start]
2024-07-23T00:25:57.979+0800: 6.636: [CMS-concurrent-sweep: 0.000/0.000 secs] [Times: user=0.00 sys=0.00, real=0.00 secs] 
2024-07-23T00:25:57.979+0800: 6.636: [CMS-concurrent-reset-start]
2024-07-23T00:25:57.980+0800: 6.636: [CMS-concurrent-reset: 0.000/0.000 secs] [Times: user=0.00 sys=0.00, real=0.00 secs] 
{Heap before GC invocations=146 (full 289):
 par new generation   total 157248K, used 0K [0x00000000e0000000, 0x00000000eaaa0000, 0x00000000eaaa0000)
  eden space 139776K,   0% used [0x00000000e0000000, 0x00000000e0000000, 0x00000000e8880000)
  from space 17472K,   0% used [0x00000000e8880000, 0x00000000e8880000, 0x00000000e9990000)
  to   space 17472K,   0% used [0x00000000e9990000, 0x00000000e9990000, 0x00000000eaaa0000)
 concurrent mark-sweep generation total 349568K, used 205856K [0x00000000eaaa0000, 0x0000000100000000, 0x0000000100000000)
 Metaspace       used 3956K, capacity 4568K, committed 4864K, reserved 1056768K
  class space    used 431K, capacity 460K, committed 512K, reserved 1048576K
2024-07-23T00:25:57.999+0800: 6.656: [GC (Allocation Failure) 2024-07-23T00:25:57.999+0800: 6.656: [ParNew
Desired survivor size 8945664 bytes, new threshold 6 (max 6)
: 0K->0K(157248K), 0.0023078 secs]2024-07-23T00:25:58.001+0800: 6.658: [CMS: 205856K->1056K(349568K), 0.0035051 secs] 205856K->1056K(506816K), [Metaspace: 3956K->3956K(1056768K)], 0.0059736 secs] [Times: user=0.00 sys=0.00, real=0.01 secs] 
Heap after GC invocations=147 (full 290):
 par new generation   total 157248K, used 0K [0x00000000e0000000, 0x00000000eaaa0000, 0x00000000eaaa0000)
  eden space 139776K,   0% used [0x00000000e0000000, 0x00000000e0000000, 0x00000000e8880000)
  from space 17472K,   0% used [0x00000000e9990000, 0x00000000e9990000, 0x00000000eaaa0000)
  to   space 17472K,   0% used [0x00000000e8880000, 0x00000000e8880000, 0x00000000e9990000)
 concurrent mark-sweep generation total 349568K, used 1056K [0x00000000eaaa0000, 0x0000000100000000, 0x0000000100000000)
 Metaspace       used 3956K, capacity 4568K, committed 4864K, reserved 1056768K
  class space    used 431K, capacity 460K, committed 512K, reserved 1048576K
}
2024-07-23T00:25:58.005+0800: 6.662: Total time for which application threads were stopped: 0.0061371 seconds, Stopping threads took: 0.0000262 seconds
2024-07-23T00:25:58.023+0800: 6.679: [GC (CMS Initial Mark) [1 CMS-initial-mark: 205856K(349568K)] 205856K(506816K), 0.0002713 secs] [Times: user=0.00 sys=0.00, real=0.00 secs] 
2024-07-23T00:25:58.023+0800: 6.680: Total time for which application threads were stopped: 0.0177437 seconds, Stopping threads took: 0.0174169 seconds
2024-07-23T00:25:58.023+0800: 6.680: [CMS-concurrent-mark-start]
2024-07-23T00:25:58.024+0800: 6.681: [CMS-concurrent-mark: 0.001/0.001 secs] [Times: user=0.00 sys=0.00, real=0.00 secs] 
2024-07-23T00:25:58.024+0800: 6.681: [CMS-concurrent-preclean-start]
2024-07-23T00:25:58.024+0800: 6.681: [CMS-concurrent-preclean: 0.000/0.000 secs] [Times: user=0.00 sys=0.00, real=0.00 secs] 
2024-07-23T00:25:58.025+0800: 6.681: [GC (CMS Final Remark) [YG occupancy: 0 K (157248 K)]2024-07-23T00:25:58.025+0800: 6.681: [Rescan (parallel) , 0.0004867 secs]2024-07-23T00:25:58.025+0800: 6.682: [weak refs processing, 0.0000086 secs]2024-07-23T00:25:58.025+0800: 6.682: [class unloading, 0.0002154 secs]2024-07-23T00:25:58.025+0800: 6.682: [scrub symbol table, 0.0003354 secs]2024-07-23T00:25:58.026+0800: 6.682: [scrub string table, 0.0000961 secs][1 CMS-remark: 205856K(349568K)] 205856K(506816K), 0.0011865 secs] [Times: user=0.00 sys=0.00, real=0.00 secs] 
2024-07-23T00:25:58.026+0800: 6.683: Total time for which application threads were stopped: 0.0012222 seconds, Stopping threads took: 0.0000136 seconds
2024-07-23T00:25:58.026+0800: 6.683: [CMS-concurrent-sweep-start]
2024-07-23T00:25:58.026+0800: 6.683: [CMS-concurrent-sweep: 0.000/0.000 secs] [Times: user=0.00 sys=0.00, real=0.00 secs] 
2024-07-23T00:25:58.026+0800: 6.683: [CMS-concurrent-reset-start]
2024-07-23T00:25:58.026+0800: 6.683: [CMS-concurrent-reset: 0.000/0.000 secs] [Times: user=0.00 sys=0.00, real=0.00 secs] 
{Heap before GC invocations=147 (full 291):
 par new generation   total 157248K, used 0K [0x00000000e0000000, 0x00000000eaaa0000, 0x00000000eaaa0000)
  eden space 139776K,   0% used [0x00000000e0000000, 0x00000000e0000000, 0x00000000e8880000)
  from space 17472K,   0% used [0x00000000e9990000, 0x00000000e9990000, 0x00000000eaaa0000)
  to   space 17472K,   0% used [0x00000000e8880000, 0x00000000e8880000, 0x00000000e9990000)
 concurrent mark-sweep generation total 349568K, used 205856K [0x00000000eaaa0000, 0x0000000100000000, 0x0000000100000000)
 Metaspace       used 3956K, capacity 4568K, committed 4864K, reserved 1056768K
  class space    used 431K, capacity 460K, committed 512K, reserved 1048576K
2024-07-23T00:25:58.045+0800: 6.702: [GC (Allocation Failure) 2024-07-23T00:25:58.045+0800: 6.702: [ParNew
Desired survivor size 8945664 bytes, new threshold 6 (max 6)
: 0K->0K(157248K), 0.0007039 secs]2024-07-23T00:25:58.046+0800: 6.703: [CMS: 205856K->1056K(349568K), 0.0026610 secs] 205856K->1056K(506816K), [Metaspace: 3956K->3956K(1056768K)], 0.0034537 secs] [Times: user=0.00 sys=0.00, real=0.00 secs] 
Heap after GC invocations=148 (full 292):
 par new generation   total 157248K, used 0K [0x00000000e0000000, 0x00000000eaaa0000, 0x00000000eaaa0000)
  eden space 139776K,   0% used [0x00000000e0000000, 0x00000000e0000000, 0x00000000e8880000)
  from space 17472K,   0% used [0x00000000e8880000, 0x00000000e8880000, 0x00000000e9990000)
  to   space 17472K,   0% used [0x00000000e9990000, 0x00000000e9990000, 0x00000000eaaa0000)
 concurrent mark-sweep generation total 349568K, used 1056K [0x00000000eaaa0000, 0x0000000100000000, 0x0000000100000000)
 Metaspace       used 3956K, capacity 4568K, committed 4864K, reserved 1056768K
  class space    used 431K, capacity 460K, committed 512K, reserved 1048576K
}
2024-07-23T00:25:58.049+0800: 6.705: Total time for which application threads were stopped: 0.0036359 seconds, Stopping threads took: 0.0000831 seconds
2024-07-23T00:25:58.066+0800: 6.722: [GC (CMS Initial Mark) [1 CMS-initial-mark: 205856K(349568K)] 205856K(506816K), 0.0001668 secs] [Times: user=0.00 sys=0.00, real=0.00 secs] 
2024-07-23T00:25:58.066+0800: 6.723: Total time for which application threads were stopped: 0.0171045 seconds, Stopping threads took: 0.0168797 seconds
2024-07-23T00:25:58.066+0800: 6.723: [CMS-concurrent-mark-start]
2024-07-23T00:25:58.067+0800: 6.724: [CMS-concurrent-mark: 0.001/0.001 secs] [Times: user=0.00 sys=0.00, real=0.00 secs] 
2024-07-23T00:25:58.067+0800: 6.724: [CMS-concurrent-preclean-start]
2024-07-23T00:25:58.068+0800: 6.724: [CMS-concurrent-preclean: 0.000/0.000 secs] [Times: user=0.00 sys=0.00, real=0.00 secs] 
2024-07-23T00:25:58.068+0800: 6.724: [GC (CMS Final Remark) [YG occupancy: 0 K (157248 K)]2024-07-23T00:25:58.068+0800: 6.724: [Rescan (parallel) , 0.0001961 secs]2024-07-23T00:25:58.068+0800: 6.724: [weak refs processing, 0.0000095 secs]2024-07-23T00:25:58.068+0800: 6.725: [class unloading, 0.0002395 secs]2024-07-23T00:25:58.068+0800: 6.725: [scrub symbol table, 0.0003459 secs]2024-07-23T00:25:58.068+0800: 6.725: [scrub string table, 0.0001066 secs][1 CMS-remark: 205856K(349568K)] 205856K(506816K), 0.0009357 secs] [Times: user=0.00 sys=0.00, real=0.00 secs] 
2024-07-23T00:25:58.069+0800: 6.725: Total time for which application threads were stopped: 0.0009778 seconds, Stopping threads took: 0.0000141 seconds
2024-07-23T00:25:58.069+0800: 6.725: [CMS-concurrent-sweep-start]
2024-07-23T00:25:58.069+0800: 6.725: [CMS-concurrent-sweep: 0.000/0.000 secs] [Times: user=0.00 sys=0.00, real=0.00 secs] 
2024-07-23T00:25:58.069+0800: 6.725: [CMS-concurrent-reset-start]
2024-07-23T00:25:58.069+0800: 6.726: [CMS-concurrent-reset: 0.000/0.000 secs] [Times: user=0.00 sys=0.00, real=0.00 secs] 
{Heap before GC invocations=148 (full 293):
 par new generation   total 157248K, used 0K [0x00000000e0000000, 0x00000000eaaa0000, 0x00000000eaaa0000)
  eden space 139776K,   0% used [0x00000000e0000000, 0x00000000e0000000, 0x00000000e8880000)
  from space 17472K,   0% used [0x00000000e8880000, 0x00000000e8880000, 0x00000000e9990000)
  to   space 17472K,   0% used [0x00000000e9990000, 0x00000000e9990000, 0x00000000eaaa0000)
 concurrent mark-sweep generation total 349568K, used 205856K [0x00000000eaaa0000, 0x0000000100000000, 0x0000000100000000)
 Metaspace       used 3956K, capacity 4568K, committed 4864K, reserved 1056768K
  class space    used 431K, capacity 460K, committed 512K, reserved 1048576K
2024-07-23T00:25:58.077+0800: 6.734: [GC (Allocation Failure) 2024-07-23T00:25:58.077+0800: 6.734: [ParNew
Desired survivor size 8945664 bytes, new threshold 6 (max 6)
: 0K->0K(157248K), 0.0007353 secs]2024-07-23T00:25:58.078+0800: 6.734: [CMS: 205856K->1056K(349568K), 0.0025916 secs] 205856K->1056K(506816K), [Metaspace: 3956K->3956K(1056768K)], 0.0034379 secs] [Times: user=0.00 sys=0.00, real=0.00 secs] 
Heap after GC invocations=149 (full 294):
 par new generation   total 157248K, used 0K [0x00000000e0000000, 0x00000000eaaa0000, 0x00000000eaaa0000)
  eden space 139776K,   0% used [0x00000000e0000000, 0x00000000e0000000, 0x00000000e8880000)
  from space 17472K,   0% used [0x00000000e9990000, 0x00000000e9990000, 0x00000000eaaa0000)
  to   space 17472K,   0% used [0x00000000e8880000, 0x00000000e8880000, 0x00000000e9990000)
 concurrent mark-sweep generation total 349568K, used 1056K [0x00000000eaaa0000, 0x0000000100000000, 0x0000000100000000)
 Metaspace       used 3956K, capacity 4568K, committed 4864K, reserved 1056768K
  class space    used 431K, capacity 460K, committed 512K, reserved 1048576K
}
2024-07-23T00:25:58.080+0800: 6.737: Total time for which application threads were stopped: 0.0035525 seconds, Stopping threads took: 0.0000223 seconds
2024-07-23T00:25:58.097+0800: 6.754: [GC (CMS Initial Mark) [1 CMS-initial-mark: 205856K(349568K)] 205856K(506816K), 0.0002927 secs] [Times: user=0.00 sys=0.00, real=0.00 secs] 
2024-07-23T00:25:58.097+0800: 6.755: Total time for which application threads were stopped: 0.0174276 seconds, Stopping threads took: 0.0170752 seconds
2024-07-23T00:25:58.097+0800: 6.755: [CMS-concurrent-mark-start]
2024-07-23T00:25:58.099+0800: 6.756: [CMS-concurrent-mark: 0.001/0.001 secs] [Times: user=0.00 sys=0.00, real=0.00 secs] 
2024-07-23T00:25:58.099+0800: 6.756: [CMS-concurrent-preclean-start]
2024-07-23T00:25:58.099+0800: 6.756: [CMS-concurrent-preclean: 0.000/0.000 secs] [Times: user=0.00 sys=0.00, real=0.00 secs] 
2024-07-23T00:25:58.099+0800: 6.756: [GC (CMS Final Remark) [YG occupancy: 0 K (157248 K)]2024-07-23T00:25:58.099+0800: 6.756: [Rescan (parallel) , 0.0002847 secs]2024-07-23T00:25:58.099+0800: 6.757: [weak refs processing, 0.0000131 secs]2024-07-23T00:25:58.099+0800: 6.757: [class unloading, 0.0002395 secs]2024-07-23T00:25:58.100+0800: 6.757: [scrub symbol table, 0.0003683 secs]2024-07-23T00:25:58.100+0800: 6.757: [scrub string table, 0.0000964 secs][1 CMS-remark: 205856K(349568K)] 205856K(506816K), 0.0011512 secs] [Times: user=0.00 sys=0.00, real=0.00 secs] 
2024-07-23T00:25:58.100+0800: 6.758: Total time for which application threads were stopped: 0.0012066 seconds, Stopping threads took: 0.0000277 seconds
2024-07-23T00:25:58.101+0800: 6.758: [CMS-concurrent-sweep-start]
2024-07-23T00:25:58.101+0800: 6.758: [CMS-concurrent-sweep: 0.000/0.000 secs] [Times: user=0.00 sys=0.00, real=0.00 secs] 
2024-07-23T00:25:58.101+0800: 6.758: [CMS-concurrent-reset-start]
2024-07-23T00:25:58.101+0800: 6.758: [CMS-concurrent-reset: 0.000/0.000 secs] [Times: user=0.00 sys=0.00, real=0.00 secs] 
{Heap before GC invocations=149 (full 295):
 par new generation   total 157248K, used 0K [0x00000000e0000000, 0x00000000eaaa0000, 0x00000000eaaa0000)
  eden space 139776K,   0% used [0x00000000e0000000, 0x00000000e0000000, 0x00000000e8880000)
  from space 17472K,   0% used [0x00000000e9990000, 0x00000000e9990000, 0x00000000eaaa0000)
  to   space 17472K,   0% used [0x00000000e8880000, 0x00000000e8880000, 0x00000000e9990000)
 concurrent mark-sweep generation total 349568K, used 205856K [0x00000000eaaa0000, 0x0000000100000000, 0x0000000100000000)
 Metaspace       used 3956K, capacity 4568K, committed 4864K, reserved 1056768K
  class space    used 431K, capacity 460K, committed 512K, reserved 1048576K
2024-07-23T00:25:58.108+0800: 6.764: [GC (Allocation Failure) 2024-07-23T00:25:58.108+0800: 6.765: [ParNew
Desired survivor size 8945664 bytes, new threshold 6 (max 6)
: 0K->0K(157248K), 0.0004464 secs]2024-07-23T00:25:58.108+0800: 6.765: [CMS: 205856K->1056K(349568K), 0.0023051 secs] 205856K->1056K(506816K), [Metaspace: 3956K->3956K(1056768K)], 0.0028182 secs] [Times: user=0.00 sys=0.00, real=0.00 secs] 
Heap after GC invocations=150 (full 296):
 par new generation   total 157248K, used 0K [0x00000000e0000000, 0x00000000eaaa0000, 0x00000000eaaa0000)
  eden space 139776K,   0% used [0x00000000e0000000, 0x00000000e0000000, 0x00000000e8880000)
  from space 17472K,   0% used [0x00000000e8880000, 0x00000000e8880000, 0x00000000e9990000)
  to   space 17472K,   0% used [0x00000000e9990000, 0x00000000e9990000, 0x00000000eaaa0000)
 concurrent mark-sweep generation total 349568K, used 1056K [0x00000000eaaa0000, 0x0000000100000000, 0x0000000100000000)
 Metaspace       used 3956K, capacity 4568K, committed 4864K, reserved 1056768K
  class space    used 431K, capacity 460K, committed 512K, reserved 1048576K
}
2024-07-23T00:25:58.111+0800: 6.767: Total time for which application threads were stopped: 0.0029240 seconds, Stopping threads took: 0.0000137 seconds
2024-07-23T00:25:58.127+0800: 6.784: [GC (CMS Initial Mark) [1 CMS-initial-mark: 205856K(349568K)] 205856K(506816K), 0.0003645 secs] [Times: user=0.00 sys=0.00, real=0.00 secs] 
2024-07-23T00:25:58.127+0800: 6.785: Total time for which application threads were stopped: 0.0172579 seconds, Stopping threads took: 0.0168235 seconds
2024-07-23T00:25:58.127+0800: 6.785: [CMS-concurrent-mark-start]
2024-07-23T00:25:58.129+0800: 6.786: [CMS-concurrent-mark: 0.001/0.001 secs] [Times: user=0.00 sys=0.00, real=0.00 secs] 
2024-07-23T00:25:58.129+0800: 6.786: [CMS-concurrent-preclean-start]
2024-07-23T00:25:58.129+0800: 6.786: [CMS-concurrent-preclean: 0.000/0.000 secs] [Times: user=0.00 sys=0.00, real=0.00 secs] 
2024-07-23T00:25:58.129+0800: 6.786: [GC (CMS Final Remark) [YG occupancy: 0 K (157248 K)]2024-07-23T00:25:58.129+0800: 6.786: [Rescan (parallel) , 0.0002247 secs]2024-07-23T00:25:58.129+0800: 6.787: [weak refs processing, 0.0000074 secs]2024-07-23T00:25:58.129+0800: 6.787: [class unloading, 0.0002004 secs]2024-07-23T00:25:58.129+0800: 6.787: [scrub symbol table, 0.0002950 secs]2024-07-23T00:25:58.130+0800: 6.787: [scrub string table, 0.0000836 secs][1 CMS-remark: 205856K(349568K)] 205856K(506816K), 0.0008499 secs] [Times: user=0.00 sys=0.00, real=0.00 secs] 
2024-07-23T00:25:58.130+0800: 6.787: Total time for which application threads were stopped: 0.0008871 seconds, Stopping threads took: 0.0000132 seconds
2024-07-23T00:25:58.130+0800: 6.787: [CMS-concurrent-sweep-start]
2024-07-23T00:25:58.130+0800: 6.787: [CMS-concurrent-sweep: 0.000/0.000 secs] [Times: user=0.00 sys=0.00, real=0.00 secs] 
2024-07-23T00:25:58.130+0800: 6.788: [CMS-concurrent-reset-start]
2024-07-23T00:25:58.130+0800: 6.788: [CMS-concurrent-reset: 0.000/0.000 secs] [Times: user=0.00 sys=0.00, real=0.00 secs] 
{Heap before GC invocations=150 (full 297):
 par new generation   total 157248K, used 0K [0x00000000e0000000, 0x00000000eaaa0000, 0x00000000eaaa0000)
  eden space 139776K,   0% used [0x00000000e0000000, 0x00000000e0000000, 0x00000000e8880000)
  from space 17472K,   0% used [0x00000000e8880000, 0x00000000e8880000, 0x00000000e9990000)
  to   space 17472K,   0% used [0x00000000e9990000, 0x00000000e9990000, 0x00000000eaaa0000)
 concurrent mark-sweep generation total 349568K, used 205856K [0x00000000eaaa0000, 0x0000000100000000, 0x0000000100000000)
 Metaspace       used 3956K, capacity 4568K, committed 4864K, reserved 1056768K
  class space    used 431K, capacity 460K, committed 512K, reserved 1048576K
2024-07-23T00:25:58.152+0800: 6.809: [GC (Allocation Failure) 2024-07-23T00:25:58.152+0800: 6.809: [ParNew
Desired survivor size 8945664 bytes, new threshold 6 (max 6)
: 0K->0K(157248K), 0.0013914 secs]2024-07-23T00:25:58.153+0800: 6.811: [CMS: 205856K->1056K(349568K), 0.0045576 secs] 205856K->1056K(506816K), [Metaspace: 3956K->3956K(1056768K)], 0.0061063 secs] [Times: user=0.00 sys=0.00, real=0.01 secs] 
Heap after GC invocations=151 (full 298):
 par new generation   total 157248K, used 0K [0x00000000e0000000, 0x00000000eaaa0000, 0x00000000eaaa0000)
  eden space 139776K,   0% used [0x00000000e0000000, 0x00000000e0000000, 0x00000000e8880000)
  from space 17472K,   0% used [0x00000000e9990000, 0x00000000e9990000, 0x00000000eaaa0000)
  to   space 17472K,   0% used [0x00000000e8880000, 0x00000000e8880000, 0x00000000e9990000)
 concurrent mark-sweep generation total 349568K, used 1056K [0x00000000eaaa0000, 0x0000000100000000, 0x0000000100000000)
 Metaspace       used 3956K, capacity 4568K, committed 4864K, reserved 1056768K
  class space    used 431K, capacity 460K, committed 512K, reserved 1048576K
}
2024-07-23T00:25:58.158+0800: 6.815: Total time for which application threads were stopped: 0.0062357 seconds, Stopping threads took: 0.0000147 seconds
2024-07-23T00:25:58.176+0800: 6.833: [GC (CMS Initial Mark) [1 CMS-initial-mark: 205856K(349568K)] 205856K(506816K), 0.0003307 secs] [Times: user=0.00 sys=0.00, real=0.00 secs] 
2024-07-23T00:25:58.176+0800: 6.833: Total time for which application threads were stopped: 0.0178255 seconds, Stopping threads took: 0.0174266 seconds
2024-07-23T00:25:58.176+0800: 6.833: [CMS-concurrent-mark-start]
2024-07-23T00:25:58.178+0800: 6.835: [CMS-concurrent-mark: 0.001/0.001 secs] [Times: user=0.00 sys=0.00, real=0.00 secs] 
2024-07-23T00:25:58.178+0800: 6.835: [CMS-concurrent-preclean-start]
2024-07-23T00:25:58.178+0800: 6.835: [CMS-concurrent-preclean: 0.000/0.000 secs] [Times: user=0.00 sys=0.00, real=0.00 secs] 
2024-07-23T00:25:58.178+0800: 6.835: [GC (CMS Final Remark) [YG occupancy: 0 K (157248 K)]2024-07-23T00:25:58.178+0800: 6.835: [Rescan (parallel) , 0.0002592 secs]2024-07-23T00:25:58.178+0800: 6.835: [weak refs processing, 0.0000069 secs]2024-07-23T00:25:58.178+0800: 6.835: [class unloading, 0.0001994 secs]2024-07-23T00:25:58.178+0800: 6.835: [scrub symbol table, 0.0003269 secs]2024-07-23T00:25:58.179+0800: 6.836: [scrub string table, 0.0000949 secs][1 CMS-remark: 205856K(349568K)] 205856K(506816K), 0.0009224 secs] [Times: user=0.00 sys=0.00, real=0.00 secs] 
2024-07-23T00:25:58.179+0800: 6.836: Total time for which application threads were stopped: 0.0009586 seconds, Stopping threads took: 0.0000142 seconds
2024-07-23T00:25:58.179+0800: 6.836: [CMS-concurrent-sweep-start]
2024-07-23T00:25:58.179+0800: 6.836: [CMS-concurrent-sweep: 0.000/0.000 secs] [Times: user=0.00 sys=0.00, real=0.00 secs] 
2024-07-23T00:25:58.179+0800: 6.836: [CMS-concurrent-reset-start]
2024-07-23T00:25:58.179+0800: 6.836: [CMS-concurrent-reset: 0.000/0.000 secs] [Times: user=0.00 sys=0.00, real=0.00 secs] 
{Heap before GC invocations=151 (full 299):
 par new generation   total 157248K, used 0K [0x00000000e0000000, 0x00000000eaaa0000, 0x00000000eaaa0000)
  eden space 139776K,   0% used [0x00000000e0000000, 0x00000000e0000000, 0x00000000e8880000)
  from space 17472K,   0% used [0x00000000e9990000, 0x00000000e9990000, 0x00000000eaaa0000)
  to   space 17472K,   0% used [0x00000000e8880000, 0x00000000e8880000, 0x00000000e9990000)
 concurrent mark-sweep generation total 349568K, used 205856K [0x00000000eaaa0000, 0x0000000100000000, 0x0000000100000000)
 Metaspace       used 3956K, capacity 4568K, committed 4864K, reserved 1056768K
  class space    used 431K, capacity 460K, committed 512K, reserved 1048576K
2024-07-23T00:25:58.200+0800: 6.857: [GC (Allocation Failure) 2024-07-23T00:25:58.200+0800: 6.857: [ParNew
Desired survivor size 8945664 bytes, new threshold 6 (max 6)
: 0K->0K(157248K), 0.0017541 secs]2024-07-23T00:25:58.201+0800: 6.859: [CMS: 205856K->1056K(349568K), 0.0034075 secs] 205856K->1056K(506816K), [Metaspace: 3956K->3956K(1056768K)], 0.0053345 secs] [Times: user=0.00 sys=0.00, real=0.00 secs] 
Heap after GC invocations=152 (full 300):
 par new generation   total 157248K, used 0K [0x00000000e0000000, 0x00000000eaaa0000, 0x00000000eaaa0000)
  eden space 139776K,   0% used [0x00000000e0000000, 0x00000000e0000000, 0x00000000e8880000)
  from space 17472K,   0% used [0x00000000e8880000, 0x00000000e8880000, 0x00000000e9990000)
  to   space 17472K,   0% used [0x00000000e9990000, 0x00000000e9990000, 0x00000000eaaa0000)
 concurrent mark-sweep generation total 349568K, used 1056K [0x00000000eaaa0000, 0x0000000100000000, 0x0000000100000000)
 Metaspace       used 3956K, capacity 4568K, committed 4864K, reserved 1056768K
  class space    used 431K, capacity 460K, committed 512K, reserved 1048576K
}
2024-07-23T00:25:58.205+0800: 6.862: Total time for which application threads were stopped: 0.0055014 seconds, Stopping threads took: 0.0000229 seconds
2024-07-23T00:25:58.223+0800: 6.880: [GC (CMS Initial Mark) [1 CMS-initial-mark: 205856K(349568K)] 205856K(506816K), 0.0005969 secs] [Times: user=0.00 sys=0.00, real=0.00 secs] 
2024-07-23T00:25:58.224+0800: 6.880: Total time for which application threads were stopped: 0.0181356 seconds, Stopping threads took: 0.0174679 seconds
2024-07-23T00:25:58.224+0800: 6.880: [CMS-concurrent-mark-start]
2024-07-23T00:25:58.225+0800: 6.882: [CMS-concurrent-mark: 0.001/0.001 secs] [Times: user=0.00 sys=0.00, real=0.00 secs] 
2024-07-23T00:25:58.225+0800: 6.882: [CMS-concurrent-preclean-start]
2024-07-23T00:25:58.225+0800: 6.882: [CMS-concurrent-preclean: 0.000/0.000 secs] [Times: user=0.00 sys=0.00, real=0.00 secs] 
2024-07-23T00:25:58.225+0800: 6.882: [GC (CMS Final Remark) [YG occupancy: 0 K (157248 K)]2024-07-23T00:25:58.225+0800: 6.882: [Rescan (parallel) , 0.0001734 secs]2024-07-23T00:25:58.225+0800: 6.882: [weak refs processing, 0.0000065 secs]2024-07-23T00:25:58.225+0800: 6.882: [class unloading, 0.0002111 secs]2024-07-23T00:25:58.226+0800: 6.883: [scrub symbol table, 0.0003511 secs]2024-07-23T00:25:58.226+0800: 6.883: [scrub string table, 0.0000964 secs][1 CMS-remark: 205856K(349568K)] 205856K(506816K), 0.0008731 secs] [Times: user=0.00 sys=0.00, real=0.00 secs] 
2024-07-23T00:25:58.226+0800: 6.883: Total time for which application threads were stopped: 0.0009070 seconds, Stopping threads took: 0.0000141 seconds
2024-07-23T00:25:58.226+0800: 6.883: [CMS-concurrent-sweep-start]
2024-07-23T00:25:58.226+0800: 6.883: [CMS-concurrent-sweep: 0.000/0.000 secs] [Times: user=0.00 sys=0.00, real=0.00 secs] 
2024-07-23T00:25:58.226+0800: 6.883: [CMS-concurrent-reset-start]
2024-07-23T00:25:58.227+0800: 6.884: [CMS-concurrent-reset: 0.000/0.000 secs] [Times: user=0.00 sys=0.00, real=0.00 secs] 
{Heap before GC invocations=152 (full 301):
 par new generation   total 157248K, used 0K [0x00000000e0000000, 0x00000000eaaa0000, 0x00000000eaaa0000)
  eden space 139776K,   0% used [0x00000000e0000000, 0x00000000e0000000, 0x00000000e8880000)
  from space 17472K,   0% used [0x00000000e8880000, 0x00000000e8880000, 0x00000000e9990000)
  to   space 17472K,   0% used [0x00000000e9990000, 0x00000000e9990000, 0x00000000eaaa0000)
 concurrent mark-sweep generation total 349568K, used 205856K [0x00000000eaaa0000, 0x0000000100000000, 0x0000000100000000)
 Metaspace       used 3956K, capacity 4568K, committed 4864K, reserved 1056768K
  class space    used 431K, capacity 460K, committed 512K, reserved 1048576K
2024-07-23T00:25:58.246+0800: 6.903: [GC (Allocation Failure) 2024-07-23T00:25:58.246+0800: 6.903: [ParNew
Desired survivor size 8945664 bytes, new threshold 6 (max 6)
: 0K->0K(157248K), 0.0028837 secs]2024-07-23T00:25:58.249+0800: 6.906: [CMS: 205856K->1056K(349568K), 0.0038194 secs] 205856K->1056K(506816K), [Metaspace: 3956K->3956K(1056768K)], 0.0068573 secs] [Times: user=0.02 sys=0.00, real=0.01 secs] 
Heap after GC invocations=153 (full 302):
 par new generation   total 157248K, used 0K [0x00000000e0000000, 0x00000000eaaa0000, 0x00000000eaaa0000)
  eden space 139776K,   0% used [0x00000000e0000000, 0x00000000e0000000, 0x00000000e8880000)
  from space 17472K,   0% used [0x00000000e9990000, 0x00000000e9990000, 0x00000000eaaa0000)
  to   space 17472K,   0% used [0x00000000e8880000, 0x00000000e8880000, 0x00000000e9990000)
 concurrent mark-sweep generation total 349568K, used 1056K [0x00000000eaaa0000, 0x0000000100000000, 0x0000000100000000)
 Metaspace       used 3956K, capacity 4568K, committed 4864K, reserved 1056768K
  class space    used 431K, capacity 460K, committed 512K, reserved 1048576K
}
2024-07-23T00:25:58.253+0800: 6.910: Total time for which application threads were stopped: 0.0070599 seconds, Stopping threads took: 0.0000277 seconds
2024-07-23T00:25:58.270+0800: 6.928: [GC (CMS Initial Mark) [1 CMS-initial-mark: 205856K(349568K)] 205856K(506816K), 0.0004218 secs] [Times: user=0.00 sys=0.00, real=0.00 secs] 
2024-07-23T00:25:58.271+0800: 6.928: Total time for which application threads were stopped: 0.0177709 seconds, Stopping threads took: 0.0172902 seconds
2024-07-23T00:25:58.271+0800: 6.928: [CMS-concurrent-mark-start]
2024-07-23T00:25:58.272+0800: 6.929: [CMS-concurrent-mark: 0.001/0.001 secs] [Times: user=0.00 sys=0.00, real=0.00 secs] 
2024-07-23T00:25:58.272+0800: 6.929: [CMS-concurrent-preclean-start]
2024-07-23T00:25:58.272+0800: 6.930: [CMS-concurrent-preclean: 0.000/0.000 secs] [Times: user=0.00 sys=0.00, real=0.00 secs] 
2024-07-23T00:25:58.272+0800: 6.930: [GC (CMS Final Remark) [YG occupancy: 0 K (157248 K)]2024-07-23T00:25:58.273+0800: 6.930: [Rescan (parallel) , 0.0001665 secs]2024-07-23T00:25:58.273+0800: 6.930: [weak refs processing, 0.0000068 secs]2024-07-23T00:25:58.273+0800: 6.930: [class unloading, 0.0003330 secs]2024-07-23T00:25:58.273+0800: 6.930: [scrub symbol table, 0.0004075 secs]2024-07-23T00:25:58.273+0800: 6.931: [scrub string table, 0.0001063 secs][1 CMS-remark: 205856K(349568K)] 205856K(506816K), 0.0010614 secs] [Times: user=0.00 sys=0.00, real=0.00 secs] 
2024-07-23T00:25:58.274+0800: 6.931: Total time for which application threads were stopped: 0.0011010 seconds, Stopping threads took: 0.0000138 seconds
2024-07-23T00:25:58.274+0800: 6.931: [CMS-concurrent-sweep-start]
2024-07-23T00:25:58.274+0800: 6.931: [CMS-concurrent-sweep: 0.000/0.000 secs] [Times: user=0.00 sys=0.00, real=0.00 secs] 
2024-07-23T00:25:58.274+0800: 6.931: [CMS-concurrent-reset-start]
2024-07-23T00:25:58.274+0800: 6.931: [CMS-concurrent-reset: 0.000/0.000 secs] [Times: user=0.00 sys=0.00, real=0.00 secs] 
{Heap before GC invocations=153 (full 303):
 par new generation   total 157248K, used 0K [0x00000000e0000000, 0x00000000eaaa0000, 0x00000000eaaa0000)
  eden space 139776K,   0% used [0x00000000e0000000, 0x00000000e0000000, 0x00000000e8880000)
  from space 17472K,   0% used [0x00000000e9990000, 0x00000000e9990000, 0x00000000eaaa0000)
  to   space 17472K,   0% used [0x00000000e8880000, 0x00000000e8880000, 0x00000000e9990000)
 concurrent mark-sweep generation total 349568K, used 205856K [0x00000000eaaa0000, 0x0000000100000000, 0x0000000100000000)
 Metaspace       used 3956K, capacity 4568K, committed 4864K, reserved 1056768K
  class space    used 431K, capacity 460K, committed 512K, reserved 1048576K
2024-07-23T00:25:58.293+0800: 6.950: [GC (Allocation Failure) 2024-07-23T00:25:58.293+0800: 6.950: [ParNew
Desired survivor size 8945664 bytes, new threshold 6 (max 6)
: 0K->0K(157248K), 0.0018196 secs]2024-07-23T00:25:58.294+0800: 6.952: [CMS: 205856K->1056K(349568K), 0.0038546 secs] 205856K->1056K(506816K), [Metaspace: 3956K->3956K(1056768K)], 0.0058585 secs] [Times: user=0.00 sys=0.00, real=0.01 secs] 
Heap after GC invocations=154 (full 304):
 par new generation   total 157248K, used 0K [0x00000000e0000000, 0x00000000eaaa0000, 0x00000000eaaa0000)
  eden space 139776K,   0% used [0x00000000e0000000, 0x00000000e0000000, 0x00000000e8880000)
  from space 17472K,   0% used [0x00000000e8880000, 0x00000000e8880000, 0x00000000e9990000)
  to   space 17472K,   0% used [0x00000000e9990000, 0x00000000e9990000, 0x00000000eaaa0000)
 concurrent mark-sweep generation total 349568K, used 1056K [0x00000000eaaa0000, 0x0000000100000000, 0x0000000100000000)
 Metaspace       used 3956K, capacity 4568K, committed 4864K, reserved 1056768K
  class space    used 431K, capacity 460K, committed 512K, reserved 1048576K
}
2024-07-23T00:25:58.298+0800: 6.956: Total time for which application threads were stopped: 0.0060007 seconds, Stopping threads took: 0.0000223 seconds
2024-07-23T00:25:58.316+0800: 6.973: [GC (CMS Initial Mark) [1 CMS-initial-mark: 205856K(349568K)] 205856K(506816K), 0.0005497 secs] [Times: user=0.00 sys=0.00, real=0.00 secs] 
2024-07-23T00:25:58.317+0800: 6.974: Total time for which application threads were stopped: 0.0178269 seconds, Stopping threads took: 0.0172126 seconds
2024-07-23T00:25:58.317+0800: 6.974: [CMS-concurrent-mark-start]
2024-07-23T00:25:58.318+0800: 6.975: [CMS-concurrent-mark: 0.001/0.001 secs] [Times: user=0.00 sys=0.00, real=0.00 secs] 
2024-07-23T00:25:58.318+0800: 6.975: [CMS-concurrent-preclean-start]
2024-07-23T00:25:58.319+0800: 6.976: [CMS-concurrent-preclean: 0.000/0.000 secs] [Times: user=0.00 sys=0.00, real=0.00 secs] 
2024-07-23T00:25:58.319+0800: 6.976: [GC (CMS Final Remark) [YG occupancy: 0 K (157248 K)]2024-07-23T00:25:58.319+0800: 6.976: [Rescan (parallel) , 0.0003832 secs]2024-07-23T00:25:58.319+0800: 6.976: [weak refs processing, 0.0000074 secs]2024-07-23T00:25:58.319+0800: 6.976: [class unloading, 0.0002484 secs]2024-07-23T00:25:58.319+0800: 6.976: [scrub symbol table, 0.0003612 secs]2024-07-23T00:25:58.320+0800: 6.977: [scrub string table, 0.0001041 secs][1 CMS-remark: 205856K(349568K)] 205856K(506816K), 0.0011381 secs] [Times: user=0.00 sys=0.00, real=0.00 secs] 
2024-07-23T00:25:58.320+0800: 6.977: Total time for which application threads were stopped: 0.0011721 seconds, Stopping threads took: 0.0000135 seconds
2024-07-23T00:25:58.320+0800: 6.977: [CMS-concurrent-sweep-start]
2024-07-23T00:25:58.320+0800: 6.977: [CMS-concurrent-sweep: 0.000/0.000 secs] [Times: user=0.00 sys=0.00, real=0.00 secs] 
2024-07-23T00:25:58.320+0800: 6.977: [CMS-concurrent-reset-start]
2024-07-23T00:25:58.320+0800: 6.977: [CMS-concurrent-reset: 0.000/0.000 secs] [Times: user=0.00 sys=0.00, real=0.00 secs] 
{Heap before GC invocations=154 (full 305):
 par new generation   total 157248K, used 0K [0x00000000e0000000, 0x00000000eaaa0000, 0x00000000eaaa0000)
  eden space 139776K,   0% used [0x00000000e0000000, 0x00000000e0000000, 0x00000000e8880000)
  from space 17472K,   0% used [0x00000000e8880000, 0x00000000e8880000, 0x00000000e9990000)
  to   space 17472K,   0% used [0x00000000e9990000, 0x00000000e9990000, 0x00000000eaaa0000)
 concurrent mark-sweep generation total 349568K, used 205856K [0x00000000eaaa0000, 0x0000000100000000, 0x0000000100000000)
 Metaspace       used 3956K, capacity 4568K, committed 4864K, reserved 1056768K
  class space    used 431K, capacity 460K, committed 512K, reserved 1048576K
2024-07-23T00:25:58.341+0800: 6.998: [GC (Allocation Failure) 2024-07-23T00:25:58.341+0800: 6.998: [ParNew
Desired survivor size 8945664 bytes, new threshold 6 (max 6)
: 0K->0K(157248K), 0.0007081 secs]2024-07-23T00:25:58.342+0800: 6.999: [CMS: 205856K->1056K(349568K), 0.0025518 secs] 205856K->1056K(506816K), [Metaspace: 3956K->3956K(1056768K)], 0.0033573 secs] [Times: user=0.00 sys=0.00, real=0.00 secs] 
Heap after GC invocations=155 (full 306):
 par new generation   total 157248K, used 0K [0x00000000e0000000, 0x00000000eaaa0000, 0x00000000eaaa0000)
  eden space 139776K,   0% used [0x00000000e0000000, 0x00000000e0000000, 0x00000000e8880000)
  from space 17472K,   0% used [0x00000000e9990000, 0x00000000e9990000, 0x00000000eaaa0000)
  to   space 17472K,   0% used [0x00000000e8880000, 0x00000000e8880000, 0x00000000e9990000)
 concurrent mark-sweep generation total 349568K, used 1056K [0x00000000eaaa0000, 0x0000000100000000, 0x0000000100000000)
 Metaspace       used 3956K, capacity 4568K, committed 4864K, reserved 1056768K
  class space    used 431K, capacity 460K, committed 512K, reserved 1048576K
}
2024-07-23T00:25:58.345+0800: 7.001: Total time for which application threads were stopped: 0.0035006 seconds, Stopping threads took: 0.0000319 seconds
2024-07-23T00:25:58.361+0800: 7.019: [GC (CMS Initial Mark) [1 CMS-initial-mark: 205856K(349568K)] 205856K(506816K), 0.0002022 secs] [Times: user=0.00 sys=0.00, real=0.00 secs] 
2024-07-23T00:25:58.361+0800: 7.019: Total time for which application threads were stopped: 0.0175185 seconds, Stopping threads took: 0.0172491 seconds
2024-07-23T00:25:58.361+0800: 7.019: [CMS-concurrent-mark-start]
2024-07-23T00:25:58.363+0800: 7.020: [CMS-concurrent-mark: 0.001/0.001 secs] [Times: user=0.00 sys=0.00, real=0.00 secs] 
2024-07-23T00:25:58.363+0800: 7.020: [CMS-concurrent-preclean-start]
2024-07-23T00:25:58.363+0800: 7.021: [CMS-concurrent-preclean: 0.000/0.000 secs] [Times: user=0.00 sys=0.00, real=0.00 secs] 
2024-07-23T00:25:58.363+0800: 7.021: [GC (CMS Final Remark) [YG occupancy: 0 K (157248 K)]2024-07-23T00:25:58.363+0800: 7.021: [Rescan (parallel) , 0.0002233 secs]2024-07-23T00:25:58.363+0800: 7.021: [weak refs processing, 0.0000071 secs]2024-07-23T00:25:58.363+0800: 7.021: [class unloading, 0.0002010 secs]2024-07-23T00:25:58.364+0800: 7.021: [scrub symbol table, 0.0003214 secs]2024-07-23T00:25:58.364+0800: 7.021: [scrub string table, 0.0001027 secs][1 CMS-remark: 205856K(349568K)] 205856K(506816K), 0.0008927 secs] [Times: user=0.00 sys=0.00, real=0.00 secs] 
2024-07-23T00:25:58.364+0800: 7.021: Total time for which application threads were stopped: 0.0009282 seconds, Stopping threads took: 0.0000126 seconds
2024-07-23T00:25:58.364+0800: 7.022: [CMS-concurrent-sweep-start]
2024-07-23T00:25:58.364+0800: 7.022: [CMS-concurrent-sweep: 0.000/0.000 secs] [Times: user=0.00 sys=0.00, real=0.00 secs] 
2024-07-23T00:25:58.364+0800: 7.022: [CMS-concurrent-reset-start]
2024-07-23T00:25:58.365+0800: 7.022: [CMS-concurrent-reset: 0.000/0.000 secs] [Times: user=0.00 sys=0.00, real=0.00 secs] 
{Heap before GC invocations=155 (full 307):
 par new generation   total 157248K, used 0K [0x00000000e0000000, 0x00000000eaaa0000, 0x00000000eaaa0000)
  eden space 139776K,   0% used [0x00000000e0000000, 0x00000000e0000000, 0x00000000e8880000)
  from space 17472K,   0% used [0x00000000e9990000, 0x00000000e9990000, 0x00000000eaaa0000)
  to   space 17472K,   0% used [0x00000000e8880000, 0x00000000e8880000, 0x00000000e9990000)
 concurrent mark-sweep generation total 349568K, used 205856K [0x00000000eaaa0000, 0x0000000100000000, 0x0000000100000000)
 Metaspace       used 3956K, capacity 4568K, committed 4864K, reserved 1056768K
  class space    used 431K, capacity 460K, committed 512K, reserved 1048576K
2024-07-23T00:25:58.371+0800: 7.028: [GC (Allocation Failure) 2024-07-23T00:25:58.371+0800: 7.028: [ParNew
Desired survivor size 8945664 bytes, new threshold 6 (max 6)
: 0K->0K(157248K), 0.0005011 secs]2024-07-23T00:25:58.371+0800: 7.029: [CMS: 205856K->1056K(349568K), 0.0026512 secs] 205856K->1056K(506816K), [Metaspace: 3956K->3956K(1056768K)], 0.0032272 secs] [Times: user=0.00 sys=0.00, real=0.00 secs] 
Heap after GC invocations=156 (full 308):
 par new generation   total 157248K, used 0K [0x00000000e0000000, 0x00000000eaaa0000, 0x00000000eaaa0000)
  eden space 139776K,   0% used [0x00000000e0000000, 0x00000000e0000000, 0x00000000e8880000)
  from space 17472K,   0% used [0x00000000e8880000, 0x00000000e8880000, 0x00000000e9990000)
  to   space 17472K,   0% used [0x00000000e9990000, 0x00000000e9990000, 0x00000000eaaa0000)
 concurrent mark-sweep generation total 349568K, used 1056K [0x00000000eaaa0000, 0x0000000100000000, 0x0000000100000000)
 Metaspace       used 3956K, capacity 4568K, committed 4864K, reserved 1056768K
  class space    used 431K, capacity 460K, committed 512K, reserved 1048576K
}
2024-07-23T00:25:58.374+0800: 7.032: Total time for which application threads were stopped: 0.0033372 seconds, Stopping threads took: 0.0000173 seconds
2024-07-23T00:25:58.392+0800: 7.049: [GC (CMS Initial Mark) [1 CMS-initial-mark: 205856K(349568K)] 205856K(506816K), 0.0002119 secs] [Times: user=0.00 sys=0.00, real=0.00 secs] 
2024-07-23T00:25:58.392+0800: 7.049: Total time for which application threads were stopped: 0.0176972 seconds, Stopping threads took: 0.0174255 seconds
2024-07-23T00:25:58.392+0800: 7.049: [CMS-concurrent-mark-start]
2024-07-23T00:25:58.393+0800: 7.051: [CMS-concurrent-mark: 0.001/0.001 secs] [Times: user=0.00 sys=0.00, real=0.00 secs] 
2024-07-23T00:25:58.393+0800: 7.051: [CMS-concurrent-preclean-start]
2024-07-23T00:25:58.394+0800: 7.051: [CMS-concurrent-preclean: 0.000/0.000 secs] [Times: user=0.00 sys=0.00, real=0.00 secs] 
2024-07-23T00:25:58.394+0800: 7.051: [GC (CMS Final Remark) [YG occupancy: 0 K (157248 K)]2024-07-23T00:25:58.394+0800: 7.051: [Rescan (parallel) , 0.0005199 secs]2024-07-23T00:25:58.394+0800: 7.052: [weak refs processing, 0.0000094 secs]2024-07-23T00:25:58.394+0800: 7.052: [class unloading, 0.0002143 secs]2024-07-23T00:25:58.394+0800: 7.052: [scrub symbol table, 0.0003568 secs]2024-07-23T00:25:58.395+0800: 7.052: [scrub string table, 0.0001026 secs][1 CMS-remark: 205856K(349568K)] 205856K(506816K), 0.0012676 secs] [Times: user=0.00 sys=0.00, real=0.00 secs] 
2024-07-23T00:25:58.395+0800: 7.052: Total time for which application threads were stopped: 0.0013232 seconds, Stopping threads took: 0.0000214 seconds
2024-07-23T00:25:58.395+0800: 7.053: [CMS-concurrent-sweep-start]
2024-07-23T00:25:58.395+0800: 7.053: [CMS-concurrent-sweep: 0.000/0.000 secs] [Times: user=0.00 sys=0.00, real=0.00 secs] 
2024-07-23T00:25:58.395+0800: 7.053: [CMS-concurrent-reset-start]
2024-07-23T00:25:58.396+0800: 7.053: [CMS-concurrent-reset: 0.000/0.000 secs] [Times: user=0.00 sys=0.00, real=0.00 secs] 
{Heap before GC invocations=156 (full 309):
 par new generation   total 157248K, used 0K [0x00000000e0000000, 0x00000000eaaa0000, 0x00000000eaaa0000)
  eden space 139776K,   0% used [0x00000000e0000000, 0x00000000e0000000, 0x00000000e8880000)
  from space 17472K,   0% used [0x00000000e8880000, 0x00000000e8880000, 0x00000000e9990000)
  to   space 17472K,   0% used [0x00000000e9990000, 0x00000000e9990000, 0x00000000eaaa0000)
 concurrent mark-sweep generation total 349568K, used 205856K [0x00000000eaaa0000, 0x0000000100000000, 0x0000000100000000)
 Metaspace       used 3956K, capacity 4568K, committed 4864K, reserved 1056768K
  class space    used 431K, capacity 460K, committed 512K, reserved 1048576K
2024-07-23T00:25:58.403+0800: 7.060: [GC (Allocation Failure) 2024-07-23T00:25:58.403+0800: 7.060: [ParNew
Desired survivor size 8945664 bytes, new threshold 6 (max 6)
: 0K->0K(157248K), 0.0005380 secs]2024-07-23T00:25:58.403+0800: 7.061: [CMS: 205856K->1056K(349568K), 0.0025083 secs] 205856K->1056K(506816K), [Metaspace: 3956K->3956K(1056768K)], 0.0031154 secs] [Times: user=0.00 sys=0.00, real=0.00 secs] 
Heap after GC invocations=157 (full 310):
 par new generation   total 157248K, used 0K [0x00000000e0000000, 0x00000000eaaa0000, 0x00000000eaaa0000)
  eden space 139776K,   0% used [0x00000000e0000000, 0x00000000e0000000, 0x00000000e8880000)
  from space 17472K,   0% used [0x00000000e9990000, 0x00000000e9990000, 0x00000000eaaa0000)
  to   space 17472K,   0% used [0x00000000e8880000, 0x00000000e8880000, 0x00000000e9990000)
 concurrent mark-sweep generation total 349568K, used 1056K [0x00000000eaaa0000, 0x0000000100000000, 0x0000000100000000)
 Metaspace       used 3956K, capacity 4568K, committed 4864K, reserved 1056768K
  class space    used 431K, capacity 460K, committed 512K, reserved 1048576K
}
2024-07-23T00:25:58.406+0800: 7.064: Total time for which application threads were stopped: 0.0033396 seconds, Stopping threads took: 0.0000126 seconds
2024-07-23T00:25:58.423+0800: 7.080: [GC (CMS Initial Mark) [1 CMS-initial-mark: 205856K(349568K)] 205856K(506816K), 0.0003956 secs] [Times: user=0.00 sys=0.00, real=0.00 secs] 
2024-07-23T00:25:58.423+0800: 7.081: Total time for which application threads were stopped: 0.0171802 seconds, Stopping threads took: 0.0167220 seconds
2024-07-23T00:25:58.423+0800: 7.081: [CMS-concurrent-mark-start]
2024-07-23T00:25:58.425+0800: 7.082: [CMS-concurrent-mark: 0.001/0.001 secs] [Times: user=0.00 sys=0.00, real=0.00 secs] 
2024-07-23T00:25:58.425+0800: 7.082: [CMS-concurrent-preclean-start]
2024-07-23T00:25:58.425+0800: 7.082: [CMS-concurrent-preclean: 0.000/0.000 secs] [Times: user=0.00 sys=0.00, real=0.00 secs] 
2024-07-23T00:25:58.425+0800: 7.082: [GC (CMS Final Remark) [YG occupancy: 0 K (157248 K)]2024-07-23T00:25:58.425+0800: 7.082: [Rescan (parallel) , 0.0001968 secs]2024-07-23T00:25:58.425+0800: 7.083: [weak refs processing, 0.0000071 secs]2024-07-23T00:25:58.425+0800: 7.083: [class unloading, 0.0001925 secs]2024-07-23T00:25:58.425+0800: 7.083: [scrub symbol table, 0.0002999 secs]2024-07-23T00:25:58.426+0800: 7.083: [scrub string table, 0.0000809 secs][1 CMS-remark: 205856K(349568K)] 205856K(506816K), 0.0008140 secs] [Times: user=0.00 sys=0.00, real=0.00 secs] 
2024-07-23T00:25:58.426+0800: 7.083: Total time for which application threads were stopped: 0.0008509 seconds, Stopping threads took: 0.0000140 seconds
2024-07-23T00:25:58.426+0800: 7.083: [CMS-concurrent-sweep-start]
2024-07-23T00:25:58.426+0800: 7.084: [CMS-concurrent-sweep: 0.000/0.000 secs] [Times: user=0.00 sys=0.00, real=0.00 secs] 
2024-07-23T00:25:58.426+0800: 7.084: [CMS-concurrent-reset-start]
2024-07-23T00:25:58.426+0800: 7.084: [CMS-concurrent-reset: 0.000/0.000 secs] [Times: user=0.00 sys=0.00, real=0.00 secs] 
{Heap before GC invocations=157 (full 311):
 par new generation   total 157248K, used 0K [0x00000000e0000000, 0x00000000eaaa0000, 0x00000000eaaa0000)
  eden space 139776K,   0% used [0x00000000e0000000, 0x00000000e0000000, 0x00000000e8880000)
  from space 17472K,   0% used [0x00000000e9990000, 0x00000000e9990000, 0x00000000eaaa0000)
  to   space 17472K,   0% used [0x00000000e8880000, 0x00000000e8880000, 0x00000000e9990000)
 concurrent mark-sweep generation total 349568K, used 205856K [0x00000000eaaa0000, 0x0000000100000000, 0x0000000100000000)
 Metaspace       used 3956K, capacity 4568K, committed 4864K, reserved 1056768K
  class space    used 431K, capacity 460K, committed 512K, reserved 1048576K
2024-07-23T00:25:58.435+0800: 7.092: [GC (Allocation Failure) 2024-07-23T00:25:58.435+0800: 7.092: [ParNew
Desired survivor size 8945664 bytes, new threshold 6 (max 6)
: 0K->0K(157248K), 0.0008731 secs]2024-07-23T00:25:58.436+0800: 7.093: [CMS: 205856K->1056K(349568K), 0.0025330 secs] 205856K->1056K(506816K), [Metaspace: 3956K->3956K(1056768K)], 0.0035196 secs] [Times: user=0.00 sys=0.00, real=0.00 secs] 
Heap after GC invocations=158 (full 312):
 par new generation   total 157248K, used 0K [0x00000000e0000000, 0x00000000eaaa0000, 0x00000000eaaa0000)
  eden space 139776K,   0% used [0x00000000e0000000, 0x00000000e0000000, 0x00000000e8880000)
  from space 17472K,   0% used [0x00000000e8880000, 0x00000000e8880000, 0x00000000e9990000)
  to   space 17472K,   0% used [0x00000000e9990000, 0x00000000e9990000, 0x00000000eaaa0000)
 concurrent mark-sweep generation total 349568K, used 1056K [0x00000000eaaa0000, 0x0000000100000000, 0x0000000100000000)
 Metaspace       used 3956K, capacity 4568K, committed 4864K, reserved 1056768K
  class space    used 431K, capacity 460K, committed 512K, reserved 1048576K
}
2024-07-23T00:25:58.439+0800: 7.096: Total time for which application threads were stopped: 0.0036197 seconds, Stopping threads took: 0.0000154 seconds
2024-07-23T00:25:58.455+0800: 7.112: [GC (CMS Initial Mark) [1 CMS-initial-mark: 205856K(349568K)] 205856K(506816K), 0.0005411 secs] [Times: user=0.00 sys=0.00, real=0.00 secs] 
2024-07-23T00:25:58.456+0800: 7.113: Total time for which application threads were stopped: 0.0171236 seconds, Stopping threads took: 0.0164656 seconds
2024-07-23T00:25:58.456+0800: 7.113: [CMS-concurrent-mark-start]
2024-07-23T00:25:58.457+0800: 7.114: [CMS-concurrent-mark: 0.001/0.001 secs] [Times: user=0.00 sys=0.00, real=0.00 secs] 
2024-07-23T00:25:58.457+0800: 7.114: [CMS-concurrent-preclean-start]
2024-07-23T00:25:58.457+0800: 7.114: [CMS-concurrent-preclean: 0.000/0.000 secs] [Times: user=0.00 sys=0.00, real=0.00 secs] 
2024-07-23T00:25:58.457+0800: 7.114: [GC (CMS Final Remark) [YG occupancy: 0 K (157248 K)]2024-07-23T00:25:58.457+0800: 7.114: [Rescan (parallel) , 0.0001451 secs]2024-07-23T00:25:58.457+0800: 7.115: [weak refs processing, 0.0000084 secs]2024-07-23T00:25:58.457+0800: 7.115: [class unloading, 0.0002109 secs]2024-07-23T00:25:58.458+0800: 7.115: [scrub symbol table, 0.0003298 secs]2024-07-23T00:25:58.458+0800: 7.115: [scrub string table, 0.0000931 secs][1 CMS-remark: 205856K(349568K)] 205856K(506816K), 0.0008293 secs] [Times: user=0.00 sys=0.00, real=0.00 secs] 
2024-07-23T00:25:58.458+0800: 7.115: Total time for which application threads were stopped: 0.0008668 seconds, Stopping threads took: 0.0000135 seconds
2024-07-23T00:25:58.458+0800: 7.115: [CMS-concurrent-sweep-start]
2024-07-23T00:25:58.458+0800: 7.116: [CMS-concurrent-sweep: 0.000/0.000 secs] [Times: user=0.00 sys=0.00, real=0.00 secs] 
2024-07-23T00:25:58.458+0800: 7.116: [CMS-concurrent-reset-start]
2024-07-23T00:25:58.459+0800: 7.116: [CMS-concurrent-reset: 0.000/0.000 secs] [Times: user=0.00 sys=0.00, real=0.00 secs] 
{Heap before GC invocations=158 (full 313):
 par new generation   total 157248K, used 0K [0x00000000e0000000, 0x00000000eaaa0000, 0x00000000eaaa0000)
  eden space 139776K,   0% used [0x00000000e0000000, 0x00000000e0000000, 0x00000000e8880000)
  from space 17472K,   0% used [0x00000000e8880000, 0x00000000e8880000, 0x00000000e9990000)
  to   space 17472K,   0% used [0x00000000e9990000, 0x00000000e9990000, 0x00000000eaaa0000)
 concurrent mark-sweep generation total 349568K, used 205856K [0x00000000eaaa0000, 0x0000000100000000, 0x0000000100000000)
 Metaspace       used 3956K, capacity 4568K, committed 4864K, reserved 1056768K
  class space    used 431K, capacity 460K, committed 512K, reserved 1048576K
2024-07-23T00:25:58.467+0800: 7.124: [GC (Allocation Failure) 2024-07-23T00:25:58.467+0800: 7.124: [ParNew
Desired survivor size 8945664 bytes, new threshold 6 (max 6)
: 0K->0K(157248K), 0.0007523 secs]2024-07-23T00:25:58.468+0800: 7.124: [CMS: 205856K->1056K(349568K), 0.0029239 secs] 205856K->1056K(506816K), [Metaspace: 3956K->3956K(1056768K)], 0.0037414 secs] [Times: user=0.00 sys=0.00, real=0.00 secs] 
Heap after GC invocations=159 (full 314):
 par new generation   total 157248K, used 0K [0x00000000e0000000, 0x00000000eaaa0000, 0x00000000eaaa0000)
  eden space 139776K,   0% used [0x00000000e0000000, 0x00000000e0000000, 0x00000000e8880000)
  from space 17472K,   0% used [0x00000000e9990000, 0x00000000e9990000, 0x00000000eaaa0000)
  to   space 17472K,   0% used [0x00000000e8880000, 0x00000000e8880000, 0x00000000e9990000)
 concurrent mark-sweep generation total 349568K, used 1056K [0x00000000eaaa0000, 0x0000000100000000, 0x0000000100000000)
 Metaspace       used 3956K, capacity 4568K, committed 4864K, reserved 1056768K
  class space    used 431K, capacity 460K, committed 512K, reserved 1048576K
}
2024-07-23T00:25:58.471+0800: 7.127: Total time for which application threads were stopped: 0.0038338 seconds, Stopping threads took: 0.0000134 seconds
2024-07-23T00:25:58.487+0800: 7.144: [GC (CMS Initial Mark) [1 CMS-initial-mark: 205856K(349568K)] 205856K(506816K), 0.0004702 secs] [Times: user=0.00 sys=0.00, real=0.00 secs] 
2024-07-23T00:25:58.487+0800: 7.145: Total time for which application threads were stopped: 0.0171513 seconds, Stopping threads took: 0.0166062 seconds
2024-07-23T00:25:58.487+0800: 7.145: [CMS-concurrent-mark-start]
2024-07-23T00:25:58.489+0800: 7.146: [CMS-concurrent-mark: 0.001/0.001 secs] [Times: user=0.00 sys=0.00, real=0.00 secs] 
2024-07-23T00:25:58.489+0800: 7.146: [CMS-concurrent-preclean-start]
2024-07-23T00:25:58.489+0800: 7.146: [CMS-concurrent-preclean: 0.000/0.000 secs] [Times: user=0.00 sys=0.00, real=0.00 secs] 
2024-07-23T00:25:58.489+0800: 7.146: [GC (CMS Final Remark) [YG occupancy: 0 K (157248 K)]2024-07-23T00:25:58.489+0800: 7.146: [Rescan (parallel) , 0.0002004 secs]2024-07-23T00:25:58.489+0800: 7.147: [weak refs processing, 0.0000074 secs]2024-07-23T00:25:58.489+0800: 7.147: [class unloading, 0.0001976 secs]2024-07-23T00:25:58.490+0800: 7.147: [scrub symbol table, 0.0003328 secs]2024-07-23T00:25:58.490+0800: 7.147: [scrub string table, 0.0000952 secs][1 CMS-remark: 205856K(349568K)] 205856K(506816K), 0.0008734 secs] [Times: user=0.00 sys=0.00, real=0.00 secs] 
2024-07-23T00:25:58.490+0800: 7.147: Total time for which application threads were stopped: 0.0009104 seconds, Stopping threads took: 0.0000136 seconds
2024-07-23T00:25:58.490+0800: 7.147: [CMS-concurrent-sweep-start]
2024-07-23T00:25:58.490+0800: 7.147: [CMS-concurrent-sweep: 0.000/0.000 secs] [Times: user=0.00 sys=0.00, real=0.00 secs] 
2024-07-23T00:25:58.490+0800: 7.147: [CMS-concurrent-reset-start]
2024-07-23T00:25:58.491+0800: 7.148: [CMS-concurrent-reset: 0.000/0.000 secs] [Times: user=0.00 sys=0.00, real=0.00 secs] 
{Heap before GC invocations=159 (full 315):
 par new generation   total 157248K, used 0K [0x00000000e0000000, 0x00000000eaaa0000, 0x00000000eaaa0000)
  eden space 139776K,   0% used [0x00000000e0000000, 0x00000000e0000000, 0x00000000e8880000)
  from space 17472K,   0% used [0x00000000e9990000, 0x00000000e9990000, 0x00000000eaaa0000)
  to   space 17472K,   0% used [0x00000000e8880000, 0x00000000e8880000, 0x00000000e9990000)
 concurrent mark-sweep generation total 349568K, used 205856K [0x00000000eaaa0000, 0x0000000100000000, 0x0000000100000000)
 Metaspace       used 3956K, capacity 4568K, committed 4864K, reserved 1056768K
  class space    used 431K, capacity 460K, committed 512K, reserved 1048576K
2024-07-23T00:25:58.498+0800: 7.155: [GC (Allocation Failure) 2024-07-23T00:25:58.498+0800: 7.155: [ParNew
Desired survivor size 8945664 bytes, new threshold 6 (max 6)
: 0K->0K(157248K), 0.0004703 secs]2024-07-23T00:25:58.498+0800: 7.156: [CMS: 205856K->1056K(349568K), 0.0024046 secs] 205856K->1056K(506816K), [Metaspace: 3956K->3956K(1056768K)], 0.0029356 secs] [Times: user=0.00 sys=0.00, real=0.00 secs] 
Heap after GC invocations=160 (full 316):
 par new generation   total 157248K, used 0K [0x00000000e0000000, 0x00000000eaaa0000, 0x00000000eaaa0000)
  eden space 139776K,   0% used [0x00000000e0000000, 0x00000000e0000000, 0x00000000e8880000)
  from space 17472K,   0% used [0x00000000e8880000, 0x00000000e8880000, 0x00000000e9990000)
  to   space 17472K,   0% used [0x00000000e9990000, 0x00000000e9990000, 0x00000000eaaa0000)
 concurrent mark-sweep generation total 349568K, used 1056K [0x00000000eaaa0000, 0x0000000100000000, 0x0000000100000000)
 Metaspace       used 3956K, capacity 4568K, committed 4864K, reserved 1056768K
  class space    used 431K, capacity 460K, committed 512K, reserved 1048576K
}
2024-07-23T00:25:58.501+0800: 7.158: Total time for which application threads were stopped: 0.0030334 seconds, Stopping threads took: 0.0000131 seconds
2024-07-23T00:25:58.518+0800: 7.175: [GC (CMS Initial Mark) [1 CMS-initial-mark: 205856K(349568K)] 205856K(506816K), 0.0005832 secs] [Times: user=0.00 sys=0.00, real=0.00 secs] 
2024-07-23T00:25:58.519+0800: 7.176: Total time for which application threads were stopped: 0.0173413 seconds, Stopping threads took: 0.0167011 seconds
2024-07-23T00:25:58.519+0800: 7.176: [CMS-concurrent-mark-start]
2024-07-23T00:25:58.520+0800: 7.177: [CMS-concurrent-mark: 0.001/0.001 secs] [Times: user=0.00 sys=0.00, real=0.00 secs] 
2024-07-23T00:25:58.520+0800: 7.177: [CMS-concurrent-preclean-start]
2024-07-23T00:25:58.520+0800: 7.177: [CMS-concurrent-preclean: 0.000/0.000 secs] [Times: user=0.00 sys=0.00, real=0.00 secs] 
2024-07-23T00:25:58.520+0800: 7.177: [GC (CMS Final Remark) [YG occupancy: 0 K (157248 K)]2024-07-23T00:25:58.520+0800: 7.177: [Rescan (parallel) , 0.0001488 secs]2024-07-23T00:25:58.520+0800: 7.178: [weak refs processing, 0.0000087 secs]2024-07-23T00:25:58.521+0800: 7.178: [class unloading, 0.0002160 secs]2024-07-23T00:25:58.521+0800: 7.178: [scrub symbol table, 0.0003437 secs]2024-07-23T00:25:58.521+0800: 7.178: [scrub string table, 0.0000940 secs][1 CMS-remark: 205856K(349568K)] 205856K(506816K), 0.0008569 secs] [Times: user=0.00 sys=0.00, real=0.00 secs] 
2024-07-23T00:25:58.521+0800: 7.178: Total time for which application threads were stopped: 0.0009162 seconds, Stopping threads took: 0.0000300 seconds
2024-07-23T00:25:58.521+0800: 7.178: [CMS-concurrent-sweep-start]
2024-07-23T00:25:58.521+0800: 7.179: [CMS-concurrent-sweep: 0.000/0.000 secs] [Times: user=0.00 sys=0.00, real=0.00 secs] 
2024-07-23T00:25:58.521+0800: 7.179: [CMS-concurrent-reset-start]
2024-07-23T00:25:58.522+0800: 7.179: [CMS-concurrent-reset: 0.000/0.000 secs] [Times: user=0.00 sys=0.00, real=0.00 secs] 
{Heap before GC invocations=160 (full 317):
 par new generation   total 157248K, used 0K [0x00000000e0000000, 0x00000000eaaa0000, 0x00000000eaaa0000)
  eden space 139776K,   0% used [0x00000000e0000000, 0x00000000e0000000, 0x00000000e8880000)
  from space 17472K,   0% used [0x00000000e8880000, 0x00000000e8880000, 0x00000000e9990000)
  to   space 17472K,   0% used [0x00000000e9990000, 0x00000000e9990000, 0x00000000eaaa0000)
 concurrent mark-sweep generation total 349568K, used 205856K [0x00000000eaaa0000, 0x0000000100000000, 0x0000000100000000)
 Metaspace       used 3956K, capacity 4568K, committed 4864K, reserved 1056768K
  class space    used 431K, capacity 460K, committed 512K, reserved 1048576K
2024-07-23T00:25:58.530+0800: 7.187: [GC (Allocation Failure) 2024-07-23T00:25:58.530+0800: 7.187: [ParNew
Desired survivor size 8945664 bytes, new threshold 6 (max 6)
: 0K->0K(157248K), 0.0004608 secs]2024-07-23T00:25:58.530+0800: 7.188: [CMS: 205856K->1056K(349568K), 0.0025134 secs] 205856K->1056K(506816K), [Metaspace: 3956K->3956K(1056768K)], 0.0030309 secs] [Times: user=0.00 sys=0.00, real=0.00 secs] 
Heap after GC invocations=161 (full 318):
 par new generation   total 157248K, used 0K [0x00000000e0000000, 0x00000000eaaa0000, 0x00000000eaaa0000)
  eden space 139776K,   0% used [0x00000000e0000000, 0x00000000e0000000, 0x00000000e8880000)
  from space 17472K,   0% used [0x00000000e9990000, 0x00000000e9990000, 0x00000000eaaa0000)
  to   space 17472K,   0% used [0x00000000e8880000, 0x00000000e8880000, 0x00000000e9990000)
 concurrent mark-sweep generation total 349568K, used 1056K [0x00000000eaaa0000, 0x0000000100000000, 0x0000000100000000)
 Metaspace       used 3956K, capacity 4568K, committed 4864K, reserved 1056768K
  class space    used 431K, capacity 460K, committed 512K, reserved 1048576K
}
2024-07-23T00:25:58.534+0800: 7.190: Total time for which application threads were stopped: 0.0031155 seconds, Stopping threads took: 0.0000105 seconds
2024-07-23T00:25:58.551+0800: 7.207: [GC (CMS Initial Mark) [1 CMS-initial-mark: 205856K(349568K)] 205856K(506816K), 0.0005509 secs] [Times: user=0.00 sys=0.00, real=0.00 secs] 
2024-07-23T00:25:58.551+0800: 7.208: Total time for which application threads were stopped: 0.0173394 seconds, Stopping threads took: 0.0167345 seconds
2024-07-23T00:25:58.551+0800: 7.208: [CMS-concurrent-mark-start]
2024-07-23T00:25:58.553+0800: 7.209: [CMS-concurrent-mark: 0.002/0.002 secs] [Times: user=0.00 sys=0.00, real=0.00 secs] 
2024-07-23T00:25:58.553+0800: 7.209: [CMS-concurrent-preclean-start]
2024-07-23T00:25:58.553+0800: 7.210: [CMS-concurrent-preclean: 0.000/0.000 secs] [Times: user=0.00 sys=0.00, real=0.00 secs] 
2024-07-23T00:25:58.553+0800: 7.210: [GC (CMS Final Remark) [YG occupancy: 0 K (157248 K)]2024-07-23T00:25:58.553+0800: 7.210: [Rescan (parallel) , 0.0002235 secs]2024-07-23T00:25:58.553+0800: 7.210: [weak refs processing, 0.0000096 secs]2024-07-23T00:25:58.553+0800: 7.210: [class unloading, 0.0002264 secs]2024-07-23T00:25:58.554+0800: 7.210: [scrub symbol table, 0.0003901 secs]2024-07-23T00:25:58.554+0800: 7.211: [scrub string table, 0.0001141 secs][1 CMS-remark: 205856K(349568K)] 205856K(506816K), 0.0010216 secs] [Times: user=0.00 sys=0.00, real=0.00 secs] 
2024-07-23T00:25:58.554+0800: 7.211: Total time for which application threads were stopped: 0.0010653 seconds, Stopping threads took: 0.0000157 seconds
2024-07-23T00:25:58.554+0800: 7.211: [CMS-concurrent-sweep-start]
2024-07-23T00:25:58.554+0800: 7.211: [CMS-concurrent-sweep: 0.000/0.000 secs] [Times: user=0.00 sys=0.00, real=0.00 secs] 
2024-07-23T00:25:58.554+0800: 7.211: [CMS-concurrent-reset-start]
2024-07-23T00:25:58.555+0800: 7.211: [CMS-concurrent-reset: 0.000/0.000 secs] [Times: user=0.00 sys=0.00, real=0.00 secs] 
{Heap before GC invocations=161 (full 319):
 par new generation   total 157248K, used 0K [0x00000000e0000000, 0x00000000eaaa0000, 0x00000000eaaa0000)
  eden space 139776K,   0% used [0x00000000e0000000, 0x00000000e0000000, 0x00000000e8880000)
  from space 17472K,   0% used [0x00000000e9990000, 0x00000000e9990000, 0x00000000eaaa0000)
  to   space 17472K,   0% used [0x00000000e8880000, 0x00000000e8880000, 0x00000000e9990000)
 concurrent mark-sweep generation total 349568K, used 205856K [0x00000000eaaa0000, 0x0000000100000000, 0x0000000100000000)
 Metaspace       used 3956K, capacity 4568K, committed 4864K, reserved 1056768K
  class space    used 431K, capacity 460K, committed 512K, reserved 1048576K
2024-07-23T00:25:58.563+0800: 7.219: [GC (Allocation Failure) 2024-07-23T00:25:58.563+0800: 7.219: [ParNew
Desired survivor size 8945664 bytes, new threshold 6 (max 6)
: 0K->0K(157248K), 0.0005085 secs]2024-07-23T00:25:58.563+0800: 7.220: [CMS: 205856K->1056K(349568K), 0.0030172 secs] 205856K->1056K(506816K), [Metaspace: 3956K->3956K(1056768K)], 0.0036338 secs] [Times: user=0.00 sys=0.00, real=0.00 secs] 
Heap after GC invocations=162 (full 320):
 par new generation   total 157248K, used 0K [0x00000000e0000000, 0x00000000eaaa0000, 0x00000000eaaa0000)
  eden space 139776K,   0% used [0x00000000e0000000, 0x00000000e0000000, 0x00000000e8880000)
  from space 17472K,   0% used [0x00000000e8880000, 0x00000000e8880000, 0x00000000e9990000)
  to   space 17472K,   0% used [0x00000000e9990000, 0x00000000e9990000, 0x00000000eaaa0000)
 concurrent mark-sweep generation total 349568K, used 1056K [0x00000000eaaa0000, 0x0000000100000000, 0x0000000100000000)
 Metaspace       used 3956K, capacity 4568K, committed 4864K, reserved 1056768K
  class space    used 431K, capacity 460K, committed 512K, reserved 1048576K
}
2024-07-23T00:25:58.566+0800: 7.223: Total time for which application threads were stopped: 0.0037348 seconds, Stopping threads took: 0.0000150 seconds
2024-07-23T00:25:58.584+0800: 7.241: [GC (CMS Initial Mark) [1 CMS-initial-mark: 205856K(349568K)] 205856K(506816K), 0.0002118 secs] [Times: user=0.00 sys=0.00, real=0.00 secs] 
2024-07-23T00:25:58.584+0800: 7.242: Total time for which application threads were stopped: 0.0185841 seconds, Stopping threads took: 0.0183113 seconds
2024-07-23T00:25:58.584+0800: 7.242: [CMS-concurrent-mark-start]
2024-07-23T00:25:58.586+0800: 7.243: [CMS-concurrent-mark: 0.001/0.001 secs] [Times: user=0.00 sys=0.00, real=0.00 secs] 
2024-07-23T00:25:58.586+0800: 7.243: [CMS-concurrent-preclean-start]
2024-07-23T00:25:58.586+0800: 7.243: [CMS-concurrent-preclean: 0.000/0.000 secs] [Times: user=0.00 sys=0.00, real=0.00 secs] 
2024-07-23T00:25:58.586+0800: 7.243: [GC (CMS Final Remark) [YG occupancy: 0 K (157248 K)]2024-07-23T00:25:58.586+0800: 7.243: [Rescan (parallel) , 0.0002659 secs]2024-07-23T00:25:58.586+0800: 7.244: [weak refs processing, 0.0000066 secs]2024-07-23T00:25:58.586+0800: 7.244: [class unloading, 0.0002034 secs]2024-07-23T00:25:58.587+0800: 7.244: [scrub symbol table, 0.0003296 secs]2024-07-23T00:25:58.587+0800: 7.244: [scrub string table, 0.0000945 secs][1 CMS-remark: 205856K(349568K)] 205856K(506816K), 0.0009351 secs] [Times: user=0.00 sys=0.00, real=0.00 secs] 
2024-07-23T00:25:58.587+0800: 7.244: Total time for which application threads were stopped: 0.0009710 seconds, Stopping threads took: 0.0000138 seconds
2024-07-23T00:25:58.587+0800: 7.244: [CMS-concurrent-sweep-start]
2024-07-23T00:25:58.587+0800: 7.245: [CMS-concurrent-sweep: 0.000/0.000 secs] [Times: user=0.00 sys=0.00, real=0.00 secs] 
2024-07-23T00:25:58.587+0800: 7.245: [CMS-concurrent-reset-start]
2024-07-23T00:25:58.588+0800: 7.245: [CMS-concurrent-reset: 0.000/0.000 secs] [Times: user=0.00 sys=0.00, real=0.00 secs] 
{Heap before GC invocations=162 (full 321):
 par new generation   total 157248K, used 0K [0x00000000e0000000, 0x00000000eaaa0000, 0x00000000eaaa0000)
  eden space 139776K,   0% used [0x00000000e0000000, 0x00000000e0000000, 0x00000000e8880000)
  from space 17472K,   0% used [0x00000000e8880000, 0x00000000e8880000, 0x00000000e9990000)
  to   space 17472K,   0% used [0x00000000e9990000, 0x00000000e9990000, 0x00000000eaaa0000)
 concurrent mark-sweep generation total 349568K, used 205856K [0x00000000eaaa0000, 0x0000000100000000, 0x0000000100000000)
 Metaspace       used 3956K, capacity 4568K, committed 4864K, reserved 1056768K
  class space    used 431K, capacity 460K, committed 512K, reserved 1048576K
2024-07-23T00:25:58.609+0800: 7.266: [GC (Allocation Failure) 2024-07-23T00:25:58.609+0800: 7.266: [ParNew
Desired survivor size 8945664 bytes, new threshold 6 (max 6)
: 0K->0K(157248K), 0.0008542 secs]2024-07-23T00:25:58.610+0800: 7.267: [CMS: 205856K->1056K(349568K), 0.0035768 secs] 205856K->1056K(506816K), [Metaspace: 3956K->3956K(1056768K)], 0.0045659 secs] [Times: user=0.00 sys=0.00, real=0.00 secs] 
Heap after GC invocations=163 (full 322):
 par new generation   total 157248K, used 0K [0x00000000e0000000, 0x00000000eaaa0000, 0x00000000eaaa0000)
  eden space 139776K,   0% used [0x00000000e0000000, 0x00000000e0000000, 0x00000000e8880000)
  from space 17472K,   0% used [0x00000000e9990000, 0x00000000e9990000, 0x00000000eaaa0000)
  to   space 17472K,   0% used [0x00000000e8880000, 0x00000000e8880000, 0x00000000e9990000)
 concurrent mark-sweep generation total 349568K, used 1056K [0x00000000eaaa0000, 0x0000000100000000, 0x0000000100000000)
 Metaspace       used 3956K, capacity 4568K, committed 4864K, reserved 1056768K
  class space    used 431K, capacity 460K, committed 512K, reserved 1048576K
}
2024-07-23T00:25:58.614+0800: 7.271: Total time for which application threads were stopped: 0.0047601 seconds, Stopping threads took: 0.0000288 seconds
2024-07-23T00:25:58.630+0800: 7.287: [GC (CMS Initial Mark) [1 CMS-initial-mark: 205856K(349568K)] 205856K(506816K), 0.0006587 secs] [Times: user=0.00 sys=0.00, real=0.00 secs] 
2024-07-23T00:25:58.631+0800: 7.288: Total time for which application threads were stopped: 0.0173979 seconds, Stopping threads took: 0.0166379 seconds
2024-07-23T00:25:58.631+0800: 7.288: [CMS-concurrent-mark-start]
2024-07-23T00:25:58.633+0800: 7.290: [CMS-concurrent-mark: 0.001/0.001 secs] [Times: user=0.00 sys=0.00, real=0.00 secs] 
2024-07-23T00:25:58.633+0800: 7.290: [CMS-concurrent-preclean-start]
2024-07-23T00:25:58.633+0800: 7.290: [CMS-concurrent-preclean: 0.000/0.000 secs] [Times: user=0.00 sys=0.00, real=0.00 secs] 
2024-07-23T00:25:58.633+0800: 7.290: [GC (CMS Final Remark) [YG occupancy: 0 K (157248 K)]2024-07-23T00:25:58.633+0800: 7.290: [Rescan (parallel) , 0.0003592 secs]2024-07-23T00:25:58.633+0800: 7.290: [weak refs processing, 0.0000084 secs]2024-07-23T00:25:58.633+0800: 7.290: [class unloading, 0.0002485 secs]2024-07-23T00:25:58.634+0800: 7.291: [scrub symbol table, 0.0003717 secs]2024-07-23T00:25:58.634+0800: 7.291: [scrub string table, 0.0001011 secs][1 CMS-remark: 205856K(349568K)] 205856K(506816K), 0.0011359 secs] [Times: user=0.00 sys=0.00, real=0.00 secs] 
2024-07-23T00:25:58.634+0800: 7.291: Total time for which application threads were stopped: 0.0011751 seconds, Stopping threads took: 0.0000144 seconds
2024-07-23T00:25:58.634+0800: 7.291: [CMS-concurrent-sweep-start]
2024-07-23T00:25:58.634+0800: 7.291: [CMS-concurrent-sweep: 0.000/0.000 secs] [Times: user=0.00 sys=0.00, real=0.00 secs] 
2024-07-23T00:25:58.634+0800: 7.291: [CMS-concurrent-reset-start]
2024-07-23T00:25:58.635+0800: 7.292: [CMS-concurrent-reset: 0.000/0.000 secs] [Times: user=0.00 sys=0.00, real=0.00 secs] 
{Heap before GC invocations=163 (full 323):
 par new generation   total 157248K, used 0K [0x00000000e0000000, 0x00000000eaaa0000, 0x00000000eaaa0000)
  eden space 139776K,   0% used [0x00000000e0000000, 0x00000000e0000000, 0x00000000e8880000)
  from space 17472K,   0% used [0x00000000e9990000, 0x00000000e9990000, 0x00000000eaaa0000)
  to   space 17472K,   0% used [0x00000000e8880000, 0x00000000e8880000, 0x00000000e9990000)
 concurrent mark-sweep generation total 349568K, used 205856K [0x00000000eaaa0000, 0x0000000100000000, 0x0000000100000000)
 Metaspace       used 3956K, capacity 4568K, committed 4864K, reserved 1056768K
  class space    used 431K, capacity 460K, committed 512K, reserved 1048576K
2024-07-23T00:25:58.641+0800: 7.298: [GC (Allocation Failure) 2024-07-23T00:25:58.641+0800: 7.298: [ParNew
Desired survivor size 8945664 bytes, new threshold 6 (max 6)
: 0K->0K(157248K), 0.0005903 secs]2024-07-23T00:25:58.641+0800: 7.298: [CMS: 205856K->1056K(349568K), 0.0023800 secs] 205856K->1056K(506816K), [Metaspace: 3956K->3956K(1056768K)], 0.0030457 secs] [Times: user=0.00 sys=0.00, real=0.00 secs] 
Heap after GC invocations=164 (full 324):
 par new generation   total 157248K, used 0K [0x00000000e0000000, 0x00000000eaaa0000, 0x00000000eaaa0000)
  eden space 139776K,   0% used [0x00000000e0000000, 0x00000000e0000000, 0x00000000e8880000)
  from space 17472K,   0% used [0x00000000e8880000, 0x00000000e8880000, 0x00000000e9990000)
  to   space 17472K,   0% used [0x00000000e9990000, 0x00000000e9990000, 0x00000000eaaa0000)
 concurrent mark-sweep generation total 349568K, used 1056K [0x00000000eaaa0000, 0x0000000100000000, 0x0000000100000000)
 Metaspace       used 3956K, capacity 4568K, committed 4864K, reserved 1056768K
  class space    used 431K, capacity 460K, committed 512K, reserved 1048576K
}
2024-07-23T00:25:58.644+0800: 7.301: Total time for which application threads were stopped: 0.0031498 seconds, Stopping threads took: 0.0000141 seconds
2024-07-23T00:25:58.661+0800: 7.318: [GC (CMS Initial Mark) [1 CMS-initial-mark: 205856K(349568K)] 205856K(506816K), 0.0003046 secs] [Times: user=0.00 sys=0.00, real=0.00 secs] 
2024-07-23T00:25:58.661+0800: 7.318: Total time for which application threads were stopped: 0.0174281 seconds, Stopping threads took: 0.0170474 seconds
2024-07-23T00:25:58.661+0800: 7.318: [CMS-concurrent-mark-start]
2024-07-23T00:25:58.663+0800: 7.320: [CMS-concurrent-mark: 0.001/0.001 secs] [Times: user=0.00 sys=0.00, real=0.00 secs] 
2024-07-23T00:25:58.663+0800: 7.320: [CMS-concurrent-preclean-start]
2024-07-23T00:25:58.663+0800: 7.320: [CMS-concurrent-preclean: 0.000/0.000 secs] [Times: user=0.00 sys=0.00, real=0.00 secs] 
2024-07-23T00:25:58.663+0800: 7.320: [GC (CMS Final Remark) [YG occupancy: 0 K (157248 K)]2024-07-23T00:25:58.663+0800: 7.320: [Rescan (parallel) , 0.0005496 secs]2024-07-23T00:25:58.664+0800: 7.321: [weak refs processing, 0.0000080 secs]2024-07-23T00:25:58.664+0800: 7.321: [class unloading, 0.0002023 secs]2024-07-23T00:25:58.664+0800: 7.321: [scrub symbol table, 0.0003312 secs]2024-07-23T00:25:58.664+0800: 7.321: [scrub string table, 0.0000975 secs][1 CMS-remark: 205856K(349568K)] 205856K(506816K), 0.0012282 secs] [Times: user=0.00 sys=0.00, real=0.00 secs] 
2024-07-23T00:25:58.664+0800: 7.321: Total time for which application threads were stopped: 0.0012703 seconds, Stopping threads took: 0.0000164 seconds
2024-07-23T00:25:58.664+0800: 7.321: [CMS-concurrent-sweep-start]
2024-07-23T00:25:58.665+0800: 7.322: [CMS-concurrent-sweep: 0.000/0.000 secs] [Times: user=0.00 sys=0.00, real=0.00 secs] 
2024-07-23T00:25:58.665+0800: 7.322: [CMS-concurrent-reset-start]
2024-07-23T00:25:58.665+0800: 7.322: [CMS-concurrent-reset: 0.000/0.000 secs] [Times: user=0.00 sys=0.00, real=0.00 secs] 
{Heap before GC invocations=164 (full 325):
 par new generation   total 157248K, used 0K [0x00000000e0000000, 0x00000000eaaa0000, 0x00000000eaaa0000)
  eden space 139776K,   0% used [0x00000000e0000000, 0x00000000e0000000, 0x00000000e8880000)
  from space 17472K,   0% used [0x00000000e8880000, 0x00000000e8880000, 0x00000000e9990000)
  to   space 17472K,   0% used [0x00000000e9990000, 0x00000000e9990000, 0x00000000eaaa0000)
 concurrent mark-sweep generation total 349568K, used 205856K [0x00000000eaaa0000, 0x0000000100000000, 0x0000000100000000)
 Metaspace       used 3956K, capacity 4568K, committed 4864K, reserved 1056768K
  class space    used 431K, capacity 460K, committed 512K, reserved 1048576K
2024-07-23T00:25:58.673+0800: 7.330: [GC (Allocation Failure) 2024-07-23T00:25:58.673+0800: 7.330: [ParNew
Desired survivor size 8945664 bytes, new threshold 6 (max 6)
: 0K->0K(157248K), 0.0012222 secs]2024-07-23T00:25:58.674+0800: 7.331: [CMS: 205856K->1056K(349568K), 0.0028060 secs] 205856K->1056K(506816K), [Metaspace: 3956K->3956K(1056768K)], 0.0041023 secs] [Times: user=0.00 sys=0.00, real=0.00 secs] 
Heap after GC invocations=165 (full 326):
 par new generation   total 157248K, used 0K [0x00000000e0000000, 0x00000000eaaa0000, 0x00000000eaaa0000)
  eden space 139776K,   0% used [0x00000000e0000000, 0x00000000e0000000, 0x00000000e8880000)
  from space 17472K,   0% used [0x00000000e9990000, 0x00000000e9990000, 0x00000000eaaa0000)
  to   space 17472K,   0% used [0x00000000e8880000, 0x00000000e8880000, 0x00000000e9990000)
 concurrent mark-sweep generation total 349568K, used 1056K [0x00000000eaaa0000, 0x0000000100000000, 0x0000000100000000)
 Metaspace       used 3956K, capacity 4568K, committed 4864K, reserved 1056768K
  class space    used 431K, capacity 460K, committed 512K, reserved 1048576K
}
2024-07-23T00:25:58.677+0800: 7.334: Total time for which application threads were stopped: 0.0041900 seconds, Stopping threads took: 0.0000119 seconds
2024-07-23T00:25:58.695+0800: 7.352: [GC (CMS Initial Mark) [1 CMS-initial-mark: 205856K(349568K)] 205856K(506816K), 0.0007027 secs] [Times: user=0.00 sys=0.00, real=0.00 secs] 
2024-07-23T00:25:58.696+0800: 7.353: Total time for which application threads were stopped: 0.0185627 seconds, Stopping threads took: 0.0177996 seconds
2024-07-23T00:25:58.696+0800: 7.353: [CMS-concurrent-mark-start]
2024-07-23T00:25:58.698+0800: 7.354: [CMS-concurrent-mark: 0.001/0.001 secs] [Times: user=0.00 sys=0.00, real=0.00 secs] 
2024-07-23T00:25:58.698+0800: 7.354: [CMS-concurrent-preclean-start]
2024-07-23T00:25:58.698+0800: 7.354: [CMS-concurrent-preclean: 0.000/0.000 secs] [Times: user=0.00 sys=0.00, real=0.00 secs] 
2024-07-23T00:25:58.698+0800: 7.355: [GC (CMS Final Remark) [YG occupancy: 0 K (157248 K)]2024-07-23T00:25:58.698+0800: 7.355: [Rescan (parallel) , 0.0011548 secs]2024-07-23T00:25:58.699+0800: 7.356: [weak refs processing, 0.0000082 secs]2024-07-23T00:25:58.699+0800: 7.356: [class unloading, 0.0002192 secs]2024-07-23T00:25:58.699+0800: 7.356: [scrub symbol table, 0.0003679 secs]2024-07-23T00:25:58.700+0800: 7.356: [scrub string table, 0.0001092 secs][1 CMS-remark: 205856K(349568K)] 205856K(506816K), 0.0018938 secs] [Times: user=0.02 sys=0.00, real=0.00 secs] 
2024-07-23T00:25:58.700+0800: 7.357: Total time for which application threads were stopped: 0.0019344 seconds, Stopping threads took: 0.0000200 seconds
2024-07-23T00:25:58.700+0800: 7.357: [CMS-concurrent-sweep-start]
2024-07-23T00:25:58.700+0800: 7.357: [CMS-concurrent-sweep: 0.000/0.000 secs] [Times: user=0.00 sys=0.00, real=0.00 secs] 
2024-07-23T00:25:58.700+0800: 7.357: [CMS-concurrent-reset-start]
2024-07-23T00:25:58.701+0800: 7.357: [CMS-concurrent-reset: 0.001/0.001 secs] [Times: user=0.00 sys=0.00, real=0.00 secs] 
{Heap before GC invocations=165 (full 327):
 par new generation   total 157248K, used 0K [0x00000000e0000000, 0x00000000eaaa0000, 0x00000000eaaa0000)
  eden space 139776K,   0% used [0x00000000e0000000, 0x00000000e0000000, 0x00000000e8880000)
  from space 17472K,   0% used [0x00000000e9990000, 0x00000000e9990000, 0x00000000eaaa0000)
  to   space 17472K,   0% used [0x00000000e8880000, 0x00000000e8880000, 0x00000000e9990000)
 concurrent mark-sweep generation total 349568K, used 205856K [0x00000000eaaa0000, 0x0000000100000000, 0x0000000100000000)
 Metaspace       used 3956K, capacity 4568K, committed 4864K, reserved 1056768K
  class space    used 431K, capacity 460K, committed 512K, reserved 1048576K
2024-07-23T00:25:58.720+0800: 7.377: [GC (Allocation Failure) 2024-07-23T00:25:58.720+0800: 7.377: [ParNew
Desired survivor size 8945664 bytes, new threshold 6 (max 6)
: 0K->0K(157248K), 0.0009643 secs]2024-07-23T00:25:58.721+0800: 7.378: [CMS: 205856K->1056K(349568K), 0.0024785 secs] 205856K->1056K(506816K), [Metaspace: 3956K->3956K(1056768K)], 0.0035177 secs] [Times: user=0.00 sys=0.00, real=0.00 secs] 
Heap after GC invocations=166 (full 328):
 par new generation   total 157248K, used 0K [0x00000000e0000000, 0x00000000eaaa0000, 0x00000000eaaa0000)
  eden space 139776K,   0% used [0x00000000e0000000, 0x00000000e0000000, 0x00000000e8880000)
  from space 17472K,   0% used [0x00000000e8880000, 0x00000000e8880000, 0x00000000e9990000)
  to   space 17472K,   0% used [0x00000000e9990000, 0x00000000e9990000, 0x00000000eaaa0000)
 concurrent mark-sweep generation total 349568K, used 1056K [0x00000000eaaa0000, 0x0000000100000000, 0x0000000100000000)
 Metaspace       used 3956K, capacity 4568K, committed 4864K, reserved 1056768K
  class space    used 431K, capacity 460K, committed 512K, reserved 1048576K
}
2024-07-23T00:25:58.723+0800: 7.380: Total time for which application threads were stopped: 0.0036639 seconds, Stopping threads took: 0.0000480 seconds
2024-07-23T00:25:58.740+0800: 7.397: [GC (CMS Initial Mark) [1 CMS-initial-mark: 205856K(349568K)] 205856K(506816K), 0.0004415 secs] [Times: user=0.00 sys=0.00, real=0.00 secs] 
2024-07-23T00:25:58.741+0800: 7.398: Total time for which application threads were stopped: 0.0172058 seconds, Stopping threads took: 0.0166647 seconds
2024-07-23T00:25:58.741+0800: 7.398: [CMS-concurrent-mark-start]
2024-07-23T00:25:58.742+0800: 7.399: [CMS-concurrent-mark: 0.001/0.001 secs] [Times: user=0.00 sys=0.00, real=0.00 secs] 
2024-07-23T00:25:58.742+0800: 7.399: [CMS-concurrent-preclean-start]
2024-07-23T00:25:58.742+0800: 7.399: [CMS-concurrent-preclean: 0.000/0.000 secs] [Times: user=0.00 sys=0.00, real=0.00 secs] 
2024-07-23T00:25:58.743+0800: 7.400: [GC (CMS Final Remark) [YG occupancy: 0 K (157248 K)]2024-07-23T00:25:58.743+0800: 7.400: [Rescan (parallel) , 0.0004842 secs]2024-07-23T00:25:58.743+0800: 7.400: [weak refs processing, 0.0000070 secs]2024-07-23T00:25:58.743+0800: 7.400: [class unloading, 0.0002869 secs]2024-07-23T00:25:58.743+0800: 7.400: [scrub symbol table, 0.0003446 secs]2024-07-23T00:25:58.744+0800: 7.401: [scrub string table, 0.0001012 secs][1 CMS-remark: 205856K(349568K)] 205856K(506816K), 0.0012684 secs] [Times: user=0.00 sys=0.00, real=0.00 secs] 
2024-07-23T00:25:58.744+0800: 7.401: Total time for which application threads were stopped: 0.0013043 seconds, Stopping threads took: 0.0000134 seconds
2024-07-23T00:25:58.744+0800: 7.401: [CMS-concurrent-sweep-start]
2024-07-23T00:25:58.744+0800: 7.401: [CMS-concurrent-sweep: 0.000/0.000 secs] [Times: user=0.00 sys=0.00, real=0.00 secs] 
2024-07-23T00:25:58.744+0800: 7.401: [CMS-concurrent-reset-start]
2024-07-23T00:25:58.744+0800: 7.402: [CMS-concurrent-reset: 0.000/0.000 secs] [Times: user=0.00 sys=0.00, real=0.00 secs] 
{Heap before GC invocations=166 (full 329):
 par new generation   total 157248K, used 0K [0x00000000e0000000, 0x00000000eaaa0000, 0x00000000eaaa0000)
  eden space 139776K,   0% used [0x00000000e0000000, 0x00000000e0000000, 0x00000000e8880000)
  from space 17472K,   0% used [0x00000000e8880000, 0x00000000e8880000, 0x00000000e9990000)
  to   space 17472K,   0% used [0x00000000e9990000, 0x00000000e9990000, 0x00000000eaaa0000)
 concurrent mark-sweep generation total 349568K, used 205856K [0x00000000eaaa0000, 0x0000000100000000, 0x0000000100000000)
 Metaspace       used 3956K, capacity 4568K, committed 4864K, reserved 1056768K
  class space    used 431K, capacity 460K, committed 512K, reserved 1048576K
2024-07-23T00:25:58.751+0800: 7.408: [GC (Allocation Failure) 2024-07-23T00:25:58.751+0800: 7.408: [ParNew
Desired survivor size 8945664 bytes, new threshold 6 (max 6)
: 0K->0K(157248K), 0.0012747 secs]2024-07-23T00:25:58.752+0800: 7.410: [CMS: 205856K->1056K(349568K), 0.0029736 secs] 205856K->1056K(506816K), [Metaspace: 3956K->3956K(1056768K)], 0.0043841 secs] [Times: user=0.00 sys=0.00, real=0.00 secs] 
Heap after GC invocations=167 (full 330):
 par new generation   total 157248K, used 0K [0x00000000e0000000, 0x00000000eaaa0000, 0x00000000eaaa0000)
  eden space 139776K,   0% used [0x00000000e0000000, 0x00000000e0000000, 0x00000000e8880000)
  from space 17472K,   0% used [0x00000000e9990000, 0x00000000e9990000, 0x00000000eaaa0000)
  to   space 17472K,   0% used [0x00000000e8880000, 0x00000000e8880000, 0x00000000e9990000)
 concurrent mark-sweep generation total 349568K, used 1056K [0x00000000eaaa0000, 0x0000000100000000, 0x0000000100000000)
 Metaspace       used 3956K, capacity 4568K, committed 4864K, reserved 1056768K
  class space    used 431K, capacity 460K, committed 512K, reserved 1048576K
}
2024-07-23T00:25:58.755+0800: 7.413: Total time for which application threads were stopped: 0.0045060 seconds, Stopping threads took: 0.0000177 seconds
2024-07-23T00:25:58.772+0800: 7.430: [GC (CMS Initial Mark) [1 CMS-initial-mark: 205856K(349568K)] 205856K(506816K), 0.0010915 secs] [Times: user=0.00 sys=0.00, real=0.00 secs] 
2024-07-23T00:25:58.773+0800: 7.431: Total time for which application threads were stopped: 0.0177433 seconds, Stopping threads took: 0.0165992 seconds
2024-07-23T00:25:58.773+0800: 7.431: [CMS-concurrent-mark-start]
2024-07-23T00:25:58.775+0800: 7.432: [CMS-concurrent-mark: 0.002/0.002 secs] [Times: user=0.00 sys=0.00, real=0.00 secs] 
2024-07-23T00:25:58.775+0800: 7.432: [CMS-concurrent-preclean-start]
2024-07-23T00:25:58.775+0800: 7.433: [CMS-concurrent-preclean: 0.000/0.000 secs] [Times: user=0.00 sys=0.00, real=0.00 secs] 
2024-07-23T00:25:58.776+0800: 7.433: [GC (CMS Final Remark) [YG occupancy: 0 K (157248 K)]2024-07-23T00:25:58.776+0800: 7.433: [Rescan (parallel) , 0.0005161 secs]2024-07-23T00:25:58.776+0800: 7.433: [weak refs processing, 0.0000119 secs]2024-07-23T00:25:58.776+0800: 7.433: [class unloading, 0.0003463 secs]2024-07-23T00:25:58.776+0800: 7.434: [scrub symbol table, 0.0005531 secs]2024-07-23T00:25:58.777+0800: 7.434: [scrub string table, 0.0001194 secs][1 CMS-remark: 205856K(349568K)] 205856K(506816K), 0.0016067 secs] [Times: user=0.00 sys=0.00, real=0.00 secs] 
2024-07-23T00:25:58.777+0800: 7.434: Total time for which application threads were stopped: 0.0016574 seconds, Stopping threads took: 0.0000123 seconds
2024-07-23T00:25:58.777+0800: 7.435: [CMS-concurrent-sweep-start]
2024-07-23T00:25:58.778+0800: 7.435: [CMS-concurrent-sweep: 0.000/0.000 secs] [Times: user=0.02 sys=0.00, real=0.00 secs] 
2024-07-23T00:25:58.778+0800: 7.435: [CMS-concurrent-reset-start]
2024-07-23T00:25:58.778+0800: 7.435: [CMS-concurrent-reset: 0.000/0.000 secs] [Times: user=0.00 sys=0.00, real=0.00 secs] 
{Heap before GC invocations=167 (full 331):
 par new generation   total 157248K, used 0K [0x00000000e0000000, 0x00000000eaaa0000, 0x00000000eaaa0000)
  eden space 139776K,   0% used [0x00000000e0000000, 0x00000000e0000000, 0x00000000e8880000)
  from space 17472K,   0% used [0x00000000e9990000, 0x00000000e9990000, 0x00000000eaaa0000)
  to   space 17472K,   0% used [0x00000000e8880000, 0x00000000e8880000, 0x00000000e9990000)
 concurrent mark-sweep generation total 349568K, used 205856K [0x00000000eaaa0000, 0x0000000100000000, 0x0000000100000000)
 Metaspace       used 3956K, capacity 4568K, committed 4864K, reserved 1056768K
  class space    used 431K, capacity 460K, committed 512K, reserved 1048576K
2024-07-23T00:25:58.798+0800: 7.456: [GC (Allocation Failure) 2024-07-23T00:25:58.798+0800: 7.456: [ParNew
Desired survivor size 8945664 bytes, new threshold 6 (max 6)
: 0K->0K(157248K), 0.0020540 secs]2024-07-23T00:25:58.800+0800: 7.458: [CMS: 205856K->1056K(349568K), 0.0038806 secs] 205856K->1056K(506816K), [Metaspace: 3956K->3956K(1056768K)], 0.0061151 secs] [Times: user=0.00 sys=0.00, real=0.01 secs] 
Heap after GC invocations=168 (full 332):
 par new generation   total 157248K, used 0K [0x00000000e0000000, 0x00000000eaaa0000, 0x00000000eaaa0000)
  eden space 139776K,   0% used [0x00000000e0000000, 0x00000000e0000000, 0x00000000e8880000)
  from space 17472K,   0% used [0x00000000e8880000, 0x00000000e8880000, 0x00000000e9990000)
  to   space 17472K,   0% used [0x00000000e9990000, 0x00000000e9990000, 0x00000000eaaa0000)
 concurrent mark-sweep generation total 349568K, used 1056K [0x00000000eaaa0000, 0x0000000100000000, 0x0000000100000000)
 Metaspace       used 3956K, capacity 4568K, committed 4864K, reserved 1056768K
  class space    used 431K, capacity 460K, committed 512K, reserved 1048576K
}
2024-07-23T00:25:58.804+0800: 7.462: Total time for which application threads were stopped: 0.0062933 seconds, Stopping threads took: 0.0000486 seconds
2024-07-23T00:25:58.822+0800: 7.479: [GC (CMS Initial Mark) [1 CMS-initial-mark: 205856K(349568K)] 205856K(506816K), 0.0019720 secs] [Times: user=0.00 sys=0.00, real=0.00 secs] 
2024-07-23T00:25:58.824+0800: 7.481: Total time for which application threads were stopped: 0.0191957 seconds, Stopping threads took: 0.0171681 seconds
2024-07-23T00:25:58.824+0800: 7.481: [CMS-concurrent-mark-start]
2024-07-23T00:25:58.825+0800: 7.483: [CMS-concurrent-mark: 0.001/0.001 secs] [Times: user=0.02 sys=0.00, real=0.00 secs] 
2024-07-23T00:25:58.825+0800: 7.483: [CMS-concurrent-preclean-start]
2024-07-23T00:25:58.825+0800: 7.483: [CMS-concurrent-preclean: 0.000/0.000 secs] [Times: user=0.00 sys=0.00, real=0.00 secs] 
2024-07-23T00:25:58.825+0800: 7.483: [GC (CMS Final Remark) [YG occupancy: 0 K (157248 K)]2024-07-23T00:25:58.825+0800: 7.483: [Rescan (parallel) , 0.0002876 secs]2024-07-23T00:25:58.826+0800: 7.483: [weak refs processing, 0.0000088 secs]2024-07-23T00:25:58.826+0800: 7.483: [class unloading, 0.0002089 secs]2024-07-23T00:25:58.826+0800: 7.483: [scrub symbol table, 0.0003113 secs]2024-07-23T00:25:58.826+0800: 7.484: [scrub string table, 0.0000902 secs][1 CMS-remark: 205856K(349568K)] 205856K(506816K), 0.0009483 secs] [Times: user=0.00 sys=0.00, real=0.00 secs] 
2024-07-23T00:25:58.826+0800: 7.484: Total time for which application threads were stopped: 0.0009837 seconds, Stopping threads took: 0.0000126 seconds
2024-07-23T00:25:58.827+0800: 7.484: [CMS-concurrent-sweep-start]
2024-07-23T00:25:58.827+0800: 7.484: [CMS-concurrent-sweep: 0.000/0.000 secs] [Times: user=0.00 sys=0.00, real=0.00 secs] 
2024-07-23T00:25:58.827+0800: 7.484: [CMS-concurrent-reset-start]
2024-07-23T00:25:58.827+0800: 7.484: [CMS-concurrent-reset: 0.000/0.000 secs] [Times: user=0.00 sys=0.00, real=0.00 secs] 
{Heap before GC invocations=168 (full 333):
 par new generation   total 157248K, used 0K [0x00000000e0000000, 0x00000000eaaa0000, 0x00000000eaaa0000)
  eden space 139776K,   0% used [0x00000000e0000000, 0x00000000e0000000, 0x00000000e8880000)
  from space 17472K,   0% used [0x00000000e8880000, 0x00000000e8880000, 0x00000000e9990000)
  to   space 17472K,   0% used [0x00000000e9990000, 0x00000000e9990000, 0x00000000eaaa0000)
 concurrent mark-sweep generation total 349568K, used 205856K [0x00000000eaaa0000, 0x0000000100000000, 0x0000000100000000)
 Metaspace       used 3956K, capacity 4568K, committed 4864K, reserved 1056768K
  class space    used 431K, capacity 460K, committed 512K, reserved 1048576K
2024-07-23T00:25:58.845+0800: 7.502: [GC (Allocation Failure) 2024-07-23T00:25:58.845+0800: 7.502: [ParNew
Desired survivor size 8945664 bytes, new threshold 6 (max 6)
: 0K->0K(157248K), 0.0016171 secs]2024-07-23T00:25:58.847+0800: 7.504: [CMS: 205856K->1056K(349568K), 0.0033006 secs] 205856K->1056K(506816K), [Metaspace: 3956K->3956K(1056768K)], 0.0050825 secs] [Times: user=0.00 sys=0.00, real=0.00 secs] 
Heap after GC invocations=169 (full 334):
 par new generation   total 157248K, used 0K [0x00000000e0000000, 0x00000000eaaa0000, 0x00000000eaaa0000)
  eden space 139776K,   0% used [0x00000000e0000000, 0x00000000e0000000, 0x00000000e8880000)
  from space 17472K,   0% used [0x00000000e9990000, 0x00000000e9990000, 0x00000000eaaa0000)
  to   space 17472K,   0% used [0x00000000e8880000, 0x00000000e8880000, 0x00000000e9990000)
 concurrent mark-sweep generation total 349568K, used 1056K [0x00000000eaaa0000, 0x0000000100000000, 0x0000000100000000)
 Metaspace       used 3956K, capacity 4568K, committed 4864K, reserved 1056768K
  class space    used 431K, capacity 460K, committed 512K, reserved 1048576K
}
2024-07-23T00:25:58.850+0800: 7.507: Total time for which application threads were stopped: 0.0052525 seconds, Stopping threads took: 0.0000245 seconds
2024-07-23T00:25:58.870+0800: 7.527: [GC (CMS Initial Mark) [1 CMS-initial-mark: 205856K(349568K)] 205856K(506816K), 0.0029049 secs] [Times: user=0.00 sys=0.00, real=0.00 secs] 
2024-07-23T00:25:58.873+0800: 7.530: Total time for which application threads were stopped: 0.0225260 seconds, Stopping threads took: 0.0195691 seconds
2024-07-23T00:25:58.873+0800: 7.530: [CMS-concurrent-mark-start]
2024-07-23T00:25:58.875+0800: 7.532: [CMS-concurrent-mark: 0.002/0.002 secs] [Times: user=0.00 sys=0.00, real=0.00 secs] 
2024-07-23T00:25:58.875+0800: 7.532: [CMS-concurrent-preclean-start]
2024-07-23T00:25:58.876+0800: 7.533: [CMS-concurrent-preclean: 0.001/0.001 secs] [Times: user=0.00 sys=0.00, real=0.00 secs] 
2024-07-23T00:25:58.876+0800: 7.533: [GC (CMS Final Remark) [YG occupancy: 0 K (157248 K)]2024-07-23T00:25:58.876+0800: 7.533: [Rescan (parallel) , 0.0002613 secs]2024-07-23T00:25:58.876+0800: 7.533: [weak refs processing, 0.0000092 secs]2024-07-23T00:25:58.876+0800: 7.533: [class unloading, 0.0003624 secs]2024-07-23T00:25:58.877+0800: 7.533: [scrub symbol table, 0.0007513 secs]2024-07-23T00:25:58.877+0800: 7.534: [scrub string table, 0.0000940 secs][1 CMS-remark: 205856K(349568K)] 205856K(506816K), 0.0015508 secs] [Times: user=0.00 sys=0.00, real=0.00 secs] 
2024-07-23T00:25:58.877+0800: 7.534: Total time for which application threads were stopped: 0.0016072 seconds, Stopping threads took: 0.0000270 seconds
2024-07-23T00:25:58.877+0800: 7.534: [CMS-concurrent-sweep-start]
2024-07-23T00:25:58.878+0800: 7.535: [CMS-concurrent-sweep: 0.000/0.000 secs] [Times: user=0.00 sys=0.00, real=0.00 secs] 
2024-07-23T00:25:58.878+0800: 7.535: [CMS-concurrent-reset-start]
2024-07-23T00:25:58.878+0800: 7.535: [CMS-concurrent-reset: 0.000/0.000 secs] [Times: user=0.00 sys=0.00, real=0.00 secs] 
{Heap before GC invocations=169 (full 335):
 par new generation   total 157248K, used 0K [0x00000000e0000000, 0x00000000eaaa0000, 0x00000000eaaa0000)
  eden space 139776K,   0% used [0x00000000e0000000, 0x00000000e0000000, 0x00000000e8880000)
  from space 17472K,   0% used [0x00000000e9990000, 0x00000000e9990000, 0x00000000eaaa0000)
  to   space 17472K,   0% used [0x00000000e8880000, 0x00000000e8880000, 0x00000000e9990000)
 concurrent mark-sweep generation total 349568K, used 205856K [0x00000000eaaa0000, 0x0000000100000000, 0x0000000100000000)
 Metaspace       used 3956K, capacity 4568K, committed 4864K, reserved 1056768K
  class space    used 431K, capacity 460K, committed 512K, reserved 1048576K
2024-07-23T00:25:58.891+0800: 7.548: [GC (Allocation Failure) 2024-07-23T00:25:58.891+0800: 7.548: [ParNew
Desired survivor size 8945664 bytes, new threshold 6 (max 6)
: 0K->0K(157248K), 0.0028960 secs]2024-07-23T00:25:58.894+0800: 7.551: [CMS: 205856K->1056K(349568K), 0.0032880 secs] 205856K->1056K(506816K), [Metaspace: 3956K->3956K(1056768K)], 0.0063553 secs] [Times: user=0.00 sys=0.00, real=0.01 secs] 
Heap after GC invocations=170 (full 336):
 par new generation   total 157248K, used 0K [0x00000000e0000000, 0x00000000eaaa0000, 0x00000000eaaa0000)
  eden space 139776K,   0% used [0x00000000e0000000, 0x00000000e0000000, 0x00000000e8880000)
  from space 17472K,   0% used [0x00000000e8880000, 0x00000000e8880000, 0x00000000e9990000)
  to   space 17472K,   0% used [0x00000000e9990000, 0x00000000e9990000, 0x00000000eaaa0000)
 concurrent mark-sweep generation total 349568K, used 1056K [0x00000000eaaa0000, 0x0000000100000000, 0x0000000100000000)
 Metaspace       used 3956K, capacity 4568K, committed 4864K, reserved 1056768K
  class space    used 431K, capacity 460K, committed 512K, reserved 1048576K
}
2024-07-23T00:25:58.897+0800: 7.555: Total time for which application threads were stopped: 0.0065636 seconds, Stopping threads took: 0.0000340 seconds
2024-07-23T00:25:58.915+0800: 7.573: [GC (CMS Initial Mark) [1 CMS-initial-mark: 205856K(349568K)] 205856K(506816K), 0.0010243 secs] [Times: user=0.00 sys=0.00, real=0.00 secs] 
2024-07-23T00:25:58.916+0800: 7.574: Total time for which application threads were stopped: 0.0184920 seconds, Stopping threads took: 0.0174196 seconds
2024-07-23T00:25:58.916+0800: 7.574: [CMS-concurrent-mark-start]
2024-07-23T00:25:58.918+0800: 7.575: [CMS-concurrent-mark: 0.001/0.001 secs] [Times: user=0.00 sys=0.00, real=0.00 secs] 
2024-07-23T00:25:58.918+0800: 7.575: [CMS-concurrent-preclean-start]
2024-07-23T00:25:58.918+0800: 7.575: [CMS-concurrent-preclean: 0.000/0.000 secs] [Times: user=0.00 sys=0.00, real=0.00 secs] 
2024-07-23T00:25:58.918+0800: 7.575: [GC (CMS Final Remark) [YG occupancy: 0 K (157248 K)]2024-07-23T00:25:58.918+0800: 7.575: [Rescan (parallel) , 0.0007662 secs]2024-07-23T00:25:58.919+0800: 7.576: [weak refs processing, 0.0000084 secs]2024-07-23T00:25:58.919+0800: 7.576: [class unloading, 0.0001921 secs]2024-07-23T00:25:58.919+0800: 7.576: [scrub symbol table, 0.0003120 secs]2024-07-23T00:25:58.920+0800: 7.577: [scrub string table, 0.0000899 secs][1 CMS-remark: 205856K(349568K)] 205856K(506816K), 0.0014109 secs] [Times: user=0.02 sys=0.00, real=0.00 secs] 
2024-07-23T00:25:58.920+0800: 7.577: Total time for which application threads were stopped: 0.0014459 seconds, Stopping threads took: 0.0000138 seconds
2024-07-23T00:25:58.920+0800: 7.577: [CMS-concurrent-sweep-start]
2024-07-23T00:25:58.920+0800: 7.577: [CMS-concurrent-sweep: 0.000/0.000 secs] [Times: user=0.00 sys=0.00, real=0.00 secs] 
2024-07-23T00:25:58.920+0800: 7.577: [CMS-concurrent-reset-start]
2024-07-23T00:25:58.920+0800: 7.577: [CMS-concurrent-reset: 0.000/0.000 secs] [Times: user=0.00 sys=0.00, real=0.00 secs] 
{Heap before GC invocations=170 (full 337):
 par new generation   total 157248K, used 0K [0x00000000e0000000, 0x00000000eaaa0000, 0x00000000eaaa0000)
  eden space 139776K,   0% used [0x00000000e0000000, 0x00000000e0000000, 0x00000000e8880000)
  from space 17472K,   0% used [0x00000000e8880000, 0x00000000e8880000, 0x00000000e9990000)
  to   space 17472K,   0% used [0x00000000e9990000, 0x00000000e9990000, 0x00000000eaaa0000)
 concurrent mark-sweep generation total 349568K, used 205856K [0x00000000eaaa0000, 0x0000000100000000, 0x0000000100000000)
 Metaspace       used 3956K, capacity 4568K, committed 4864K, reserved 1056768K
  class space    used 431K, capacity 460K, committed 512K, reserved 1048576K
2024-07-23T00:25:58.939+0800: 7.596: [GC (Allocation Failure) 2024-07-23T00:25:58.939+0800: 7.596: [ParNew
Desired survivor size 8945664 bytes, new threshold 6 (max 6)
: 0K->0K(157248K), 0.0026617 secs]2024-07-23T00:25:58.942+0800: 7.599: [CMS: 205856K->1056K(349568K), 0.0052670 secs] 205856K->1056K(506816K), [Metaspace: 3956K->3956K(1056768K)], 0.0081474 secs] [Times: user=0.00 sys=0.00, real=0.01 secs] 
Heap after GC invocations=171 (full 338):
 par new generation   total 157248K, used 0K [0x00000000e0000000, 0x00000000eaaa0000, 0x00000000eaaa0000)
  eden space 139776K,   0% used [0x00000000e0000000, 0x00000000e0000000, 0x00000000e8880000)
  from space 17472K,   0% used [0x00000000e9990000, 0x00000000e9990000, 0x00000000eaaa0000)
  to   space 17472K,   0% used [0x00000000e8880000, 0x00000000e8880000, 0x00000000e9990000)
 concurrent mark-sweep generation total 349568K, used 1056K [0x00000000eaaa0000, 0x0000000100000000, 0x0000000100000000)
 Metaspace       used 3956K, capacity 4568K, committed 4864K, reserved 1056768K
  class space    used 431K, capacity 460K, committed 512K, reserved 1048576K
}
2024-07-23T00:25:58.947+0800: 7.605: Total time for which application threads were stopped: 0.0084608 seconds, Stopping threads took: 0.0000440 seconds
2024-07-23T00:25:58.966+0800: 7.623: [GC (CMS Initial Mark) [1 CMS-initial-mark: 205856K(349568K)] 205856K(506816K), 0.0009566 secs] [Times: user=0.00 sys=0.00, real=0.00 secs] 
2024-07-23T00:25:58.967+0800: 7.624: Total time for which application threads were stopped: 0.0187804 seconds, Stopping threads took: 0.0177615 seconds
2024-07-23T00:25:58.967+0800: 7.624: [CMS-concurrent-mark-start]
2024-07-23T00:25:58.968+0800: 7.625: [CMS-concurrent-mark: 0.001/0.001 secs] [Times: user=0.00 sys=0.00, real=0.00 secs] 
2024-07-23T00:25:58.968+0800: 7.625: [CMS-concurrent-preclean-start]
2024-07-23T00:25:58.968+0800: 7.625: [CMS-concurrent-preclean: 0.000/0.000 secs] [Times: user=0.00 sys=0.00, real=0.00 secs] 
2024-07-23T00:25:58.968+0800: 7.626: [GC (CMS Final Remark) [YG occupancy: 0 K (157248 K)]2024-07-23T00:25:58.968+0800: 7.626: [Rescan (parallel) , 0.0006314 secs]2024-07-23T00:25:58.969+0800: 7.626: [weak refs processing, 0.0000083 secs]2024-07-23T00:25:58.969+0800: 7.626: [class unloading, 0.0002016 secs]2024-07-23T00:25:58.969+0800: 7.626: [scrub symbol table, 0.0003313 secs]2024-07-23T00:25:58.970+0800: 7.627: [scrub string table, 0.0000940 secs][1 CMS-remark: 205856K(349568K)] 205856K(506816K), 0.0013101 secs] [Times: user=0.00 sys=0.00, real=0.00 secs] 
2024-07-23T00:25:58.970+0800: 7.627: Total time for which application threads were stopped: 0.0013442 seconds, Stopping threads took: 0.0000116 seconds
2024-07-23T00:25:58.970+0800: 7.627: [CMS-concurrent-sweep-start]
2024-07-23T00:25:58.970+0800: 7.627: [CMS-concurrent-sweep: 0.000/0.000 secs] [Times: user=0.00 sys=0.00, real=0.00 secs] 
2024-07-23T00:25:58.970+0800: 7.627: [CMS-concurrent-reset-start]
2024-07-23T00:25:58.970+0800: 7.628: [CMS-concurrent-reset: 0.000/0.000 secs] [Times: user=0.00 sys=0.00, real=0.00 secs] 
{Heap before GC invocations=171 (full 339):
 par new generation   total 157248K, used 0K [0x00000000e0000000, 0x00000000eaaa0000, 0x00000000eaaa0000)
  eden space 139776K,   0% used [0x00000000e0000000, 0x00000000e0000000, 0x00000000e8880000)
  from space 17472K,   0% used [0x00000000e9990000, 0x00000000e9990000, 0x00000000eaaa0000)
  to   space 17472K,   0% used [0x00000000e8880000, 0x00000000e8880000, 0x00000000e9990000)
 concurrent mark-sweep generation total 349568K, used 205856K [0x00000000eaaa0000, 0x0000000100000000, 0x0000000100000000)
 Metaspace       used 3956K, capacity 4568K, committed 4864K, reserved 1056768K
  class space    used 431K, capacity 460K, committed 512K, reserved 1048576K
2024-07-23T00:25:58.987+0800: 7.644: [GC (Allocation Failure) 2024-07-23T00:25:58.987+0800: 7.644: [ParNew
Desired survivor size 8945664 bytes, new threshold 6 (max 6)
: 0K->0K(157248K), 0.0018933 secs]2024-07-23T00:25:58.989+0800: 7.646: [CMS: 205856K->1056K(349568K), 0.0033210 secs] 205856K->1056K(506816K), [Metaspace: 3956K->3956K(1056768K)], 0.0053580 secs] [Times: user=0.00 sys=0.00, real=0.01 secs] 
Heap after GC invocations=172 (full 340):
 par new generation   total 157248K, used 0K [0x00000000e0000000, 0x00000000eaaa0000, 0x00000000eaaa0000)
  eden space 139776K,   0% used [0x00000000e0000000, 0x00000000e0000000, 0x00000000e8880000)
  from space 17472K,   0% used [0x00000000e8880000, 0x00000000e8880000, 0x00000000e9990000)
  to   space 17472K,   0% used [0x00000000e9990000, 0x00000000e9990000, 0x00000000eaaa0000)
 concurrent mark-sweep generation total 349568K, used 1056K [0x00000000eaaa0000, 0x0000000100000000, 0x0000000100000000)
 Metaspace       used 3956K, capacity 4568K, committed 4864K, reserved 1056768K
  class space    used 431K, capacity 460K, committed 512K, reserved 1048576K
}
2024-07-23T00:25:58.992+0800: 7.649: Total time for which application threads were stopped: 0.0055362 seconds, Stopping threads took: 0.0000397 seconds
2024-07-23T00:25:59.010+0800: 7.667: [GC (CMS Initial Mark) [1 CMS-initial-mark: 205856K(349568K)] 205856K(506816K), 0.0003343 secs] [Times: user=0.00 sys=0.00, real=0.00 secs] 
2024-07-23T00:25:59.011+0800: 7.668: Total time for which application threads were stopped: 0.0181394 seconds, Stopping threads took: 0.0177349 seconds
2024-07-23T00:25:59.011+0800: 7.668: [CMS-concurrent-mark-start]
2024-07-23T00:25:59.012+0800: 7.669: [CMS-concurrent-mark: 0.001/0.001 secs] [Times: user=0.02 sys=0.00, real=0.00 secs] 
2024-07-23T00:25:59.012+0800: 7.669: [CMS-concurrent-preclean-start]
2024-07-23T00:25:59.012+0800: 7.669: [CMS-concurrent-preclean: 0.000/0.000 secs] [Times: user=0.00 sys=0.00, real=0.00 secs] 
2024-07-23T00:25:59.012+0800: 7.669: [GC (CMS Final Remark) [YG occupancy: 0 K (157248 K)]2024-07-23T00:25:59.012+0800: 7.669: [Rescan (parallel) , 0.0005410 secs]2024-07-23T00:25:59.013+0800: 7.670: [weak refs processing, 0.0000069 secs]2024-07-23T00:25:59.013+0800: 7.670: [class unloading, 0.0002059 secs]2024-07-23T00:25:59.013+0800: 7.670: [scrub symbol table, 0.0003455 secs]2024-07-23T00:25:59.013+0800: 7.670: [scrub string table, 0.0001026 secs][1 CMS-remark: 205856K(349568K)] 205856K(506816K), 0.0012372 secs] [Times: user=0.00 sys=0.00, real=0.00 secs] 
2024-07-23T00:25:59.014+0800: 7.671: Total time for which application threads were stopped: 0.0012754 seconds, Stopping threads took: 0.0000142 seconds
2024-07-23T00:25:59.014+0800: 7.671: [CMS-concurrent-sweep-start]
2024-07-23T00:25:59.014+0800: 7.671: [CMS-concurrent-sweep: 0.000/0.000 secs] [Times: user=0.00 sys=0.00, real=0.00 secs] 
2024-07-23T00:25:59.014+0800: 7.671: [CMS-concurrent-reset-start]
2024-07-23T00:25:59.014+0800: 7.671: [CMS-concurrent-reset: 0.000/0.000 secs] [Times: user=0.00 sys=0.00, real=0.00 secs] 
{Heap before GC invocations=172 (full 341):
 par new generation   total 157248K, used 0K [0x00000000e0000000, 0x00000000eaaa0000, 0x00000000eaaa0000)
  eden space 139776K,   0% used [0x00000000e0000000, 0x00000000e0000000, 0x00000000e8880000)
  from space 17472K,   0% used [0x00000000e8880000, 0x00000000e8880000, 0x00000000e9990000)
  to   space 17472K,   0% used [0x00000000e9990000, 0x00000000e9990000, 0x00000000eaaa0000)
 concurrent mark-sweep generation total 349568K, used 205856K [0x00000000eaaa0000, 0x0000000100000000, 0x0000000100000000)
 Metaspace       used 3956K, capacity 4568K, committed 4864K, reserved 1056768K
  class space    used 431K, capacity 460K, committed 512K, reserved 1048576K
2024-07-23T00:25:59.035+0800: 7.692: [GC (Allocation Failure) 2024-07-23T00:25:59.035+0800: 7.692: [ParNew
Desired survivor size 8945664 bytes, new threshold 6 (max 6)
: 0K->0K(157248K), 0.0015922 secs]2024-07-23T00:25:59.037+0800: 7.694: [CMS: 205856K->1056K(349568K), 0.0034253 secs] 205856K->1056K(506816K), [Metaspace: 3956K->3956K(1056768K)], 0.0051597 secs] [Times: user=0.00 sys=0.00, real=0.01 secs] 
Heap after GC invocations=173 (full 342):
 par new generation   total 157248K, used 0K [0x00000000e0000000, 0x00000000eaaa0000, 0x00000000eaaa0000)
  eden space 139776K,   0% used [0x00000000e0000000, 0x00000000e0000000, 0x00000000e8880000)
  from space 17472K,   0% used [0x00000000e9990000, 0x00000000e9990000, 0x00000000eaaa0000)
  to   space 17472K,   0% used [0x00000000e8880000, 0x00000000e8880000, 0x00000000e9990000)
 concurrent mark-sweep generation total 349568K, used 1056K [0x00000000eaaa0000, 0x0000000100000000, 0x0000000100000000)
 Metaspace       used 3956K, capacity 4568K, committed 4864K, reserved 1056768K
  class space    used 431K, capacity 460K, committed 512K, reserved 1048576K
}
2024-07-23T00:25:59.041+0800: 7.697: Total time for which application threads were stopped: 0.0053234 seconds, Stopping threads took: 0.0000211 seconds
2024-07-23T00:25:59.057+0800: 7.714: [GC (CMS Initial Mark) [1 CMS-initial-mark: 205856K(349568K)] 205856K(506816K), 0.0004446 secs] [Times: user=0.00 sys=0.00, real=0.00 secs] 
2024-07-23T00:25:59.058+0800: 7.715: Total time for which application threads were stopped: 0.0176163 seconds, Stopping threads took: 0.0171124 seconds
2024-07-23T00:25:59.058+0800: 7.715: [CMS-concurrent-mark-start]
2024-07-23T00:25:59.059+0800: 7.716: [CMS-concurrent-mark: 0.001/0.001 secs] [Times: user=0.00 sys=0.00, real=0.00 secs] 
2024-07-23T00:25:59.059+0800: 7.716: [CMS-concurrent-preclean-start]
2024-07-23T00:25:59.059+0800: 7.717: [CMS-concurrent-preclean: 0.000/0.000 secs] [Times: user=0.00 sys=0.00, real=0.00 secs] 
2024-07-23T00:25:59.059+0800: 7.717: [GC (CMS Final Remark) [YG occupancy: 0 K (157248 K)]2024-07-23T00:25:59.059+0800: 7.717: [Rescan (parallel) , 0.0002768 secs]2024-07-23T00:25:59.060+0800: 7.717: [weak refs processing, 0.0000068 secs]2024-07-23T00:25:59.060+0800: 7.717: [class unloading, 0.0003540 secs]2024-07-23T00:25:59.060+0800: 7.717: [scrub symbol table, 0.0003670 secs]2024-07-23T00:25:59.060+0800: 7.718: [scrub string table, 0.0000986 secs][1 CMS-remark: 205856K(349568K)] 205856K(506816K), 0.0011404 secs] [Times: user=0.00 sys=0.00, real=0.00 secs] 
2024-07-23T00:25:59.061+0800: 7.718: Total time for which application threads were stopped: 0.0011771 seconds, Stopping threads took: 0.0000149 seconds
2024-07-23T00:25:59.061+0800: 7.718: [CMS-concurrent-sweep-start]
2024-07-23T00:25:59.061+0800: 7.718: [CMS-concurrent-sweep: 0.000/0.000 secs] [Times: user=0.00 sys=0.00, real=0.00 secs] 
2024-07-23T00:25:59.061+0800: 7.718: [CMS-concurrent-reset-start]
2024-07-23T00:25:59.061+0800: 7.718: [CMS-concurrent-reset: 0.000/0.000 secs] [Times: user=0.00 sys=0.00, real=0.00 secs] 
{Heap before GC invocations=173 (full 343):
 par new generation   total 157248K, used 0K [0x00000000e0000000, 0x00000000eaaa0000, 0x00000000eaaa0000)
  eden space 139776K,   0% used [0x00000000e0000000, 0x00000000e0000000, 0x00000000e8880000)
  from space 17472K,   0% used [0x00000000e9990000, 0x00000000e9990000, 0x00000000eaaa0000)
  to   space 17472K,   0% used [0x00000000e8880000, 0x00000000e8880000, 0x00000000e9990000)
 concurrent mark-sweep generation total 349568K, used 205856K [0x00000000eaaa0000, 0x0000000100000000, 0x0000000100000000)
 Metaspace       used 3956K, capacity 4568K, committed 4864K, reserved 1056768K
  class space    used 431K, capacity 460K, committed 512K, reserved 1048576K
2024-07-23T00:25:59.081+0800: 7.738: [GC (Allocation Failure) 2024-07-23T00:25:59.081+0800: 7.738: [ParNew
Desired survivor size 8945664 bytes, new threshold 6 (max 6)
: 0K->0K(157248K), 0.0007285 secs]2024-07-23T00:25:59.082+0800: 7.739: [CMS: 205856K->1056K(349568K), 0.0032885 secs] 205856K->1056K(506816K), [Metaspace: 3956K->3956K(1056768K)], 0.0041141 secs] [Times: user=0.00 sys=0.00, real=0.00 secs] 
Heap after GC invocations=174 (full 344):
 par new generation   total 157248K, used 0K [0x00000000e0000000, 0x00000000eaaa0000, 0x00000000eaaa0000)
  eden space 139776K,   0% used [0x00000000e0000000, 0x00000000e0000000, 0x00000000e8880000)
  from space 17472K,   0% used [0x00000000e8880000, 0x00000000e8880000, 0x00000000e9990000)
  to   space 17472K,   0% used [0x00000000e9990000, 0x00000000e9990000, 0x00000000eaaa0000)
 concurrent mark-sweep generation total 349568K, used 1056K [0x00000000eaaa0000, 0x0000000100000000, 0x0000000100000000)
 Metaspace       used 3956K, capacity 4568K, committed 4864K, reserved 1056768K
  class space    used 431K, capacity 460K, committed 512K, reserved 1048576K
}
2024-07-23T00:25:59.085+0800: 7.742: Total time for which application threads were stopped: 0.0042628 seconds, Stopping threads took: 0.0000267 seconds
2024-07-23T00:25:59.102+0800: 7.760: [GC (CMS Initial Mark) [1 CMS-initial-mark: 205856K(349568K)] 205856K(506816K), 0.0004848 secs] [Times: user=0.00 sys=0.00, real=0.00 secs] 
2024-07-23T00:25:59.103+0800: 7.760: Total time for which application threads were stopped: 0.0177351 seconds, Stopping threads took: 0.0171826 seconds
2024-07-23T00:25:59.103+0800: 7.760: [CMS-concurrent-mark-start]
2024-07-23T00:25:59.104+0800: 7.762: [CMS-concurrent-mark: 0.002/0.002 secs] [Times: user=0.00 sys=0.00, real=0.00 secs] 
2024-07-23T00:25:59.104+0800: 7.762: [CMS-concurrent-preclean-start]
2024-07-23T00:25:59.105+0800: 7.762: [CMS-concurrent-preclean: 0.000/0.000 secs] [Times: user=0.00 sys=0.00, real=0.00 secs] 
2024-07-23T00:25:59.105+0800: 7.762: [GC (CMS Final Remark) [YG occupancy: 0 K (157248 K)]2024-07-23T00:25:59.105+0800: 7.762: [Rescan (parallel) , 0.0001691 secs]2024-07-23T00:25:59.105+0800: 7.762: [weak refs processing, 0.0000086 secs]2024-07-23T00:25:59.105+0800: 7.762: [class unloading, 0.0002085 secs]2024-07-23T00:25:59.105+0800: 7.762: [scrub symbol table, 0.0003204 secs]2024-07-23T00:25:59.105+0800: 7.763: [scrub string table, 0.0000944 secs][1 CMS-remark: 205856K(349568K)] 205856K(506816K), 0.0008411 secs] [Times: user=0.00 sys=0.00, real=0.00 secs] 
2024-07-23T00:25:59.106+0800: 7.763: Total time for which application threads were stopped: 0.0008873 seconds, Stopping threads took: 0.0000158 seconds
2024-07-23T00:25:59.106+0800: 7.763: [CMS-concurrent-sweep-start]
2024-07-23T00:25:59.106+0800: 7.763: [CMS-concurrent-sweep: 0.000/0.000 secs] [Times: user=0.00 sys=0.00, real=0.00 secs] 
2024-07-23T00:25:59.106+0800: 7.763: [CMS-concurrent-reset-start]
2024-07-23T00:25:59.106+0800: 7.764: [CMS-concurrent-reset: 0.000/0.000 secs] [Times: user=0.00 sys=0.00, real=0.00 secs] 
{Heap before GC invocations=174 (full 345):
 par new generation   total 157248K, used 0K [0x00000000e0000000, 0x00000000eaaa0000, 0x00000000eaaa0000)
  eden space 139776K,   0% used [0x00000000e0000000, 0x00000000e0000000, 0x00000000e8880000)
  from space 17472K,   0% used [0x00000000e8880000, 0x00000000e8880000, 0x00000000e9990000)
  to   space 17472K,   0% used [0x00000000e9990000, 0x00000000e9990000, 0x00000000eaaa0000)
 concurrent mark-sweep generation total 349568K, used 205856K [0x00000000eaaa0000, 0x0000000100000000, 0x0000000100000000)
 Metaspace       used 3956K, capacity 4568K, committed 4864K, reserved 1056768K
  class space    used 431K, capacity 460K, committed 512K, reserved 1048576K
2024-07-23T00:25:59.127+0800: 7.784: [GC (Allocation Failure) 2024-07-23T00:25:59.127+0800: 7.784: [ParNew
Desired survivor size 8945664 bytes, new threshold 6 (max 6)
: 0K->0K(157248K), 0.0028919 secs]2024-07-23T00:25:59.130+0800: 7.787: [CMS: 205856K->1056K(349568K), 0.0034198 secs] 205856K->1056K(506816K), [Metaspace: 3956K->3956K(1056768K)], 0.0065001 secs] [Times: user=0.00 sys=0.00, real=0.01 secs] 
Heap after GC invocations=175 (full 346):
 par new generation   total 157248K, used 0K [0x00000000e0000000, 0x00000000eaaa0000, 0x00000000eaaa0000)
  eden space 139776K,   0% used [0x00000000e0000000, 0x00000000e0000000, 0x00000000e8880000)
  from space 17472K,   0% used [0x00000000e9990000, 0x00000000e9990000, 0x00000000eaaa0000)
  to   space 17472K,   0% used [0x00000000e8880000, 0x00000000e8880000, 0x00000000e9990000)
 concurrent mark-sweep generation total 349568K, used 1056K [0x00000000eaaa0000, 0x0000000100000000, 0x0000000100000000)
 Metaspace       used 3956K, capacity 4568K, committed 4864K, reserved 1056768K
  class space    used 431K, capacity 460K, committed 512K, reserved 1048576K
}
2024-07-23T00:25:59.134+0800: 7.791: Total time for which application threads were stopped: 0.0067006 seconds, Stopping threads took: 0.0000326 seconds
2024-07-23T00:25:59.151+0800: 7.808: [GC (CMS Initial Mark) [1 CMS-initial-mark: 205856K(349568K)] 205856K(506816K), 0.0003545 secs] [Times: user=0.00 sys=0.00, real=0.00 secs] 
2024-07-23T00:25:59.152+0800: 7.809: Total time for which application threads were stopped: 0.0175473 seconds, Stopping threads took: 0.0171434 seconds
2024-07-23T00:25:59.152+0800: 7.809: [CMS-concurrent-mark-start]
2024-07-23T00:25:59.153+0800: 7.810: [CMS-concurrent-mark: 0.001/0.001 secs] [Times: user=0.02 sys=0.00, real=0.00 secs] 
2024-07-23T00:25:59.153+0800: 7.810: [CMS-concurrent-preclean-start]
2024-07-23T00:25:59.153+0800: 7.810: [CMS-concurrent-preclean: 0.000/0.000 secs] [Times: user=0.00 sys=0.00, real=0.00 secs] 
2024-07-23T00:25:59.154+0800: 7.811: [GC (CMS Final Remark) [YG occupancy: 0 K (157248 K)]2024-07-23T00:25:59.154+0800: 7.811: [Rescan (parallel) , 0.0002656 secs]2024-07-23T00:25:59.154+0800: 7.811: [weak refs processing, 0.0000104 secs]2024-07-23T00:25:59.154+0800: 7.811: [class unloading, 0.0002407 secs]2024-07-23T00:25:59.154+0800: 7.811: [scrub symbol table, 0.0003659 secs]2024-07-23T00:25:59.155+0800: 7.811: [scrub string table, 0.0000936 secs][1 CMS-remark: 205856K(349568K)] 205856K(506816K), 0.0010251 secs] [Times: user=0.00 sys=0.00, real=0.00 secs] 
2024-07-23T00:25:59.155+0800: 7.812: Total time for which application threads were stopped: 0.0010806 seconds, Stopping threads took: 0.0000293 seconds
2024-07-23T00:25:59.155+0800: 7.812: [CMS-concurrent-sweep-start]
2024-07-23T00:25:59.155+0800: 7.812: [CMS-concurrent-sweep: 0.000/0.000 secs] [Times: user=0.00 sys=0.00, real=0.00 secs] 
2024-07-23T00:25:59.155+0800: 7.812: [CMS-concurrent-reset-start]
2024-07-23T00:25:59.155+0800: 7.812: [CMS-concurrent-reset: 0.000/0.000 secs] [Times: user=0.00 sys=0.00, real=0.00 secs] 
{Heap before GC invocations=175 (full 347):
 par new generation   total 157248K, used 0K [0x00000000e0000000, 0x00000000eaaa0000, 0x00000000eaaa0000)
  eden space 139776K,   0% used [0x00000000e0000000, 0x00000000e0000000, 0x00000000e8880000)
  from space 17472K,   0% used [0x00000000e9990000, 0x00000000e9990000, 0x00000000eaaa0000)
  to   space 17472K,   0% used [0x00000000e8880000, 0x00000000e8880000, 0x00000000e9990000)
 concurrent mark-sweep generation total 349568K, used 205856K [0x00000000eaaa0000, 0x0000000100000000, 0x0000000100000000)
 Metaspace       used 3956K, capacity 4568K, committed 4864K, reserved 1056768K
  class space    used 431K, capacity 460K, committed 512K, reserved 1048576K
2024-07-23T00:25:59.175+0800: 7.832: [GC (Allocation Failure) 2024-07-23T00:25:59.175+0800: 7.832: [ParNew
Desired survivor size 8945664 bytes, new threshold 6 (max 6)
: 0K->0K(157248K), 0.0008085 secs]2024-07-23T00:25:59.176+0800: 7.833: [CMS: 205856K->1056K(349568K), 0.0030047 secs] 205856K->1056K(506816K), [Metaspace: 3956K->3956K(1056768K)], 0.0039592 secs] [Times: user=0.00 sys=0.00, real=0.00 secs] 
Heap after GC invocations=176 (full 348):
 par new generation   total 157248K, used 0K [0x00000000e0000000, 0x00000000eaaa0000, 0x00000000eaaa0000)
  eden space 139776K,   0% used [0x00000000e0000000, 0x00000000e0000000, 0x00000000e8880000)
  from space 17472K,   0% used [0x00000000e8880000, 0x00000000e8880000, 0x00000000e9990000)
  to   space 17472K,   0% used [0x00000000e9990000, 0x00000000e9990000, 0x00000000eaaa0000)
 concurrent mark-sweep generation total 349568K, used 1056K [0x00000000eaaa0000, 0x0000000100000000, 0x0000000100000000)
 Metaspace       used 3956K, capacity 4568K, committed 4864K, reserved 1056768K
  class space    used 431K, capacity 460K, committed 512K, reserved 1048576K
}
2024-07-23T00:25:59.179+0800: 7.836: Total time for which application threads were stopped: 0.0040943 seconds, Stopping threads took: 0.0000268 seconds
2024-07-23T00:25:59.198+0800: 7.854: [GC (CMS Initial Mark) [1 CMS-initial-mark: 205856K(349568K)] 205856K(506816K), 0.0004513 secs] [Times: user=0.00 sys=0.00, real=0.00 secs] 
2024-07-23T00:25:59.198+0800: 7.855: Total time for which application threads were stopped: 0.0191106 seconds, Stopping threads took: 0.0185464 seconds
2024-07-23T00:25:59.198+0800: 7.855: [CMS-concurrent-mark-start]
2024-07-23T00:25:59.201+0800: 7.858: [CMS-concurrent-mark: 0.003/0.003 secs] [Times: user=0.02 sys=0.00, real=0.00 secs] 
2024-07-23T00:25:59.201+0800: 7.858: [CMS-concurrent-preclean-start]
2024-07-23T00:25:59.202+0800: 7.859: [CMS-concurrent-preclean: 0.001/0.001 secs] [Times: user=0.00 sys=0.00, real=0.00 secs] 
2024-07-23T00:25:59.202+0800: 7.859: [GC (CMS Final Remark) [YG occupancy: 0 K (157248 K)]2024-07-23T00:25:59.202+0800: 7.859: [Rescan (parallel) , 0.0004952 secs]2024-07-23T00:25:59.203+0800: 7.859: [weak refs processing, 0.0000166 secs]2024-07-23T00:25:59.203+0800: 7.859: [class unloading, 0.0003026 secs]2024-07-23T00:25:59.203+0800: 7.860: [scrub symbol table, 0.0005119 secs]2024-07-23T00:25:59.204+0800: 7.860: [scrub string table, 0.0001666 secs][1 CMS-remark: 205856K(349568K)] 205856K(506816K), 0.0015757 secs] [Times: user=0.00 sys=0.00, real=0.00 secs] 
2024-07-23T00:25:59.204+0800: 7.860: Total time for which application threads were stopped: 0.0016383 seconds, Stopping threads took: 0.0000253 seconds
2024-07-23T00:25:59.204+0800: 7.861: [CMS-concurrent-sweep-start]
2024-07-23T00:25:59.204+0800: 7.861: [CMS-concurrent-sweep: 0.000/0.000 secs] [Times: user=0.00 sys=0.00, real=0.00 secs] 
2024-07-23T00:25:59.204+0800: 7.861: [CMS-concurrent-reset-start]
2024-07-23T00:25:59.205+0800: 7.861: [CMS-concurrent-reset: 0.000/0.000 secs] [Times: user=0.00 sys=0.00, real=0.00 secs] 
{Heap before GC invocations=176 (full 349):
 par new generation   total 157248K, used 0K [0x00000000e0000000, 0x00000000eaaa0000, 0x00000000eaaa0000)
  eden space 139776K,   0% used [0x00000000e0000000, 0x00000000e0000000, 0x00000000e8880000)
  from space 17472K,   0% used [0x00000000e8880000, 0x00000000e8880000, 0x00000000e9990000)
  to   space 17472K,   0% used [0x00000000e9990000, 0x00000000e9990000, 0x00000000eaaa0000)
 concurrent mark-sweep generation total 349568K, used 205856K [0x00000000eaaa0000, 0x0000000100000000, 0x0000000100000000)
 Metaspace       used 3956K, capacity 4568K, committed 4864K, reserved 1056768K
  class space    used 431K, capacity 460K, committed 512K, reserved 1048576K
2024-07-23T00:25:59.223+0800: 7.880: [GC (Allocation Failure) 2024-07-23T00:25:59.223+0800: 7.880: [ParNew
Desired survivor size 8945664 bytes, new threshold 6 (max 6)
: 0K->0K(157248K), 0.0016127 secs]2024-07-23T00:25:59.225+0800: 7.881: [CMS: 205856K->1056K(349568K), 0.0031323 secs] 205856K->1056K(506816K), [Metaspace: 3956K->3956K(1056768K)], 0.0048523 secs] [Times: user=0.00 sys=0.00, real=0.00 secs] 
Heap after GC invocations=177 (full 350):
 par new generation   total 157248K, used 0K [0x00000000e0000000, 0x00000000eaaa0000, 0x00000000eaaa0000)
  eden space 139776K,   0% used [0x00000000e0000000, 0x00000000e0000000, 0x00000000e8880000)
  from space 17472K,   0% used [0x00000000e9990000, 0x00000000e9990000, 0x00000000eaaa0000)
  to   space 17472K,   0% used [0x00000000e8880000, 0x00000000e8880000, 0x00000000e9990000)
 concurrent mark-sweep generation total 349568K, used 1056K [0x00000000eaaa0000, 0x0000000100000000, 0x0000000100000000)
 Metaspace       used 3956K, capacity 4568K, committed 4864K, reserved 1056768K
  class space    used 431K, capacity 460K, committed 512K, reserved 1048576K
}
2024-07-23T00:25:59.228+0800: 7.884: Total time for which application threads were stopped: 0.0050194 seconds, Stopping threads took: 0.0000288 seconds
2024-07-23T00:25:59.245+0800: 7.902: [GC (CMS Initial Mark) [1 CMS-initial-mark: 205856K(349568K)] 205856K(506816K), 0.0003678 secs] [Times: user=0.00 sys=0.00, real=0.00 secs] 
2024-07-23T00:25:59.246+0800: 7.903: Total time for which application threads were stopped: 0.0180024 seconds, Stopping threads took: 0.0175752 seconds
2024-07-23T00:25:59.246+0800: 7.903: [CMS-concurrent-mark-start]
2024-07-23T00:25:59.247+0800: 7.904: [CMS-concurrent-mark: 0.002/0.002 secs] [Times: user=0.01 sys=0.00, real=0.00 secs] 
2024-07-23T00:25:59.247+0800: 7.904: [CMS-concurrent-preclean-start]
2024-07-23T00:25:59.247+0800: 7.904: [CMS-concurrent-preclean: 0.000/0.000 secs] [Times: user=0.00 sys=0.00, real=0.00 secs] 
2024-07-23T00:25:59.248+0800: 7.904: [GC (CMS Final Remark) [YG occupancy: 0 K (157248 K)]2024-07-23T00:25:59.248+0800: 7.905: [Rescan (parallel) , 0.0004491 secs]2024-07-23T00:25:59.248+0800: 7.905: [weak refs processing, 0.0000121 secs]2024-07-23T00:25:59.248+0800: 7.905: [class unloading, 0.0002087 secs]2024-07-23T00:25:59.248+0800: 7.905: [scrub symbol table, 0.0003336 secs]2024-07-23T00:25:59.249+0800: 7.906: [scrub string table, 0.0000945 secs][1 CMS-remark: 205856K(349568K)] 205856K(506816K), 0.0011509 secs] [Times: user=0.00 sys=0.00, real=0.00 secs] 
2024-07-23T00:25:59.249+0800: 7.906: Total time for which application threads were stopped: 0.0012119 seconds, Stopping threads took: 0.0000338 seconds
2024-07-23T00:25:59.249+0800: 7.906: [CMS-concurrent-sweep-start]
2024-07-23T00:25:59.249+0800: 7.906: [CMS-concurrent-sweep: 0.000/0.000 secs] [Times: user=0.00 sys=0.00, real=0.00 secs] 
2024-07-23T00:25:59.249+0800: 7.906: [CMS-concurrent-reset-start]
2024-07-23T00:25:59.249+0800: 7.906: [CMS-concurrent-reset: 0.000/0.000 secs] [Times: user=0.00 sys=0.00, real=0.00 secs] 
{Heap before GC invocations=177 (full 351):
 par new generation   total 157248K, used 0K [0x00000000e0000000, 0x00000000eaaa0000, 0x00000000eaaa0000)
  eden space 139776K,   0% used [0x00000000e0000000, 0x00000000e0000000, 0x00000000e8880000)
  from space 17472K,   0% used [0x00000000e9990000, 0x00000000e9990000, 0x00000000eaaa0000)
  to   space 17472K,   0% used [0x00000000e8880000, 0x00000000e8880000, 0x00000000e9990000)
 concurrent mark-sweep generation total 349568K, used 205856K [0x00000000eaaa0000, 0x0000000100000000, 0x0000000100000000)
 Metaspace       used 3956K, capacity 4568K, committed 4864K, reserved 1056768K
  class space    used 431K, capacity 460K, committed 512K, reserved 1048576K
2024-07-23T00:25:59.269+0800: 7.926: [GC (Allocation Failure) 2024-07-23T00:25:59.269+0800: 7.926: [ParNew
Desired survivor size 8945664 bytes, new threshold 6 (max 6)
: 0K->0K(157248K), 0.0016443 secs]2024-07-23T00:25:59.271+0800: 7.928: [CMS: 205856K->1056K(349568K), 0.0037457 secs] 205856K->1056K(506816K), [Metaspace: 3956K->3956K(1056768K)], 0.0055667 secs] [Times: user=0.00 sys=0.00, real=0.01 secs] 
Heap after GC invocations=178 (full 352):
 par new generation   total 157248K, used 0K [0x00000000e0000000, 0x00000000eaaa0000, 0x00000000eaaa0000)
  eden space 139776K,   0% used [0x00000000e0000000, 0x00000000e0000000, 0x00000000e8880000)
  from space 17472K,   0% used [0x00000000e8880000, 0x00000000e8880000, 0x00000000e9990000)
  to   space 17472K,   0% used [0x00000000e9990000, 0x00000000e9990000, 0x00000000eaaa0000)
 concurrent mark-sweep generation total 349568K, used 1056K [0x00000000eaaa0000, 0x0000000100000000, 0x0000000100000000)
 Metaspace       used 3956K, capacity 4568K, committed 4864K, reserved 1056768K
  class space    used 431K, capacity 460K, committed 512K, reserved 1048576K
}
2024-07-23T00:25:59.275+0800: 7.931: Total time for which application threads were stopped: 0.0057645 seconds, Stopping threads took: 0.0000463 seconds
2024-07-23T00:25:59.291+0800: 7.948: [GC (CMS Initial Mark) [1 CMS-initial-mark: 205856K(349568K)] 205856K(506816K), 0.0007851 secs] [Times: user=0.00 sys=0.00, real=0.00 secs] 
2024-07-23T00:25:59.292+0800: 7.949: Total time for which application threads were stopped: 0.0176171 seconds, Stopping threads took: 0.0167761 seconds
2024-07-23T00:25:59.292+0800: 7.949: [CMS-concurrent-mark-start]
2024-07-23T00:25:59.294+0800: 7.951: [CMS-concurrent-mark: 0.001/0.001 secs] [Times: user=0.00 sys=0.00, real=0.00 secs] 
2024-07-23T00:25:59.294+0800: 7.951: [CMS-concurrent-preclean-start]
2024-07-23T00:25:59.294+0800: 7.951: [CMS-concurrent-preclean: 0.000/0.000 secs] [Times: user=0.00 sys=0.00, real=0.00 secs] 
2024-07-23T00:25:59.294+0800: 7.951: [GC (CMS Final Remark) [YG occupancy: 0 K (157248 K)]2024-07-23T00:25:59.294+0800: 7.951: [Rescan (parallel) , 0.0004165 secs]2024-07-23T00:25:59.294+0800: 7.951: [weak refs processing, 0.0000066 secs]2024-07-23T00:25:59.294+0800: 7.951: [class unloading, 0.0002005 secs]2024-07-23T00:25:59.294+0800: 7.951: [scrub symbol table, 0.0003217 secs]2024-07-23T00:25:59.294+0800: 7.952: [scrub string table, 0.0000957 secs][1 CMS-remark: 205856K(349568K)] 205856K(506816K), 0.0010740 secs] [Times: user=0.00 sys=0.00, real=0.00 secs] 
2024-07-23T00:25:59.294+0800: 7.952: Total time for which application threads were stopped: 0.0011072 seconds, Stopping threads took: 0.0000129 seconds
2024-07-23T00:25:59.294+0800: 7.952: [CMS-concurrent-sweep-start]
2024-07-23T00:25:59.295+0800: 7.952: [CMS-concurrent-sweep: 0.000/0.000 secs] [Times: user=0.00 sys=0.00, real=0.00 secs] 
2024-07-23T00:25:59.295+0800: 7.952: [CMS-concurrent-reset-start]
2024-07-23T00:25:59.295+0800: 7.953: [CMS-concurrent-reset: 0.000/0.000 secs] [Times: user=0.00 sys=0.00, real=0.00 secs] 
{Heap before GC invocations=178 (full 353):
 par new generation   total 157248K, used 0K [0x00000000e0000000, 0x00000000eaaa0000, 0x00000000eaaa0000)
  eden space 139776K,   0% used [0x00000000e0000000, 0x00000000e0000000, 0x00000000e8880000)
  from space 17472K,   0% used [0x00000000e8880000, 0x00000000e8880000, 0x00000000e9990000)
  to   space 17472K,   0% used [0x00000000e9990000, 0x00000000e9990000, 0x00000000eaaa0000)
 concurrent mark-sweep generation total 349568K, used 205856K [0x00000000eaaa0000, 0x0000000100000000, 0x0000000100000000)
 Metaspace       used 3956K, capacity 4568K, committed 4864K, reserved 1056768K
  class space    used 431K, capacity 460K, committed 512K, reserved 1048576K
2024-07-23T00:25:59.316+0800: 7.973: [GC (Allocation Failure) 2024-07-23T00:25:59.316+0800: 7.973: [ParNew
Desired survivor size 8945664 bytes, new threshold 6 (max 6)
: 0K->0K(157248K), 0.0015888 secs]2024-07-23T00:25:59.318+0800: 7.975: [CMS: 205856K->1056K(349568K), 0.0038520 secs] 205856K->1056K(506816K), [Metaspace: 3956K->3956K(1056768K)], 0.0056280 secs] [Times: user=0.00 sys=0.00, real=0.01 secs] 
Heap after GC invocations=179 (full 354):
 par new generation   total 157248K, used 0K [0x00000000e0000000, 0x00000000eaaa0000, 0x00000000eaaa0000)
  eden space 139776K,   0% used [0x00000000e0000000, 0x00000000e0000000, 0x00000000e8880000)
  from space 17472K,   0% used [0x00000000e9990000, 0x00000000e9990000, 0x00000000eaaa0000)
  to   space 17472K,   0% used [0x00000000e8880000, 0x00000000e8880000, 0x00000000e9990000)
 concurrent mark-sweep generation total 349568K, used 1056K [0x00000000eaaa0000, 0x0000000100000000, 0x0000000100000000)
 Metaspace       used 3956K, capacity 4568K, committed 4864K, reserved 1056768K
  class space    used 431K, capacity 460K, committed 512K, reserved 1048576K
}
2024-07-23T00:25:59.322+0800: 7.979: Total time for which application threads were stopped: 0.0058243 seconds, Stopping threads took: 0.0000327 seconds
2024-07-23T00:25:59.339+0800: 7.996: [GC (CMS Initial Mark) [1 CMS-initial-mark: 205856K(349568K)] 205856K(506816K), 0.0003662 secs] [Times: user=0.00 sys=0.00, real=0.00 secs] 
2024-07-23T00:25:59.339+0800: 7.997: Total time for which application threads were stopped: 0.0178833 seconds, Stopping threads took: 0.0174625 seconds
2024-07-23T00:25:59.339+0800: 7.997: [CMS-concurrent-mark-start]
2024-07-23T00:25:59.341+0800: 7.998: [CMS-concurrent-mark: 0.002/0.002 secs] [Times: user=0.02 sys=0.00, real=0.00 secs] 
2024-07-23T00:25:59.341+0800: 7.998: [CMS-concurrent-preclean-start]
2024-07-23T00:25:59.341+0800: 7.999: [CMS-concurrent-preclean: 0.000/0.000 secs] [Times: user=0.00 sys=0.00, real=0.00 secs] 
2024-07-23T00:25:59.341+0800: 7.999: [GC (CMS Final Remark) [YG occupancy: 0 K (157248 K)]2024-07-23T00:25:59.341+0800: 7.999: [Rescan (parallel) , 0.0003548 secs]2024-07-23T00:25:59.342+0800: 7.999: [weak refs processing, 0.0000074 secs]2024-07-23T00:25:59.342+0800: 7.999: [class unloading, 0.0001986 secs]2024-07-23T00:25:59.342+0800: 7.999: [scrub symbol table, 0.0003266 secs]2024-07-23T00:25:59.342+0800: 8.000: [scrub string table, 0.0000981 secs][1 CMS-remark: 205856K(349568K)] 205856K(506816K), 0.0010210 secs] [Times: user=0.00 sys=0.00, real=0.00 secs] 
2024-07-23T00:25:59.342+0800: 8.000: Total time for which application threads were stopped: 0.0010587 seconds, Stopping threads took: 0.0000149 seconds
2024-07-23T00:25:59.342+0800: 8.000: [CMS-concurrent-sweep-start]
2024-07-23T00:25:59.343+0800: 8.000: [CMS-concurrent-sweep: 0.000/0.000 secs] [Times: user=0.00 sys=0.00, real=0.00 secs] 
2024-07-23T00:25:59.343+0800: 8.000: [CMS-concurrent-reset-start]
2024-07-23T00:25:59.343+0800: 8.000: [CMS-concurrent-reset: 0.000/0.000 secs] [Times: user=0.00 sys=0.00, real=0.00 secs] 
{Heap before GC invocations=179 (full 355):
 par new generation   total 157248K, used 0K [0x00000000e0000000, 0x00000000eaaa0000, 0x00000000eaaa0000)
  eden space 139776K,   0% used [0x00000000e0000000, 0x00000000e0000000, 0x00000000e8880000)
  from space 17472K,   0% used [0x00000000e9990000, 0x00000000e9990000, 0x00000000eaaa0000)
  to   space 17472K,   0% used [0x00000000e8880000, 0x00000000e8880000, 0x00000000e9990000)
 concurrent mark-sweep generation total 349568K, used 205856K [0x00000000eaaa0000, 0x0000000100000000, 0x0000000100000000)
 Metaspace       used 3956K, capacity 4568K, committed 4864K, reserved 1056768K
  class space    used 431K, capacity 460K, committed 512K, reserved 1048576K
2024-07-23T00:25:59.362+0800: 8.019: [GC (Allocation Failure) 2024-07-23T00:25:59.362+0800: 8.019: [ParNew
Desired survivor size 8945664 bytes, new threshold 6 (max 6)
: 0K->0K(157248K), 0.0012327 secs]2024-07-23T00:25:59.363+0800: 8.021: [CMS: 205856K->1056K(349568K), 0.0045217 secs] 205856K->1056K(506816K), [Metaspace: 3956K->3956K(1056768K)], 0.0060142 secs] [Times: user=0.00 sys=0.00, real=0.01 secs] 
Heap after GC invocations=180 (full 356):
 par new generation   total 157248K, used 0K [0x00000000e0000000, 0x00000000eaaa0000, 0x00000000eaaa0000)
  eden space 139776K,   0% used [0x00000000e0000000, 0x00000000e0000000, 0x00000000e8880000)
  from space 17472K,   0% used [0x00000000e8880000, 0x00000000e8880000, 0x00000000e9990000)
  to   space 17472K,   0% used [0x00000000e9990000, 0x00000000e9990000, 0x00000000eaaa0000)
 concurrent mark-sweep generation total 349568K, used 1056K [0x00000000eaaa0000, 0x0000000100000000, 0x0000000100000000)
 Metaspace       used 3956K, capacity 4568K, committed 4864K, reserved 1056768K
  class space    used 431K, capacity 460K, committed 512K, reserved 1048576K
}
2024-07-23T00:25:59.368+0800: 8.026: Total time for which application threads were stopped: 0.0062531 seconds, Stopping threads took: 0.0000264 seconds
2024-07-23T00:25:59.386+0800: 8.043: [GC (CMS Initial Mark) [1 CMS-initial-mark: 205856K(349568K)] 205856K(506816K), 0.0003906 secs] [Times: user=0.00 sys=0.00, real=0.00 secs] 
2024-07-23T00:25:59.386+0800: 8.044: Total time for which application threads were stopped: 0.0179492 seconds, Stopping threads took: 0.0175050 seconds
2024-07-23T00:25:59.386+0800: 8.044: [CMS-concurrent-mark-start]
2024-07-23T00:25:59.388+0800: 8.045: [CMS-concurrent-mark: 0.001/0.001 secs] [Times: user=0.00 sys=0.00, real=0.00 secs] 
2024-07-23T00:25:59.388+0800: 8.045: [CMS-concurrent-preclean-start]
2024-07-23T00:25:59.388+0800: 8.045: [CMS-concurrent-preclean: 0.000/0.000 secs] [Times: user=0.00 sys=0.00, real=0.00 secs] 
2024-07-23T00:25:59.388+0800: 8.045: [GC (CMS Final Remark) [YG occupancy: 0 K (157248 K)]2024-07-23T00:25:59.388+0800: 8.045: [Rescan (parallel) , 0.0005137 secs]2024-07-23T00:25:59.389+0800: 8.046: [weak refs processing, 0.0000071 secs]2024-07-23T00:25:59.389+0800: 8.046: [class unloading, 0.0001986 secs]2024-07-23T00:25:59.389+0800: 8.046: [scrub symbol table, 0.0003206 secs]2024-07-23T00:25:59.389+0800: 8.046: [scrub string table, 0.0000938 secs][1 CMS-remark: 205856K(349568K)] 205856K(506816K), 0.0011673 secs] [Times: user=0.00 sys=0.00, real=0.00 secs] 
2024-07-23T00:25:59.389+0800: 8.047: Total time for which application threads were stopped: 0.0012014 seconds, Stopping threads took: 0.0000132 seconds
2024-07-23T00:25:59.389+0800: 8.047: [CMS-concurrent-sweep-start]
2024-07-23T00:25:59.389+0800: 8.047: [CMS-concurrent-sweep: 0.000/0.000 secs] [Times: user=0.00 sys=0.00, real=0.00 secs] 
2024-07-23T00:25:59.389+0800: 8.047: [CMS-concurrent-reset-start]
2024-07-23T00:25:59.390+0800: 8.047: [CMS-concurrent-reset: 0.000/0.000 secs] [Times: user=0.00 sys=0.00, real=0.00 secs] 
{Heap before GC invocations=180 (full 357):
 par new generation   total 157248K, used 0K [0x00000000e0000000, 0x00000000eaaa0000, 0x00000000eaaa0000)
  eden space 139776K,   0% used [0x00000000e0000000, 0x00000000e0000000, 0x00000000e8880000)
  from space 17472K,   0% used [0x00000000e8880000, 0x00000000e8880000, 0x00000000e9990000)
  to   space 17472K,   0% used [0x00000000e9990000, 0x00000000e9990000, 0x00000000eaaa0000)
 concurrent mark-sweep generation total 349568K, used 205856K [0x00000000eaaa0000, 0x0000000100000000, 0x0000000100000000)
 Metaspace       used 3956K, capacity 4568K, committed 4864K, reserved 1056768K
  class space    used 431K, capacity 460K, committed 512K, reserved 1048576K
2024-07-23T00:25:59.409+0800: 8.066: [GC (Allocation Failure) 2024-07-23T00:25:59.409+0800: 8.066: [ParNew
Desired survivor size 8945664 bytes, new threshold 6 (max 6)
: 0K->0K(157248K), 0.0011346 secs]2024-07-23T00:25:59.410+0800: 8.068: [CMS: 205856K->1056K(349568K), 0.0037448 secs] 205856K->1056K(506816K), [Metaspace: 3956K->3956K(1056768K)], 0.0050018 secs] [Times: user=0.00 sys=0.00, real=0.01 secs] 
Heap after GC invocations=181 (full 358):
 par new generation   total 157248K, used 0K [0x00000000e0000000, 0x00000000eaaa0000, 0x00000000eaaa0000)
  eden space 139776K,   0% used [0x00000000e0000000, 0x00000000e0000000, 0x00000000e8880000)
  from space 17472K,   0% used [0x00000000e9990000, 0x00000000e9990000, 0x00000000eaaa0000)
  to   space 17472K,   0% used [0x00000000e8880000, 0x00000000e8880000, 0x00000000e9990000)
 concurrent mark-sweep generation total 349568K, used 1056K [0x00000000eaaa0000, 0x0000000100000000, 0x0000000100000000)
 Metaspace       used 3956K, capacity 4568K, committed 4864K, reserved 1056768K
  class space    used 431K, capacity 460K, committed 512K, reserved 1048576K
}
2024-07-23T00:25:59.415+0800: 8.071: Total time for which application threads were stopped: 0.0051511 seconds, Stopping threads took: 0.0000214 seconds
2024-07-23T00:25:59.432+0800: 8.089: [GC (CMS Initial Mark) [1 CMS-initial-mark: 205856K(349568K)] 205856K(506816K), 0.0005483 secs] [Times: user=0.00 sys=0.00, real=0.00 secs] 
2024-07-23T00:25:59.432+0800: 8.089: Total time for which application threads were stopped: 0.0175825 seconds, Stopping threads took: 0.0169791 seconds
2024-07-23T00:25:59.432+0800: 8.089: [CMS-concurrent-mark-start]
2024-07-23T00:25:59.434+0800: 8.091: [CMS-concurrent-mark: 0.002/0.002 secs] [Times: user=0.00 sys=0.00, real=0.00 secs] 
2024-07-23T00:25:59.434+0800: 8.091: [CMS-concurrent-preclean-start]
2024-07-23T00:25:59.434+0800: 8.091: [CMS-concurrent-preclean: 0.000/0.000 secs] [Times: user=0.00 sys=0.00, real=0.00 secs] 
2024-07-23T00:25:59.434+0800: 8.091: [GC (CMS Final Remark) [YG occupancy: 0 K (157248 K)]2024-07-23T00:25:59.434+0800: 8.091: [Rescan (parallel) , 0.0003359 secs]2024-07-23T00:25:59.435+0800: 8.092: [weak refs processing, 0.0000075 secs]2024-07-23T00:25:59.435+0800: 8.092: [class unloading, 0.0002013 secs]2024-07-23T00:25:59.435+0800: 8.092: [scrub symbol table, 0.0003303 secs]2024-07-23T00:25:59.435+0800: 8.092: [scrub string table, 0.0001006 secs][1 CMS-remark: 205856K(349568K)] 205856K(506816K), 0.0010175 secs] [Times: user=0.00 sys=0.00, real=0.00 secs] 
2024-07-23T00:25:59.435+0800: 8.092: Total time for which application threads were stopped: 0.0010597 seconds, Stopping threads took: 0.0000162 seconds
2024-07-23T00:25:59.435+0800: 8.092: [CMS-concurrent-sweep-start]
2024-07-23T00:25:59.435+0800: 8.093: [CMS-concurrent-sweep: 0.000/0.000 secs] [Times: user=0.00 sys=0.00, real=0.00 secs] 
2024-07-23T00:25:59.436+0800: 8.093: [CMS-concurrent-reset-start]
2024-07-23T00:25:59.436+0800: 8.093: [CMS-concurrent-reset: 0.000/0.000 secs] [Times: user=0.00 sys=0.00, real=0.00 secs] 
{Heap before GC invocations=181 (full 359):
 par new generation   total 157248K, used 0K [0x00000000e0000000, 0x00000000eaaa0000, 0x00000000eaaa0000)
  eden space 139776K,   0% used [0x00000000e0000000, 0x00000000e0000000, 0x00000000e8880000)
  from space 17472K,   0% used [0x00000000e9990000, 0x00000000e9990000, 0x00000000eaaa0000)
  to   space 17472K,   0% used [0x00000000e8880000, 0x00000000e8880000, 0x00000000e9990000)
 concurrent mark-sweep generation total 349568K, used 205856K [0x00000000eaaa0000, 0x0000000100000000, 0x0000000100000000)
 Metaspace       used 3956K, capacity 4568K, committed 4864K, reserved 1056768K
  class space    used 431K, capacity 460K, committed 512K, reserved 1048576K
2024-07-23T00:25:59.456+0800: 8.113: [GC (Allocation Failure) 2024-07-23T00:25:59.456+0800: 8.113: [ParNew
Desired survivor size 8945664 bytes, new threshold 6 (max 6)
: 0K->0K(157248K), 0.0023023 secs]2024-07-23T00:25:59.458+0800: 8.115: [CMS: 205856K->1056K(349568K), 0.0057598 secs] 205856K->1056K(506816K), [Metaspace: 3956K->3956K(1056768K)], 0.0082917 secs] [Times: user=0.00 sys=0.00, real=0.01 secs] 
Heap after GC invocations=182 (full 360):
 par new generation   total 157248K, used 0K [0x00000000e0000000, 0x00000000eaaa0000, 0x00000000eaaa0000)
  eden space 139776K,   0% used [0x00000000e0000000, 0x00000000e0000000, 0x00000000e8880000)
  from space 17472K,   0% used [0x00000000e8880000, 0x00000000e8880000, 0x00000000e9990000)
  to   space 17472K,   0% used [0x00000000e9990000, 0x00000000e9990000, 0x00000000eaaa0000)
 concurrent mark-sweep generation total 349568K, used 1056K [0x00000000eaaa0000, 0x0000000100000000, 0x0000000100000000)
 Metaspace       used 3956K, capacity 4568K, committed 4864K, reserved 1056768K
  class space    used 431K, capacity 460K, committed 512K, reserved 1048576K
}
2024-07-23T00:25:59.464+0800: 8.121: Total time for which application threads were stopped: 0.0085718 seconds, Stopping threads took: 0.0000646 seconds
2024-07-23T00:25:59.485+0800: 8.141: [GC (CMS Initial Mark) [1 CMS-initial-mark: 205856K(349568K)] 205856K(506816K), 0.0005212 secs] [Times: user=0.00 sys=0.00, real=0.00 secs] 
2024-07-23T00:25:59.485+0800: 8.142: Total time for which application threads were stopped: 0.0204981 seconds, Stopping threads took: 0.0199072 seconds
2024-07-23T00:25:59.485+0800: 8.142: [CMS-concurrent-mark-start]
2024-07-23T00:25:59.487+0800: 8.143: [CMS-concurrent-mark: 0.001/0.001 secs] [Times: user=0.00 sys=0.00, real=0.00 secs] 
2024-07-23T00:25:59.487+0800: 8.144: [CMS-concurrent-preclean-start]
2024-07-23T00:25:59.488+0800: 8.145: [CMS-concurrent-preclean: 0.001/0.001 secs] [Times: user=0.00 sys=0.00, real=0.00 secs] 
2024-07-23T00:25:59.488+0800: 8.145: [GC (CMS Final Remark) [YG occupancy: 0 K (157248 K)]2024-07-23T00:25:59.488+0800: 8.145: [Rescan (parallel) , 0.0008592 secs]2024-07-23T00:25:59.489+0800: 8.146: [weak refs processing, 0.0000241 secs]2024-07-23T00:25:59.489+0800: 8.146: [class unloading, 0.0003453 secs]2024-07-23T00:25:59.490+0800: 8.147: [scrub symbol table, 0.0005130 secs]2024-07-23T00:25:59.490+0800: 8.147: [scrub string table, 0.0000864 secs][1 CMS-remark: 205856K(349568K)] 205856K(506816K), 0.0019443 secs] [Times: user=0.00 sys=0.00, real=0.00 secs] 
2024-07-23T00:25:59.490+0800: 8.147: Total time for which application threads were stopped: 0.0020339 seconds, Stopping threads took: 0.0000450 seconds
2024-07-23T00:25:59.490+0800: 8.147: [CMS-concurrent-sweep-start]
2024-07-23T00:25:59.491+0800: 8.148: [CMS-concurrent-sweep: 0.000/0.000 secs] [Times: user=0.00 sys=0.00, real=0.00 secs] 
2024-07-23T00:25:59.491+0800: 8.148: [CMS-concurrent-reset-start]
2024-07-23T00:25:59.491+0800: 8.148: [CMS-concurrent-reset: 0.000/0.000 secs] [Times: user=0.00 sys=0.00, real=0.00 secs] 
{Heap before GC invocations=182 (full 361):
 par new generation   total 157248K, used 0K [0x00000000e0000000, 0x00000000eaaa0000, 0x00000000eaaa0000)
  eden space 139776K,   0% used [0x00000000e0000000, 0x00000000e0000000, 0x00000000e8880000)
  from space 17472K,   0% used [0x00000000e8880000, 0x00000000e8880000, 0x00000000e9990000)
  to   space 17472K,   0% used [0x00000000e9990000, 0x00000000e9990000, 0x00000000eaaa0000)
 concurrent mark-sweep generation total 349568K, used 205856K [0x00000000eaaa0000, 0x0000000100000000, 0x0000000100000000)
 Metaspace       used 3956K, capacity 4568K, committed 4864K, reserved 1056768K
  class space    used 431K, capacity 460K, committed 512K, reserved 1048576K
2024-07-23T00:25:59.503+0800: 8.160: [GC (Allocation Failure) 2024-07-23T00:25:59.503+0800: 8.160: [ParNew
Desired survivor size 8945664 bytes, new threshold 6 (max 6)
: 0K->0K(157248K), 0.0004910 secs]2024-07-23T00:25:59.503+0800: 8.160: [CMS: 205856K->1056K(349568K), 0.0026001 secs] 205856K->1056K(506816K), [Metaspace: 3956K->3956K(1056768K)], 0.0032252 secs] [Times: user=0.00 sys=0.00, real=0.00 secs] 
Heap after GC invocations=183 (full 362):
 par new generation   total 157248K, used 0K [0x00000000e0000000, 0x00000000eaaa0000, 0x00000000eaaa0000)
  eden space 139776K,   0% used [0x00000000e0000000, 0x00000000e0000000, 0x00000000e8880000)
  from space 17472K,   0% used [0x00000000e9990000, 0x00000000e9990000, 0x00000000eaaa0000)
  to   space 17472K,   0% used [0x00000000e8880000, 0x00000000e8880000, 0x00000000e9990000)
 concurrent mark-sweep generation total 349568K, used 1056K [0x00000000eaaa0000, 0x0000000100000000, 0x0000000100000000)
 Metaspace       used 3956K, capacity 4568K, committed 4864K, reserved 1056768K
  class space    used 431K, capacity 460K, committed 512K, reserved 1048576K
}
2024-07-23T00:25:59.505+0800: 8.163: Total time for which application threads were stopped: 0.0033941 seconds, Stopping threads took: 0.0000337 seconds
2024-07-23T00:25:59.525+0800: 8.182: [GC (CMS Initial Mark) [1 CMS-initial-mark: 205856K(349568K)] 205856K(506816K), 0.0003423 secs] [Times: user=0.00 sys=0.00, real=0.00 secs] 
2024-07-23T00:25:59.525+0800: 8.182: Total time for which application threads were stopped: 0.0190493 seconds, Stopping threads took: 0.0186433 seconds
2024-07-23T00:25:59.525+0800: 8.182: [CMS-concurrent-mark-start]
2024-07-23T00:25:59.527+0800: 8.184: [CMS-concurrent-mark: 0.001/0.001 secs] [Times: user=0.00 sys=0.00, real=0.00 secs] 
2024-07-23T00:25:59.527+0800: 8.184: [CMS-concurrent-preclean-start]
2024-07-23T00:25:59.527+0800: 8.184: [CMS-concurrent-preclean: 0.000/0.000 secs] [Times: user=0.00 sys=0.00, real=0.00 secs] 
2024-07-23T00:25:59.527+0800: 8.184: [GC (CMS Final Remark) [YG occupancy: 0 K (157248 K)]2024-07-23T00:25:59.527+0800: 8.184: [Rescan (parallel) , 0.0005004 secs]2024-07-23T00:25:59.528+0800: 8.185: [weak refs processing, 0.0000109 secs]2024-07-23T00:25:59.528+0800: 8.185: [class unloading, 0.0002184 secs]2024-07-23T00:25:59.528+0800: 8.185: [scrub symbol table, 0.0003246 secs]2024-07-23T00:25:59.528+0800: 8.185: [scrub string table, 0.0000826 secs][1 CMS-remark: 205856K(349568K)] 205856K(506816K), 0.0011779 secs] [Times: user=0.00 sys=0.00, real=0.00 secs] 
2024-07-23T00:25:59.528+0800: 8.185: Total time for which application threads were stopped: 0.0012219 seconds, Stopping threads took: 0.0000194 seconds
2024-07-23T00:25:59.529+0800: 8.185: [CMS-concurrent-sweep-start]
2024-07-23T00:25:59.529+0800: 8.185: [CMS-concurrent-sweep: 0.000/0.000 secs] [Times: user=0.00 sys=0.00, real=0.00 secs] 
2024-07-23T00:25:59.529+0800: 8.185: [CMS-concurrent-reset-start]
2024-07-23T00:25:59.529+0800: 8.186: [CMS-concurrent-reset: 0.000/0.000 secs] [Times: user=0.00 sys=0.00, real=0.00 secs] 
{Heap before GC invocations=183 (full 363):
 par new generation   total 157248K, used 0K [0x00000000e0000000, 0x00000000eaaa0000, 0x00000000eaaa0000)
  eden space 139776K,   0% used [0x00000000e0000000, 0x00000000e0000000, 0x00000000e8880000)
  from space 17472K,   0% used [0x00000000e9990000, 0x00000000e9990000, 0x00000000eaaa0000)
  to   space 17472K,   0% used [0x00000000e8880000, 0x00000000e8880000, 0x00000000e9990000)
 concurrent mark-sweep generation total 349568K, used 205856K [0x00000000eaaa0000, 0x0000000100000000, 0x0000000100000000)
 Metaspace       used 3956K, capacity 4568K, committed 4864K, reserved 1056768K
  class space    used 431K, capacity 460K, committed 512K, reserved 1048576K
2024-07-23T00:25:59.549+0800: 8.206: [GC (Allocation Failure) 2024-07-23T00:25:59.549+0800: 8.206: [ParNew
Desired survivor size 8945664 bytes, new threshold 6 (max 6)
: 0K->0K(157248K), 0.0009339 secs]2024-07-23T00:25:59.550+0800: 8.207: [CMS: 205856K->1056K(349568K), 0.0029013 secs] 205856K->1056K(506816K), [Metaspace: 3956K->3956K(1056768K)], 0.0039853 secs] [Times: user=0.00 sys=0.00, real=0.00 secs] 
Heap after GC invocations=184 (full 364):
 par new generation   total 157248K, used 0K [0x00000000e0000000, 0x00000000eaaa0000, 0x00000000eaaa0000)
  eden space 139776K,   0% used [0x00000000e0000000, 0x00000000e0000000, 0x00000000e8880000)
  from space 17472K,   0% used [0x00000000e8880000, 0x00000000e8880000, 0x00000000e9990000)
  to   space 17472K,   0% used [0x00000000e9990000, 0x00000000e9990000, 0x00000000eaaa0000)
 concurrent mark-sweep generation total 349568K, used 1056K [0x00000000eaaa0000, 0x0000000100000000, 0x0000000100000000)
 Metaspace       used 3956K, capacity 4568K, committed 4864K, reserved 1056768K
  class space    used 431K, capacity 460K, committed 512K, reserved 1048576K
}
2024-07-23T00:25:59.553+0800: 8.210: Total time for which application threads were stopped: 0.0041412 seconds, Stopping threads took: 0.0000302 seconds
2024-07-23T00:25:59.571+0800: 8.228: [GC (CMS Initial Mark) [1 CMS-initial-mark: 205856K(349568K)] 205856K(506816K), 0.0004704 secs] [Times: user=0.00 sys=0.00, real=0.00 secs] 
2024-07-23T00:25:59.571+0800: 8.228: Total time for which application threads were stopped: 0.0184050 seconds, Stopping threads took: 0.0178439 seconds
2024-07-23T00:25:59.571+0800: 8.228: [CMS-concurrent-mark-start]
2024-07-23T00:25:59.573+0800: 8.230: [CMS-concurrent-mark: 0.001/0.001 secs] [Times: user=0.00 sys=0.00, real=0.00 secs] 
2024-07-23T00:25:59.573+0800: 8.230: [CMS-concurrent-preclean-start]
2024-07-23T00:25:59.573+0800: 8.230: [CMS-concurrent-preclean: 0.000/0.000 secs] [Times: user=0.00 sys=0.00, real=0.00 secs] 
2024-07-23T00:25:59.573+0800: 8.230: [GC (CMS Final Remark) [YG occupancy: 0 K (157248 K)]2024-07-23T00:25:59.573+0800: 8.230: [Rescan (parallel) , 0.0003496 secs]2024-07-23T00:25:59.574+0800: 8.230: [weak refs processing, 0.0000140 secs]2024-07-23T00:25:59.574+0800: 8.230: [class unloading, 0.0002432 secs]2024-07-23T00:25:59.574+0800: 8.231: [scrub symbol table, 0.0003984 secs]2024-07-23T00:25:59.574+0800: 8.231: [scrub string table, 0.0001085 secs][1 CMS-remark: 205856K(349568K)] 205856K(506816K), 0.0011726 secs] [Times: user=0.00 sys=0.00, real=0.00 secs] 
2024-07-23T00:25:59.574+0800: 8.231: Total time for which application threads were stopped: 0.0012276 seconds, Stopping threads took: 0.0000264 seconds
2024-07-23T00:25:59.574+0800: 8.231: [CMS-concurrent-sweep-start]
2024-07-23T00:25:59.575+0800: 8.232: [CMS-concurrent-sweep: 0.000/0.000 secs] [Times: user=0.00 sys=0.00, real=0.00 secs] 
2024-07-23T00:25:59.575+0800: 8.232: [CMS-concurrent-reset-start]
2024-07-23T00:25:59.575+0800: 8.232: [CMS-concurrent-reset: 0.000/0.000 secs] [Times: user=0.00 sys=0.00, real=0.00 secs] 
{Heap before GC invocations=184 (full 365):
 par new generation   total 157248K, used 0K [0x00000000e0000000, 0x00000000eaaa0000, 0x00000000eaaa0000)
  eden space 139776K,   0% used [0x00000000e0000000, 0x00000000e0000000, 0x00000000e8880000)
  from space 17472K,   0% used [0x00000000e8880000, 0x00000000e8880000, 0x00000000e9990000)
  to   space 17472K,   0% used [0x00000000e9990000, 0x00000000e9990000, 0x00000000eaaa0000)
 concurrent mark-sweep generation total 349568K, used 205856K [0x00000000eaaa0000, 0x0000000100000000, 0x0000000100000000)
 Metaspace       used 3956K, capacity 4568K, committed 4864K, reserved 1056768K
  class space    used 431K, capacity 460K, committed 512K, reserved 1048576K
2024-07-23T00:25:59.596+0800: 8.253: [GC (Allocation Failure) 2024-07-23T00:25:59.596+0800: 8.253: [ParNew
Desired survivor size 8945664 bytes, new threshold 6 (max 6)
: 0K->0K(157248K), 0.0009674 secs]2024-07-23T00:25:59.597+0800: 8.254: [CMS: 205856K->1056K(349568K), 0.0031757 secs] 205856K->1056K(506816K), [Metaspace: 3956K->3956K(1056768K)], 0.0042765 secs] [Times: user=0.00 sys=0.00, real=0.00 secs] 
Heap after GC invocations=185 (full 366):
 par new generation   total 157248K, used 0K [0x00000000e0000000, 0x00000000eaaa0000, 0x00000000eaaa0000)
  eden space 139776K,   0% used [0x00000000e0000000, 0x00000000e0000000, 0x00000000e8880000)
  from space 17472K,   0% used [0x00000000e9990000, 0x00000000e9990000, 0x00000000eaaa0000)
  to   space 17472K,   0% used [0x00000000e8880000, 0x00000000e8880000, 0x00000000e9990000)
 concurrent mark-sweep generation total 349568K, used 1056K [0x00000000eaaa0000, 0x0000000100000000, 0x0000000100000000)
 Metaspace       used 3956K, capacity 4568K, committed 4864K, reserved 1056768K
  class space    used 431K, capacity 460K, committed 512K, reserved 1048576K
}
2024-07-23T00:25:59.600+0800: 8.257: Total time for which application threads were stopped: 0.0046501 seconds, Stopping threads took: 0.0000265 seconds
2024-07-23T00:25:59.618+0800: 8.275: [GC (CMS Initial Mark) [1 CMS-initial-mark: 205856K(349568K)] 205856K(506816K), 0.0002328 secs] [Times: user=0.00 sys=0.00, real=0.00 secs] 
2024-07-23T00:25:59.618+0800: 8.275: Total time for which application threads were stopped: 0.0181384 seconds, Stopping threads took: 0.0178502 seconds
2024-07-23T00:25:59.618+0800: 8.275: [CMS-concurrent-mark-start]
2024-07-23T00:25:59.620+0800: 8.277: [CMS-concurrent-mark: 0.002/0.002 secs] [Times: user=0.00 sys=0.00, real=0.00 secs] 
2024-07-23T00:25:59.620+0800: 8.277: [CMS-concurrent-preclean-start]
2024-07-23T00:25:59.620+0800: 8.278: [CMS-concurrent-preclean: 0.000/0.000 secs] [Times: user=0.00 sys=0.00, real=0.00 secs] 
2024-07-23T00:25:59.620+0800: 8.278: [GC (CMS Final Remark) [YG occupancy: 0 K (157248 K)]2024-07-23T00:25:59.620+0800: 8.278: [Rescan (parallel) , 0.0003143 secs]2024-07-23T00:25:59.621+0800: 8.278: [weak refs processing, 0.0000079 secs]2024-07-23T00:25:59.621+0800: 8.278: [class unloading, 0.0002720 secs]2024-07-23T00:25:59.621+0800: 8.278: [scrub symbol table, 0.0004696 secs]2024-07-23T00:25:59.621+0800: 8.279: [scrub string table, 0.0001033 secs][1 CMS-remark: 205856K(349568K)] 205856K(506816K), 0.0012172 secs] [Times: user=0.00 sys=0.00, real=0.00 secs] 
2024-07-23T00:25:59.621+0800: 8.279: Total time for which application threads were stopped: 0.0012638 seconds, Stopping threads took: 0.0000200 seconds
2024-07-23T00:25:59.622+0800: 8.279: [CMS-concurrent-sweep-start]
2024-07-23T00:25:59.622+0800: 8.279: [CMS-concurrent-sweep: 0.000/0.000 secs] [Times: user=0.00 sys=0.00, real=0.00 secs] 
2024-07-23T00:25:59.622+0800: 8.279: [CMS-concurrent-reset-start]
2024-07-23T00:25:59.622+0800: 8.280: [CMS-concurrent-reset: 0.000/0.000 secs] [Times: user=0.00 sys=0.00, real=0.00 secs] 
{Heap before GC invocations=185 (full 367):
 par new generation   total 157248K, used 0K [0x00000000e0000000, 0x00000000eaaa0000, 0x00000000eaaa0000)
  eden space 139776K,   0% used [0x00000000e0000000, 0x00000000e0000000, 0x00000000e8880000)
  from space 17472K,   0% used [0x00000000e9990000, 0x00000000e9990000, 0x00000000eaaa0000)
  to   space 17472K,   0% used [0x00000000e8880000, 0x00000000e8880000, 0x00000000e9990000)
 concurrent mark-sweep generation total 349568K, used 205856K [0x00000000eaaa0000, 0x0000000100000000, 0x0000000100000000)
 Metaspace       used 3956K, capacity 4568K, committed 4864K, reserved 1056768K
  class space    used 431K, capacity 460K, committed 512K, reserved 1048576K
2024-07-23T00:25:59.642+0800: 8.299: [GC (Allocation Failure) 2024-07-23T00:25:59.644+0800: 8.301: [ParNew
Desired survivor size 8945664 bytes, new threshold 6 (max 6)
: 0K->0K(157248K), 0.0006607 secs]2024-07-23T00:25:59.645+0800: 8.302: [CMS: 205856K->1056K(349568K), 0.0028527 secs] 205856K->1056K(506816K), [Metaspace: 3956K->3956K(1056768K)], 0.0059804 secs] [Times: user=0.00 sys=0.00, real=0.01 secs] 
Heap after GC invocations=186 (full 368):
 par new generation   total 157248K, used 0K [0x00000000e0000000, 0x00000000eaaa0000, 0x00000000eaaa0000)
  eden space 139776K,   0% used [0x00000000e0000000, 0x00000000e0000000, 0x00000000e8880000)
  from space 17472K,   0% used [0x00000000e8880000, 0x00000000e8880000, 0x00000000e9990000)
  to   space 17472K,   0% used [0x00000000e9990000, 0x00000000e9990000, 0x00000000eaaa0000)
 concurrent mark-sweep generation total 349568K, used 1056K [0x00000000eaaa0000, 0x0000000100000000, 0x0000000100000000)
 Metaspace       used 3956K, capacity 4568K, committed 4864K, reserved 1056768K
  class space    used 431K, capacity 460K, committed 512K, reserved 1048576K
}
2024-07-23T00:25:59.648+0800: 8.305: Total time for which application threads were stopped: 0.0061529 seconds, Stopping threads took: 0.0000284 seconds
2024-07-23T00:25:59.665+0800: 8.323: [GC (CMS Initial Mark) [1 CMS-initial-mark: 205856K(349568K)] 205856K(506816K), 0.0006737 secs] [Times: user=0.00 sys=0.00, real=0.00 secs] 
2024-07-23T00:25:59.666+0800: 8.323: Total time for which application threads were stopped: 0.0185700 seconds, Stopping threads took: 0.0178353 seconds
2024-07-23T00:25:59.666+0800: 8.324: [CMS-concurrent-mark-start]
2024-07-23T00:25:59.667+0800: 8.325: [CMS-concurrent-mark: 0.001/0.001 secs] [Times: user=0.00 sys=0.00, real=0.00 secs] 
2024-07-23T00:25:59.667+0800: 8.325: [CMS-concurrent-preclean-start]
2024-07-23T00:25:59.668+0800: 8.325: [CMS-concurrent-preclean: 0.000/0.000 secs] [Times: user=0.00 sys=0.00, real=0.00 secs] 
2024-07-23T00:25:59.668+0800: 8.325: [GC (CMS Final Remark) [YG occupancy: 0 K (157248 K)]2024-07-23T00:25:59.668+0800: 8.325: [Rescan (parallel) , 0.0004581 secs]2024-07-23T00:25:59.668+0800: 8.326: [weak refs processing, 0.0000062 secs]2024-07-23T00:25:59.668+0800: 8.326: [class unloading, 0.0002050 secs]2024-07-23T00:25:59.668+0800: 8.326: [scrub symbol table, 0.0003349 secs]2024-07-23T00:25:59.669+0800: 8.326: [scrub string table, 0.0000939 secs][1 CMS-remark: 205856K(349568K)] 205856K(506816K), 0.0011272 secs] [Times: user=0.00 sys=0.00, real=0.00 secs] 
2024-07-23T00:25:59.669+0800: 8.326: Total time for which application threads were stopped: 0.0011634 seconds, Stopping threads took: 0.0000144 seconds
2024-07-23T00:25:59.669+0800: 8.326: [CMS-concurrent-sweep-start]
2024-07-23T00:25:59.669+0800: 8.327: [CMS-concurrent-sweep: 0.000/0.000 secs] [Times: user=0.00 sys=0.00, real=0.00 secs] 
2024-07-23T00:25:59.669+0800: 8.327: [CMS-concurrent-reset-start]
2024-07-23T00:25:59.670+0800: 8.327: [CMS-concurrent-reset: 0.000/0.000 secs] [Times: user=0.00 sys=0.00, real=0.00 secs] 
{Heap before GC invocations=186 (full 369):
 par new generation   total 157248K, used 0K [0x00000000e0000000, 0x00000000eaaa0000, 0x00000000eaaa0000)
  eden space 139776K,   0% used [0x00000000e0000000, 0x00000000e0000000, 0x00000000e8880000)
  from space 17472K,   0% used [0x00000000e8880000, 0x00000000e8880000, 0x00000000e9990000)
  to   space 17472K,   0% used [0x00000000e9990000, 0x00000000e9990000, 0x00000000eaaa0000)
 concurrent mark-sweep generation total 349568K, used 205856K [0x00000000eaaa0000, 0x0000000100000000, 0x0000000100000000)
 Metaspace       used 3956K, capacity 4568K, committed 4864K, reserved 1056768K
  class space    used 431K, capacity 460K, committed 512K, reserved 1048576K
2024-07-23T00:25:59.688+0800: 8.346: [GC (Allocation Failure) 2024-07-23T00:25:59.688+0800: 8.346: [ParNew
Desired survivor size 8945664 bytes, new threshold 6 (max 6)
: 0K->0K(157248K), 0.0020035 secs]2024-07-23T00:25:59.690+0800: 8.348: [CMS: 205856K->1056K(349568K), 0.0029514 secs] 205856K->1056K(506816K), [Metaspace: 3956K->3956K(1056768K)], 0.0050980 secs] [Times: user=0.00 sys=0.00, real=0.01 secs] 
Heap after GC invocations=187 (full 370):
 par new generation   total 157248K, used 0K [0x00000000e0000000, 0x00000000eaaa0000, 0x00000000eaaa0000)
  eden space 139776K,   0% used [0x00000000e0000000, 0x00000000e0000000, 0x00000000e8880000)
  from space 17472K,   0% used [0x00000000e9990000, 0x00000000e9990000, 0x00000000eaaa0000)
  to   space 17472K,   0% used [0x00000000e8880000, 0x00000000e8880000, 0x00000000e9990000)
 concurrent mark-sweep generation total 349568K, used 1056K [0x00000000eaaa0000, 0x0000000100000000, 0x0000000100000000)
 Metaspace       used 3956K, capacity 4568K, committed 4864K, reserved 1056768K
  class space    used 431K, capacity 460K, committed 512K, reserved 1048576K
}
2024-07-23T00:25:59.694+0800: 8.351: Total time for which application threads were stopped: 0.0052528 seconds, Stopping threads took: 0.0000239 seconds
2024-07-23T00:25:59.712+0800: 8.369: [GC (CMS Initial Mark) [1 CMS-initial-mark: 205856K(349568K)] 205856K(506816K), 0.0004537 secs] [Times: user=0.00 sys=0.00, real=0.00 secs] 
2024-07-23T00:25:59.712+0800: 8.369: Total time for which application threads were stopped: 0.0182920 seconds, Stopping threads took: 0.0177678 seconds
2024-07-23T00:25:59.712+0800: 8.369: [CMS-concurrent-mark-start]
2024-07-23T00:25:59.713+0800: 8.371: [CMS-concurrent-mark: 0.001/0.001 secs] [Times: user=0.00 sys=0.00, real=0.00 secs] 
2024-07-23T00:25:59.713+0800: 8.371: [CMS-concurrent-preclean-start]
2024-07-23T00:25:59.713+0800: 8.371: [CMS-concurrent-preclean: 0.000/0.000 secs] [Times: user=0.00 sys=0.00, real=0.00 secs] 
2024-07-23T00:25:59.713+0800: 8.371: [GC (CMS Final Remark) [YG occupancy: 0 K (157248 K)]2024-07-23T00:25:59.713+0800: 8.371: [Rescan (parallel) , 0.0004544 secs]2024-07-23T00:25:59.713+0800: 8.371: [weak refs processing, 0.0000074 secs]2024-07-23T00:25:59.713+0800: 8.371: [class unloading, 0.0002257 secs]2024-07-23T00:25:59.715+0800: 8.372: [scrub symbol table, 0.0003561 secs]2024-07-23T00:25:59.715+0800: 8.372: [scrub string table, 0.0001017 secs][1 CMS-remark: 205856K(349568K)] 205856K(506816K), 0.0011832 secs] [Times: user=0.00 sys=0.00, real=0.00 secs] 
2024-07-23T00:25:59.715+0800: 8.372: Total time for which application threads were stopped: 0.0012249 seconds, Stopping threads took: 0.0000176 seconds
2024-07-23T00:25:59.715+0800: 8.372: [CMS-concurrent-sweep-start]
2024-07-23T00:25:59.715+0800: 8.373: [CMS-concurrent-sweep: 0.000/0.000 secs] [Times: user=0.00 sys=0.00, real=0.00 secs] 
2024-07-23T00:25:59.715+0800: 8.373: [CMS-concurrent-reset-start]
2024-07-23T00:25:59.716+0800: 8.373: [CMS-concurrent-reset: 0.001/0.001 secs] [Times: user=0.00 sys=0.00, real=0.00 secs] 
{Heap before GC invocations=187 (full 371):
 par new generation   total 157248K, used 0K [0x00000000e0000000, 0x00000000eaaa0000, 0x00000000eaaa0000)
  eden space 139776K,   0% used [0x00000000e0000000, 0x00000000e0000000, 0x00000000e8880000)
  from space 17472K,   0% used [0x00000000e9990000, 0x00000000e9990000, 0x00000000eaaa0000)
  to   space 17472K,   0% used [0x00000000e8880000, 0x00000000e8880000, 0x00000000e9990000)
 concurrent mark-sweep generation total 349568K, used 205856K [0x00000000eaaa0000, 0x0000000100000000, 0x0000000100000000)
 Metaspace       used 3956K, capacity 4568K, committed 4864K, reserved 1056768K
  class space    used 431K, capacity 460K, committed 512K, reserved 1048576K
2024-07-23T00:25:59.735+0800: 8.392: [GC (Allocation Failure) 2024-07-23T00:25:59.735+0800: 8.392: [ParNew
Desired survivor size 8945664 bytes, new threshold 6 (max 6)
: 0K->0K(157248K), 0.0029910 secs]2024-07-23T00:25:59.738+0800: 8.395: [CMS: 205856K->1056K(349568K), 0.0040172 secs] 205856K->1056K(506816K), [Metaspace: 3956K->3956K(1056768K)], 0.0071852 secs] [Times: user=0.00 sys=0.00, real=0.01 secs] 
Heap after GC invocations=188 (full 372):
 par new generation   total 157248K, used 0K [0x00000000e0000000, 0x00000000eaaa0000, 0x00000000eaaa0000)
  eden space 139776K,   0% used [0x00000000e0000000, 0x00000000e0000000, 0x00000000e8880000)
  from space 17472K,   0% used [0x00000000e8880000, 0x00000000e8880000, 0x00000000e9990000)
  to   space 17472K,   0% used [0x00000000e9990000, 0x00000000e9990000, 0x00000000eaaa0000)
 concurrent mark-sweep generation total 349568K, used 1056K [0x00000000eaaa0000, 0x0000000100000000, 0x0000000100000000)
 Metaspace       used 3956K, capacity 4568K, committed 4864K, reserved 1056768K
  class space    used 431K, capacity 460K, committed 512K, reserved 1048576K
}
2024-07-23T00:25:59.742+0800: 8.399: Total time for which application threads were stopped: 0.0073928 seconds, Stopping threads took: 0.0000293 seconds
2024-07-23T00:25:59.760+0800: 8.417: [GC (CMS Initial Mark) [1 CMS-initial-mark: 205856K(349568K)] 205856K(506816K), 0.0009076 secs] [Times: user=0.00 sys=0.00, real=0.00 secs] 
2024-07-23T00:25:59.761+0800: 8.418: Total time for which application threads were stopped: 0.0183386 seconds, Stopping threads took: 0.0173594 seconds
2024-07-23T00:25:59.761+0800: 8.418: [CMS-concurrent-mark-start]
2024-07-23T00:25:59.762+0800: 8.419: [CMS-concurrent-mark: 0.001/0.001 secs] [Times: user=0.00 sys=0.00, real=0.00 secs] 
2024-07-23T00:25:59.762+0800: 8.419: [CMS-concurrent-preclean-start]
2024-07-23T00:25:59.762+0800: 8.420: [CMS-concurrent-preclean: 0.000/0.000 secs] [Times: user=0.00 sys=0.00, real=0.00 secs] 
2024-07-23T00:25:59.763+0800: 8.420: [GC (CMS Final Remark) [YG occupancy: 0 K (157248 K)]2024-07-23T00:25:59.763+0800: 8.420: [Rescan (parallel) , 0.0006013 secs]2024-07-23T00:25:59.763+0800: 8.420: [weak refs processing, 0.0000070 secs]2024-07-23T00:25:59.763+0800: 8.420: [class unloading, 0.0002022 secs]2024-07-23T00:25:59.763+0800: 8.420: [scrub symbol table, 0.0003231 secs]2024-07-23T00:25:59.764+0800: 8.421: [scrub string table, 0.0000986 secs][1 CMS-remark: 205856K(349568K)] 205856K(506816K), 0.0012630 secs] [Times: user=0.00 sys=0.00, real=0.00 secs] 
2024-07-23T00:25:59.764+0800: 8.421: Total time for which application threads were stopped: 0.0012944 seconds, Stopping threads took: 0.0000118 seconds
2024-07-23T00:25:59.764+0800: 8.421: [CMS-concurrent-sweep-start]
2024-07-23T00:25:59.764+0800: 8.421: [CMS-concurrent-sweep: 0.000/0.000 secs] [Times: user=0.00 sys=0.00, real=0.00 secs] 
2024-07-23T00:25:59.764+0800: 8.421: [CMS-concurrent-reset-start]
2024-07-23T00:25:59.764+0800: 8.422: [CMS-concurrent-reset: 0.000/0.000 secs] [Times: user=0.00 sys=0.00, real=0.00 secs] 
{Heap before GC invocations=188 (full 373):
 par new generation   total 157248K, used 0K [0x00000000e0000000, 0x00000000eaaa0000, 0x00000000eaaa0000)
  eden space 139776K,   0% used [0x00000000e0000000, 0x00000000e0000000, 0x00000000e8880000)
  from space 17472K,   0% used [0x00000000e8880000, 0x00000000e8880000, 0x00000000e9990000)
  to   space 17472K,   0% used [0x00000000e9990000, 0x00000000e9990000, 0x00000000eaaa0000)
 concurrent mark-sweep generation total 349568K, used 205856K [0x00000000eaaa0000, 0x0000000100000000, 0x0000000100000000)
 Metaspace       used 3956K, capacity 4568K, committed 4864K, reserved 1056768K
  class space    used 431K, capacity 460K, committed 512K, reserved 1048576K
2024-07-23T00:25:59.782+0800: 8.439: [GC (Allocation Failure) 2024-07-23T00:25:59.782+0800: 8.439: [ParNew
Desired survivor size 8945664 bytes, new threshold 6 (max 6)
: 0K->0K(157248K), 0.0023635 secs]2024-07-23T00:25:59.785+0800: 8.442: [CMS: 205856K->1056K(349568K), 0.0031268 secs] 205856K->1056K(506816K), [Metaspace: 3956K->3956K(1056768K)], 0.0056160 secs] [Times: user=0.00 sys=0.00, real=0.01 secs] 
Heap after GC invocations=189 (full 374):
 par new generation   total 157248K, used 0K [0x00000000e0000000, 0x00000000eaaa0000, 0x00000000eaaa0000)
  eden space 139776K,   0% used [0x00000000e0000000, 0x00000000e0000000, 0x00000000e8880000)
  from space 17472K,   0% used [0x00000000e9990000, 0x00000000e9990000, 0x00000000eaaa0000)
  to   space 17472K,   0% used [0x00000000e8880000, 0x00000000e8880000, 0x00000000e9990000)
 concurrent mark-sweep generation total 349568K, used 1056K [0x00000000eaaa0000, 0x0000000100000000, 0x0000000100000000)
 Metaspace       used 3956K, capacity 4568K, committed 4864K, reserved 1056768K
  class space    used 431K, capacity 460K, committed 512K, reserved 1048576K
}
2024-07-23T00:25:59.788+0800: 8.445: Total time for which application threads were stopped: 0.0058083 seconds, Stopping threads took: 0.0000266 seconds
2024-07-23T00:25:59.805+0800: 8.462: [GC (CMS Initial Mark) [1 CMS-initial-mark: 205856K(349568K)] 205856K(506816K), 0.0017215 secs] [Times: user=0.00 sys=0.00, real=0.00 secs] 
2024-07-23T00:25:59.806+0800: 8.463: Total time for which application threads were stopped: 0.0183602 seconds, Stopping threads took: 0.0165811 seconds
2024-07-23T00:25:59.807+0800: 8.464: [CMS-concurrent-mark-start]
2024-07-23T00:25:59.808+0800: 8.465: [CMS-concurrent-mark: 0.002/0.002 secs] [Times: user=0.00 sys=0.00, real=0.00 secs] 
2024-07-23T00:25:59.808+0800: 8.465: [CMS-concurrent-preclean-start]
2024-07-23T00:25:59.808+0800: 8.465: [CMS-concurrent-preclean: 0.000/0.000 secs] [Times: user=0.00 sys=0.00, real=0.00 secs] 
2024-07-23T00:25:59.808+0800: 8.465: [GC (CMS Final Remark) [YG occupancy: 0 K (157248 K)]2024-07-23T00:25:59.808+0800: 8.465: [Rescan (parallel) , 0.0008155 secs]2024-07-23T00:25:59.810+0800: 8.466: [weak refs processing, 0.0000077 secs]2024-07-23T00:25:59.810+0800: 8.466: [class unloading, 0.0001951 secs]2024-07-23T00:25:59.810+0800: 8.466: [scrub symbol table, 0.0003311 secs]2024-07-23T00:25:59.810+0800: 8.467: [scrub string table, 0.0000949 secs][1 CMS-remark: 205856K(349568K)] 205856K(506816K), 0.0014821 secs] [Times: user=0.00 sys=0.00, real=0.00 secs] 
2024-07-23T00:25:59.810+0800: 8.467: Total time for which application threads were stopped: 0.0015157 seconds, Stopping threads took: 0.0000121 seconds
2024-07-23T00:25:59.810+0800: 8.467: [CMS-concurrent-sweep-start]
2024-07-23T00:25:59.810+0800: 8.467: [CMS-concurrent-sweep: 0.000/0.000 secs] [Times: user=0.00 sys=0.00, real=0.00 secs] 
2024-07-23T00:25:59.810+0800: 8.467: [CMS-concurrent-reset-start]
2024-07-23T00:25:59.811+0800: 8.468: [CMS-concurrent-reset: 0.000/0.000 secs] [Times: user=0.00 sys=0.00, real=0.00 secs] 
{Heap before GC invocations=189 (full 375):
 par new generation   total 157248K, used 0K [0x00000000e0000000, 0x00000000eaaa0000, 0x00000000eaaa0000)
  eden space 139776K,   0% used [0x00000000e0000000, 0x00000000e0000000, 0x00000000e8880000)
  from space 17472K,   0% used [0x00000000e9990000, 0x00000000e9990000, 0x00000000eaaa0000)
  to   space 17472K,   0% used [0x00000000e8880000, 0x00000000e8880000, 0x00000000e9990000)
 concurrent mark-sweep generation total 349568K, used 205856K [0x00000000eaaa0000, 0x0000000100000000, 0x0000000100000000)
 Metaspace       used 3956K, capacity 4568K, committed 4864K, reserved 1056768K
  class space    used 431K, capacity 460K, committed 512K, reserved 1048576K
2024-07-23T00:25:59.829+0800: 8.486: [GC (Allocation Failure) 2024-07-23T00:25:59.829+0800: 8.486: [ParNew
Desired survivor size 8945664 bytes, new threshold 6 (max 6)
: 0K->0K(157248K), 0.0018450 secs]2024-07-23T00:25:59.830+0800: 8.488: [CMS: 205856K->1056K(349568K), 0.0034420 secs] 205856K->1056K(506816K), [Metaspace: 3956K->3956K(1056768K)], 0.0054416 secs] [Times: user=0.00 sys=0.00, real=0.01 secs] 
Heap after GC invocations=190 (full 376):
 par new generation   total 157248K, used 0K [0x00000000e0000000, 0x00000000eaaa0000, 0x00000000eaaa0000)
  eden space 139776K,   0% used [0x00000000e0000000, 0x00000000e0000000, 0x00000000e8880000)
  from space 17472K,   0% used [0x00000000e8880000, 0x00000000e8880000, 0x00000000e9990000)
  to   space 17472K,   0% used [0x00000000e9990000, 0x00000000e9990000, 0x00000000eaaa0000)
 concurrent mark-sweep generation total 349568K, used 1056K [0x00000000eaaa0000, 0x0000000100000000, 0x0000000100000000)
 Metaspace       used 3956K, capacity 4568K, committed 4864K, reserved 1056768K
  class space    used 431K, capacity 460K, committed 512K, reserved 1048576K
}
2024-07-23T00:25:59.835+0800: 8.492: Total time for which application threads were stopped: 0.0056853 seconds, Stopping threads took: 0.0000341 seconds
2024-07-23T00:25:59.852+0800: 8.510: [GC (CMS Initial Mark) [1 CMS-initial-mark: 205856K(349568K)] 205856K(506816K), 0.0008457 secs] [Times: user=0.00 sys=0.00, real=0.00 secs] 
2024-07-23T00:25:59.854+0800: 8.511: Total time for which application threads were stopped: 0.0188295 seconds, Stopping threads took: 0.0179197 seconds
2024-07-23T00:25:59.854+0800: 8.511: [CMS-concurrent-mark-start]
2024-07-23T00:25:59.855+0800: 8.512: [CMS-concurrent-mark: 0.001/0.001 secs] [Times: user=0.00 sys=0.00, real=0.00 secs] 
2024-07-23T00:25:59.855+0800: 8.512: [CMS-concurrent-preclean-start]
2024-07-23T00:25:59.855+0800: 8.512: [CMS-concurrent-preclean: 0.000/0.000 secs] [Times: user=0.00 sys=0.00, real=0.00 secs] 
2024-07-23T00:25:59.855+0800: 8.512: [GC (CMS Final Remark) [YG occupancy: 0 K (157248 K)]2024-07-23T00:25:59.855+0800: 8.512: [Rescan (parallel) , 0.0004663 secs]2024-07-23T00:25:59.856+0800: 8.513: [weak refs processing, 0.0000091 secs]2024-07-23T00:25:59.856+0800: 8.513: [class unloading, 0.0001978 secs]2024-07-23T00:25:59.856+0800: 8.513: [scrub symbol table, 0.0003228 secs]2024-07-23T00:25:59.856+0800: 8.513: [scrub string table, 0.0000959 secs][1 CMS-remark: 205856K(349568K)] 205856K(506816K), 0.0011377 secs] [Times: user=0.01 sys=0.00, real=0.00 secs] 
2024-07-23T00:25:59.856+0800: 8.514: Total time for which application threads were stopped: 0.0011764 seconds, Stopping threads took: 0.0000148 seconds
2024-07-23T00:25:59.856+0800: 8.514: [CMS-concurrent-sweep-start]
2024-07-23T00:25:59.857+0800: 8.514: [CMS-concurrent-sweep: 0.000/0.000 secs] [Times: user=0.00 sys=0.00, real=0.00 secs] 
2024-07-23T00:25:59.857+0800: 8.514: [CMS-concurrent-reset-start]
2024-07-23T00:25:59.857+0800: 8.514: [CMS-concurrent-reset: 0.000/0.000 secs] [Times: user=0.00 sys=0.00, real=0.00 secs] 
{Heap before GC invocations=190 (full 377):
 par new generation   total 157248K, used 0K [0x00000000e0000000, 0x00000000eaaa0000, 0x00000000eaaa0000)
  eden space 139776K,   0% used [0x00000000e0000000, 0x00000000e0000000, 0x00000000e8880000)
  from space 17472K,   0% used [0x00000000e8880000, 0x00000000e8880000, 0x00000000e9990000)
  to   space 17472K,   0% used [0x00000000e9990000, 0x00000000e9990000, 0x00000000eaaa0000)
 concurrent mark-sweep generation total 349568K, used 205856K [0x00000000eaaa0000, 0x0000000100000000, 0x0000000100000000)
 Metaspace       used 3956K, capacity 4568K, committed 4864K, reserved 1056768K
  class space    used 431K, capacity 460K, committed 512K, reserved 1048576K
2024-07-23T00:25:59.876+0800: 8.533: [GC (Allocation Failure) 2024-07-23T00:25:59.876+0800: 8.534: [ParNew
Desired survivor size 8945664 bytes, new threshold 6 (max 6)
: 0K->0K(157248K), 0.0026295 secs]2024-07-23T00:25:59.879+0800: 8.536: [CMS: 205856K->1056K(349568K), 0.0043963 secs] 205856K->1056K(506816K), [Metaspace: 3956K->3956K(1056768K)], 0.0072125 secs] [Times: user=0.00 sys=0.00, real=0.01 secs] 
Heap after GC invocations=191 (full 378):
 par new generation   total 157248K, used 0K [0x00000000e0000000, 0x00000000eaaa0000, 0x00000000eaaa0000)
  eden space 139776K,   0% used [0x00000000e0000000, 0x00000000e0000000, 0x00000000e8880000)
  from space 17472K,   0% used [0x00000000e9990000, 0x00000000e9990000, 0x00000000eaaa0000)
  to   space 17472K,   0% used [0x00000000e8880000, 0x00000000e8880000, 0x00000000e9990000)
 concurrent mark-sweep generation total 349568K, used 1056K [0x00000000eaaa0000, 0x0000000100000000, 0x0000000100000000)
 Metaspace       used 3956K, capacity 4568K, committed 4864K, reserved 1056768K
  class space    used 431K, capacity 460K, committed 512K, reserved 1048576K
}
2024-07-23T00:25:59.884+0800: 8.541: Total time for which application threads were stopped: 0.0075095 seconds, Stopping threads took: 0.0000382 seconds
2024-07-23T00:25:59.904+0800: 8.561: [GC (CMS Initial Mark) [1 CMS-initial-mark: 205856K(349568K)] 205856K(506816K), 0.0022998 secs] [Times: user=0.00 sys=0.00, real=0.00 secs] 
2024-07-23T00:25:59.906+0800: 8.563: Total time for which application threads were stopped: 0.0219590 seconds, Stopping threads took: 0.0195830 seconds
2024-07-23T00:25:59.906+0800: 8.563: [CMS-concurrent-mark-start]
2024-07-23T00:25:59.908+0800: 8.565: [CMS-concurrent-mark: 0.002/0.002 secs] [Times: user=0.00 sys=0.00, real=0.00 secs] 
2024-07-23T00:25:59.908+0800: 8.565: [CMS-concurrent-preclean-start]
2024-07-23T00:25:59.908+0800: 8.565: [CMS-concurrent-preclean: 0.000/0.000 secs] [Times: user=0.00 sys=0.00, real=0.00 secs] 
2024-07-23T00:25:59.908+0800: 8.565: [GC (CMS Final Remark) [YG occupancy: 0 K (157248 K)]2024-07-23T00:25:59.908+0800: 8.565: [Rescan (parallel) , 0.0007753 secs]2024-07-23T00:25:59.909+0800: 8.566: [weak refs processing, 0.0000103 secs]2024-07-23T00:25:59.909+0800: 8.566: [class unloading, 0.0002187 secs]2024-07-23T00:25:59.909+0800: 8.566: [scrub symbol table, 0.0003698 secs]2024-07-23T00:25:59.910+0800: 8.567: [scrub string table, 0.0001010 secs][1 CMS-remark: 205856K(349568K)] 205856K(506816K), 0.0015651 secs] [Times: user=0.00 sys=0.00, real=0.00 secs] 
2024-07-23T00:25:59.910+0800: 8.567: Total time for which application threads were stopped: 0.0016359 seconds, Stopping threads took: 0.0000394 seconds
2024-07-23T00:25:59.910+0800: 8.567: [CMS-concurrent-sweep-start]
2024-07-23T00:25:59.910+0800: 8.567: [CMS-concurrent-sweep: 0.000/0.000 secs] [Times: user=0.00 sys=0.00, real=0.00 secs] 
2024-07-23T00:25:59.910+0800: 8.567: [CMS-concurrent-reset-start]
2024-07-23T00:25:59.911+0800: 8.568: [CMS-concurrent-reset: 0.000/0.000 secs] [Times: user=0.00 sys=0.00, real=0.00 secs] 
{Heap before GC invocations=191 (full 379):
 par new generation   total 157248K, used 0K [0x00000000e0000000, 0x00000000eaaa0000, 0x00000000eaaa0000)
  eden space 139776K,   0% used [0x00000000e0000000, 0x00000000e0000000, 0x00000000e8880000)
  from space 17472K,   0% used [0x00000000e9990000, 0x00000000e9990000, 0x00000000eaaa0000)
  to   space 17472K,   0% used [0x00000000e8880000, 0x00000000e8880000, 0x00000000e9990000)
 concurrent mark-sweep generation total 349568K, used 205856K [0x00000000eaaa0000, 0x0000000100000000, 0x0000000100000000)
 Metaspace       used 3956K, capacity 4568K, committed 4864K, reserved 1056768K
  class space    used 431K, capacity 460K, committed 512K, reserved 1048576K
2024-07-23T00:25:59.924+0800: 8.581: [GC (Allocation Failure) 2024-07-23T00:25:59.924+0800: 8.581: [ParNew
Desired survivor size 8945664 bytes, new threshold 6 (max 6)
: 0K->0K(157248K), 0.0005248 secs]2024-07-23T00:25:59.925+0800: 8.582: [CMS: 205856K->1056K(349568K), 0.0039117 secs] 205856K->1056K(506816K), [Metaspace: 3956K->3956K(1056768K)], 0.0046898 secs] [Times: user=0.00 sys=0.00, real=0.00 secs] 
Heap after GC invocations=192 (full 380):
 par new generation   total 157248K, used 0K [0x00000000e0000000, 0x00000000eaaa0000, 0x00000000eaaa0000)
  eden space 139776K,   0% used [0x00000000e0000000, 0x00000000e0000000, 0x00000000e8880000)
  from space 17472K,   0% used [0x00000000e8880000, 0x00000000e8880000, 0x00000000e9990000)
  to   space 17472K,   0% used [0x00000000e9990000, 0x00000000e9990000, 0x00000000eaaa0000)
 concurrent mark-sweep generation total 349568K, used 1056K [0x00000000eaaa0000, 0x0000000100000000, 0x0000000100000000)
 Metaspace       used 3956K, capacity 4568K, committed 4864K, reserved 1056768K
  class space    used 431K, capacity 460K, committed 512K, reserved 1048576K
}
2024-07-23T00:25:59.929+0800: 8.586: Total time for which application threads were stopped: 0.0048692 seconds, Stopping threads took: 0.0000283 seconds
2024-07-23T00:25:59.947+0800: 8.604: [GC (CMS Initial Mark) [1 CMS-initial-mark: 205856K(349568K)] 205856K(506816K), 0.0002275 secs] [Times: user=0.00 sys=0.00, real=0.00 secs] 
2024-07-23T00:25:59.947+0800: 8.605: Total time for which application threads were stopped: 0.0188045 seconds, Stopping threads took: 0.0185199 seconds
2024-07-23T00:25:59.947+0800: 8.605: [CMS-concurrent-mark-start]
2024-07-23T00:25:59.949+0800: 8.606: [CMS-concurrent-mark: 0.001/0.001 secs] [Times: user=0.00 sys=0.00, real=0.00 secs] 
2024-07-23T00:25:59.949+0800: 8.606: [CMS-concurrent-preclean-start]
2024-07-23T00:25:59.949+0800: 8.606: [CMS-concurrent-preclean: 0.000/0.000 secs] [Times: user=0.00 sys=0.00, real=0.00 secs] 
2024-07-23T00:25:59.949+0800: 8.606: [GC (CMS Final Remark) [YG occupancy: 0 K (157248 K)]2024-07-23T00:25:59.949+0800: 8.606: [Rescan (parallel) , 0.0001734 secs]2024-07-23T00:25:59.949+0800: 8.606: [weak refs processing, 0.0000125 secs]2024-07-23T00:25:59.949+0800: 8.606: [class unloading, 0.0002572 secs]2024-07-23T00:25:59.949+0800: 8.607: [scrub symbol table, 0.0003643 secs]2024-07-23T00:25:59.950+0800: 8.607: [scrub string table, 0.0001132 secs][1 CMS-remark: 205856K(349568K)] 205856K(506816K), 0.0009831 secs] [Times: user=0.00 sys=0.00, real=0.00 secs] 
2024-07-23T00:25:59.950+0800: 8.607: Total time for which application threads were stopped: 0.0010278 seconds, Stopping threads took: 0.0000154 seconds
2024-07-23T00:25:59.950+0800: 8.607: [CMS-concurrent-sweep-start]
2024-07-23T00:25:59.950+0800: 8.608: [CMS-concurrent-sweep: 0.000/0.000 secs] [Times: user=0.00 sys=0.00, real=0.00 secs] 
2024-07-23T00:25:59.950+0800: 8.608: [CMS-concurrent-reset-start]
2024-07-23T00:25:59.950+0800: 8.608: [CMS-concurrent-reset: 0.000/0.000 secs] [Times: user=0.00 sys=0.00, real=0.00 secs] 
{Heap before GC invocations=192 (full 381):
 par new generation   total 157248K, used 0K [0x00000000e0000000, 0x00000000eaaa0000, 0x00000000eaaa0000)
  eden space 139776K,   0% used [0x00000000e0000000, 0x00000000e0000000, 0x00000000e8880000)
  from space 17472K,   0% used [0x00000000e8880000, 0x00000000e8880000, 0x00000000e9990000)
  to   space 17472K,   0% used [0x00000000e9990000, 0x00000000e9990000, 0x00000000eaaa0000)
 concurrent mark-sweep generation total 349568K, used 205856K [0x00000000eaaa0000, 0x0000000100000000, 0x0000000100000000)
 Metaspace       used 3956K, capacity 4568K, committed 4864K, reserved 1056768K
  class space    used 431K, capacity 460K, committed 512K, reserved 1048576K
2024-07-23T00:25:59.971+0800: 8.628: [GC (Allocation Failure) 2024-07-23T00:25:59.971+0800: 8.628: [ParNew
Desired survivor size 8945664 bytes, new threshold 6 (max 6)
: 0K->0K(157248K), 0.0004768 secs]2024-07-23T00:25:59.971+0800: 8.629: [CMS: 205856K->1056K(349568K), 0.0022934 secs] 205856K->1056K(506816K), [Metaspace: 3956K->3956K(1056768K)], 0.0028782 secs] [Times: user=0.00 sys=0.00, real=0.00 secs] 
Heap after GC invocations=193 (full 382):
 par new generation   total 157248K, used 0K [0x00000000e0000000, 0x00000000eaaa0000, 0x00000000eaaa0000)
  eden space 139776K,   0% used [0x00000000e0000000, 0x00000000e0000000, 0x00000000e8880000)
  from space 17472K,   0% used [0x00000000e9990000, 0x00000000e9990000, 0x00000000eaaa0000)
  to   space 17472K,   0% used [0x00000000e8880000, 0x00000000e8880000, 0x00000000e9990000)
 concurrent mark-sweep generation total 349568K, used 1056K [0x00000000eaaa0000, 0x0000000100000000, 0x0000000100000000)
 Metaspace       used 3956K, capacity 4568K, committed 4864K, reserved 1056768K
  class space    used 431K, capacity 460K, committed 512K, reserved 1048576K
}
2024-07-23T00:25:59.974+0800: 8.631: Total time for which application threads were stopped: 0.0029924 seconds, Stopping threads took: 0.0000205 seconds
2024-07-23T00:25:59.991+0800: 8.648: [GC (CMS Initial Mark) [1 CMS-initial-mark: 205856K(349568K)] 205856K(506816K), 0.0005568 secs] [Times: user=0.00 sys=0.00, real=0.00 secs] 
2024-07-23T00:25:59.992+0800: 8.649: Total time for which application threads were stopped: 0.0178725 seconds, Stopping threads took: 0.0172449 seconds
2024-07-23T00:25:59.992+0800: 8.649: [CMS-concurrent-mark-start]
2024-07-23T00:25:59.993+0800: 8.651: [CMS-concurrent-mark: 0.001/0.001 secs] [Times: user=0.00 sys=0.00, real=0.00 secs] 
2024-07-23T00:25:59.993+0800: 8.651: [CMS-concurrent-preclean-start]
2024-07-23T00:25:59.994+0800: 8.651: [CMS-concurrent-preclean: 0.000/0.000 secs] [Times: user=0.00 sys=0.00, real=0.00 secs] 
2024-07-23T00:25:59.994+0800: 8.651: [GC (CMS Final Remark) [YG occupancy: 0 K (157248 K)]2024-07-23T00:25:59.994+0800: 8.651: [Rescan (parallel) , 0.0004057 secs]2024-07-23T00:25:59.994+0800: 8.651: [weak refs processing, 0.0000094 secs]2024-07-23T00:25:59.994+0800: 8.651: [class unloading, 0.0002521 secs]2024-07-23T00:25:59.994+0800: 8.652: [scrub symbol table, 0.0003754 secs]2024-07-23T00:25:59.995+0800: 8.652: [scrub string table, 0.0000995 secs][1 CMS-remark: 205856K(349568K)] 205856K(506816K), 0.0011957 secs] [Times: user=0.00 sys=0.00, real=0.00 secs] 
2024-07-23T00:25:59.995+0800: 8.652: Total time for which application threads were stopped: 0.0012477 seconds, Stopping threads took: 0.0000224 seconds
2024-07-23T00:25:59.995+0800: 8.652: [CMS-concurrent-sweep-start]
2024-07-23T00:25:59.995+0800: 8.652: [CMS-concurrent-sweep: 0.000/0.000 secs] [Times: user=0.00 sys=0.00, real=0.00 secs] 
2024-07-23T00:25:59.995+0800: 8.652: [CMS-concurrent-reset-start]
2024-07-23T00:25:59.996+0800: 8.653: [CMS-concurrent-reset: 0.001/0.001 secs] [Times: user=0.00 sys=0.00, real=0.00 secs] 
{Heap before GC invocations=193 (full 383):
 par new generation   total 157248K, used 0K [0x00000000e0000000, 0x00000000eaaa0000, 0x00000000eaaa0000)
  eden space 139776K,   0% used [0x00000000e0000000, 0x00000000e0000000, 0x00000000e8880000)
  from space 17472K,   0% used [0x00000000e9990000, 0x00000000e9990000, 0x00000000eaaa0000)
  to   space 17472K,   0% used [0x00000000e8880000, 0x00000000e8880000, 0x00000000e9990000)
 concurrent mark-sweep generation total 349568K, used 205856K [0x00000000eaaa0000, 0x0000000100000000, 0x0000000100000000)
 Metaspace       used 3956K, capacity 4568K, committed 4864K, reserved 1056768K
  class space    used 431K, capacity 460K, committed 512K, reserved 1048576K
2024-07-23T00:26:00.017+0800: 8.674: [GC (Allocation Failure) 2024-07-23T00:26:00.017+0800: 8.674: [ParNew
Desired survivor size 8945664 bytes, new threshold 6 (max 6)
: 0K->0K(157248K), 0.0006716 secs]2024-07-23T00:26:00.018+0800: 8.675: [CMS: 205856K->1056K(349568K), 0.0029872 secs] 205856K->1056K(506816K), [Metaspace: 3956K->3956K(1056768K)], 0.0038970 secs] [Times: user=0.02 sys=0.00, real=0.00 secs] 
Heap after GC invocations=194 (full 384):
 par new generation   total 157248K, used 0K [0x00000000e0000000, 0x00000000eaaa0000, 0x00000000eaaa0000)
  eden space 139776K,   0% used [0x00000000e0000000, 0x00000000e0000000, 0x00000000e8880000)
  from space 17472K,   0% used [0x00000000e8880000, 0x00000000e8880000, 0x00000000e9990000)
  to   space 17472K,   0% used [0x00000000e9990000, 0x00000000e9990000, 0x00000000eaaa0000)
 concurrent mark-sweep generation total 349568K, used 1056K [0x00000000eaaa0000, 0x0000000100000000, 0x0000000100000000)
 Metaspace       used 3956K, capacity 4568K, committed 4864K, reserved 1056768K
  class space    used 431K, capacity 460K, committed 512K, reserved 1048576K
}
2024-07-23T00:26:00.021+0800: 8.678: Total time for which application threads were stopped: 0.0040855 seconds, Stopping threads took: 0.0000266 seconds
2024-07-23T00:26:00.042+0800: 8.699: [GC (CMS Initial Mark) [1 CMS-initial-mark: 205856K(349568K)] 205856K(506816K), 0.0003413 secs] [Times: user=0.00 sys=0.00, real=0.00 secs] 
2024-07-23T00:26:00.043+0800: 8.700: Total time for which application threads were stopped: 0.0212064 seconds, Stopping threads took: 0.0207906 seconds
2024-07-23T00:26:00.043+0800: 8.700: [CMS-concurrent-mark-start]
2024-07-23T00:26:00.044+0800: 8.701: [CMS-concurrent-mark: 0.001/0.001 secs] [Times: user=0.02 sys=0.00, real=0.00 secs] 
2024-07-23T00:26:00.044+0800: 8.701: [CMS-concurrent-preclean-start]
2024-07-23T00:26:00.044+0800: 8.701: [CMS-concurrent-preclean: 0.000/0.000 secs] [Times: user=0.00 sys=0.00, real=0.00 secs] 
2024-07-23T00:26:00.044+0800: 8.701: [GC (CMS Final Remark) [YG occupancy: 0 K (157248 K)]2024-07-23T00:26:00.044+0800: 8.701: [Rescan (parallel) , 0.0002433 secs]2024-07-23T00:26:00.045+0800: 8.701: [weak refs processing, 0.0000070 secs]2024-07-23T00:26:00.045+0800: 8.701: [class unloading, 0.0001920 secs]2024-07-23T00:26:00.045+0800: 8.701: [scrub symbol table, 0.0003068 secs]2024-07-23T00:26:00.045+0800: 8.702: [scrub string table, 0.0000858 secs][1 CMS-remark: 205856K(349568K)] 205856K(506816K), 0.0008691 secs] [Times: user=0.00 sys=0.00, real=0.00 secs] 
2024-07-23T00:26:00.045+0800: 8.702: Total time for which application threads were stopped: 0.0009074 seconds, Stopping threads took: 0.0000151 seconds
2024-07-23T00:26:00.045+0800: 8.702: [CMS-concurrent-sweep-start]
2024-07-23T00:26:00.045+0800: 8.702: [CMS-concurrent-sweep: 0.000/0.000 secs] [Times: user=0.00 sys=0.00, real=0.00 secs] 
2024-07-23T00:26:00.046+0800: 8.702: [CMS-concurrent-reset-start]
2024-07-23T00:26:00.046+0800: 8.703: [CMS-concurrent-reset: 0.000/0.000 secs] [Times: user=0.00 sys=0.00, real=0.00 secs] 
{Heap before GC invocations=194 (full 385):
 par new generation   total 157248K, used 0K [0x00000000e0000000, 0x00000000eaaa0000, 0x00000000eaaa0000)
  eden space 139776K,   0% used [0x00000000e0000000, 0x00000000e0000000, 0x00000000e8880000)
  from space 17472K,   0% used [0x00000000e8880000, 0x00000000e8880000, 0x00000000e9990000)
  to   space 17472K,   0% used [0x00000000e9990000, 0x00000000e9990000, 0x00000000eaaa0000)
 concurrent mark-sweep generation total 349568K, used 205856K [0x00000000eaaa0000, 0x0000000100000000, 0x0000000100000000)
 Metaspace       used 3956K, capacity 4568K, committed 4864K, reserved 1056768K
  class space    used 431K, capacity 460K, committed 512K, reserved 1048576K
2024-07-23T00:26:00.064+0800: 8.722: [GC (Allocation Failure) 2024-07-23T00:26:00.064+0800: 8.722: [ParNew
Desired survivor size 8945664 bytes, new threshold 6 (max 6)
: 0K->0K(157248K), 0.0006082 secs]2024-07-23T00:26:00.065+0800: 8.722: [CMS: 205856K->1056K(349568K), 0.0024294 secs] 205856K->1056K(506816K), [Metaspace: 3956K->3956K(1056768K)], 0.0031326 secs] [Times: user=0.00 sys=0.00, real=0.00 secs] 
Heap after GC invocations=195 (full 386):
 par new generation   total 157248K, used 0K [0x00000000e0000000, 0x00000000eaaa0000, 0x00000000eaaa0000)
  eden space 139776K,   0% used [0x00000000e0000000, 0x00000000e0000000, 0x00000000e8880000)
  from space 17472K,   0% used [0x00000000e9990000, 0x00000000e9990000, 0x00000000eaaa0000)
  to   space 17472K,   0% used [0x00000000e8880000, 0x00000000e8880000, 0x00000000e9990000)
 concurrent mark-sweep generation total 349568K, used 1056K [0x00000000eaaa0000, 0x0000000100000000, 0x0000000100000000)
 Metaspace       used 3956K, capacity 4568K, committed 4864K, reserved 1056768K
  class space    used 431K, capacity 460K, committed 512K, reserved 1048576K
}
2024-07-23T00:26:00.067+0800: 8.725: Total time for which application threads were stopped: 0.0032859 seconds, Stopping threads took: 0.0000248 seconds
2024-07-23T00:26:00.086+0800: 8.744: [GC (CMS Initial Mark) [1 CMS-initial-mark: 205856K(349568K)] 205856K(506816K), 0.0002398 secs] [Times: user=0.00 sys=0.00, real=0.00 secs] 
2024-07-23T00:26:00.086+0800: 8.744: Total time for which application threads were stopped: 0.0189534 seconds, Stopping threads took: 0.0186536 seconds
2024-07-23T00:26:00.086+0800: 8.744: [CMS-concurrent-mark-start]
2024-07-23T00:26:00.088+0800: 8.745: [CMS-concurrent-mark: 0.001/0.001 secs] [Times: user=0.00 sys=0.00, real=0.00 secs] 
2024-07-23T00:26:00.088+0800: 8.745: [CMS-concurrent-preclean-start]
2024-07-23T00:26:00.088+0800: 8.746: [CMS-concurrent-preclean: 0.000/0.000 secs] [Times: user=0.00 sys=0.00, real=0.00 secs] 
2024-07-23T00:26:00.088+0800: 8.746: [GC (CMS Final Remark) [YG occupancy: 0 K (157248 K)]2024-07-23T00:26:00.088+0800: 8.746: [Rescan (parallel) , 0.0005402 secs]2024-07-23T00:26:00.089+0800: 8.746: [weak refs processing, 0.0000095 secs]2024-07-23T00:26:00.089+0800: 8.746: [class unloading, 0.0002059 secs]2024-07-23T00:26:00.089+0800: 8.747: [scrub symbol table, 0.0003281 secs]2024-07-23T00:26:00.089+0800: 8.747: [scrub string table, 0.0000938 secs][1 CMS-remark: 205856K(349568K)] 205856K(506816K), 0.0012334 secs] [Times: user=0.00 sys=0.00, real=0.00 secs] 
2024-07-23T00:26:00.089+0800: 8.747: Total time for which application threads were stopped: 0.0012914 seconds, Stopping threads took: 0.0000227 seconds
2024-07-23T00:26:00.090+0800: 8.747: [CMS-concurrent-sweep-start]
2024-07-23T00:26:00.090+0800: 8.747: [CMS-concurrent-sweep: 0.000/0.000 secs] [Times: user=0.00 sys=0.00, real=0.00 secs] 
2024-07-23T00:26:00.090+0800: 8.747: [CMS-concurrent-reset-start]
2024-07-23T00:26:00.090+0800: 8.748: [CMS-concurrent-reset: 0.000/0.000 secs] [Times: user=0.00 sys=0.00, real=0.00 secs] 
{Heap before GC invocations=195 (full 387):
 par new generation   total 157248K, used 0K [0x00000000e0000000, 0x00000000eaaa0000, 0x00000000eaaa0000)
  eden space 139776K,   0% used [0x00000000e0000000, 0x00000000e0000000, 0x00000000e8880000)
  from space 17472K,   0% used [0x00000000e9990000, 0x00000000e9990000, 0x00000000eaaa0000)
  to   space 17472K,   0% used [0x00000000e8880000, 0x00000000e8880000, 0x00000000e9990000)
 concurrent mark-sweep generation total 349568K, used 205856K [0x00000000eaaa0000, 0x0000000100000000, 0x0000000100000000)
 Metaspace       used 3956K, capacity 4568K, committed 4864K, reserved 1056768K
  class space    used 431K, capacity 460K, committed 512K, reserved 1048576K
2024-07-23T00:26:00.111+0800: 8.768: [GC (Allocation Failure) 2024-07-23T00:26:00.111+0800: 8.768: [ParNew
Desired survivor size 8945664 bytes, new threshold 6 (max 6)
: 0K->0K(157248K), 0.0010078 secs]2024-07-23T00:26:00.112+0800: 8.769: [CMS: 205856K->1056K(349568K), 0.0030901 secs] 205856K->1056K(506816K), [Metaspace: 3956K->3956K(1056768K)], 0.0042295 secs] [Times: user=0.00 sys=0.00, real=0.00 secs] 
Heap after GC invocations=196 (full 388):
 par new generation   total 157248K, used 0K [0x00000000e0000000, 0x00000000eaaa0000, 0x00000000eaaa0000)
  eden space 139776K,   0% used [0x00000000e0000000, 0x00000000e0000000, 0x00000000e8880000)
  from space 17472K,   0% used [0x00000000e8880000, 0x00000000e8880000, 0x00000000e9990000)
  to   space 17472K,   0% used [0x00000000e9990000, 0x00000000e9990000, 0x00000000eaaa0000)
 concurrent mark-sweep generation total 349568K, used 1056K [0x00000000eaaa0000, 0x0000000100000000, 0x0000000100000000)
 Metaspace       used 3956K, capacity 4568K, committed 4864K, reserved 1056768K
  class space    used 431K, capacity 460K, committed 512K, reserved 1048576K
}
2024-07-23T00:26:00.115+0800: 8.773: Total time for which application threads were stopped: 0.0043823 seconds, Stopping threads took: 0.0000256 seconds
2024-07-23T00:26:00.132+0800: 8.789: [GC (CMS Initial Mark) [1 CMS-initial-mark: 205856K(349568K)] 205856K(506816K), 0.0003286 secs] [Times: user=0.00 sys=0.00, real=0.00 secs] 
2024-07-23T00:26:00.132+0800: 8.790: Total time for which application threads were stopped: 0.0169010 seconds, Stopping threads took: 0.0165089 seconds
2024-07-23T00:26:00.132+0800: 8.790: [CMS-concurrent-mark-start]
2024-07-23T00:26:00.134+0800: 8.791: [CMS-concurrent-mark: 0.002/0.002 secs] [Times: user=0.00 sys=0.00, real=0.00 secs] 
2024-07-23T00:26:00.134+0800: 8.791: [CMS-concurrent-preclean-start]
2024-07-23T00:26:00.134+0800: 8.791: [CMS-concurrent-preclean: 0.000/0.000 secs] [Times: user=0.00 sys=0.00, real=0.00 secs] 
2024-07-23T00:26:00.135+0800: 8.792: [GC (CMS Final Remark) [YG occupancy: 0 K (157248 K)]2024-07-23T00:26:00.135+0800: 8.792: [Rescan (parallel) , 0.0006197 secs]2024-07-23T00:26:00.135+0800: 8.792: [weak refs processing, 0.0000069 secs]2024-07-23T00:26:00.135+0800: 8.792: [class unloading, 0.0002054 secs]2024-07-23T00:26:00.135+0800: 8.792: [scrub symbol table, 0.0003318 secs]2024-07-23T00:26:00.136+0800: 8.793: [scrub string table, 0.0000954 secs][1 CMS-remark: 205856K(349568K)] 205856K(506816K), 0.0012894 secs] [Times: user=0.00 sys=0.00, real=0.00 secs] 
2024-07-23T00:26:00.136+0800: 8.793: Total time for which application threads were stopped: 0.0013207 seconds, Stopping threads took: 0.0000131 seconds
2024-07-23T00:26:00.136+0800: 8.793: [CMS-concurrent-sweep-start]
2024-07-23T00:26:00.136+0800: 8.793: [CMS-concurrent-sweep: 0.000/0.000 secs] [Times: user=0.00 sys=0.00, real=0.00 secs] 
2024-07-23T00:26:00.136+0800: 8.793: [CMS-concurrent-reset-start]
2024-07-23T00:26:00.136+0800: 8.793: [CMS-concurrent-reset: 0.000/0.000 secs] [Times: user=0.00 sys=0.00, real=0.00 secs] 
{Heap before GC invocations=196 (full 389):
 par new generation   total 157248K, used 0K [0x00000000e0000000, 0x00000000eaaa0000, 0x00000000eaaa0000)
  eden space 139776K,   0% used [0x00000000e0000000, 0x00000000e0000000, 0x00000000e8880000)
  from space 17472K,   0% used [0x00000000e8880000, 0x00000000e8880000, 0x00000000e9990000)
  to   space 17472K,   0% used [0x00000000e9990000, 0x00000000e9990000, 0x00000000eaaa0000)
 concurrent mark-sweep generation total 349568K, used 205856K [0x00000000eaaa0000, 0x0000000100000000, 0x0000000100000000)
 Metaspace       used 3956K, capacity 4568K, committed 4864K, reserved 1056768K
  class space    used 431K, capacity 460K, committed 512K, reserved 1048576K
2024-07-23T00:26:00.143+0800: 8.800: [GC (Allocation Failure) 2024-07-23T00:26:00.143+0800: 8.800: [ParNew
Desired survivor size 8945664 bytes, new threshold 6 (max 6)
: 0K->0K(157248K), 0.0008258 secs]2024-07-23T00:26:00.144+0800: 8.800: [CMS: 205856K->1056K(349568K), 0.0028529 secs] 205856K->1056K(506816K), [Metaspace: 3956K->3956K(1056768K)], 0.0037851 secs] [Times: user=0.00 sys=0.00, real=0.00 secs] 
Heap after GC invocations=197 (full 390):
 par new generation   total 157248K, used 0K [0x00000000e0000000, 0x00000000eaaa0000, 0x00000000eaaa0000)
  eden space 139776K,   0% used [0x00000000e0000000, 0x00000000e0000000, 0x00000000e8880000)
  from space 17472K,   0% used [0x00000000e9990000, 0x00000000e9990000, 0x00000000eaaa0000)
  to   space 17472K,   0% used [0x00000000e8880000, 0x00000000e8880000, 0x00000000e9990000)
 concurrent mark-sweep generation total 349568K, used 1056K [0x00000000eaaa0000, 0x0000000100000000, 0x0000000100000000)
 Metaspace       used 3956K, capacity 4568K, committed 4864K, reserved 1056768K
  class space    used 431K, capacity 460K, committed 512K, reserved 1048576K
}
2024-07-23T00:26:00.147+0800: 8.803: Total time for which application threads were stopped: 0.0038928 seconds, Stopping threads took: 0.0000184 seconds
2024-07-23T00:26:00.166+0800: 8.822: [GC (CMS Initial Mark) [1 CMS-initial-mark: 205856K(349568K)] 205856K(506816K), 0.0002207 secs] [Times: user=0.00 sys=0.00, real=0.00 secs] 
2024-07-23T00:26:00.166+0800: 8.823: Total time for which application threads were stopped: 0.0191060 seconds, Stopping threads took: 0.0188256 seconds
2024-07-23T00:26:00.166+0800: 8.823: [CMS-concurrent-mark-start]
2024-07-23T00:26:00.167+0800: 8.824: [CMS-concurrent-mark: 0.001/0.001 secs] [Times: user=0.00 sys=0.00, real=0.00 secs] 
2024-07-23T00:26:00.167+0800: 8.824: [CMS-concurrent-preclean-start]
2024-07-23T00:26:00.168+0800: 8.824: [CMS-concurrent-preclean: 0.000/0.000 secs] [Times: user=0.00 sys=0.00, real=0.00 secs] 
2024-07-23T00:26:00.168+0800: 8.824: [GC (CMS Final Remark) [YG occupancy: 0 K (157248 K)]2024-07-23T00:26:00.168+0800: 8.824: [Rescan (parallel) , 0.0004363 secs]2024-07-23T00:26:00.168+0800: 8.825: [weak refs processing, 0.0000077 secs]2024-07-23T00:26:00.168+0800: 8.825: [class unloading, 0.0002240 secs]2024-07-23T00:26:00.168+0800: 8.825: [scrub symbol table, 0.0004113 secs]2024-07-23T00:26:00.169+0800: 8.825: [scrub string table, 0.0000989 secs][1 CMS-remark: 205856K(349568K)] 205856K(506816K), 0.0012189 secs] [Times: user=0.00 sys=0.00, real=0.00 secs] 
2024-07-23T00:26:00.169+0800: 8.826: Total time for which application threads were stopped: 0.0012567 seconds, Stopping threads took: 0.0000148 seconds
2024-07-23T00:26:00.169+0800: 8.826: [CMS-concurrent-sweep-start]
2024-07-23T00:26:00.169+0800: 8.826: [CMS-concurrent-sweep: 0.000/0.000 secs] [Times: user=0.00 sys=0.00, real=0.00 secs] 
2024-07-23T00:26:00.169+0800: 8.826: [CMS-concurrent-reset-start]
2024-07-23T00:26:00.170+0800: 8.826: [CMS-concurrent-reset: 0.000/0.000 secs] [Times: user=0.00 sys=0.00, real=0.00 secs] 
{Heap before GC invocations=197 (full 391):
 par new generation   total 157248K, used 0K [0x00000000e0000000, 0x00000000eaaa0000, 0x00000000eaaa0000)
  eden space 139776K,   0% used [0x00000000e0000000, 0x00000000e0000000, 0x00000000e8880000)
  from space 17472K,   0% used [0x00000000e9990000, 0x00000000e9990000, 0x00000000eaaa0000)
  to   space 17472K,   0% used [0x00000000e8880000, 0x00000000e8880000, 0x00000000e9990000)
 concurrent mark-sweep generation total 349568K, used 205856K [0x00000000eaaa0000, 0x0000000100000000, 0x0000000100000000)
 Metaspace       used 3956K, capacity 4568K, committed 4864K, reserved 1056768K
  class space    used 431K, capacity 460K, committed 512K, reserved 1048576K
2024-07-23T00:26:00.189+0800: 8.846: [GC (Allocation Failure) 2024-07-23T00:26:00.189+0800: 8.846: [ParNew
Desired survivor size 8945664 bytes, new threshold 6 (max 6)
: 0K->0K(157248K), 0.0005771 secs]2024-07-23T00:26:00.189+0800: 8.846: [CMS: 205856K->1056K(349568K), 0.0026221 secs] 205856K->1056K(506816K), [Metaspace: 3956K->3956K(1056768K)], 0.0033353 secs] [Times: user=0.00 sys=0.00, real=0.00 secs] 
Heap after GC invocations=198 (full 392):
 par new generation   total 157248K, used 0K [0x00000000e0000000, 0x00000000eaaa0000, 0x00000000eaaa0000)
  eden space 139776K,   0% used [0x00000000e0000000, 0x00000000e0000000, 0x00000000e8880000)
  from space 17472K,   0% used [0x00000000e8880000, 0x00000000e8880000, 0x00000000e9990000)
  to   space 17472K,   0% used [0x00000000e9990000, 0x00000000e9990000, 0x00000000eaaa0000)
 concurrent mark-sweep generation total 349568K, used 1056K [0x00000000eaaa0000, 0x0000000100000000, 0x0000000100000000)
 Metaspace       used 3956K, capacity 4568K, committed 4864K, reserved 1056768K
  class space    used 431K, capacity 460K, committed 512K, reserved 1048576K
}
2024-07-23T00:26:00.192+0800: 8.849: Total time for which application threads were stopped: 0.0034810 seconds, Stopping threads took: 0.0000305 seconds
2024-07-23T00:26:00.211+0800: 8.868: [GC (CMS Initial Mark) [1 CMS-initial-mark: 205856K(349568K)] 205856K(506816K), 0.0003512 secs] [Times: user=0.00 sys=0.00, real=0.00 secs] 
2024-07-23T00:26:00.211+0800: 8.868: Total time for which application threads were stopped: 0.0191595 seconds, Stopping threads took: 0.0187511 seconds
2024-07-23T00:26:00.211+0800: 8.868: [CMS-concurrent-mark-start]
2024-07-23T00:26:00.213+0800: 8.870: [CMS-concurrent-mark: 0.001/0.001 secs] [Times: user=0.00 sys=0.00, real=0.00 secs] 
2024-07-23T00:26:00.213+0800: 8.870: [CMS-concurrent-preclean-start]
2024-07-23T00:26:00.213+0800: 8.870: [CMS-concurrent-preclean: 0.000/0.000 secs] [Times: user=0.00 sys=0.00, real=0.00 secs] 
2024-07-23T00:26:00.213+0800: 8.870: [GC (CMS Final Remark) [YG occupancy: 0 K (157248 K)]2024-07-23T00:26:00.213+0800: 8.870: [Rescan (parallel) , 0.0002266 secs]2024-07-23T00:26:00.213+0800: 8.870: [weak refs processing, 0.0000073 secs]2024-07-23T00:26:00.213+0800: 8.870: [class unloading, 0.0001992 secs]2024-07-23T00:26:00.213+0800: 8.870: [scrub symbol table, 0.0003320 secs]2024-07-23T00:26:00.214+0800: 8.871: [scrub string table, 0.0000879 secs][1 CMS-remark: 205856K(349568K)] 205856K(506816K), 0.0008931 secs] [Times: user=0.00 sys=0.00, real=0.00 secs] 
2024-07-23T00:26:00.214+0800: 8.871: Total time for which application threads were stopped: 0.0009304 seconds, Stopping threads took: 0.0000152 seconds
2024-07-23T00:26:00.214+0800: 8.871: [CMS-concurrent-sweep-start]
2024-07-23T00:26:00.214+0800: 8.871: [CMS-concurrent-sweep: 0.000/0.000 secs] [Times: user=0.00 sys=0.00, real=0.00 secs] 
2024-07-23T00:26:00.214+0800: 8.871: [CMS-concurrent-reset-start]
2024-07-23T00:26:00.214+0800: 8.871: [CMS-concurrent-reset: 0.000/0.000 secs] [Times: user=0.00 sys=0.00, real=0.00 secs] 
{Heap before GC invocations=198 (full 393):
 par new generation   total 157248K, used 0K [0x00000000e0000000, 0x00000000eaaa0000, 0x00000000eaaa0000)
  eden space 139776K,   0% used [0x00000000e0000000, 0x00000000e0000000, 0x00000000e8880000)
  from space 17472K,   0% used [0x00000000e8880000, 0x00000000e8880000, 0x00000000e9990000)
  to   space 17472K,   0% used [0x00000000e9990000, 0x00000000e9990000, 0x00000000eaaa0000)
 concurrent mark-sweep generation total 349568K, used 205856K [0x00000000eaaa0000, 0x0000000100000000, 0x0000000100000000)
 Metaspace       used 3956K, capacity 4568K, committed 4864K, reserved 1056768K
  class space    used 431K, capacity 460K, committed 512K, reserved 1048576K
2024-07-23T00:26:00.235+0800: 8.891: [GC (Allocation Failure) 2024-07-23T00:26:00.235+0800: 8.891: [ParNew
Desired survivor size 8945664 bytes, new threshold 6 (max 6)
: 0K->0K(157248K), 0.0008066 secs]2024-07-23T00:26:00.236+0800: 8.892: [CMS: 205856K->1056K(349568K), 0.0027409 secs] 205856K->1056K(506816K), [Metaspace: 3956K->3956K(1056768K)], 0.0036876 secs] [Times: user=0.00 sys=0.00, real=0.00 secs] 
Heap after GC invocations=199 (full 394):
 par new generation   total 157248K, used 0K [0x00000000e0000000, 0x00000000eaaa0000, 0x00000000eaaa0000)
  eden space 139776K,   0% used [0x00000000e0000000, 0x00000000e0000000, 0x00000000e8880000)
  from space 17472K,   0% used [0x00000000e9990000, 0x00000000e9990000, 0x00000000eaaa0000)
  to   space 17472K,   0% used [0x00000000e8880000, 0x00000000e8880000, 0x00000000e9990000)
 concurrent mark-sweep generation total 349568K, used 1056K [0x00000000eaaa0000, 0x0000000100000000, 0x0000000100000000)
 Metaspace       used 3956K, capacity 4568K, committed 4864K, reserved 1056768K
  class space    used 431K, capacity 460K, committed 512K, reserved 1048576K
}
2024-07-23T00:26:00.239+0800: 8.895: Total time for which application threads were stopped: 0.0038347 seconds, Stopping threads took: 0.0000294 seconds
2024-07-23T00:26:00.257+0800: 8.914: [GC (CMS Initial Mark) [1 CMS-initial-mark: 205856K(349568K)] 205856K(506816K), 0.0002390 secs] [Times: user=0.00 sys=0.00, real=0.00 secs] 
2024-07-23T00:26:00.258+0800: 8.914: Total time for which application threads were stopped: 0.0190894 seconds, Stopping threads took: 0.0187867 seconds
2024-07-23T00:26:00.258+0800: 8.914: [CMS-concurrent-mark-start]
2024-07-23T00:26:00.259+0800: 8.916: [CMS-concurrent-mark: 0.001/0.001 secs] [Times: user=0.00 sys=0.00, real=0.00 secs] 
2024-07-23T00:26:00.259+0800: 8.916: [CMS-concurrent-preclean-start]
2024-07-23T00:26:00.259+0800: 8.916: [CMS-concurrent-preclean: 0.000/0.000 secs] [Times: user=0.00 sys=0.00, real=0.00 secs] 
2024-07-23T00:26:00.259+0800: 8.916: [GC (CMS Final Remark) [YG occupancy: 0 K (157248 K)]2024-07-23T00:26:00.259+0800: 8.916: [Rescan (parallel) , 0.0003010 secs]2024-07-23T00:26:00.260+0800: 8.916: [weak refs processing, 0.0000095 secs]2024-07-23T00:26:00.260+0800: 8.916: [class unloading, 0.0002134 secs]2024-07-23T00:26:00.260+0800: 8.917: [scrub symbol table, 0.0003455 secs]2024-07-23T00:26:00.260+0800: 8.917: [scrub string table, 0.0001069 secs][1 CMS-remark: 205856K(349568K)] 205856K(506816K), 0.0010177 secs] [Times: user=0.00 sys=0.00, real=0.00 secs] 
2024-07-23T00:26:00.261+0800: 8.917: Total time for which application threads were stopped: 0.0010860 seconds, Stopping threads took: 0.0000438 seconds
2024-07-23T00:26:00.261+0800: 8.917: [CMS-concurrent-sweep-start]
2024-07-23T00:26:00.261+0800: 8.918: [CMS-concurrent-sweep: 0.000/0.000 secs] [Times: user=0.00 sys=0.00, real=0.00 secs] 
2024-07-23T00:26:00.261+0800: 8.918: [CMS-concurrent-reset-start]
2024-07-23T00:26:00.261+0800: 8.918: [CMS-concurrent-reset: 0.000/0.000 secs] [Times: user=0.00 sys=0.00, real=0.00 secs] 
{Heap before GC invocations=199 (full 395):
 par new generation   total 157248K, used 0K [0x00000000e0000000, 0x00000000eaaa0000, 0x00000000eaaa0000)
  eden space 139776K,   0% used [0x00000000e0000000, 0x00000000e0000000, 0x00000000e8880000)
  from space 17472K,   0% used [0x00000000e9990000, 0x00000000e9990000, 0x00000000eaaa0000)
  to   space 17472K,   0% used [0x00000000e8880000, 0x00000000e8880000, 0x00000000e9990000)
 concurrent mark-sweep generation total 349568K, used 205856K [0x00000000eaaa0000, 0x0000000100000000, 0x0000000100000000)
 Metaspace       used 3956K, capacity 4568K, committed 4864K, reserved 1056768K
  class space    used 431K, capacity 460K, committed 512K, reserved 1048576K
2024-07-23T00:26:00.282+0800: 8.939: [GC (Allocation Failure) 2024-07-23T00:26:00.282+0800: 8.939: [ParNew
Desired survivor size 8945664 bytes, new threshold 6 (max 6)
: 0K->0K(157248K), 0.0009599 secs]2024-07-23T00:26:00.283+0800: 8.940: [CMS: 205856K->1056K(349568K), 0.0025821 secs] 205856K->1056K(506816K), [Metaspace: 3956K->3956K(1056768K)], 0.0036450 secs] [Times: user=0.00 sys=0.00, real=0.00 secs] 
Heap after GC invocations=200 (full 396):
 par new generation   total 157248K, used 0K [0x00000000e0000000, 0x00000000eaaa0000, 0x00000000eaaa0000)
  eden space 139776K,   0% used [0x00000000e0000000, 0x00000000e0000000, 0x00000000e8880000)
  from space 17472K,   0% used [0x00000000e8880000, 0x00000000e8880000, 0x00000000e9990000)
  to   space 17472K,   0% used [0x00000000e9990000, 0x00000000e9990000, 0x00000000eaaa0000)
 concurrent mark-sweep generation total 349568K, used 1056K [0x00000000eaaa0000, 0x0000000100000000, 0x0000000100000000)
 Metaspace       used 3956K, capacity 4568K, committed 4864K, reserved 1056768K
  class space    used 431K, capacity 460K, committed 512K, reserved 1048576K
}
2024-07-23T00:26:00.286+0800: 8.943: Total time for which application threads were stopped: 0.0037875 seconds, Stopping threads took: 0.0000398 seconds
2024-07-23T00:26:00.304+0800: 8.962: [GC (CMS Initial Mark) [1 CMS-initial-mark: 205856K(349568K)] 205856K(506816K), 0.0004169 secs] [Times: user=0.00 sys=0.00, real=0.00 secs] 
2024-07-23T00:26:00.304+0800: 8.962: Total time for which application threads were stopped: 0.0193425 seconds, Stopping threads took: 0.0188527 seconds
2024-07-23T00:26:00.304+0800: 8.962: [CMS-concurrent-mark-start]
2024-07-23T00:26:00.306+0800: 8.963: [CMS-concurrent-mark: 0.001/0.001 secs] [Times: user=0.00 sys=0.00, real=0.00 secs] 
2024-07-23T00:26:00.306+0800: 8.963: [CMS-concurrent-preclean-start]
2024-07-23T00:26:00.306+0800: 8.964: [CMS-concurrent-preclean: 0.000/0.000 secs] [Times: user=0.00 sys=0.00, real=0.00 secs] 
2024-07-23T00:26:00.306+0800: 8.964: [GC (CMS Final Remark) [YG occupancy: 0 K (157248 K)]2024-07-23T00:26:00.306+0800: 8.964: [Rescan (parallel) , 0.0001985 secs]2024-07-23T00:26:00.306+0800: 8.964: [weak refs processing, 0.0000071 secs]2024-07-23T00:26:00.306+0800: 8.964: [class unloading, 0.0001962 secs]2024-07-23T00:26:00.307+0800: 8.964: [scrub symbol table, 0.0003894 secs]2024-07-23T00:26:00.307+0800: 8.964: [scrub string table, 0.0000859 secs][1 CMS-remark: 205856K(349568K)] 205856K(506816K), 0.0009128 secs] [Times: user=0.00 sys=0.00, real=0.00 secs] 
2024-07-23T00:26:00.307+0800: 8.965: Total time for which application threads were stopped: 0.0009468 seconds, Stopping threads took: 0.0000136 seconds
2024-07-23T00:26:00.307+0800: 8.965: [CMS-concurrent-sweep-start]
2024-07-23T00:26:00.307+0800: 8.965: [CMS-concurrent-sweep: 0.000/0.000 secs] [Times: user=0.00 sys=0.00, real=0.00 secs] 
2024-07-23T00:26:00.307+0800: 8.965: [CMS-concurrent-reset-start]
2024-07-23T00:26:00.308+0800: 8.965: [CMS-concurrent-reset: 0.000/0.000 secs] [Times: user=0.00 sys=0.00, real=0.00 secs] 
{Heap before GC invocations=200 (full 397):
 par new generation   total 157248K, used 0K [0x00000000e0000000, 0x00000000eaaa0000, 0x00000000eaaa0000)
  eden space 139776K,   0% used [0x00000000e0000000, 0x00000000e0000000, 0x00000000e8880000)
  from space 17472K,   0% used [0x00000000e8880000, 0x00000000e8880000, 0x00000000e9990000)
  to   space 17472K,   0% used [0x00000000e9990000, 0x00000000e9990000, 0x00000000eaaa0000)
 concurrent mark-sweep generation total 349568K, used 205856K [0x00000000eaaa0000, 0x0000000100000000, 0x0000000100000000)
 Metaspace       used 3956K, capacity 4568K, committed 4864K, reserved 1056768K
  class space    used 431K, capacity 460K, committed 512K, reserved 1048576K
2024-07-23T00:26:00.329+0800: 8.986: [GC (Allocation Failure) 2024-07-23T00:26:00.329+0800: 8.986: [ParNew
Desired survivor size 8945664 bytes, new threshold 6 (max 6)
: 0K->0K(157248K), 0.0011193 secs]2024-07-23T00:26:00.330+0800: 8.987: [CMS: 205856K->1056K(349568K), 0.0027383 secs] 205856K->1056K(506816K), [Metaspace: 3956K->3956K(1056768K)], 0.0040189 secs] [Times: user=0.00 sys=0.00, real=0.00 secs] 
Heap after GC invocations=201 (full 398):
 par new generation   total 157248K, used 0K [0x00000000e0000000, 0x00000000eaaa0000, 0x00000000eaaa0000)
  eden space 139776K,   0% used [0x00000000e0000000, 0x00000000e0000000, 0x00000000e8880000)
  from space 17472K,   0% used [0x00000000e9990000, 0x00000000e9990000, 0x00000000eaaa0000)
  to   space 17472K,   0% used [0x00000000e8880000, 0x00000000e8880000, 0x00000000e9990000)
 concurrent mark-sweep generation total 349568K, used 1056K [0x00000000eaaa0000, 0x0000000100000000, 0x0000000100000000)
 Metaspace       used 3956K, capacity 4568K, committed 4864K, reserved 1056768K
  class space    used 431K, capacity 460K, committed 512K, reserved 1048576K
}
2024-07-23T00:26:00.332+0800: 8.990: Total time for which application threads were stopped: 0.0041624 seconds, Stopping threads took: 0.0000323 seconds
2024-07-23T00:26:00.353+0800: 9.010: [GC (CMS Initial Mark) [1 CMS-initial-mark: 205856K(349568K)] 205856K(506816K), 0.0006589 secs] [Times: user=0.00 sys=0.00, real=0.00 secs] 
2024-07-23T00:26:00.354+0800: 9.010: Total time for which application threads were stopped: 0.0205608 seconds, Stopping threads took: 0.0198300 seconds
2024-07-23T00:26:00.354+0800: 9.010: [CMS-concurrent-mark-start]
2024-07-23T00:26:00.355+0800: 9.012: [CMS-concurrent-mark: 0.001/0.001 secs] [Times: user=0.00 sys=0.00, real=0.00 secs] 
2024-07-23T00:26:00.355+0800: 9.012: [CMS-concurrent-preclean-start]
2024-07-23T00:26:00.355+0800: 9.012: [CMS-concurrent-preclean: 0.000/0.000 secs] [Times: user=0.00 sys=0.00, real=0.00 secs] 
2024-07-23T00:26:00.356+0800: 9.012: [GC (CMS Final Remark) [YG occupancy: 0 K (157248 K)]2024-07-23T00:26:00.356+0800: 9.012: [Rescan (parallel) , 0.0002327 secs]2024-07-23T00:26:00.356+0800: 9.012: [weak refs processing, 0.0000080 secs]2024-07-23T00:26:00.356+0800: 9.012: [class unloading, 0.0002276 secs]2024-07-23T00:26:00.356+0800: 9.013: [scrub symbol table, 0.0003339 secs]2024-07-23T00:26:00.356+0800: 9.013: [scrub string table, 0.0000983 secs][1 CMS-remark: 205856K(349568K)] 205856K(506816K), 0.0009467 secs] [Times: user=0.00 sys=0.00, real=0.00 secs] 
2024-07-23T00:26:00.356+0800: 9.013: Total time for which application threads were stopped: 0.0010141 seconds, Stopping threads took: 0.0000379 seconds
2024-07-23T00:26:00.357+0800: 9.013: [CMS-concurrent-sweep-start]
2024-07-23T00:26:00.357+0800: 9.013: [CMS-concurrent-sweep: 0.000/0.000 secs] [Times: user=0.00 sys=0.00, real=0.00 secs] 
2024-07-23T00:26:00.357+0800: 9.013: [CMS-concurrent-reset-start]
2024-07-23T00:26:00.357+0800: 9.014: [CMS-concurrent-reset: 0.000/0.000 secs] [Times: user=0.00 sys=0.00, real=0.00 secs] 
{Heap before GC invocations=201 (full 399):
 par new generation   total 157248K, used 0K [0x00000000e0000000, 0x00000000eaaa0000, 0x00000000eaaa0000)
  eden space 139776K,   0% used [0x00000000e0000000, 0x00000000e0000000, 0x00000000e8880000)
  from space 17472K,   0% used [0x00000000e9990000, 0x00000000e9990000, 0x00000000eaaa0000)
  to   space 17472K,   0% used [0x00000000e8880000, 0x00000000e8880000, 0x00000000e9990000)
 concurrent mark-sweep generation total 349568K, used 205856K [0x00000000eaaa0000, 0x0000000100000000, 0x0000000100000000)
 Metaspace       used 3956K, capacity 4568K, committed 4864K, reserved 1056768K
  class space    used 431K, capacity 460K, committed 512K, reserved 1048576K
2024-07-23T00:26:00.377+0800: 9.034: [GC (Allocation Failure) 2024-07-23T00:26:00.377+0800: 9.034: [ParNew
Desired survivor size 8945664 bytes, new threshold 6 (max 6)
: 0K->0K(157248K), 0.0007994 secs]2024-07-23T00:26:00.378+0800: 9.035: [CMS: 205856K->1056K(349568K), 0.0023291 secs] 205856K->1056K(506816K), [Metaspace: 3956K->3956K(1056768K)], 0.0032077 secs] [Times: user=0.00 sys=0.00, real=0.00 secs] 
Heap after GC invocations=202 (full 400):
 par new generation   total 157248K, used 0K [0x00000000e0000000, 0x00000000eaaa0000, 0x00000000eaaa0000)
  eden space 139776K,   0% used [0x00000000e0000000, 0x00000000e0000000, 0x00000000e8880000)
  from space 17472K,   0% used [0x00000000e8880000, 0x00000000e8880000, 0x00000000e9990000)
  to   space 17472K,   0% used [0x00000000e9990000, 0x00000000e9990000, 0x00000000eaaa0000)
 concurrent mark-sweep generation total 349568K, used 1056K [0x00000000eaaa0000, 0x0000000100000000, 0x0000000100000000)
 Metaspace       used 3956K, capacity 4568K, committed 4864K, reserved 1056768K
  class space    used 431K, capacity 460K, committed 512K, reserved 1048576K
}
2024-07-23T00:26:00.380+0800: 9.037: Total time for which application threads were stopped: 0.0033312 seconds, Stopping threads took: 0.0000269 seconds
2024-07-23T00:26:00.399+0800: 9.056: [GC (CMS Initial Mark) [1 CMS-initial-mark: 205856K(349568K)] 205856K(506816K), 0.0002729 secs] [Times: user=0.00 sys=0.00, real=0.00 secs] 
2024-07-23T00:26:00.400+0800: 9.057: Total time for which application threads were stopped: 0.0196522 seconds, Stopping threads took: 0.0193030 seconds
2024-07-23T00:26:00.400+0800: 9.057: [CMS-concurrent-mark-start]
2024-07-23T00:26:00.401+0800: 9.058: [CMS-concurrent-mark: 0.001/0.001 secs] [Times: user=0.00 sys=0.00, real=0.00 secs] 
2024-07-23T00:26:00.401+0800: 9.058: [CMS-concurrent-preclean-start]
2024-07-23T00:26:00.401+0800: 9.058: [CMS-concurrent-preclean: 0.000/0.000 secs] [Times: user=0.00 sys=0.00, real=0.00 secs] 
2024-07-23T00:26:00.401+0800: 9.058: [GC (CMS Final Remark) [YG occupancy: 0 K (157248 K)]2024-07-23T00:26:00.401+0800: 9.058: [Rescan (parallel) , 0.0003698 secs]2024-07-23T00:26:00.402+0800: 9.059: [weak refs processing, 0.0000068 secs]2024-07-23T00:26:00.402+0800: 9.059: [class unloading, 0.0001965 secs]2024-07-23T00:26:00.402+0800: 9.059: [scrub symbol table, 0.0002922 secs]2024-07-23T00:26:00.402+0800: 9.059: [scrub string table, 0.0000816 secs][1 CMS-remark: 205856K(349568K)] 205856K(506816K), 0.0009848 secs] [Times: user=0.00 sys=0.00, real=0.00 secs] 
2024-07-23T00:26:00.402+0800: 9.059: Total time for which application threads were stopped: 0.0010456 seconds, Stopping threads took: 0.0000381 seconds
2024-07-23T00:26:00.403+0800: 9.059: [CMS-concurrent-sweep-start]
2024-07-23T00:26:00.403+0800: 9.060: [CMS-concurrent-sweep: 0.000/0.000 secs] [Times: user=0.00 sys=0.00, real=0.00 secs] 
2024-07-23T00:26:00.403+0800: 9.060: [CMS-concurrent-reset-start]
2024-07-23T00:26:00.403+0800: 9.060: [CMS-concurrent-reset: 0.000/0.000 secs] [Times: user=0.00 sys=0.00, real=0.00 secs] 
{Heap before GC invocations=202 (full 401):
 par new generation   total 157248K, used 0K [0x00000000e0000000, 0x00000000eaaa0000, 0x00000000eaaa0000)
  eden space 139776K,   0% used [0x00000000e0000000, 0x00000000e0000000, 0x00000000e8880000)
  from space 17472K,   0% used [0x00000000e8880000, 0x00000000e8880000, 0x00000000e9990000)
  to   space 17472K,   0% used [0x00000000e9990000, 0x00000000e9990000, 0x00000000eaaa0000)
 concurrent mark-sweep generation total 349568K, used 205856K [0x00000000eaaa0000, 0x0000000100000000, 0x0000000100000000)
 Metaspace       used 3956K, capacity 4568K, committed 4864K, reserved 1056768K
  class space    used 431K, capacity 460K, committed 512K, reserved 1048576K
2024-07-23T00:26:00.424+0800: 9.081: [GC (Allocation Failure) 2024-07-23T00:26:00.424+0800: 9.081: [ParNew
Desired survivor size 8945664 bytes, new threshold 6 (max 6)
: 0K->0K(157248K), 0.0012599 secs]2024-07-23T00:26:00.425+0800: 9.082: [CMS: 205856K->1056K(349568K), 0.0025290 secs] 205856K->1056K(506816K), [Metaspace: 3956K->3956K(1056768K)], 0.0039186 secs] [Times: user=0.00 sys=0.00, real=0.00 secs] 
Heap after GC invocations=203 (full 402):
 par new generation   total 157248K, used 0K [0x00000000e0000000, 0x00000000eaaa0000, 0x00000000eaaa0000)
  eden space 139776K,   0% used [0x00000000e0000000, 0x00000000e0000000, 0x00000000e8880000)
  from space 17472K,   0% used [0x00000000e9990000, 0x00000000e9990000, 0x00000000eaaa0000)
  to   space 17472K,   0% used [0x00000000e8880000, 0x00000000e8880000, 0x00000000e9990000)
 concurrent mark-sweep generation total 349568K, used 1056K [0x00000000eaaa0000, 0x0000000100000000, 0x0000000100000000)
 Metaspace       used 3956K, capacity 4568K, committed 4864K, reserved 1056768K
  class space    used 431K, capacity 460K, committed 512K, reserved 1048576K
}
2024-07-23T00:26:00.428+0800: 9.085: Total time for which application threads were stopped: 0.0040517 seconds, Stopping threads took: 0.0000256 seconds
2024-07-23T00:26:00.446+0800: 9.104: [GC (CMS Initial Mark) [1 CMS-initial-mark: 205856K(349568K)] 205856K(506816K), 0.0009037 secs] [Times: user=0.00 sys=0.00, real=0.00 secs] 
2024-07-23T00:26:00.447+0800: 9.105: Total time for which application threads were stopped: 0.0196834 seconds, Stopping threads took: 0.0186895 seconds
2024-07-23T00:26:00.447+0800: 9.105: [CMS-concurrent-mark-start]
2024-07-23T00:26:00.449+0800: 9.106: [CMS-concurrent-mark: 0.002/0.002 secs] [Times: user=0.02 sys=0.00, real=0.00 secs] 
2024-07-23T00:26:00.449+0800: 9.106: [CMS-concurrent-preclean-start]
2024-07-23T00:26:00.449+0800: 9.107: [CMS-concurrent-preclean: 0.000/0.000 secs] [Times: user=0.00 sys=0.00, real=0.00 secs] 
2024-07-23T00:26:00.449+0800: 9.107: [GC (CMS Final Remark) [YG occupancy: 0 K (157248 K)]2024-07-23T00:26:00.449+0800: 9.107: [Rescan (parallel) , 0.0002169 secs]2024-07-23T00:26:00.449+0800: 9.107: [weak refs processing, 0.0000090 secs]2024-07-23T00:26:00.449+0800: 9.107: [class unloading, 0.0001964 secs]2024-07-23T00:26:00.450+0800: 9.107: [scrub symbol table, 0.0002989 secs]2024-07-23T00:26:00.450+0800: 9.107: [scrub string table, 0.0000872 secs][1 CMS-remark: 205856K(349568K)] 205856K(506816K), 0.0008586 secs] [Times: user=0.00 sys=0.00, real=0.00 secs] 
2024-07-23T00:26:00.450+0800: 9.108: Total time for which application threads were stopped: 0.0009047 seconds, Stopping threads took: 0.0000185 seconds
2024-07-23T00:26:00.450+0800: 9.108: [CMS-concurrent-sweep-start]
2024-07-23T00:26:00.450+0800: 9.108: [CMS-concurrent-sweep: 0.000/0.000 secs] [Times: user=0.00 sys=0.00, real=0.00 secs] 
2024-07-23T00:26:00.450+0800: 9.108: [CMS-concurrent-reset-start]
2024-07-23T00:26:00.451+0800: 9.108: [CMS-concurrent-reset: 0.000/0.000 secs] [Times: user=0.00 sys=0.00, real=0.00 secs] 
{Heap before GC invocations=203 (full 403):
 par new generation   total 157248K, used 0K [0x00000000e0000000, 0x00000000eaaa0000, 0x00000000eaaa0000)
  eden space 139776K,   0% used [0x00000000e0000000, 0x00000000e0000000, 0x00000000e8880000)
  from space 17472K,   0% used [0x00000000e9990000, 0x00000000e9990000, 0x00000000eaaa0000)
  to   space 17472K,   0% used [0x00000000e8880000, 0x00000000e8880000, 0x00000000e9990000)
 concurrent mark-sweep generation total 349568K, used 205856K [0x00000000eaaa0000, 0x0000000100000000, 0x0000000100000000)
 Metaspace       used 3956K, capacity 4568K, committed 4864K, reserved 1056768K
  class space    used 431K, capacity 460K, committed 512K, reserved 1048576K
2024-07-23T00:26:00.471+0800: 9.128: [GC (Allocation Failure) 2024-07-23T00:26:00.471+0800: 9.128: [ParNew
Desired survivor size 8945664 bytes, new threshold 6 (max 6)
: 0K->0K(157248K), 0.0007663 secs]2024-07-23T00:26:00.472+0800: 9.129: [CMS: 205856K->1056K(349568K), 0.0024094 secs] 205856K->1056K(506816K), [Metaspace: 3956K->3956K(1056768K)], 0.0032853 secs] [Times: user=0.00 sys=0.00, real=0.00 secs] 
Heap after GC invocations=204 (full 404):
 par new generation   total 157248K, used 0K [0x00000000e0000000, 0x00000000eaaa0000, 0x00000000eaaa0000)
  eden space 139776K,   0% used [0x00000000e0000000, 0x00000000e0000000, 0x00000000e8880000)
  from space 17472K,   0% used [0x00000000e8880000, 0x00000000e8880000, 0x00000000e9990000)
  to   space 17472K,   0% used [0x00000000e9990000, 0x00000000e9990000, 0x00000000eaaa0000)
 concurrent mark-sweep generation total 349568K, used 1056K [0x00000000eaaa0000, 0x0000000100000000, 0x0000000100000000)
 Metaspace       used 3956K, capacity 4568K, committed 4864K, reserved 1056768K
  class space    used 431K, capacity 460K, committed 512K, reserved 1048576K
}
2024-07-23T00:26:00.474+0800: 9.132: Total time for which application threads were stopped: 0.0034395 seconds, Stopping threads took: 0.0000219 seconds
2024-07-23T00:26:00.493+0800: 9.151: [GC (CMS Initial Mark) [1 CMS-initial-mark: 205856K(349568K)] 205856K(506816K), 0.0004963 secs] [Times: user=0.00 sys=0.00, real=0.00 secs] 
2024-07-23T00:26:00.494+0800: 9.151: Total time for which application threads were stopped: 0.0192147 seconds, Stopping threads took: 0.0186472 seconds
2024-07-23T00:26:00.494+0800: 9.151: [CMS-concurrent-mark-start]
2024-07-23T00:26:00.496+0800: 9.152: [CMS-concurrent-mark: 0.001/0.001 secs] [Times: user=0.00 sys=0.00, real=0.00 secs] 
2024-07-23T00:26:00.496+0800: 9.152: [CMS-concurrent-preclean-start]
2024-07-23T00:26:00.496+0800: 9.153: [CMS-concurrent-preclean: 0.000/0.000 secs] [Times: user=0.00 sys=0.00, real=0.00 secs] 
2024-07-23T00:26:00.496+0800: 9.153: [GC (CMS Final Remark) [YG occupancy: 0 K (157248 K)]2024-07-23T00:26:00.496+0800: 9.153: [Rescan (parallel) , 0.0003021 secs]2024-07-23T00:26:00.496+0800: 9.153: [weak refs processing, 0.0000088 secs]2024-07-23T00:26:00.496+0800: 9.153: [class unloading, 0.0002145 secs]2024-07-23T00:26:00.497+0800: 9.153: [scrub symbol table, 0.0003453 secs]2024-07-23T00:26:00.497+0800: 9.154: [scrub string table, 0.0000993 secs][1 CMS-remark: 205856K(349568K)] 205856K(506816K), 0.0010106 secs] [Times: user=0.00 sys=0.00, real=0.00 secs] 
2024-07-23T00:26:00.497+0800: 9.154: Total time for which application threads were stopped: 0.0010476 seconds, Stopping threads took: 0.0000134 seconds
2024-07-23T00:26:00.497+0800: 9.154: [CMS-concurrent-sweep-start]
2024-07-23T00:26:00.497+0800: 9.154: [CMS-concurrent-sweep: 0.000/0.000 secs] [Times: user=0.00 sys=0.00, real=0.00 secs] 
2024-07-23T00:26:00.497+0800: 9.154: [CMS-concurrent-reset-start]
2024-07-23T00:26:00.498+0800: 9.154: [CMS-concurrent-reset: 0.000/0.000 secs] [Times: user=0.00 sys=0.00, real=0.00 secs] 
{Heap before GC invocations=204 (full 405):
 par new generation   total 157248K, used 0K [0x00000000e0000000, 0x00000000eaaa0000, 0x00000000eaaa0000)
  eden space 139776K,   0% used [0x00000000e0000000, 0x00000000e0000000, 0x00000000e8880000)
  from space 17472K,   0% used [0x00000000e8880000, 0x00000000e8880000, 0x00000000e9990000)
  to   space 17472K,   0% used [0x00000000e9990000, 0x00000000e9990000, 0x00000000eaaa0000)
 concurrent mark-sweep generation total 349568K, used 205856K [0x00000000eaaa0000, 0x0000000100000000, 0x0000000100000000)
 Metaspace       used 3956K, capacity 4568K, committed 4864K, reserved 1056768K
  class space    used 431K, capacity 460K, committed 512K, reserved 1048576K
2024-07-23T00:26:00.518+0800: 9.174: [GC (Allocation Failure) 2024-07-23T00:26:00.518+0800: 9.175: [ParNew
Desired survivor size 8945664 bytes, new threshold 6 (max 6)
: 0K->0K(157248K), 0.0005692 secs]2024-07-23T00:26:00.518+0800: 9.175: [CMS: 205856K->1056K(349568K), 0.0025439 secs] 205856K->1056K(506816K), [Metaspace: 3956K->3956K(1056768K)], 0.0032167 secs] [Times: user=0.00 sys=0.00, real=0.00 secs] 
Heap after GC invocations=205 (full 406):
 par new generation   total 157248K, used 0K [0x00000000e0000000, 0x00000000eaaa0000, 0x00000000eaaa0000)
  eden space 139776K,   0% used [0x00000000e0000000, 0x00000000e0000000, 0x00000000e8880000)
  from space 17472K,   0% used [0x00000000e9990000, 0x00000000e9990000, 0x00000000eaaa0000)
  to   space 17472K,   0% used [0x00000000e8880000, 0x00000000e8880000, 0x00000000e9990000)
 concurrent mark-sweep generation total 349568K, used 1056K [0x00000000eaaa0000, 0x0000000100000000, 0x0000000100000000)
 Metaspace       used 3956K, capacity 4568K, committed 4864K, reserved 1056768K
  class space    used 431K, capacity 460K, committed 512K, reserved 1048576K
}
2024-07-23T00:26:00.521+0800: 9.178: Total time for which application threads were stopped: 0.0033485 seconds, Stopping threads took: 0.0000261 seconds
2024-07-23T00:26:00.541+0800: 9.198: [GC (CMS Initial Mark) [1 CMS-initial-mark: 205856K(349568K)] 205856K(506816K), 0.0003110 secs] [Times: user=0.00 sys=0.00, real=0.00 secs] 
2024-07-23T00:26:00.541+0800: 9.198: Total time for which application threads were stopped: 0.0203478 seconds, Stopping threads took: 0.0199342 seconds
2024-07-23T00:26:00.541+0800: 9.198: [CMS-concurrent-mark-start]
2024-07-23T00:26:00.543+0800: 9.200: [CMS-concurrent-mark: 0.002/0.002 secs] [Times: user=0.00 sys=0.00, real=0.00 secs] 
2024-07-23T00:26:00.543+0800: 9.200: [CMS-concurrent-preclean-start]
2024-07-23T00:26:00.543+0800: 9.200: [CMS-concurrent-preclean: 0.000/0.000 secs] [Times: user=0.00 sys=0.00, real=0.00 secs] 
2024-07-23T00:26:00.543+0800: 9.200: [GC (CMS Final Remark) [YG occupancy: 0 K (157248 K)]2024-07-23T00:26:00.543+0800: 9.200: [Rescan (parallel) , 0.0002385 secs]2024-07-23T00:26:00.544+0800: 9.201: [weak refs processing, 0.0000096 secs]2024-07-23T00:26:00.544+0800: 9.201: [class unloading, 0.0002367 secs]2024-07-23T00:26:00.544+0800: 9.201: [scrub symbol table, 0.0003472 secs]2024-07-23T00:26:00.544+0800: 9.201: [scrub string table, 0.0000965 secs][1 CMS-remark: 205856K(349568K)] 205856K(506816K), 0.0009914 secs] [Times: user=0.00 sys=0.00, real=0.00 secs] 
2024-07-23T00:26:00.544+0800: 9.201: Total time for which application threads were stopped: 0.0010591 seconds, Stopping threads took: 0.0000247 seconds
2024-07-23T00:26:00.544+0800: 9.201: [CMS-concurrent-sweep-start]
2024-07-23T00:26:00.545+0800: 9.202: [CMS-concurrent-sweep: 0.000/0.000 secs] [Times: user=0.00 sys=0.00, real=0.00 secs] 
2024-07-23T00:26:00.545+0800: 9.202: [CMS-concurrent-reset-start]
2024-07-23T00:26:00.545+0800: 9.202: [CMS-concurrent-reset: 0.000/0.000 secs] [Times: user=0.00 sys=0.00, real=0.00 secs] 
{Heap before GC invocations=205 (full 407):
 par new generation   total 157248K, used 0K [0x00000000e0000000, 0x00000000eaaa0000, 0x00000000eaaa0000)
  eden space 139776K,   0% used [0x00000000e0000000, 0x00000000e0000000, 0x00000000e8880000)
  from space 17472K,   0% used [0x00000000e9990000, 0x00000000e9990000, 0x00000000eaaa0000)
  to   space 17472K,   0% used [0x00000000e8880000, 0x00000000e8880000, 0x00000000e9990000)
 concurrent mark-sweep generation total 349568K, used 205856K [0x00000000eaaa0000, 0x0000000100000000, 0x0000000100000000)
 Metaspace       used 3956K, capacity 4568K, committed 4864K, reserved 1056768K
  class space    used 431K, capacity 460K, committed 512K, reserved 1048576K
2024-07-23T00:26:00.564+0800: 9.221: [GC (Allocation Failure) 2024-07-23T00:26:00.564+0800: 9.221: [ParNew
Desired survivor size 8945664 bytes, new threshold 6 (max 6)
: 0K->0K(157248K), 0.0006320 secs]2024-07-23T00:26:00.565+0800: 9.222: [CMS: 205856K->1056K(349568K), 0.0023524 secs] 205856K->1056K(506816K), [Metaspace: 3956K->3956K(1056768K)], 0.0030942 secs] [Times: user=0.00 sys=0.00, real=0.00 secs] 
Heap after GC invocations=206 (full 408):
 par new generation   total 157248K, used 0K [0x00000000e0000000, 0x00000000eaaa0000, 0x00000000eaaa0000)
  eden space 139776K,   0% used [0x00000000e0000000, 0x00000000e0000000, 0x00000000e8880000)
  from space 17472K,   0% used [0x00000000e8880000, 0x00000000e8880000, 0x00000000e9990000)
  to   space 17472K,   0% used [0x00000000e9990000, 0x00000000e9990000, 0x00000000eaaa0000)
 concurrent mark-sweep generation total 349568K, used 1056K [0x00000000eaaa0000, 0x0000000100000000, 0x0000000100000000)
 Metaspace       used 3956K, capacity 4568K, committed 4864K, reserved 1056768K
  class space    used 431K, capacity 460K, committed 512K, reserved 1048576K
}
2024-07-23T00:26:00.567+0800: 9.224: Total time for which application threads were stopped: 0.0033033 seconds, Stopping threads took: 0.0001031 seconds
2024-07-23T00:26:00.588+0800: 9.244: [GC (CMS Initial Mark) [1 CMS-initial-mark: 205856K(349568K)] 205856K(506816K), 0.0001971 secs] [Times: user=0.00 sys=0.00, real=0.00 secs] 
2024-07-23T00:26:00.588+0800: 9.245: Total time for which application threads were stopped: 0.0203158 seconds, Stopping threads took: 0.0200514 seconds
2024-07-23T00:26:00.588+0800: 9.245: [CMS-concurrent-mark-start]
2024-07-23T00:26:00.589+0800: 9.246: [CMS-concurrent-mark: 0.001/0.001 secs] [Times: user=0.00 sys=0.00, real=0.00 secs] 
2024-07-23T00:26:00.589+0800: 9.246: [CMS-concurrent-preclean-start]
2024-07-23T00:26:00.589+0800: 9.246: [CMS-concurrent-preclean: 0.000/0.000 secs] [Times: user=0.00 sys=0.00, real=0.00 secs] 
2024-07-23T00:26:00.590+0800: 9.246: [GC (CMS Final Remark) [YG occupancy: 0 K (157248 K)]2024-07-23T00:26:00.590+0800: 9.246: [Rescan (parallel) , 0.0001449 secs]2024-07-23T00:26:00.590+0800: 9.246: [weak refs processing, 0.0000090 secs]2024-07-23T00:26:00.590+0800: 9.246: [class unloading, 0.0001888 secs]2024-07-23T00:26:00.590+0800: 9.247: [scrub symbol table, 0.0003160 secs]2024-07-23T00:26:00.590+0800: 9.247: [scrub string table, 0.0000868 secs][1 CMS-remark: 205856K(349568K)] 205856K(506816K), 0.0007830 secs] [Times: user=0.00 sys=0.00, real=0.00 secs] 
2024-07-23T00:26:00.590+0800: 9.247: Total time for which application threads were stopped: 0.0008463 seconds, Stopping threads took: 0.0000410 seconds
2024-07-23T00:26:00.590+0800: 9.247: [CMS-concurrent-sweep-start]
2024-07-23T00:26:00.591+0800: 9.247: [CMS-concurrent-sweep: 0.000/0.000 secs] [Times: user=0.00 sys=0.00, real=0.00 secs] 
2024-07-23T00:26:00.591+0800: 9.247: [CMS-concurrent-reset-start]
2024-07-23T00:26:00.591+0800: 9.248: [CMS-concurrent-reset: 0.000/0.000 secs] [Times: user=0.00 sys=0.00, real=0.00 secs] 
{Heap before GC invocations=206 (full 409):
 par new generation   total 157248K, used 0K [0x00000000e0000000, 0x00000000eaaa0000, 0x00000000eaaa0000)
  eden space 139776K,   0% used [0x00000000e0000000, 0x00000000e0000000, 0x00000000e8880000)
  from space 17472K,   0% used [0x00000000e8880000, 0x00000000e8880000, 0x00000000e9990000)
  to   space 17472K,   0% used [0x00000000e9990000, 0x00000000e9990000, 0x00000000eaaa0000)
 concurrent mark-sweep generation total 349568K, used 205856K [0x00000000eaaa0000, 0x0000000100000000, 0x0000000100000000)
 Metaspace       used 3956K, capacity 4568K, committed 4864K, reserved 1056768K
  class space    used 431K, capacity 460K, committed 512K, reserved 1048576K
2024-07-23T00:26:00.610+0800: 9.267: [GC (Allocation Failure) 2024-07-23T00:26:00.610+0800: 9.267: [ParNew
Desired survivor size 8945664 bytes, new threshold 6 (max 6)
: 0K->0K(157248K), 0.0005424 secs]2024-07-23T00:26:00.610+0800: 9.267: [CMS: 205856K->1056K(349568K), 0.0026711 secs] 205856K->1056K(506816K), [Metaspace: 3956K->3956K(1056768K)], 0.0032975 secs] [Times: user=0.00 sys=0.00, real=0.00 secs] 
Heap after GC invocations=207 (full 410):
 par new generation   total 157248K, used 0K [0x00000000e0000000, 0x00000000eaaa0000, 0x00000000eaaa0000)
  eden space 139776K,   0% used [0x00000000e0000000, 0x00000000e0000000, 0x00000000e8880000)
  from space 17472K,   0% used [0x00000000e9990000, 0x00000000e9990000, 0x00000000eaaa0000)
  to   space 17472K,   0% used [0x00000000e8880000, 0x00000000e8880000, 0x00000000e9990000)
 concurrent mark-sweep generation total 349568K, used 1056K [0x00000000eaaa0000, 0x0000000100000000, 0x0000000100000000)
 Metaspace       used 3956K, capacity 4568K, committed 4864K, reserved 1056768K
  class space    used 431K, capacity 460K, committed 512K, reserved 1048576K
}
2024-07-23T00:26:00.613+0800: 9.270: Total time for which application threads were stopped: 0.0034336 seconds, Stopping threads took: 0.0000368 seconds
2024-07-23T00:26:00.631+0800: 9.287: [GC (CMS Initial Mark) [1 CMS-initial-mark: 205856K(349568K)] 205856K(506816K), 0.0003092 secs] [Times: user=0.00 sys=0.00, real=0.00 secs] 
2024-07-23T00:26:00.631+0800: 9.288: Total time for which application threads were stopped: 0.0177578 seconds, Stopping threads took: 0.0173993 seconds
2024-07-23T00:26:00.631+0800: 9.288: [CMS-concurrent-mark-start]
2024-07-23T00:26:00.632+0800: 9.289: [CMS-concurrent-mark: 0.001/0.001 secs] [Times: user=0.00 sys=0.00, real=0.00 secs] 
2024-07-23T00:26:00.632+0800: 9.289: [CMS-concurrent-preclean-start]
2024-07-23T00:26:00.632+0800: 9.289: [CMS-concurrent-preclean: 0.000/0.000 secs] [Times: user=0.00 sys=0.00, real=0.00 secs] 
2024-07-23T00:26:00.632+0800: 9.289: [GC (CMS Final Remark) [YG occupancy: 0 K (157248 K)]2024-07-23T00:26:00.632+0800: 9.289: [Rescan (parallel) , 0.0001751 secs]2024-07-23T00:26:00.632+0800: 9.290: [weak refs processing, 0.0000077 secs]2024-07-23T00:26:00.632+0800: 9.290: [class unloading, 0.0001954 secs]2024-07-23T00:26:00.632+0800: 9.290: [scrub symbol table, 0.0003095 secs]2024-07-23T00:26:00.633+0800: 9.290: [scrub string table, 0.0000852 secs][1 CMS-remark: 205856K(349568K)] 205856K(506816K), 0.0008179 secs] [Times: user=0.00 sys=0.00, real=0.00 secs] 
2024-07-23T00:26:00.633+0800: 9.290: Total time for which application threads were stopped: 0.0008607 seconds, Stopping threads took: 0.0000135 seconds
2024-07-23T00:26:00.633+0800: 9.290: [CMS-concurrent-sweep-start]
2024-07-23T00:26:00.633+0800: 9.290: [CMS-concurrent-sweep: 0.000/0.000 secs] [Times: user=0.00 sys=0.00, real=0.00 secs] 
2024-07-23T00:26:00.633+0800: 9.290: [CMS-concurrent-reset-start]
2024-07-23T00:26:00.633+0800: 9.291: [CMS-concurrent-reset: 0.000/0.000 secs] [Times: user=0.00 sys=0.00, real=0.00 secs] 
{Heap before GC invocations=207 (full 411):
 par new generation   total 157248K, used 0K [0x00000000e0000000, 0x00000000eaaa0000, 0x00000000eaaa0000)
  eden space 139776K,   0% used [0x00000000e0000000, 0x00000000e0000000, 0x00000000e8880000)
  from space 17472K,   0% used [0x00000000e9990000, 0x00000000e9990000, 0x00000000eaaa0000)
  to   space 17472K,   0% used [0x00000000e8880000, 0x00000000e8880000, 0x00000000e9990000)
 concurrent mark-sweep generation total 349568K, used 205856K [0x00000000eaaa0000, 0x0000000100000000, 0x0000000100000000)
 Metaspace       used 3956K, capacity 4568K, committed 4864K, reserved 1056768K
  class space    used 431K, capacity 460K, committed 512K, reserved 1048576K
2024-07-23T00:26:00.656+0800: 9.313: [GC (Allocation Failure) 2024-07-23T00:26:00.656+0800: 9.313: [ParNew
Desired survivor size 8945664 bytes, new threshold 6 (max 6)
: 0K->0K(157248K), 0.0005465 secs]2024-07-23T00:26:00.656+0800: 9.313: [CMS: 205856K->1056K(349568K), 0.0022961 secs] 205856K->1056K(506816K), [Metaspace: 3956K->3956K(1056768K)], 0.0029279 secs] [Times: user=0.00 sys=0.00, real=0.00 secs] 
Heap after GC invocations=208 (full 412):
 par new generation   total 157248K, used 0K [0x00000000e0000000, 0x00000000eaaa0000, 0x00000000eaaa0000)
  eden space 139776K,   0% used [0x00000000e0000000, 0x00000000e0000000, 0x00000000e8880000)
  from space 17472K,   0% used [0x00000000e8880000, 0x00000000e8880000, 0x00000000e9990000)
  to   space 17472K,   0% used [0x00000000e9990000, 0x00000000e9990000, 0x00000000eaaa0000)
 concurrent mark-sweep generation total 349568K, used 1056K [0x00000000eaaa0000, 0x0000000100000000, 0x0000000100000000)
 Metaspace       used 3956K, capacity 4568K, committed 4864K, reserved 1056768K
  class space    used 431K, capacity 460K, committed 512K, reserved 1048576K
}
2024-07-23T00:26:00.659+0800: 9.316: Total time for which application threads were stopped: 0.0030617 seconds, Stopping threads took: 0.0000335 seconds
2024-07-23T00:26:00.677+0800: 9.334: [GC (CMS Initial Mark) [1 CMS-initial-mark: 205856K(349568K)] 205856K(506816K), 0.0001892 secs] [Times: user=0.00 sys=0.00, real=0.00 secs] 
2024-07-23T00:26:00.677+0800: 9.334: Total time for which application threads were stopped: 0.0185287 seconds, Stopping threads took: 0.0180799 seconds
2024-07-23T00:26:00.677+0800: 9.334: [CMS-concurrent-mark-start]
2024-07-23T00:26:00.679+0800: 9.336: [CMS-concurrent-mark: 0.001/0.001 secs] [Times: user=0.00 sys=0.00, real=0.00 secs] 
2024-07-23T00:26:00.679+0800: 9.336: [CMS-concurrent-preclean-start]
2024-07-23T00:26:00.679+0800: 9.336: [CMS-concurrent-preclean: 0.000/0.000 secs] [Times: user=0.00 sys=0.00, real=0.00 secs] 
2024-07-23T00:26:00.679+0800: 9.336: [GC (CMS Final Remark) [YG occupancy: 0 K (157248 K)]2024-07-23T00:26:00.679+0800: 9.336: [Rescan (parallel) , 0.0004027 secs]2024-07-23T00:26:00.679+0800: 9.337: [weak refs processing, 0.0000083 secs]2024-07-23T00:26:00.679+0800: 9.337: [class unloading, 0.0002050 secs]2024-07-23T00:26:00.680+0800: 9.337: [scrub symbol table, 0.0003557 secs]2024-07-23T00:26:00.680+0800: 9.337: [scrub string table, 0.0000969 secs][1 CMS-remark: 205856K(349568K)] 205856K(506816K), 0.0011087 secs] [Times: user=0.00 sys=0.00, real=0.00 secs] 
2024-07-23T00:26:00.680+0800: 9.337: Total time for which application threads were stopped: 0.0011817 seconds, Stopping threads took: 0.0000512 seconds
2024-07-23T00:26:00.680+0800: 9.337: [CMS-concurrent-sweep-start]
2024-07-23T00:26:00.680+0800: 9.338: [CMS-concurrent-sweep: 0.000/0.000 secs] [Times: user=0.00 sys=0.00, real=0.00 secs] 
2024-07-23T00:26:00.680+0800: 9.338: [CMS-concurrent-reset-start]
2024-07-23T00:26:00.681+0800: 9.338: [CMS-concurrent-reset: 0.000/0.000 secs] [Times: user=0.00 sys=0.00, real=0.00 secs] 
{Heap before GC invocations=208 (full 413):
 par new generation   total 157248K, used 0K [0x00000000e0000000, 0x00000000eaaa0000, 0x00000000eaaa0000)
  eden space 139776K,   0% used [0x00000000e0000000, 0x00000000e0000000, 0x00000000e8880000)
  from space 17472K,   0% used [0x00000000e8880000, 0x00000000e8880000, 0x00000000e9990000)
  to   space 17472K,   0% used [0x00000000e9990000, 0x00000000e9990000, 0x00000000eaaa0000)
 concurrent mark-sweep generation total 349568K, used 205856K [0x00000000eaaa0000, 0x0000000100000000, 0x0000000100000000)
 Metaspace       used 3956K, capacity 4568K, committed 4864K, reserved 1056768K
  class space    used 431K, capacity 460K, committed 512K, reserved 1048576K
2024-07-23T00:26:00.687+0800: 9.344: [GC (Allocation Failure) 2024-07-23T00:26:00.687+0800: 9.344: [ParNew
Desired survivor size 8945664 bytes, new threshold 6 (max 6)
: 0K->0K(157248K), 0.0010722 secs]2024-07-23T00:26:00.688+0800: 9.345: [CMS: 205856K->1056K(349568K), 0.0036535 secs] 205856K->1056K(506816K), [Metaspace: 3956K->3956K(1056768K)], 0.0048647 secs] [Times: user=0.00 sys=0.00, real=0.00 secs] 
Heap after GC invocations=209 (full 414):
 par new generation   total 157248K, used 0K [0x00000000e0000000, 0x00000000eaaa0000, 0x00000000eaaa0000)
  eden space 139776K,   0% used [0x00000000e0000000, 0x00000000e0000000, 0x00000000e8880000)
  from space 17472K,   0% used [0x00000000e9990000, 0x00000000e9990000, 0x00000000eaaa0000)
  to   space 17472K,   0% used [0x00000000e8880000, 0x00000000e8880000, 0x00000000e9990000)
 concurrent mark-sweep generation total 349568K, used 1056K [0x00000000eaaa0000, 0x0000000100000000, 0x0000000100000000)
 Metaspace       used 3956K, capacity 4568K, committed 4864K, reserved 1056768K
  class space    used 431K, capacity 460K, committed 512K, reserved 1048576K
}
2024-07-23T00:26:00.692+0800: 9.349: Total time for which application threads were stopped: 0.0049692 seconds, Stopping threads took: 0.0000140 seconds
2024-07-23T00:26:00.710+0800: 9.367: [GC (CMS Initial Mark) [1 CMS-initial-mark: 205856K(349568K)] 205856K(506816K), 0.0003221 secs] [Times: user=0.00 sys=0.00, real=0.00 secs] 
2024-07-23T00:26:00.711+0800: 9.367: Total time for which application threads were stopped: 0.0183104 seconds, Stopping threads took: 0.0179335 seconds
2024-07-23T00:26:00.711+0800: 9.367: [CMS-concurrent-mark-start]
2024-07-23T00:26:00.712+0800: 9.369: [CMS-concurrent-mark: 0.001/0.001 secs] [Times: user=0.00 sys=0.00, real=0.00 secs] 
2024-07-23T00:26:00.712+0800: 9.369: [CMS-concurrent-preclean-start]
2024-07-23T00:26:00.712+0800: 9.369: [CMS-concurrent-preclean: 0.000/0.000 secs] [Times: user=0.00 sys=0.00, real=0.00 secs] 
2024-07-23T00:26:00.712+0800: 9.369: [GC (CMS Final Remark) [YG occupancy: 0 K (157248 K)]2024-07-23T00:26:00.712+0800: 9.369: [Rescan (parallel) , 0.0005206 secs]2024-07-23T00:26:00.713+0800: 9.370: [weak refs processing, 0.0000071 secs]2024-07-23T00:26:00.713+0800: 9.370: [class unloading, 0.0002022 secs]2024-07-23T00:26:00.713+0800: 9.370: [scrub symbol table, 0.0003375 secs]2024-07-23T00:26:00.714+0800: 9.370: [scrub string table, 0.0001034 secs][1 CMS-remark: 205856K(349568K)] 205856K(506816K), 0.0012029 secs] [Times: user=0.00 sys=0.00, real=0.00 secs] 
2024-07-23T00:26:00.714+0800: 9.370: Total time for which application threads were stopped: 0.0012365 seconds, Stopping threads took: 0.0000130 seconds
2024-07-23T00:26:00.714+0800: 9.370: [CMS-concurrent-sweep-start]
2024-07-23T00:26:00.714+0800: 9.371: [CMS-concurrent-sweep: 0.000/0.000 secs] [Times: user=0.00 sys=0.00, real=0.00 secs] 
2024-07-23T00:26:00.714+0800: 9.371: [CMS-concurrent-reset-start]
2024-07-23T00:26:00.714+0800: 9.371: [CMS-concurrent-reset: 0.000/0.000 secs] [Times: user=0.00 sys=0.00, real=0.00 secs] 
{Heap before GC invocations=209 (full 415):
 par new generation   total 157248K, used 0K [0x00000000e0000000, 0x00000000eaaa0000, 0x00000000eaaa0000)
  eden space 139776K,   0% used [0x00000000e0000000, 0x00000000e0000000, 0x00000000e8880000)
  from space 17472K,   0% used [0x00000000e9990000, 0x00000000e9990000, 0x00000000eaaa0000)
  to   space 17472K,   0% used [0x00000000e8880000, 0x00000000e8880000, 0x00000000e9990000)
 concurrent mark-sweep generation total 349568K, used 205856K [0x00000000eaaa0000, 0x0000000100000000, 0x0000000100000000)
 Metaspace       used 3956K, capacity 4568K, committed 4864K, reserved 1056768K
  class space    used 431K, capacity 460K, committed 512K, reserved 1048576K
2024-07-23T00:26:00.733+0800: 9.390: [GC (Allocation Failure) 2024-07-23T00:26:00.733+0800: 9.390: [ParNew
Desired survivor size 8945664 bytes, new threshold 6 (max 6)
: 0K->0K(157248K), 0.0006163 secs]2024-07-23T00:26:00.734+0800: 9.391: [CMS: 205856K->1056K(349568K), 0.0028917 secs] 205856K->1056K(506816K), [Metaspace: 3956K->3956K(1056768K)], 0.0036009 secs] [Times: user=0.00 sys=0.00, real=0.00 secs] 
Heap after GC invocations=210 (full 416):
 par new generation   total 157248K, used 0K [0x00000000e0000000, 0x00000000eaaa0000, 0x00000000eaaa0000)
  eden space 139776K,   0% used [0x00000000e0000000, 0x00000000e0000000, 0x00000000e8880000)
  from space 17472K,   0% used [0x00000000e8880000, 0x00000000e8880000, 0x00000000e9990000)
  to   space 17472K,   0% used [0x00000000e9990000, 0x00000000e9990000, 0x00000000eaaa0000)
 concurrent mark-sweep generation total 349568K, used 1056K [0x00000000eaaa0000, 0x0000000100000000, 0x0000000100000000)
 Metaspace       used 3956K, capacity 4568K, committed 4864K, reserved 1056768K
  class space    used 431K, capacity 460K, committed 512K, reserved 1048576K
}
2024-07-23T00:26:00.737+0800: 9.394: Total time for which application threads were stopped: 0.0037194 seconds, Stopping threads took: 0.0000251 seconds
2024-07-23T00:26:00.755+0800: 9.412: [GC (CMS Initial Mark) [1 CMS-initial-mark: 205856K(349568K)] 205856K(506816K), 0.0003073 secs] [Times: user=0.00 sys=0.00, real=0.00 secs] 
2024-07-23T00:26:00.755+0800: 9.412: Total time for which application threads were stopped: 0.0177034 seconds, Stopping threads took: 0.0173229 seconds
2024-07-23T00:26:00.755+0800: 9.412: [CMS-concurrent-mark-start]
2024-07-23T00:26:00.756+0800: 9.413: [CMS-concurrent-mark: 0.001/0.001 secs] [Times: user=0.00 sys=0.00, real=0.00 secs] 
2024-07-23T00:26:00.756+0800: 9.413: [CMS-concurrent-preclean-start]
2024-07-23T00:26:00.757+0800: 9.413: [CMS-concurrent-preclean: 0.000/0.000 secs] [Times: user=0.00 sys=0.00, real=0.00 secs] 
2024-07-23T00:26:00.757+0800: 9.414: [GC (CMS Final Remark) [YG occupancy: 0 K (157248 K)]2024-07-23T00:26:00.757+0800: 9.414: [Rescan (parallel) , 0.0001978 secs]2024-07-23T00:26:00.757+0800: 9.414: [weak refs processing, 0.0000123 secs]2024-07-23T00:26:00.757+0800: 9.414: [class unloading, 0.0002472 secs]2024-07-23T00:26:00.757+0800: 9.414: [scrub symbol table, 0.0003643 secs]2024-07-23T00:26:00.757+0800: 9.414: [scrub string table, 0.0001128 secs][1 CMS-remark: 205856K(349568K)] 205856K(506816K), 0.0009944 secs] [Times: user=0.00 sys=0.00, real=0.00 secs] 
2024-07-23T00:26:00.758+0800: 9.415: Total time for which application threads were stopped: 0.0010455 seconds, Stopping threads took: 0.0000157 seconds
2024-07-23T00:26:00.758+0800: 9.415: [CMS-concurrent-sweep-start]
2024-07-23T00:26:00.758+0800: 9.415: [CMS-concurrent-sweep: 0.000/0.000 secs] [Times: user=0.00 sys=0.00, real=0.00 secs] 
2024-07-23T00:26:00.758+0800: 9.415: [CMS-concurrent-reset-start]
2024-07-23T00:26:00.758+0800: 9.415: [CMS-concurrent-reset: 0.000/0.000 secs] [Times: user=0.00 sys=0.00, real=0.00 secs] 
{Heap before GC invocations=210 (full 417):
 par new generation   total 157248K, used 0K [0x00000000e0000000, 0x00000000eaaa0000, 0x00000000eaaa0000)
  eden space 139776K,   0% used [0x00000000e0000000, 0x00000000e0000000, 0x00000000e8880000)
  from space 17472K,   0% used [0x00000000e8880000, 0x00000000e8880000, 0x00000000e9990000)
  to   space 17472K,   0% used [0x00000000e9990000, 0x00000000e9990000, 0x00000000eaaa0000)
 concurrent mark-sweep generation total 349568K, used 205856K [0x00000000eaaa0000, 0x0000000100000000, 0x0000000100000000)
 Metaspace       used 3956K, capacity 4568K, committed 4864K, reserved 1056768K
  class space    used 431K, capacity 460K, committed 512K, reserved 1048576K
2024-07-23T00:26:00.779+0800: 9.436: [GC (Allocation Failure) 2024-07-23T00:26:00.779+0800: 9.436: [ParNew
Desired survivor size 8945664 bytes, new threshold 6 (max 6)
: 0K->0K(157248K), 0.0015723 secs]2024-07-23T00:26:00.781+0800: 9.438: [CMS: 205856K->1056K(349568K), 0.0030028 secs] 205856K->1056K(506816K), [Metaspace: 3956K->3956K(1056768K)], 0.0047112 secs] [Times: user=0.00 sys=0.00, real=0.00 secs] 
Heap after GC invocations=211 (full 418):
 par new generation   total 157248K, used 0K [0x00000000e0000000, 0x00000000eaaa0000, 0x00000000eaaa0000)
  eden space 139776K,   0% used [0x00000000e0000000, 0x00000000e0000000, 0x00000000e8880000)
  from space 17472K,   0% used [0x00000000e9990000, 0x00000000e9990000, 0x00000000eaaa0000)
  to   space 17472K,   0% used [0x00000000e8880000, 0x00000000e8880000, 0x00000000e9990000)
 concurrent mark-sweep generation total 349568K, used 1056K [0x00000000eaaa0000, 0x0000000100000000, 0x0000000100000000)
 Metaspace       used 3956K, capacity 4568K, committed 4864K, reserved 1056768K
  class space    used 431K, capacity 460K, committed 512K, reserved 1048576K
}
2024-07-23T00:26:00.784+0800: 9.441: Total time for which application threads were stopped: 0.0048306 seconds, Stopping threads took: 0.0000193 seconds
2024-07-23T00:26:00.802+0800: 9.459: [GC (CMS Initial Mark) [1 CMS-initial-mark: 205856K(349568K)] 205856K(506816K), 0.0001724 secs] [Times: user=0.00 sys=0.00, real=0.00 secs] 
2024-07-23T00:26:00.802+0800: 9.459: Total time for which application threads were stopped: 0.0182534 seconds, Stopping threads took: 0.0180247 seconds
2024-07-23T00:26:00.802+0800: 9.459: [CMS-concurrent-mark-start]
2024-07-23T00:26:00.803+0800: 9.460: [CMS-concurrent-mark: 0.001/0.001 secs] [Times: user=0.00 sys=0.00, real=0.00 secs] 
2024-07-23T00:26:00.803+0800: 9.460: [CMS-concurrent-preclean-start]
2024-07-23T00:26:00.804+0800: 9.461: [CMS-concurrent-preclean: 0.000/0.000 secs] [Times: user=0.00 sys=0.00, real=0.00 secs] 
2024-07-23T00:26:00.804+0800: 9.461: [GC (CMS Final Remark) [YG occupancy: 0 K (157248 K)]2024-07-23T00:26:00.804+0800: 9.461: [Rescan (parallel) , 0.0002511 secs]2024-07-23T00:26:00.804+0800: 9.461: [weak refs processing, 0.0000075 secs]2024-07-23T00:26:00.804+0800: 9.461: [class unloading, 0.0001974 secs]2024-07-23T00:26:00.804+0800: 9.461: [scrub symbol table, 0.0003395 secs]2024-07-23T00:26:00.805+0800: 9.461: [scrub string table, 0.0001008 secs][1 CMS-remark: 205856K(349568K)] 205856K(506816K), 0.0009368 secs] [Times: user=0.00 sys=0.00, real=0.00 secs] 
2024-07-23T00:26:00.805+0800: 9.462: Total time for which application threads were stopped: 0.0009727 seconds, Stopping threads took: 0.0000132 seconds
2024-07-23T00:26:00.805+0800: 9.462: [CMS-concurrent-sweep-start]
2024-07-23T00:26:00.805+0800: 9.462: [CMS-concurrent-sweep: 0.000/0.000 secs] [Times: user=0.00 sys=0.00, real=0.00 secs] 
2024-07-23T00:26:00.805+0800: 9.462: [CMS-concurrent-reset-start]
2024-07-23T00:26:00.805+0800: 9.462: [CMS-concurrent-reset: 0.000/0.000 secs] [Times: user=0.00 sys=0.00, real=0.00 secs] 
{Heap before GC invocations=211 (full 419):
 par new generation   total 157248K, used 0K [0x00000000e0000000, 0x00000000eaaa0000, 0x00000000eaaa0000)
  eden space 139776K,   0% used [0x00000000e0000000, 0x00000000e0000000, 0x00000000e8880000)
  from space 17472K,   0% used [0x00000000e9990000, 0x00000000e9990000, 0x00000000eaaa0000)
  to   space 17472K,   0% used [0x00000000e8880000, 0x00000000e8880000, 0x00000000e9990000)
 concurrent mark-sweep generation total 349568K, used 205856K [0x00000000eaaa0000, 0x0000000100000000, 0x0000000100000000)
 Metaspace       used 3956K, capacity 4568K, committed 4864K, reserved 1056768K
  class space    used 431K, capacity 460K, committed 512K, reserved 1048576K
2024-07-23T00:26:00.826+0800: 9.483: [GC (Allocation Failure) 2024-07-23T00:26:00.826+0800: 9.483: [ParNew
Desired survivor size 8945664 bytes, new threshold 6 (max 6)
: 0K->0K(157248K), 0.0009246 secs]2024-07-23T00:26:00.827+0800: 9.484: [CMS: 205856K->1056K(349568K), 0.0027845 secs] 205856K->1056K(506816K), [Metaspace: 3956K->3956K(1056768K)], 0.0038418 secs] [Times: user=0.00 sys=0.00, real=0.00 secs] 
Heap after GC invocations=212 (full 420):
 par new generation   total 157248K, used 0K [0x00000000e0000000, 0x00000000eaaa0000, 0x00000000eaaa0000)
  eden space 139776K,   0% used [0x00000000e0000000, 0x00000000e0000000, 0x00000000e8880000)
  from space 17472K,   0% used [0x00000000e8880000, 0x00000000e8880000, 0x00000000e9990000)
  to   space 17472K,   0% used [0x00000000e9990000, 0x00000000e9990000, 0x00000000eaaa0000)
 concurrent mark-sweep generation total 349568K, used 1056K [0x00000000eaaa0000, 0x0000000100000000, 0x0000000100000000)
 Metaspace       used 3956K, capacity 4568K, committed 4864K, reserved 1056768K
  class space    used 431K, capacity 460K, committed 512K, reserved 1048576K
}
2024-07-23T00:26:00.830+0800: 9.487: Total time for which application threads were stopped: 0.0039964 seconds, Stopping threads took: 0.0000256 seconds
2024-07-23T00:26:00.846+0800: 9.504: [GC (CMS Initial Mark) [1 CMS-initial-mark: 205856K(349568K)] 205856K(506816K), 0.0007080 secs] [Times: user=0.00 sys=0.00, real=0.00 secs] 
2024-07-23T00:26:00.847+0800: 9.505: Total time for which application threads were stopped: 0.0181594 seconds, Stopping threads took: 0.0173952 seconds
2024-07-23T00:26:00.847+0800: 9.505: [CMS-concurrent-mark-start]
2024-07-23T00:26:00.848+0800: 9.506: [CMS-concurrent-mark: 0.001/0.001 secs] [Times: user=0.00 sys=0.00, real=0.00 secs] 
2024-07-23T00:26:00.848+0800: 9.506: [CMS-concurrent-preclean-start]
2024-07-23T00:26:00.849+0800: 9.506: [CMS-concurrent-preclean: 0.000/0.000 secs] [Times: user=0.00 sys=0.00, real=0.00 secs] 
2024-07-23T00:26:00.849+0800: 9.506: [GC (CMS Final Remark) [YG occupancy: 0 K (157248 K)]2024-07-23T00:26:00.849+0800: 9.506: [Rescan (parallel) , 0.0003184 secs]2024-07-23T00:26:00.849+0800: 9.507: [weak refs processing, 0.0000139 secs]2024-07-23T00:26:00.849+0800: 9.507: [class unloading, 0.0002737 secs]2024-07-23T00:26:00.849+0800: 9.507: [scrub symbol table, 0.0003647 secs]2024-07-23T00:26:00.850+0800: 9.507: [scrub string table, 0.0001160 secs][1 CMS-remark: 205856K(349568K)] 205856K(506816K), 0.0011520 secs] [Times: user=0.00 sys=0.00, real=0.00 secs] 
2024-07-23T00:26:00.850+0800: 9.508: Total time for which application threads were stopped: 0.0012123 seconds, Stopping threads took: 0.0000206 seconds
2024-07-23T00:26:00.850+0800: 9.508: [CMS-concurrent-sweep-start]
2024-07-23T00:26:00.850+0800: 9.508: [CMS-concurrent-sweep: 0.000/0.000 secs] [Times: user=0.00 sys=0.00, real=0.00 secs] 
2024-07-23T00:26:00.850+0800: 9.508: [CMS-concurrent-reset-start]
2024-07-23T00:26:00.851+0800: 9.508: [CMS-concurrent-reset: 0.000/0.000 secs] [Times: user=0.00 sys=0.00, real=0.00 secs] 
{Heap before GC invocations=212 (full 421):
 par new generation   total 157248K, used 0K [0x00000000e0000000, 0x00000000eaaa0000, 0x00000000eaaa0000)
  eden space 139776K,   0% used [0x00000000e0000000, 0x00000000e0000000, 0x00000000e8880000)
  from space 17472K,   0% used [0x00000000e8880000, 0x00000000e8880000, 0x00000000e9990000)
  to   space 17472K,   0% used [0x00000000e9990000, 0x00000000e9990000, 0x00000000eaaa0000)
 concurrent mark-sweep generation total 349568K, used 205856K [0x00000000eaaa0000, 0x0000000100000000, 0x0000000100000000)
 Metaspace       used 3956K, capacity 4568K, committed 4864K, reserved 1056768K
  class space    used 431K, capacity 460K, committed 512K, reserved 1048576K
2024-07-23T00:26:00.873+0800: 9.530: [GC (Allocation Failure) 2024-07-23T00:26:00.873+0800: 9.530: [ParNew
Desired survivor size 8945664 bytes, new threshold 6 (max 6)
: 0K->0K(157248K), 0.0007807 secs]2024-07-23T00:26:00.874+0800: 9.531: [CMS: 205856K->1056K(349568K), 0.0028052 secs] 205856K->1056K(506816K), [Metaspace: 3956K->3956K(1056768K)], 0.0036983 secs] [Times: user=0.00 sys=0.00, real=0.00 secs] 
Heap after GC invocations=213 (full 422):
 par new generation   total 157248K, used 0K [0x00000000e0000000, 0x00000000eaaa0000, 0x00000000eaaa0000)
  eden space 139776K,   0% used [0x00000000e0000000, 0x00000000e0000000, 0x00000000e8880000)
  from space 17472K,   0% used [0x00000000e9990000, 0x00000000e9990000, 0x00000000eaaa0000)
  to   space 17472K,   0% used [0x00000000e8880000, 0x00000000e8880000, 0x00000000e9990000)
 concurrent mark-sweep generation total 349568K, used 1056K [0x00000000eaaa0000, 0x0000000100000000, 0x0000000100000000)
 Metaspace       used 3956K, capacity 4568K, committed 4864K, reserved 1056768K
  class space    used 431K, capacity 460K, committed 512K, reserved 1048576K
}
2024-07-23T00:26:00.877+0800: 9.534: Total time for which application threads were stopped: 0.0038532 seconds, Stopping threads took: 0.0000334 seconds
2024-07-23T00:26:00.896+0800: 9.553: [GC (CMS Initial Mark) [1 CMS-initial-mark: 205856K(349568K)] 205856K(506816K), 0.0001876 secs] [Times: user=0.00 sys=0.00, real=0.00 secs] 
2024-07-23T00:26:00.897+0800: 9.553: Total time for which application threads were stopped: 0.0197541 seconds, Stopping threads took: 0.0195037 seconds
2024-07-23T00:26:00.897+0800: 9.553: [CMS-concurrent-mark-start]
2024-07-23T00:26:00.898+0800: 9.555: [CMS-concurrent-mark: 0.001/0.001 secs] [Times: user=0.00 sys=0.00, real=0.00 secs] 
2024-07-23T00:26:00.898+0800: 9.555: [CMS-concurrent-preclean-start]
2024-07-23T00:26:00.898+0800: 9.555: [CMS-concurrent-preclean: 0.000/0.000 secs] [Times: user=0.00 sys=0.00, real=0.00 secs] 
2024-07-23T00:26:00.898+0800: 9.555: [GC (CMS Final Remark) [YG occupancy: 0 K (157248 K)]2024-07-23T00:26:00.898+0800: 9.555: [Rescan (parallel) , 0.0001402 secs]2024-07-23T00:26:00.898+0800: 9.555: [weak refs processing, 0.0000093 secs]2024-07-23T00:26:00.898+0800: 9.555: [class unloading, 0.0002074 secs]2024-07-23T00:26:00.898+0800: 9.555: [scrub symbol table, 0.0003348 secs]2024-07-23T00:26:00.899+0800: 9.556: [scrub string table, 0.0000831 secs][1 CMS-remark: 205856K(349568K)] 205856K(506816K), 0.0008175 secs] [Times: user=0.00 sys=0.00, real=0.00 secs] 
2024-07-23T00:26:00.899+0800: 9.556: Total time for which application threads were stopped: 0.0008627 seconds, Stopping threads took: 0.0000187 seconds
2024-07-23T00:26:00.899+0800: 9.556: [CMS-concurrent-sweep-start]
2024-07-23T00:26:00.899+0800: 9.556: [CMS-concurrent-sweep: 0.000/0.000 secs] [Times: user=0.00 sys=0.00, real=0.00 secs] 
2024-07-23T00:26:00.899+0800: 9.556: [CMS-concurrent-reset-start]
2024-07-23T00:26:00.899+0800: 9.556: [CMS-concurrent-reset: 0.000/0.000 secs] [Times: user=0.00 sys=0.00, real=0.00 secs] 
{Heap before GC invocations=213 (full 423):
 par new generation   total 157248K, used 0K [0x00000000e0000000, 0x00000000eaaa0000, 0x00000000eaaa0000)
  eden space 139776K,   0% used [0x00000000e0000000, 0x00000000e0000000, 0x00000000e8880000)
  from space 17472K,   0% used [0x00000000e9990000, 0x00000000e9990000, 0x00000000eaaa0000)
  to   space 17472K,   0% used [0x00000000e8880000, 0x00000000e8880000, 0x00000000e9990000)
 concurrent mark-sweep generation total 349568K, used 205856K [0x00000000eaaa0000, 0x0000000100000000, 0x0000000100000000)
 Metaspace       used 3956K, capacity 4568K, committed 4864K, reserved 1056768K
  class space    used 431K, capacity 460K, committed 512K, reserved 1048576K
2024-07-23T00:26:00.921+0800: 9.578: [GC (Allocation Failure) 2024-07-23T00:26:00.921+0800: 9.578: [ParNew
Desired survivor size 8945664 bytes, new threshold 6 (max 6)
: 0K->0K(157248K), 0.0005446 secs]2024-07-23T00:26:00.921+0800: 9.578: [CMS: 205856K->1056K(349568K), 0.0025845 secs] 205856K->1056K(506816K), [Metaspace: 3956K->3956K(1056768K)], 0.0032573 secs] [Times: user=0.00 sys=0.00, real=0.00 secs] 
Heap after GC invocations=214 (full 424):
 par new generation   total 157248K, used 0K [0x00000000e0000000, 0x00000000eaaa0000, 0x00000000eaaa0000)
  eden space 139776K,   0% used [0x00000000e0000000, 0x00000000e0000000, 0x00000000e8880000)
  from space 17472K,   0% used [0x00000000e8880000, 0x00000000e8880000, 0x00000000e9990000)
  to   space 17472K,   0% used [0x00000000e9990000, 0x00000000e9990000, 0x00000000eaaa0000)
 concurrent mark-sweep generation total 349568K, used 1056K [0x00000000eaaa0000, 0x0000000100000000, 0x0000000100000000)
 Metaspace       used 3956K, capacity 4568K, committed 4864K, reserved 1056768K
  class space    used 431K, capacity 460K, committed 512K, reserved 1048576K
}
2024-07-23T00:26:00.924+0800: 9.581: Total time for which application threads were stopped: 0.0033860 seconds, Stopping threads took: 0.0000216 seconds
2024-07-23T00:26:00.945+0800: 9.602: [GC (CMS Initial Mark) [1 CMS-initial-mark: 205856K(349568K)] 205856K(506816K), 0.0001946 secs] [Times: user=0.00 sys=0.00, real=0.00 secs] 
2024-07-23T00:26:00.945+0800: 9.602: Total time for which application threads were stopped: 0.0209020 seconds, Stopping threads took: 0.0206266 seconds
2024-07-23T00:26:00.945+0800: 9.602: [CMS-concurrent-mark-start]
2024-07-23T00:26:00.946+0800: 9.603: [CMS-concurrent-mark: 0.001/0.001 secs] [Times: user=0.00 sys=0.00, real=0.00 secs] 
2024-07-23T00:26:00.946+0800: 9.603: [CMS-concurrent-preclean-start]
2024-07-23T00:26:00.947+0800: 9.604: [CMS-concurrent-preclean: 0.000/0.000 secs] [Times: user=0.00 sys=0.00, real=0.00 secs] 
2024-07-23T00:26:00.947+0800: 9.604: [GC (CMS Final Remark) [YG occupancy: 0 K (157248 K)]2024-07-23T00:26:00.947+0800: 9.604: [Rescan (parallel) , 0.0002293 secs]2024-07-23T00:26:00.947+0800: 9.604: [weak refs processing, 0.0000099 secs]2024-07-23T00:26:00.947+0800: 9.604: [class unloading, 0.0002538 secs]2024-07-23T00:26:00.947+0800: 9.604: [scrub symbol table, 0.0003199 secs]2024-07-23T00:26:00.947+0800: 9.604: [scrub string table, 0.0000911 secs][1 CMS-remark: 205856K(349568K)] 205856K(506816K), 0.0009561 secs] [Times: user=0.00 sys=0.00, real=0.00 secs] 
2024-07-23T00:26:00.948+0800: 9.605: Total time for which application threads were stopped: 0.0010008 seconds, Stopping threads took: 0.0000191 seconds
2024-07-23T00:26:00.948+0800: 9.605: [CMS-concurrent-sweep-start]
2024-07-23T00:26:00.948+0800: 9.605: [CMS-concurrent-sweep: 0.000/0.000 secs] [Times: user=0.00 sys=0.00, real=0.00 secs] 
2024-07-23T00:26:00.948+0800: 9.605: [CMS-concurrent-reset-start]
2024-07-23T00:26:00.948+0800: 9.605: [CMS-concurrent-reset: 0.000/0.000 secs] [Times: user=0.00 sys=0.00, real=0.00 secs] 
{Heap before GC invocations=214 (full 425):
 par new generation   total 157248K, used 0K [0x00000000e0000000, 0x00000000eaaa0000, 0x00000000eaaa0000)
  eden space 139776K,   0% used [0x00000000e0000000, 0x00000000e0000000, 0x00000000e8880000)
  from space 17472K,   0% used [0x00000000e8880000, 0x00000000e8880000, 0x00000000e9990000)
  to   space 17472K,   0% used [0x00000000e9990000, 0x00000000e9990000, 0x00000000eaaa0000)
 concurrent mark-sweep generation total 349568K, used 205856K [0x00000000eaaa0000, 0x0000000100000000, 0x0000000100000000)
 Metaspace       used 3956K, capacity 4568K, committed 4864K, reserved 1056768K
  class space    used 431K, capacity 460K, committed 512K, reserved 1048576K
2024-07-23T00:26:00.968+0800: 9.625: [GC (Allocation Failure) 2024-07-23T00:26:00.968+0800: 9.625: [ParNew
Desired survivor size 8945664 bytes, new threshold 6 (max 6)
: 0K->0K(157248K), 0.0006170 secs]2024-07-23T00:26:00.969+0800: 9.626: [CMS: 205856K->1056K(349568K), 0.0043674 secs] 205856K->1056K(506816K), [Metaspace: 3956K->3956K(1056768K)], 0.0052190 secs] [Times: user=0.00 sys=0.00, real=0.01 secs] 
Heap after GC invocations=215 (full 426):
 par new generation   total 157248K, used 0K [0x00000000e0000000, 0x00000000eaaa0000, 0x00000000eaaa0000)
  eden space 139776K,   0% used [0x00000000e0000000, 0x00000000e0000000, 0x00000000e8880000)
  from space 17472K,   0% used [0x00000000e9990000, 0x00000000e9990000, 0x00000000eaaa0000)
  to   space 17472K,   0% used [0x00000000e8880000, 0x00000000e8880000, 0x00000000e9990000)
 concurrent mark-sweep generation total 349568K, used 1056K [0x00000000eaaa0000, 0x0000000100000000, 0x0000000100000000)
 Metaspace       used 3956K, capacity 4568K, committed 4864K, reserved 1056768K
  class space    used 431K, capacity 460K, committed 512K, reserved 1048576K
}
2024-07-23T00:26:00.974+0800: 9.631: Total time for which application threads were stopped: 0.0054390 seconds, Stopping threads took: 0.0000317 seconds
2024-07-23T00:26:01.000+0800: 9.657: [GC (CMS Initial Mark) [1 CMS-initial-mark: 205856K(349568K)] 205856K(506816K), 0.0004001 secs] [Times: user=0.00 sys=0.00, real=0.00 secs] 
2024-07-23T00:26:01.000+0800: 9.657: Total time for which application threads were stopped: 0.0254891 seconds, Stopping threads took: 0.0249077 seconds
2024-07-23T00:26:01.000+0800: 9.658: [CMS-concurrent-mark-start]
2024-07-23T00:26:01.002+0800: 9.659: [CMS-concurrent-mark: 0.002/0.002 secs] [Times: user=0.00 sys=0.00, real=0.00 secs] 
2024-07-23T00:26:01.002+0800: 9.659: [CMS-concurrent-preclean-start]
2024-07-23T00:26:01.003+0800: 9.660: [CMS-concurrent-preclean: 0.000/0.000 secs] [Times: user=0.00 sys=0.00, real=0.00 secs] 
2024-07-23T00:26:01.003+0800: 9.660: [GC (CMS Final Remark) [YG occupancy: 0 K (157248 K)]2024-07-23T00:26:01.003+0800: 9.660: [Rescan (parallel) , 0.0003243 secs]2024-07-23T00:26:01.004+0800: 9.661: [weak refs processing, 0.0000194 secs]2024-07-23T00:26:01.004+0800: 9.661: [class unloading, 0.0007430 secs]2024-07-23T00:26:01.005+0800: 9.661: [scrub symbol table, 0.0009426 secs]2024-07-23T00:26:01.005+0800: 9.662: [scrub string table, 0.0002255 secs][1 CMS-remark: 205856K(349568K)] 205856K(506816K), 0.0023953 secs] [Times: user=0.00 sys=0.00, real=0.00 secs] 
2024-07-23T00:26:01.006+0800: 9.663: Total time for which application threads were stopped: 0.0025212 seconds, Stopping threads took: 0.0000428 seconds
2024-07-23T00:26:01.006+0800: 9.663: [CMS-concurrent-sweep-start]
2024-07-23T00:26:01.006+0800: 9.663: [CMS-concurrent-sweep: 0.000/0.000 secs] [Times: user=0.00 sys=0.00, real=0.00 secs] 
2024-07-23T00:26:01.006+0800: 9.663: [CMS-concurrent-reset-start]
2024-07-23T00:26:01.007+0800: 9.664: [CMS-concurrent-reset: 0.001/0.001 secs] [Times: user=0.00 sys=0.00, real=0.00 secs] 
{Heap before GC invocations=215 (full 427):
 par new generation   total 157248K, used 0K [0x00000000e0000000, 0x00000000eaaa0000, 0x00000000eaaa0000)
  eden space 139776K,   0% used [0x00000000e0000000, 0x00000000e0000000, 0x00000000e8880000)
  from space 17472K,   0% used [0x00000000e9990000, 0x00000000e9990000, 0x00000000eaaa0000)
  to   space 17472K,   0% used [0x00000000e8880000, 0x00000000e8880000, 0x00000000e9990000)
 concurrent mark-sweep generation total 349568K, used 205856K [0x00000000eaaa0000, 0x0000000100000000, 0x0000000100000000)
 Metaspace       used 3956K, capacity 4568K, committed 4864K, reserved 1056768K
  class space    used 431K, capacity 460K, committed 512K, reserved 1048576K
2024-07-23T00:26:01.015+0800: 9.672: [GC (Allocation Failure) 2024-07-23T00:26:01.015+0800: 9.672: [ParNew
Desired survivor size 8945664 bytes, new threshold 6 (max 6)
: 0K->0K(157248K), 0.0005657 secs]2024-07-23T00:26:01.016+0800: 9.672: [CMS: 205856K->1056K(349568K), 0.0077343 secs] 205856K->1056K(506816K), [Metaspace: 3956K->3956K(1056768K)], 0.0086906 secs] [Times: user=0.02 sys=0.00, real=0.01 secs] 
Heap after GC invocations=216 (full 428):
 par new generation   total 157248K, used 0K [0x00000000e0000000, 0x00000000eaaa0000, 0x00000000eaaa0000)
  eden space 139776K,   0% used [0x00000000e0000000, 0x00000000e0000000, 0x00000000e8880000)
  from space 17472K,   0% used [0x00000000e8880000, 0x00000000e8880000, 0x00000000e9990000)
  to   space 17472K,   0% used [0x00000000e9990000, 0x00000000e9990000, 0x00000000eaaa0000)
 concurrent mark-sweep generation total 349568K, used 1056K [0x00000000eaaa0000, 0x0000000100000000, 0x0000000100000000)
 Metaspace       used 3956K, capacity 4568K, committed 4864K, reserved 1056768K
  class space    used 431K, capacity 460K, committed 512K, reserved 1048576K
}
2024-07-23T00:26:01.023+0800: 9.681: Total time for which application threads were stopped: 0.0089449 seconds, Stopping threads took: 0.0000370 seconds
2024-07-23T00:26:01.046+0800: 9.702: [GC (CMS Initial Mark) [1 CMS-initial-mark: 205856K(349568K)] 205856K(506816K), 0.0004960 secs] [Times: user=0.00 sys=0.00, real=0.00 secs] 
2024-07-23T00:26:01.046+0800: 9.703: Total time for which application threads were stopped: 0.0223639 seconds, Stopping threads took: 0.0217018 seconds
2024-07-23T00:26:01.046+0800: 9.703: [CMS-concurrent-mark-start]
2024-07-23T00:26:01.048+0800: 9.705: [CMS-concurrent-mark: 0.002/0.002 secs] [Times: user=0.00 sys=0.00, real=0.00 secs] 
2024-07-23T00:26:01.048+0800: 9.705: [CMS-concurrent-preclean-start]
2024-07-23T00:26:01.048+0800: 9.705: [CMS-concurrent-preclean: 0.001/0.001 secs] [Times: user=0.00 sys=0.00, real=0.00 secs] 
2024-07-23T00:26:01.049+0800: 9.706: [GC (CMS Final Remark) [YG occupancy: 0 K (157248 K)]2024-07-23T00:26:01.049+0800: 9.706: [Rescan (parallel) , 0.0003911 secs]2024-07-23T00:26:01.049+0800: 9.706: [weak refs processing, 0.0000146 secs]2024-07-23T00:26:01.049+0800: 9.706: [class unloading, 0.0007256 secs]2024-07-23T00:26:01.050+0800: 9.707: [scrub symbol table, 0.0008742 secs]2024-07-23T00:26:01.050+0800: 9.708: [scrub string table, 0.0002061 secs][1 CMS-remark: 205856K(349568K)] 205856K(506816K), 0.0023614 secs] [Times: user=0.00 sys=0.00, real=0.00 secs] 
2024-07-23T00:26:01.051+0800: 9.708: Total time for which application threads were stopped: 0.0024691 seconds, Stopping threads took: 0.0000328 seconds
2024-07-23T00:26:01.051+0800: 9.708: [CMS-concurrent-sweep-start]
2024-07-23T00:26:01.052+0800: 9.709: [CMS-concurrent-sweep: 0.000/0.000 secs] [Times: user=0.00 sys=0.00, real=0.00 secs] 
2024-07-23T00:26:01.052+0800: 9.709: [CMS-concurrent-reset-start]
2024-07-23T00:26:01.052+0800: 9.709: [CMS-concurrent-reset: 0.000/0.000 secs] [Times: user=0.00 sys=0.00, real=0.00 secs] 
{Heap before GC invocations=216 (full 429):
 par new generation   total 157248K, used 0K [0x00000000e0000000, 0x00000000eaaa0000, 0x00000000eaaa0000)
  eden space 139776K,   0% used [0x00000000e0000000, 0x00000000e0000000, 0x00000000e8880000)
  from space 17472K,   0% used [0x00000000e8880000, 0x00000000e8880000, 0x00000000e9990000)
  to   space 17472K,   0% used [0x00000000e9990000, 0x00000000e9990000, 0x00000000eaaa0000)
 concurrent mark-sweep generation total 349568K, used 205856K [0x00000000eaaa0000, 0x0000000100000000, 0x0000000100000000)
 Metaspace       used 3956K, capacity 4568K, committed 4864K, reserved 1056768K
  class space    used 431K, capacity 460K, committed 512K, reserved 1048576K
2024-07-23T00:26:01.060+0800: 9.717: [GC (Allocation Failure) 2024-07-23T00:26:01.060+0800: 9.717: [ParNew
Desired survivor size 8945664 bytes, new threshold 6 (max 6)
: 0K->0K(157248K), 0.0007673 secs]2024-07-23T00:26:01.061+0800: 9.718: [CMS: 205856K->1056K(349568K), 0.0050341 secs] 205856K->1056K(506816K), [Metaspace: 3956K->3956K(1056768K)], 0.0060387 secs] [Times: user=0.00 sys=0.00, real=0.01 secs] 
Heap after GC invocations=217 (full 430):
 par new generation   total 157248K, used 0K [0x00000000e0000000, 0x00000000eaaa0000, 0x00000000eaaa0000)
  eden space 139776K,   0% used [0x00000000e0000000, 0x00000000e0000000, 0x00000000e8880000)
  from space 17472K,   0% used [0x00000000e9990000, 0x00000000e9990000, 0x00000000eaaa0000)
  to   space 17472K,   0% used [0x00000000e8880000, 0x00000000e8880000, 0x00000000e9990000)
 concurrent mark-sweep generation total 349568K, used 1056K [0x00000000eaaa0000, 0x0000000100000000, 0x0000000100000000)
 Metaspace       used 3956K, capacity 4568K, committed 4864K, reserved 1056768K
  class space    used 431K, capacity 460K, committed 512K, reserved 1048576K
}
2024-07-23T00:26:01.066+0800: 9.723: Total time for which application threads were stopped: 0.0062665 seconds, Stopping threads took: 0.0000305 seconds
2024-07-23T00:26:01.090+0800: 9.747: [GC (CMS Initial Mark) [1 CMS-initial-mark: 205856K(349568K)] 205856K(506816K), 0.0004702 secs] [Times: user=0.00 sys=0.00, real=0.00 secs] 
2024-07-23T00:26:01.091+0800: 9.748: Total time for which application threads were stopped: 0.0245170 seconds, Stopping threads took: 0.0238909 seconds
2024-07-23T00:26:01.091+0800: 9.748: [CMS-concurrent-mark-start]
2024-07-23T00:26:01.093+0800: 9.750: [CMS-concurrent-mark: 0.002/0.002 secs] [Times: user=0.01 sys=0.00, real=0.00 secs] 
2024-07-23T00:26:01.093+0800: 9.750: [CMS-concurrent-preclean-start]
2024-07-23T00:26:01.094+0800: 9.751: [CMS-concurrent-preclean: 0.001/0.001 secs] [Times: user=0.00 sys=0.00, real=0.00 secs] 
2024-07-23T00:26:01.094+0800: 9.751: [GC (CMS Final Remark) [YG occupancy: 0 K (157248 K)]2024-07-23T00:26:01.094+0800: 9.751: [Rescan (parallel) , 0.0003728 secs]2024-07-23T00:26:01.094+0800: 9.751: [weak refs processing, 0.0000191 secs]2024-07-23T00:26:01.094+0800: 9.751: [class unloading, 0.0005200 secs]2024-07-23T00:26:01.095+0800: 9.752: [scrub symbol table, 0.0011133 secs]2024-07-23T00:26:01.096+0800: 9.753: [scrub string table, 0.0002936 secs][1 CMS-remark: 205856K(349568K)] 205856K(506816K), 0.0025414 secs] [Times: user=0.00 sys=0.00, real=0.00 secs] 
2024-07-23T00:26:01.097+0800: 9.754: Total time for which application threads were stopped: 0.0026808 seconds, Stopping threads took: 0.0000523 seconds
2024-07-23T00:26:01.097+0800: 9.754: [CMS-concurrent-sweep-start]
2024-07-23T00:26:01.097+0800: 9.754: [CMS-concurrent-sweep: 0.001/0.001 secs] [Times: user=0.00 sys=0.00, real=0.00 secs] 
2024-07-23T00:26:01.097+0800: 9.754: [CMS-concurrent-reset-start]
2024-07-23T00:26:01.099+0800: 9.756: [CMS-concurrent-reset: 0.001/0.001 secs] [Times: user=0.00 sys=0.00, real=0.00 secs] 
{Heap before GC invocations=217 (full 431):
 par new generation   total 157248K, used 0K [0x00000000e0000000, 0x00000000eaaa0000, 0x00000000eaaa0000)
  eden space 139776K,   0% used [0x00000000e0000000, 0x00000000e0000000, 0x00000000e8880000)
  from space 17472K,   0% used [0x00000000e9990000, 0x00000000e9990000, 0x00000000eaaa0000)
  to   space 17472K,   0% used [0x00000000e8880000, 0x00000000e8880000, 0x00000000e9990000)
 concurrent mark-sweep generation total 349568K, used 205856K [0x00000000eaaa0000, 0x0000000100000000, 0x0000000100000000)
 Metaspace       used 3956K, capacity 4568K, committed 4864K, reserved 1056768K
  class space    used 431K, capacity 460K, committed 512K, reserved 1048576K
2024-07-23T00:26:01.106+0800: 9.763: [GC (Allocation Failure) 2024-07-23T00:26:01.106+0800: 9.763: [ParNew
Desired survivor size 8945664 bytes, new threshold 6 (max 6)
: 0K->0K(157248K), 0.0007682 secs]2024-07-23T00:26:01.107+0800: 9.764: [CMS: 205856K->1056K(349568K), 0.0048713 secs] 205856K->1056K(506816K), [Metaspace: 3956K->3956K(1056768K)], 0.0058545 secs] [Times: user=0.02 sys=0.00, real=0.01 secs] 
Heap after GC invocations=218 (full 432):
 par new generation   total 157248K, used 0K [0x00000000e0000000, 0x00000000eaaa0000, 0x00000000eaaa0000)
  eden space 139776K,   0% used [0x00000000e0000000, 0x00000000e0000000, 0x00000000e8880000)
  from space 17472K,   0% used [0x00000000e8880000, 0x00000000e8880000, 0x00000000e9990000)
  to   space 17472K,   0% used [0x00000000e9990000, 0x00000000e9990000, 0x00000000eaaa0000)
 concurrent mark-sweep generation total 349568K, used 1056K [0x00000000eaaa0000, 0x0000000100000000, 0x0000000100000000)
 Metaspace       used 3956K, capacity 4568K, committed 4864K, reserved 1056768K
  class space    used 431K, capacity 460K, committed 512K, reserved 1048576K
}
2024-07-23T00:26:01.112+0800: 9.769: Total time for which application threads were stopped: 0.0060637 seconds, Stopping threads took: 0.0000331 seconds
2024-07-23T00:26:01.132+0800: 9.788: [GC (CMS Initial Mark) [1 CMS-initial-mark: 205856K(349568K)] 205856K(506816K), 0.0003620 secs] [Times: user=0.00 sys=0.00, real=0.00 secs] 
2024-07-23T00:26:01.132+0800: 9.789: Total time for which application threads were stopped: 0.0195288 seconds, Stopping threads took: 0.0189876 seconds
2024-07-23T00:26:01.132+0800: 9.789: [CMS-concurrent-mark-start]
2024-07-23T00:26:01.134+0800: 9.791: [CMS-concurrent-mark: 0.002/0.002 secs] [Times: user=0.00 sys=0.00, real=0.00 secs] 
2024-07-23T00:26:01.134+0800: 9.791: [CMS-concurrent-preclean-start]
2024-07-23T00:26:01.135+0800: 9.791: [CMS-concurrent-preclean: 0.000/0.000 secs] [Times: user=0.00 sys=0.00, real=0.00 secs] 
2024-07-23T00:26:01.135+0800: 9.792: [GC (CMS Final Remark) [YG occupancy: 0 K (157248 K)]2024-07-23T00:26:01.135+0800: 9.792: [Rescan (parallel) , 0.0004303 secs]2024-07-23T00:26:01.135+0800: 9.792: [weak refs processing, 0.0000165 secs]2024-07-23T00:26:01.135+0800: 9.792: [class unloading, 0.0004872 secs]2024-07-23T00:26:01.136+0800: 9.793: [scrub symbol table, 0.0005675 secs]2024-07-23T00:26:01.136+0800: 9.793: [scrub string table, 0.0002156 secs][1 CMS-remark: 205856K(349568K)] 205856K(506816K), 0.0018356 secs] [Times: user=0.00 sys=0.00, real=0.00 secs] 
2024-07-23T00:26:01.136+0800: 9.793: Total time for which application threads were stopped: 0.0019463 seconds, Stopping threads took: 0.0000389 seconds
2024-07-23T00:26:01.136+0800: 9.793: [CMS-concurrent-sweep-start]
2024-07-23T00:26:01.136+0800: 9.794: [CMS-concurrent-sweep: 0.000/0.000 secs] [Times: user=0.00 sys=0.00, real=0.00 secs] 
2024-07-23T00:26:01.136+0800: 9.794: [CMS-concurrent-reset-start]
2024-07-23T00:26:01.137+0800: 9.794: [CMS-concurrent-reset: 0.000/0.000 secs] [Times: user=0.02 sys=0.00, real=0.00 secs] 
{Heap before GC invocations=218 (full 433):
 par new generation   total 157248K, used 0K [0x00000000e0000000, 0x00000000eaaa0000, 0x00000000eaaa0000)
  eden space 139776K,   0% used [0x00000000e0000000, 0x00000000e0000000, 0x00000000e8880000)
  from space 17472K,   0% used [0x00000000e8880000, 0x00000000e8880000, 0x00000000e9990000)
  to   space 17472K,   0% used [0x00000000e9990000, 0x00000000e9990000, 0x00000000eaaa0000)
 concurrent mark-sweep generation total 349568K, used 205856K [0x00000000eaaa0000, 0x0000000100000000, 0x0000000100000000)
 Metaspace       used 3956K, capacity 4568K, committed 4864K, reserved 1056768K
  class space    used 431K, capacity 460K, committed 512K, reserved 1048576K
2024-07-23T00:26:01.152+0800: 9.809: [GC (Allocation Failure) 2024-07-23T00:26:01.152+0800: 9.809: [ParNew
Desired survivor size 8945664 bytes, new threshold 6 (max 6)
: 0K->0K(157248K), 0.0005853 secs]2024-07-23T00:26:01.152+0800: 9.810: [CMS: 205856K->1056K(349568K), 0.0052694 secs] 205856K->1056K(506816K), [Metaspace: 3956K->3956K(1056768K)], 0.0060591 secs] [Times: user=0.00 sys=0.00, real=0.01 secs] 
Heap after GC invocations=219 (full 434):
 par new generation   total 157248K, used 0K [0x00000000e0000000, 0x00000000eaaa0000, 0x00000000eaaa0000)
  eden space 139776K,   0% used [0x00000000e0000000, 0x00000000e0000000, 0x00000000e8880000)
  from space 17472K,   0% used [0x00000000e9990000, 0x00000000e9990000, 0x00000000eaaa0000)
  to   space 17472K,   0% used [0x00000000e8880000, 0x00000000e8880000, 0x00000000e9990000)
 concurrent mark-sweep generation total 349568K, used 1056K [0x00000000eaaa0000, 0x0000000100000000, 0x0000000100000000)
 Metaspace       used 3956K, capacity 4568K, committed 4864K, reserved 1056768K
  class space    used 431K, capacity 460K, committed 512K, reserved 1048576K
}
2024-07-23T00:26:01.158+0800: 9.815: Total time for which application threads were stopped: 0.0062773 seconds, Stopping threads took: 0.0000380 seconds
2024-07-23T00:26:01.176+0800: 9.833: [GC (CMS Initial Mark) [1 CMS-initial-mark: 205856K(349568K)] 205856K(506816K), 0.0003518 secs] [Times: user=0.00 sys=0.00, real=0.00 secs] 
2024-07-23T00:26:01.176+0800: 9.833: Total time for which application threads were stopped: 0.0178283 seconds, Stopping threads took: 0.0173407 seconds
2024-07-23T00:26:01.176+0800: 9.833: [CMS-concurrent-mark-start]
2024-07-23T00:26:01.178+0800: 9.835: [CMS-concurrent-mark: 0.002/0.002 secs] [Times: user=0.00 sys=0.00, real=0.00 secs] 
2024-07-23T00:26:01.178+0800: 9.835: [CMS-concurrent-preclean-start]
2024-07-23T00:26:01.179+0800: 9.835: [CMS-concurrent-preclean: 0.000/0.000 secs] [Times: user=0.00 sys=0.00, real=0.00 secs] 
2024-07-23T00:26:01.179+0800: 9.836: [GC (CMS Final Remark) [YG occupancy: 0 K (157248 K)]2024-07-23T00:26:01.179+0800: 9.836: [Rescan (parallel) , 0.0003383 secs]2024-07-23T00:26:01.179+0800: 9.836: [weak refs processing, 0.0000171 secs]2024-07-23T00:26:01.179+0800: 9.836: [class unloading, 0.0004446 secs]2024-07-23T00:26:01.180+0800: 9.836: [scrub symbol table, 0.0006122 secs]2024-07-23T00:26:01.180+0800: 9.837: [scrub string table, 0.0001271 secs][1 CMS-remark: 205856K(349568K)] 205856K(506816K), 0.0016350 secs] [Times: user=0.00 sys=0.00, real=0.00 secs] 
2024-07-23T00:26:01.180+0800: 9.837: Total time for which application threads were stopped: 0.0017273 seconds, Stopping threads took: 0.0000354 seconds
2024-07-23T00:26:01.180+0800: 9.837: [CMS-concurrent-sweep-start]
2024-07-23T00:26:01.181+0800: 9.838: [CMS-concurrent-sweep: 0.000/0.000 secs] [Times: user=0.00 sys=0.00, real=0.00 secs] 
2024-07-23T00:26:01.181+0800: 9.838: [CMS-concurrent-reset-start]
2024-07-23T00:26:01.181+0800: 9.838: [CMS-concurrent-reset: 0.001/0.001 secs] [Times: user=0.00 sys=0.00, real=0.00 secs] 
{Heap before GC invocations=219 (full 435):
 par new generation   total 157248K, used 0K [0x00000000e0000000, 0x00000000eaaa0000, 0x00000000eaaa0000)
  eden space 139776K,   0% used [0x00000000e0000000, 0x00000000e0000000, 0x00000000e8880000)
  from space 17472K,   0% used [0x00000000e9990000, 0x00000000e9990000, 0x00000000eaaa0000)
  to   space 17472K,   0% used [0x00000000e8880000, 0x00000000e8880000, 0x00000000e9990000)
 concurrent mark-sweep generation total 349568K, used 205856K [0x00000000eaaa0000, 0x0000000100000000, 0x0000000100000000)
 Metaspace       used 3956K, capacity 4568K, committed 4864K, reserved 1056768K
  class space    used 431K, capacity 460K, committed 512K, reserved 1048576K
2024-07-23T00:26:01.197+0800: 9.854: [GC (Allocation Failure) 2024-07-23T00:26:01.197+0800: 9.855: [ParNew
Desired survivor size 8945664 bytes, new threshold 6 (max 6)
: 0K->0K(157248K), 0.0005933 secs]2024-07-23T00:26:01.198+0800: 9.855: [CMS: 205856K->1056K(349568K), 0.0045301 secs] 205856K->1056K(506816K), [Metaspace: 3956K->3956K(1056768K)], 0.0053522 secs] [Times: user=0.00 sys=0.00, real=0.01 secs] 
Heap after GC invocations=220 (full 436):
 par new generation   total 157248K, used 0K [0x00000000e0000000, 0x00000000eaaa0000, 0x00000000eaaa0000)
  eden space 139776K,   0% used [0x00000000e0000000, 0x00000000e0000000, 0x00000000e8880000)
  from space 17472K,   0% used [0x00000000e8880000, 0x00000000e8880000, 0x00000000e9990000)
  to   space 17472K,   0% used [0x00000000e9990000, 0x00000000e9990000, 0x00000000eaaa0000)
 concurrent mark-sweep generation total 349568K, used 1056K [0x00000000eaaa0000, 0x0000000100000000, 0x0000000100000000)
 Metaspace       used 3956K, capacity 4568K, committed 4864K, reserved 1056768K
  class space    used 431K, capacity 460K, committed 512K, reserved 1048576K
}
2024-07-23T00:26:01.203+0800: 9.860: Total time for which application threads were stopped: 0.0056197 seconds, Stopping threads took: 0.0001141 seconds
2024-07-23T00:26:01.221+0800: 9.878: [GC (CMS Initial Mark) [1 CMS-initial-mark: 205856K(349568K)] 205856K(506816K), 0.0002754 secs] [Times: user=0.00 sys=0.00, real=0.00 secs] 
2024-07-23T00:26:01.221+0800: 9.878: Total time for which application threads were stopped: 0.0180744 seconds, Stopping threads took: 0.0175960 seconds
2024-07-23T00:26:01.221+0800: 9.878: [CMS-concurrent-mark-start]
2024-07-23T00:26:01.223+0800: 9.880: [CMS-concurrent-mark: 0.002/0.002 secs] [Times: user=0.02 sys=0.00, real=0.00 secs] 
2024-07-23T00:26:01.223+0800: 9.880: [CMS-concurrent-preclean-start]
2024-07-23T00:26:01.223+0800: 9.880: [CMS-concurrent-preclean: 0.000/0.000 secs] [Times: user=0.00 sys=0.00, real=0.00 secs] 
2024-07-23T00:26:01.223+0800: 9.881: [GC (CMS Final Remark) [YG occupancy: 0 K (157248 K)]2024-07-23T00:26:01.224+0800: 9.881: [Rescan (parallel) , 0.0002912 secs]2024-07-23T00:26:01.224+0800: 9.881: [weak refs processing, 0.0000098 secs]2024-07-23T00:26:01.224+0800: 9.881: [class unloading, 0.0002843 secs]2024-07-23T00:26:01.224+0800: 9.881: [scrub symbol table, 0.0003727 secs]2024-07-23T00:26:01.224+0800: 9.882: [scrub string table, 0.0000941 secs][1 CMS-remark: 205856K(349568K)] 205856K(506816K), 0.0011134 secs] [Times: user=0.00 sys=0.00, real=0.00 secs] 
2024-07-23T00:26:01.225+0800: 9.882: Total time for which application threads were stopped: 0.0011813 seconds, Stopping threads took: 0.0000271 seconds
2024-07-23T00:26:01.225+0800: 9.882: [CMS-concurrent-sweep-start]
2024-07-23T00:26:01.225+0800: 9.882: [CMS-concurrent-sweep: 0.000/0.000 secs] [Times: user=0.00 sys=0.00, real=0.00 secs] 
2024-07-23T00:26:01.225+0800: 9.882: [CMS-concurrent-reset-start]
2024-07-23T00:26:01.225+0800: 9.883: [CMS-concurrent-reset: 0.000/0.000 secs] [Times: user=0.00 sys=0.00, real=0.00 secs] 
{Heap before GC invocations=220 (full 437):
 par new generation   total 157248K, used 0K [0x00000000e0000000, 0x00000000eaaa0000, 0x00000000eaaa0000)
  eden space 139776K,   0% used [0x00000000e0000000, 0x00000000e0000000, 0x00000000e8880000)
  from space 17472K,   0% used [0x00000000e8880000, 0x00000000e8880000, 0x00000000e9990000)
  to   space 17472K,   0% used [0x00000000e9990000, 0x00000000e9990000, 0x00000000eaaa0000)
 concurrent mark-sweep generation total 349568K, used 205856K [0x00000000eaaa0000, 0x0000000100000000, 0x0000000100000000)
 Metaspace       used 3956K, capacity 4568K, committed 4864K, reserved 1056768K
  class space    used 431K, capacity 460K, committed 512K, reserved 1048576K
2024-07-23T00:26:01.244+0800: 9.901: [GC (Allocation Failure) 2024-07-23T00:26:01.244+0800: 9.901: [ParNew
Desired survivor size 8945664 bytes, new threshold 6 (max 6)
: 0K->0K(157248K), 0.0005801 secs]2024-07-23T00:26:01.245+0800: 9.901: [CMS: 205856K->1056K(349568K), 0.0028287 secs] 205856K->1056K(506816K), [Metaspace: 3956K->3956K(1056768K)], 0.0036027 secs] [Times: user=0.00 sys=0.00, real=0.00 secs] 
Heap after GC invocations=221 (full 438):
 par new generation   total 157248K, used 0K [0x00000000e0000000, 0x00000000eaaa0000, 0x00000000eaaa0000)
  eden space 139776K,   0% used [0x00000000e0000000, 0x00000000e0000000, 0x00000000e8880000)
  from space 17472K,   0% used [0x00000000e9990000, 0x00000000e9990000, 0x00000000eaaa0000)
  to   space 17472K,   0% used [0x00000000e8880000, 0x00000000e8880000, 0x00000000e9990000)
 concurrent mark-sweep generation total 349568K, used 1056K [0x00000000eaaa0000, 0x0000000100000000, 0x0000000100000000)
 Metaspace       used 3956K, capacity 4568K, committed 4864K, reserved 1056768K
  class space    used 431K, capacity 460K, committed 512K, reserved 1048576K
}
2024-07-23T00:26:01.248+0800: 9.904: Total time for which application threads were stopped: 0.0037909 seconds, Stopping threads took: 0.0000387 seconds
2024-07-23T00:26:01.264+0800: 9.920: [GC (CMS Initial Mark) [1 CMS-initial-mark: 205856K(349568K)] 205856K(506816K), 0.0002839 secs] [Times: user=0.00 sys=0.00, real=0.00 secs] 
2024-07-23T00:26:01.264+0800: 9.921: Total time for which application threads were stopped: 0.0163665 seconds, Stopping threads took: 0.0159405 seconds
2024-07-23T00:26:01.264+0800: 9.921: [CMS-concurrent-mark-start]
2024-07-23T00:26:01.265+0800: 9.922: [CMS-concurrent-mark: 0.002/0.002 secs] [Times: user=0.00 sys=0.00, real=0.00 secs] 
2024-07-23T00:26:01.265+0800: 9.922: [CMS-concurrent-preclean-start]
2024-07-23T00:26:01.266+0800: 9.923: [CMS-concurrent-preclean: 0.000/0.000 secs] [Times: user=0.00 sys=0.00, real=0.00 secs] 
2024-07-23T00:26:01.266+0800: 9.923: [GC (CMS Final Remark) [YG occupancy: 0 K (157248 K)]2024-07-23T00:26:01.266+0800: 9.923: [Rescan (parallel) , 0.0004279 secs]2024-07-23T00:26:01.267+0800: 9.923: [weak refs processing, 0.0000198 secs]2024-07-23T00:26:01.267+0800: 9.923: [class unloading, 0.0004304 secs]2024-07-23T00:26:01.267+0800: 9.924: [scrub symbol table, 0.0005143 secs]2024-07-23T00:26:01.267+0800: 9.924: [scrub string table, 0.0001383 secs][1 CMS-remark: 205856K(349568K)] 205856K(506816K), 0.0016433 secs] [Times: user=0.00 sys=0.00, real=0.00 secs] 
2024-07-23T00:26:01.267+0800: 9.925: Total time for which application threads were stopped: 0.0017519 seconds, Stopping threads took: 0.0000459 seconds
2024-07-23T00:26:01.267+0800: 9.925: [CMS-concurrent-sweep-start]
2024-07-23T00:26:01.268+0800: 9.925: [CMS-concurrent-sweep: 0.000/0.000 secs] [Times: user=0.00 sys=0.00, real=0.00 secs] 
2024-07-23T00:26:01.268+0800: 9.925: [CMS-concurrent-reset-start]
2024-07-23T00:26:01.268+0800: 9.925: [CMS-concurrent-reset: 0.000/0.000 secs] [Times: user=0.00 sys=0.00, real=0.00 secs] 
{Heap before GC invocations=221 (full 439):
 par new generation   total 157248K, used 0K [0x00000000e0000000, 0x00000000eaaa0000, 0x00000000eaaa0000)
  eden space 139776K,   0% used [0x00000000e0000000, 0x00000000e0000000, 0x00000000e8880000)
  from space 17472K,   0% used [0x00000000e9990000, 0x00000000e9990000, 0x00000000eaaa0000)
  to   space 17472K,   0% used [0x00000000e8880000, 0x00000000e8880000, 0x00000000e9990000)
 concurrent mark-sweep generation total 349568K, used 205856K [0x00000000eaaa0000, 0x0000000100000000, 0x0000000100000000)
 Metaspace       used 3956K, capacity 4568K, committed 4864K, reserved 1056768K
  class space    used 431K, capacity 460K, committed 512K, reserved 1048576K
2024-07-23T00:26:01.274+0800: 9.931: [GC (Allocation Failure) 2024-07-23T00:26:01.274+0800: 9.931: [ParNew
Desired survivor size 8945664 bytes, new threshold 6 (max 6)
: 0K->0K(157248K), 0.0006366 secs]2024-07-23T00:26:01.275+0800: 9.932: [CMS: 205856K->1056K(349568K), 0.0038003 secs] 205856K->1056K(506816K), [Metaspace: 3956K->3956K(1056768K)], 0.0046458 secs] [Times: user=0.00 sys=0.00, real=0.01 secs] 
Heap after GC invocations=222 (full 440):
 par new generation   total 157248K, used 0K [0x00000000e0000000, 0x00000000eaaa0000, 0x00000000eaaa0000)
  eden space 139776K,   0% used [0x00000000e0000000, 0x00000000e0000000, 0x00000000e8880000)
  from space 17472K,   0% used [0x00000000e8880000, 0x00000000e8880000, 0x00000000e9990000)
  to   space 17472K,   0% used [0x00000000e9990000, 0x00000000e9990000, 0x00000000eaaa0000)
 concurrent mark-sweep generation total 349568K, used 1056K [0x00000000eaaa0000, 0x0000000100000000, 0x0000000100000000)
 Metaspace       used 3956K, capacity 4568K, committed 4864K, reserved 1056768K
  class space    used 431K, capacity 460K, committed 512K, reserved 1048576K
}
2024-07-23T00:26:01.279+0800: 9.936: Total time for which application threads were stopped: 0.0048343 seconds, Stopping threads took: 0.0000368 seconds
2024-07-23T00:26:01.296+0800: 9.953: [GC (CMS Initial Mark) [1 CMS-initial-mark: 205856K(349568K)] 205856K(506816K), 0.0003481 secs] [Times: user=0.00 sys=0.00, real=0.00 secs] 
2024-07-23T00:26:01.297+0800: 9.953: Total time for which application threads were stopped: 0.0172643 seconds, Stopping threads took: 0.0168231 seconds
2024-07-23T00:26:01.297+0800: 9.953: [CMS-concurrent-mark-start]
2024-07-23T00:26:01.299+0800: 9.956: [CMS-concurrent-mark: 0.002/0.002 secs] [Times: user=0.00 sys=0.00, real=0.00 secs] 
2024-07-23T00:26:01.299+0800: 9.956: [CMS-concurrent-preclean-start]
2024-07-23T00:26:01.299+0800: 9.956: [CMS-concurrent-preclean: 0.000/0.000 secs] [Times: user=0.00 sys=0.00, real=0.00 secs] 
2024-07-23T00:26:01.299+0800: 9.956: [GC (CMS Final Remark) [YG occupancy: 0 K (157248 K)]2024-07-23T00:26:01.299+0800: 9.956: [Rescan (parallel) , 0.0002237 secs]2024-07-23T00:26:01.300+0800: 9.956: [weak refs processing, 0.0000099 secs]2024-07-23T00:26:01.300+0800: 9.956: [class unloading, 0.0002468 secs]2024-07-23T00:26:01.300+0800: 9.957: [scrub symbol table, 0.0003499 secs]2024-07-23T00:26:01.300+0800: 9.957: [scrub string table, 0.0000913 secs][1 CMS-remark: 205856K(349568K)] 205856K(506816K), 0.0009828 secs] [Times: user=0.00 sys=0.00, real=0.00 secs] 
2024-07-23T00:26:01.300+0800: 9.957: Total time for which application threads were stopped: 0.0010477 seconds, Stopping threads took: 0.0000257 seconds
2024-07-23T00:26:01.300+0800: 9.957: [CMS-concurrent-sweep-start]
2024-07-23T00:26:01.301+0800: 9.957: [CMS-concurrent-sweep: 0.000/0.000 secs] [Times: user=0.00 sys=0.00, real=0.00 secs] 
2024-07-23T00:26:01.301+0800: 9.957: [CMS-concurrent-reset-start]
2024-07-23T00:26:01.301+0800: 9.958: [CMS-concurrent-reset: 0.000/0.000 secs] [Times: user=0.00 sys=0.00, real=0.00 secs] 
{Heap before GC invocations=222 (full 441):
 par new generation   total 157248K, used 0K [0x00000000e0000000, 0x00000000eaaa0000, 0x00000000eaaa0000)
  eden space 139776K,   0% used [0x00000000e0000000, 0x00000000e0000000, 0x00000000e8880000)
  from space 17472K,   0% used [0x00000000e8880000, 0x00000000e8880000, 0x00000000e9990000)
  to   space 17472K,   0% used [0x00000000e9990000, 0x00000000e9990000, 0x00000000eaaa0000)
 concurrent mark-sweep generation total 349568K, used 205856K [0x00000000eaaa0000, 0x0000000100000000, 0x0000000100000000)
 Metaspace       used 3956K, capacity 4568K, committed 4864K, reserved 1056768K
  class space    used 431K, capacity 460K, committed 512K, reserved 1048576K
2024-07-23T00:26:01.320+0800: 9.977: [GC (Allocation Failure) 2024-07-23T00:26:01.320+0800: 9.977: [ParNew
Desired survivor size 8945664 bytes, new threshold 6 (max 6)
: 0K->0K(157248K), 0.0006712 secs]2024-07-23T00:26:01.321+0800: 9.978: [CMS: 205856K->1056K(349568K), 0.0046002 secs] 205856K->1056K(506816K), [Metaspace: 3956K->3956K(1056768K)], 0.0055001 secs] [Times: user=0.00 sys=0.00, real=0.01 secs] 
Heap after GC invocations=223 (full 442):
 par new generation   total 157248K, used 0K [0x00000000e0000000, 0x00000000eaaa0000, 0x00000000eaaa0000)
  eden space 139776K,   0% used [0x00000000e0000000, 0x00000000e0000000, 0x00000000e8880000)
  from space 17472K,   0% used [0x00000000e9990000, 0x00000000e9990000, 0x00000000eaaa0000)
  to   space 17472K,   0% used [0x00000000e8880000, 0x00000000e8880000, 0x00000000e9990000)
 concurrent mark-sweep generation total 349568K, used 1056K [0x00000000eaaa0000, 0x0000000100000000, 0x0000000100000000)
 Metaspace       used 3956K, capacity 4568K, committed 4864K, reserved 1056768K
  class space    used 431K, capacity 460K, committed 512K, reserved 1048576K
}
2024-07-23T00:26:01.325+0800: 9.983: Total time for which application threads were stopped: 0.0056676 seconds, Stopping threads took: 0.0000427 seconds
2024-07-23T00:26:01.342+0800: 9.999: [GC (CMS Initial Mark) [1 CMS-initial-mark: 205856K(349568K)] 205856K(506816K), 0.0003391 secs] [Times: user=0.00 sys=0.00, real=0.00 secs] 
2024-07-23T00:26:01.343+0800: 10.000: Total time for which application threads were stopped: 0.0166906 seconds, Stopping threads took: 0.0162547 seconds
2024-07-23T00:26:01.343+0800: 10.000: [CMS-concurrent-mark-start]
2024-07-23T00:26:01.344+0800: 10.001: [CMS-concurrent-mark: 0.001/0.001 secs] [Times: user=0.00 sys=0.00, real=0.00 secs] 
2024-07-23T00:26:01.344+0800: 10.001: [CMS-concurrent-preclean-start]
2024-07-23T00:26:01.344+0800: 10.001: [CMS-concurrent-preclean: 0.000/0.000 secs] [Times: user=0.00 sys=0.00, real=0.00 secs] 
2024-07-23T00:26:01.344+0800: 10.001: [GC (CMS Final Remark) [YG occupancy: 0 K (157248 K)]2024-07-23T00:26:01.345+0800: 10.001: [Rescan (parallel) , 0.0002094 secs]2024-07-23T00:26:01.345+0800: 10.002: [weak refs processing, 0.0000132 secs]2024-07-23T00:26:01.345+0800: 10.002: [class unloading, 0.0003203 secs]2024-07-23T00:26:01.345+0800: 10.002: [scrub symbol table, 0.0004105 secs]2024-07-23T00:26:01.346+0800: 10.002: [scrub string table, 0.0001013 secs][1 CMS-remark: 205856K(349568K)] 205856K(506816K), 0.0011207 secs] [Times: user=0.00 sys=0.00, real=0.00 secs] 
2024-07-23T00:26:01.346+0800: 10.003: Total time for which application threads were stopped: 0.0011928 seconds, Stopping threads took: 0.0000280 seconds
2024-07-23T00:26:01.346+0800: 10.003: [CMS-concurrent-sweep-start]
2024-07-23T00:26:01.346+0800: 10.003: [CMS-concurrent-sweep: 0.000/0.000 secs] [Times: user=0.00 sys=0.00, real=0.00 secs] 
2024-07-23T00:26:01.346+0800: 10.003: [CMS-concurrent-reset-start]
2024-07-23T00:26:01.347+0800: 10.003: [CMS-concurrent-reset: 0.001/0.001 secs] [Times: user=0.00 sys=0.00, real=0.00 secs] 
{Heap before GC invocations=223 (full 443):
 par new generation   total 157248K, used 0K [0x00000000e0000000, 0x00000000eaaa0000, 0x00000000eaaa0000)
  eden space 139776K,   0% used [0x00000000e0000000, 0x00000000e0000000, 0x00000000e8880000)
  from space 17472K,   0% used [0x00000000e9990000, 0x00000000e9990000, 0x00000000eaaa0000)
  to   space 17472K,   0% used [0x00000000e8880000, 0x00000000e8880000, 0x00000000e9990000)
 concurrent mark-sweep generation total 349568K, used 205856K [0x00000000eaaa0000, 0x0000000100000000, 0x0000000100000000)
 Metaspace       used 3956K, capacity 4568K, committed 4864K, reserved 1056768K
  class space    used 431K, capacity 460K, committed 512K, reserved 1048576K
2024-07-23T00:26:01.366+0800: 10.023: [GC (Allocation Failure) 2024-07-23T00:26:01.366+0800: 10.023: [ParNew
Desired survivor size 8945664 bytes, new threshold 6 (max 6)
: 0K->0K(157248K), 0.0005313 secs]2024-07-23T00:26:01.366+0800: 10.024: [CMS: 205856K->1056K(349568K), 0.0041195 secs] 205856K->1056K(506816K), [Metaspace: 3956K->3956K(1056768K)], 0.0048681 secs] [Times: user=0.00 sys=0.00, real=0.00 secs] 
Heap after GC invocations=224 (full 444):
 par new generation   total 157248K, used 0K [0x00000000e0000000, 0x00000000eaaa0000, 0x00000000eaaa0000)
  eden space 139776K,   0% used [0x00000000e0000000, 0x00000000e0000000, 0x00000000e8880000)
  from space 17472K,   0% used [0x00000000e8880000, 0x00000000e8880000, 0x00000000e9990000)
  to   space 17472K,   0% used [0x00000000e9990000, 0x00000000e9990000, 0x00000000eaaa0000)
 concurrent mark-sweep generation total 349568K, used 1056K [0x00000000eaaa0000, 0x0000000100000000, 0x0000000100000000)
 Metaspace       used 3956K, capacity 4568K, committed 4864K, reserved 1056768K
  class space    used 431K, capacity 460K, committed 512K, reserved 1048576K
}
2024-07-23T00:26:01.370+0800: 10.028: Total time for which application threads were stopped: 0.0050859 seconds, Stopping threads took: 0.0000320 seconds
2024-07-23T00:26:01.392+0800: 10.049: [GC (CMS Initial Mark) [1 CMS-initial-mark: 205856K(349568K)] 205856K(506816K), 0.0012526 secs] [Times: user=0.00 sys=0.00, real=0.00 secs] 
2024-07-23T00:26:01.393+0800: 10.051: Total time for which application threads were stopped: 0.0225964 seconds, Stopping threads took: 0.0212690 seconds
2024-07-23T00:26:01.393+0800: 10.051: [CMS-concurrent-mark-start]
2024-07-23T00:26:01.395+0800: 10.052: [CMS-concurrent-mark: 0.002/0.002 secs] [Times: user=0.00 sys=0.00, real=0.00 secs] 
2024-07-23T00:26:01.395+0800: 10.052: [CMS-concurrent-preclean-start]
2024-07-23T00:26:01.395+0800: 10.053: [CMS-concurrent-preclean: 0.000/0.000 secs] [Times: user=0.00 sys=0.00, real=0.00 secs] 
2024-07-23T00:26:01.395+0800: 10.053: [GC (CMS Final Remark) [YG occupancy: 0 K (157248 K)]2024-07-23T00:26:01.395+0800: 10.053: [Rescan (parallel) , 0.0004857 secs]2024-07-23T00:26:01.396+0800: 10.053: [weak refs processing, 0.0000343 secs]2024-07-23T00:26:01.396+0800: 10.053: [class unloading, 0.0005358 secs]2024-07-23T00:26:01.397+0800: 10.054: [scrub symbol table, 0.0005668 secs]2024-07-23T00:26:01.397+0800: 10.055: [scrub string table, 0.0001443 secs][1 CMS-remark: 205856K(349568K)] 205856K(506816K), 0.0019134 secs] [Times: user=0.00 sys=0.00, real=0.00 secs] 
2024-07-23T00:26:01.397+0800: 10.055: Total time for which application threads were stopped: 0.0020052 seconds, Stopping threads took: 0.0000341 seconds
2024-07-23T00:26:01.398+0800: 10.055: [CMS-concurrent-sweep-start]
2024-07-23T00:26:01.399+0800: 10.055: [CMS-concurrent-sweep: 0.000/0.000 secs] [Times: user=0.00 sys=0.00, real=0.00 secs] 
2024-07-23T00:26:01.399+0800: 10.055: [CMS-concurrent-reset-start]
2024-07-23T00:26:01.399+0800: 10.056: [CMS-concurrent-reset: 0.001/0.001 secs] [Times: user=0.00 sys=0.00, real=0.00 secs] 
{Heap before GC invocations=224 (full 445):
 par new generation   total 157248K, used 0K [0x00000000e0000000, 0x00000000eaaa0000, 0x00000000eaaa0000)
  eden space 139776K,   0% used [0x00000000e0000000, 0x00000000e0000000, 0x00000000e8880000)
  from space 17472K,   0% used [0x00000000e8880000, 0x00000000e8880000, 0x00000000e9990000)
  to   space 17472K,   0% used [0x00000000e9990000, 0x00000000e9990000, 0x00000000eaaa0000)
 concurrent mark-sweep generation total 349568K, used 205856K [0x00000000eaaa0000, 0x0000000100000000, 0x0000000100000000)
 Metaspace       used 3956K, capacity 4568K, committed 4864K, reserved 1056768K
  class space    used 431K, capacity 460K, committed 512K, reserved 1048576K
2024-07-23T00:26:01.411+0800: 10.068: [GC (Allocation Failure) 2024-07-23T00:26:01.412+0800: 10.069: [ParNew
Desired survivor size 8945664 bytes, new threshold 6 (max 6)
: 0K->0K(157248K), 0.0009448 secs]2024-07-23T00:26:01.413+0800: 10.069: [CMS: 205856K->1056K(349568K), 0.0030545 secs] 205856K->1056K(506816K), [Metaspace: 3956K->3956K(1056768K)], 0.0042003 secs] [Times: user=0.00 sys=0.00, real=0.00 secs] 
Heap after GC invocations=225 (full 446):
 par new generation   total 157248K, used 0K [0x00000000e0000000, 0x00000000eaaa0000, 0x00000000eaaa0000)
  eden space 139776K,   0% used [0x00000000e0000000, 0x00000000e0000000, 0x00000000e8880000)
  from space 17472K,   0% used [0x00000000e9990000, 0x00000000e9990000, 0x00000000eaaa0000)
  to   space 17472K,   0% used [0x00000000e8880000, 0x00000000e8880000, 0x00000000e9990000)
 concurrent mark-sweep generation total 349568K, used 1056K [0x00000000eaaa0000, 0x0000000100000000, 0x0000000100000000)
 Metaspace       used 3956K, capacity 4568K, committed 4864K, reserved 1056768K
  class space    used 431K, capacity 460K, committed 512K, reserved 1048576K
}
2024-07-23T00:26:01.416+0800: 10.073: Total time for which application threads were stopped: 0.0044095 seconds, Stopping threads took: 0.0000388 seconds
2024-07-23T00:26:01.436+0800: 10.093: [GC (CMS Initial Mark) [1 CMS-initial-mark: 205856K(349568K)] 205856K(506816K), 0.0003383 secs] [Times: user=0.00 sys=0.00, real=0.00 secs] 
2024-07-23T00:26:01.436+0800: 10.093: Total time for which application threads were stopped: 0.0201742 seconds, Stopping threads took: 0.0197228 seconds
2024-07-23T00:26:01.436+0800: 10.093: [CMS-concurrent-mark-start]
2024-07-23T00:26:01.438+0800: 10.095: [CMS-concurrent-mark: 0.002/0.002 secs] [Times: user=0.00 sys=0.00, real=0.00 secs] 
2024-07-23T00:26:01.438+0800: 10.095: [CMS-concurrent-preclean-start]
2024-07-23T00:26:01.438+0800: 10.095: [CMS-concurrent-preclean: 0.000/0.000 secs] [Times: user=0.00 sys=0.00, real=0.00 secs] 
2024-07-23T00:26:01.438+0800: 10.095: [GC (CMS Final Remark) [YG occupancy: 0 K (157248 K)]2024-07-23T00:26:01.438+0800: 10.095: [Rescan (parallel) , 0.0009033 secs]2024-07-23T00:26:01.439+0800: 10.096: [weak refs processing, 0.0000108 secs]2024-07-23T00:26:01.439+0800: 10.096: [class unloading, 0.0002230 secs]2024-07-23T00:26:01.439+0800: 10.097: [scrub symbol table, 0.0003692 secs]2024-07-23T00:26:01.439+0800: 10.097: [scrub string table, 0.0001122 secs][1 CMS-remark: 205856K(349568K)] 205856K(506816K), 0.0016748 secs] [Times: user=0.00 sys=0.00, real=0.00 secs] 
2024-07-23T00:26:01.440+0800: 10.097: Total time for which application threads were stopped: 0.0017326 seconds, Stopping threads took: 0.0000228 seconds
2024-07-23T00:26:01.440+0800: 10.097: [CMS-concurrent-sweep-start]
2024-07-23T00:26:01.440+0800: 10.097: [CMS-concurrent-sweep: 0.000/0.000 secs] [Times: user=0.00 sys=0.00, real=0.00 secs] 
2024-07-23T00:26:01.440+0800: 10.097: [CMS-concurrent-reset-start]
2024-07-23T00:26:01.440+0800: 10.098: [CMS-concurrent-reset: 0.000/0.000 secs] [Times: user=0.00 sys=0.00, real=0.00 secs] 
{Heap before GC invocations=225 (full 447):
 par new generation   total 157248K, used 0K [0x00000000e0000000, 0x00000000eaaa0000, 0x00000000eaaa0000)
  eden space 139776K,   0% used [0x00000000e0000000, 0x00000000e0000000, 0x00000000e8880000)
  from space 17472K,   0% used [0x00000000e9990000, 0x00000000e9990000, 0x00000000eaaa0000)
  to   space 17472K,   0% used [0x00000000e8880000, 0x00000000e8880000, 0x00000000e9990000)
 concurrent mark-sweep generation total 349568K, used 205856K [0x00000000eaaa0000, 0x0000000100000000, 0x0000000100000000)
 Metaspace       used 3956K, capacity 4568K, committed 4864K, reserved 1056768K
  class space    used 431K, capacity 460K, committed 512K, reserved 1048576K
2024-07-23T00:26:01.458+0800: 10.115: [GC (Allocation Failure) 2024-07-23T00:26:01.458+0800: 10.115: [ParNew
Desired survivor size 8945664 bytes, new threshold 6 (max 6)
: 0K->0K(157248K), 0.0006624 secs]2024-07-23T00:26:01.459+0800: 10.116: [CMS: 205856K->1056K(349568K), 0.0043370 secs] 205856K->1056K(506816K), [Metaspace: 3956K->3956K(1056768K)], 0.0052364 secs] [Times: user=0.00 sys=0.00, real=0.01 secs] 
Heap after GC invocations=226 (full 448):
 par new generation   total 157248K, used 0K [0x00000000e0000000, 0x00000000eaaa0000, 0x00000000eaaa0000)
  eden space 139776K,   0% used [0x00000000e0000000, 0x00000000e0000000, 0x00000000e8880000)
  from space 17472K,   0% used [0x00000000e8880000, 0x00000000e8880000, 0x00000000e9990000)
  to   space 17472K,   0% used [0x00000000e9990000, 0x00000000e9990000, 0x00000000eaaa0000)
 concurrent mark-sweep generation total 349568K, used 1056K [0x00000000eaaa0000, 0x0000000100000000, 0x0000000100000000)
 Metaspace       used 3956K, capacity 4568K, committed 4864K, reserved 1056768K
  class space    used 431K, capacity 460K, committed 512K, reserved 1048576K
}
2024-07-23T00:26:01.463+0800: 10.121: Total time for which application threads were stopped: 0.0055078 seconds, Stopping threads took: 0.0000322 seconds
2024-07-23T00:26:01.483+0800: 10.140: [GC (CMS Initial Mark) [1 CMS-initial-mark: 205856K(349568K)] 205856K(506816K), 0.0005354 secs] [Times: user=0.00 sys=0.00, real=0.00 secs] 
2024-07-23T00:26:01.483+0800: 10.141: Total time for which application threads were stopped: 0.0199228 seconds, Stopping threads took: 0.0193267 seconds
2024-07-23T00:26:01.483+0800: 10.141: [CMS-concurrent-mark-start]
2024-07-23T00:26:01.485+0800: 10.142: [CMS-concurrent-mark: 0.001/0.001 secs] [Times: user=0.00 sys=0.00, real=0.00 secs] 
2024-07-23T00:26:01.485+0800: 10.142: [CMS-concurrent-preclean-start]
2024-07-23T00:26:01.485+0800: 10.142: [CMS-concurrent-preclean: 0.000/0.000 secs] [Times: user=0.00 sys=0.00, real=0.00 secs] 
2024-07-23T00:26:01.485+0800: 10.142: [GC (CMS Final Remark) [YG occupancy: 0 K (157248 K)]2024-07-23T00:26:01.485+0800: 10.142: [Rescan (parallel) , 0.0006788 secs]2024-07-23T00:26:01.486+0800: 10.143: [weak refs processing, 0.0000072 secs]2024-07-23T00:26:01.486+0800: 10.143: [class unloading, 0.0001899 secs]2024-07-23T00:26:01.486+0800: 10.143: [scrub symbol table, 0.0003073 secs]2024-07-23T00:26:01.486+0800: 10.144: [scrub string table, 0.0000819 secs][1 CMS-remark: 205856K(349568K)] 205856K(506816K), 0.0012983 secs] [Times: user=0.00 sys=0.00, real=0.00 secs] 
2024-07-23T00:26:01.486+0800: 10.144: Total time for which application threads were stopped: 0.0013382 seconds, Stopping threads took: 0.0000147 seconds
2024-07-23T00:26:01.486+0800: 10.144: [CMS-concurrent-sweep-start]
2024-07-23T00:26:01.487+0800: 10.144: [CMS-concurrent-sweep: 0.000/0.000 secs] [Times: user=0.00 sys=0.00, real=0.00 secs] 
2024-07-23T00:26:01.487+0800: 10.144: [CMS-concurrent-reset-start]
2024-07-23T00:26:01.487+0800: 10.144: [CMS-concurrent-reset: 0.000/0.000 secs] [Times: user=0.00 sys=0.00, real=0.00 secs] 
{Heap before GC invocations=226 (full 449):
 par new generation   total 157248K, used 0K [0x00000000e0000000, 0x00000000eaaa0000, 0x00000000eaaa0000)
  eden space 139776K,   0% used [0x00000000e0000000, 0x00000000e0000000, 0x00000000e8880000)
  from space 17472K,   0% used [0x00000000e8880000, 0x00000000e8880000, 0x00000000e9990000)
  to   space 17472K,   0% used [0x00000000e9990000, 0x00000000e9990000, 0x00000000eaaa0000)
 concurrent mark-sweep generation total 349568K, used 205856K [0x00000000eaaa0000, 0x0000000100000000, 0x0000000100000000)
 Metaspace       used 3956K, capacity 4568K, committed 4864K, reserved 1056768K
  class space    used 431K, capacity 460K, committed 512K, reserved 1048576K
2024-07-23T00:26:01.504+0800: 10.161: [GC (Allocation Failure) 2024-07-23T00:26:01.504+0800: 10.161: [ParNew
Desired survivor size 8945664 bytes, new threshold 6 (max 6)
: 0K->0K(157248K), 0.0013157 secs]2024-07-23T00:26:01.505+0800: 10.162: [CMS: 205856K->1056K(349568K), 0.0031586 secs] 205856K->1056K(506816K), [Metaspace: 3956K->3956K(1056768K)], 0.0046692 secs] [Times: user=0.00 sys=0.00, real=0.00 secs] 
Heap after GC invocations=227 (full 450):
 par new generation   total 157248K, used 0K [0x00000000e0000000, 0x00000000eaaa0000, 0x00000000eaaa0000)
  eden space 139776K,   0% used [0x00000000e0000000, 0x00000000e0000000, 0x00000000e8880000)
  from space 17472K,   0% used [0x00000000e9990000, 0x00000000e9990000, 0x00000000eaaa0000)
  to   space 17472K,   0% used [0x00000000e8880000, 0x00000000e8880000, 0x00000000e9990000)
 concurrent mark-sweep generation total 349568K, used 1056K [0x00000000eaaa0000, 0x0000000100000000, 0x0000000100000000)
 Metaspace       used 3956K, capacity 4568K, committed 4864K, reserved 1056768K
  class space    used 431K, capacity 460K, committed 512K, reserved 1048576K
}
2024-07-23T00:26:01.508+0800: 10.166: Total time for which application threads were stopped: 0.0048232 seconds, Stopping threads took: 0.0000299 seconds
2024-07-23T00:26:01.528+0800: 10.185: [GC (CMS Initial Mark) [1 CMS-initial-mark: 205856K(349568K)] 205856K(506816K), 0.0004660 secs] [Times: user=0.00 sys=0.00, real=0.00 secs] 
2024-07-23T00:26:01.529+0800: 10.186: Total time for which application threads were stopped: 0.0199671 seconds, Stopping threads took: 0.0193766 seconds
2024-07-23T00:26:01.529+0800: 10.186: [CMS-concurrent-mark-start]
2024-07-23T00:26:01.530+0800: 10.187: [CMS-concurrent-mark: 0.001/0.001 secs] [Times: user=0.00 sys=0.00, real=0.00 secs] 
2024-07-23T00:26:01.530+0800: 10.187: [CMS-concurrent-preclean-start]
2024-07-23T00:26:01.530+0800: 10.187: [CMS-concurrent-preclean: 0.000/0.000 secs] [Times: user=0.00 sys=0.00, real=0.00 secs] 
2024-07-23T00:26:01.530+0800: 10.188: [GC (CMS Final Remark) [YG occupancy: 0 K (157248 K)]2024-07-23T00:26:01.530+0800: 10.188: [Rescan (parallel) , 0.0002939 secs]2024-07-23T00:26:01.531+0800: 10.188: [weak refs processing, 0.0000102 secs]2024-07-23T00:26:01.531+0800: 10.188: [class unloading, 0.0002137 secs]2024-07-23T00:26:01.531+0800: 10.188: [scrub symbol table, 0.0003231 secs]2024-07-23T00:26:01.531+0800: 10.188: [scrub string table, 0.0000864 secs][1 CMS-remark: 205856K(349568K)] 205856K(506816K), 0.0009796 secs] [Times: user=0.00 sys=0.00, real=0.00 secs] 
2024-07-23T00:26:01.531+0800: 10.189: Total time for which application threads were stopped: 0.0010290 seconds, Stopping threads took: 0.0000200 seconds
2024-07-23T00:26:01.531+0800: 10.189: [CMS-concurrent-sweep-start]
2024-07-23T00:26:01.532+0800: 10.189: [CMS-concurrent-sweep: 0.000/0.000 secs] [Times: user=0.00 sys=0.00, real=0.00 secs] 
2024-07-23T00:26:01.532+0800: 10.189: [CMS-concurrent-reset-start]
2024-07-23T00:26:01.532+0800: 10.189: [CMS-concurrent-reset: 0.000/0.000 secs] [Times: user=0.00 sys=0.00, real=0.00 secs] 
{Heap before GC invocations=227 (full 451):
 par new generation   total 157248K, used 0K [0x00000000e0000000, 0x00000000eaaa0000, 0x00000000eaaa0000)
  eden space 139776K,   0% used [0x00000000e0000000, 0x00000000e0000000, 0x00000000e8880000)
  from space 17472K,   0% used [0x00000000e9990000, 0x00000000e9990000, 0x00000000eaaa0000)
  to   space 17472K,   0% used [0x00000000e8880000, 0x00000000e8880000, 0x00000000e9990000)
 concurrent mark-sweep generation total 349568K, used 205856K [0x00000000eaaa0000, 0x0000000100000000, 0x0000000100000000)
 Metaspace       used 3956K, capacity 4568K, committed 4864K, reserved 1056768K
  class space    used 431K, capacity 460K, committed 512K, reserved 1048576K
2024-07-23T00:26:01.550+0800: 10.207: [GC (Allocation Failure) 2024-07-23T00:26:01.550+0800: 10.207: [ParNew
Desired survivor size 8945664 bytes, new threshold 6 (max 6)
: 0K->0K(157248K), 0.0016464 secs]2024-07-23T00:26:01.552+0800: 10.209: [CMS: 205856K->1056K(349568K), 0.0025464 secs] 205856K->1056K(506816K), [Metaspace: 3956K->3956K(1056768K)], 0.0043038 secs] [Times: user=0.00 sys=0.00, real=0.00 secs] 
Heap after GC invocations=228 (full 452):
 par new generation   total 157248K, used 0K [0x00000000e0000000, 0x00000000eaaa0000, 0x00000000eaaa0000)
  eden space 139776K,   0% used [0x00000000e0000000, 0x00000000e0000000, 0x00000000e8880000)
  from space 17472K,   0% used [0x00000000e8880000, 0x00000000e8880000, 0x00000000e9990000)
  to   space 17472K,   0% used [0x00000000e9990000, 0x00000000e9990000, 0x00000000eaaa0000)
 concurrent mark-sweep generation total 349568K, used 1056K [0x00000000eaaa0000, 0x0000000100000000, 0x0000000100000000)
 Metaspace       used 3956K, capacity 4568K, committed 4864K, reserved 1056768K
  class space    used 431K, capacity 460K, committed 512K, reserved 1048576K
}
2024-07-23T00:26:01.554+0800: 10.211: Total time for which application threads were stopped: 0.0044534 seconds, Stopping threads took: 0.0000268 seconds
2024-07-23T00:26:01.577+0800: 10.234: [GC (CMS Initial Mark) [1 CMS-initial-mark: 205856K(349568K)] 205856K(506816K), 0.0001990 secs] [Times: user=0.00 sys=0.00, real=0.00 secs] 
2024-07-23T00:26:01.577+0800: 10.234: Total time for which application threads were stopped: 0.0226286 seconds, Stopping threads took: 0.0223574 seconds
2024-07-23T00:26:01.577+0800: 10.234: [CMS-concurrent-mark-start]
2024-07-23T00:26:01.579+0800: 10.235: [CMS-concurrent-mark: 0.001/0.001 secs] [Times: user=0.00 sys=0.00, real=0.00 secs] 
2024-07-23T00:26:01.579+0800: 10.235: [CMS-concurrent-preclean-start]
2024-07-23T00:26:01.579+0800: 10.236: [CMS-concurrent-preclean: 0.000/0.000 secs] [Times: user=0.00 sys=0.00, real=0.00 secs] 
2024-07-23T00:26:01.579+0800: 10.236: [GC (CMS Final Remark) [YG occupancy: 0 K (157248 K)]2024-07-23T00:26:01.579+0800: 10.236: [Rescan (parallel) , 0.0002584 secs]2024-07-23T00:26:01.579+0800: 10.236: [weak refs processing, 0.0000069 secs]2024-07-23T00:26:01.579+0800: 10.236: [class unloading, 0.0001926 secs]2024-07-23T00:26:01.579+0800: 10.236: [scrub symbol table, 0.0003195 secs]2024-07-23T00:26:01.580+0800: 10.236: [scrub string table, 0.0000965 secs][1 CMS-remark: 205856K(349568K)] 205856K(506816K), 0.0009076 secs] [Times: user=0.00 sys=0.00, real=0.00 secs] 
2024-07-23T00:26:01.580+0800: 10.237: Total time for which application threads were stopped: 0.0009420 seconds, Stopping threads took: 0.0000145 seconds
2024-07-23T00:26:01.580+0800: 10.237: [CMS-concurrent-sweep-start]
2024-07-23T00:26:01.580+0800: 10.237: [CMS-concurrent-sweep: 0.000/0.000 secs] [Times: user=0.00 sys=0.00, real=0.00 secs] 
2024-07-23T00:26:01.580+0800: 10.237: [CMS-concurrent-reset-start]
2024-07-23T00:26:01.580+0800: 10.237: [CMS-concurrent-reset: 0.000/0.000 secs] [Times: user=0.00 sys=0.00, real=0.00 secs] 
{Heap before GC invocations=228 (full 453):
 par new generation   total 157248K, used 0K [0x00000000e0000000, 0x00000000eaaa0000, 0x00000000eaaa0000)
  eden space 139776K,   0% used [0x00000000e0000000, 0x00000000e0000000, 0x00000000e8880000)
  from space 17472K,   0% used [0x00000000e8880000, 0x00000000e8880000, 0x00000000e9990000)
  to   space 17472K,   0% used [0x00000000e9990000, 0x00000000e9990000, 0x00000000eaaa0000)
 concurrent mark-sweep generation total 349568K, used 205856K [0x00000000eaaa0000, 0x0000000100000000, 0x0000000100000000)
 Metaspace       used 3956K, capacity 4568K, committed 4864K, reserved 1056768K
  class space    used 431K, capacity 460K, committed 512K, reserved 1048576K
2024-07-23T00:26:01.597+0800: 10.254: [GC (Allocation Failure) 2024-07-23T00:26:01.597+0800: 10.254: [ParNew
Desired survivor size 8945664 bytes, new threshold 6 (max 6)
: 0K->0K(157248K), 0.0019265 secs]2024-07-23T00:26:01.599+0800: 10.256: [CMS: 205856K->1056K(349568K), 0.0026425 secs] 205856K->1056K(506816K), [Metaspace: 3956K->3956K(1056768K)], 0.0048071 secs] [Times: user=0.00 sys=0.00, real=0.01 secs] 
Heap after GC invocations=229 (full 454):
 par new generation   total 157248K, used 0K [0x00000000e0000000, 0x00000000eaaa0000, 0x00000000eaaa0000)
  eden space 139776K,   0% used [0x00000000e0000000, 0x00000000e0000000, 0x00000000e8880000)
  from space 17472K,   0% used [0x00000000e9990000, 0x00000000e9990000, 0x00000000eaaa0000)
  to   space 17472K,   0% used [0x00000000e8880000, 0x00000000e8880000, 0x00000000e9990000)
 concurrent mark-sweep generation total 349568K, used 1056K [0x00000000eaaa0000, 0x0000000100000000, 0x0000000100000000)
 Metaspace       used 3956K, capacity 4568K, committed 4864K, reserved 1056768K
  class space    used 431K, capacity 460K, committed 512K, reserved 1048576K
}
2024-07-23T00:26:01.602+0800: 10.259: Total time for which application threads were stopped: 0.0050553 seconds, Stopping threads took: 0.0000708 seconds
2024-07-23T00:26:01.621+0800: 10.278: [GC (CMS Initial Mark) [1 CMS-initial-mark: 205856K(349568K)] 205856K(506816K), 0.0008394 secs] [Times: user=0.00 sys=0.00, real=0.00 secs] 
2024-07-23T00:26:01.622+0800: 10.279: Total time for which application threads were stopped: 0.0202001 seconds, Stopping threads took: 0.0191131 seconds
2024-07-23T00:26:01.622+0800: 10.279: [CMS-concurrent-mark-start]
2024-07-23T00:26:01.624+0800: 10.282: [CMS-concurrent-mark: 0.003/0.003 secs] [Times: user=0.02 sys=0.00, real=0.00 secs] 
2024-07-23T00:26:01.624+0800: 10.282: [CMS-concurrent-preclean-start]
2024-07-23T00:26:01.624+0800: 10.282: [CMS-concurrent-preclean: 0.000/0.000 secs] [Times: user=0.00 sys=0.00, real=0.00 secs] 
2024-07-23T00:26:01.624+0800: 10.282: [GC (CMS Final Remark) [YG occupancy: 0 K (157248 K)]2024-07-23T00:26:01.624+0800: 10.282: [Rescan (parallel) , 0.0003859 secs]2024-07-23T00:26:01.626+0800: 10.283: [weak refs processing, 0.0000169 secs]2024-07-23T00:26:01.626+0800: 10.283: [class unloading, 0.0003124 secs]2024-07-23T00:26:01.626+0800: 10.283: [scrub symbol table, 0.0004666 secs]2024-07-23T00:26:01.627+0800: 10.283: [scrub string table, 0.0001430 secs][1 CMS-remark: 205856K(349568K)] 205856K(506816K), 0.0014053 secs] [Times: user=0.00 sys=0.00, real=0.00 secs] 
2024-07-23T00:26:01.627+0800: 10.284: Total time for which application threads were stopped: 0.0014815 seconds, Stopping threads took: 0.0000262 seconds
2024-07-23T00:26:01.627+0800: 10.284: [CMS-concurrent-sweep-start]
2024-07-23T00:26:01.627+0800: 10.284: [CMS-concurrent-sweep: 0.000/0.000 secs] [Times: user=0.00 sys=0.00, real=0.00 secs] 
2024-07-23T00:26:01.627+0800: 10.284: [CMS-concurrent-reset-start]
2024-07-23T00:26:01.628+0800: 10.285: [CMS-concurrent-reset: 0.001/0.001 secs] [Times: user=0.00 sys=0.00, real=0.00 secs] 
{Heap before GC invocations=229 (full 455):
 par new generation   total 157248K, used 0K [0x00000000e0000000, 0x00000000eaaa0000, 0x00000000eaaa0000)
  eden space 139776K,   0% used [0x00000000e0000000, 0x00000000e0000000, 0x00000000e8880000)
  from space 17472K,   0% used [0x00000000e9990000, 0x00000000e9990000, 0x00000000eaaa0000)
  to   space 17472K,   0% used [0x00000000e8880000, 0x00000000e8880000, 0x00000000e9990000)
 concurrent mark-sweep generation total 349568K, used 205856K [0x00000000eaaa0000, 0x0000000100000000, 0x0000000100000000)
 Metaspace       used 3956K, capacity 4568K, committed 4864K, reserved 1056768K
  class space    used 431K, capacity 460K, committed 512K, reserved 1048576K
2024-07-23T00:26:01.643+0800: 10.300: [GC (Allocation Failure) 2024-07-23T00:26:01.643+0800: 10.300: [ParNew
Desired survivor size 8945664 bytes, new threshold 6 (max 6)
: 0K->0K(157248K), 0.0010014 secs]2024-07-23T00:26:01.644+0800: 10.301: [CMS: 205856K->1056K(349568K), 0.0028471 secs] 205856K->1056K(506816K), [Metaspace: 3956K->3956K(1056768K)], 0.0039365 secs] [Times: user=0.00 sys=0.00, real=0.00 secs] 
Heap after GC invocations=230 (full 456):
 par new generation   total 157248K, used 0K [0x00000000e0000000, 0x00000000eaaa0000, 0x00000000eaaa0000)
  eden space 139776K,   0% used [0x00000000e0000000, 0x00000000e0000000, 0x00000000e8880000)
  from space 17472K,   0% used [0x00000000e8880000, 0x00000000e8880000, 0x00000000e9990000)
  to   space 17472K,   0% used [0x00000000e9990000, 0x00000000e9990000, 0x00000000eaaa0000)
 concurrent mark-sweep generation total 349568K, used 1056K [0x00000000eaaa0000, 0x0000000100000000, 0x0000000100000000)
 Metaspace       used 3956K, capacity 4568K, committed 4864K, reserved 1056768K
  class space    used 431K, capacity 460K, committed 512K, reserved 1048576K
}
2024-07-23T00:26:01.647+0800: 10.304: Total time for which application threads were stopped: 0.0040490 seconds, Stopping threads took: 0.0000219 seconds
2024-07-23T00:26:01.666+0800: 10.323: [GC (CMS Initial Mark) [1 CMS-initial-mark: 205856K(349568K)] 205856K(506816K), 0.0004474 secs] [Times: user=0.00 sys=0.00, real=0.00 secs] 
2024-07-23T00:26:01.667+0800: 10.324: Total time for which application threads were stopped: 0.0195535 seconds, Stopping threads took: 0.0190348 seconds
2024-07-23T00:26:01.667+0800: 10.324: [CMS-concurrent-mark-start]
2024-07-23T00:26:01.668+0800: 10.325: [CMS-concurrent-mark: 0.001/0.001 secs] [Times: user=0.00 sys=0.00, real=0.00 secs] 
2024-07-23T00:26:01.668+0800: 10.325: [CMS-concurrent-preclean-start]
2024-07-23T00:26:01.668+0800: 10.325: [CMS-concurrent-preclean: 0.000/0.000 secs] [Times: user=0.00 sys=0.00, real=0.00 secs] 
2024-07-23T00:26:01.669+0800: 10.326: [GC (CMS Final Remark) [YG occupancy: 0 K (157248 K)]2024-07-23T00:26:01.669+0800: 10.326: [Rescan (parallel) , 0.0004468 secs]2024-07-23T00:26:01.669+0800: 10.326: [weak refs processing, 0.0000070 secs]2024-07-23T00:26:01.669+0800: 10.326: [class unloading, 0.0001846 secs]2024-07-23T00:26:01.669+0800: 10.326: [scrub symbol table, 0.0002868 secs]2024-07-23T00:26:01.669+0800: 10.326: [scrub string table, 0.0000837 secs][1 CMS-remark: 205856K(349568K)] 205856K(506816K), 0.0010431 secs] [Times: user=0.00 sys=0.00, real=0.00 secs] 
2024-07-23T00:26:01.670+0800: 10.327: Total time for which application threads were stopped: 0.0011084 seconds, Stopping threads took: 0.0000424 seconds
2024-07-23T00:26:01.670+0800: 10.327: [CMS-concurrent-sweep-start]
2024-07-23T00:26:01.670+0800: 10.327: [CMS-concurrent-sweep: 0.000/0.000 secs] [Times: user=0.00 sys=0.00, real=0.00 secs] 
2024-07-23T00:26:01.670+0800: 10.327: [CMS-concurrent-reset-start]
2024-07-23T00:26:01.670+0800: 10.327: [CMS-concurrent-reset: 0.000/0.000 secs] [Times: user=0.00 sys=0.00, real=0.00 secs] 
{Heap before GC invocations=230 (full 457):
 par new generation   total 157248K, used 0K [0x00000000e0000000, 0x00000000eaaa0000, 0x00000000eaaa0000)
  eden space 139776K,   0% used [0x00000000e0000000, 0x00000000e0000000, 0x00000000e8880000)
  from space 17472K,   0% used [0x00000000e8880000, 0x00000000e8880000, 0x00000000e9990000)
  to   space 17472K,   0% used [0x00000000e9990000, 0x00000000e9990000, 0x00000000eaaa0000)
 concurrent mark-sweep generation total 349568K, used 205856K [0x00000000eaaa0000, 0x0000000100000000, 0x0000000100000000)
 Metaspace       used 3956K, capacity 4568K, committed 4864K, reserved 1056768K
  class space    used 431K, capacity 460K, committed 512K, reserved 1048576K
2024-07-23T00:26:01.691+0800: 10.348: [GC (Allocation Failure) 2024-07-23T00:26:01.691+0800: 10.348: [ParNew
Desired survivor size 8945664 bytes, new threshold 6 (max 6)
: 0K->0K(157248K), 0.0005518 secs]2024-07-23T00:26:01.691+0800: 10.348: [CMS: 205856K->1056K(349568K), 0.0028935 secs] 205856K->1056K(506816K), [Metaspace: 3956K->3956K(1056768K)], 0.0035812 secs] [Times: user=0.00 sys=0.00, real=0.00 secs] 
Heap after GC invocations=231 (full 458):
 par new generation   total 157248K, used 0K [0x00000000e0000000, 0x00000000eaaa0000, 0x00000000eaaa0000)
  eden space 139776K,   0% used [0x00000000e0000000, 0x00000000e0000000, 0x00000000e8880000)
  from space 17472K,   0% used [0x00000000e9990000, 0x00000000e9990000, 0x00000000eaaa0000)
  to   space 17472K,   0% used [0x00000000e8880000, 0x00000000e8880000, 0x00000000e9990000)
 concurrent mark-sweep generation total 349568K, used 1056K [0x00000000eaaa0000, 0x0000000100000000, 0x0000000100000000)
 Metaspace       used 3956K, capacity 4568K, committed 4864K, reserved 1056768K
  class space    used 431K, capacity 460K, committed 512K, reserved 1048576K
}
2024-07-23T00:26:01.694+0800: 10.351: Total time for which application threads were stopped: 0.0037466 seconds, Stopping threads took: 0.0000431 seconds
2024-07-23T00:26:01.712+0800: 10.369: [GC (CMS Initial Mark) [1 CMS-initial-mark: 205856K(349568K)] 205856K(506816K), 0.0005301 secs] [Times: user=0.00 sys=0.00, real=0.00 secs] 
2024-07-23T00:26:01.713+0800: 10.369: Total time for which application threads were stopped: 0.0179628 seconds, Stopping threads took: 0.0173736 seconds
2024-07-23T00:26:01.713+0800: 10.369: [CMS-concurrent-mark-start]
2024-07-23T00:26:01.714+0800: 10.371: [CMS-concurrent-mark: 0.001/0.001 secs] [Times: user=0.00 sys=0.00, real=0.00 secs] 
2024-07-23T00:26:01.714+0800: 10.371: [CMS-concurrent-preclean-start]
2024-07-23T00:26:01.714+0800: 10.371: [CMS-concurrent-preclean: 0.000/0.000 secs] [Times: user=0.00 sys=0.00, real=0.00 secs] 
2024-07-23T00:26:01.714+0800: 10.371: [GC (CMS Final Remark) [YG occupancy: 0 K (157248 K)]2024-07-23T00:26:01.714+0800: 10.371: [Rescan (parallel) , 0.0004311 secs]2024-07-23T00:26:01.715+0800: 10.372: [weak refs processing, 0.0000175 secs]2024-07-23T00:26:01.715+0800: 10.372: [class unloading, 0.0004632 secs]2024-07-23T00:26:01.715+0800: 10.372: [scrub symbol table, 0.0005823 secs]2024-07-23T00:26:01.716+0800: 10.373: [scrub string table, 0.0001718 secs][1 CMS-remark: 205856K(349568K)] 205856K(506816K), 0.0017584 secs] [Times: user=0.00 sys=0.00, real=0.00 secs] 
2024-07-23T00:26:01.716+0800: 10.373: Total time for which application threads were stopped: 0.0018135 seconds, Stopping threads took: 0.0000125 seconds
2024-07-23T00:26:01.716+0800: 10.373: [CMS-concurrent-sweep-start]
2024-07-23T00:26:01.716+0800: 10.373: [CMS-concurrent-sweep: 0.000/0.000 secs] [Times: user=0.00 sys=0.00, real=0.00 secs] 
2024-07-23T00:26:01.716+0800: 10.373: [CMS-concurrent-reset-start]
2024-07-23T00:26:01.717+0800: 10.374: [CMS-concurrent-reset: 0.000/0.000 secs] [Times: user=0.00 sys=0.00, real=0.00 secs] 
{Heap before GC invocations=231 (full 459):
 par new generation   total 157248K, used 0K [0x00000000e0000000, 0x00000000eaaa0000, 0x00000000eaaa0000)
  eden space 139776K,   0% used [0x00000000e0000000, 0x00000000e0000000, 0x00000000e8880000)
  from space 17472K,   0% used [0x00000000e9990000, 0x00000000e9990000, 0x00000000eaaa0000)
  to   space 17472K,   0% used [0x00000000e8880000, 0x00000000e8880000, 0x00000000e9990000)
 concurrent mark-sweep generation total 349568K, used 205856K [0x00000000eaaa0000, 0x0000000100000000, 0x0000000100000000)
 Metaspace       used 3956K, capacity 4568K, committed 4864K, reserved 1056768K
  class space    used 431K, capacity 460K, committed 512K, reserved 1048576K
2024-07-23T00:26:01.738+0800: 10.395: [GC (Allocation Failure) 2024-07-23T00:26:01.738+0800: 10.395: [ParNew
Desired survivor size 8945664 bytes, new threshold 6 (max 6)
: 0K->0K(157248K), 0.0020387 secs]2024-07-23T00:26:01.740+0800: 10.397: [CMS: 205856K->1056K(349568K), 0.0050961 secs] 205856K->1056K(506816K), [Metaspace: 3956K->3956K(1056768K)], 0.0073266 secs] [Times: user=0.00 sys=0.00, real=0.01 secs] 
Heap after GC invocations=232 (full 460):
 par new generation   total 157248K, used 0K [0x00000000e0000000, 0x00000000eaaa0000, 0x00000000eaaa0000)
  eden space 139776K,   0% used [0x00000000e0000000, 0x00000000e0000000, 0x00000000e8880000)
  from space 17472K,   0% used [0x00000000e8880000, 0x00000000e8880000, 0x00000000e9990000)
  to   space 17472K,   0% used [0x00000000e9990000, 0x00000000e9990000, 0x00000000eaaa0000)
 concurrent mark-sweep generation total 349568K, used 1056K [0x00000000eaaa0000, 0x0000000100000000, 0x0000000100000000)
 Metaspace       used 3956K, capacity 4568K, committed 4864K, reserved 1056768K
  class space    used 431K, capacity 460K, committed 512K, reserved 1048576K
}
2024-07-23T00:26:01.745+0800: 10.402: Total time for which application threads were stopped: 0.0075538 seconds, Stopping threads took: 0.0000293 seconds
2024-07-23T00:26:01.763+0800: 10.421: [GC (CMS Initial Mark) [1 CMS-initial-mark: 205856K(349568K)] 205856K(506816K), 0.0017140 secs] [Times: user=0.00 sys=0.00, real=0.00 secs] 
2024-07-23T00:26:01.766+0800: 10.422: Total time for which application threads were stopped: 0.0198829 seconds, Stopping threads took: 0.0181065 seconds
2024-07-23T00:26:01.766+0800: 10.422: [CMS-concurrent-mark-start]
2024-07-23T00:26:01.767+0800: 10.424: [CMS-concurrent-mark: 0.002/0.002 secs] [Times: user=0.00 sys=0.00, real=0.00 secs] 
2024-07-23T00:26:01.767+0800: 10.424: [CMS-concurrent-preclean-start]
2024-07-23T00:26:01.767+0800: 10.424: [CMS-concurrent-preclean: 0.000/0.000 secs] [Times: user=0.00 sys=0.00, real=0.00 secs] 
2024-07-23T00:26:01.768+0800: 10.424: [GC (CMS Final Remark) [YG occupancy: 0 K (157248 K)]2024-07-23T00:26:01.768+0800: 10.424: [Rescan (parallel) , 0.0008652 secs]2024-07-23T00:26:01.768+0800: 10.425: [weak refs processing, 0.0000581 secs]2024-07-23T00:26:01.769+0800: 10.425: [class unloading, 0.0004380 secs]2024-07-23T00:26:01.769+0800: 10.426: [scrub symbol table, 0.0006434 secs]2024-07-23T00:26:01.770+0800: 10.426: [scrub string table, 0.0001395 secs][1 CMS-remark: 205856K(349568K)] 205856K(506816K), 0.0023091 secs] [Times: user=0.00 sys=0.00, real=0.00 secs] 
2024-07-23T00:26:01.770+0800: 10.427: Total time for which application threads were stopped: 0.0023724 seconds, Stopping threads took: 0.0000177 seconds
2024-07-23T00:26:01.770+0800: 10.427: [CMS-concurrent-sweep-start]
2024-07-23T00:26:01.770+0800: 10.427: [CMS-concurrent-sweep: 0.000/0.000 secs] [Times: user=0.00 sys=0.00, real=0.00 secs] 
2024-07-23T00:26:01.771+0800: 10.427: [CMS-concurrent-reset-start]
2024-07-23T00:26:01.771+0800: 10.428: [CMS-concurrent-reset: 0.000/0.000 secs] [Times: user=0.00 sys=0.00, real=0.00 secs] 
{Heap before GC invocations=232 (full 461):
 par new generation   total 157248K, used 0K [0x00000000e0000000, 0x00000000eaaa0000, 0x00000000eaaa0000)
  eden space 139776K,   0% used [0x00000000e0000000, 0x00000000e0000000, 0x00000000e8880000)
  from space 17472K,   0% used [0x00000000e8880000, 0x00000000e8880000, 0x00000000e9990000)
  to   space 17472K,   0% used [0x00000000e9990000, 0x00000000e9990000, 0x00000000eaaa0000)
 concurrent mark-sweep generation total 349568K, used 205856K [0x00000000eaaa0000, 0x0000000100000000, 0x0000000100000000)
 Metaspace       used 3956K, capacity 4568K, committed 4864K, reserved 1056768K
  class space    used 431K, capacity 460K, committed 512K, reserved 1048576K
2024-07-23T00:26:01.784+0800: 10.441: [GC (Allocation Failure) 2024-07-23T00:26:01.784+0800: 10.441: [ParNew
Desired survivor size 8945664 bytes, new threshold 6 (max 6)
: 0K->0K(157248K), 0.0012234 secs]2024-07-23T00:26:01.785+0800: 10.443: [CMS: 205856K->1056K(349568K), 0.0026101 secs] 205856K->1056K(506816K), [Metaspace: 3956K->3956K(1056768K)], 0.0039883 secs] [Times: user=0.00 sys=0.00, real=0.00 secs] 
Heap after GC invocations=233 (full 462):
 par new generation   total 157248K, used 0K [0x00000000e0000000, 0x00000000eaaa0000, 0x00000000eaaa0000)
  eden space 139776K,   0% used [0x00000000e0000000, 0x00000000e0000000, 0x00000000e8880000)
  from space 17472K,   0% used [0x00000000e9990000, 0x00000000e9990000, 0x00000000eaaa0000)
  to   space 17472K,   0% used [0x00000000e8880000, 0x00000000e8880000, 0x00000000e9990000)
 concurrent mark-sweep generation total 349568K, used 1056K [0x00000000eaaa0000, 0x0000000100000000, 0x0000000100000000)
 Metaspace       used 3956K, capacity 4568K, committed 4864K, reserved 1056768K
  class space    used 431K, capacity 460K, committed 512K, reserved 1048576K
}
2024-07-23T00:26:01.788+0800: 10.445: Total time for which application threads were stopped: 0.0041458 seconds, Stopping threads took: 0.0000350 seconds
2024-07-23T00:26:01.806+0800: 10.463: [GC (CMS Initial Mark) [1 CMS-initial-mark: 205856K(349568K)] 205856K(506816K), 0.0013284 secs] [Times: user=0.00 sys=0.00, real=0.00 secs] 
2024-07-23T00:26:01.808+0800: 10.464: Total time for which application threads were stopped: 0.0189421 seconds, Stopping threads took: 0.0175547 seconds
2024-07-23T00:26:01.808+0800: 10.464: [CMS-concurrent-mark-start]
2024-07-23T00:26:01.809+0800: 10.466: [CMS-concurrent-mark: 0.002/0.002 secs] [Times: user=0.00 sys=0.00, real=0.00 secs] 
2024-07-23T00:26:01.809+0800: 10.466: [CMS-concurrent-preclean-start]
2024-07-23T00:26:01.810+0800: 10.467: [CMS-concurrent-preclean: 0.001/0.001 secs] [Times: user=0.00 sys=0.00, real=0.00 secs] 
2024-07-23T00:26:01.810+0800: 10.467: [GC (CMS Final Remark) [YG occupancy: 0 K (157248 K)]2024-07-23T00:26:01.810+0800: 10.467: [Rescan (parallel) , 0.0003912 secs]2024-07-23T00:26:01.811+0800: 10.467: [weak refs processing, 0.0000097 secs]2024-07-23T00:26:01.811+0800: 10.467: [class unloading, 0.0002228 secs]2024-07-23T00:26:01.811+0800: 10.468: [scrub symbol table, 0.0003611 secs]2024-07-23T00:26:01.811+0800: 10.468: [scrub string table, 0.0001071 secs][1 CMS-remark: 205856K(349568K)] 205856K(506816K), 0.0011861 secs] [Times: user=0.00 sys=0.00, real=0.00 secs] 
2024-07-23T00:26:01.811+0800: 10.468: Total time for which application threads were stopped: 0.0012798 seconds, Stopping threads took: 0.0000417 seconds
2024-07-23T00:26:01.811+0800: 10.468: [CMS-concurrent-sweep-start]
2024-07-23T00:26:01.812+0800: 10.468: [CMS-concurrent-sweep: 0.000/0.000 secs] [Times: user=0.00 sys=0.00, real=0.00 secs] 
2024-07-23T00:26:01.812+0800: 10.468: [CMS-concurrent-reset-start]
2024-07-23T00:26:01.812+0800: 10.469: [CMS-concurrent-reset: 0.000/0.000 secs] [Times: user=0.00 sys=0.00, real=0.00 secs] 
{Heap before GC invocations=233 (full 463):
 par new generation   total 157248K, used 0K [0x00000000e0000000, 0x00000000eaaa0000, 0x00000000eaaa0000)
  eden space 139776K,   0% used [0x00000000e0000000, 0x00000000e0000000, 0x00000000e8880000)
  from space 17472K,   0% used [0x00000000e9990000, 0x00000000e9990000, 0x00000000eaaa0000)
  to   space 17472K,   0% used [0x00000000e8880000, 0x00000000e8880000, 0x00000000e9990000)
 concurrent mark-sweep generation total 349568K, used 205856K [0x00000000eaaa0000, 0x0000000100000000, 0x0000000100000000)
 Metaspace       used 3956K, capacity 4568K, committed 4864K, reserved 1056768K
  class space    used 431K, capacity 460K, committed 512K, reserved 1048576K
2024-07-23T00:26:01.830+0800: 10.487: [GC (Allocation Failure) 2024-07-23T00:26:01.830+0800: 10.487: [ParNew
Desired survivor size 8945664 bytes, new threshold 6 (max 6)
: 0K->0K(157248K), 0.0015586 secs]2024-07-23T00:26:01.832+0800: 10.489: [CMS: 205856K->1056K(349568K), 0.0055636 secs] 205856K->1056K(506816K), [Metaspace: 3956K->3956K(1056768K)], 0.0073952 secs] [Times: user=0.00 sys=0.00, real=0.01 secs] 
Heap after GC invocations=234 (full 464):
 par new generation   total 157248K, used 0K [0x00000000e0000000, 0x00000000eaaa0000, 0x00000000eaaa0000)
  eden space 139776K,   0% used [0x00000000e0000000, 0x00000000e0000000, 0x00000000e8880000)
  from space 17472K,   0% used [0x00000000e8880000, 0x00000000e8880000, 0x00000000e9990000)
  to   space 17472K,   0% used [0x00000000e9990000, 0x00000000e9990000, 0x00000000eaaa0000)
 concurrent mark-sweep generation total 349568K, used 1056K [0x00000000eaaa0000, 0x0000000100000000, 0x0000000100000000)
 Metaspace       used 3956K, capacity 4568K, committed 4864K, reserved 1056768K
  class space    used 431K, capacity 460K, committed 512K, reserved 1048576K
}
2024-07-23T00:26:01.838+0800: 10.495: Total time for which application threads were stopped: 0.0079040 seconds, Stopping threads took: 0.0002069 seconds
2024-07-23T00:26:01.858+0800: 10.515: [GC (CMS Initial Mark) [1 CMS-initial-mark: 205856K(349568K)] 205856K(506816K), 0.0002235 secs] [Times: user=0.00 sys=0.00, real=0.00 secs] 
2024-07-23T00:26:01.859+0800: 10.516: Total time for which application threads were stopped: 0.0207916 seconds, Stopping threads took: 0.0204937 seconds
2024-07-23T00:26:01.859+0800: 10.516: [CMS-concurrent-mark-start]
2024-07-23T00:26:01.860+0800: 10.517: [CMS-concurrent-mark: 0.001/0.001 secs] [Times: user=0.00 sys=0.00, real=0.00 secs] 
2024-07-23T00:26:01.860+0800: 10.517: [CMS-concurrent-preclean-start]
2024-07-23T00:26:01.860+0800: 10.517: [CMS-concurrent-preclean: 0.000/0.000 secs] [Times: user=0.00 sys=0.00, real=0.00 secs] 
2024-07-23T00:26:01.860+0800: 10.518: [GC (CMS Final Remark) [YG occupancy: 0 K (157248 K)]2024-07-23T00:26:01.860+0800: 10.518: [Rescan (parallel) , 0.0007832 secs]2024-07-23T00:26:01.861+0800: 10.518: [weak refs processing, 0.0000193 secs]2024-07-23T00:26:01.861+0800: 10.518: [class unloading, 0.0004352 secs]2024-07-23T00:26:01.862+0800: 10.519: [scrub symbol table, 0.0004549 secs]2024-07-23T00:26:01.862+0800: 10.519: [scrub string table, 0.0001560 secs][1 CMS-remark: 205856K(349568K)] 205856K(506816K), 0.0019462 secs] [Times: user=0.00 sys=0.00, real=0.00 secs] 
2024-07-23T00:26:01.862+0800: 10.520: Total time for which application threads were stopped: 0.0020290 seconds, Stopping threads took: 0.0000251 seconds
2024-07-23T00:26:01.862+0800: 10.520: [CMS-concurrent-sweep-start]
2024-07-23T00:26:01.863+0800: 10.520: [CMS-concurrent-sweep: 0.000/0.000 secs] [Times: user=0.00 sys=0.00, real=0.00 secs] 
2024-07-23T00:26:01.863+0800: 10.520: [CMS-concurrent-reset-start]
2024-07-23T00:26:01.863+0800: 10.520: [CMS-concurrent-reset: 0.000/0.000 secs] [Times: user=0.00 sys=0.00, real=0.00 secs] 
{Heap before GC invocations=234 (full 465):
 par new generation   total 157248K, used 0K [0x00000000e0000000, 0x00000000eaaa0000, 0x00000000eaaa0000)
  eden space 139776K,   0% used [0x00000000e0000000, 0x00000000e0000000, 0x00000000e8880000)
  from space 17472K,   0% used [0x00000000e8880000, 0x00000000e8880000, 0x00000000e9990000)
  to   space 17472K,   0% used [0x00000000e9990000, 0x00000000e9990000, 0x00000000eaaa0000)
 concurrent mark-sweep generation total 349568K, used 205856K [0x00000000eaaa0000, 0x0000000100000000, 0x0000000100000000)
 Metaspace       used 3956K, capacity 4568K, committed 4864K, reserved 1056768K
  class space    used 431K, capacity 460K, committed 512K, reserved 1048576K
2024-07-23T00:26:01.877+0800: 10.534: [GC (Allocation Failure) 2024-07-23T00:26:01.877+0800: 10.534: [ParNew
Desired survivor size 8945664 bytes, new threshold 6 (max 6)
: 0K->0K(157248K), 0.0008763 secs]2024-07-23T00:26:01.878+0800: 10.535: [CMS: 205856K->1056K(349568K), 0.0030429 secs] 205856K->1056K(506816K), [Metaspace: 3956K->3956K(1056768K)], 0.0040792 secs] [Times: user=0.00 sys=0.00, real=0.00 secs] 
Heap after GC invocations=235 (full 466):
 par new generation   total 157248K, used 0K [0x00000000e0000000, 0x00000000eaaa0000, 0x00000000eaaa0000)
  eden space 139776K,   0% used [0x00000000e0000000, 0x00000000e0000000, 0x00000000e8880000)
  from space 17472K,   0% used [0x00000000e9990000, 0x00000000e9990000, 0x00000000eaaa0000)
  to   space 17472K,   0% used [0x00000000e8880000, 0x00000000e8880000, 0x00000000e9990000)
 concurrent mark-sweep generation total 349568K, used 1056K [0x00000000eaaa0000, 0x0000000100000000, 0x0000000100000000)
 Metaspace       used 3956K, capacity 4568K, committed 4864K, reserved 1056768K
  class space    used 431K, capacity 460K, committed 512K, reserved 1048576K
}
2024-07-23T00:26:01.881+0800: 10.538: Total time for which application threads were stopped: 0.0042293 seconds, Stopping threads took: 0.0000296 seconds
2024-07-23T00:26:01.900+0800: 10.557: [GC (CMS Initial Mark) [1 CMS-initial-mark: 205856K(349568K)] 205856K(506816K), 0.0001951 secs] [Times: user=0.00 sys=0.00, real=0.00 secs] 
2024-07-23T00:26:01.900+0800: 10.557: Total time for which application threads were stopped: 0.0193632 seconds, Stopping threads took: 0.0191088 seconds
2024-07-23T00:26:01.900+0800: 10.557: [CMS-concurrent-mark-start]
2024-07-23T00:26:01.902+0800: 10.559: [CMS-concurrent-mark: 0.002/0.002 secs] [Times: user=0.00 sys=0.00, real=0.00 secs] 
2024-07-23T00:26:01.902+0800: 10.559: [CMS-concurrent-preclean-start]
2024-07-23T00:26:01.902+0800: 10.559: [CMS-concurrent-preclean: 0.000/0.000 secs] [Times: user=0.00 sys=0.00, real=0.00 secs] 
2024-07-23T00:26:01.902+0800: 10.560: [GC (CMS Final Remark) [YG occupancy: 0 K (157248 K)]2024-07-23T00:26:01.902+0800: 10.560: [Rescan (parallel) , 0.0002955 secs]2024-07-23T00:26:01.902+0800: 10.560: [weak refs processing, 0.0000194 secs]2024-07-23T00:26:01.902+0800: 10.560: [class unloading, 0.0004138 secs]2024-07-23T00:26:01.904+0800: 10.560: [scrub symbol table, 0.0003990 secs]2024-07-23T00:26:01.904+0800: 10.561: [scrub string table, 0.0000984 secs][1 CMS-remark: 205856K(349568K)] 205856K(506816K), 0.0013240 secs] [Times: user=0.00 sys=0.00, real=0.00 secs] 
2024-07-23T00:26:01.904+0800: 10.561: Total time for which application threads were stopped: 0.0014275 seconds, Stopping threads took: 0.0000416 seconds
2024-07-23T00:26:01.904+0800: 10.561: [CMS-concurrent-sweep-start]
2024-07-23T00:26:01.904+0800: 10.561: [CMS-concurrent-sweep: 0.000/0.000 secs] [Times: user=0.00 sys=0.00, real=0.00 secs] 
2024-07-23T00:26:01.904+0800: 10.561: [CMS-concurrent-reset-start]
2024-07-23T00:26:01.905+0800: 10.562: [CMS-concurrent-reset: 0.001/0.001 secs] [Times: user=0.00 sys=0.00, real=0.00 secs] 
{Heap before GC invocations=235 (full 467):
 par new generation   total 157248K, used 0K [0x00000000e0000000, 0x00000000eaaa0000, 0x00000000eaaa0000)
  eden space 139776K,   0% used [0x00000000e0000000, 0x00000000e0000000, 0x00000000e8880000)
  from space 17472K,   0% used [0x00000000e9990000, 0x00000000e9990000, 0x00000000eaaa0000)
  to   space 17472K,   0% used [0x00000000e8880000, 0x00000000e8880000, 0x00000000e9990000)
 concurrent mark-sweep generation total 349568K, used 205856K [0x00000000eaaa0000, 0x0000000100000000, 0x0000000100000000)
 Metaspace       used 3956K, capacity 4568K, committed 4864K, reserved 1056768K
  class space    used 431K, capacity 460K, committed 512K, reserved 1048576K
2024-07-23T00:26:01.924+0800: 10.580: [GC (Allocation Failure) 2024-07-23T00:26:01.924+0800: 10.580: [ParNew
Desired survivor size 8945664 bytes, new threshold 6 (max 6)
: 0K->0K(157248K), 0.0004896 secs]2024-07-23T00:26:01.924+0800: 10.581: [CMS: 205856K->1056K(349568K), 0.0024459 secs] 205856K->1056K(506816K), [Metaspace: 3956K->3956K(1056768K)], 0.0030538 secs] [Times: user=0.00 sys=0.00, real=0.00 secs] 
Heap after GC invocations=236 (full 468):
 par new generation   total 157248K, used 0K [0x00000000e0000000, 0x00000000eaaa0000, 0x00000000eaaa0000)
  eden space 139776K,   0% used [0x00000000e0000000, 0x00000000e0000000, 0x00000000e8880000)
  from space 17472K,   0% used [0x00000000e8880000, 0x00000000e8880000, 0x00000000e9990000)
  to   space 17472K,   0% used [0x00000000e9990000, 0x00000000e9990000, 0x00000000eaaa0000)
 concurrent mark-sweep generation total 349568K, used 1056K [0x00000000eaaa0000, 0x0000000100000000, 0x0000000100000000)
 Metaspace       used 3956K, capacity 4568K, committed 4864K, reserved 1056768K
  class space    used 431K, capacity 460K, committed 512K, reserved 1048576K
}
2024-07-23T00:26:01.927+0800: 10.584: Total time for which application threads were stopped: 0.0031966 seconds, Stopping threads took: 0.0000416 seconds
2024-07-23T00:26:01.945+0800: 10.602: [GC (CMS Initial Mark) [1 CMS-initial-mark: 205856K(349568K)] 205856K(506816K), 0.0002729 secs] [Times: user=0.00 sys=0.00, real=0.00 secs] 
2024-07-23T00:26:01.945+0800: 10.602: Total time for which application threads were stopped: 0.0182233 seconds, Stopping threads took: 0.0178803 seconds
2024-07-23T00:26:01.945+0800: 10.602: [CMS-concurrent-mark-start]
2024-07-23T00:26:01.946+0800: 10.603: [CMS-concurrent-mark: 0.001/0.001 secs] [Times: user=0.00 sys=0.00, real=0.00 secs] 
2024-07-23T00:26:01.946+0800: 10.603: [CMS-concurrent-preclean-start]
2024-07-23T00:26:01.947+0800: 10.603: [CMS-concurrent-preclean: 0.000/0.000 secs] [Times: user=0.00 sys=0.00, real=0.00 secs] 
2024-07-23T00:26:01.947+0800: 10.603: [GC (CMS Final Remark) [YG occupancy: 0 K (157248 K)]2024-07-23T00:26:01.947+0800: 10.603: [Rescan (parallel) , 0.0003651 secs]2024-07-23T00:26:01.947+0800: 10.604: [weak refs processing, 0.0000087 secs]2024-07-23T00:26:01.947+0800: 10.604: [class unloading, 0.0002062 secs]2024-07-23T00:26:01.947+0800: 10.604: [scrub symbol table, 0.0003497 secs]2024-07-23T00:26:01.948+0800: 10.604: [scrub string table, 0.0000969 secs][1 CMS-remark: 205856K(349568K)] 205856K(506816K), 0.0010710 secs] [Times: user=0.00 sys=0.00, real=0.00 secs] 
2024-07-23T00:26:01.948+0800: 10.605: Total time for which application threads were stopped: 0.0011096 seconds, Stopping threads took: 0.0000155 seconds
2024-07-23T00:26:01.948+0800: 10.605: [CMS-concurrent-sweep-start]
2024-07-23T00:26:01.948+0800: 10.605: [CMS-concurrent-sweep: 0.000/0.000 secs] [Times: user=0.00 sys=0.00, real=0.00 secs] 
2024-07-23T00:26:01.948+0800: 10.605: [CMS-concurrent-reset-start]
2024-07-23T00:26:01.948+0800: 10.605: [CMS-concurrent-reset: 0.000/0.000 secs] [Times: user=0.00 sys=0.00, real=0.00 secs] 
{Heap before GC invocations=236 (full 469):
 par new generation   total 157248K, used 0K [0x00000000e0000000, 0x00000000eaaa0000, 0x00000000eaaa0000)
  eden space 139776K,   0% used [0x00000000e0000000, 0x00000000e0000000, 0x00000000e8880000)
  from space 17472K,   0% used [0x00000000e8880000, 0x00000000e8880000, 0x00000000e9990000)
  to   space 17472K,   0% used [0x00000000e9990000, 0x00000000e9990000, 0x00000000eaaa0000)
 concurrent mark-sweep generation total 349568K, used 205856K [0x00000000eaaa0000, 0x0000000100000000, 0x0000000100000000)
 Metaspace       used 3956K, capacity 4568K, committed 4864K, reserved 1056768K
  class space    used 431K, capacity 460K, committed 512K, reserved 1048576K
2024-07-23T00:26:01.971+0800: 10.628: [GC (Allocation Failure) 2024-07-23T00:26:01.971+0800: 10.628: [ParNew
Desired survivor size 8945664 bytes, new threshold 6 (max 6)
: 0K->0K(157248K), 0.0021692 secs]2024-07-23T00:26:01.973+0800: 10.630: [CMS: 205856K->1056K(349568K), 0.0032586 secs] 205856K->1056K(506816K), [Metaspace: 3956K->3956K(1056768K)], 0.0056233 secs] [Times: user=0.00 sys=0.00, real=0.01 secs] 
Heap after GC invocations=237 (full 470):
 par new generation   total 157248K, used 0K [0x00000000e0000000, 0x00000000eaaa0000, 0x00000000eaaa0000)
  eden space 139776K,   0% used [0x00000000e0000000, 0x00000000e0000000, 0x00000000e8880000)
  from space 17472K,   0% used [0x00000000e9990000, 0x00000000e9990000, 0x00000000eaaa0000)
  to   space 17472K,   0% used [0x00000000e8880000, 0x00000000e8880000, 0x00000000e9990000)
 concurrent mark-sweep generation total 349568K, used 1056K [0x00000000eaaa0000, 0x0000000100000000, 0x0000000100000000)
 Metaspace       used 3956K, capacity 4568K, committed 4864K, reserved 1056768K
  class space    used 431K, capacity 460K, committed 512K, reserved 1048576K
}
2024-07-23T00:26:01.976+0800: 10.634: Total time for which application threads were stopped: 0.0060597 seconds, Stopping threads took: 0.0001019 seconds
2024-07-23T00:26:01.997+0800: 10.654: [GC (CMS Initial Mark) [1 CMS-initial-mark: 205856K(349568K)] 205856K(506816K), 0.0015206 secs] [Times: user=0.00 sys=0.00, real=0.00 secs] 
2024-07-23T00:26:01.998+0800: 10.655: Total time for which application threads were stopped: 0.0214225 seconds, Stopping threads took: 0.0198147 seconds
2024-07-23T00:26:01.998+0800: 10.655: [CMS-concurrent-mark-start]
2024-07-23T00:26:02.000+0800: 10.657: [CMS-concurrent-mark: 0.001/0.001 secs] [Times: user=0.00 sys=0.00, real=0.00 secs] 
2024-07-23T00:26:02.000+0800: 10.657: [CMS-concurrent-preclean-start]
2024-07-23T00:26:02.000+0800: 10.657: [CMS-concurrent-preclean: 0.000/0.000 secs] [Times: user=0.00 sys=0.00, real=0.00 secs] 
2024-07-23T00:26:02.000+0800: 10.657: [GC (CMS Final Remark) [YG occupancy: 0 K (157248 K)]2024-07-23T00:26:02.000+0800: 10.657: [Rescan (parallel) , 0.0005078 secs]2024-07-23T00:26:02.000+0800: 10.658: [weak refs processing, 0.0000074 secs]2024-07-23T00:26:02.001+0800: 10.658: [class unloading, 0.0003966 secs]2024-07-23T00:26:02.001+0800: 10.658: [scrub symbol table, 0.0004619 secs]2024-07-23T00:26:02.001+0800: 10.659: [scrub string table, 0.0001625 secs][1 CMS-remark: 205856K(349568K)] 205856K(506816K), 0.0015937 secs] [Times: user=0.00 sys=0.00, real=0.00 secs] 
2024-07-23T00:26:02.002+0800: 10.659: Total time for which application threads were stopped: 0.0016899 seconds, Stopping threads took: 0.0000536 seconds
2024-07-23T00:26:02.002+0800: 10.659: [CMS-concurrent-sweep-start]
2024-07-23T00:26:02.002+0800: 10.659: [CMS-concurrent-sweep: 0.001/0.001 secs] [Times: user=0.00 sys=0.00, real=0.00 secs] 
2024-07-23T00:26:02.002+0800: 10.659: [CMS-concurrent-reset-start]
2024-07-23T00:26:02.003+0800: 10.660: [CMS-concurrent-reset: 0.000/0.000 secs] [Times: user=0.00 sys=0.00, real=0.00 secs] 
{Heap before GC invocations=237 (full 471):
 par new generation   total 157248K, used 0K [0x00000000e0000000, 0x00000000eaaa0000, 0x00000000eaaa0000)
  eden space 139776K,   0% used [0x00000000e0000000, 0x00000000e0000000, 0x00000000e8880000)
  from space 17472K,   0% used [0x00000000e9990000, 0x00000000e9990000, 0x00000000eaaa0000)
  to   space 17472K,   0% used [0x00000000e8880000, 0x00000000e8880000, 0x00000000e9990000)
 concurrent mark-sweep generation total 349568K, used 205856K [0x00000000eaaa0000, 0x0000000100000000, 0x0000000100000000)
 Metaspace       used 3956K, capacity 4568K, committed 4864K, reserved 1056768K
  class space    used 431K, capacity 460K, committed 512K, reserved 1048576K
2024-07-23T00:26:02.017+0800: 10.674: [GC (Allocation Failure) 2024-07-23T00:26:02.017+0800: 10.674: [ParNew
Desired survivor size 8945664 bytes, new threshold 6 (max 6)
: 0K->0K(157248K), 0.0015449 secs]2024-07-23T00:26:02.019+0800: 10.676: [CMS: 205856K->1056K(349568K), 0.0031322 secs] 205856K->1056K(506816K), [Metaspace: 3956K->3956K(1056768K)], 0.0047958 secs] [Times: user=0.00 sys=0.00, real=0.01 secs] 
Heap after GC invocations=238 (full 472):
 par new generation   total 157248K, used 0K [0x00000000e0000000, 0x00000000eaaa0000, 0x00000000eaaa0000)
  eden space 139776K,   0% used [0x00000000e0000000, 0x00000000e0000000, 0x00000000e8880000)
  from space 17472K,   0% used [0x00000000e8880000, 0x00000000e8880000, 0x00000000e9990000)
  to   space 17472K,   0% used [0x00000000e9990000, 0x00000000e9990000, 0x00000000eaaa0000)
 concurrent mark-sweep generation total 349568K, used 1056K [0x00000000eaaa0000, 0x0000000100000000, 0x0000000100000000)
 Metaspace       used 3956K, capacity 4568K, committed 4864K, reserved 1056768K
  class space    used 431K, capacity 460K, committed 512K, reserved 1048576K
}
2024-07-23T00:26:02.022+0800: 10.679: Total time for which application threads were stopped: 0.0049611 seconds, Stopping threads took: 0.0000505 seconds
2024-07-23T00:26:02.040+0800: 10.698: [GC (CMS Initial Mark) [1 CMS-initial-mark: 205856K(349568K)] 205856K(506816K), 0.0011909 secs] [Times: user=0.00 sys=0.00, real=0.00 secs] 
2024-07-23T00:26:02.043+0800: 10.699: Total time for which application threads were stopped: 0.0202444 seconds, Stopping threads took: 0.0189808 seconds
2024-07-23T00:26:02.043+0800: 10.699: [CMS-concurrent-mark-start]
2024-07-23T00:26:02.044+0800: 10.701: [CMS-concurrent-mark: 0.002/0.002 secs] [Times: user=0.02 sys=0.00, real=0.00 secs] 
2024-07-23T00:26:02.044+0800: 10.701: [CMS-concurrent-preclean-start]
2024-07-23T00:26:02.045+0800: 10.701: [CMS-concurrent-preclean: 0.000/0.000 secs] [Times: user=0.00 sys=0.00, real=0.00 secs] 
2024-07-23T00:26:02.045+0800: 10.701: [GC (CMS Final Remark) [YG occupancy: 0 K (157248 K)]2024-07-23T00:26:02.045+0800: 10.702: [Rescan (parallel) , 0.0011663 secs]2024-07-23T00:26:02.046+0800: 10.703: [weak refs processing, 0.0000123 secs]2024-07-23T00:26:02.046+0800: 10.703: [class unloading, 0.0003271 secs]2024-07-23T00:26:02.046+0800: 10.703: [scrub symbol table, 0.0004259 secs]2024-07-23T00:26:02.047+0800: 10.703: [scrub string table, 0.0000986 secs][1 CMS-remark: 205856K(349568K)] 205856K(506816K), 0.0020865 secs] [Times: user=0.00 sys=0.00, real=0.00 secs] 
2024-07-23T00:26:02.047+0800: 10.704: Total time for which application threads were stopped: 0.0021230 seconds, Stopping threads took: 0.0000147 seconds
2024-07-23T00:26:02.047+0800: 10.704: [CMS-concurrent-sweep-start]
2024-07-23T00:26:02.047+0800: 10.704: [CMS-concurrent-sweep: 0.000/0.000 secs] [Times: user=0.00 sys=0.00, real=0.00 secs] 
2024-07-23T00:26:02.047+0800: 10.704: [CMS-concurrent-reset-start]
2024-07-23T00:26:02.047+0800: 10.704: [CMS-concurrent-reset: 0.000/0.000 secs] [Times: user=0.00 sys=0.00, real=0.00 secs] 
{Heap before GC invocations=238 (full 473):
 par new generation   total 157248K, used 0K [0x00000000e0000000, 0x00000000eaaa0000, 0x00000000eaaa0000)
  eden space 139776K,   0% used [0x00000000e0000000, 0x00000000e0000000, 0x00000000e8880000)
  from space 17472K,   0% used [0x00000000e8880000, 0x00000000e8880000, 0x00000000e9990000)
  to   space 17472K,   0% used [0x00000000e9990000, 0x00000000e9990000, 0x00000000eaaa0000)
 concurrent mark-sweep generation total 349568K, used 205856K [0x00000000eaaa0000, 0x0000000100000000, 0x0000000100000000)
 Metaspace       used 3956K, capacity 4568K, committed 4864K, reserved 1056768K
  class space    used 431K, capacity 460K, committed 512K, reserved 1048576K
2024-07-23T00:26:02.064+0800: 10.721: [GC (Allocation Failure) 2024-07-23T00:26:02.064+0800: 10.721: [ParNew
Desired survivor size 8945664 bytes, new threshold 6 (max 6)
: 0K->0K(157248K), 0.0016589 secs]2024-07-23T00:26:02.066+0800: 10.722: [CMS: 205856K->1056K(349568K), 0.0037556 secs] 205856K->1056K(506816K), [Metaspace: 3956K->3956K(1056768K)], 0.0055934 secs] [Times: user=0.00 sys=0.00, real=0.01 secs] 
Heap after GC invocations=239 (full 474):
 par new generation   total 157248K, used 0K [0x00000000e0000000, 0x00000000eaaa0000, 0x00000000eaaa0000)
  eden space 139776K,   0% used [0x00000000e0000000, 0x00000000e0000000, 0x00000000e8880000)
  from space 17472K,   0% used [0x00000000e9990000, 0x00000000e9990000, 0x00000000eaaa0000)
  to   space 17472K,   0% used [0x00000000e8880000, 0x00000000e8880000, 0x00000000e9990000)
 concurrent mark-sweep generation total 349568K, used 1056K [0x00000000eaaa0000, 0x0000000100000000, 0x0000000100000000)
 Metaspace       used 3956K, capacity 4568K, committed 4864K, reserved 1056768K
  class space    used 431K, capacity 460K, committed 512K, reserved 1048576K
}
2024-07-23T00:26:02.069+0800: 10.726: Total time for which application threads were stopped: 0.0057678 seconds, Stopping threads took: 0.0000387 seconds
2024-07-23T00:26:02.089+0800: 10.746: [GC (CMS Initial Mark) [1 CMS-initial-mark: 205856K(349568K)] 205856K(506816K), 0.0005445 secs] [Times: user=0.00 sys=0.00, real=0.00 secs] 
2024-07-23T00:26:02.089+0800: 10.747: Total time for which application threads were stopped: 0.0202786 seconds, Stopping threads took: 0.0195910 seconds
2024-07-23T00:26:02.089+0800: 10.747: [CMS-concurrent-mark-start]
2024-07-23T00:26:02.092+0800: 10.749: [CMS-concurrent-mark: 0.003/0.003 secs] [Times: user=0.00 sys=0.00, real=0.00 secs] 
2024-07-23T00:26:02.092+0800: 10.749: [CMS-concurrent-preclean-start]
2024-07-23T00:26:02.092+0800: 10.750: [CMS-concurrent-preclean: 0.000/0.000 secs] [Times: user=0.00 sys=0.00, real=0.00 secs] 
2024-07-23T00:26:02.093+0800: 10.750: [GC (CMS Final Remark) [YG occupancy: 0 K (157248 K)]2024-07-23T00:26:02.093+0800: 10.750: [Rescan (parallel) , 0.0005164 secs]2024-07-23T00:26:02.093+0800: 10.751: [weak refs processing, 0.0000071 secs]2024-07-23T00:26:02.093+0800: 10.751: [class unloading, 0.0001911 secs]2024-07-23T00:26:02.093+0800: 10.751: [scrub symbol table, 0.0003016 secs]2024-07-23T00:26:02.094+0800: 10.751: [scrub string table, 0.0000820 secs][1 CMS-remark: 205856K(349568K)] 205856K(506816K), 0.0011648 secs] [Times: user=0.00 sys=0.00, real=0.00 secs] 
2024-07-23T00:26:02.094+0800: 10.751: Total time for which application threads were stopped: 0.0012371 seconds, Stopping threads took: 0.0000326 seconds
2024-07-23T00:26:02.094+0800: 10.751: [CMS-concurrent-sweep-start]
2024-07-23T00:26:02.094+0800: 10.752: [CMS-concurrent-sweep: 0.000/0.000 secs] [Times: user=0.00 sys=0.00, real=0.00 secs] 
2024-07-23T00:26:02.094+0800: 10.752: [CMS-concurrent-reset-start]
2024-07-23T00:26:02.094+0800: 10.752: [CMS-concurrent-reset: 0.000/0.000 secs] [Times: user=0.00 sys=0.00, real=0.00 secs] 
{Heap before GC invocations=239 (full 475):
 par new generation   total 157248K, used 0K [0x00000000e0000000, 0x00000000eaaa0000, 0x00000000eaaa0000)
  eden space 139776K,   0% used [0x00000000e0000000, 0x00000000e0000000, 0x00000000e8880000)
  from space 17472K,   0% used [0x00000000e9990000, 0x00000000e9990000, 0x00000000eaaa0000)
  to   space 17472K,   0% used [0x00000000e8880000, 0x00000000e8880000, 0x00000000e9990000)
 concurrent mark-sweep generation total 349568K, used 205856K [0x00000000eaaa0000, 0x0000000100000000, 0x0000000100000000)
 Metaspace       used 3956K, capacity 4568K, committed 4864K, reserved 1056768K
  class space    used 431K, capacity 460K, committed 512K, reserved 1048576K
2024-07-23T00:26:02.111+0800: 10.768: [GC (Allocation Failure) 2024-07-23T00:26:02.111+0800: 10.768: [ParNew
Desired survivor size 8945664 bytes, new threshold 6 (max 6)
: 0K->0K(157248K), 0.0017200 secs]2024-07-23T00:26:02.113+0800: 10.770: [CMS: 205856K->1056K(349568K), 0.0033025 secs] 205856K->1056K(506816K), [Metaspace: 3956K->3956K(1056768K)], 0.0052283 secs] [Times: user=0.00 sys=0.00, real=0.00 secs] 
Heap after GC invocations=240 (full 476):
 par new generation   total 157248K, used 0K [0x00000000e0000000, 0x00000000eaaa0000, 0x00000000eaaa0000)
  eden space 139776K,   0% used [0x00000000e0000000, 0x00000000e0000000, 0x00000000e8880000)
  from space 17472K,   0% used [0x00000000e8880000, 0x00000000e8880000, 0x00000000e9990000)
  to   space 17472K,   0% used [0x00000000e9990000, 0x00000000e9990000, 0x00000000eaaa0000)
 concurrent mark-sweep generation total 349568K, used 1056K [0x00000000eaaa0000, 0x0000000100000000, 0x0000000100000000)
 Metaspace       used 3956K, capacity 4568K, committed 4864K, reserved 1056768K
  class space    used 431K, capacity 460K, committed 512K, reserved 1048576K
}
2024-07-23T00:26:02.116+0800: 10.774: Total time for which application threads were stopped: 0.0054070 seconds, Stopping threads took: 0.0000341 seconds
2024-07-23T00:26:02.135+0800: 10.792: [GC (CMS Initial Mark) [1 CMS-initial-mark: 205856K(349568K)] 205856K(506816K), 0.0003846 secs] [Times: user=0.00 sys=0.00, real=0.00 secs] 
2024-07-23T00:26:02.135+0800: 10.793: Total time for which application threads were stopped: 0.0188308 seconds, Stopping threads took: 0.0183483 seconds
2024-07-23T00:26:02.135+0800: 10.793: [CMS-concurrent-mark-start]
2024-07-23T00:26:02.137+0800: 10.795: [CMS-concurrent-mark: 0.002/0.002 secs] [Times: user=0.00 sys=0.00, real=0.00 secs] 
2024-07-23T00:26:02.137+0800: 10.795: [CMS-concurrent-preclean-start]
2024-07-23T00:26:02.137+0800: 10.795: [CMS-concurrent-preclean: 0.000/0.000 secs] [Times: user=0.00 sys=0.00, real=0.00 secs] 
2024-07-23T00:26:02.138+0800: 10.795: [GC (CMS Final Remark) [YG occupancy: 0 K (157248 K)]2024-07-23T00:26:02.138+0800: 10.795: [Rescan (parallel) , 0.0005993 secs]2024-07-23T00:26:02.138+0800: 10.796: [weak refs processing, 0.0000094 secs]2024-07-23T00:26:02.138+0800: 10.796: [class unloading, 0.0002061 secs]2024-07-23T00:26:02.138+0800: 10.796: [scrub symbol table, 0.0003394 secs]2024-07-23T00:26:02.139+0800: 10.796: [scrub string table, 0.0001026 secs][1 CMS-remark: 205856K(349568K)] 205856K(506816K), 0.0013061 secs] [Times: user=0.00 sys=0.00, real=0.00 secs] 
2024-07-23T00:26:02.139+0800: 10.796: Total time for which application threads were stopped: 0.0013501 seconds, Stopping threads took: 0.0000173 seconds
2024-07-23T00:26:02.139+0800: 10.796: [CMS-concurrent-sweep-start]
2024-07-23T00:26:02.139+0800: 10.797: [CMS-concurrent-sweep: 0.000/0.000 secs] [Times: user=0.00 sys=0.00, real=0.00 secs] 
2024-07-23T00:26:02.139+0800: 10.797: [CMS-concurrent-reset-start]
2024-07-23T00:26:02.140+0800: 10.797: [CMS-concurrent-reset: 0.000/0.000 secs] [Times: user=0.00 sys=0.00, real=0.00 secs] 
{Heap before GC invocations=240 (full 477):
 par new generation   total 157248K, used 0K [0x00000000e0000000, 0x00000000eaaa0000, 0x00000000eaaa0000)
  eden space 139776K,   0% used [0x00000000e0000000, 0x00000000e0000000, 0x00000000e8880000)
  from space 17472K,   0% used [0x00000000e8880000, 0x00000000e8880000, 0x00000000e9990000)
  to   space 17472K,   0% used [0x00000000e9990000, 0x00000000e9990000, 0x00000000eaaa0000)
 concurrent mark-sweep generation total 349568K, used 205856K [0x00000000eaaa0000, 0x0000000100000000, 0x0000000100000000)
 Metaspace       used 3956K, capacity 4568K, committed 4864K, reserved 1056768K
  class space    used 431K, capacity 460K, committed 512K, reserved 1048576K
2024-07-23T00:26:02.158+0800: 10.815: [GC (Allocation Failure) 2024-07-23T00:26:02.158+0800: 10.815: [ParNew
Desired survivor size 8945664 bytes, new threshold 6 (max 6)
: 0K->0K(157248K), 0.0005735 secs]2024-07-23T00:26:02.158+0800: 10.815: [CMS: 205856K->1056K(349568K), 0.0030598 secs] 205856K->1056K(506816K), [Metaspace: 3956K->3956K(1056768K)], 0.0037821 secs] [Times: user=0.00 sys=0.00, real=0.00 secs] 
Heap after GC invocations=241 (full 478):
 par new generation   total 157248K, used 0K [0x00000000e0000000, 0x00000000eaaa0000, 0x00000000eaaa0000)
  eden space 139776K,   0% used [0x00000000e0000000, 0x00000000e0000000, 0x00000000e8880000)
  from space 17472K,   0% used [0x00000000e9990000, 0x00000000e9990000, 0x00000000eaaa0000)
  to   space 17472K,   0% used [0x00000000e8880000, 0x00000000e8880000, 0x00000000e9990000)
 concurrent mark-sweep generation total 349568K, used 1056K [0x00000000eaaa0000, 0x0000000100000000, 0x0000000100000000)
 Metaspace       used 3956K, capacity 4568K, committed 4864K, reserved 1056768K
  class space    used 431K, capacity 460K, committed 512K, reserved 1048576K
}
2024-07-23T00:26:02.161+0800: 10.818: Total time for which application threads were stopped: 0.0039337 seconds, Stopping threads took: 0.0000317 seconds
2024-07-23T00:26:02.181+0800: 10.838: [GC (CMS Initial Mark) [1 CMS-initial-mark: 205856K(349568K)] 205856K(506816K), 0.0004424 secs] [Times: user=0.00 sys=0.00, real=0.00 secs] 
2024-07-23T00:26:02.181+0800: 10.839: Total time for which application threads were stopped: 0.0200653 seconds, Stopping threads took: 0.0195260 seconds
2024-07-23T00:26:02.181+0800: 10.839: [CMS-concurrent-mark-start]
2024-07-23T00:26:02.183+0800: 10.841: [CMS-concurrent-mark: 0.002/0.002 secs] [Times: user=0.00 sys=0.00, real=0.00 secs] 
2024-07-23T00:26:02.183+0800: 10.841: [CMS-concurrent-preclean-start]
2024-07-23T00:26:02.184+0800: 10.841: [CMS-concurrent-preclean: 0.000/0.000 secs] [Times: user=0.00 sys=0.00, real=0.00 secs] 
2024-07-23T00:26:02.184+0800: 10.841: [GC (CMS Final Remark) [YG occupancy: 0 K (157248 K)]2024-07-23T00:26:02.184+0800: 10.841: [Rescan (parallel) , 0.0005318 secs]2024-07-23T00:26:02.184+0800: 10.842: [weak refs processing, 0.0000145 secs]2024-07-23T00:26:02.184+0800: 10.842: [class unloading, 0.0003148 secs]2024-07-23T00:26:02.185+0800: 10.842: [scrub symbol table, 0.0004700 secs]2024-07-23T00:26:02.185+0800: 10.843: [scrub string table, 0.0001432 secs][1 CMS-remark: 205856K(349568K)] 205856K(506816K), 0.0015662 secs] [Times: user=0.00 sys=0.00, real=0.00 secs] 
2024-07-23T00:26:02.185+0800: 10.843: Total time for which application threads were stopped: 0.0016368 seconds, Stopping threads took: 0.0000322 seconds
2024-07-23T00:26:02.186+0800: 10.843: [CMS-concurrent-sweep-start]
2024-07-23T00:26:02.186+0800: 10.843: [CMS-concurrent-sweep: 0.000/0.000 secs] [Times: user=0.00 sys=0.00, real=0.00 secs] 
2024-07-23T00:26:02.186+0800: 10.843: [CMS-concurrent-reset-start]
2024-07-23T00:26:02.186+0800: 10.844: [CMS-concurrent-reset: 0.000/0.000 secs] [Times: user=0.00 sys=0.00, real=0.00 secs] 
{Heap before GC invocations=241 (full 479):
 par new generation   total 157248K, used 0K [0x00000000e0000000, 0x00000000eaaa0000, 0x00000000eaaa0000)
  eden space 139776K,   0% used [0x00000000e0000000, 0x00000000e0000000, 0x00000000e8880000)
  from space 17472K,   0% used [0x00000000e9990000, 0x00000000e9990000, 0x00000000eaaa0000)
  to   space 17472K,   0% used [0x00000000e8880000, 0x00000000e8880000, 0x00000000e9990000)
 concurrent mark-sweep generation total 349568K, used 205856K [0x00000000eaaa0000, 0x0000000100000000, 0x0000000100000000)
 Metaspace       used 3956K, capacity 4568K, committed 4864K, reserved 1056768K
  class space    used 431K, capacity 460K, committed 512K, reserved 1048576K
2024-07-23T00:26:02.203+0800: 10.860: [GC (Allocation Failure) 2024-07-23T00:26:02.203+0800: 10.860: [ParNew
Desired survivor size 8945664 bytes, new threshold 6 (max 6)
: 0K->0K(157248K), 0.0011170 secs]2024-07-23T00:26:02.204+0800: 10.861: [CMS: 205856K->1056K(349568K), 0.0030303 secs] 205856K->1056K(506816K), [Metaspace: 3956K->3956K(1056768K)], 0.0042989 secs] [Times: user=0.00 sys=0.00, real=0.00 secs] 
Heap after GC invocations=242 (full 480):
 par new generation   total 157248K, used 0K [0x00000000e0000000, 0x00000000eaaa0000, 0x00000000eaaa0000)
  eden space 139776K,   0% used [0x00000000e0000000, 0x00000000e0000000, 0x00000000e8880000)
  from space 17472K,   0% used [0x00000000e8880000, 0x00000000e8880000, 0x00000000e9990000)
  to   space 17472K,   0% used [0x00000000e9990000, 0x00000000e9990000, 0x00000000eaaa0000)
 concurrent mark-sweep generation total 349568K, used 1056K [0x00000000eaaa0000, 0x0000000100000000, 0x0000000100000000)
 Metaspace       used 3956K, capacity 4568K, committed 4864K, reserved 1056768K
  class space    used 431K, capacity 460K, committed 512K, reserved 1048576K
}
2024-07-23T00:26:02.207+0800: 10.865: Total time for which application threads were stopped: 0.0044665 seconds, Stopping threads took: 0.0000343 seconds
2024-07-23T00:26:02.227+0800: 10.884: [GC (CMS Initial Mark) [1 CMS-initial-mark: 205856K(349568K)] 205856K(506816K), 0.0005705 secs] [Times: user=0.00 sys=0.00, real=0.00 secs] 
2024-07-23T00:26:02.228+0800: 10.885: Total time for which application threads were stopped: 0.0204088 seconds, Stopping threads took: 0.0197813 seconds
2024-07-23T00:26:02.228+0800: 10.885: [CMS-concurrent-mark-start]
2024-07-23T00:26:02.229+0800: 10.886: [CMS-concurrent-mark: 0.001/0.001 secs] [Times: user=0.00 sys=0.00, real=0.00 secs] 
2024-07-23T00:26:02.229+0800: 10.886: [CMS-concurrent-preclean-start]
2024-07-23T00:26:02.229+0800: 10.887: [CMS-concurrent-preclean: 0.000/0.000 secs] [Times: user=0.00 sys=0.00, real=0.00 secs] 
2024-07-23T00:26:02.229+0800: 10.887: [GC (CMS Final Remark) [YG occupancy: 0 K (157248 K)]2024-07-23T00:26:02.229+0800: 10.887: [Rescan (parallel) , 0.0004592 secs]2024-07-23T00:26:02.230+0800: 10.887: [weak refs processing, 0.0000111 secs]2024-07-23T00:26:02.230+0800: 10.887: [class unloading, 0.0001844 secs]2024-07-23T00:26:02.230+0800: 10.887: [scrub symbol table, 0.0003018 secs]2024-07-23T00:26:02.230+0800: 10.888: [scrub string table, 0.0000821 secs][1 CMS-remark: 205856K(349568K)] 205856K(506816K), 0.0010759 secs] [Times: user=0.00 sys=0.00, real=0.00 secs] 
2024-07-23T00:26:02.230+0800: 10.888: Total time for which application threads were stopped: 0.0011183 seconds, Stopping threads took: 0.0000134 seconds
2024-07-23T00:26:02.231+0800: 10.888: [CMS-concurrent-sweep-start]
2024-07-23T00:26:02.231+0800: 10.888: [CMS-concurrent-sweep: 0.000/0.000 secs] [Times: user=0.00 sys=0.00, real=0.00 secs] 
2024-07-23T00:26:02.231+0800: 10.888: [CMS-concurrent-reset-start]
2024-07-23T00:26:02.231+0800: 10.889: [CMS-concurrent-reset: 0.000/0.000 secs] [Times: user=0.00 sys=0.00, real=0.00 secs] 
{Heap before GC invocations=242 (full 481):
 par new generation   total 157248K, used 0K [0x00000000e0000000, 0x00000000eaaa0000, 0x00000000eaaa0000)
  eden space 139776K,   0% used [0x00000000e0000000, 0x00000000e0000000, 0x00000000e8880000)
  from space 17472K,   0% used [0x00000000e8880000, 0x00000000e8880000, 0x00000000e9990000)
  to   space 17472K,   0% used [0x00000000e9990000, 0x00000000e9990000, 0x00000000eaaa0000)
 concurrent mark-sweep generation total 349568K, used 205856K [0x00000000eaaa0000, 0x0000000100000000, 0x0000000100000000)
 Metaspace       used 3956K, capacity 4568K, committed 4864K, reserved 1056768K
  class space    used 431K, capacity 460K, committed 512K, reserved 1048576K
2024-07-23T00:26:02.248+0800: 10.905: [GC (Allocation Failure) 2024-07-23T00:26:02.248+0800: 10.905: [ParNew
Desired survivor size 8945664 bytes, new threshold 6 (max 6)
: 0K->0K(157248K), 0.0024339 secs]2024-07-23T00:26:02.251+0800: 10.908: [CMS: 205856K->1056K(349568K), 0.0093120 secs] 205856K->1056K(506816K), [Metaspace: 3956K->3956K(1056768K)], 0.0120482 secs] [Times: user=0.00 sys=0.00, real=0.01 secs] 
Heap after GC invocations=243 (full 482):
 par new generation   total 157248K, used 0K [0x00000000e0000000, 0x00000000eaaa0000, 0x00000000eaaa0000)
  eden space 139776K,   0% used [0x00000000e0000000, 0x00000000e0000000, 0x00000000e8880000)
  from space 17472K,   0% used [0x00000000e9990000, 0x00000000e9990000, 0x00000000eaaa0000)
  to   space 17472K,   0% used [0x00000000e8880000, 0x00000000e8880000, 0x00000000e9990000)
 concurrent mark-sweep generation total 349568K, used 1056K [0x00000000eaaa0000, 0x0000000100000000, 0x0000000100000000)
 Metaspace       used 3956K, capacity 4568K, committed 4864K, reserved 1056768K
  class space    used 431K, capacity 460K, committed 512K, reserved 1048576K
}
2024-07-23T00:26:02.260+0800: 10.917: Total time for which application threads were stopped: 0.0122896 seconds, Stopping threads took: 0.0000371 seconds
2024-07-23T00:26:02.281+0800: 10.938: [GC (CMS Initial Mark) [1 CMS-initial-mark: 205856K(349568K)] 205856K(506816K), 0.0005382 secs] [Times: user=0.00 sys=0.00, real=0.00 secs] 
2024-07-23T00:26:02.282+0800: 10.939: Total time for which application threads were stopped: 0.0217041 seconds, Stopping threads took: 0.0210629 seconds
2024-07-23T00:26:02.282+0800: 10.939: [CMS-concurrent-mark-start]
2024-07-23T00:26:02.284+0800: 10.941: [CMS-concurrent-mark: 0.002/0.002 secs] [Times: user=0.00 sys=0.00, real=0.00 secs] 
2024-07-23T00:26:02.284+0800: 10.941: [CMS-concurrent-preclean-start]
2024-07-23T00:26:02.284+0800: 10.942: [CMS-concurrent-preclean: 0.000/0.000 secs] [Times: user=0.00 sys=0.00, real=0.00 secs] 
2024-07-23T00:26:02.284+0800: 10.942: [GC (CMS Final Remark) [YG occupancy: 0 K (157248 K)]2024-07-23T00:26:02.284+0800: 10.942: [Rescan (parallel) , 0.0004846 secs]2024-07-23T00:26:02.285+0800: 10.942: [weak refs processing, 0.0000081 secs]2024-07-23T00:26:02.285+0800: 10.942: [class unloading, 0.0002081 secs]2024-07-23T00:26:02.285+0800: 10.942: [scrub symbol table, 0.0003233 secs]2024-07-23T00:26:02.285+0800: 10.943: [scrub string table, 0.0000879 secs][1 CMS-remark: 205856K(349568K)] 205856K(506816K), 0.0011532 secs] [Times: user=0.00 sys=0.00, real=0.00 secs] 
2024-07-23T00:26:02.286+0800: 10.943: Total time for which application threads were stopped: 0.0011932 seconds, Stopping threads took: 0.0000151 seconds
2024-07-23T00:26:02.286+0800: 10.943: [CMS-concurrent-sweep-start]
2024-07-23T00:26:02.286+0800: 10.943: [CMS-concurrent-sweep: 0.000/0.000 secs] [Times: user=0.00 sys=0.00, real=0.00 secs] 
2024-07-23T00:26:02.286+0800: 10.943: [CMS-concurrent-reset-start]
2024-07-23T00:26:02.286+0800: 10.944: [CMS-concurrent-reset: 0.000/0.000 secs] [Times: user=0.00 sys=0.00, real=0.00 secs] 
{Heap before GC invocations=243 (full 483):
 par new generation   total 157248K, used 0K [0x00000000e0000000, 0x00000000eaaa0000, 0x00000000eaaa0000)
  eden space 139776K,   0% used [0x00000000e0000000, 0x00000000e0000000, 0x00000000e8880000)
  from space 17472K,   0% used [0x00000000e9990000, 0x00000000e9990000, 0x00000000eaaa0000)
  to   space 17472K,   0% used [0x00000000e8880000, 0x00000000e8880000, 0x00000000e9990000)
 concurrent mark-sweep generation total 349568K, used 205856K [0x00000000eaaa0000, 0x0000000100000000, 0x0000000100000000)
 Metaspace       used 3956K, capacity 4568K, committed 4864K, reserved 1056768K
  class space    used 431K, capacity 460K, committed 512K, reserved 1048576K
2024-07-23T00:26:02.295+0800: 10.952: [GC (Allocation Failure) 2024-07-23T00:26:02.295+0800: 10.952: [ParNew
Desired survivor size 8945664 bytes, new threshold 6 (max 6)
: 0K->0K(157248K), 0.0014613 secs]2024-07-23T00:26:02.297+0800: 10.954: [CMS: 205856K->1056K(349568K), 0.0035555 secs] 205856K->1056K(506816K), [Metaspace: 3956K->3956K(1056768K)], 0.0051390 secs] [Times: user=0.00 sys=0.00, real=0.00 secs] 
Heap after GC invocations=244 (full 484):
 par new generation   total 157248K, used 0K [0x00000000e0000000, 0x00000000eaaa0000, 0x00000000eaaa0000)
  eden space 139776K,   0% used [0x00000000e0000000, 0x00000000e0000000, 0x00000000e8880000)
  from space 17472K,   0% used [0x00000000e8880000, 0x00000000e8880000, 0x00000000e9990000)
  to   space 17472K,   0% used [0x00000000e9990000, 0x00000000e9990000, 0x00000000eaaa0000)
 concurrent mark-sweep generation total 349568K, used 1056K [0x00000000eaaa0000, 0x0000000100000000, 0x0000000100000000)
 Metaspace       used 3956K, capacity 4568K, committed 4864K, reserved 1056768K
  class space    used 431K, capacity 460K, committed 512K, reserved 1048576K
}
2024-07-23T00:26:02.300+0800: 10.957: Total time for which application threads were stopped: 0.0053045 seconds, Stopping threads took: 0.0000443 seconds
2024-07-23T00:26:02.320+0800: 10.977: [GC (CMS Initial Mark) [1 CMS-initial-mark: 205856K(349568K)] 205856K(506816K), 0.0005821 secs] [Times: user=0.00 sys=0.00, real=0.00 secs] 
2024-07-23T00:26:02.321+0800: 10.978: Total time for which application threads were stopped: 0.0202417 seconds, Stopping threads took: 0.0195960 seconds
2024-07-23T00:26:02.321+0800: 10.978: [CMS-concurrent-mark-start]
2024-07-23T00:26:02.322+0800: 10.979: [CMS-concurrent-mark: 0.002/0.002 secs] [Times: user=0.00 sys=0.00, real=0.00 secs] 
2024-07-23T00:26:02.322+0800: 10.979: [CMS-concurrent-preclean-start]
2024-07-23T00:26:02.322+0800: 10.980: [CMS-concurrent-preclean: 0.000/0.000 secs] [Times: user=0.00 sys=0.00, real=0.00 secs] 
2024-07-23T00:26:02.322+0800: 10.980: [GC (CMS Final Remark) [YG occupancy: 0 K (157248 K)]2024-07-23T00:26:02.322+0800: 10.980: [Rescan (parallel) , 0.0006578 secs]2024-07-23T00:26:02.323+0800: 10.980: [weak refs processing, 0.0000082 secs]2024-07-23T00:26:02.323+0800: 10.980: [class unloading, 0.0001926 secs]2024-07-23T00:26:02.323+0800: 10.981: [scrub symbol table, 0.0003284 secs]2024-07-23T00:26:02.324+0800: 10.981: [scrub string table, 0.0000925 secs][1 CMS-remark: 205856K(349568K)] 205856K(506816K), 0.0013220 secs] [Times: user=0.00 sys=0.00, real=0.00 secs] 
2024-07-23T00:26:02.324+0800: 10.981: Total time for which application threads were stopped: 0.0013591 seconds, Stopping threads took: 0.0000145 seconds
2024-07-23T00:26:02.324+0800: 10.981: [CMS-concurrent-sweep-start]
2024-07-23T00:26:02.324+0800: 10.981: [CMS-concurrent-sweep: 0.000/0.000 secs] [Times: user=0.00 sys=0.00, real=0.00 secs] 
2024-07-23T00:26:02.324+0800: 10.981: [CMS-concurrent-reset-start]
2024-07-23T00:26:02.324+0800: 10.982: [CMS-concurrent-reset: 0.000/0.000 secs] [Times: user=0.00 sys=0.00, real=0.00 secs] 
{Heap before GC invocations=244 (full 485):
 par new generation   total 157248K, used 0K [0x00000000e0000000, 0x00000000eaaa0000, 0x00000000eaaa0000)
  eden space 139776K,   0% used [0x00000000e0000000, 0x00000000e0000000, 0x00000000e8880000)
  from space 17472K,   0% used [0x00000000e8880000, 0x00000000e8880000, 0x00000000e9990000)
  to   space 17472K,   0% used [0x00000000e9990000, 0x00000000e9990000, 0x00000000eaaa0000)
 concurrent mark-sweep generation total 349568K, used 205856K [0x00000000eaaa0000, 0x0000000100000000, 0x0000000100000000)
 Metaspace       used 3956K, capacity 4568K, committed 4864K, reserved 1056768K
  class space    used 431K, capacity 460K, committed 512K, reserved 1048576K
2024-07-23T00:26:02.342+0800: 10.999: [GC (Allocation Failure) 2024-07-23T00:26:02.342+0800: 10.999: [ParNew
Desired survivor size 8945664 bytes, new threshold 6 (max 6)
: 0K->0K(157248K), 0.0026422 secs]2024-07-23T00:26:02.345+0800: 11.002: [CMS: 205856K->1056K(349568K), 0.0036883 secs] 205856K->1056K(506816K), [Metaspace: 3956K->3956K(1056768K)], 0.0066707 secs] [Times: user=0.00 sys=0.00, real=0.01 secs] 
Heap after GC invocations=245 (full 486):
 par new generation   total 157248K, used 0K [0x00000000e0000000, 0x00000000eaaa0000, 0x00000000eaaa0000)
  eden space 139776K,   0% used [0x00000000e0000000, 0x00000000e0000000, 0x00000000e8880000)
  from space 17472K,   0% used [0x00000000e9990000, 0x00000000e9990000, 0x00000000eaaa0000)
  to   space 17472K,   0% used [0x00000000e8880000, 0x00000000e8880000, 0x00000000e9990000)
 concurrent mark-sweep generation total 349568K, used 1056K [0x00000000eaaa0000, 0x0000000100000000, 0x0000000100000000)
 Metaspace       used 3956K, capacity 4568K, committed 4864K, reserved 1056768K
  class space    used 431K, capacity 460K, committed 512K, reserved 1048576K
}
2024-07-23T00:26:02.349+0800: 11.006: Total time for which application threads were stopped: 0.0069013 seconds, Stopping threads took: 0.0000339 seconds
2024-07-23T00:26:02.367+0800: 11.024: [GC (CMS Initial Mark) [1 CMS-initial-mark: 205856K(349568K)] 205856K(506816K), 0.0010717 secs] [Times: user=0.00 sys=0.00, real=0.00 secs] 
2024-07-23T00:26:02.368+0800: 11.025: Total time for which application threads were stopped: 0.0187309 seconds, Stopping threads took: 0.0175935 seconds
2024-07-23T00:26:02.368+0800: 11.025: [CMS-concurrent-mark-start]
2024-07-23T00:26:02.369+0800: 11.026: [CMS-concurrent-mark: 0.001/0.001 secs] [Times: user=0.00 sys=0.00, real=0.00 secs] 
2024-07-23T00:26:02.369+0800: 11.026: [CMS-concurrent-preclean-start]
2024-07-23T00:26:02.370+0800: 11.026: [CMS-concurrent-preclean: 0.000/0.000 secs] [Times: user=0.00 sys=0.00, real=0.00 secs] 
2024-07-23T00:26:02.370+0800: 11.027: [GC (CMS Final Remark) [YG occupancy: 0 K (157248 K)]2024-07-23T00:26:02.370+0800: 11.027: [Rescan (parallel) , 0.0008068 secs]2024-07-23T00:26:02.371+0800: 11.028: [weak refs processing, 0.0000256 secs]2024-07-23T00:26:02.371+0800: 11.028: [class unloading, 0.0003801 secs]2024-07-23T00:26:02.371+0800: 11.028: [scrub symbol table, 0.0004480 secs]2024-07-23T00:26:02.372+0800: 11.028: [scrub string table, 0.0000810 secs][1 CMS-remark: 205856K(349568K)] 205856K(506816K), 0.0018468 secs] [Times: user=0.00 sys=0.00, real=0.00 secs] 
2024-07-23T00:26:02.372+0800: 11.029: Total time for which application threads were stopped: 0.0019220 seconds, Stopping threads took: 0.0000357 seconds
2024-07-23T00:26:02.372+0800: 11.029: [CMS-concurrent-sweep-start]
2024-07-23T00:26:02.372+0800: 11.029: [CMS-concurrent-sweep: 0.000/0.000 secs] [Times: user=0.00 sys=0.00, real=0.00 secs] 
2024-07-23T00:26:02.372+0800: 11.029: [CMS-concurrent-reset-start]
2024-07-23T00:26:02.372+0800: 11.029: [CMS-concurrent-reset: 0.000/0.000 secs] [Times: user=0.00 sys=0.00, real=0.00 secs] 
{Heap before GC invocations=245 (full 487):
 par new generation   total 157248K, used 0K [0x00000000e0000000, 0x00000000eaaa0000, 0x00000000eaaa0000)
  eden space 139776K,   0% used [0x00000000e0000000, 0x00000000e0000000, 0x00000000e8880000)
  from space 17472K,   0% used [0x00000000e9990000, 0x00000000e9990000, 0x00000000eaaa0000)
  to   space 17472K,   0% used [0x00000000e8880000, 0x00000000e8880000, 0x00000000e9990000)
 concurrent mark-sweep generation total 349568K, used 205856K [0x00000000eaaa0000, 0x0000000100000000, 0x0000000100000000)
 Metaspace       used 3956K, capacity 4568K, committed 4864K, reserved 1056768K
  class space    used 431K, capacity 460K, committed 512K, reserved 1048576K
2024-07-23T00:26:02.389+0800: 11.046: [GC (Allocation Failure) 2024-07-23T00:26:02.389+0800: 11.046: [ParNew
Desired survivor size 8945664 bytes, new threshold 6 (max 6)
: 0K->0K(157248K), 0.0014797 secs]2024-07-23T00:26:02.390+0800: 11.048: [CMS: 205856K->1056K(349568K), 0.0036774 secs] 205856K->1056K(506816K), [Metaspace: 3956K->3956K(1056768K)], 0.0052968 secs] [Times: user=0.00 sys=0.00, real=0.01 secs] 
Heap after GC invocations=246 (full 488):
 par new generation   total 157248K, used 0K [0x00000000e0000000, 0x00000000eaaa0000, 0x00000000eaaa0000)
  eden space 139776K,   0% used [0x00000000e0000000, 0x00000000e0000000, 0x00000000e8880000)
  from space 17472K,   0% used [0x00000000e8880000, 0x00000000e8880000, 0x00000000e9990000)
  to   space 17472K,   0% used [0x00000000e9990000, 0x00000000e9990000, 0x00000000eaaa0000)
 concurrent mark-sweep generation total 349568K, used 1056K [0x00000000eaaa0000, 0x0000000100000000, 0x0000000100000000)
 Metaspace       used 3956K, capacity 4568K, committed 4864K, reserved 1056768K
  class space    used 431K, capacity 460K, committed 512K, reserved 1048576K
}
2024-07-23T00:26:02.394+0800: 11.051: Total time for which application threads were stopped: 0.0054757 seconds, Stopping threads took: 0.0000232 seconds
2024-07-23T00:26:02.415+0800: 11.072: [GC (CMS Initial Mark) [1 CMS-initial-mark: 205856K(349568K)] 205856K(506816K), 0.0010049 secs] [Times: user=0.00 sys=0.00, real=0.00 secs] 
2024-07-23T00:26:02.416+0800: 11.073: Total time for which application threads were stopped: 0.0211579 seconds, Stopping threads took: 0.0200800 seconds
2024-07-23T00:26:02.416+0800: 11.073: [CMS-concurrent-mark-start]
2024-07-23T00:26:02.417+0800: 11.074: [CMS-concurrent-mark: 0.001/0.001 secs] [Times: user=0.00 sys=0.00, real=0.00 secs] 
2024-07-23T00:26:02.417+0800: 11.074: [CMS-concurrent-preclean-start]
2024-07-23T00:26:02.417+0800: 11.074: [CMS-concurrent-preclean: 0.000/0.000 secs] [Times: user=0.00 sys=0.00, real=0.00 secs] 
2024-07-23T00:26:02.418+0800: 11.075: [GC (CMS Final Remark) [YG occupancy: 0 K (157248 K)]2024-07-23T00:26:02.418+0800: 11.075: [Rescan (parallel) , 0.0010395 secs]2024-07-23T00:26:02.419+0800: 11.076: [weak refs processing, 0.0000067 secs]2024-07-23T00:26:02.419+0800: 11.076: [class unloading, 0.0001972 secs]2024-07-23T00:26:02.419+0800: 11.076: [scrub symbol table, 0.0002958 secs]2024-07-23T00:26:02.419+0800: 11.076: [scrub string table, 0.0000857 secs][1 CMS-remark: 205856K(349568K)] 205856K(506816K), 0.0016585 secs] [Times: user=0.00 sys=0.00, real=0.00 secs] 
2024-07-23T00:26:02.419+0800: 11.076: Total time for which application threads were stopped: 0.0017243 seconds, Stopping threads took: 0.0000474 seconds
2024-07-23T00:26:02.419+0800: 11.076: [CMS-concurrent-sweep-start]
2024-07-23T00:26:02.420+0800: 11.077: [CMS-concurrent-sweep: 0.000/0.000 secs] [Times: user=0.00 sys=0.00, real=0.00 secs] 
2024-07-23T00:26:02.420+0800: 11.077: [CMS-concurrent-reset-start]
2024-07-23T00:26:02.420+0800: 11.077: [CMS-concurrent-reset: 0.000/0.000 secs] [Times: user=0.00 sys=0.00, real=0.00 secs] 
{Heap before GC invocations=246 (full 489):
 par new generation   total 157248K, used 0K [0x00000000e0000000, 0x00000000eaaa0000, 0x00000000eaaa0000)
  eden space 139776K,   0% used [0x00000000e0000000, 0x00000000e0000000, 0x00000000e8880000)
  from space 17472K,   0% used [0x00000000e8880000, 0x00000000e8880000, 0x00000000e9990000)
  to   space 17472K,   0% used [0x00000000e9990000, 0x00000000e9990000, 0x00000000eaaa0000)
 concurrent mark-sweep generation total 349568K, used 205856K [0x00000000eaaa0000, 0x0000000100000000, 0x0000000100000000)
 Metaspace       used 3956K, capacity 4568K, committed 4864K, reserved 1056768K
  class space    used 431K, capacity 460K, committed 512K, reserved 1048576K
2024-07-23T00:26:02.435+0800: 11.092: [GC (Allocation Failure) 2024-07-23T00:26:02.435+0800: 11.092: [ParNew
Desired survivor size 8945664 bytes, new threshold 6 (max 6)
: 0K->0K(157248K), 0.0018393 secs]2024-07-23T00:26:02.437+0800: 11.094: [CMS: 205856K->1056K(349568K), 0.0043056 secs] 205856K->1056K(506816K), [Metaspace: 3956K->3956K(1056768K)], 0.0064046 secs] [Times: user=0.00 sys=0.00, real=0.01 secs] 
Heap after GC invocations=247 (full 490):
 par new generation   total 157248K, used 0K [0x00000000e0000000, 0x00000000eaaa0000, 0x00000000eaaa0000)
  eden space 139776K,   0% used [0x00000000e0000000, 0x00000000e0000000, 0x00000000e8880000)
  from space 17472K,   0% used [0x00000000e9990000, 0x00000000e9990000, 0x00000000eaaa0000)
  to   space 17472K,   0% used [0x00000000e8880000, 0x00000000e8880000, 0x00000000e9990000)
 concurrent mark-sweep generation total 349568K, used 1056K [0x00000000eaaa0000, 0x0000000100000000, 0x0000000100000000)
 Metaspace       used 3956K, capacity 4568K, committed 4864K, reserved 1056768K
  class space    used 431K, capacity 460K, committed 512K, reserved 1048576K
}
2024-07-23T00:26:02.441+0800: 11.098: Total time for which application threads were stopped: 0.0065973 seconds, Stopping threads took: 0.0000317 seconds
2024-07-23T00:26:02.460+0800: 11.118: [GC (CMS Initial Mark) [1 CMS-initial-mark: 205856K(349568K)] 205856K(506816K), 0.0003978 secs] [Times: user=0.00 sys=0.00, real=0.00 secs] 
2024-07-23T00:26:02.461+0800: 11.118: Total time for which application threads were stopped: 0.0196623 seconds, Stopping threads took: 0.0192032 seconds
2024-07-23T00:26:02.461+0800: 11.118: [CMS-concurrent-mark-start]
2024-07-23T00:26:02.462+0800: 11.120: [CMS-concurrent-mark: 0.001/0.001 secs] [Times: user=0.00 sys=0.00, real=0.00 secs] 
2024-07-23T00:26:02.462+0800: 11.120: [CMS-concurrent-preclean-start]
2024-07-23T00:26:02.463+0800: 11.120: [CMS-concurrent-preclean: 0.001/0.001 secs] [Times: user=0.00 sys=0.00, real=0.00 secs] 
2024-07-23T00:26:02.463+0800: 11.120: [GC (CMS Final Remark) [YG occupancy: 0 K (157248 K)]2024-07-23T00:26:02.463+0800: 11.120: [Rescan (parallel) , 0.0003303 secs]2024-07-23T00:26:02.463+0800: 11.121: [weak refs processing, 0.0000081 secs]2024-07-23T00:26:02.463+0800: 11.121: [class unloading, 0.0002557 secs]2024-07-23T00:26:02.464+0800: 11.121: [scrub symbol table, 0.0004355 secs]2024-07-23T00:26:02.464+0800: 11.121: [scrub string table, 0.0000829 secs][1 CMS-remark: 205856K(349568K)] 205856K(506816K), 0.0011886 secs] [Times: user=0.00 sys=0.00, real=0.00 secs] 
2024-07-23T00:26:02.464+0800: 11.122: Total time for which application threads were stopped: 0.0012681 seconds, Stopping threads took: 0.0000373 seconds
2024-07-23T00:26:02.464+0800: 11.122: [CMS-concurrent-sweep-start]
2024-07-23T00:26:02.464+0800: 11.122: [CMS-concurrent-sweep: 0.000/0.000 secs] [Times: user=0.00 sys=0.00, real=0.00 secs] 
2024-07-23T00:26:02.464+0800: 11.122: [CMS-concurrent-reset-start]
2024-07-23T00:26:02.465+0800: 11.122: [CMS-concurrent-reset: 0.001/0.001 secs] [Times: user=0.00 sys=0.00, real=0.00 secs] 
{Heap before GC invocations=247 (full 491):
 par new generation   total 157248K, used 0K [0x00000000e0000000, 0x00000000eaaa0000, 0x00000000eaaa0000)
  eden space 139776K,   0% used [0x00000000e0000000, 0x00000000e0000000, 0x00000000e8880000)
  from space 17472K,   0% used [0x00000000e9990000, 0x00000000e9990000, 0x00000000eaaa0000)
  to   space 17472K,   0% used [0x00000000e8880000, 0x00000000e8880000, 0x00000000e9990000)
 concurrent mark-sweep generation total 349568K, used 205856K [0x00000000eaaa0000, 0x0000000100000000, 0x0000000100000000)
 Metaspace       used 3956K, capacity 4568K, committed 4864K, reserved 1056768K
  class space    used 431K, capacity 460K, committed 512K, reserved 1048576K
2024-07-23T00:26:02.481+0800: 11.138: [GC (Allocation Failure) 2024-07-23T00:26:02.481+0800: 11.138: [ParNew
Desired survivor size 8945664 bytes, new threshold 6 (max 6)
: 0K->0K(157248K), 0.0005105 secs]2024-07-23T00:26:02.481+0800: 11.139: [CMS: 205856K->1056K(349568K), 0.0024082 secs] 205856K->1056K(506816K), [Metaspace: 3956K->3956K(1056768K)], 0.0030312 secs] [Times: user=0.00 sys=0.00, real=0.00 secs] 
Heap after GC invocations=248 (full 492):
 par new generation   total 157248K, used 0K [0x00000000e0000000, 0x00000000eaaa0000, 0x00000000eaaa0000)
  eden space 139776K,   0% used [0x00000000e0000000, 0x00000000e0000000, 0x00000000e8880000)
  from space 17472K,   0% used [0x00000000e8880000, 0x00000000e8880000, 0x00000000e9990000)
  to   space 17472K,   0% used [0x00000000e9990000, 0x00000000e9990000, 0x00000000eaaa0000)
 concurrent mark-sweep generation total 349568K, used 1056K [0x00000000eaaa0000, 0x0000000100000000, 0x0000000100000000)
 Metaspace       used 3956K, capacity 4568K, committed 4864K, reserved 1056768K
  class space    used 431K, capacity 460K, committed 512K, reserved 1048576K
}
2024-07-23T00:26:02.484+0800: 11.141: Total time for which application threads were stopped: 0.0031790 seconds, Stopping threads took: 0.0000298 seconds
2024-07-23T00:26:02.502+0800: 11.159: [GC (CMS Initial Mark) [1 CMS-initial-mark: 205856K(349568K)] 205856K(506816K), 0.0006142 secs] [Times: user=0.00 sys=0.00, real=0.00 secs] 
2024-07-23T00:26:02.503+0800: 11.160: Total time for which application threads were stopped: 0.0186640 seconds, Stopping threads took: 0.0179102 seconds
2024-07-23T00:26:02.503+0800: 11.160: [CMS-concurrent-mark-start]
2024-07-23T00:26:02.506+0800: 11.163: [CMS-concurrent-mark: 0.003/0.003 secs] [Times: user=0.00 sys=0.00, real=0.00 secs] 
2024-07-23T00:26:02.506+0800: 11.163: [CMS-concurrent-preclean-start]
2024-07-23T00:26:02.506+0800: 11.163: [CMS-concurrent-preclean: 0.000/0.000 secs] [Times: user=0.00 sys=0.00, real=0.00 secs] 
2024-07-23T00:26:02.506+0800: 11.163: [GC (CMS Final Remark) [YG occupancy: 0 K (157248 K)]2024-07-23T00:26:02.506+0800: 11.163: [Rescan (parallel) , 0.0005715 secs]2024-07-23T00:26:02.507+0800: 11.164: [weak refs processing, 0.0000117 secs]2024-07-23T00:26:02.507+0800: 11.164: [class unloading, 0.0002294 secs]2024-07-23T00:26:02.507+0800: 11.164: [scrub symbol table, 0.0003767 secs]2024-07-23T00:26:02.507+0800: 11.165: [scrub string table, 0.0001006 secs][1 CMS-remark: 205856K(349568K)] 205856K(506816K), 0.0013591 secs] [Times: user=0.00 sys=0.00, real=0.00 secs] 
2024-07-23T00:26:02.508+0800: 11.165: Total time for which application threads were stopped: 0.0014319 seconds, Stopping threads took: 0.0000275 seconds
2024-07-23T00:26:02.508+0800: 11.165: [CMS-concurrent-sweep-start]
2024-07-23T00:26:02.508+0800: 11.165: [CMS-concurrent-sweep: 0.000/0.000 secs] [Times: user=0.00 sys=0.00, real=0.00 secs] 
2024-07-23T00:26:02.508+0800: 11.165: [CMS-concurrent-reset-start]
2024-07-23T00:26:02.508+0800: 11.165: [CMS-concurrent-reset: 0.000/0.000 secs] [Times: user=0.00 sys=0.00, real=0.00 secs] 
{Heap before GC invocations=248 (full 493):
 par new generation   total 157248K, used 0K [0x00000000e0000000, 0x00000000eaaa0000, 0x00000000eaaa0000)
  eden space 139776K,   0% used [0x00000000e0000000, 0x00000000e0000000, 0x00000000e8880000)
  from space 17472K,   0% used [0x00000000e8880000, 0x00000000e8880000, 0x00000000e9990000)
  to   space 17472K,   0% used [0x00000000e9990000, 0x00000000e9990000, 0x00000000eaaa0000)
 concurrent mark-sweep generation total 349568K, used 205856K [0x00000000eaaa0000, 0x0000000100000000, 0x0000000100000000)
 Metaspace       used 3956K, capacity 4568K, committed 4864K, reserved 1056768K
  class space    used 431K, capacity 460K, committed 512K, reserved 1048576K
2024-07-23T00:26:02.527+0800: 11.184: [GC (Allocation Failure) 2024-07-23T00:26:02.527+0800: 11.184: [ParNew
Desired survivor size 8945664 bytes, new threshold 6 (max 6)
: 0K->0K(157248K), 0.0009993 secs]2024-07-23T00:26:02.528+0800: 11.185: [CMS: 205856K->1056K(349568K), 0.0054744 secs] 205856K->1056K(506816K), [Metaspace: 3956K->3956K(1056768K)], 0.0066447 secs] [Times: user=0.03 sys=0.00, real=0.01 secs] 
Heap after GC invocations=249 (full 494):
 par new generation   total 157248K, used 0K [0x00000000e0000000, 0x00000000eaaa0000, 0x00000000eaaa0000)
  eden space 139776K,   0% used [0x00000000e0000000, 0x00000000e0000000, 0x00000000e8880000)
  from space 17472K,   0% used [0x00000000e9990000, 0x00000000e9990000, 0x00000000eaaa0000)
  to   space 17472K,   0% used [0x00000000e8880000, 0x00000000e8880000, 0x00000000e9990000)
 concurrent mark-sweep generation total 349568K, used 1056K [0x00000000eaaa0000, 0x0000000100000000, 0x0000000100000000)
 Metaspace       used 3956K, capacity 4568K, committed 4864K, reserved 1056768K
  class space    used 431K, capacity 460K, committed 512K, reserved 1048576K
}
2024-07-23T00:26:02.534+0800: 11.190: Total time for which application threads were stopped: 0.0068016 seconds, Stopping threads took: 0.0000441 seconds
2024-07-23T00:26:02.552+0800: 11.210: [GC (CMS Initial Mark) [1 CMS-initial-mark: 205856K(349568K)] 205856K(506816K), 0.0009861 secs] [Times: user=0.00 sys=0.00, real=0.00 secs] 
2024-07-23T00:26:02.553+0800: 11.211: Total time for which application threads were stopped: 0.0200788 seconds, Stopping threads took: 0.0190126 seconds
2024-07-23T00:26:02.553+0800: 11.211: [CMS-concurrent-mark-start]
2024-07-23T00:26:02.555+0800: 11.212: [CMS-concurrent-mark: 0.002/0.002 secs] [Times: user=0.00 sys=0.00, real=0.00 secs] 
2024-07-23T00:26:02.555+0800: 11.212: [CMS-concurrent-preclean-start]
2024-07-23T00:26:02.556+0800: 11.213: [CMS-concurrent-preclean: 0.001/0.001 secs] [Times: user=0.00 sys=0.00, real=0.00 secs] 
2024-07-23T00:26:02.556+0800: 11.213: [GC (CMS Final Remark) [YG occupancy: 0 K (157248 K)]2024-07-23T00:26:02.556+0800: 11.213: [Rescan (parallel) , 0.0004178 secs]2024-07-23T00:26:02.557+0800: 11.214: [weak refs processing, 0.0000125 secs]2024-07-23T00:26:02.557+0800: 11.214: [class unloading, 0.0002657 secs]2024-07-23T00:26:02.557+0800: 11.214: [scrub symbol table, 0.0005136 secs]2024-07-23T00:26:02.557+0800: 11.215: [scrub string table, 0.0001634 secs][1 CMS-remark: 205856K(349568K)] 205856K(506816K), 0.0014534 secs] [Times: user=0.00 sys=0.00, real=0.00 secs] 
2024-07-23T00:26:02.558+0800: 11.215: Total time for which application threads were stopped: 0.0015393 seconds, Stopping threads took: 0.0000252 seconds
2024-07-23T00:26:02.558+0800: 11.215: [CMS-concurrent-sweep-start]
2024-07-23T00:26:02.558+0800: 11.215: [CMS-concurrent-sweep: 0.000/0.000 secs] [Times: user=0.00 sys=0.00, real=0.00 secs] 
2024-07-23T00:26:02.558+0800: 11.216: [CMS-concurrent-reset-start]
2024-07-23T00:26:02.559+0800: 11.216: [CMS-concurrent-reset: 0.001/0.001 secs] [Times: user=0.01 sys=0.00, real=0.00 secs] 
{Heap before GC invocations=249 (full 495):
 par new generation   total 157248K, used 0K [0x00000000e0000000, 0x00000000eaaa0000, 0x00000000eaaa0000)
  eden space 139776K,   0% used [0x00000000e0000000, 0x00000000e0000000, 0x00000000e8880000)
  from space 17472K,   0% used [0x00000000e9990000, 0x00000000e9990000, 0x00000000eaaa0000)
  to   space 17472K,   0% used [0x00000000e8880000, 0x00000000e8880000, 0x00000000e9990000)
 concurrent mark-sweep generation total 349568K, used 205856K [0x00000000eaaa0000, 0x0000000100000000, 0x0000000100000000)
 Metaspace       used 3956K, capacity 4568K, committed 4864K, reserved 1056768K
  class space    used 431K, capacity 460K, committed 512K, reserved 1048576K
2024-07-23T00:26:02.574+0800: 11.231: [GC (Allocation Failure) 2024-07-23T00:26:02.574+0800: 11.231: [ParNew
Desired survivor size 8945664 bytes, new threshold 6 (max 6)
: 0K->0K(157248K), 0.0006292 secs]2024-07-23T00:26:02.574+0800: 11.231: [CMS: 205856K->1056K(349568K), 0.0046806 secs] 205856K->1056K(506816K), [Metaspace: 3956K->3956K(1056768K)], 0.0054439 secs] [Times: user=0.02 sys=0.00, real=0.00 secs] 
Heap after GC invocations=250 (full 496):
 par new generation   total 157248K, used 0K [0x00000000e0000000, 0x00000000eaaa0000, 0x00000000eaaa0000)
  eden space 139776K,   0% used [0x00000000e0000000, 0x00000000e0000000, 0x00000000e8880000)
  from space 17472K,   0% used [0x00000000e8880000, 0x00000000e8880000, 0x00000000e9990000)
  to   space 17472K,   0% used [0x00000000e9990000, 0x00000000e9990000, 0x00000000eaaa0000)
 concurrent mark-sweep generation total 349568K, used 1056K [0x00000000eaaa0000, 0x0000000100000000, 0x0000000100000000)
 Metaspace       used 3956K, capacity 4568K, committed 4864K, reserved 1056768K
  class space    used 431K, capacity 460K, committed 512K, reserved 1048576K
}
2024-07-23T00:26:02.579+0800: 11.236: Total time for which application threads were stopped: 0.0055964 seconds, Stopping threads took: 0.0000249 seconds
2024-07-23T00:26:02.603+0800: 11.260: [GC (CMS Initial Mark) [1 CMS-initial-mark: 205856K(349568K)] 205856K(506816K), 0.0004983 secs] [Times: user=0.00 sys=0.00, real=0.00 secs] 
2024-07-23T00:26:02.604+0800: 11.260: Total time for which application threads were stopped: 0.0241853 seconds, Stopping threads took: 0.0235923 seconds
2024-07-23T00:26:02.604+0800: 11.260: [CMS-concurrent-mark-start]
2024-07-23T00:26:02.606+0800: 11.263: [CMS-concurrent-mark: 0.002/0.002 secs] [Times: user=0.00 sys=0.00, real=0.00 secs] 
2024-07-23T00:26:02.606+0800: 11.263: [CMS-concurrent-preclean-start]
2024-07-23T00:26:02.606+0800: 11.263: [CMS-concurrent-preclean: 0.000/0.000 secs] [Times: user=0.00 sys=0.00, real=0.00 secs] 
2024-07-23T00:26:02.606+0800: 11.263: [GC (CMS Final Remark) [YG occupancy: 0 K (157248 K)]2024-07-23T00:26:02.606+0800: 11.263: [Rescan (parallel) , 0.0002502 secs]2024-07-23T00:26:02.607+0800: 11.263: [weak refs processing, 0.0000075 secs]2024-07-23T00:26:02.607+0800: 11.263: [class unloading, 0.0002456 secs]2024-07-23T00:26:02.607+0800: 11.264: [scrub symbol table, 0.0003334 secs]2024-07-23T00:26:02.607+0800: 11.264: [scrub string table, 0.0000885 secs][1 CMS-remark: 205856K(349568K)] 205856K(506816K), 0.0009698 secs] [Times: user=0.00 sys=0.00, real=0.00 secs] 
2024-07-23T00:26:02.607+0800: 11.264: Total time for which application threads were stopped: 0.0010141 seconds, Stopping threads took: 0.0000173 seconds
2024-07-23T00:26:02.607+0800: 11.264: [CMS-concurrent-sweep-start]
2024-07-23T00:26:02.608+0800: 11.264: [CMS-concurrent-sweep: 0.000/0.000 secs] [Times: user=0.00 sys=0.00, real=0.00 secs] 
2024-07-23T00:26:02.608+0800: 11.264: [CMS-concurrent-reset-start]
2024-07-23T00:26:02.608+0800: 11.265: [CMS-concurrent-reset: 0.000/0.000 secs] [Times: user=0.00 sys=0.00, real=0.00 secs] 
{Heap before GC invocations=250 (full 497):
 par new generation   total 157248K, used 0K [0x00000000e0000000, 0x00000000eaaa0000, 0x00000000eaaa0000)
  eden space 139776K,   0% used [0x00000000e0000000, 0x00000000e0000000, 0x00000000e8880000)
  from space 17472K,   0% used [0x00000000e8880000, 0x00000000e8880000, 0x00000000e9990000)
  to   space 17472K,   0% used [0x00000000e9990000, 0x00000000e9990000, 0x00000000eaaa0000)
 concurrent mark-sweep generation total 349568K, used 205856K [0x00000000eaaa0000, 0x0000000100000000, 0x0000000100000000)
 Metaspace       used 3956K, capacity 4568K, committed 4864K, reserved 1056768K
  class space    used 431K, capacity 460K, committed 512K, reserved 1048576K
2024-07-23T00:26:02.619+0800: 11.276: [GC (Allocation Failure) 2024-07-23T00:26:02.619+0800: 11.276: [ParNew
Desired survivor size 8945664 bytes, new threshold 6 (max 6)
: 0K->0K(157248K), 0.0004760 secs]2024-07-23T00:26:02.619+0800: 11.276: [CMS: 205856K->1056K(349568K), 0.0030628 secs] 205856K->1056K(506816K), [Metaspace: 3956K->3956K(1056768K)], 0.0037822 secs] [Times: user=0.00 sys=0.00, real=0.00 secs] 
Heap after GC invocations=251 (full 498):
 par new generation   total 157248K, used 0K [0x00000000e0000000, 0x00000000eaaa0000, 0x00000000eaaa0000)
  eden space 139776K,   0% used [0x00000000e0000000, 0x00000000e0000000, 0x00000000e8880000)
  from space 17472K,   0% used [0x00000000e9990000, 0x00000000e9990000, 0x00000000eaaa0000)
  to   space 17472K,   0% used [0x00000000e8880000, 0x00000000e8880000, 0x00000000e9990000)
 concurrent mark-sweep generation total 349568K, used 1056K [0x00000000eaaa0000, 0x0000000100000000, 0x0000000100000000)
 Metaspace       used 3956K, capacity 4568K, committed 4864K, reserved 1056768K
  class space    used 431K, capacity 460K, committed 512K, reserved 1048576K
}
2024-07-23T00:26:02.623+0800: 11.279: Total time for which application threads were stopped: 0.0039842 seconds, Stopping threads took: 0.0000236 seconds
2024-07-23T00:26:02.646+0800: 11.303: [GC (CMS Initial Mark) [1 CMS-initial-mark: 205856K(349568K)] 205856K(506816K), 0.0002883 secs] [Times: user=0.00 sys=0.00, real=0.00 secs] 
2024-07-23T00:26:02.646+0800: 11.303: Total time for which application threads were stopped: 0.0234473 seconds, Stopping threads took: 0.0230542 seconds
2024-07-23T00:26:02.646+0800: 11.303: [CMS-concurrent-mark-start]
2024-07-23T00:26:02.647+0800: 11.304: [CMS-concurrent-mark: 0.001/0.001 secs] [Times: user=0.00 sys=0.00, real=0.00 secs] 
2024-07-23T00:26:02.647+0800: 11.304: [CMS-concurrent-preclean-start]
2024-07-23T00:26:02.647+0800: 11.305: [CMS-concurrent-preclean: 0.000/0.000 secs] [Times: user=0.00 sys=0.00, real=0.00 secs] 
2024-07-23T00:26:02.648+0800: 11.305: [GC (CMS Final Remark) [YG occupancy: 0 K (157248 K)]2024-07-23T00:26:02.648+0800: 11.305: [Rescan (parallel) , 0.0002413 secs]2024-07-23T00:26:02.648+0800: 11.305: [weak refs processing, 0.0000085 secs]2024-07-23T00:26:02.648+0800: 11.305: [class unloading, 0.0003460 secs]2024-07-23T00:26:02.648+0800: 11.305: [scrub symbol table, 0.0005484 secs]2024-07-23T00:26:02.649+0800: 11.306: [scrub string table, 0.0002498 secs][1 CMS-remark: 205856K(349568K)] 205856K(506816K), 0.0014773 secs] [Times: user=0.00 sys=0.00, real=0.00 secs] 
2024-07-23T00:26:02.649+0800: 11.306: Total time for which application threads were stopped: 0.0015603 seconds, Stopping threads took: 0.0000197 seconds
2024-07-23T00:26:02.649+0800: 11.306: [CMS-concurrent-sweep-start]
2024-07-23T00:26:02.650+0800: 11.307: [CMS-concurrent-sweep: 0.001/0.001 secs] [Times: user=0.00 sys=0.00, real=0.00 secs] 
2024-07-23T00:26:02.650+0800: 11.307: [CMS-concurrent-reset-start]
2024-07-23T00:26:02.650+0800: 11.307: [CMS-concurrent-reset: 0.000/0.000 secs] [Times: user=0.00 sys=0.00, real=0.00 secs] 
{Heap before GC invocations=251 (full 499):
 par new generation   total 157248K, used 0K [0x00000000e0000000, 0x00000000eaaa0000, 0x00000000eaaa0000)
  eden space 139776K,   0% used [0x00000000e0000000, 0x00000000e0000000, 0x00000000e8880000)
  from space 17472K,   0% used [0x00000000e9990000, 0x00000000e9990000, 0x00000000eaaa0000)
  to   space 17472K,   0% used [0x00000000e8880000, 0x00000000e8880000, 0x00000000e9990000)
 concurrent mark-sweep generation total 349568K, used 205856K [0x00000000eaaa0000, 0x0000000100000000, 0x0000000100000000)
 Metaspace       used 3956K, capacity 4568K, committed 4864K, reserved 1056768K
  class space    used 431K, capacity 460K, committed 512K, reserved 1048576K
2024-07-23T00:26:02.665+0800: 11.322: [GC (Allocation Failure) 2024-07-23T00:26:02.665+0800: 11.322: [ParNew
Desired survivor size 8945664 bytes, new threshold 6 (max 6)
: 0K->0K(157248K), 0.0006007 secs]2024-07-23T00:26:02.666+0800: 11.322: [CMS: 205856K->1056K(349568K), 0.0031894 secs] 205856K->1056K(506816K), [Metaspace: 3956K->3956K(1056768K)], 0.0039389 secs] [Times: user=0.00 sys=0.00, real=0.00 secs] 
Heap after GC invocations=252 (full 500):
 par new generation   total 157248K, used 0K [0x00000000e0000000, 0x00000000eaaa0000, 0x00000000eaaa0000)
  eden space 139776K,   0% used [0x00000000e0000000, 0x00000000e0000000, 0x00000000e8880000)
  from space 17472K,   0% used [0x00000000e8880000, 0x00000000e8880000, 0x00000000e9990000)
  to   space 17472K,   0% used [0x00000000e9990000, 0x00000000e9990000, 0x00000000eaaa0000)
 concurrent mark-sweep generation total 349568K, used 1056K [0x00000000eaaa0000, 0x0000000100000000, 0x0000000100000000)
 Metaspace       used 3956K, capacity 4568K, committed 4864K, reserved 1056768K
  class space    used 431K, capacity 460K, committed 512K, reserved 1048576K
}
2024-07-23T00:26:02.669+0800: 11.326: Total time for which application threads were stopped: 0.0041316 seconds, Stopping threads took: 0.0000439 seconds
2024-07-23T00:26:02.687+0800: 11.344: [GC (CMS Initial Mark) [1 CMS-initial-mark: 205856K(349568K)] 205856K(506816K), 0.0006241 secs] [Times: user=0.00 sys=0.00, real=0.00 secs] 
2024-07-23T00:26:02.688+0800: 11.345: Total time for which application threads were stopped: 0.0189432 seconds, Stopping threads took: 0.0182568 seconds
2024-07-23T00:26:02.688+0800: 11.345: [CMS-concurrent-mark-start]
2024-07-23T00:26:02.689+0800: 11.346: [CMS-concurrent-mark: 0.002/0.002 secs] [Times: user=0.00 sys=0.00, real=0.00 secs] 
2024-07-23T00:26:02.689+0800: 11.346: [CMS-concurrent-preclean-start]
2024-07-23T00:26:02.689+0800: 11.347: [CMS-concurrent-preclean: 0.000/0.000 secs] [Times: user=0.00 sys=0.00, real=0.00 secs] 
2024-07-23T00:26:02.689+0800: 11.347: [GC (CMS Final Remark) [YG occupancy: 0 K (157248 K)]2024-07-23T00:26:02.689+0800: 11.347: [Rescan (parallel) , 0.0005164 secs]2024-07-23T00:26:02.690+0800: 11.347: [weak refs processing, 0.0000112 secs]2024-07-23T00:26:02.690+0800: 11.347: [class unloading, 0.0002575 secs]2024-07-23T00:26:02.690+0800: 11.347: [scrub symbol table, 0.0003847 secs]2024-07-23T00:26:02.690+0800: 11.348: [scrub string table, 0.0000961 secs][1 CMS-remark: 205856K(349568K)] 205856K(506816K), 0.0013286 secs] [Times: user=0.00 sys=0.00, real=0.00 secs] 
2024-07-23T00:26:02.690+0800: 11.348: Total time for which application threads were stopped: 0.0013890 seconds, Stopping threads took: 0.0000260 seconds
2024-07-23T00:26:02.690+0800: 11.348: [CMS-concurrent-sweep-start]
2024-07-23T00:26:02.691+0800: 11.348: [CMS-concurrent-sweep: 0.000/0.000 secs] [Times: user=0.00 sys=0.00, real=0.00 secs] 
2024-07-23T00:26:02.691+0800: 11.348: [CMS-concurrent-reset-start]
2024-07-23T00:26:02.691+0800: 11.349: [CMS-concurrent-reset: 0.000/0.000 secs] [Times: user=0.00 sys=0.00, real=0.00 secs] 
{Heap before GC invocations=252 (full 501):
 par new generation   total 157248K, used 0K [0x00000000e0000000, 0x00000000eaaa0000, 0x00000000eaaa0000)
  eden space 139776K,   0% used [0x00000000e0000000, 0x00000000e0000000, 0x00000000e8880000)
  from space 17472K,   0% used [0x00000000e8880000, 0x00000000e8880000, 0x00000000e9990000)
  to   space 17472K,   0% used [0x00000000e9990000, 0x00000000e9990000, 0x00000000eaaa0000)
 concurrent mark-sweep generation total 349568K, used 205856K [0x00000000eaaa0000, 0x0000000100000000, 0x0000000100000000)
 Metaspace       used 3956K, capacity 4568K, committed 4864K, reserved 1056768K
  class space    used 431K, capacity 460K, committed 512K, reserved 1048576K
2024-07-23T00:26:02.712+0800: 11.369: [GC (Allocation Failure) 2024-07-23T00:26:02.712+0800: 11.369: [ParNew
Desired survivor size 8945664 bytes, new threshold 6 (max 6)
: 0K->0K(157248K), 0.0005382 secs]2024-07-23T00:26:02.712+0800: 11.369: [CMS: 205856K->1056K(349568K), 0.0025436 secs] 205856K->1056K(506816K), [Metaspace: 3956K->3956K(1056768K)], 0.0031994 secs] [Times: user=0.00 sys=0.00, real=0.00 secs] 
Heap after GC invocations=253 (full 502):
 par new generation   total 157248K, used 0K [0x00000000e0000000, 0x00000000eaaa0000, 0x00000000eaaa0000)
  eden space 139776K,   0% used [0x00000000e0000000, 0x00000000e0000000, 0x00000000e8880000)
  from space 17472K,   0% used [0x00000000e9990000, 0x00000000e9990000, 0x00000000eaaa0000)
  to   space 17472K,   0% used [0x00000000e8880000, 0x00000000e8880000, 0x00000000e9990000)
 concurrent mark-sweep generation total 349568K, used 1056K [0x00000000eaaa0000, 0x0000000100000000, 0x0000000100000000)
 Metaspace       used 3956K, capacity 4568K, committed 4864K, reserved 1056768K
  class space    used 431K, capacity 460K, committed 512K, reserved 1048576K
}
2024-07-23T00:26:02.715+0800: 11.372: Total time for which application threads were stopped: 0.0034530 seconds, Stopping threads took: 0.0000347 seconds
2024-07-23T00:26:02.735+0800: 11.392: [GC (CMS Initial Mark) [1 CMS-initial-mark: 205856K(349568K)] 205856K(506816K), 0.0002245 secs] [Times: user=0.00 sys=0.00, real=0.00 secs] 
2024-07-23T00:26:02.735+0800: 11.393: Total time for which application threads were stopped: 0.0206330 seconds, Stopping threads took: 0.0203168 seconds
2024-07-23T00:26:02.735+0800: 11.393: [CMS-concurrent-mark-start]
2024-07-23T00:26:02.736+0800: 11.394: [CMS-concurrent-mark: 0.001/0.001 secs] [Times: user=0.00 sys=0.00, real=0.00 secs] 
2024-07-23T00:26:02.736+0800: 11.394: [CMS-concurrent-preclean-start]
2024-07-23T00:26:02.738+0800: 11.395: [CMS-concurrent-preclean: 0.000/0.000 secs] [Times: user=0.00 sys=0.00, real=0.00 secs] 
2024-07-23T00:26:02.738+0800: 11.395: [GC (CMS Final Remark) [YG occupancy: 0 K (157248 K)]2024-07-23T00:26:02.738+0800: 11.395: [Rescan (parallel) , 0.0002039 secs]2024-07-23T00:26:02.738+0800: 11.395: [weak refs processing, 0.0000178 secs]2024-07-23T00:26:02.738+0800: 11.395: [class unloading, 0.0003239 secs]2024-07-23T00:26:02.738+0800: 11.395: [scrub symbol table, 0.0007331 secs]2024-07-23T00:26:02.739+0800: 11.396: [scrub string table, 0.0000980 secs][1 CMS-remark: 205856K(349568K)] 205856K(506816K), 0.0014838 secs] [Times: user=0.00 sys=0.00, real=0.00 secs] 
2024-07-23T00:26:02.739+0800: 11.396: Total time for which application threads were stopped: 0.0016388 seconds, Stopping threads took: 0.0000641 seconds
2024-07-23T00:26:02.739+0800: 11.396: [CMS-concurrent-sweep-start]
2024-07-23T00:26:02.740+0800: 11.397: [CMS-concurrent-sweep: 0.000/0.000 secs] [Times: user=0.00 sys=0.00, real=0.00 secs] 
2024-07-23T00:26:02.740+0800: 11.397: [CMS-concurrent-reset-start]
2024-07-23T00:26:02.740+0800: 11.397: [CMS-concurrent-reset: 0.001/0.001 secs] [Times: user=0.00 sys=0.00, real=0.00 secs] 
{Heap before GC invocations=253 (full 503):
 par new generation   total 157248K, used 0K [0x00000000e0000000, 0x00000000eaaa0000, 0x00000000eaaa0000)
  eden space 139776K,   0% used [0x00000000e0000000, 0x00000000e0000000, 0x00000000e8880000)
  from space 17472K,   0% used [0x00000000e9990000, 0x00000000e9990000, 0x00000000eaaa0000)
  to   space 17472K,   0% used [0x00000000e8880000, 0x00000000e8880000, 0x00000000e9990000)
 concurrent mark-sweep generation total 349568K, used 205856K [0x00000000eaaa0000, 0x0000000100000000, 0x0000000100000000)
 Metaspace       used 3956K, capacity 4568K, committed 4864K, reserved 1056768K
  class space    used 431K, capacity 460K, committed 512K, reserved 1048576K
2024-07-23T00:26:02.758+0800: 11.415: [GC (Allocation Failure) 2024-07-23T00:26:02.758+0800: 11.415: [ParNew
Desired survivor size 8945664 bytes, new threshold 6 (max 6)
: 0K->0K(157248K), 0.0005777 secs]2024-07-23T00:26:02.758+0800: 11.416: [CMS: 205856K->1056K(349568K), 0.0025536 secs] 205856K->1056K(506816K), [Metaspace: 3956K->3956K(1056768K)], 0.0033075 secs] [Times: user=0.00 sys=0.00, real=0.00 secs] 
Heap after GC invocations=254 (full 504):
 par new generation   total 157248K, used 0K [0x00000000e0000000, 0x00000000eaaa0000, 0x00000000eaaa0000)
  eden space 139776K,   0% used [0x00000000e0000000, 0x00000000e0000000, 0x00000000e8880000)
  from space 17472K,   0% used [0x00000000e8880000, 0x00000000e8880000, 0x00000000e9990000)
  to   space 17472K,   0% used [0x00000000e9990000, 0x00000000e9990000, 0x00000000eaaa0000)
 concurrent mark-sweep generation total 349568K, used 1056K [0x00000000eaaa0000, 0x0000000100000000, 0x0000000100000000)
 Metaspace       used 3956K, capacity 4568K, committed 4864K, reserved 1056768K
  class space    used 431K, capacity 460K, committed 512K, reserved 1048576K
}
2024-07-23T00:26:02.762+0800: 11.418: Total time for which application threads were stopped: 0.0035346 seconds, Stopping threads took: 0.0000327 seconds
2024-07-23T00:26:02.779+0800: 11.437: [GC (CMS Initial Mark) [1 CMS-initial-mark: 205856K(349568K)] 205856K(506816K), 0.0002745 secs] [Times: user=0.00 sys=0.00, real=0.00 secs] 
2024-07-23T00:26:02.780+0800: 11.437: Total time for which application threads were stopped: 0.0186637 seconds, Stopping threads took: 0.0182729 seconds
2024-07-23T00:26:02.780+0800: 11.437: [CMS-concurrent-mark-start]
2024-07-23T00:26:02.782+0800: 11.439: [CMS-concurrent-mark: 0.002/0.002 secs] [Times: user=0.00 sys=0.00, real=0.00 secs] 
2024-07-23T00:26:02.782+0800: 11.439: [CMS-concurrent-preclean-start]
2024-07-23T00:26:02.783+0800: 11.440: [CMS-concurrent-preclean: 0.001/0.001 secs] [Times: user=0.00 sys=0.00, real=0.00 secs] 
2024-07-23T00:26:02.783+0800: 11.440: [GC (CMS Final Remark) [YG occupancy: 0 K (157248 K)]2024-07-23T00:26:02.783+0800: 11.440: [Rescan (parallel) , 0.0002908 secs]2024-07-23T00:26:02.783+0800: 11.440: [weak refs processing, 0.0000108 secs]2024-07-23T00:26:02.783+0800: 11.440: [class unloading, 0.0004472 secs]2024-07-23T00:26:02.784+0800: 11.441: [scrub symbol table, 0.0004537 secs]2024-07-23T00:26:02.784+0800: 11.441: [scrub string table, 0.0001130 secs][1 CMS-remark: 205856K(349568K)] 205856K(506816K), 0.0013867 secs] [Times: user=0.00 sys=0.00, real=0.00 secs] 
2024-07-23T00:26:02.784+0800: 11.442: Total time for which application threads were stopped: 0.0014554 seconds, Stopping threads took: 0.0000260 seconds
2024-07-23T00:26:02.784+0800: 11.442: [CMS-concurrent-sweep-start]
2024-07-23T00:26:02.785+0800: 11.442: [CMS-concurrent-sweep: 0.000/0.000 secs] [Times: user=0.00 sys=0.00, real=0.00 secs] 
2024-07-23T00:26:02.785+0800: 11.442: [CMS-concurrent-reset-start]
2024-07-23T00:26:02.785+0800: 11.442: [CMS-concurrent-reset: 0.001/0.001 secs] [Times: user=0.00 sys=0.00, real=0.00 secs] 
{Heap before GC invocations=254 (full 505):
 par new generation   total 157248K, used 0K [0x00000000e0000000, 0x00000000eaaa0000, 0x00000000eaaa0000)
  eden space 139776K,   0% used [0x00000000e0000000, 0x00000000e0000000, 0x00000000e8880000)
  from space 17472K,   0% used [0x00000000e8880000, 0x00000000e8880000, 0x00000000e9990000)
  to   space 17472K,   0% used [0x00000000e9990000, 0x00000000e9990000, 0x00000000eaaa0000)
 concurrent mark-sweep generation total 349568K, used 205856K [0x00000000eaaa0000, 0x0000000100000000, 0x0000000100000000)
 Metaspace       used 3956K, capacity 4568K, committed 4864K, reserved 1056768K
  class space    used 431K, capacity 460K, committed 512K, reserved 1048576K
2024-07-23T00:26:02.803+0800: 11.460: [GC (Allocation Failure) 2024-07-23T00:26:02.803+0800: 11.460: [ParNew
Desired survivor size 8945664 bytes, new threshold 6 (max 6)
: 0K->0K(157248K), 0.0006421 secs]2024-07-23T00:26:02.804+0800: 11.461: [CMS: 205856K->1056K(349568K), 0.0026178 secs] 205856K->1056K(506816K), [Metaspace: 3956K->3956K(1056768K)], 0.0034637 secs] [Times: user=0.00 sys=0.00, real=0.00 secs] 
Heap after GC invocations=255 (full 506):
 par new generation   total 157248K, used 0K [0x00000000e0000000, 0x00000000eaaa0000, 0x00000000eaaa0000)
  eden space 139776K,   0% used [0x00000000e0000000, 0x00000000e0000000, 0x00000000e8880000)
  from space 17472K,   0% used [0x00000000e9990000, 0x00000000e9990000, 0x00000000eaaa0000)
  to   space 17472K,   0% used [0x00000000e8880000, 0x00000000e8880000, 0x00000000e9990000)
 concurrent mark-sweep generation total 349568K, used 1056K [0x00000000eaaa0000, 0x0000000100000000, 0x0000000100000000)
 Metaspace       used 3956K, capacity 4568K, committed 4864K, reserved 1056768K
  class space    used 431K, capacity 460K, committed 512K, reserved 1048576K
}
2024-07-23T00:26:02.807+0800: 11.464: Total time for which application threads were stopped: 0.0036184 seconds, Stopping threads took: 0.0000285 seconds
2024-07-23T00:26:02.826+0800: 11.483: [GC (CMS Initial Mark) [1 CMS-initial-mark: 205856K(349568K)] 205856K(506816K), 0.0002275 secs] [Times: user=0.00 sys=0.00, real=0.00 secs] 
2024-07-23T00:26:02.826+0800: 11.483: Total time for which application threads were stopped: 0.0192377 seconds, Stopping threads took: 0.0189288 seconds
2024-07-23T00:26:02.826+0800: 11.483: [CMS-concurrent-mark-start]
2024-07-23T00:26:02.828+0800: 11.485: [CMS-concurrent-mark: 0.001/0.001 secs] [Times: user=0.00 sys=0.00, real=0.00 secs] 
2024-07-23T00:26:02.828+0800: 11.485: [CMS-concurrent-preclean-start]
2024-07-23T00:26:02.828+0800: 11.485: [CMS-concurrent-preclean: 0.000/0.000 secs] [Times: user=0.00 sys=0.00, real=0.00 secs] 
2024-07-23T00:26:02.828+0800: 11.485: [GC (CMS Final Remark) [YG occupancy: 0 K (157248 K)]2024-07-23T00:26:02.828+0800: 11.485: [Rescan (parallel) , 0.0002674 secs]2024-07-23T00:26:02.828+0800: 11.486: [weak refs processing, 0.0000147 secs]2024-07-23T00:26:02.828+0800: 11.486: [class unloading, 0.0003350 secs]2024-07-23T00:26:02.829+0800: 11.486: [scrub symbol table, 0.0003553 secs]2024-07-23T00:26:02.829+0800: 11.486: [scrub string table, 0.0000853 secs][1 CMS-remark: 205856K(349568K)] 205856K(506816K), 0.0011458 secs] [Times: user=0.00 sys=0.00, real=0.00 secs] 
2024-07-23T00:26:02.829+0800: 11.486: Total time for which application threads were stopped: 0.0014593 seconds, Stopping threads took: 0.0002612 seconds
2024-07-23T00:26:02.829+0800: 11.486: [CMS-concurrent-sweep-start]
2024-07-23T00:26:02.829+0800: 11.487: [CMS-concurrent-sweep: 0.000/0.000 secs] [Times: user=0.00 sys=0.00, real=0.00 secs] 
2024-07-23T00:26:02.829+0800: 11.487: [CMS-concurrent-reset-start]
2024-07-23T00:26:02.830+0800: 11.487: [CMS-concurrent-reset: 0.000/0.000 secs] [Times: user=0.00 sys=0.00, real=0.00 secs] 
{Heap before GC invocations=255 (full 507):
 par new generation   total 157248K, used 0K [0x00000000e0000000, 0x00000000eaaa0000, 0x00000000eaaa0000)
  eden space 139776K,   0% used [0x00000000e0000000, 0x00000000e0000000, 0x00000000e8880000)
  from space 17472K,   0% used [0x00000000e9990000, 0x00000000e9990000, 0x00000000eaaa0000)
  to   space 17472K,   0% used [0x00000000e8880000, 0x00000000e8880000, 0x00000000e9990000)
 concurrent mark-sweep generation total 349568K, used 205856K [0x00000000eaaa0000, 0x0000000100000000, 0x0000000100000000)
 Metaspace       used 3957K, capacity 4568K, committed 4864K, reserved 1056768K
  class space    used 431K, capacity 460K, committed 512K, reserved 1048576K
2024-07-23T00:26:02.849+0800: 11.506: [GC (Allocation Failure) 2024-07-23T00:26:02.849+0800: 11.506: [ParNew
Desired survivor size 8945664 bytes, new threshold 6 (max 6)
: 0K->0K(157248K), 0.0008268 secs]2024-07-23T00:26:02.850+0800: 11.507: [CMS: 205856K->1056K(349568K), 0.0024906 secs] 205856K->1056K(506816K), [Metaspace: 3957K->3957K(1056768K)], 0.0035354 secs] [Times: user=0.00 sys=0.00, real=0.00 secs] 
Heap after GC invocations=256 (full 508):
 par new generation   total 157248K, used 0K [0x00000000e0000000, 0x00000000eaaa0000, 0x00000000eaaa0000)
  eden space 139776K,   0% used [0x00000000e0000000, 0x00000000e0000000, 0x00000000e8880000)
  from space 17472K,   0% used [0x00000000e8880000, 0x00000000e8880000, 0x00000000e9990000)
  to   space 17472K,   0% used [0x00000000e9990000, 0x00000000e9990000, 0x00000000eaaa0000)
 concurrent mark-sweep generation total 349568K, used 1056K [0x00000000eaaa0000, 0x0000000100000000, 0x0000000100000000)
 Metaspace       used 3957K, capacity 4568K, committed 4864K, reserved 1056768K
  class space    used 431K, capacity 460K, committed 512K, reserved 1048576K
}
2024-07-23T00:26:02.852+0800: 11.509: Total time for which application threads were stopped: 0.0037162 seconds, Stopping threads took: 0.0000277 seconds
2024-07-23T00:26:02.873+0800: 11.530: [GC (CMS Initial Mark) [1 CMS-initial-mark: 205856K(349568K)] 205856K(506816K), 0.0002205 secs] [Times: user=0.00 sys=0.00, real=0.00 secs] 
2024-07-23T00:26:02.873+0800: 11.530: Total time for which application threads were stopped: 0.0207439 seconds, Stopping threads took: 0.0204578 seconds
2024-07-23T00:26:02.873+0800: 11.530: [CMS-concurrent-mark-start]
2024-07-23T00:26:02.874+0800: 11.532: [CMS-concurrent-mark: 0.001/0.001 secs] [Times: user=0.00 sys=0.00, real=0.00 secs] 
2024-07-23T00:26:02.874+0800: 11.532: [CMS-concurrent-preclean-start]
2024-07-23T00:26:02.875+0800: 11.532: [CMS-concurrent-preclean: 0.000/0.000 secs] [Times: user=0.00 sys=0.00, real=0.00 secs] 
2024-07-23T00:26:02.875+0800: 11.532: [GC (CMS Final Remark) [YG occupancy: 0 K (157248 K)]2024-07-23T00:26:02.875+0800: 11.532: [Rescan (parallel) , 0.0003636 secs]2024-07-23T00:26:02.876+0800: 11.533: [weak refs processing, 0.0000149 secs]2024-07-23T00:26:02.876+0800: 11.533: [class unloading, 0.0003276 secs]2024-07-23T00:26:02.876+0800: 11.533: [scrub symbol table, 0.0004191 secs]2024-07-23T00:26:02.876+0800: 11.533: [scrub string table, 0.0001279 secs][1 CMS-remark: 205856K(349568K)] 205856K(506816K), 0.0013363 secs] [Times: user=0.00 sys=0.00, real=0.00 secs] 
2024-07-23T00:26:02.877+0800: 11.534: Total time for which application threads were stopped: 0.0014156 seconds, Stopping threads took: 0.0000232 seconds
2024-07-23T00:26:02.877+0800: 11.534: [CMS-concurrent-sweep-start]
2024-07-23T00:26:02.877+0800: 11.534: [CMS-concurrent-sweep: 0.000/0.000 secs] [Times: user=0.00 sys=0.00, real=0.00 secs] 
2024-07-23T00:26:02.877+0800: 11.534: [CMS-concurrent-reset-start]
2024-07-23T00:26:02.877+0800: 11.534: [CMS-concurrent-reset: 0.000/0.000 secs] [Times: user=0.00 sys=0.00, real=0.00 secs] 
{Heap before GC invocations=256 (full 509):
 par new generation   total 157248K, used 0K [0x00000000e0000000, 0x00000000eaaa0000, 0x00000000eaaa0000)
  eden space 139776K,   0% used [0x00000000e0000000, 0x00000000e0000000, 0x00000000e8880000)
  from space 17472K,   0% used [0x00000000e8880000, 0x00000000e8880000, 0x00000000e9990000)
  to   space 17472K,   0% used [0x00000000e9990000, 0x00000000e9990000, 0x00000000eaaa0000)
 concurrent mark-sweep generation total 349568K, used 205856K [0x00000000eaaa0000, 0x0000000100000000, 0x0000000100000000)
 Metaspace       used 3957K, capacity 4568K, committed 4864K, reserved 1056768K
  class space    used 431K, capacity 460K, committed 512K, reserved 1048576K
2024-07-23T00:26:02.894+0800: 11.551: [GC (Allocation Failure) 2024-07-23T00:26:02.894+0800: 11.551: [ParNew
Desired survivor size 8945664 bytes, new threshold 6 (max 6)
: 0K->0K(157248K), 0.0005223 secs]2024-07-23T00:26:02.894+0800: 11.551: [CMS: 205856K->1056K(349568K), 0.0024952 secs] 205856K->1056K(506816K), [Metaspace: 3957K->3957K(1056768K)], 0.0031236 secs] [Times: user=0.00 sys=0.00, real=0.00 secs] 
Heap after GC invocations=257 (full 510):
 par new generation   total 157248K, used 0K [0x00000000e0000000, 0x00000000eaaa0000, 0x00000000eaaa0000)
  eden space 139776K,   0% used [0x00000000e0000000, 0x00000000e0000000, 0x00000000e8880000)
  from space 17472K,   0% used [0x00000000e9990000, 0x00000000e9990000, 0x00000000eaaa0000)
  to   space 17472K,   0% used [0x00000000e8880000, 0x00000000e8880000, 0x00000000e9990000)
 concurrent mark-sweep generation total 349568K, used 1056K [0x00000000eaaa0000, 0x0000000100000000, 0x0000000100000000)
 Metaspace       used 3957K, capacity 4568K, committed 4864K, reserved 1056768K
  class space    used 431K, capacity 460K, committed 512K, reserved 1048576K
}
2024-07-23T00:26:02.897+0800: 11.554: Total time for which application threads were stopped: 0.0032768 seconds, Stopping threads took: 0.0000297 seconds
2024-07-23T00:26:02.919+0800: 11.576: [GC (CMS Initial Mark) [1 CMS-initial-mark: 205856K(349568K)] 205856K(506816K), 0.0004595 secs] [Times: user=0.00 sys=0.00, real=0.00 secs] 
2024-07-23T00:26:02.919+0800: 11.576: Total time for which application threads were stopped: 0.0222607 seconds, Stopping threads took: 0.0216478 seconds
2024-07-23T00:26:02.919+0800: 11.576: [CMS-concurrent-mark-start]
2024-07-23T00:26:02.921+0800: 11.578: [CMS-concurrent-mark: 0.002/0.002 secs] [Times: user=0.00 sys=0.00, real=0.00 secs] 
2024-07-23T00:26:02.921+0800: 11.578: [CMS-concurrent-preclean-start]
2024-07-23T00:26:02.921+0800: 11.578: [CMS-concurrent-preclean: 0.000/0.000 secs] [Times: user=0.00 sys=0.00, real=0.00 secs] 
2024-07-23T00:26:02.921+0800: 11.578: [GC (CMS Final Remark) [YG occupancy: 0 K (157248 K)]2024-07-23T00:26:02.921+0800: 11.578: [Rescan (parallel) , 0.0001784 secs]2024-07-23T00:26:02.921+0800: 11.579: [weak refs processing, 0.0000095 secs]2024-07-23T00:26:02.921+0800: 11.579: [class unloading, 0.0002227 secs]2024-07-23T00:26:02.922+0800: 11.579: [scrub symbol table, 0.0003107 secs]2024-07-23T00:26:02.922+0800: 11.579: [scrub string table, 0.0000838 secs][1 CMS-remark: 205856K(349568K)] 205856K(506816K), 0.0008542 secs] [Times: user=0.00 sys=0.00, real=0.00 secs] 
2024-07-23T00:26:02.922+0800: 11.579: Total time for which application threads were stopped: 0.0009048 seconds, Stopping threads took: 0.0000199 seconds
2024-07-23T00:26:02.922+0800: 11.579: [CMS-concurrent-sweep-start]
2024-07-23T00:26:02.922+0800: 11.580: [CMS-concurrent-sweep: 0.000/0.000 secs] [Times: user=0.00 sys=0.00, real=0.00 secs] 
2024-07-23T00:26:02.922+0800: 11.580: [CMS-concurrent-reset-start]
2024-07-23T00:26:02.923+0800: 11.580: [CMS-concurrent-reset: 0.000/0.000 secs] [Times: user=0.00 sys=0.00, real=0.00 secs] 
{Heap before GC invocations=257 (full 511):
 par new generation   total 157248K, used 0K [0x00000000e0000000, 0x00000000eaaa0000, 0x00000000eaaa0000)
  eden space 139776K,   0% used [0x00000000e0000000, 0x00000000e0000000, 0x00000000e8880000)
  from space 17472K,   0% used [0x00000000e9990000, 0x00000000e9990000, 0x00000000eaaa0000)
  to   space 17472K,   0% used [0x00000000e8880000, 0x00000000e8880000, 0x00000000e9990000)
 concurrent mark-sweep generation total 349568K, used 205856K [0x00000000eaaa0000, 0x0000000100000000, 0x0000000100000000)
 Metaspace       used 3957K, capacity 4568K, committed 4864K, reserved 1056768K
  class space    used 431K, capacity 460K, committed 512K, reserved 1048576K
2024-07-23T00:26:02.939+0800: 11.596: [GC (Allocation Failure) 2024-07-23T00:26:02.939+0800: 11.596: [ParNew
Desired survivor size 8945664 bytes, new threshold 6 (max 6)
: 0K->0K(157248K), 0.0004828 secs]2024-07-23T00:26:02.939+0800: 11.597: [CMS: 205856K->1056K(349568K), 0.0031070 secs] 205856K->1056K(506816K), [Metaspace: 3957K->3957K(1056768K)], 0.0037444 secs] [Times: user=0.00 sys=0.00, real=0.00 secs] 
Heap after GC invocations=258 (full 512):
 par new generation   total 157248K, used 0K [0x00000000e0000000, 0x00000000eaaa0000, 0x00000000eaaa0000)
  eden space 139776K,   0% used [0x00000000e0000000, 0x00000000e0000000, 0x00000000e8880000)
  from space 17472K,   0% used [0x00000000e8880000, 0x00000000e8880000, 0x00000000e9990000)
  to   space 17472K,   0% used [0x00000000e9990000, 0x00000000e9990000, 0x00000000eaaa0000)
 concurrent mark-sweep generation total 349568K, used 1056K [0x00000000eaaa0000, 0x0000000100000000, 0x0000000100000000)
 Metaspace       used 3957K, capacity 4568K, committed 4864K, reserved 1056768K
  class space    used 431K, capacity 460K, committed 512K, reserved 1048576K
}
2024-07-23T00:26:02.943+0800: 11.600: Total time for which application threads were stopped: 0.0038942 seconds, Stopping threads took: 0.0000375 seconds
2024-07-23T00:26:02.961+0800: 11.618: [GC (CMS Initial Mark) [1 CMS-initial-mark: 205856K(349568K)] 205856K(506816K), 0.0003637 secs] [Times: user=0.00 sys=0.00, real=0.00 secs] 
2024-07-23T00:26:02.962+0800: 11.618: Total time for which application threads were stopped: 0.0184877 seconds, Stopping threads took: 0.0180628 seconds
2024-07-23T00:26:02.962+0800: 11.619: [CMS-concurrent-mark-start]
2024-07-23T00:26:02.963+0800: 11.620: [CMS-concurrent-mark: 0.001/0.001 secs] [Times: user=0.00 sys=0.00, real=0.00 secs] 
2024-07-23T00:26:02.963+0800: 11.620: [CMS-concurrent-preclean-start]
2024-07-23T00:26:02.963+0800: 11.620: [CMS-concurrent-preclean: 0.000/0.000 secs] [Times: user=0.00 sys=0.00, real=0.00 secs] 
2024-07-23T00:26:02.963+0800: 11.620: [GC (CMS Final Remark) [YG occupancy: 0 K (157248 K)]2024-07-23T00:26:02.963+0800: 11.620: [Rescan (parallel) , 0.0003027 secs]2024-07-23T00:26:02.964+0800: 11.621: [weak refs processing, 0.0000086 secs]2024-07-23T00:26:02.964+0800: 11.621: [class unloading, 0.0002151 secs]2024-07-23T00:26:02.964+0800: 11.621: [scrub symbol table, 0.0003598 secs]2024-07-23T00:26:02.964+0800: 11.621: [scrub string table, 0.0001015 secs][1 CMS-remark: 205856K(349568K)] 205856K(506816K), 0.0010356 secs] [Times: user=0.00 sys=0.00, real=0.00 secs] 
2024-07-23T00:26:02.964+0800: 11.621: Total time for which application threads were stopped: 0.0010816 seconds, Stopping threads took: 0.0000168 seconds
2024-07-23T00:26:02.965+0800: 11.621: [CMS-concurrent-sweep-start]
2024-07-23T00:26:02.965+0800: 11.622: [CMS-concurrent-sweep: 0.000/0.000 secs] [Times: user=0.00 sys=0.00, real=0.00 secs] 
2024-07-23T00:26:02.965+0800: 11.622: [CMS-concurrent-reset-start]
2024-07-23T00:26:02.965+0800: 11.622: [CMS-concurrent-reset: 0.000/0.000 secs] [Times: user=0.00 sys=0.00, real=0.00 secs] 
{Heap before GC invocations=258 (full 513):
 par new generation   total 157248K, used 0K [0x00000000e0000000, 0x00000000eaaa0000, 0x00000000eaaa0000)
  eden space 139776K,   0% used [0x00000000e0000000, 0x00000000e0000000, 0x00000000e8880000)
  from space 17472K,   0% used [0x00000000e8880000, 0x00000000e8880000, 0x00000000e9990000)
  to   space 17472K,   0% used [0x00000000e9990000, 0x00000000e9990000, 0x00000000eaaa0000)
 concurrent mark-sweep generation total 349568K, used 205856K [0x00000000eaaa0000, 0x0000000100000000, 0x0000000100000000)
 Metaspace       used 3957K, capacity 4568K, committed 4864K, reserved 1056768K
  class space    used 431K, capacity 460K, committed 512K, reserved 1048576K
2024-07-23T00:26:02.985+0800: 11.642: [GC (Allocation Failure) 2024-07-23T00:26:02.985+0800: 11.642: [ParNew
Desired survivor size 8945664 bytes, new threshold 6 (max 6)
: 0K->0K(157248K), 0.0005599 secs]2024-07-23T00:26:02.985+0800: 11.642: [CMS: 205856K->1056K(349568K), 0.0023710 secs] 205856K->1056K(506816K), [Metaspace: 3957K->3957K(1056768K)], 0.0030145 secs] [Times: user=0.00 sys=0.00, real=0.00 secs] 
Heap after GC invocations=259 (full 514):
 par new generation   total 157248K, used 0K [0x00000000e0000000, 0x00000000eaaa0000, 0x00000000eaaa0000)
  eden space 139776K,   0% used [0x00000000e0000000, 0x00000000e0000000, 0x00000000e8880000)
  from space 17472K,   0% used [0x00000000e9990000, 0x00000000e9990000, 0x00000000eaaa0000)
  to   space 17472K,   0% used [0x00000000e8880000, 0x00000000e8880000, 0x00000000e9990000)
 concurrent mark-sweep generation total 349568K, used 1056K [0x00000000eaaa0000, 0x0000000100000000, 0x0000000100000000)
 Metaspace       used 3957K, capacity 4568K, committed 4864K, reserved 1056768K
  class space    used 431K, capacity 460K, committed 512K, reserved 1048576K
}
2024-07-23T00:26:02.988+0800: 11.645: Total time for which application threads were stopped: 0.0031640 seconds, Stopping threads took: 0.0000517 seconds
2024-07-23T00:26:03.006+0800: 11.663: [GC (CMS Initial Mark) [1 CMS-initial-mark: 205856K(349568K)] 205856K(506816K), 0.0004096 secs] [Times: user=0.00 sys=0.00, real=0.00 secs] 
2024-07-23T00:26:03.006+0800: 11.663: Total time for which application threads were stopped: 0.0186811 seconds, Stopping threads took: 0.0181756 seconds
2024-07-23T00:26:03.006+0800: 11.663: [CMS-concurrent-mark-start]
2024-07-23T00:26:03.008+0800: 11.665: [CMS-concurrent-mark: 0.001/0.001 secs] [Times: user=0.00 sys=0.00, real=0.00 secs] 
2024-07-23T00:26:03.008+0800: 11.665: [CMS-concurrent-preclean-start]
2024-07-23T00:26:03.008+0800: 11.665: [CMS-concurrent-preclean: 0.000/0.000 secs] [Times: user=0.00 sys=0.00, real=0.00 secs] 
2024-07-23T00:26:03.008+0800: 11.665: [GC (CMS Final Remark) [YG occupancy: 0 K (157248 K)]2024-07-23T00:26:03.008+0800: 11.665: [Rescan (parallel) , 0.0001963 secs]2024-07-23T00:26:03.008+0800: 11.665: [weak refs processing, 0.0000089 secs]2024-07-23T00:26:03.008+0800: 11.665: [class unloading, 0.0002362 secs]2024-07-23T00:26:03.008+0800: 11.666: [scrub symbol table, 0.0003423 secs]2024-07-23T00:26:03.009+0800: 11.666: [scrub string table, 0.0000864 secs][1 CMS-remark: 205856K(349568K)] 205856K(506816K), 0.0009120 secs] [Times: user=0.00 sys=0.00, real=0.00 secs] 
2024-07-23T00:26:03.009+0800: 11.666: Total time for which application threads were stopped: 0.0009558 seconds, Stopping threads took: 0.0000146 seconds
2024-07-23T00:26:03.009+0800: 11.666: [CMS-concurrent-sweep-start]
2024-07-23T00:26:03.009+0800: 11.666: [CMS-concurrent-sweep: 0.000/0.000 secs] [Times: user=0.00 sys=0.00, real=0.00 secs] 
2024-07-23T00:26:03.009+0800: 11.666: [CMS-concurrent-reset-start]
2024-07-23T00:26:03.010+0800: 11.667: [CMS-concurrent-reset: 0.000/0.000 secs] [Times: user=0.00 sys=0.00, real=0.00 secs] 
{Heap before GC invocations=259 (full 515):
 par new generation   total 157248K, used 0K [0x00000000e0000000, 0x00000000eaaa0000, 0x00000000eaaa0000)
  eden space 139776K,   0% used [0x00000000e0000000, 0x00000000e0000000, 0x00000000e8880000)
  from space 17472K,   0% used [0x00000000e9990000, 0x00000000e9990000, 0x00000000eaaa0000)
  to   space 17472K,   0% used [0x00000000e8880000, 0x00000000e8880000, 0x00000000e9990000)
 concurrent mark-sweep generation total 349568K, used 205856K [0x00000000eaaa0000, 0x0000000100000000, 0x0000000100000000)
 Metaspace       used 3957K, capacity 4568K, committed 4864K, reserved 1056768K
  class space    used 431K, capacity 460K, committed 512K, reserved 1048576K
2024-07-23T00:26:03.030+0800: 11.687: [GC (Allocation Failure) 2024-07-23T00:26:03.030+0800: 11.687: [ParNew
Desired survivor size 8945664 bytes, new threshold 6 (max 6)
: 0K->0K(157248K), 0.0008598 secs]2024-07-23T00:26:03.031+0800: 11.688: [CMS: 205856K->1056K(349568K), 0.0029878 secs] 205856K->1056K(506816K), [Metaspace: 3957K->3957K(1056768K)], 0.0039553 secs] [Times: user=0.00 sys=0.00, real=0.00 secs] 
Heap after GC invocations=260 (full 516):
 par new generation   total 157248K, used 0K [0x00000000e0000000, 0x00000000eaaa0000, 0x00000000eaaa0000)
  eden space 139776K,   0% used [0x00000000e0000000, 0x00000000e0000000, 0x00000000e8880000)
  from space 17472K,   0% used [0x00000000e8880000, 0x00000000e8880000, 0x00000000e9990000)
  to   space 17472K,   0% used [0x00000000e9990000, 0x00000000e9990000, 0x00000000eaaa0000)
 concurrent mark-sweep generation total 349568K, used 1056K [0x00000000eaaa0000, 0x0000000100000000, 0x0000000100000000)
 Metaspace       used 3957K, capacity 4568K, committed 4864K, reserved 1056768K
  class space    used 431K, capacity 460K, committed 512K, reserved 1048576K
}
2024-07-23T00:26:03.034+0800: 11.691: Total time for which application threads were stopped: 0.0040875 seconds, Stopping threads took: 0.0000293 seconds
2024-07-23T00:26:03.053+0800: 11.711: [GC (CMS Initial Mark) [1 CMS-initial-mark: 205856K(349568K)] 205856K(506816K), 0.0001932 secs] [Times: user=0.00 sys=0.00, real=0.00 secs] 
2024-07-23T00:26:03.053+0800: 11.711: Total time for which application threads were stopped: 0.0199540 seconds, Stopping threads took: 0.0197009 seconds
2024-07-23T00:26:03.053+0800: 11.711: [CMS-concurrent-mark-start]
2024-07-23T00:26:03.055+0800: 11.712: [CMS-concurrent-mark: 0.001/0.001 secs] [Times: user=0.00 sys=0.00, real=0.00 secs] 
2024-07-23T00:26:03.055+0800: 11.712: [CMS-concurrent-preclean-start]
2024-07-23T00:26:03.055+0800: 11.713: [CMS-concurrent-preclean: 0.000/0.000 secs] [Times: user=0.00 sys=0.00, real=0.00 secs] 
2024-07-23T00:26:03.055+0800: 11.713: [GC (CMS Final Remark) [YG occupancy: 0 K (157248 K)]2024-07-23T00:26:03.055+0800: 11.713: [Rescan (parallel) , 0.0001660 secs]2024-07-23T00:26:03.055+0800: 11.713: [weak refs processing, 0.0000088 secs]2024-07-23T00:26:03.055+0800: 11.713: [class unloading, 0.0001947 secs]2024-07-23T00:26:03.055+0800: 11.713: [scrub symbol table, 0.0003037 secs]2024-07-23T00:26:03.056+0800: 11.713: [scrub string table, 0.0000821 secs][1 CMS-remark: 205856K(349568K)] 205856K(506816K), 0.0007907 secs] [Times: user=0.00 sys=0.00, real=0.00 secs] 
2024-07-23T00:26:03.056+0800: 11.713: Total time for which application threads were stopped: 0.0008274 seconds, Stopping threads took: 0.0000145 seconds
2024-07-23T00:26:03.056+0800: 11.713: [CMS-concurrent-sweep-start]
2024-07-23T00:26:03.056+0800: 11.714: [CMS-concurrent-sweep: 0.000/0.000 secs] [Times: user=0.00 sys=0.00, real=0.00 secs] 
2024-07-23T00:26:03.056+0800: 11.714: [CMS-concurrent-reset-start]
2024-07-23T00:26:03.056+0800: 11.714: [CMS-concurrent-reset: 0.000/0.000 secs] [Times: user=0.00 sys=0.00, real=0.00 secs] 
{Heap before GC invocations=260 (full 517):
 par new generation   total 157248K, used 0K [0x00000000e0000000, 0x00000000eaaa0000, 0x00000000eaaa0000)
  eden space 139776K,   0% used [0x00000000e0000000, 0x00000000e0000000, 0x00000000e8880000)
  from space 17472K,   0% used [0x00000000e8880000, 0x00000000e8880000, 0x00000000e9990000)
  to   space 17472K,   0% used [0x00000000e9990000, 0x00000000e9990000, 0x00000000eaaa0000)
 concurrent mark-sweep generation total 349568K, used 205856K [0x00000000eaaa0000, 0x0000000100000000, 0x0000000100000000)
 Metaspace       used 3957K, capacity 4568K, committed 4864K, reserved 1056768K
  class space    used 431K, capacity 460K, committed 512K, reserved 1048576K
2024-07-23T00:26:03.076+0800: 11.733: [GC (Allocation Failure) 2024-07-23T00:26:03.076+0800: 11.733: [ParNew
Desired survivor size 8945664 bytes, new threshold 6 (max 6)
: 0K->0K(157248K), 0.0020620 secs]2024-07-23T00:26:03.078+0800: 11.735: [CMS: 205856K->1056K(349568K), 0.0033384 secs] 205856K->1056K(506816K), [Metaspace: 3957K->3957K(1056768K)], 0.0056093 secs] [Times: user=0.00 sys=0.00, real=0.01 secs] 
Heap after GC invocations=261 (full 518):
 par new generation   total 157248K, used 0K [0x00000000e0000000, 0x00000000eaaa0000, 0x00000000eaaa0000)
  eden space 139776K,   0% used [0x00000000e0000000, 0x00000000e0000000, 0x00000000e8880000)
  from space 17472K,   0% used [0x00000000e9990000, 0x00000000e9990000, 0x00000000eaaa0000)
  to   space 17472K,   0% used [0x00000000e8880000, 0x00000000e8880000, 0x00000000e9990000)
 concurrent mark-sweep generation total 349568K, used 1056K [0x00000000eaaa0000, 0x0000000100000000, 0x0000000100000000)
 Metaspace       used 3957K, capacity 4568K, committed 4864K, reserved 1056768K
  class space    used 431K, capacity 460K, committed 512K, reserved 1048576K
}
2024-07-23T00:26:03.082+0800: 11.739: Total time for which application threads were stopped: 0.0057778 seconds, Stopping threads took: 0.0000395 seconds
2024-07-23T00:26:03.100+0800: 11.757: [GC (CMS Initial Mark) [1 CMS-initial-mark: 205856K(349568K)] 205856K(506816K), 0.0002285 secs] [Times: user=0.00 sys=0.00, real=0.00 secs] 
2024-07-23T00:26:03.100+0800: 11.758: Total time for which application threads were stopped: 0.0188216 seconds, Stopping threads took: 0.0185312 seconds
2024-07-23T00:26:03.100+0800: 11.758: [CMS-concurrent-mark-start]
2024-07-23T00:26:03.102+0800: 11.759: [CMS-concurrent-mark: 0.001/0.001 secs] [Times: user=0.00 sys=0.00, real=0.00 secs] 
2024-07-23T00:26:03.102+0800: 11.759: [CMS-concurrent-preclean-start]
2024-07-23T00:26:03.102+0800: 11.759: [CMS-concurrent-preclean: 0.000/0.000 secs] [Times: user=0.00 sys=0.00, real=0.00 secs] 
2024-07-23T00:26:03.102+0800: 11.759: [GC (CMS Final Remark) [YG occupancy: 0 K (157248 K)]2024-07-23T00:26:03.102+0800: 11.759: [Rescan (parallel) , 0.0002446 secs]2024-07-23T00:26:03.102+0800: 11.760: [weak refs processing, 0.0000094 secs]2024-07-23T00:26:03.102+0800: 11.760: [class unloading, 0.0002370 secs]2024-07-23T00:26:03.102+0800: 11.760: [scrub symbol table, 0.0004422 secs]2024-07-23T00:26:03.103+0800: 11.760: [scrub string table, 0.0000966 secs][1 CMS-remark: 205856K(349568K)] 205856K(506816K), 0.0011177 secs] [Times: user=0.00 sys=0.00, real=0.00 secs] 
2024-07-23T00:26:03.103+0800: 11.761: Total time for which application threads were stopped: 0.0011867 seconds, Stopping threads took: 0.0000234 seconds
2024-07-23T00:26:03.103+0800: 11.761: [CMS-concurrent-sweep-start]
2024-07-23T00:26:03.103+0800: 11.761: [CMS-concurrent-sweep: 0.000/0.000 secs] [Times: user=0.00 sys=0.00, real=0.00 secs] 
2024-07-23T00:26:03.103+0800: 11.761: [CMS-concurrent-reset-start]
2024-07-23T00:26:03.104+0800: 11.761: [CMS-concurrent-reset: 0.000/0.000 secs] [Times: user=0.00 sys=0.00, real=0.00 secs] 
{Heap before GC invocations=261 (full 519):
 par new generation   total 157248K, used 0K [0x00000000e0000000, 0x00000000eaaa0000, 0x00000000eaaa0000)
  eden space 139776K,   0% used [0x00000000e0000000, 0x00000000e0000000, 0x00000000e8880000)
  from space 17472K,   0% used [0x00000000e9990000, 0x00000000e9990000, 0x00000000eaaa0000)
  to   space 17472K,   0% used [0x00000000e8880000, 0x00000000e8880000, 0x00000000e9990000)
 concurrent mark-sweep generation total 349568K, used 205856K [0x00000000eaaa0000, 0x0000000100000000, 0x0000000100000000)
 Metaspace       used 3957K, capacity 4568K, committed 4864K, reserved 1056768K
  class space    used 431K, capacity 460K, committed 512K, reserved 1048576K
2024-07-23T00:26:03.123+0800: 11.780: [GC (Allocation Failure) 2024-07-23T00:26:03.123+0800: 11.780: [ParNew
Desired survivor size 8945664 bytes, new threshold 6 (max 6)
: 0K->0K(157248K), 0.0005259 secs]2024-07-23T00:26:03.123+0800: 11.781: [CMS: 205856K->1056K(349568K), 0.0025688 secs] 205856K->1056K(506816K), [Metaspace: 3957K->3957K(1056768K)], 0.0031991 secs] [Times: user=0.00 sys=0.00, real=0.00 secs] 
Heap after GC invocations=262 (full 520):
 par new generation   total 157248K, used 0K [0x00000000e0000000, 0x00000000eaaa0000, 0x00000000eaaa0000)
  eden space 139776K,   0% used [0x00000000e0000000, 0x00000000e0000000, 0x00000000e8880000)
  from space 17472K,   0% used [0x00000000e8880000, 0x00000000e8880000, 0x00000000e9990000)
  to   space 17472K,   0% used [0x00000000e9990000, 0x00000000e9990000, 0x00000000eaaa0000)
 concurrent mark-sweep generation total 349568K, used 1056K [0x00000000eaaa0000, 0x0000000100000000, 0x0000000100000000)
 Metaspace       used 3957K, capacity 4568K, committed 4864K, reserved 1056768K
  class space    used 431K, capacity 460K, committed 512K, reserved 1048576K
}
2024-07-23T00:26:03.126+0800: 11.784: Total time for which application threads were stopped: 0.0033662 seconds, Stopping threads took: 0.0000597 seconds
2024-07-23T00:26:03.145+0800: 11.802: [GC (CMS Initial Mark) [1 CMS-initial-mark: 205856K(349568K)] 205856K(506816K), 0.0002047 secs] [Times: user=0.00 sys=0.00, real=0.00 secs] 
2024-07-23T00:26:03.145+0800: 11.802: Total time for which application threads were stopped: 0.0182792 seconds, Stopping threads took: 0.0179846 seconds
2024-07-23T00:26:03.145+0800: 11.802: [CMS-concurrent-mark-start]
2024-07-23T00:26:03.146+0800: 11.803: [CMS-concurrent-mark: 0.002/0.002 secs] [Times: user=0.00 sys=0.00, real=0.00 secs] 
2024-07-23T00:26:03.146+0800: 11.803: [CMS-concurrent-preclean-start]
2024-07-23T00:26:03.147+0800: 11.804: [CMS-concurrent-preclean: 0.000/0.000 secs] [Times: user=0.00 sys=0.00, real=0.00 secs] 
2024-07-23T00:26:03.147+0800: 11.804: [GC (CMS Final Remark) [YG occupancy: 0 K (157248 K)]2024-07-23T00:26:03.147+0800: 11.804: [Rescan (parallel) , 0.0001865 secs]2024-07-23T00:26:03.147+0800: 11.804: [weak refs processing, 0.0000089 secs]2024-07-23T00:26:03.147+0800: 11.804: [class unloading, 0.0002206 secs]2024-07-23T00:26:03.147+0800: 11.804: [scrub symbol table, 0.0003452 secs]2024-07-23T00:26:03.148+0800: 11.805: [scrub string table, 0.0001011 secs][1 CMS-remark: 205856K(349568K)] 205856K(506816K), 0.0009178 secs] [Times: user=0.00 sys=0.00, real=0.00 secs] 
2024-07-23T00:26:03.148+0800: 11.805: Total time for which application threads were stopped: 0.0009845 seconds, Stopping threads took: 0.0000306 seconds
2024-07-23T00:26:03.148+0800: 11.805: [CMS-concurrent-sweep-start]
2024-07-23T00:26:03.148+0800: 11.805: [CMS-concurrent-sweep: 0.000/0.000 secs] [Times: user=0.00 sys=0.00, real=0.00 secs] 
2024-07-23T00:26:03.148+0800: 11.805: [CMS-concurrent-reset-start]
2024-07-23T00:26:03.148+0800: 11.805: [CMS-concurrent-reset: 0.000/0.000 secs] [Times: user=0.00 sys=0.00, real=0.00 secs] 
{Heap before GC invocations=262 (full 521):
 par new generation   total 157248K, used 0K [0x00000000e0000000, 0x00000000eaaa0000, 0x00000000eaaa0000)
  eden space 139776K,   0% used [0x00000000e0000000, 0x00000000e0000000, 0x00000000e8880000)
  from space 17472K,   0% used [0x00000000e8880000, 0x00000000e8880000, 0x00000000e9990000)
  to   space 17472K,   0% used [0x00000000e9990000, 0x00000000e9990000, 0x00000000eaaa0000)
 concurrent mark-sweep generation total 349568K, used 205856K [0x00000000eaaa0000, 0x0000000100000000, 0x0000000100000000)
 Metaspace       used 3957K, capacity 4568K, committed 4864K, reserved 1056768K
  class space    used 431K, capacity 460K, committed 512K, reserved 1048576K
2024-07-23T00:26:03.155+0800: 11.812: [GC (Allocation Failure) 2024-07-23T00:26:03.155+0800: 11.812: [ParNew
Desired survivor size 8945664 bytes, new threshold 6 (max 6)
: 0K->0K(157248K), 0.0006245 secs]2024-07-23T00:26:03.155+0800: 11.813: [CMS: 205856K->1056K(349568K), 0.0028550 secs] 205856K->1056K(506816K), [Metaspace: 3957K->3957K(1056768K)], 0.0036384 secs] [Times: user=0.00 sys=0.00, real=0.00 secs] 
Heap after GC invocations=263 (full 522):
 par new generation   total 157248K, used 0K [0x00000000e0000000, 0x00000000eaaa0000, 0x00000000eaaa0000)
  eden space 139776K,   0% used [0x00000000e0000000, 0x00000000e0000000, 0x00000000e8880000)
  from space 17472K,   0% used [0x00000000e9990000, 0x00000000e9990000, 0x00000000eaaa0000)
  to   space 17472K,   0% used [0x00000000e8880000, 0x00000000e8880000, 0x00000000e9990000)
 concurrent mark-sweep generation total 349568K, used 1056K [0x00000000eaaa0000, 0x0000000100000000, 0x0000000100000000)
 Metaspace       used 3957K, capacity 4568K, committed 4864K, reserved 1056768K
  class space    used 431K, capacity 460K, committed 512K, reserved 1048576K
}
2024-07-23T00:26:03.158+0800: 11.816: Total time for which application threads were stopped: 0.0037886 seconds, Stopping threads took: 0.0000558 seconds
2024-07-23T00:26:03.176+0800: 11.833: [GC (CMS Initial Mark) [1 CMS-initial-mark: 205856K(349568K)] 205856K(506816K), 0.0002206 secs] [Times: user=0.00 sys=0.00, real=0.00 secs] 
2024-07-23T00:26:03.176+0800: 11.833: Total time for which application threads were stopped: 0.0177901 seconds, Stopping threads took: 0.0175077 seconds
2024-07-23T00:26:03.176+0800: 11.833: [CMS-concurrent-mark-start]
2024-07-23T00:26:03.177+0800: 11.835: [CMS-concurrent-mark: 0.001/0.001 secs] [Times: user=0.00 sys=0.00, real=0.00 secs] 
2024-07-23T00:26:03.177+0800: 11.835: [CMS-concurrent-preclean-start]
2024-07-23T00:26:03.177+0800: 11.835: [CMS-concurrent-preclean: 0.000/0.000 secs] [Times: user=0.00 sys=0.00, real=0.00 secs] 
2024-07-23T00:26:03.177+0800: 11.835: [GC (CMS Final Remark) [YG occupancy: 0 K (157248 K)]2024-07-23T00:26:03.177+0800: 11.835: [Rescan (parallel) , 0.0002201 secs]2024-07-23T00:26:03.179+0800: 11.835: [weak refs processing, 0.0000086 secs]2024-07-23T00:26:03.179+0800: 11.835: [class unloading, 0.0001874 secs]2024-07-23T00:26:03.179+0800: 11.835: [scrub symbol table, 0.0003017 secs]2024-07-23T00:26:03.179+0800: 11.836: [scrub string table, 0.0000822 secs][1 CMS-remark: 205856K(349568K)] 205856K(506816K), 0.0008468 secs] [Times: user=0.00 sys=0.00, real=0.00 secs] 
2024-07-23T00:26:03.179+0800: 11.836: Total time for which application threads were stopped: 0.0008863 seconds, Stopping threads took: 0.0000126 seconds
2024-07-23T00:26:03.179+0800: 11.836: [CMS-concurrent-sweep-start]
2024-07-23T00:26:03.179+0800: 11.836: [CMS-concurrent-sweep: 0.000/0.000 secs] [Times: user=0.00 sys=0.00, real=0.00 secs] 
2024-07-23T00:26:03.179+0800: 11.836: [CMS-concurrent-reset-start]
2024-07-23T00:26:03.180+0800: 11.836: [CMS-concurrent-reset: 0.000/0.000 secs] [Times: user=0.00 sys=0.00, real=0.00 secs] 
{Heap before GC invocations=263 (full 523):
 par new generation   total 157248K, used 0K [0x00000000e0000000, 0x00000000eaaa0000, 0x00000000eaaa0000)
  eden space 139776K,   0% used [0x00000000e0000000, 0x00000000e0000000, 0x00000000e8880000)
  from space 17472K,   0% used [0x00000000e9990000, 0x00000000e9990000, 0x00000000eaaa0000)
  to   space 17472K,   0% used [0x00000000e8880000, 0x00000000e8880000, 0x00000000e9990000)
 concurrent mark-sweep generation total 349568K, used 205856K [0x00000000eaaa0000, 0x0000000100000000, 0x0000000100000000)
 Metaspace       used 3957K, capacity 4568K, committed 4864K, reserved 1056768K
  class space    used 431K, capacity 460K, committed 512K, reserved 1048576K
2024-07-23T00:26:03.186+0800: 11.843: [GC (Allocation Failure) 2024-07-23T00:26:03.186+0800: 11.843: [ParNew
Desired survivor size 8945664 bytes, new threshold 6 (max 6)
: 0K->0K(157248K), 0.0007513 secs]2024-07-23T00:26:03.187+0800: 11.844: [CMS: 205856K->1056K(349568K), 0.0024904 secs] 205856K->1056K(506816K), [Metaspace: 3957K->3957K(1056768K)], 0.0033132 secs] [Times: user=0.00 sys=0.00, real=0.00 secs] 
Heap after GC invocations=264 (full 524):
 par new generation   total 157248K, used 0K [0x00000000e0000000, 0x00000000eaaa0000, 0x00000000eaaa0000)
  eden space 139776K,   0% used [0x00000000e0000000, 0x00000000e0000000, 0x00000000e8880000)
  from space 17472K,   0% used [0x00000000e8880000, 0x00000000e8880000, 0x00000000e9990000)
  to   space 17472K,   0% used [0x00000000e9990000, 0x00000000e9990000, 0x00000000eaaa0000)
 concurrent mark-sweep generation total 349568K, used 1056K [0x00000000eaaa0000, 0x0000000100000000, 0x0000000100000000)
 Metaspace       used 3957K, capacity 4568K, committed 4864K, reserved 1056768K
  class space    used 431K, capacity 460K, committed 512K, reserved 1048576K
}
2024-07-23T00:26:03.189+0800: 11.847: Total time for which application threads were stopped: 0.0034203 seconds, Stopping threads took: 0.0000257 seconds
2024-07-23T00:26:03.207+0800: 11.865: [GC (CMS Initial Mark) [1 CMS-initial-mark: 205856K(349568K)] 205856K(506816K), 0.0001945 secs] [Times: user=0.00 sys=0.00, real=0.00 secs] 
2024-07-23T00:26:03.207+0800: 11.865: Total time for which application threads were stopped: 0.0179918 seconds, Stopping threads took: 0.0177277 seconds
2024-07-23T00:26:03.207+0800: 11.865: [CMS-concurrent-mark-start]
2024-07-23T00:26:03.209+0800: 11.866: [CMS-concurrent-mark: 0.001/0.001 secs] [Times: user=0.00 sys=0.00, real=0.00 secs] 
2024-07-23T00:26:03.209+0800: 11.866: [CMS-concurrent-preclean-start]
2024-07-23T00:26:03.209+0800: 11.866: [CMS-concurrent-preclean: 0.000/0.000 secs] [Times: user=0.00 sys=0.00, real=0.00 secs] 
2024-07-23T00:26:03.209+0800: 11.867: [GC (CMS Final Remark) [YG occupancy: 0 K (157248 K)]2024-07-23T00:26:03.209+0800: 11.867: [Rescan (parallel) , 0.0002296 secs]2024-07-23T00:26:03.209+0800: 11.867: [weak refs processing, 0.0000081 secs]2024-07-23T00:26:03.209+0800: 11.867: [class unloading, 0.0002087 secs]2024-07-23T00:26:03.210+0800: 11.867: [scrub symbol table, 0.0003161 secs]2024-07-23T00:26:03.210+0800: 11.867: [scrub string table, 0.0000842 secs][1 CMS-remark: 205856K(349568K)] 205856K(506816K), 0.0008864 secs] [Times: user=0.00 sys=0.00, real=0.00 secs] 
2024-07-23T00:26:03.210+0800: 11.867: Total time for which application threads were stopped: 0.0009359 seconds, Stopping threads took: 0.0000210 seconds
2024-07-23T00:26:03.210+0800: 11.867: [CMS-concurrent-sweep-start]
2024-07-23T00:26:03.210+0800: 11.868: [CMS-concurrent-sweep: 0.000/0.000 secs] [Times: user=0.00 sys=0.00, real=0.00 secs] 
2024-07-23T00:26:03.210+0800: 11.868: [CMS-concurrent-reset-start]
2024-07-23T00:26:03.211+0800: 11.868: [CMS-concurrent-reset: 0.000/0.000 secs] [Times: user=0.00 sys=0.00, real=0.00 secs] 
{Heap before GC invocations=264 (full 525):
 par new generation   total 157248K, used 0K [0x00000000e0000000, 0x00000000eaaa0000, 0x00000000eaaa0000)
  eden space 139776K,   0% used [0x00000000e0000000, 0x00000000e0000000, 0x00000000e8880000)
  from space 17472K,   0% used [0x00000000e8880000, 0x00000000e8880000, 0x00000000e9990000)
  to   space 17472K,   0% used [0x00000000e9990000, 0x00000000e9990000, 0x00000000eaaa0000)
 concurrent mark-sweep generation total 349568K, used 205856K [0x00000000eaaa0000, 0x0000000100000000, 0x0000000100000000)
 Metaspace       used 3957K, capacity 4568K, committed 4864K, reserved 1056768K
  class space    used 431K, capacity 460K, committed 512K, reserved 1048576K
2024-07-23T00:26:03.217+0800: 11.874: [GC (Allocation Failure) 2024-07-23T00:26:03.217+0800: 11.874: [ParNew
Desired survivor size 8945664 bytes, new threshold 6 (max 6)
: 0K->0K(157248K), 0.0005481 secs]2024-07-23T00:26:03.217+0800: 11.875: [CMS: 205856K->1056K(349568K), 0.0023704 secs] 205856K->1056K(506816K), [Metaspace: 3957K->3957K(1056768K)], 0.0029805 secs] [Times: user=0.00 sys=0.00, real=0.00 secs] 
Heap after GC invocations=265 (full 526):
 par new generation   total 157248K, used 0K [0x00000000e0000000, 0x00000000eaaa0000, 0x00000000eaaa0000)
  eden space 139776K,   0% used [0x00000000e0000000, 0x00000000e0000000, 0x00000000e8880000)
  from space 17472K,   0% used [0x00000000e9990000, 0x00000000e9990000, 0x00000000eaaa0000)
  to   space 17472K,   0% used [0x00000000e8880000, 0x00000000e8880000, 0x00000000e9990000)
 concurrent mark-sweep generation total 349568K, used 1056K [0x00000000eaaa0000, 0x0000000100000000, 0x0000000100000000)
 Metaspace       used 3957K, capacity 4568K, committed 4864K, reserved 1056768K
  class space    used 431K, capacity 460K, committed 512K, reserved 1048576K
}
2024-07-23T00:26:03.220+0800: 11.877: Total time for which application threads were stopped: 0.0030949 seconds, Stopping threads took: 0.0000268 seconds
2024-07-23T00:26:03.238+0800: 11.896: [GC (CMS Initial Mark) [1 CMS-initial-mark: 205856K(349568K)] 205856K(506816K), 0.0002772 secs] [Times: user=0.00 sys=0.00, real=0.00 secs] 
2024-07-23T00:26:03.239+0800: 11.896: Total time for which application threads were stopped: 0.0187380 seconds, Stopping threads took: 0.0183689 seconds
2024-07-23T00:26:03.239+0800: 11.896: [CMS-concurrent-mark-start]
2024-07-23T00:26:03.241+0800: 11.898: [CMS-concurrent-mark: 0.002/0.002 secs] [Times: user=0.00 sys=0.00, real=0.00 secs] 
2024-07-23T00:26:03.241+0800: 11.898: [CMS-concurrent-preclean-start]
2024-07-23T00:26:03.241+0800: 11.899: [CMS-concurrent-preclean: 0.000/0.000 secs] [Times: user=0.00 sys=0.00, real=0.00 secs] 
2024-07-23T00:26:03.241+0800: 11.899: [GC (CMS Final Remark) [YG occupancy: 0 K (157248 K)]2024-07-23T00:26:03.241+0800: 11.899: [Rescan (parallel) , 0.0002934 secs]2024-07-23T00:26:03.241+0800: 11.899: [weak refs processing, 0.0000132 secs]2024-07-23T00:26:03.241+0800: 11.899: [class unloading, 0.0002557 secs]2024-07-23T00:26:03.243+0800: 11.899: [scrub symbol table, 0.0004044 secs]2024-07-23T00:26:03.243+0800: 11.900: [scrub string table, 0.0001299 secs][1 CMS-remark: 205856K(349568K)] 205856K(506816K), 0.0011694 secs] [Times: user=0.00 sys=0.00, real=0.00 secs] 
2024-07-23T00:26:03.243+0800: 11.900: Total time for which application threads were stopped: 0.0012373 seconds, Stopping threads took: 0.0000236 seconds
2024-07-23T00:26:03.243+0800: 11.900: [CMS-concurrent-sweep-start]
2024-07-23T00:26:03.244+0800: 11.900: [CMS-concurrent-sweep: 0.000/0.000 secs] [Times: user=0.00 sys=0.00, real=0.00 secs] 
2024-07-23T00:26:03.244+0800: 11.900: [CMS-concurrent-reset-start]
2024-07-23T00:26:03.244+0800: 11.901: [CMS-concurrent-reset: 0.001/0.001 secs] [Times: user=0.00 sys=0.00, real=0.00 secs] 
{Heap before GC invocations=265 (full 527):
 par new generation   total 157248K, used 0K [0x00000000e0000000, 0x00000000eaaa0000, 0x00000000eaaa0000)
  eden space 139776K,   0% used [0x00000000e0000000, 0x00000000e0000000, 0x00000000e8880000)
  from space 17472K,   0% used [0x00000000e9990000, 0x00000000e9990000, 0x00000000eaaa0000)
  to   space 17472K,   0% used [0x00000000e8880000, 0x00000000e8880000, 0x00000000e9990000)
 concurrent mark-sweep generation total 349568K, used 205856K [0x00000000eaaa0000, 0x0000000100000000, 0x0000000100000000)
 Metaspace       used 3957K, capacity 4568K, committed 4864K, reserved 1056768K
  class space    used 431K, capacity 460K, committed 512K, reserved 1048576K
2024-07-23T00:26:03.263+0800: 11.920: [GC (Allocation Failure) 2024-07-23T00:26:03.263+0800: 11.920: [ParNew
Desired survivor size 8945664 bytes, new threshold 6 (max 6)
: 0K->0K(157248K), 0.0012109 secs]2024-07-23T00:26:03.264+0800: 11.921: [CMS: 205856K->1056K(349568K), 0.0035031 secs] 205856K->1056K(506816K), [Metaspace: 3957K->3957K(1056768K)], 0.0048881 secs] [Times: user=0.00 sys=0.00, real=0.00 secs] 
Heap after GC invocations=266 (full 528):
 par new generation   total 157248K, used 0K [0x00000000e0000000, 0x00000000eaaa0000, 0x00000000eaaa0000)
  eden space 139776K,   0% used [0x00000000e0000000, 0x00000000e0000000, 0x00000000e8880000)
  from space 17472K,   0% used [0x00000000e8880000, 0x00000000e8880000, 0x00000000e9990000)
  to   space 17472K,   0% used [0x00000000e9990000, 0x00000000e9990000, 0x00000000eaaa0000)
 concurrent mark-sweep generation total 349568K, used 1056K [0x00000000eaaa0000, 0x0000000100000000, 0x0000000100000000)
 Metaspace       used 3957K, capacity 4568K, committed 4864K, reserved 1056768K
  class space    used 431K, capacity 460K, committed 512K, reserved 1048576K
}
2024-07-23T00:26:03.268+0800: 11.925: Total time for which application threads were stopped: 0.0050898 seconds, Stopping threads took: 0.0000594 seconds
2024-07-23T00:26:03.290+0800: 11.947: [GC (CMS Initial Mark) [1 CMS-initial-mark: 205856K(349568K)] 205856K(506816K), 0.0002448 secs] [Times: user=0.00 sys=0.00, real=0.00 secs] 
2024-07-23T00:26:03.291+0800: 11.947: Total time for which application threads were stopped: 0.0226750 seconds, Stopping threads took: 0.0223503 seconds
2024-07-23T00:26:03.291+0800: 11.947: [CMS-concurrent-mark-start]
2024-07-23T00:26:03.292+0800: 11.949: [CMS-concurrent-mark: 0.001/0.001 secs] [Times: user=0.00 sys=0.00, real=0.00 secs] 
2024-07-23T00:26:03.292+0800: 11.949: [CMS-concurrent-preclean-start]
2024-07-23T00:26:03.292+0800: 11.949: [CMS-concurrent-preclean: 0.000/0.000 secs] [Times: user=0.00 sys=0.00, real=0.00 secs] 
2024-07-23T00:26:03.293+0800: 11.949: [GC (CMS Final Remark) [YG occupancy: 0 K (157248 K)]2024-07-23T00:26:03.293+0800: 11.949: [Rescan (parallel) , 0.0001599 secs]2024-07-23T00:26:03.293+0800: 11.949: [weak refs processing, 0.0000097 secs]2024-07-23T00:26:03.293+0800: 11.949: [class unloading, 0.0002442 secs]2024-07-23T00:26:03.293+0800: 11.950: [scrub symbol table, 0.0003274 secs]2024-07-23T00:26:03.293+0800: 11.950: [scrub string table, 0.0000862 secs][1 CMS-remark: 205856K(349568K)] 205856K(506816K), 0.0008732 secs] [Times: user=0.00 sys=0.00, real=0.00 secs] 
2024-07-23T00:26:03.293+0800: 11.950: Total time for which application threads were stopped: 0.0009295 seconds, Stopping threads took: 0.0000258 seconds
2024-07-23T00:26:03.293+0800: 11.950: [CMS-concurrent-sweep-start]
2024-07-23T00:26:03.294+0800: 11.950: [CMS-concurrent-sweep: 0.000/0.000 secs] [Times: user=0.00 sys=0.00, real=0.00 secs] 
2024-07-23T00:26:03.294+0800: 11.950: [CMS-concurrent-reset-start]
2024-07-23T00:26:03.294+0800: 11.951: [CMS-concurrent-reset: 0.000/0.000 secs] [Times: user=0.00 sys=0.00, real=0.00 secs] 
{Heap before GC invocations=266 (full 529):
 par new generation   total 157248K, used 0K [0x00000000e0000000, 0x00000000eaaa0000, 0x00000000eaaa0000)
  eden space 139776K,   0% used [0x00000000e0000000, 0x00000000e0000000, 0x00000000e8880000)
  from space 17472K,   0% used [0x00000000e8880000, 0x00000000e8880000, 0x00000000e9990000)
  to   space 17472K,   0% used [0x00000000e9990000, 0x00000000e9990000, 0x00000000eaaa0000)
 concurrent mark-sweep generation total 349568K, used 205856K [0x00000000eaaa0000, 0x0000000100000000, 0x0000000100000000)
 Metaspace       used 3957K, capacity 4568K, committed 4864K, reserved 1056768K
  class space    used 431K, capacity 460K, committed 512K, reserved 1048576K
2024-07-23T00:26:03.309+0800: 11.966: [GC (Allocation Failure) 2024-07-23T00:26:03.309+0800: 11.966: [ParNew
Desired survivor size 8945664 bytes, new threshold 6 (max 6)
: 0K->0K(157248K), 0.0004948 secs]2024-07-23T00:26:03.309+0800: 11.967: [CMS: 205856K->1056K(349568K), 0.0024760 secs] 205856K->1056K(506816K), [Metaspace: 3957K->3957K(1056768K)], 0.0030607 secs] [Times: user=0.00 sys=0.00, real=0.00 secs] 
Heap after GC invocations=267 (full 530):
 par new generation   total 157248K, used 0K [0x00000000e0000000, 0x00000000eaaa0000, 0x00000000eaaa0000)
  eden space 139776K,   0% used [0x00000000e0000000, 0x00000000e0000000, 0x00000000e8880000)
  from space 17472K,   0% used [0x00000000e9990000, 0x00000000e9990000, 0x00000000eaaa0000)
  to   space 17472K,   0% used [0x00000000e8880000, 0x00000000e8880000, 0x00000000e9990000)
 concurrent mark-sweep generation total 349568K, used 1056K [0x00000000eaaa0000, 0x0000000100000000, 0x0000000100000000)
 Metaspace       used 3957K, capacity 4568K, committed 4864K, reserved 1056768K
  class space    used 431K, capacity 460K, committed 512K, reserved 1048576K
}
2024-07-23T00:26:03.312+0800: 11.970: Total time for which application threads were stopped: 0.0032128 seconds, Stopping threads took: 0.0000502 seconds
2024-07-23T00:26:03.331+0800: 11.988: [GC (CMS Initial Mark) [1 CMS-initial-mark: 205856K(349568K)] 205856K(506816K), 0.0002285 secs] [Times: user=0.00 sys=0.00, real=0.00 secs] 
2024-07-23T00:26:03.331+0800: 11.988: Total time for which application threads were stopped: 0.0188653 seconds, Stopping threads took: 0.0185610 seconds
2024-07-23T00:26:03.331+0800: 11.988: [CMS-concurrent-mark-start]
2024-07-23T00:26:03.333+0800: 11.990: [CMS-concurrent-mark: 0.002/0.002 secs] [Times: user=0.00 sys=0.00, real=0.00 secs] 
2024-07-23T00:26:03.333+0800: 11.990: [CMS-concurrent-preclean-start]
2024-07-23T00:26:03.333+0800: 11.990: [CMS-concurrent-preclean: 0.000/0.000 secs] [Times: user=0.00 sys=0.00, real=0.00 secs] 
2024-07-23T00:26:03.333+0800: 11.990: [GC (CMS Final Remark) [YG occupancy: 0 K (157248 K)]2024-07-23T00:26:03.333+0800: 11.990: [Rescan (parallel) , 0.0005825 secs]2024-07-23T00:26:03.334+0800: 11.991: [weak refs processing, 0.0000089 secs]2024-07-23T00:26:03.334+0800: 11.991: [class unloading, 0.0002012 secs]2024-07-23T00:26:03.334+0800: 11.991: [scrub symbol table, 0.0003415 secs]2024-07-23T00:26:03.335+0800: 11.992: [scrub string table, 0.0001026 secs][1 CMS-remark: 205856K(349568K)] 205856K(506816K), 0.0013020 secs] [Times: user=0.00 sys=0.00, real=0.00 secs] 
2024-07-23T00:26:03.335+0800: 11.992: Total time for which application threads were stopped: 0.0013703 seconds, Stopping threads took: 0.0000301 seconds
2024-07-23T00:26:03.335+0800: 11.992: [CMS-concurrent-sweep-start]
2024-07-23T00:26:03.335+0800: 11.992: [CMS-concurrent-sweep: 0.000/0.000 secs] [Times: user=0.00 sys=0.00, real=0.00 secs] 
2024-07-23T00:26:03.335+0800: 11.992: [CMS-concurrent-reset-start]
2024-07-23T00:26:03.335+0800: 11.992: [CMS-concurrent-reset: 0.000/0.000 secs] [Times: user=0.00 sys=0.00, real=0.00 secs] 
{Heap before GC invocations=267 (full 531):
 par new generation   total 157248K, used 0K [0x00000000e0000000, 0x00000000eaaa0000, 0x00000000eaaa0000)
  eden space 139776K,   0% used [0x00000000e0000000, 0x00000000e0000000, 0x00000000e8880000)
  from space 17472K,   0% used [0x00000000e9990000, 0x00000000e9990000, 0x00000000eaaa0000)
  to   space 17472K,   0% used [0x00000000e8880000, 0x00000000e8880000, 0x00000000e9990000)
 concurrent mark-sweep generation total 349568K, used 205856K [0x00000000eaaa0000, 0x0000000100000000, 0x0000000100000000)
 Metaspace       used 3957K, capacity 4568K, committed 4864K, reserved 1056768K
  class space    used 431K, capacity 460K, committed 512K, reserved 1048576K
2024-07-23T00:26:03.355+0800: 12.012: [GC (Allocation Failure) 2024-07-23T00:26:03.355+0800: 12.012: [ParNew
Desired survivor size 8945664 bytes, new threshold 6 (max 6)
: 0K->0K(157248K), 0.0010758 secs]2024-07-23T00:26:03.356+0800: 12.013: [CMS: 205856K->1056K(349568K), 0.0028827 secs] 205856K->1056K(506816K), [Metaspace: 3957K->3957K(1056768K)], 0.0041064 secs] [Times: user=0.02 sys=0.00, real=0.00 secs] 
Heap after GC invocations=268 (full 532):
 par new generation   total 157248K, used 0K [0x00000000e0000000, 0x00000000eaaa0000, 0x00000000eaaa0000)
  eden space 139776K,   0% used [0x00000000e0000000, 0x00000000e0000000, 0x00000000e8880000)
  from space 17472K,   0% used [0x00000000e8880000, 0x00000000e8880000, 0x00000000e9990000)
  to   space 17472K,   0% used [0x00000000e9990000, 0x00000000e9990000, 0x00000000eaaa0000)
 concurrent mark-sweep generation total 349568K, used 1056K [0x00000000eaaa0000, 0x0000000100000000, 0x0000000100000000)
 Metaspace       used 3957K, capacity 4568K, committed 4864K, reserved 1056768K
  class space    used 431K, capacity 460K, committed 512K, reserved 1048576K
}
2024-07-23T00:26:03.359+0800: 12.016: Total time for which application threads were stopped: 0.0042981 seconds, Stopping threads took: 0.0000555 seconds
2024-07-23T00:26:03.377+0800: 12.034: [GC (CMS Initial Mark) [1 CMS-initial-mark: 205856K(349568K)] 205856K(506816K), 0.0003838 secs] [Times: user=0.00 sys=0.00, real=0.00 secs] 
2024-07-23T00:26:03.378+0800: 12.035: Total time for which application threads were stopped: 0.0184672 seconds, Stopping threads took: 0.0180285 seconds
2024-07-23T00:26:03.378+0800: 12.035: [CMS-concurrent-mark-start]
2024-07-23T00:26:03.379+0800: 12.036: [CMS-concurrent-mark: 0.001/0.001 secs] [Times: user=0.00 sys=0.00, real=0.00 secs] 
2024-07-23T00:26:03.379+0800: 12.036: [CMS-concurrent-preclean-start]
2024-07-23T00:26:03.379+0800: 12.036: [CMS-concurrent-preclean: 0.000/0.000 secs] [Times: user=0.00 sys=0.00, real=0.00 secs] 
2024-07-23T00:26:03.379+0800: 12.036: [GC (CMS Final Remark) [YG occupancy: 0 K (157248 K)]2024-07-23T00:26:03.379+0800: 12.036: [Rescan (parallel) , 0.0005396 secs]2024-07-23T00:26:03.380+0800: 12.037: [weak refs processing, 0.0000062 secs]2024-07-23T00:26:03.380+0800: 12.037: [class unloading, 0.0001869 secs]2024-07-23T00:26:03.380+0800: 12.037: [scrub symbol table, 0.0002838 secs]2024-07-23T00:26:03.380+0800: 12.037: [scrub string table, 0.0000802 secs][1 CMS-remark: 205856K(349568K)] 205856K(506816K), 0.0011320 secs] [Times: user=0.00 sys=0.00, real=0.00 secs] 
2024-07-23T00:26:03.380+0800: 12.038: Total time for which application threads were stopped: 0.0011687 seconds, Stopping threads took: 0.0000139 seconds
2024-07-23T00:26:03.381+0800: 12.038: [CMS-concurrent-sweep-start]
2024-07-23T00:26:03.381+0800: 12.038: [CMS-concurrent-sweep: 0.000/0.000 secs] [Times: user=0.00 sys=0.00, real=0.00 secs] 
2024-07-23T00:26:03.381+0800: 12.038: [CMS-concurrent-reset-start]
2024-07-23T00:26:03.381+0800: 12.038: [CMS-concurrent-reset: 0.000/0.000 secs] [Times: user=0.00 sys=0.00, real=0.00 secs] 
{Heap before GC invocations=268 (full 533):
 par new generation   total 157248K, used 0K [0x00000000e0000000, 0x00000000eaaa0000, 0x00000000eaaa0000)
  eden space 139776K,   0% used [0x00000000e0000000, 0x00000000e0000000, 0x00000000e8880000)
  from space 17472K,   0% used [0x00000000e8880000, 0x00000000e8880000, 0x00000000e9990000)
  to   space 17472K,   0% used [0x00000000e9990000, 0x00000000e9990000, 0x00000000eaaa0000)
 concurrent mark-sweep generation total 349568K, used 205856K [0x00000000eaaa0000, 0x0000000100000000, 0x0000000100000000)
 Metaspace       used 3957K, capacity 4568K, committed 4864K, reserved 1056768K
  class space    used 431K, capacity 460K, committed 512K, reserved 1048576K
2024-07-23T00:26:03.401+0800: 12.058: [GC (Allocation Failure) 2024-07-23T00:26:03.401+0800: 12.058: [ParNew
Desired survivor size 8945664 bytes, new threshold 6 (max 6)
: 0K->0K(157248K), 0.0007029 secs]2024-07-23T00:26:03.402+0800: 12.059: [CMS: 205856K->1056K(349568K), 0.0025226 secs] 205856K->1056K(506816K), [Metaspace: 3957K->3957K(1056768K)], 0.0033062 secs] [Times: user=0.01 sys=0.00, real=0.00 secs] 
Heap after GC invocations=269 (full 534):
 par new generation   total 157248K, used 0K [0x00000000e0000000, 0x00000000eaaa0000, 0x00000000eaaa0000)
  eden space 139776K,   0% used [0x00000000e0000000, 0x00000000e0000000, 0x00000000e8880000)
  from space 17472K,   0% used [0x00000000e9990000, 0x00000000e9990000, 0x00000000eaaa0000)
  to   space 17472K,   0% used [0x00000000e8880000, 0x00000000e8880000, 0x00000000e9990000)
 concurrent mark-sweep generation total 349568K, used 1056K [0x00000000eaaa0000, 0x0000000100000000, 0x0000000100000000)
 Metaspace       used 3957K, capacity 4568K, committed 4864K, reserved 1056768K
  class space    used 431K, capacity 460K, committed 512K, reserved 1048576K
}
2024-07-23T00:26:03.404+0800: 12.061: Total time for which application threads were stopped: 0.0034221 seconds, Stopping threads took: 0.0000253 seconds
2024-07-23T00:26:03.423+0800: 12.080: [GC (CMS Initial Mark) [1 CMS-initial-mark: 205856K(349568K)] 205856K(506816K), 0.0003576 secs] [Times: user=0.00 sys=0.00, real=0.00 secs] 
2024-07-23T00:26:03.423+0800: 12.080: Total time for which application threads were stopped: 0.0190149 seconds, Stopping threads took: 0.0185744 seconds
2024-07-23T00:26:03.424+0800: 12.081: [CMS-concurrent-mark-start]
2024-07-23T00:26:03.425+0800: 12.082: [CMS-concurrent-mark: 0.002/0.002 secs] [Times: user=0.00 sys=0.00, real=0.00 secs] 
2024-07-23T00:26:03.425+0800: 12.082: [CMS-concurrent-preclean-start]
2024-07-23T00:26:03.425+0800: 12.082: [CMS-concurrent-preclean: 0.000/0.000 secs] [Times: user=0.00 sys=0.00, real=0.00 secs] 
2024-07-23T00:26:03.425+0800: 12.083: [GC (CMS Final Remark) [YG occupancy: 0 K (157248 K)]2024-07-23T00:26:03.425+0800: 12.083: [Rescan (parallel) , 0.0006172 secs]2024-07-23T00:26:03.426+0800: 12.083: [weak refs processing, 0.0000083 secs]2024-07-23T00:26:03.426+0800: 12.083: [class unloading, 0.0001907 secs]2024-07-23T00:26:03.426+0800: 12.083: [scrub symbol table, 0.0002895 secs]2024-07-23T00:26:03.427+0800: 12.084: [scrub string table, 0.0000822 secs][1 CMS-remark: 205856K(349568K)] 205856K(506816K), 0.0012370 secs] [Times: user=0.00 sys=0.00, real=0.00 secs] 
2024-07-23T00:26:03.427+0800: 12.084: Total time for which application threads were stopped: 0.0012916 seconds, Stopping threads took: 0.0000185 seconds
2024-07-23T00:26:03.427+0800: 12.084: [CMS-concurrent-sweep-start]
2024-07-23T00:26:03.427+0800: 12.084: [CMS-concurrent-sweep: 0.000/0.000 secs] [Times: user=0.00 sys=0.00, real=0.00 secs] 
2024-07-23T00:26:03.427+0800: 12.084: [CMS-concurrent-reset-start]
2024-07-23T00:26:03.427+0800: 12.084: [CMS-concurrent-reset: 0.000/0.000 secs] [Times: user=0.00 sys=0.00, real=0.00 secs] 
{Heap before GC invocations=269 (full 535):
 par new generation   total 157248K, used 0K [0x00000000e0000000, 0x00000000eaaa0000, 0x00000000eaaa0000)
  eden space 139776K,   0% used [0x00000000e0000000, 0x00000000e0000000, 0x00000000e8880000)
  from space 17472K,   0% used [0x00000000e9990000, 0x00000000e9990000, 0x00000000eaaa0000)
  to   space 17472K,   0% used [0x00000000e8880000, 0x00000000e8880000, 0x00000000e9990000)
 concurrent mark-sweep generation total 349568K, used 205856K [0x00000000eaaa0000, 0x0000000100000000, 0x0000000100000000)
 Metaspace       used 3957K, capacity 4568K, committed 4864K, reserved 1056768K
  class space    used 431K, capacity 460K, committed 512K, reserved 1048576K
2024-07-23T00:26:03.447+0800: 12.104: [GC (Allocation Failure) 2024-07-23T00:26:03.447+0800: 12.104: [ParNew
Desired survivor size 8945664 bytes, new threshold 6 (max 6)
: 0K->0K(157248K), 0.0020848 secs]2024-07-23T00:26:03.449+0800: 12.106: [CMS: 205856K->1056K(349568K), 0.0034589 secs] 205856K->1056K(506816K), [Metaspace: 3957K->3957K(1056768K)], 0.0056992 secs] [Times: user=0.00 sys=0.00, real=0.01 secs] 
Heap after GC invocations=270 (full 536):
 par new generation   total 157248K, used 0K [0x00000000e0000000, 0x00000000eaaa0000, 0x00000000eaaa0000)
  eden space 139776K,   0% used [0x00000000e0000000, 0x00000000e0000000, 0x00000000e8880000)
  from space 17472K,   0% used [0x00000000e8880000, 0x00000000e8880000, 0x00000000e9990000)
  to   space 17472K,   0% used [0x00000000e9990000, 0x00000000e9990000, 0x00000000eaaa0000)
 concurrent mark-sweep generation total 349568K, used 1056K [0x00000000eaaa0000, 0x0000000100000000, 0x0000000100000000)
 Metaspace       used 3957K, capacity 4568K, committed 4864K, reserved 1056768K
  class space    used 431K, capacity 460K, committed 512K, reserved 1048576K
}
2024-07-23T00:26:03.453+0800: 12.110: Total time for which application threads were stopped: 0.0058768 seconds, Stopping threads took: 0.0000282 seconds
2024-07-23T00:26:03.469+0800: 12.127: [GC (CMS Initial Mark) [1 CMS-initial-mark: 205856K(349568K)] 205856K(506816K), 0.0014207 secs] [Times: user=0.00 sys=0.00, real=0.00 secs] 
2024-07-23T00:26:03.471+0800: 12.128: Total time for which application threads were stopped: 0.0179137 seconds, Stopping threads took: 0.0164307 seconds
2024-07-23T00:26:03.471+0800: 12.128: [CMS-concurrent-mark-start]
2024-07-23T00:26:03.472+0800: 12.130: [CMS-concurrent-mark: 0.001/0.001 secs] [Times: user=0.00 sys=0.00, real=0.00 secs] 
2024-07-23T00:26:03.472+0800: 12.130: [CMS-concurrent-preclean-start]
2024-07-23T00:26:03.473+0800: 12.130: [CMS-concurrent-preclean: 0.000/0.000 secs] [Times: user=0.00 sys=0.00, real=0.00 secs] 
2024-07-23T00:26:03.473+0800: 12.130: [GC (CMS Final Remark) [YG occupancy: 0 K (157248 K)]2024-07-23T00:26:03.473+0800: 12.130: [Rescan (parallel) , 0.0007625 secs]2024-07-23T00:26:03.474+0800: 12.131: [weak refs processing, 0.0000080 secs]2024-07-23T00:26:03.474+0800: 12.131: [class unloading, 0.0001957 secs]2024-07-23T00:26:03.474+0800: 12.131: [scrub symbol table, 0.0003200 secs]2024-07-23T00:26:03.474+0800: 12.131: [scrub string table, 0.0000932 secs][1 CMS-remark: 205856K(349568K)] 205856K(506816K), 0.0014242 secs] [Times: user=0.00 sys=0.00, real=0.00 secs] 
2024-07-23T00:26:03.474+0800: 12.131: Total time for which application threads were stopped: 0.0014631 seconds, Stopping threads took: 0.0000139 seconds
2024-07-23T00:26:03.474+0800: 12.131: [CMS-concurrent-sweep-start]
2024-07-23T00:26:03.475+0800: 12.132: [CMS-concurrent-sweep: 0.000/0.000 secs] [Times: user=0.00 sys=0.00, real=0.00 secs] 
2024-07-23T00:26:03.475+0800: 12.132: [CMS-concurrent-reset-start]
2024-07-23T00:26:03.475+0800: 12.132: [CMS-concurrent-reset: 0.000/0.000 secs] [Times: user=0.00 sys=0.00, real=0.00 secs] 
{Heap before GC invocations=270 (full 537):
 par new generation   total 157248K, used 0K [0x00000000e0000000, 0x00000000eaaa0000, 0x00000000eaaa0000)
  eden space 139776K,   0% used [0x00000000e0000000, 0x00000000e0000000, 0x00000000e8880000)
  from space 17472K,   0% used [0x00000000e8880000, 0x00000000e8880000, 0x00000000e9990000)
  to   space 17472K,   0% used [0x00000000e9990000, 0x00000000e9990000, 0x00000000eaaa0000)
 concurrent mark-sweep generation total 349568K, used 205856K [0x00000000eaaa0000, 0x0000000100000000, 0x0000000100000000)
 Metaspace       used 3957K, capacity 4568K, committed 4864K, reserved 1056768K
  class space    used 431K, capacity 460K, committed 512K, reserved 1048576K
2024-07-23T00:26:03.495+0800: 12.152: [GC (Allocation Failure) 2024-07-23T00:26:03.495+0800: 12.152: [ParNew
Desired survivor size 8945664 bytes, new threshold 6 (max 6)
: 0K->0K(157248K), 0.0015190 secs]2024-07-23T00:26:03.497+0800: 12.154: [CMS: 205856K->1056K(349568K), 0.0035637 secs] 205856K->1056K(506816K), [Metaspace: 3957K->3957K(1056768K)], 0.0052342 secs] [Times: user=0.00 sys=0.00, real=0.01 secs] 
Heap after GC invocations=271 (full 538):
 par new generation   total 157248K, used 0K [0x00000000e0000000, 0x00000000eaaa0000, 0x00000000eaaa0000)
  eden space 139776K,   0% used [0x00000000e0000000, 0x00000000e0000000, 0x00000000e8880000)
  from space 17472K,   0% used [0x00000000e9990000, 0x00000000e9990000, 0x00000000eaaa0000)
  to   space 17472K,   0% used [0x00000000e8880000, 0x00000000e8880000, 0x00000000e9990000)
 concurrent mark-sweep generation total 349568K, used 1056K [0x00000000eaaa0000, 0x0000000100000000, 0x0000000100000000)
 Metaspace       used 3957K, capacity 4568K, committed 4864K, reserved 1056768K
  class space    used 431K, capacity 460K, committed 512K, reserved 1048576K
}
2024-07-23T00:26:03.500+0800: 12.157: Total time for which application threads were stopped: 0.0054228 seconds, Stopping threads took: 0.0000331 seconds
2024-07-23T00:26:03.520+0800: 12.176: [GC (CMS Initial Mark) [1 CMS-initial-mark: 205856K(349568K)] 205856K(506816K), 0.0002450 secs] [Times: user=0.00 sys=0.00, real=0.00 secs] 
2024-07-23T00:26:03.520+0800: 12.176: Total time for which application threads were stopped: 0.0189277 seconds, Stopping threads took: 0.0185858 seconds
2024-07-23T00:26:03.520+0800: 12.176: [CMS-concurrent-mark-start]
2024-07-23T00:26:03.521+0800: 12.178: [CMS-concurrent-mark: 0.001/0.001 secs] [Times: user=0.00 sys=0.00, real=0.00 secs] 
2024-07-23T00:26:03.521+0800: 12.178: [CMS-concurrent-preclean-start]
2024-07-23T00:26:03.522+0800: 12.178: [CMS-concurrent-preclean: 0.000/0.000 secs] [Times: user=0.00 sys=0.00, real=0.00 secs] 
2024-07-23T00:26:03.522+0800: 12.178: [GC (CMS Final Remark) [YG occupancy: 0 K (157248 K)]2024-07-23T00:26:03.522+0800: 12.178: [Rescan (parallel) , 0.0001633 secs]2024-07-23T00:26:03.522+0800: 12.178: [weak refs processing, 0.0000117 secs]2024-07-23T00:26:03.522+0800: 12.178: [class unloading, 0.0002040 secs]2024-07-23T00:26:03.522+0800: 12.179: [scrub symbol table, 0.0003331 secs]2024-07-23T00:26:03.522+0800: 12.179: [scrub string table, 0.0000957 secs][1 CMS-remark: 205856K(349568K)] 205856K(506816K), 0.0008545 secs] [Times: user=0.00 sys=0.00, real=0.00 secs] 
2024-07-23T00:26:03.522+0800: 12.179: Total time for which application threads were stopped: 0.0009107 seconds, Stopping threads took: 0.0000219 seconds
2024-07-23T00:26:03.523+0800: 12.179: [CMS-concurrent-sweep-start]
2024-07-23T00:26:03.523+0800: 12.179: [CMS-concurrent-sweep: 0.000/0.000 secs] [Times: user=0.00 sys=0.00, real=0.00 secs] 
2024-07-23T00:26:03.523+0800: 12.179: [CMS-concurrent-reset-start]
2024-07-23T00:26:03.523+0800: 12.180: [CMS-concurrent-reset: 0.000/0.000 secs] [Times: user=0.00 sys=0.00, real=0.00 secs] 
{Heap before GC invocations=271 (full 539):
 par new generation   total 157248K, used 0K [0x00000000e0000000, 0x00000000eaaa0000, 0x00000000eaaa0000)
  eden space 139776K,   0% used [0x00000000e0000000, 0x00000000e0000000, 0x00000000e8880000)
  from space 17472K,   0% used [0x00000000e9990000, 0x00000000e9990000, 0x00000000eaaa0000)
  to   space 17472K,   0% used [0x00000000e8880000, 0x00000000e8880000, 0x00000000e9990000)
 concurrent mark-sweep generation total 349568K, used 205856K [0x00000000eaaa0000, 0x0000000100000000, 0x0000000100000000)
 Metaspace       used 3957K, capacity 4568K, committed 4864K, reserved 1056768K
  class space    used 431K, capacity 460K, committed 512K, reserved 1048576K
2024-07-23T00:26:03.541+0800: 12.198: [GC (Allocation Failure) 2024-07-23T00:26:03.541+0800: 12.198: [ParNew
Desired survivor size 8945664 bytes, new threshold 6 (max 6)
: 0K->0K(157248K), 0.0018215 secs]2024-07-23T00:26:03.543+0800: 12.200: [CMS: 205856K->1056K(349568K), 0.0048658 secs] 205856K->1056K(506816K), [Metaspace: 3957K->3957K(1056768K)], 0.0068802 secs] [Times: user=0.00 sys=0.00, real=0.01 secs] 
Heap after GC invocations=272 (full 540):
 par new generation   total 157248K, used 0K [0x00000000e0000000, 0x00000000eaaa0000, 0x00000000eaaa0000)
  eden space 139776K,   0% used [0x00000000e0000000, 0x00000000e0000000, 0x00000000e8880000)
  from space 17472K,   0% used [0x00000000e8880000, 0x00000000e8880000, 0x00000000e9990000)
  to   space 17472K,   0% used [0x00000000e9990000, 0x00000000e9990000, 0x00000000eaaa0000)
 concurrent mark-sweep generation total 349568K, used 1056K [0x00000000eaaa0000, 0x0000000100000000, 0x0000000100000000)
 Metaspace       used 3957K, capacity 4568K, committed 4864K, reserved 1056768K
  class space    used 431K, capacity 460K, committed 512K, reserved 1048576K
}
2024-07-23T00:26:03.547+0800: 12.205: Total time for which application threads were stopped: 0.0071049 seconds, Stopping threads took: 0.0000349 seconds
2024-07-23T00:26:03.565+0800: 12.223: [GC (CMS Initial Mark) [1 CMS-initial-mark: 205856K(349568K)] 205856K(506816K), 0.0009364 secs] [Times: user=0.00 sys=0.00, real=0.00 secs] 
2024-07-23T00:26:03.566+0800: 12.223: Total time for which application threads were stopped: 0.0186822 seconds, Stopping threads took: 0.0176938 seconds
2024-07-23T00:26:03.566+0800: 12.223: [CMS-concurrent-mark-start]
2024-07-23T00:26:03.568+0800: 12.225: [CMS-concurrent-mark: 0.001/0.001 secs] [Times: user=0.00 sys=0.00, real=0.00 secs] 
2024-07-23T00:26:03.568+0800: 12.225: [CMS-concurrent-preclean-start]
2024-07-23T00:26:03.568+0800: 12.225: [CMS-concurrent-preclean: 0.000/0.000 secs] [Times: user=0.00 sys=0.00, real=0.00 secs] 
2024-07-23T00:26:03.568+0800: 12.225: [GC (CMS Final Remark) [YG occupancy: 0 K (157248 K)]2024-07-23T00:26:03.568+0800: 12.225: [Rescan (parallel) , 0.0004126 secs]2024-07-23T00:26:03.569+0800: 12.226: [weak refs processing, 0.0000122 secs]2024-07-23T00:26:03.569+0800: 12.226: [class unloading, 0.0003577 secs]2024-07-23T00:26:03.569+0800: 12.226: [scrub symbol table, 0.0004109 secs]2024-07-23T00:26:03.569+0800: 12.226: [scrub string table, 0.0001234 secs][1 CMS-remark: 205856K(349568K)] 205856K(506816K), 0.0013748 secs] [Times: user=0.00 sys=0.00, real=0.00 secs] 
2024-07-23T00:26:03.570+0800: 12.227: Total time for which application threads were stopped: 0.0014259 seconds, Stopping threads took: 0.0000143 seconds
2024-07-23T00:26:03.570+0800: 12.227: [CMS-concurrent-sweep-start]
2024-07-23T00:26:03.570+0800: 12.227: [CMS-concurrent-sweep: 0.000/0.000 secs] [Times: user=0.00 sys=0.00, real=0.00 secs] 
2024-07-23T00:26:03.570+0800: 12.227: [CMS-concurrent-reset-start]
2024-07-23T00:26:03.570+0800: 12.227: [CMS-concurrent-reset: 0.000/0.000 secs] [Times: user=0.00 sys=0.00, real=0.00 secs] 
{Heap before GC invocations=272 (full 541):
 par new generation   total 157248K, used 0K [0x00000000e0000000, 0x00000000eaaa0000, 0x00000000eaaa0000)
  eden space 139776K,   0% used [0x00000000e0000000, 0x00000000e0000000, 0x00000000e8880000)
  from space 17472K,   0% used [0x00000000e8880000, 0x00000000e8880000, 0x00000000e9990000)
  to   space 17472K,   0% used [0x00000000e9990000, 0x00000000e9990000, 0x00000000eaaa0000)
 concurrent mark-sweep generation total 349568K, used 205856K [0x00000000eaaa0000, 0x0000000100000000, 0x0000000100000000)
 Metaspace       used 3957K, capacity 4568K, committed 4864K, reserved 1056768K
  class space    used 431K, capacity 460K, committed 512K, reserved 1048576K
2024-07-23T00:26:03.588+0800: 12.245: [GC (Allocation Failure) 2024-07-23T00:26:03.588+0800: 12.245: [ParNew
Desired survivor size 8945664 bytes, new threshold 6 (max 6)
: 0K->0K(157248K), 0.0011360 secs]2024-07-23T00:26:03.589+0800: 12.246: [CMS: 205856K->1056K(349568K), 0.0024395 secs] 205856K->1056K(506816K), [Metaspace: 3957K->3957K(1056768K)], 0.0037050 secs] [Times: user=0.00 sys=0.00, real=0.00 secs] 
Heap after GC invocations=273 (full 542):
 par new generation   total 157248K, used 0K [0x00000000e0000000, 0x00000000eaaa0000, 0x00000000eaaa0000)
  eden space 139776K,   0% used [0x00000000e0000000, 0x00000000e0000000, 0x00000000e8880000)
  from space 17472K,   0% used [0x00000000e9990000, 0x00000000e9990000, 0x00000000eaaa0000)
  to   space 17472K,   0% used [0x00000000e8880000, 0x00000000e8880000, 0x00000000e9990000)
 concurrent mark-sweep generation total 349568K, used 1056K [0x00000000eaaa0000, 0x0000000100000000, 0x0000000100000000)
 Metaspace       used 3957K, capacity 4568K, committed 4864K, reserved 1056768K
  class space    used 431K, capacity 460K, committed 512K, reserved 1048576K
}
2024-07-23T00:26:03.592+0800: 12.249: Total time for which application threads were stopped: 0.0038415 seconds, Stopping threads took: 0.0000308 seconds
2024-07-23T00:26:03.610+0800: 12.266: [GC (CMS Initial Mark) [1 CMS-initial-mark: 205856K(349568K)] 205856K(506816K), 0.0002312 secs] [Times: user=0.00 sys=0.00, real=0.00 secs] 
2024-07-23T00:26:03.610+0800: 12.267: Total time for which application threads were stopped: 0.0181411 seconds, Stopping threads took: 0.0178257 seconds
2024-07-23T00:26:03.610+0800: 12.267: [CMS-concurrent-mark-start]
2024-07-23T00:26:03.611+0800: 12.268: [CMS-concurrent-mark: 0.001/0.001 secs] [Times: user=0.00 sys=0.00, real=0.00 secs] 
2024-07-23T00:26:03.611+0800: 12.268: [CMS-concurrent-preclean-start]
2024-07-23T00:26:03.612+0800: 12.269: [CMS-concurrent-preclean: 0.000/0.000 secs] [Times: user=0.00 sys=0.00, real=0.00 secs] 
2024-07-23T00:26:03.612+0800: 12.269: [GC (CMS Final Remark) [YG occupancy: 0 K (157248 K)]2024-07-23T00:26:03.612+0800: 12.269: [Rescan (parallel) , 0.0002198 secs]2024-07-23T00:26:03.612+0800: 12.269: [weak refs processing, 0.0000090 secs]2024-07-23T00:26:03.612+0800: 12.269: [class unloading, 0.0002092 secs]2024-07-23T00:26:03.612+0800: 12.269: [scrub symbol table, 0.0003364 secs]2024-07-23T00:26:03.613+0800: 12.270: [scrub string table, 0.0000968 secs][1 CMS-remark: 205856K(349568K)] 205856K(506816K), 0.0009145 secs] [Times: user=0.00 sys=0.00, real=0.00 secs] 
2024-07-23T00:26:03.613+0800: 12.270: Total time for which application threads were stopped: 0.0009731 seconds, Stopping threads took: 0.0000199 seconds
2024-07-23T00:26:03.613+0800: 12.270: [CMS-concurrent-sweep-start]
2024-07-23T00:26:03.613+0800: 12.270: [CMS-concurrent-sweep: 0.000/0.000 secs] [Times: user=0.00 sys=0.00, real=0.00 secs] 
2024-07-23T00:26:03.613+0800: 12.270: [CMS-concurrent-reset-start]
2024-07-23T00:26:03.614+0800: 12.270: [CMS-concurrent-reset: 0.000/0.000 secs] [Times: user=0.00 sys=0.00, real=0.00 secs] 
{Heap before GC invocations=273 (full 543):
 par new generation   total 157248K, used 0K [0x00000000e0000000, 0x00000000eaaa0000, 0x00000000eaaa0000)
  eden space 139776K,   0% used [0x00000000e0000000, 0x00000000e0000000, 0x00000000e8880000)
  from space 17472K,   0% used [0x00000000e9990000, 0x00000000e9990000, 0x00000000eaaa0000)
  to   space 17472K,   0% used [0x00000000e8880000, 0x00000000e8880000, 0x00000000e9990000)
 concurrent mark-sweep generation total 349568K, used 205856K [0x00000000eaaa0000, 0x0000000100000000, 0x0000000100000000)
 Metaspace       used 3957K, capacity 4568K, committed 4864K, reserved 1056768K
  class space    used 431K, capacity 460K, committed 512K, reserved 1048576K
2024-07-23T00:26:03.634+0800: 12.291: [GC (Allocation Failure) 2024-07-23T00:26:03.634+0800: 12.291: [ParNew
Desired survivor size 8945664 bytes, new threshold 6 (max 6)
: 0K->0K(157248K), 0.0021954 secs]2024-07-23T00:26:03.636+0800: 12.294: [CMS: 205856K->1056K(349568K), 0.0027003 secs] 205856K->1056K(506816K), [Metaspace: 3957K->3957K(1056768K)], 0.0051265 secs] [Times: user=0.01 sys=0.00, real=0.00 secs] 
Heap after GC invocations=274 (full 544):
 par new generation   total 157248K, used 0K [0x00000000e0000000, 0x00000000eaaa0000, 0x00000000eaaa0000)
  eden space 139776K,   0% used [0x00000000e0000000, 0x00000000e0000000, 0x00000000e8880000)
  from space 17472K,   0% used [0x00000000e8880000, 0x00000000e8880000, 0x00000000e9990000)
  to   space 17472K,   0% used [0x00000000e9990000, 0x00000000e9990000, 0x00000000eaaa0000)
 concurrent mark-sweep generation total 349568K, used 1056K [0x00000000eaaa0000, 0x0000000100000000, 0x0000000100000000)
 Metaspace       used 3957K, capacity 4568K, committed 4864K, reserved 1056768K
  class space    used 431K, capacity 460K, committed 512K, reserved 1048576K
}
2024-07-23T00:26:03.639+0800: 12.296: Total time for which application threads were stopped: 0.0053121 seconds, Stopping threads took: 0.0000391 seconds
2024-07-23T00:26:03.658+0800: 12.315: [GC (CMS Initial Mark) [1 CMS-initial-mark: 205856K(349568K)] 205856K(506816K), 0.0012021 secs] [Times: user=0.00 sys=0.00, real=0.00 secs] 
2024-07-23T00:26:03.659+0800: 12.316: Total time for which application threads were stopped: 0.0193881 seconds, Stopping threads took: 0.0181282 seconds
2024-07-23T00:26:03.659+0800: 12.316: [CMS-concurrent-mark-start]
2024-07-23T00:26:03.661+0800: 12.318: [CMS-concurrent-mark: 0.002/0.002 secs] [Times: user=0.00 sys=0.00, real=0.00 secs] 
2024-07-23T00:26:03.661+0800: 12.318: [CMS-concurrent-preclean-start]
2024-07-23T00:26:03.661+0800: 12.318: [CMS-concurrent-preclean: 0.000/0.000 secs] [Times: user=0.00 sys=0.00, real=0.00 secs] 
2024-07-23T00:26:03.661+0800: 12.318: [GC (CMS Final Remark) [YG occupancy: 0 K (157248 K)]2024-07-23T00:26:03.661+0800: 12.318: [Rescan (parallel) , 0.0008028 secs]2024-07-23T00:26:03.662+0800: 12.319: [weak refs processing, 0.0000094 secs]2024-07-23T00:26:03.662+0800: 12.319: [class unloading, 0.0002324 secs]2024-07-23T00:26:03.662+0800: 12.319: [scrub symbol table, 0.0004239 secs]2024-07-23T00:26:03.663+0800: 12.319: [scrub string table, 0.0001083 secs][1 CMS-remark: 205856K(349568K)] 205856K(506816K), 0.0016232 secs] [Times: user=0.00 sys=0.00, real=0.00 secs] 
2024-07-23T00:26:03.663+0800: 12.320: Total time for which application threads were stopped: 0.0016605 seconds, Stopping threads took: 0.0000130 seconds
2024-07-23T00:26:03.663+0800: 12.320: [CMS-concurrent-sweep-start]
2024-07-23T00:26:03.663+0800: 12.320: [CMS-concurrent-sweep: 0.000/0.000 secs] [Times: user=0.00 sys=0.00, real=0.00 secs] 
2024-07-23T00:26:03.663+0800: 12.320: [CMS-concurrent-reset-start]
2024-07-23T00:26:03.664+0800: 12.320: [CMS-concurrent-reset: 0.000/0.000 secs] [Times: user=0.00 sys=0.00, real=0.00 secs] 
{Heap before GC invocations=274 (full 545):
 par new generation   total 157248K, used 0K [0x00000000e0000000, 0x00000000eaaa0000, 0x00000000eaaa0000)
  eden space 139776K,   0% used [0x00000000e0000000, 0x00000000e0000000, 0x00000000e8880000)
  from space 17472K,   0% used [0x00000000e8880000, 0x00000000e8880000, 0x00000000e9990000)
  to   space 17472K,   0% used [0x00000000e9990000, 0x00000000e9990000, 0x00000000eaaa0000)
 concurrent mark-sweep generation total 349568K, used 205856K [0x00000000eaaa0000, 0x0000000100000000, 0x0000000100000000)
 Metaspace       used 3957K, capacity 4568K, committed 4864K, reserved 1056768K
  class space    used 431K, capacity 460K, committed 512K, reserved 1048576K
2024-07-23T00:26:03.681+0800: 12.338: [GC (Allocation Failure) 2024-07-23T00:26:03.681+0800: 12.338: [ParNew
Desired survivor size 8945664 bytes, new threshold 6 (max 6)
: 0K->0K(157248K), 0.0010318 secs]2024-07-23T00:26:03.682+0800: 12.339: [CMS: 205856K->1056K(349568K), 0.0038521 secs] 205856K->1056K(506816K), [Metaspace: 3957K->3957K(1056768K)], 0.0050203 secs] [Times: user=0.00 sys=0.00, real=0.01 secs] 
Heap after GC invocations=275 (full 546):
 par new generation   total 157248K, used 0K [0x00000000e0000000, 0x00000000eaaa0000, 0x00000000eaaa0000)
  eden space 139776K,   0% used [0x00000000e0000000, 0x00000000e0000000, 0x00000000e8880000)
  from space 17472K,   0% used [0x00000000e9990000, 0x00000000e9990000, 0x00000000eaaa0000)
  to   space 17472K,   0% used [0x00000000e8880000, 0x00000000e8880000, 0x00000000e9990000)
 concurrent mark-sweep generation total 349568K, used 1056K [0x00000000eaaa0000, 0x0000000100000000, 0x0000000100000000)
 Metaspace       used 3957K, capacity 4568K, committed 4864K, reserved 1056768K
  class space    used 431K, capacity 460K, committed 512K, reserved 1048576K
}
2024-07-23T00:26:03.686+0800: 12.343: Total time for which application threads were stopped: 0.0051746 seconds, Stopping threads took: 0.0000318 seconds
2024-07-23T00:26:03.704+0800: 12.361: [GC (CMS Initial Mark) [1 CMS-initial-mark: 205856K(349568K)] 205856K(506816K), 0.0013035 secs] [Times: user=0.00 sys=0.00, real=0.00 secs] 
2024-07-23T00:26:03.706+0800: 12.362: Total time for which application threads were stopped: 0.0196805 seconds, Stopping threads took: 0.0183230 seconds
2024-07-23T00:26:03.706+0800: 12.363: [CMS-concurrent-mark-start]
2024-07-23T00:26:03.707+0800: 12.364: [CMS-concurrent-mark: 0.001/0.001 secs] [Times: user=0.00 sys=0.00, real=0.00 secs] 
2024-07-23T00:26:03.707+0800: 12.364: [CMS-concurrent-preclean-start]
2024-07-23T00:26:03.707+0800: 12.364: [CMS-concurrent-preclean: 0.000/0.000 secs] [Times: user=0.00 sys=0.00, real=0.00 secs] 
2024-07-23T00:26:03.707+0800: 12.364: [GC (CMS Final Remark) [YG occupancy: 0 K (157248 K)]2024-07-23T00:26:03.707+0800: 12.364: [Rescan (parallel) , 0.0003813 secs]2024-07-23T00:26:03.708+0800: 12.365: [weak refs processing, 0.0000065 secs]2024-07-23T00:26:03.708+0800: 12.365: [class unloading, 0.0001974 secs]2024-07-23T00:26:03.708+0800: 12.365: [scrub symbol table, 0.0003224 secs]2024-07-23T00:26:03.708+0800: 12.365: [scrub string table, 0.0000920 secs][1 CMS-remark: 205856K(349568K)] 205856K(506816K), 0.0010332 secs] [Times: user=0.00 sys=0.00, real=0.00 secs] 
2024-07-23T00:26:03.708+0800: 12.365: Total time for which application threads were stopped: 0.0010676 seconds, Stopping threads took: 0.0000110 seconds
2024-07-23T00:26:03.708+0800: 12.365: [CMS-concurrent-sweep-start]
2024-07-23T00:26:03.709+0800: 12.365: [CMS-concurrent-sweep: 0.000/0.000 secs] [Times: user=0.00 sys=0.00, real=0.00 secs] 
2024-07-23T00:26:03.709+0800: 12.365: [CMS-concurrent-reset-start]
2024-07-23T00:26:03.709+0800: 12.366: [CMS-concurrent-reset: 0.000/0.000 secs] [Times: user=0.00 sys=0.00, real=0.00 secs] 
{Heap before GC invocations=275 (full 547):
 par new generation   total 157248K, used 0K [0x00000000e0000000, 0x00000000eaaa0000, 0x00000000eaaa0000)
  eden space 139776K,   0% used [0x00000000e0000000, 0x00000000e0000000, 0x00000000e8880000)
  from space 17472K,   0% used [0x00000000e9990000, 0x00000000e9990000, 0x00000000eaaa0000)
  to   space 17472K,   0% used [0x00000000e8880000, 0x00000000e8880000, 0x00000000e9990000)
 concurrent mark-sweep generation total 349568K, used 205856K [0x00000000eaaa0000, 0x0000000100000000, 0x0000000100000000)
 Metaspace       used 3957K, capacity 4568K, committed 4864K, reserved 1056768K
  class space    used 431K, capacity 460K, committed 512K, reserved 1048576K
2024-07-23T00:26:03.728+0800: 12.385: [GC (Allocation Failure) 2024-07-23T00:26:03.728+0800: 12.385: [ParNew
Desired survivor size 8945664 bytes, new threshold 6 (max 6)
: 0K->0K(157248K), 0.0031469 secs]2024-07-23T00:26:03.731+0800: 12.388: [CMS: 205856K->1056K(349568K), 0.0040131 secs] 205856K->1056K(506816K), [Metaspace: 3957K->3957K(1056768K)], 0.0074525 secs] [Times: user=0.00 sys=0.01, real=0.01 secs] 
Heap after GC invocations=276 (full 548):
 par new generation   total 157248K, used 0K [0x00000000e0000000, 0x00000000eaaa0000, 0x00000000eaaa0000)
  eden space 139776K,   0% used [0x00000000e0000000, 0x00000000e0000000, 0x00000000e8880000)
  from space 17472K,   0% used [0x00000000e8880000, 0x00000000e8880000, 0x00000000e9990000)
  to   space 17472K,   0% used [0x00000000e9990000, 0x00000000e9990000, 0x00000000eaaa0000)
 concurrent mark-sweep generation total 349568K, used 1056K [0x00000000eaaa0000, 0x0000000100000000, 0x0000000100000000)
 Metaspace       used 3957K, capacity 4568K, committed 4864K, reserved 1056768K
  class space    used 431K, capacity 460K, committed 512K, reserved 1048576K
}
2024-07-23T00:26:03.735+0800: 12.392: Total time for which application threads were stopped: 0.0076409 seconds, Stopping threads took: 0.0000327 seconds
2024-07-23T00:26:03.752+0800: 12.410: [GC (CMS Initial Mark) [1 CMS-initial-mark: 205856K(349568K)] 205856K(506816K), 0.0009112 secs] [Times: user=0.00 sys=0.00, real=0.00 secs] 
2024-07-23T00:26:03.753+0800: 12.411: Total time for which application threads were stopped: 0.0180660 seconds, Stopping threads took: 0.0171001 seconds
2024-07-23T00:26:03.753+0800: 12.411: [CMS-concurrent-mark-start]
2024-07-23T00:26:03.755+0800: 12.412: [CMS-concurrent-mark: 0.002/0.002 secs] [Times: user=0.00 sys=0.00, real=0.00 secs] 
2024-07-23T00:26:03.755+0800: 12.412: [CMS-concurrent-preclean-start]
2024-07-23T00:26:03.755+0800: 12.412: [CMS-concurrent-preclean: 0.000/0.000 secs] [Times: user=0.00 sys=0.00, real=0.00 secs] 
2024-07-23T00:26:03.755+0800: 12.412: [GC (CMS Final Remark) [YG occupancy: 0 K (157248 K)]2024-07-23T00:26:03.755+0800: 12.413: [Rescan (parallel) , 0.0003529 secs]2024-07-23T00:26:03.756+0800: 12.413: [weak refs processing, 0.0000093 secs]2024-07-23T00:26:03.756+0800: 12.413: [class unloading, 0.0002197 secs]2024-07-23T00:26:03.756+0800: 12.413: [scrub symbol table, 0.0003550 secs]2024-07-23T00:26:03.756+0800: 12.413: [scrub string table, 0.0000991 secs][1 CMS-remark: 205856K(349568K)] 205856K(506816K), 0.0010818 secs] [Times: user=0.00 sys=0.00, real=0.00 secs] 
2024-07-23T00:26:03.756+0800: 12.414: Total time for which application threads were stopped: 0.0011264 seconds, Stopping threads took: 0.0000184 seconds
2024-07-23T00:26:03.756+0800: 12.414: [CMS-concurrent-sweep-start]
2024-07-23T00:26:03.757+0800: 12.414: [CMS-concurrent-sweep: 0.000/0.000 secs] [Times: user=0.00 sys=0.00, real=0.00 secs] 
2024-07-23T00:26:03.757+0800: 12.414: [CMS-concurrent-reset-start]
2024-07-23T00:26:03.757+0800: 12.414: [CMS-concurrent-reset: 0.000/0.000 secs] [Times: user=0.00 sys=0.00, real=0.00 secs] 
{Heap before GC invocations=276 (full 549):
 par new generation   total 157248K, used 0K [0x00000000e0000000, 0x00000000eaaa0000, 0x00000000eaaa0000)
  eden space 139776K,   0% used [0x00000000e0000000, 0x00000000e0000000, 0x00000000e8880000)
  from space 17472K,   0% used [0x00000000e8880000, 0x00000000e8880000, 0x00000000e9990000)
  to   space 17472K,   0% used [0x00000000e9990000, 0x00000000e9990000, 0x00000000eaaa0000)
 concurrent mark-sweep generation total 349568K, used 205856K [0x00000000eaaa0000, 0x0000000100000000, 0x0000000100000000)
 Metaspace       used 3957K, capacity 4568K, committed 4864K, reserved 1056768K
  class space    used 431K, capacity 460K, committed 512K, reserved 1048576K
2024-07-23T00:26:03.774+0800: 12.431: [GC (Allocation Failure) 2024-07-23T00:26:03.774+0800: 12.431: [ParNew
Desired survivor size 8945664 bytes, new threshold 6 (max 6)
: 0K->0K(157248K), 0.0005509 secs]2024-07-23T00:26:03.775+0800: 12.432: [CMS: 205856K->1056K(349568K), 0.0029981 secs] 205856K->1056K(506816K), [Metaspace: 3957K->3957K(1056768K)], 0.0036548 secs] [Times: user=0.00 sys=0.00, real=0.00 secs] 
Heap after GC invocations=277 (full 550):
 par new generation   total 157248K, used 0K [0x00000000e0000000, 0x00000000eaaa0000, 0x00000000eaaa0000)
  eden space 139776K,   0% used [0x00000000e0000000, 0x00000000e0000000, 0x00000000e8880000)
  from space 17472K,   0% used [0x00000000e9990000, 0x00000000e9990000, 0x00000000eaaa0000)
  to   space 17472K,   0% used [0x00000000e8880000, 0x00000000e8880000, 0x00000000e9990000)
 concurrent mark-sweep generation total 349568K, used 1056K [0x00000000eaaa0000, 0x0000000100000000, 0x0000000100000000)
 Metaspace       used 3957K, capacity 4568K, committed 4864K, reserved 1056768K
  class space    used 431K, capacity 460K, committed 512K, reserved 1048576K
}
2024-07-23T00:26:03.778+0800: 12.435: Total time for which application threads were stopped: 0.0037974 seconds, Stopping threads took: 0.0000443 seconds
2024-07-23T00:26:03.795+0800: 12.452: [GC (CMS Initial Mark) [1 CMS-initial-mark: 205856K(349568K)] 205856K(506816K), 0.0007295 secs] [Times: user=0.00 sys=0.00, real=0.00 secs] 
2024-07-23T00:26:03.796+0800: 12.453: Total time for which application threads were stopped: 0.0182034 seconds, Stopping threads took: 0.0173853 seconds
2024-07-23T00:26:03.796+0800: 12.453: [CMS-concurrent-mark-start]
2024-07-23T00:26:03.797+0800: 12.454: [CMS-concurrent-mark: 0.001/0.001 secs] [Times: user=0.00 sys=0.00, real=0.00 secs] 
2024-07-23T00:26:03.797+0800: 12.454: [CMS-concurrent-preclean-start]
2024-07-23T00:26:03.797+0800: 12.455: [CMS-concurrent-preclean: 0.000/0.000 secs] [Times: user=0.00 sys=0.00, real=0.00 secs] 
2024-07-23T00:26:03.797+0800: 12.455: [GC (CMS Final Remark) [YG occupancy: 0 K (157248 K)]2024-07-23T00:26:03.797+0800: 12.455: [Rescan (parallel) , 0.0003289 secs]2024-07-23T00:26:03.798+0800: 12.455: [weak refs processing, 0.0000086 secs]2024-07-23T00:26:03.798+0800: 12.455: [class unloading, 0.0002210 secs]2024-07-23T00:26:03.798+0800: 12.455: [scrub symbol table, 0.0003667 secs]2024-07-23T00:26:03.798+0800: 12.456: [scrub string table, 0.0001078 secs][1 CMS-remark: 205856K(349568K)] 205856K(506816K), 0.0010705 secs] [Times: user=0.00 sys=0.00, real=0.00 secs] 
2024-07-23T00:26:03.798+0800: 12.456: Total time for which application threads were stopped: 0.0011113 seconds, Stopping threads took: 0.0000133 seconds
2024-07-23T00:26:03.798+0800: 12.456: [CMS-concurrent-sweep-start]
2024-07-23T00:26:03.799+0800: 12.456: [CMS-concurrent-sweep: 0.000/0.000 secs] [Times: user=0.00 sys=0.00, real=0.00 secs] 
2024-07-23T00:26:03.799+0800: 12.456: [CMS-concurrent-reset-start]
2024-07-23T00:26:03.799+0800: 12.456: [CMS-concurrent-reset: 0.000/0.000 secs] [Times: user=0.00 sys=0.00, real=0.00 secs] 
{Heap before GC invocations=277 (full 551):
 par new generation   total 157248K, used 0K [0x00000000e0000000, 0x00000000eaaa0000, 0x00000000eaaa0000)
  eden space 139776K,   0% used [0x00000000e0000000, 0x00000000e0000000, 0x00000000e8880000)
  from space 17472K,   0% used [0x00000000e9990000, 0x00000000e9990000, 0x00000000eaaa0000)
  to   space 17472K,   0% used [0x00000000e8880000, 0x00000000e8880000, 0x00000000e9990000)
 concurrent mark-sweep generation total 349568K, used 205856K [0x00000000eaaa0000, 0x0000000100000000, 0x0000000100000000)
 Metaspace       used 3957K, capacity 4568K, committed 4864K, reserved 1056768K
  class space    used 431K, capacity 460K, committed 512K, reserved 1048576K
2024-07-23T00:26:03.821+0800: 12.478: [GC (Allocation Failure) 2024-07-23T00:26:03.821+0800: 12.478: [ParNew
Desired survivor size 8945664 bytes, new threshold 6 (max 6)
: 0K->0K(157248K), 0.0025083 secs]2024-07-23T00:26:03.824+0800: 12.481: [CMS: 205856K->1056K(349568K), 0.0041574 secs] 205856K->1056K(506816K), [Metaspace: 3957K->3957K(1056768K)], 0.0068696 secs] [Times: user=0.02 sys=0.00, real=0.01 secs] 
Heap after GC invocations=278 (full 552):
 par new generation   total 157248K, used 0K [0x00000000e0000000, 0x00000000eaaa0000, 0x00000000eaaa0000)
  eden space 139776K,   0% used [0x00000000e0000000, 0x00000000e0000000, 0x00000000e8880000)
  from space 17472K,   0% used [0x00000000e8880000, 0x00000000e8880000, 0x00000000e9990000)
  to   space 17472K,   0% used [0x00000000e9990000, 0x00000000e9990000, 0x00000000eaaa0000)
 concurrent mark-sweep generation total 349568K, used 1056K [0x00000000eaaa0000, 0x0000000100000000, 0x0000000100000000)
 Metaspace       used 3957K, capacity 4568K, committed 4864K, reserved 1056768K
  class space    used 431K, capacity 460K, committed 512K, reserved 1048576K
}
2024-07-23T00:26:03.828+0800: 12.485: Total time for which application threads were stopped: 0.0070975 seconds, Stopping threads took: 0.0000390 seconds
2024-07-23T00:26:03.846+0800: 12.503: [GC (CMS Initial Mark) [1 CMS-initial-mark: 205856K(349568K)] 205856K(506816K), 0.0004356 secs] [Times: user=0.00 sys=0.00, real=0.00 secs] 
2024-07-23T00:26:03.846+0800: 12.504: Total time for which application threads were stopped: 0.0183259 seconds, Stopping threads took: 0.0178213 seconds
2024-07-23T00:26:03.846+0800: 12.504: [CMS-concurrent-mark-start]
2024-07-23T00:26:03.848+0800: 12.505: [CMS-concurrent-mark: 0.002/0.002 secs] [Times: user=0.00 sys=0.00, real=0.00 secs] 
2024-07-23T00:26:03.848+0800: 12.505: [CMS-concurrent-preclean-start]
2024-07-23T00:26:03.848+0800: 12.506: [CMS-concurrent-preclean: 0.000/0.000 secs] [Times: user=0.00 sys=0.00, real=0.00 secs] 
2024-07-23T00:26:03.848+0800: 12.506: [GC (CMS Final Remark) [YG occupancy: 0 K (157248 K)]2024-07-23T00:26:03.848+0800: 12.506: [Rescan (parallel) , 0.0004406 secs]2024-07-23T00:26:03.849+0800: 12.506: [weak refs processing, 0.0000139 secs]2024-07-23T00:26:03.849+0800: 12.506: [class unloading, 0.0003102 secs]2024-07-23T00:26:03.849+0800: 12.506: [scrub symbol table, 0.0004076 secs]2024-07-23T00:26:03.849+0800: 12.507: [scrub string table, 0.0001026 secs][1 CMS-remark: 205856K(349568K)] 205856K(506816K), 0.0013407 secs] [Times: user=0.00 sys=0.00, real=0.00 secs] 
2024-07-23T00:26:03.849+0800: 12.507: Total time for which application threads were stopped: 0.0014161 seconds, Stopping threads took: 0.0000441 seconds
2024-07-23T00:26:03.849+0800: 12.507: [CMS-concurrent-sweep-start]
2024-07-23T00:26:03.850+0800: 12.507: [CMS-concurrent-sweep: 0.000/0.000 secs] [Times: user=0.00 sys=0.00, real=0.00 secs] 
2024-07-23T00:26:03.850+0800: 12.507: [CMS-concurrent-reset-start]
2024-07-23T00:26:03.850+0800: 12.508: [CMS-concurrent-reset: 0.000/0.000 secs] [Times: user=0.00 sys=0.00, real=0.00 secs] 
{Heap before GC invocations=278 (full 553):
 par new generation   total 157248K, used 0K [0x00000000e0000000, 0x00000000eaaa0000, 0x00000000eaaa0000)
  eden space 139776K,   0% used [0x00000000e0000000, 0x00000000e0000000, 0x00000000e8880000)
  from space 17472K,   0% used [0x00000000e8880000, 0x00000000e8880000, 0x00000000e9990000)
  to   space 17472K,   0% used [0x00000000e9990000, 0x00000000e9990000, 0x00000000eaaa0000)
 concurrent mark-sweep generation total 349568K, used 205856K [0x00000000eaaa0000, 0x0000000100000000, 0x0000000100000000)
 Metaspace       used 3957K, capacity 4568K, committed 4864K, reserved 1056768K
  class space    used 431K, capacity 460K, committed 512K, reserved 1048576K
2024-07-23T00:26:03.868+0800: 12.525: [GC (Allocation Failure) 2024-07-23T00:26:03.868+0800: 12.525: [ParNew
Desired survivor size 8945664 bytes, new threshold 6 (max 6)
: 0K->0K(157248K), 0.0008470 secs]2024-07-23T00:26:03.868+0800: 12.525: [CMS: 205856K->1056K(349568K), 0.0025711 secs] 205856K->1056K(506816K), [Metaspace: 3957K->3957K(1056768K)], 0.0035553 secs] [Times: user=0.00 sys=0.00, real=0.00 secs] 
Heap after GC invocations=279 (full 554):
 par new generation   total 157248K, used 0K [0x00000000e0000000, 0x00000000eaaa0000, 0x00000000eaaa0000)
  eden space 139776K,   0% used [0x00000000e0000000, 0x00000000e0000000, 0x00000000e8880000)
  from space 17472K,   0% used [0x00000000e9990000, 0x00000000e9990000, 0x00000000eaaa0000)
  to   space 17472K,   0% used [0x00000000e8880000, 0x00000000e8880000, 0x00000000e9990000)
 concurrent mark-sweep generation total 349568K, used 1056K [0x00000000eaaa0000, 0x0000000100000000, 0x0000000100000000)
 Metaspace       used 3957K, capacity 4568K, committed 4864K, reserved 1056768K
  class space    used 431K, capacity 460K, committed 512K, reserved 1048576K
}
2024-07-23T00:26:03.871+0800: 12.528: Total time for which application threads were stopped: 0.0037103 seconds, Stopping threads took: 0.0000375 seconds
2024-07-23T00:26:03.890+0800: 12.547: [GC (CMS Initial Mark) [1 CMS-initial-mark: 205856K(349568K)] 205856K(506816K), 0.0004307 secs] [Times: user=0.00 sys=0.00, real=0.00 secs] 
2024-07-23T00:26:03.891+0800: 12.548: Total time for which application threads were stopped: 0.0195209 seconds, Stopping threads took: 0.0190198 seconds
2024-07-23T00:26:03.891+0800: 12.548: [CMS-concurrent-mark-start]
2024-07-23T00:26:03.893+0800: 12.549: [CMS-concurrent-mark: 0.001/0.001 secs] [Times: user=0.00 sys=0.00, real=0.00 secs] 
2024-07-23T00:26:03.893+0800: 12.549: [CMS-concurrent-preclean-start]
2024-07-23T00:26:03.893+0800: 12.549: [CMS-concurrent-preclean: 0.000/0.000 secs] [Times: user=0.00 sys=0.00, real=0.00 secs] 
2024-07-23T00:26:03.893+0800: 12.550: [GC (CMS Final Remark) [YG occupancy: 0 K (157248 K)]2024-07-23T00:26:03.893+0800: 12.550: [Rescan (parallel) , 0.0002379 secs]2024-07-23T00:26:03.893+0800: 12.550: [weak refs processing, 0.0000077 secs]2024-07-23T00:26:03.893+0800: 12.550: [class unloading, 0.0002210 secs]2024-07-23T00:26:03.893+0800: 12.550: [scrub symbol table, 0.0003684 secs]2024-07-23T00:26:03.894+0800: 12.550: [scrub string table, 0.0000863 secs][1 CMS-remark: 205856K(349568K)] 205856K(506816K), 0.0009635 secs] [Times: user=0.00 sys=0.00, real=0.00 secs] 
2024-07-23T00:26:03.894+0800: 12.551: Total time for which application threads were stopped: 0.0010042 seconds, Stopping threads took: 0.0000153 seconds
2024-07-23T00:26:03.894+0800: 12.551: [CMS-concurrent-sweep-start]
2024-07-23T00:26:03.894+0800: 12.551: [CMS-concurrent-sweep: 0.000/0.000 secs] [Times: user=0.00 sys=0.00, real=0.00 secs] 
2024-07-23T00:26:03.894+0800: 12.551: [CMS-concurrent-reset-start]
2024-07-23T00:26:03.895+0800: 12.551: [CMS-concurrent-reset: 0.000/0.000 secs] [Times: user=0.00 sys=0.00, real=0.00 secs] 
{Heap before GC invocations=279 (full 555):
 par new generation   total 157248K, used 0K [0x00000000e0000000, 0x00000000eaaa0000, 0x00000000eaaa0000)
  eden space 139776K,   0% used [0x00000000e0000000, 0x00000000e0000000, 0x00000000e8880000)
  from space 17472K,   0% used [0x00000000e9990000, 0x00000000e9990000, 0x00000000eaaa0000)
  to   space 17472K,   0% used [0x00000000e8880000, 0x00000000e8880000, 0x00000000e9990000)
 concurrent mark-sweep generation total 349568K, used 205856K [0x00000000eaaa0000, 0x0000000100000000, 0x0000000100000000)
 Metaspace       used 3957K, capacity 4568K, committed 4864K, reserved 1056768K
  class space    used 431K, capacity 460K, committed 512K, reserved 1048576K
2024-07-23T00:26:03.914+0800: 12.571: [GC (Allocation Failure) 2024-07-23T00:26:03.914+0800: 12.571: [ParNew
Desired survivor size 8945664 bytes, new threshold 6 (max 6)
: 0K->0K(157248K), 0.0009938 secs]2024-07-23T00:26:03.915+0800: 12.572: [CMS: 205856K->1056K(349568K), 0.0037665 secs] 205856K->1056K(506816K), [Metaspace: 3957K->3957K(1056768K)], 0.0049967 secs] [Times: user=0.00 sys=0.00, real=0.00 secs] 
Heap after GC invocations=280 (full 556):
 par new generation   total 157248K, used 0K [0x00000000e0000000, 0x00000000eaaa0000, 0x00000000eaaa0000)
  eden space 139776K,   0% used [0x00000000e0000000, 0x00000000e0000000, 0x00000000e8880000)
  from space 17472K,   0% used [0x00000000e8880000, 0x00000000e8880000, 0x00000000e9990000)
  to   space 17472K,   0% used [0x00000000e9990000, 0x00000000e9990000, 0x00000000eaaa0000)
 concurrent mark-sweep generation total 349568K, used 1056K [0x00000000eaaa0000, 0x0000000100000000, 0x0000000100000000)
 Metaspace       used 3957K, capacity 4568K, committed 4864K, reserved 1056768K
  class space    used 431K, capacity 460K, committed 512K, reserved 1048576K
}
2024-07-23T00:26:03.919+0800: 12.577: Total time for which application threads were stopped: 0.0052958 seconds, Stopping threads took: 0.0000327 seconds
2024-07-23T00:26:03.937+0800: 12.594: [GC (CMS Initial Mark) [1 CMS-initial-mark: 205856K(349568K)] 205856K(506816K), 0.0004678 secs] [Times: user=0.00 sys=0.00, real=0.00 secs] 
2024-07-23T00:26:03.937+0800: 12.594: Total time for which application threads were stopped: 0.0176850 seconds, Stopping threads took: 0.0171522 seconds
2024-07-23T00:26:03.937+0800: 12.594: [CMS-concurrent-mark-start]
2024-07-23T00:26:03.938+0800: 12.596: [CMS-concurrent-mark: 0.001/0.001 secs] [Times: user=0.00 sys=0.00, real=0.00 secs] 
2024-07-23T00:26:03.938+0800: 12.596: [CMS-concurrent-preclean-start]
2024-07-23T00:26:03.939+0800: 12.596: [CMS-concurrent-preclean: 0.000/0.000 secs] [Times: user=0.00 sys=0.00, real=0.00 secs] 
2024-07-23T00:26:03.939+0800: 12.596: [GC (CMS Final Remark) [YG occupancy: 0 K (157248 K)]2024-07-23T00:26:03.939+0800: 12.596: [Rescan (parallel) , 0.0009005 secs]2024-07-23T00:26:03.940+0800: 12.597: [weak refs processing, 0.0000065 secs]2024-07-23T00:26:03.940+0800: 12.597: [class unloading, 0.0002080 secs]2024-07-23T00:26:03.940+0800: 12.597: [scrub symbol table, 0.0003218 secs]2024-07-23T00:26:03.940+0800: 12.597: [scrub string table, 0.0000803 secs][1 CMS-remark: 205856K(349568K)] 205856K(506816K), 0.0015483 secs] [Times: user=0.00 sys=0.00, real=0.00 secs] 
2024-07-23T00:26:03.940+0800: 12.598: Total time for which application threads were stopped: 0.0015817 seconds, Stopping threads took: 0.0000120 seconds
2024-07-23T00:26:03.940+0800: 12.598: [CMS-concurrent-sweep-start]
2024-07-23T00:26:03.940+0800: 12.598: [CMS-concurrent-sweep: 0.000/0.000 secs] [Times: user=0.00 sys=0.00, real=0.00 secs] 
2024-07-23T00:26:03.940+0800: 12.598: [CMS-concurrent-reset-start]
2024-07-23T00:26:03.941+0800: 12.598: [CMS-concurrent-reset: 0.000/0.000 secs] [Times: user=0.00 sys=0.00, real=0.00 secs] 
{Heap before GC invocations=280 (full 557):
 par new generation   total 157248K, used 0K [0x00000000e0000000, 0x00000000eaaa0000, 0x00000000eaaa0000)
  eden space 139776K,   0% used [0x00000000e0000000, 0x00000000e0000000, 0x00000000e8880000)
  from space 17472K,   0% used [0x00000000e8880000, 0x00000000e8880000, 0x00000000e9990000)
  to   space 17472K,   0% used [0x00000000e9990000, 0x00000000e9990000, 0x00000000eaaa0000)
 concurrent mark-sweep generation total 349568K, used 205856K [0x00000000eaaa0000, 0x0000000100000000, 0x0000000100000000)
 Metaspace       used 3957K, capacity 4568K, committed 4864K, reserved 1056768K
  class space    used 431K, capacity 460K, committed 512K, reserved 1048576K
2024-07-23T00:26:03.961+0800: 12.618: [GC (Allocation Failure) 2024-07-23T00:26:03.961+0800: 12.618: [ParNew
Desired survivor size 8945664 bytes, new threshold 6 (max 6)
: 0K->0K(157248K), 0.0006991 secs]2024-07-23T00:26:03.962+0800: 12.618: [CMS: 205856K->1056K(349568K), 0.0032121 secs] 205856K->1056K(506816K), [Metaspace: 3957K->3957K(1056768K)], 0.0040512 secs] [Times: user=0.00 sys=0.00, real=0.00 secs] 
Heap after GC invocations=281 (full 558):
 par new generation   total 157248K, used 0K [0x00000000e0000000, 0x00000000eaaa0000, 0x00000000eaaa0000)
  eden space 139776K,   0% used [0x00000000e0000000, 0x00000000e0000000, 0x00000000e8880000)
  from space 17472K,   0% used [0x00000000e9990000, 0x00000000e9990000, 0x00000000eaaa0000)
  to   space 17472K,   0% used [0x00000000e8880000, 0x00000000e8880000, 0x00000000e9990000)
 concurrent mark-sweep generation total 349568K, used 1056K [0x00000000eaaa0000, 0x0000000100000000, 0x0000000100000000)
 Metaspace       used 3957K, capacity 4568K, committed 4864K, reserved 1056768K
  class space    used 431K, capacity 460K, committed 512K, reserved 1048576K
}
2024-07-23T00:26:03.965+0800: 12.622: Total time for which application threads were stopped: 0.0042707 seconds, Stopping threads took: 0.0000775 seconds
2024-07-23T00:26:03.983+0800: 12.640: [GC (CMS Initial Mark) [1 CMS-initial-mark: 205856K(349568K)] 205856K(506816K), 0.0008789 secs] [Times: user=0.00 sys=0.00, real=0.00 secs] 
2024-07-23T00:26:03.984+0800: 12.641: Total time for which application threads were stopped: 0.0191932 seconds, Stopping threads took: 0.0182530 seconds
2024-07-23T00:26:03.984+0800: 12.641: [CMS-concurrent-mark-start]
2024-07-23T00:26:03.985+0800: 12.643: [CMS-concurrent-mark: 0.001/0.001 secs] [Times: user=0.00 sys=0.00, real=0.00 secs] 
2024-07-23T00:26:03.985+0800: 12.643: [CMS-concurrent-preclean-start]
2024-07-23T00:26:03.985+0800: 12.643: [CMS-concurrent-preclean: 0.000/0.000 secs] [Times: user=0.00 sys=0.00, real=0.00 secs] 
2024-07-23T00:26:03.986+0800: 12.643: [GC (CMS Final Remark) [YG occupancy: 0 K (157248 K)]2024-07-23T00:26:03.986+0800: 12.643: [Rescan (parallel) , 0.0006153 secs]2024-07-23T00:26:03.986+0800: 12.644: [weak refs processing, 0.0000069 secs]2024-07-23T00:26:03.986+0800: 12.644: [class unloading, 0.0001980 secs]2024-07-23T00:26:03.986+0800: 12.644: [scrub symbol table, 0.0003269 secs]2024-07-23T00:26:03.987+0800: 12.644: [scrub string table, 0.0000986 secs][1 CMS-remark: 205856K(349568K)] 205856K(506816K), 0.0012818 secs] [Times: user=0.00 sys=0.00, real=0.00 secs] 
2024-07-23T00:26:03.987+0800: 12.644: Total time for which application threads were stopped: 0.0013223 seconds, Stopping threads took: 0.0000172 seconds
2024-07-23T00:26:03.987+0800: 12.644: [CMS-concurrent-sweep-start]
2024-07-23T00:26:03.987+0800: 12.645: [CMS-concurrent-sweep: 0.000/0.000 secs] [Times: user=0.00 sys=0.00, real=0.00 secs] 
2024-07-23T00:26:03.987+0800: 12.645: [CMS-concurrent-reset-start]
2024-07-23T00:26:03.988+0800: 12.645: [CMS-concurrent-reset: 0.000/0.000 secs] [Times: user=0.00 sys=0.00, real=0.00 secs] 
{Heap before GC invocations=281 (full 559):
 par new generation   total 157248K, used 0K [0x00000000e0000000, 0x00000000eaaa0000, 0x00000000eaaa0000)
  eden space 139776K,   0% used [0x00000000e0000000, 0x00000000e0000000, 0x00000000e8880000)
  from space 17472K,   0% used [0x00000000e9990000, 0x00000000e9990000, 0x00000000eaaa0000)
  to   space 17472K,   0% used [0x00000000e8880000, 0x00000000e8880000, 0x00000000e9990000)
 concurrent mark-sweep generation total 349568K, used 205856K [0x00000000eaaa0000, 0x0000000100000000, 0x0000000100000000)
 Metaspace       used 3957K, capacity 4568K, committed 4864K, reserved 1056768K
  class space    used 431K, capacity 460K, committed 512K, reserved 1048576K
2024-07-23T00:26:04.008+0800: 12.665: [GC (Allocation Failure) 2024-07-23T00:26:04.008+0800: 12.665: [ParNew
Desired survivor size 8945664 bytes, new threshold 6 (max 6)
: 0K->0K(157248K), 0.0016709 secs]2024-07-23T00:26:04.010+0800: 12.667: [CMS: 205856K->1056K(349568K), 0.0042885 secs] 205856K->1056K(506816K), [Metaspace: 3957K->3957K(1056768K)], 0.0061772 secs] [Times: user=0.00 sys=0.00, real=0.01 secs] 
Heap after GC invocations=282 (full 560):
 par new generation   total 157248K, used 0K [0x00000000e0000000, 0x00000000eaaa0000, 0x00000000eaaa0000)
  eden space 139776K,   0% used [0x00000000e0000000, 0x00000000e0000000, 0x00000000e8880000)
  from space 17472K,   0% used [0x00000000e8880000, 0x00000000e8880000, 0x00000000e9990000)
  to   space 17472K,   0% used [0x00000000e9990000, 0x00000000e9990000, 0x00000000eaaa0000)
 concurrent mark-sweep generation total 349568K, used 1056K [0x00000000eaaa0000, 0x0000000100000000, 0x0000000100000000)
 Metaspace       used 3957K, capacity 4568K, committed 4864K, reserved 1056768K
  class space    used 431K, capacity 460K, committed 512K, reserved 1048576K
}
2024-07-23T00:26:04.014+0800: 12.671: Total time for which application threads were stopped: 0.0064035 seconds, Stopping threads took: 0.0000582 seconds
2024-07-23T00:26:04.032+0800: 12.689: [GC (CMS Initial Mark) [1 CMS-initial-mark: 205856K(349568K)] 205856K(506816K), 0.0004042 secs] [Times: user=0.00 sys=0.00, real=0.00 secs] 
2024-07-23T00:26:04.032+0800: 12.689: Total time for which application threads were stopped: 0.0179214 seconds, Stopping threads took: 0.0174356 seconds
2024-07-23T00:26:04.032+0800: 12.689: [CMS-concurrent-mark-start]
2024-07-23T00:26:04.034+0800: 12.691: [CMS-concurrent-mark: 0.001/0.001 secs] [Times: user=0.00 sys=0.00, real=0.00 secs] 
2024-07-23T00:26:04.034+0800: 12.691: [CMS-concurrent-preclean-start]
2024-07-23T00:26:04.034+0800: 12.691: [CMS-concurrent-preclean: 0.000/0.000 secs] [Times: user=0.00 sys=0.00, real=0.00 secs] 
2024-07-23T00:26:04.034+0800: 12.691: [GC (CMS Final Remark) [YG occupancy: 0 K (157248 K)]2024-07-23T00:26:04.034+0800: 12.691: [Rescan (parallel) , 0.0004456 secs]2024-07-23T00:26:04.034+0800: 12.691: [weak refs processing, 0.0000074 secs]2024-07-23T00:26:04.034+0800: 12.691: [class unloading, 0.0001972 secs]2024-07-23T00:26:04.035+0800: 12.692: [scrub symbol table, 0.0003255 secs]2024-07-23T00:26:04.035+0800: 12.692: [scrub string table, 0.0000976 secs][1 CMS-remark: 205856K(349568K)] 205856K(506816K), 0.0011121 secs] [Times: user=0.00 sys=0.00, real=0.00 secs] 
2024-07-23T00:26:04.035+0800: 12.692: Total time for which application threads were stopped: 0.0011524 seconds, Stopping threads took: 0.0000122 seconds
2024-07-23T00:26:04.035+0800: 12.692: [CMS-concurrent-sweep-start]
2024-07-23T00:26:04.036+0800: 12.693: [CMS-concurrent-sweep: 0.000/0.000 secs] [Times: user=0.00 sys=0.00, real=0.00 secs] 
2024-07-23T00:26:04.036+0800: 12.693: [CMS-concurrent-reset-start]
2024-07-23T00:26:04.036+0800: 12.693: [CMS-concurrent-reset: 0.001/0.001 secs] [Times: user=0.00 sys=0.00, real=0.00 secs] 
{Heap before GC invocations=282 (full 561):
 par new generation   total 157248K, used 0K [0x00000000e0000000, 0x00000000eaaa0000, 0x00000000eaaa0000)
  eden space 139776K,   0% used [0x00000000e0000000, 0x00000000e0000000, 0x00000000e8880000)
  from space 17472K,   0% used [0x00000000e8880000, 0x00000000e8880000, 0x00000000e9990000)
  to   space 17472K,   0% used [0x00000000e9990000, 0x00000000e9990000, 0x00000000eaaa0000)
 concurrent mark-sweep generation total 349568K, used 205856K [0x00000000eaaa0000, 0x0000000100000000, 0x0000000100000000)
 Metaspace       used 3957K, capacity 4568K, committed 4864K, reserved 1056768K
  class space    used 431K, capacity 460K, committed 512K, reserved 1048576K
2024-07-23T00:26:04.056+0800: 12.713: [GC (Allocation Failure) 2024-07-23T00:26:04.056+0800: 12.713: [ParNew
Desired survivor size 8945664 bytes, new threshold 6 (max 6)
: 0K->0K(157248K), 0.0027246 secs]2024-07-23T00:26:04.059+0800: 12.716: [CMS: 205856K->1056K(349568K), 0.0026848 secs] 205856K->1056K(506816K), [Metaspace: 3957K->3957K(1056768K)], 0.0055401 secs] [Times: user=0.00 sys=0.00, real=0.01 secs] 
Heap after GC invocations=283 (full 562):
 par new generation   total 157248K, used 0K [0x00000000e0000000, 0x00000000eaaa0000, 0x00000000eaaa0000)
  eden space 139776K,   0% used [0x00000000e0000000, 0x00000000e0000000, 0x00000000e8880000)
  from space 17472K,   0% used [0x00000000e9990000, 0x00000000e9990000, 0x00000000eaaa0000)
  to   space 17472K,   0% used [0x00000000e8880000, 0x00000000e8880000, 0x00000000e9990000)
 concurrent mark-sweep generation total 349568K, used 1056K [0x00000000eaaa0000, 0x0000000100000000, 0x0000000100000000)
 Metaspace       used 3957K, capacity 4568K, committed 4864K, reserved 1056768K
  class space    used 431K, capacity 460K, committed 512K, reserved 1048576K
}
2024-07-23T00:26:04.061+0800: 12.719: Total time for which application threads were stopped: 0.0057033 seconds, Stopping threads took: 0.0000345 seconds
2024-07-23T00:26:04.081+0800: 12.738: [GC (CMS Initial Mark) [1 CMS-initial-mark: 205856K(349568K)] 205856K(506816K), 0.0003923 secs] [Times: user=0.00 sys=0.00, real=0.00 secs] 
2024-07-23T00:26:04.082+0800: 12.739: Total time for which application threads were stopped: 0.0201069 seconds, Stopping threads took: 0.0196544 seconds
2024-07-23T00:26:04.082+0800: 12.739: [CMS-concurrent-mark-start]
2024-07-23T00:26:04.083+0800: 12.740: [CMS-concurrent-mark: 0.001/0.001 secs] [Times: user=0.00 sys=0.00, real=0.00 secs] 
2024-07-23T00:26:04.083+0800: 12.740: [CMS-concurrent-preclean-start]
2024-07-23T00:26:04.083+0800: 12.740: [CMS-concurrent-preclean: 0.000/0.000 secs] [Times: user=0.00 sys=0.00, real=0.00 secs] 
2024-07-23T00:26:04.084+0800: 12.741: [GC (CMS Final Remark) [YG occupancy: 0 K (157248 K)]2024-07-23T00:26:04.084+0800: 12.741: [Rescan (parallel) , 0.0003120 secs]2024-07-23T00:26:04.084+0800: 12.741: [weak refs processing, 0.0000079 secs]2024-07-23T00:26:04.084+0800: 12.741: [class unloading, 0.0002012 secs]2024-07-23T00:26:04.084+0800: 12.741: [scrub symbol table, 0.0003253 secs]2024-07-23T00:26:04.084+0800: 12.741: [scrub string table, 0.0000956 secs][1 CMS-remark: 205856K(349568K)] 205856K(506816K), 0.0009817 secs] [Times: user=0.00 sys=0.00, real=0.00 secs] 
2024-07-23T00:26:04.085+0800: 12.742: Total time for which application threads were stopped: 0.0010195 seconds, Stopping threads took: 0.0000137 seconds
2024-07-23T00:26:04.085+0800: 12.742: [CMS-concurrent-sweep-start]
2024-07-23T00:26:04.085+0800: 12.742: [CMS-concurrent-sweep: 0.000/0.000 secs] [Times: user=0.00 sys=0.00, real=0.00 secs] 
2024-07-23T00:26:04.085+0800: 12.742: [CMS-concurrent-reset-start]
2024-07-23T00:26:04.085+0800: 12.742: [CMS-concurrent-reset: 0.000/0.000 secs] [Times: user=0.00 sys=0.00, real=0.00 secs] 
{Heap before GC invocations=283 (full 563):
 par new generation   total 157248K, used 0K [0x00000000e0000000, 0x00000000eaaa0000, 0x00000000eaaa0000)
  eden space 139776K,   0% used [0x00000000e0000000, 0x00000000e0000000, 0x00000000e8880000)
  from space 17472K,   0% used [0x00000000e9990000, 0x00000000e9990000, 0x00000000eaaa0000)
  to   space 17472K,   0% used [0x00000000e8880000, 0x00000000e8880000, 0x00000000e9990000)
 concurrent mark-sweep generation total 349568K, used 205856K [0x00000000eaaa0000, 0x0000000100000000, 0x0000000100000000)
 Metaspace       used 3957K, capacity 4568K, committed 4864K, reserved 1056768K
  class space    used 431K, capacity 460K, committed 512K, reserved 1048576K
2024-07-23T00:26:04.102+0800: 12.759: [GC (Allocation Failure) 2024-07-23T00:26:04.102+0800: 12.759: [ParNew
Desired survivor size 8945664 bytes, new threshold 6 (max 6)
: 0K->0K(157248K), 0.0019702 secs]2024-07-23T00:26:04.104+0800: 12.761: [CMS: 205856K->1056K(349568K), 0.0041957 secs] 205856K->1056K(506816K), [Metaspace: 3957K->3957K(1056768K)], 0.0063365 secs] [Times: user=0.00 sys=0.00, real=0.01 secs] 
Heap after GC invocations=284 (full 564):
 par new generation   total 157248K, used 0K [0x00000000e0000000, 0x00000000eaaa0000, 0x00000000eaaa0000)
  eden space 139776K,   0% used [0x00000000e0000000, 0x00000000e0000000, 0x00000000e8880000)
  from space 17472K,   0% used [0x00000000e8880000, 0x00000000e8880000, 0x00000000e9990000)
  to   space 17472K,   0% used [0x00000000e9990000, 0x00000000e9990000, 0x00000000eaaa0000)
 concurrent mark-sweep generation total 349568K, used 1056K [0x00000000eaaa0000, 0x0000000100000000, 0x0000000100000000)
 Metaspace       used 3957K, capacity 4568K, committed 4864K, reserved 1056768K
  class space    used 431K, capacity 460K, committed 512K, reserved 1048576K
}
2024-07-23T00:26:04.109+0800: 12.766: Total time for which application threads were stopped: 0.0064959 seconds, Stopping threads took: 0.0000547 seconds
2024-07-23T00:26:04.126+0800: 12.783: [GC (CMS Initial Mark) [1 CMS-initial-mark: 205856K(349568K)] 205856K(506816K), 0.0002408 secs] [Times: user=0.00 sys=0.00, real=0.00 secs] 
2024-07-23T00:26:04.126+0800: 12.783: Total time for which application threads were stopped: 0.0176118 seconds, Stopping threads took: 0.0172972 seconds
2024-07-23T00:26:04.126+0800: 12.783: [CMS-concurrent-mark-start]
2024-07-23T00:26:04.128+0800: 12.785: [CMS-concurrent-mark: 0.002/0.002 secs] [Times: user=0.00 sys=0.00, real=0.00 secs] 
2024-07-23T00:26:04.128+0800: 12.785: [CMS-concurrent-preclean-start]
2024-07-23T00:26:04.128+0800: 12.785: [CMS-concurrent-preclean: 0.000/0.000 secs] [Times: user=0.00 sys=0.00, real=0.00 secs] 
2024-07-23T00:26:04.128+0800: 12.785: [GC (CMS Final Remark) [YG occupancy: 0 K (157248 K)]2024-07-23T00:26:04.128+0800: 12.785: [Rescan (parallel) , 0.0002583 secs]2024-07-23T00:26:04.128+0800: 12.785: [weak refs processing, 0.0000091 secs]2024-07-23T00:26:04.128+0800: 12.785: [class unloading, 0.0003668 secs]2024-07-23T00:26:04.128+0800: 12.786: [scrub symbol table, 0.0004168 secs]2024-07-23T00:26:04.129+0800: 12.786: [scrub string table, 0.0000954 secs][1 CMS-remark: 205856K(349568K)] 205856K(506816K), 0.0012028 secs] [Times: user=0.00 sys=0.00, real=0.00 secs] 
2024-07-23T00:26:04.129+0800: 12.786: Total time for which application threads were stopped: 0.0012431 seconds, Stopping threads took: 0.0000129 seconds
2024-07-23T00:26:04.129+0800: 12.786: [CMS-concurrent-sweep-start]
2024-07-23T00:26:04.129+0800: 12.787: [CMS-concurrent-sweep: 0.000/0.000 secs] [Times: user=0.00 sys=0.00, real=0.00 secs] 
2024-07-23T00:26:04.129+0800: 12.787: [CMS-concurrent-reset-start]
2024-07-23T00:26:04.130+0800: 12.787: [CMS-concurrent-reset: 0.000/0.000 secs] [Times: user=0.00 sys=0.00, real=0.00 secs] 
{Heap before GC invocations=284 (full 565):
 par new generation   total 157248K, used 0K [0x00000000e0000000, 0x00000000eaaa0000, 0x00000000eaaa0000)
  eden space 139776K,   0% used [0x00000000e0000000, 0x00000000e0000000, 0x00000000e8880000)
  from space 17472K,   0% used [0x00000000e8880000, 0x00000000e8880000, 0x00000000e9990000)
  to   space 17472K,   0% used [0x00000000e9990000, 0x00000000e9990000, 0x00000000eaaa0000)
 concurrent mark-sweep generation total 349568K, used 205856K [0x00000000eaaa0000, 0x0000000100000000, 0x0000000100000000)
 Metaspace       used 3957K, capacity 4568K, committed 4864K, reserved 1056768K
  class space    used 431K, capacity 460K, committed 512K, reserved 1048576K
2024-07-23T00:26:04.148+0800: 12.806: [GC (Allocation Failure) 2024-07-23T00:26:04.148+0800: 12.806: [ParNew
Desired survivor size 8945664 bytes, new threshold 6 (max 6)
: 0K->0K(157248K), 0.0009071 secs]2024-07-23T00:26:04.150+0800: 12.807: [CMS: 205856K->1056K(349568K), 0.0028999 secs] 205856K->1056K(506816K), [Metaspace: 3957K->3957K(1056768K)], 0.0039526 secs] [Times: user=0.00 sys=0.00, real=0.01 secs] 
Heap after GC invocations=285 (full 566):
 par new generation   total 157248K, used 0K [0x00000000e0000000, 0x00000000eaaa0000, 0x00000000eaaa0000)
  eden space 139776K,   0% used [0x00000000e0000000, 0x00000000e0000000, 0x00000000e8880000)
  from space 17472K,   0% used [0x00000000e9990000, 0x00000000e9990000, 0x00000000eaaa0000)
  to   space 17472K,   0% used [0x00000000e8880000, 0x00000000e8880000, 0x00000000e9990000)
 concurrent mark-sweep generation total 349568K, used 1056K [0x00000000eaaa0000, 0x0000000100000000, 0x0000000100000000)
 Metaspace       used 3957K, capacity 4568K, committed 4864K, reserved 1056768K
  class space    used 431K, capacity 460K, committed 512K, reserved 1048576K
}
2024-07-23T00:26:04.153+0800: 12.810: Total time for which application threads were stopped: 0.0041255 seconds, Stopping threads took: 0.0000319 seconds
2024-07-23T00:26:04.170+0800: 12.827: [GC (CMS Initial Mark) [1 CMS-initial-mark: 205856K(349568K)] 205856K(506816K), 0.0001981 secs] [Times: user=0.00 sys=0.00, real=0.00 secs] 
2024-07-23T00:26:04.170+0800: 12.827: Total time for which application threads were stopped: 0.0178410 seconds, Stopping threads took: 0.0175803 seconds
2024-07-23T00:26:04.170+0800: 12.827: [CMS-concurrent-mark-start]
2024-07-23T00:26:04.171+0800: 12.829: [CMS-concurrent-mark: 0.001/0.001 secs] [Times: user=0.00 sys=0.00, real=0.00 secs] 
2024-07-23T00:26:04.171+0800: 12.829: [CMS-concurrent-preclean-start]
2024-07-23T00:26:04.172+0800: 12.829: [CMS-concurrent-preclean: 0.000/0.000 secs] [Times: user=0.00 sys=0.00, real=0.00 secs] 
2024-07-23T00:26:04.172+0800: 12.829: [GC (CMS Final Remark) [YG occupancy: 0 K (157248 K)]2024-07-23T00:26:04.172+0800: 12.829: [Rescan (parallel) , 0.0003127 secs]2024-07-23T00:26:04.172+0800: 12.830: [weak refs processing, 0.0000067 secs]2024-07-23T00:26:04.172+0800: 12.830: [class unloading, 0.0001958 secs]2024-07-23T00:26:04.172+0800: 12.830: [scrub symbol table, 0.0003237 secs]2024-07-23T00:26:04.173+0800: 12.830: [scrub string table, 0.0000961 secs][1 CMS-remark: 205856K(349568K)] 205856K(506816K), 0.0009673 secs] [Times: user=0.00 sys=0.00, real=0.00 secs] 
2024-07-23T00:26:04.173+0800: 12.830: Total time for which application threads were stopped: 0.0010051 seconds, Stopping threads took: 0.0000139 seconds
2024-07-23T00:26:04.173+0800: 12.830: [CMS-concurrent-sweep-start]
2024-07-23T00:26:04.173+0800: 12.830: [CMS-concurrent-sweep: 0.000/0.000 secs] [Times: user=0.00 sys=0.00, real=0.00 secs] 
2024-07-23T00:26:04.173+0800: 12.830: [CMS-concurrent-reset-start]
2024-07-23T00:26:04.173+0800: 12.831: [CMS-concurrent-reset: 0.000/0.000 secs] [Times: user=0.00 sys=0.00, real=0.00 secs] 
{Heap before GC invocations=285 (full 567):
 par new generation   total 157248K, used 0K [0x00000000e0000000, 0x00000000eaaa0000, 0x00000000eaaa0000)
  eden space 139776K,   0% used [0x00000000e0000000, 0x00000000e0000000, 0x00000000e8880000)
  from space 17472K,   0% used [0x00000000e9990000, 0x00000000e9990000, 0x00000000eaaa0000)
  to   space 17472K,   0% used [0x00000000e8880000, 0x00000000e8880000, 0x00000000e9990000)
 concurrent mark-sweep generation total 349568K, used 205856K [0x00000000eaaa0000, 0x0000000100000000, 0x0000000100000000)
 Metaspace       used 3957K, capacity 4568K, committed 4864K, reserved 1056768K
  class space    used 431K, capacity 460K, committed 512K, reserved 1048576K
2024-07-23T00:26:04.195+0800: 12.852: [GC (Allocation Failure) 2024-07-23T00:26:04.195+0800: 12.852: [ParNew
Desired survivor size 8945664 bytes, new threshold 6 (max 6)
: 0K->0K(157248K), 0.0016093 secs]2024-07-23T00:26:04.196+0800: 12.853: [CMS: 205856K->1056K(349568K), 0.0041893 secs] 205856K->1056K(506816K), [Metaspace: 3957K->3957K(1056768K)], 0.0060299 secs] [Times: user=0.00 sys=0.00, real=0.01 secs] 
Heap after GC invocations=286 (full 568):
 par new generation   total 157248K, used 0K [0x00000000e0000000, 0x00000000eaaa0000, 0x00000000eaaa0000)
  eden space 139776K,   0% used [0x00000000e0000000, 0x00000000e0000000, 0x00000000e8880000)
  from space 17472K,   0% used [0x00000000e8880000, 0x00000000e8880000, 0x00000000e9990000)
  to   space 17472K,   0% used [0x00000000e9990000, 0x00000000e9990000, 0x00000000eaaa0000)
 concurrent mark-sweep generation total 349568K, used 1056K [0x00000000eaaa0000, 0x0000000100000000, 0x0000000100000000)
 Metaspace       used 3957K, capacity 4568K, committed 4864K, reserved 1056768K
  class space    used 431K, capacity 460K, committed 512K, reserved 1048576K
}
2024-07-23T00:26:04.200+0800: 12.858: Total time for which application threads were stopped: 0.0061891 seconds, Stopping threads took: 0.0000263 seconds
2024-07-23T00:26:04.218+0800: 12.875: [GC (CMS Initial Mark) [1 CMS-initial-mark: 205856K(349568K)] 205856K(506816K), 0.0004483 secs] [Times: user=0.00 sys=0.00, real=0.00 secs] 
2024-07-23T00:26:04.219+0800: 12.876: Total time for which application threads were stopped: 0.0182777 seconds, Stopping threads took: 0.0177752 seconds
2024-07-23T00:26:04.219+0800: 12.876: [CMS-concurrent-mark-start]
2024-07-23T00:26:04.220+0800: 12.877: [CMS-concurrent-mark: 0.001/0.001 secs] [Times: user=0.00 sys=0.00, real=0.00 secs] 
2024-07-23T00:26:04.220+0800: 12.877: [CMS-concurrent-preclean-start]
2024-07-23T00:26:04.221+0800: 12.878: [CMS-concurrent-preclean: 0.000/0.000 secs] [Times: user=0.00 sys=0.00, real=0.00 secs] 
2024-07-23T00:26:04.221+0800: 12.878: [GC (CMS Final Remark) [YG occupancy: 0 K (157248 K)]2024-07-23T00:26:04.221+0800: 12.878: [Rescan (parallel) , 0.0003892 secs]2024-07-23T00:26:04.221+0800: 12.878: [weak refs processing, 0.0000093 secs]2024-07-23T00:26:04.221+0800: 12.878: [class unloading, 0.0001960 secs]2024-07-23T00:26:04.221+0800: 12.878: [scrub symbol table, 0.0003318 secs]2024-07-23T00:26:04.221+0800: 12.879: [scrub string table, 0.0000958 secs][1 CMS-remark: 205856K(349568K)] 205856K(506816K), 0.0010632 secs] [Times: user=0.00 sys=0.00, real=0.00 secs] 
2024-07-23T00:26:04.222+0800: 12.879: Total time for which application threads were stopped: 0.0011081 seconds, Stopping threads took: 0.0000124 seconds
2024-07-23T00:26:04.222+0800: 12.879: [CMS-concurrent-sweep-start]
2024-07-23T00:26:04.222+0800: 12.879: [CMS-concurrent-sweep: 0.000/0.000 secs] [Times: user=0.00 sys=0.00, real=0.00 secs] 
2024-07-23T00:26:04.222+0800: 12.879: [CMS-concurrent-reset-start]
2024-07-23T00:26:04.222+0800: 12.879: [CMS-concurrent-reset: 0.001/0.001 secs] [Times: user=0.00 sys=0.00, real=0.00 secs] 
{Heap before GC invocations=286 (full 569):
 par new generation   total 157248K, used 0K [0x00000000e0000000, 0x00000000eaaa0000, 0x00000000eaaa0000)
  eden space 139776K,   0% used [0x00000000e0000000, 0x00000000e0000000, 0x00000000e8880000)
  from space 17472K,   0% used [0x00000000e8880000, 0x00000000e8880000, 0x00000000e9990000)
  to   space 17472K,   0% used [0x00000000e9990000, 0x00000000e9990000, 0x00000000eaaa0000)
 concurrent mark-sweep generation total 349568K, used 205856K [0x00000000eaaa0000, 0x0000000100000000, 0x0000000100000000)
 Metaspace       used 3957K, capacity 4568K, committed 4864K, reserved 1056768K
  class space    used 431K, capacity 460K, committed 512K, reserved 1048576K
2024-07-23T00:26:04.242+0800: 12.899: [GC (Allocation Failure) 2024-07-23T00:26:04.242+0800: 12.899: [ParNew
Desired survivor size 8945664 bytes, new threshold 6 (max 6)
: 0K->0K(157248K), 0.0009759 secs]2024-07-23T00:26:04.242+0800: 12.900: [CMS: 205856K->1056K(349568K), 0.0027831 secs] 205856K->1056K(506816K), [Metaspace: 3957K->3957K(1056768K)], 0.0038646 secs] [Times: user=0.00 sys=0.00, real=0.00 secs] 
Heap after GC invocations=287 (full 570):
 par new generation   total 157248K, used 0K [0x00000000e0000000, 0x00000000eaaa0000, 0x00000000eaaa0000)
  eden space 139776K,   0% used [0x00000000e0000000, 0x00000000e0000000, 0x00000000e8880000)
  from space 17472K,   0% used [0x00000000e9990000, 0x00000000e9990000, 0x00000000eaaa0000)
  to   space 17472K,   0% used [0x00000000e8880000, 0x00000000e8880000, 0x00000000e9990000)
 concurrent mark-sweep generation total 349568K, used 1056K [0x00000000eaaa0000, 0x0000000100000000, 0x0000000100000000)
 Metaspace       used 3957K, capacity 4568K, committed 4864K, reserved 1056768K
  class space    used 431K, capacity 460K, committed 512K, reserved 1048576K
}
2024-07-23T00:26:04.246+0800: 12.902: Total time for which application threads were stopped: 0.0040231 seconds, Stopping threads took: 0.0000326 seconds
2024-07-23T00:26:04.264+0800: 12.921: [GC (CMS Initial Mark) [1 CMS-initial-mark: 205856K(349568K)] 205856K(506816K), 0.0002278 secs] [Times: user=0.00 sys=0.00, real=0.00 secs] 
2024-07-23T00:26:04.264+0800: 12.921: Total time for which application threads were stopped: 0.0183140 seconds, Stopping threads took: 0.0180131 seconds
2024-07-23T00:26:04.264+0800: 12.921: [CMS-concurrent-mark-start]
2024-07-23T00:26:04.265+0800: 12.922: [CMS-concurrent-mark: 0.001/0.001 secs] [Times: user=0.00 sys=0.00, real=0.00 secs] 
2024-07-23T00:26:04.266+0800: 12.922: [CMS-concurrent-preclean-start]
2024-07-23T00:26:04.266+0800: 12.922: [CMS-concurrent-preclean: 0.000/0.000 secs] [Times: user=0.00 sys=0.00, real=0.00 secs] 
2024-07-23T00:26:04.266+0800: 12.922: [GC (CMS Final Remark) [YG occupancy: 0 K (157248 K)]2024-07-23T00:26:04.266+0800: 12.922: [Rescan (parallel) , 0.0002421 secs]2024-07-23T00:26:04.266+0800: 12.923: [weak refs processing, 0.0000107 secs]2024-07-23T00:26:04.266+0800: 12.923: [class unloading, 0.0002346 secs]2024-07-23T00:26:04.266+0800: 12.923: [scrub symbol table, 0.0003966 secs]2024-07-23T00:26:04.267+0800: 12.923: [scrub string table, 0.0001145 secs][1 CMS-remark: 205856K(349568K)] 205856K(506816K), 0.0010517 secs] [Times: user=0.00 sys=0.00, real=0.00 secs] 
2024-07-23T00:26:04.267+0800: 12.924: Total time for which application threads were stopped: 0.0011014 seconds, Stopping threads took: 0.0000176 seconds
2024-07-23T00:26:04.267+0800: 12.924: [CMS-concurrent-sweep-start]
2024-07-23T00:26:04.267+0800: 12.924: [CMS-concurrent-sweep: 0.000/0.000 secs] [Times: user=0.00 sys=0.00, real=0.00 secs] 
2024-07-23T00:26:04.267+0800: 12.924: [CMS-concurrent-reset-start]
2024-07-23T00:26:04.267+0800: 12.924: [CMS-concurrent-reset: 0.000/0.000 secs] [Times: user=0.00 sys=0.00, real=0.00 secs] 
{Heap before GC invocations=287 (full 571):
 par new generation   total 157248K, used 0K [0x00000000e0000000, 0x00000000eaaa0000, 0x00000000eaaa0000)
  eden space 139776K,   0% used [0x00000000e0000000, 0x00000000e0000000, 0x00000000e8880000)
  from space 17472K,   0% used [0x00000000e9990000, 0x00000000e9990000, 0x00000000eaaa0000)
  to   space 17472K,   0% used [0x00000000e8880000, 0x00000000e8880000, 0x00000000e9990000)
 concurrent mark-sweep generation total 349568K, used 205856K [0x00000000eaaa0000, 0x0000000100000000, 0x0000000100000000)
 Metaspace       used 3957K, capacity 4568K, committed 4864K, reserved 1056768K
  class space    used 431K, capacity 460K, committed 512K, reserved 1048576K
2024-07-23T00:26:04.287+0800: 12.944: [GC (Allocation Failure) 2024-07-23T00:26:04.287+0800: 12.944: [ParNew
Desired survivor size 8945664 bytes, new threshold 6 (max 6)
: 0K->0K(157248K), 0.0024917 secs]2024-07-23T00:26:04.290+0800: 12.946: [CMS: 205856K->1056K(349568K), 0.0049671 secs] 205856K->1056K(506816K), [Metaspace: 3957K->3957K(1056768K)], 0.0076901 secs] [Times: user=0.00 sys=0.00, real=0.01 secs] 
Heap after GC invocations=288 (full 572):
 par new generation   total 157248K, used 0K [0x00000000e0000000, 0x00000000eaaa0000, 0x00000000eaaa0000)
  eden space 139776K,   0% used [0x00000000e0000000, 0x00000000e0000000, 0x00000000e8880000)
  from space 17472K,   0% used [0x00000000e8880000, 0x00000000e8880000, 0x00000000e9990000)
  to   space 17472K,   0% used [0x00000000e9990000, 0x00000000e9990000, 0x00000000eaaa0000)
 concurrent mark-sweep generation total 349568K, used 1056K [0x00000000eaaa0000, 0x0000000100000000, 0x0000000100000000)
 Metaspace       used 3957K, capacity 4568K, committed 4864K, reserved 1056768K
  class space    used 431K, capacity 460K, committed 512K, reserved 1048576K
}
2024-07-23T00:26:04.295+0800: 12.951: Total time for which application threads were stopped: 0.0078564 seconds, Stopping threads took: 0.0000382 seconds
2024-07-23T00:26:04.315+0800: 12.972: [GC (CMS Initial Mark) [1 CMS-initial-mark: 205856K(349568K)] 205856K(506816K), 0.0003114 secs] [Times: user=0.00 sys=0.00, real=0.00 secs] 
2024-07-23T00:26:04.315+0800: 12.973: Total time for which application threads were stopped: 0.0211165 seconds, Stopping threads took: 0.0207266 seconds
2024-07-23T00:26:04.315+0800: 12.973: [CMS-concurrent-mark-start]
2024-07-23T00:26:04.316+0800: 12.974: [CMS-concurrent-mark: 0.002/0.002 secs] [Times: user=0.00 sys=0.00, real=0.00 secs] 
2024-07-23T00:26:04.316+0800: 12.974: [CMS-concurrent-preclean-start]
2024-07-23T00:26:04.318+0800: 12.975: [CMS-concurrent-preclean: 0.000/0.000 secs] [Times: user=0.00 sys=0.00, real=0.00 secs] 
2024-07-23T00:26:04.318+0800: 12.975: [GC (CMS Final Remark) [YG occupancy: 0 K (157248 K)]2024-07-23T00:26:04.318+0800: 12.975: [Rescan (parallel) , 0.0002953 secs]2024-07-23T00:26:04.318+0800: 12.975: [weak refs processing, 0.0000150 secs]2024-07-23T00:26:04.318+0800: 12.975: [class unloading, 0.0003085 secs]2024-07-23T00:26:04.318+0800: 12.975: [scrub symbol table, 0.0004701 secs]2024-07-23T00:26:04.319+0800: 12.976: [scrub string table, 0.0001101 secs][1 CMS-remark: 205856K(349568K)] 205856K(506816K), 0.0012772 secs] [Times: user=0.00 sys=0.00, real=0.00 secs] 
2024-07-23T00:26:04.319+0800: 12.976: Total time for which application threads were stopped: 0.0013514 seconds, Stopping threads took: 0.0000286 seconds
2024-07-23T00:26:04.319+0800: 12.976: [CMS-concurrent-sweep-start]
2024-07-23T00:26:04.319+0800: 12.976: [CMS-concurrent-sweep: 0.000/0.000 secs] [Times: user=0.00 sys=0.00, real=0.00 secs] 
2024-07-23T00:26:04.319+0800: 12.976: [CMS-concurrent-reset-start]
2024-07-23T00:26:04.319+0800: 12.977: [CMS-concurrent-reset: 0.000/0.000 secs] [Times: user=0.00 sys=0.00, real=0.00 secs] 
{Heap before GC invocations=288 (full 573):
 par new generation   total 157248K, used 0K [0x00000000e0000000, 0x00000000eaaa0000, 0x00000000eaaa0000)
  eden space 139776K,   0% used [0x00000000e0000000, 0x00000000e0000000, 0x00000000e8880000)
  from space 17472K,   0% used [0x00000000e8880000, 0x00000000e8880000, 0x00000000e9990000)
  to   space 17472K,   0% used [0x00000000e9990000, 0x00000000e9990000, 0x00000000eaaa0000)
 concurrent mark-sweep generation total 349568K, used 205856K [0x00000000eaaa0000, 0x0000000100000000, 0x0000000100000000)
 Metaspace       used 3957K, capacity 4568K, committed 4864K, reserved 1056768K
  class space    used 431K, capacity 460K, committed 512K, reserved 1048576K
2024-07-23T00:26:04.333+0800: 12.990: [GC (Allocation Failure) 2024-07-23T00:26:04.333+0800: 12.990: [ParNew
Desired survivor size 8945664 bytes, new threshold 6 (max 6)
: 0K->0K(157248K), 0.0009852 secs]2024-07-23T00:26:04.334+0800: 12.991: [CMS: 205856K->1056K(349568K), 0.0027141 secs] 205856K->1056K(506816K), [Metaspace: 3957K->3957K(1056768K)], 0.0037882 secs] [Times: user=0.00 sys=0.00, real=0.00 secs] 
Heap after GC invocations=289 (full 574):
 par new generation   total 157248K, used 0K [0x00000000e0000000, 0x00000000eaaa0000, 0x00000000eaaa0000)
  eden space 139776K,   0% used [0x00000000e0000000, 0x00000000e0000000, 0x00000000e8880000)
  from space 17472K,   0% used [0x00000000e9990000, 0x00000000e9990000, 0x00000000eaaa0000)
  to   space 17472K,   0% used [0x00000000e8880000, 0x00000000e8880000, 0x00000000e9990000)
 concurrent mark-sweep generation total 349568K, used 1056K [0x00000000eaaa0000, 0x0000000100000000, 0x0000000100000000)
 Metaspace       used 3957K, capacity 4568K, committed 4864K, reserved 1056768K
  class space    used 431K, capacity 460K, committed 512K, reserved 1048576K
}
2024-07-23T00:26:04.336+0800: 12.994: Total time for which application threads were stopped: 0.0039423 seconds, Stopping threads took: 0.0000326 seconds
2024-07-23T00:26:04.354+0800: 13.011: [GC (CMS Initial Mark) [1 CMS-initial-mark: 205856K(349568K)] 205856K(506816K), 0.0002273 secs] [Times: user=0.00 sys=0.00, real=0.00 secs] 
2024-07-23T00:26:04.354+0800: 13.011: Total time for which application threads were stopped: 0.0177111 seconds, Stopping threads took: 0.0174310 seconds
2024-07-23T00:26:04.354+0800: 13.011: [CMS-concurrent-mark-start]
2024-07-23T00:26:04.356+0800: 13.013: [CMS-concurrent-mark: 0.001/0.001 secs] [Times: user=0.00 sys=0.00, real=0.00 secs] 
2024-07-23T00:26:04.356+0800: 13.013: [CMS-concurrent-preclean-start]
2024-07-23T00:26:04.356+0800: 13.013: [CMS-concurrent-preclean: 0.000/0.000 secs] [Times: user=0.00 sys=0.00, real=0.00 secs] 
2024-07-23T00:26:04.356+0800: 13.013: [GC (CMS Final Remark) [YG occupancy: 0 K (157248 K)]2024-07-23T00:26:04.356+0800: 13.013: [Rescan (parallel) , 0.0002603 secs]2024-07-23T00:26:04.356+0800: 13.013: [weak refs processing, 0.0000084 secs]2024-07-23T00:26:04.356+0800: 13.013: [class unloading, 0.0002377 secs]2024-07-23T00:26:04.357+0800: 13.014: [scrub symbol table, 0.0004211 secs]2024-07-23T00:26:04.357+0800: 13.014: [scrub string table, 0.0001006 secs][1 CMS-remark: 205856K(349568K)] 205856K(506816K), 0.0010789 secs] [Times: user=0.00 sys=0.00, real=0.00 secs] 
2024-07-23T00:26:04.357+0800: 13.014: Total time for which application threads were stopped: 0.0011272 seconds, Stopping threads took: 0.0000182 seconds
2024-07-23T00:26:04.357+0800: 13.014: [CMS-concurrent-sweep-start]
2024-07-23T00:26:04.358+0800: 13.015: [CMS-concurrent-sweep: 0.000/0.000 secs] [Times: user=0.00 sys=0.00, real=0.00 secs] 
2024-07-23T00:26:04.358+0800: 13.015: [CMS-concurrent-reset-start]
2024-07-23T00:26:04.358+0800: 13.015: [CMS-concurrent-reset: 0.000/0.000 secs] [Times: user=0.00 sys=0.00, real=0.00 secs] 
{Heap before GC invocations=289 (full 575):
 par new generation   total 157248K, used 0K [0x00000000e0000000, 0x00000000eaaa0000, 0x00000000eaaa0000)
  eden space 139776K,   0% used [0x00000000e0000000, 0x00000000e0000000, 0x00000000e8880000)
  from space 17472K,   0% used [0x00000000e9990000, 0x00000000e9990000, 0x00000000eaaa0000)
  to   space 17472K,   0% used [0x00000000e8880000, 0x00000000e8880000, 0x00000000e9990000)
 concurrent mark-sweep generation total 349568K, used 205856K [0x00000000eaaa0000, 0x0000000100000000, 0x0000000100000000)
 Metaspace       used 3957K, capacity 4568K, committed 4864K, reserved 1056768K
  class space    used 431K, capacity 460K, committed 512K, reserved 1048576K
2024-07-23T00:26:04.379+0800: 13.036: [GC (Allocation Failure) 2024-07-23T00:26:04.379+0800: 13.036: [ParNew
Desired survivor size 8945664 bytes, new threshold 6 (max 6)
: 0K->0K(157248K), 0.0014285 secs]2024-07-23T00:26:04.380+0800: 13.038: [CMS: 205856K->1056K(349568K), 0.0033365 secs] 205856K->1056K(506816K), [Metaspace: 3957K->3957K(1056768K)], 0.0049327 secs] [Times: user=0.00 sys=0.00, real=0.01 secs] 
Heap after GC invocations=290 (full 576):
 par new generation   total 157248K, used 0K [0x00000000e0000000, 0x00000000eaaa0000, 0x00000000eaaa0000)
  eden space 139776K,   0% used [0x00000000e0000000, 0x00000000e0000000, 0x00000000e8880000)
  from space 17472K,   0% used [0x00000000e8880000, 0x00000000e8880000, 0x00000000e9990000)
  to   space 17472K,   0% used [0x00000000e9990000, 0x00000000e9990000, 0x00000000eaaa0000)
 concurrent mark-sweep generation total 349568K, used 1056K [0x00000000eaaa0000, 0x0000000100000000, 0x0000000100000000)
 Metaspace       used 3957K, capacity 4568K, committed 4864K, reserved 1056768K
  class space    used 431K, capacity 460K, committed 512K, reserved 1048576K
}
2024-07-23T00:26:04.384+0800: 13.041: Total time for which application threads were stopped: 0.0050858 seconds, Stopping threads took: 0.0000348 seconds
2024-07-23T00:26:04.402+0800: 13.059: [GC (CMS Initial Mark) [1 CMS-initial-mark: 205856K(349568K)] 205856K(506816K), 0.0002386 secs] [Times: user=0.00 sys=0.00, real=0.00 secs] 
2024-07-23T00:26:04.402+0800: 13.059: Total time for which application threads were stopped: 0.0176167 seconds, Stopping threads took: 0.0173247 seconds
2024-07-23T00:26:04.402+0800: 13.059: [CMS-concurrent-mark-start]
2024-07-23T00:26:04.403+0800: 13.060: [CMS-concurrent-mark: 0.001/0.001 secs] [Times: user=0.00 sys=0.00, real=0.00 secs] 
2024-07-23T00:26:04.404+0800: 13.060: [CMS-concurrent-preclean-start]
2024-07-23T00:26:04.404+0800: 13.060: [CMS-concurrent-preclean: 0.000/0.000 secs] [Times: user=0.00 sys=0.00, real=0.00 secs] 
2024-07-23T00:26:04.404+0800: 13.061: [GC (CMS Final Remark) [YG occupancy: 0 K (157248 K)]2024-07-23T00:26:04.404+0800: 13.061: [Rescan (parallel) , 0.0003522 secs]2024-07-23T00:26:04.404+0800: 13.061: [weak refs processing, 0.0000089 secs]2024-07-23T00:26:04.404+0800: 13.061: [class unloading, 0.0002019 secs]2024-07-23T00:26:04.404+0800: 13.061: [scrub symbol table, 0.0003288 secs]2024-07-23T00:26:04.404+0800: 13.061: [scrub string table, 0.0000959 secs][1 CMS-remark: 205856K(349568K)] 205856K(506816K), 0.0010273 secs] [Times: user=0.00 sys=0.00, real=0.00 secs] 
2024-07-23T00:26:04.405+0800: 13.062: Total time for which application threads were stopped: 0.0010711 seconds, Stopping threads took: 0.0000118 seconds
2024-07-23T00:26:04.405+0800: 13.062: [CMS-concurrent-sweep-start]
2024-07-23T00:26:04.405+0800: 13.062: [CMS-concurrent-sweep: 0.000/0.000 secs] [Times: user=0.00 sys=0.00, real=0.00 secs] 
2024-07-23T00:26:04.405+0800: 13.062: [CMS-concurrent-reset-start]
2024-07-23T00:26:04.405+0800: 13.062: [CMS-concurrent-reset: 0.000/0.000 secs] [Times: user=0.00 sys=0.00, real=0.00 secs] 
{Heap before GC invocations=290 (full 577):
 par new generation   total 157248K, used 0K [0x00000000e0000000, 0x00000000eaaa0000, 0x00000000eaaa0000)
  eden space 139776K,   0% used [0x00000000e0000000, 0x00000000e0000000, 0x00000000e8880000)
  from space 17472K,   0% used [0x00000000e8880000, 0x00000000e8880000, 0x00000000e9990000)
  to   space 17472K,   0% used [0x00000000e9990000, 0x00000000e9990000, 0x00000000eaaa0000)
 concurrent mark-sweep generation total 349568K, used 205856K [0x00000000eaaa0000, 0x0000000100000000, 0x0000000100000000)
 Metaspace       used 3957K, capacity 4568K, committed 4864K, reserved 1056768K
  class space    used 431K, capacity 460K, committed 512K, reserved 1048576K
2024-07-23T00:26:04.427+0800: 13.084: [GC (Allocation Failure) 2024-07-23T00:26:04.427+0800: 13.084: [ParNew
Desired survivor size 8945664 bytes, new threshold 6 (max 6)
: 0K->0K(157248K), 0.0012172 secs]2024-07-23T00:26:04.428+0800: 13.085: [CMS: 205856K->1056K(349568K), 0.0032772 secs] 205856K->1056K(506816K), [Metaspace: 3957K->3957K(1056768K)], 0.0046458 secs] [Times: user=0.00 sys=0.00, real=0.00 secs] 
Heap after GC invocations=291 (full 578):
 par new generation   total 157248K, used 0K [0x00000000e0000000, 0x00000000eaaa0000, 0x00000000eaaa0000)
  eden space 139776K,   0% used [0x00000000e0000000, 0x00000000e0000000, 0x00000000e8880000)
  from space 17472K,   0% used [0x00000000e9990000, 0x00000000e9990000, 0x00000000eaaa0000)
  to   space 17472K,   0% used [0x00000000e8880000, 0x00000000e8880000, 0x00000000e9990000)
 concurrent mark-sweep generation total 349568K, used 1056K [0x00000000eaaa0000, 0x0000000100000000, 0x0000000100000000)
 Metaspace       used 3957K, capacity 4568K, committed 4864K, reserved 1056768K
  class space    used 431K, capacity 460K, committed 512K, reserved 1048576K
}
2024-07-23T00:26:04.432+0800: 13.088: Total time for which application threads were stopped: 0.0048053 seconds, Stopping threads took: 0.0000312 seconds
2024-07-23T00:26:04.449+0800: 13.106: [GC (CMS Initial Mark) [1 CMS-initial-mark: 205856K(349568K)] 205856K(506816K), 0.0005180 secs] [Times: user=0.00 sys=0.00, real=0.00 secs] 
2024-07-23T00:26:04.450+0800: 13.107: Total time for which application threads were stopped: 0.0182755 seconds, Stopping threads took: 0.0176370 seconds
2024-07-23T00:26:04.450+0800: 13.107: [CMS-concurrent-mark-start]
2024-07-23T00:26:04.451+0800: 13.108: [CMS-concurrent-mark: 0.001/0.001 secs] [Times: user=0.00 sys=0.00, real=0.00 secs] 
2024-07-23T00:26:04.451+0800: 13.108: [CMS-concurrent-preclean-start]
2024-07-23T00:26:04.451+0800: 13.109: [CMS-concurrent-preclean: 0.000/0.000 secs] [Times: user=0.00 sys=0.00, real=0.00 secs] 
2024-07-23T00:26:04.451+0800: 13.109: [GC (CMS Final Remark) [YG occupancy: 0 K (157248 K)]2024-07-23T00:26:04.451+0800: 13.109: [Rescan (parallel) , 0.0003086 secs]2024-07-23T00:26:04.452+0800: 13.109: [weak refs processing, 0.0000077 secs]2024-07-23T00:26:04.452+0800: 13.109: [class unloading, 0.0001999 secs]2024-07-23T00:26:04.452+0800: 13.109: [scrub symbol table, 0.0003238 secs]2024-07-23T00:26:04.452+0800: 13.110: [scrub string table, 0.0000961 secs][1 CMS-remark: 205856K(349568K)] 205856K(506816K), 0.0009776 secs] [Times: user=0.00 sys=0.00, real=0.00 secs] 
2024-07-23T00:26:04.452+0800: 13.110: Total time for which application threads were stopped: 0.0010243 seconds, Stopping threads took: 0.0000186 seconds
2024-07-23T00:26:04.452+0800: 13.110: [CMS-concurrent-sweep-start]
2024-07-23T00:26:04.453+0800: 13.110: [CMS-concurrent-sweep: 0.000/0.000 secs] [Times: user=0.00 sys=0.00, real=0.00 secs] 
2024-07-23T00:26:04.453+0800: 13.110: [CMS-concurrent-reset-start]
2024-07-23T00:26:04.453+0800: 13.110: [CMS-concurrent-reset: 0.000/0.000 secs] [Times: user=0.00 sys=0.00, real=0.00 secs] 
{Heap before GC invocations=291 (full 579):
 par new generation   total 157248K, used 0K [0x00000000e0000000, 0x00000000eaaa0000, 0x00000000eaaa0000)
  eden space 139776K,   0% used [0x00000000e0000000, 0x00000000e0000000, 0x00000000e8880000)
  from space 17472K,   0% used [0x00000000e9990000, 0x00000000e9990000, 0x00000000eaaa0000)
  to   space 17472K,   0% used [0x00000000e8880000, 0x00000000e8880000, 0x00000000e9990000)
 concurrent mark-sweep generation total 349568K, used 205856K [0x00000000eaaa0000, 0x0000000100000000, 0x0000000100000000)
 Metaspace       used 3957K, capacity 4568K, committed 4864K, reserved 1056768K
  class space    used 431K, capacity 460K, committed 512K, reserved 1048576K
2024-07-23T00:26:04.473+0800: 13.130: [GC (Allocation Failure) 2024-07-23T00:26:04.473+0800: 13.130: [ParNew
Desired survivor size 8945664 bytes, new threshold 6 (max 6)
: 0K->0K(157248K), 0.0019995 secs]2024-07-23T00:26:04.474+0800: 13.132: [CMS: 205856K->1056K(349568K), 0.0051835 secs] 205856K->1056K(506816K), [Metaspace: 3957K->3957K(1056768K)], 0.0074278 secs] [Times: user=0.00 sys=0.00, real=0.01 secs] 
Heap after GC invocations=292 (full 580):
 par new generation   total 157248K, used 0K [0x00000000e0000000, 0x00000000eaaa0000, 0x00000000eaaa0000)
  eden space 139776K,   0% used [0x00000000e0000000, 0x00000000e0000000, 0x00000000e8880000)
  from space 17472K,   0% used [0x00000000e8880000, 0x00000000e8880000, 0x00000000e9990000)
  to   space 17472K,   0% used [0x00000000e9990000, 0x00000000e9990000, 0x00000000eaaa0000)
 concurrent mark-sweep generation total 349568K, used 1056K [0x00000000eaaa0000, 0x0000000100000000, 0x0000000100000000)
 Metaspace       used 3957K, capacity 4568K, committed 4864K, reserved 1056768K
  class space    used 431K, capacity 460K, committed 512K, reserved 1048576K
}
2024-07-23T00:26:04.480+0800: 13.137: Total time for which application threads were stopped: 0.0076377 seconds, Stopping threads took: 0.0000533 seconds
2024-07-23T00:26:04.497+0800: 13.155: [GC (CMS Initial Mark) [1 CMS-initial-mark: 205856K(349568K)] 205856K(506816K), 0.0006742 secs] [Times: user=0.00 sys=0.00, real=0.00 secs] 
2024-07-23T00:26:04.498+0800: 13.155: Total time for which application threads were stopped: 0.0180288 seconds, Stopping threads took: 0.0172868 seconds
2024-07-23T00:26:04.498+0800: 13.155: [CMS-concurrent-mark-start]
2024-07-23T00:26:04.500+0800: 13.157: [CMS-concurrent-mark: 0.001/0.001 secs] [Times: user=0.00 sys=0.00, real=0.00 secs] 
2024-07-23T00:26:04.500+0800: 13.157: [CMS-concurrent-preclean-start]
2024-07-23T00:26:04.500+0800: 13.157: [CMS-concurrent-preclean: 0.000/0.000 secs] [Times: user=0.00 sys=0.00, real=0.00 secs] 
2024-07-23T00:26:04.500+0800: 13.157: [GC (CMS Final Remark) [YG occupancy: 0 K (157248 K)]2024-07-23T00:26:04.500+0800: 13.157: [Rescan (parallel) , 0.0006717 secs]2024-07-23T00:26:04.501+0800: 13.158: [weak refs processing, 0.0000088 secs]2024-07-23T00:26:04.501+0800: 13.158: [class unloading, 0.0002006 secs]2024-07-23T00:26:04.501+0800: 13.158: [scrub symbol table, 0.0003273 secs]2024-07-23T00:26:04.501+0800: 13.158: [scrub string table, 0.0000945 secs][1 CMS-remark: 205856K(349568K)] 205856K(506816K), 0.0013431 secs] [Times: user=0.00 sys=0.00, real=0.00 secs] 
2024-07-23T00:26:04.501+0800: 13.158: Total time for which application threads were stopped: 0.0013896 seconds, Stopping threads took: 0.0000150 seconds
2024-07-23T00:26:04.501+0800: 13.159: [CMS-concurrent-sweep-start]
2024-07-23T00:26:04.502+0800: 13.159: [CMS-concurrent-sweep: 0.000/0.000 secs] [Times: user=0.00 sys=0.00, real=0.00 secs] 
2024-07-23T00:26:04.502+0800: 13.159: [CMS-concurrent-reset-start]
2024-07-23T00:26:04.502+0800: 13.159: [CMS-concurrent-reset: 0.000/0.000 secs] [Times: user=0.00 sys=0.00, real=0.00 secs] 
{Heap before GC invocations=292 (full 581):
 par new generation   total 157248K, used 0K [0x00000000e0000000, 0x00000000eaaa0000, 0x00000000eaaa0000)
  eden space 139776K,   0% used [0x00000000e0000000, 0x00000000e0000000, 0x00000000e8880000)
  from space 17472K,   0% used [0x00000000e8880000, 0x00000000e8880000, 0x00000000e9990000)
  to   space 17472K,   0% used [0x00000000e9990000, 0x00000000e9990000, 0x00000000eaaa0000)
 concurrent mark-sweep generation total 349568K, used 205856K [0x00000000eaaa0000, 0x0000000100000000, 0x0000000100000000)
 Metaspace       used 3957K, capacity 4568K, committed 4864K, reserved 1056768K
  class space    used 431K, capacity 460K, committed 512K, reserved 1048576K
2024-07-23T00:26:04.520+0800: 13.177: [GC (Allocation Failure) 2024-07-23T00:26:04.520+0800: 13.177: [ParNew
Desired survivor size 8945664 bytes, new threshold 6 (max 6)
: 0K->0K(157248K), 0.0007989 secs]2024-07-23T00:26:04.521+0800: 13.178: [CMS: 205856K->1056K(349568K), 0.0024082 secs] 205856K->1056K(506816K), [Metaspace: 3957K->3957K(1056768K)], 0.0032963 secs] [Times: user=0.00 sys=0.00, real=0.00 secs] 
Heap after GC invocations=293 (full 582):
 par new generation   total 157248K, used 0K [0x00000000e0000000, 0x00000000eaaa0000, 0x00000000eaaa0000)
  eden space 139776K,   0% used [0x00000000e0000000, 0x00000000e0000000, 0x00000000e8880000)
  from space 17472K,   0% used [0x00000000e9990000, 0x00000000e9990000, 0x00000000eaaa0000)
  to   space 17472K,   0% used [0x00000000e8880000, 0x00000000e8880000, 0x00000000e9990000)
 concurrent mark-sweep generation total 349568K, used 1056K [0x00000000eaaa0000, 0x0000000100000000, 0x0000000100000000)
 Metaspace       used 3957K, capacity 4568K, committed 4864K, reserved 1056768K
  class space    used 431K, capacity 460K, committed 512K, reserved 1048576K
}
2024-07-23T00:26:04.523+0800: 13.180: Total time for which application threads were stopped: 0.0034184 seconds, Stopping threads took: 0.0000250 seconds
2024-07-23T00:26:04.541+0800: 13.198: [GC (CMS Initial Mark) [1 CMS-initial-mark: 205856K(349568K)] 205856K(506816K), 0.0004854 secs] [Times: user=0.00 sys=0.00, real=0.00 secs] 
2024-07-23T00:26:04.541+0800: 13.198: Total time for which application threads were stopped: 0.0178913 seconds, Stopping threads took: 0.0173388 seconds
2024-07-23T00:26:04.541+0800: 13.198: [CMS-concurrent-mark-start]
2024-07-23T00:26:04.543+0800: 13.200: [CMS-concurrent-mark: 0.001/0.001 secs] [Times: user=0.00 sys=0.00, real=0.00 secs] 
2024-07-23T00:26:04.543+0800: 13.200: [CMS-concurrent-preclean-start]
2024-07-23T00:26:04.543+0800: 13.200: [CMS-concurrent-preclean: 0.000/0.000 secs] [Times: user=0.00 sys=0.00, real=0.00 secs] 
2024-07-23T00:26:04.543+0800: 13.200: [GC (CMS Final Remark) [YG occupancy: 0 K (157248 K)]2024-07-23T00:26:04.543+0800: 13.200: [Rescan (parallel) , 0.0004400 secs]2024-07-23T00:26:04.543+0800: 13.201: [weak refs processing, 0.0000080 secs]2024-07-23T00:26:04.543+0800: 13.201: [class unloading, 0.0002504 secs]2024-07-23T00:26:04.543+0800: 13.201: [scrub symbol table, 0.0003739 secs]2024-07-23T00:26:04.543+0800: 13.202: [scrub string table, 0.0001037 secs][1 CMS-remark: 205856K(349568K)] 205856K(506816K), 0.0012336 secs] [Times: user=0.00 sys=0.00, real=0.00 secs] 
2024-07-23T00:26:04.545+0800: 13.202: Total time for which application threads were stopped: 0.0012948 seconds, Stopping threads took: 0.0000269 seconds
2024-07-23T00:26:04.545+0800: 13.202: [CMS-concurrent-sweep-start]
2024-07-23T00:26:04.545+0800: 13.202: [CMS-concurrent-sweep: 0.000/0.000 secs] [Times: user=0.00 sys=0.00, real=0.00 secs] 
2024-07-23T00:26:04.545+0800: 13.202: [CMS-concurrent-reset-start]
2024-07-23T00:26:04.545+0800: 13.202: [CMS-concurrent-reset: 0.000/0.000 secs] [Times: user=0.00 sys=0.00, real=0.00 secs] 
{Heap before GC invocations=293 (full 583):
 par new generation   total 157248K, used 0K [0x00000000e0000000, 0x00000000eaaa0000, 0x00000000eaaa0000)
  eden space 139776K,   0% used [0x00000000e0000000, 0x00000000e0000000, 0x00000000e8880000)
  from space 17472K,   0% used [0x00000000e9990000, 0x00000000e9990000, 0x00000000eaaa0000)
  to   space 17472K,   0% used [0x00000000e8880000, 0x00000000e8880000, 0x00000000e9990000)
 concurrent mark-sweep generation total 349568K, used 205856K [0x00000000eaaa0000, 0x0000000100000000, 0x0000000100000000)
 Metaspace       used 3957K, capacity 4568K, committed 4864K, reserved 1056768K
  class space    used 431K, capacity 460K, committed 512K, reserved 1048576K
2024-07-23T00:26:04.566+0800: 13.223: [GC (Allocation Failure) 2024-07-23T00:26:04.566+0800: 13.223: [ParNew
Desired survivor size 8945664 bytes, new threshold 6 (max 6)
: 0K->0K(157248K), 0.0009997 secs]2024-07-23T00:26:04.567+0800: 13.224: [CMS: 205856K->1056K(349568K), 0.0050467 secs] 205856K->1056K(506816K), [Metaspace: 3957K->3957K(1056768K)], 0.0062007 secs] [Times: user=0.00 sys=0.00, real=0.01 secs] 
Heap after GC invocations=294 (full 584):
 par new generation   total 157248K, used 0K [0x00000000e0000000, 0x00000000eaaa0000, 0x00000000eaaa0000)
  eden space 139776K,   0% used [0x00000000e0000000, 0x00000000e0000000, 0x00000000e8880000)
  from space 17472K,   0% used [0x00000000e8880000, 0x00000000e8880000, 0x00000000e9990000)
  to   space 17472K,   0% used [0x00000000e9990000, 0x00000000e9990000, 0x00000000eaaa0000)
 concurrent mark-sweep generation total 349568K, used 1056K [0x00000000eaaa0000, 0x0000000100000000, 0x0000000100000000)
 Metaspace       used 3957K, capacity 4568K, committed 4864K, reserved 1056768K
  class space    used 431K, capacity 460K, committed 512K, reserved 1048576K
}
2024-07-23T00:26:04.572+0800: 13.229: Total time for which application threads were stopped: 0.0063337 seconds, Stopping threads took: 0.0000247 seconds
2024-07-23T00:26:04.590+0800: 13.248: [GC (CMS Initial Mark) [1 CMS-initial-mark: 205856K(349568K)] 205856K(506816K), 0.0003387 secs] [Times: user=0.00 sys=0.00, real=0.00 secs] 
2024-07-23T00:26:04.591+0800: 13.248: Total time for which application threads were stopped: 0.0189442 seconds, Stopping threads took: 0.0185480 seconds
2024-07-23T00:26:04.591+0800: 13.248: [CMS-concurrent-mark-start]
2024-07-23T00:26:04.592+0800: 13.249: [CMS-concurrent-mark: 0.001/0.001 secs] [Times: user=0.00 sys=0.00, real=0.00 secs] 
2024-07-23T00:26:04.592+0800: 13.249: [CMS-concurrent-preclean-start]
2024-07-23T00:26:04.592+0800: 13.250: [CMS-concurrent-preclean: 0.000/0.000 secs] [Times: user=0.00 sys=0.00, real=0.00 secs] 
2024-07-23T00:26:04.592+0800: 13.250: [GC (CMS Final Remark) [YG occupancy: 0 K (157248 K)]2024-07-23T00:26:04.592+0800: 13.250: [Rescan (parallel) , 0.0001840 secs]2024-07-23T00:26:04.592+0800: 13.250: [weak refs processing, 0.0000071 secs]2024-07-23T00:26:04.592+0800: 13.250: [class unloading, 0.0002100 secs]2024-07-23T00:26:04.593+0800: 13.250: [scrub symbol table, 0.0003405 secs]2024-07-23T00:26:04.593+0800: 13.250: [scrub string table, 0.0000993 secs][1 CMS-remark: 205856K(349568K)] 205856K(506816K), 0.0008829 secs] [Times: user=0.00 sys=0.00, real=0.00 secs] 
2024-07-23T00:26:04.593+0800: 13.251: Total time for which application threads were stopped: 0.0009205 seconds, Stopping threads took: 0.0000129 seconds
2024-07-23T00:26:04.594+0800: 13.251: [CMS-concurrent-sweep-start]
2024-07-23T00:26:04.594+0800: 13.251: [CMS-concurrent-sweep: 0.000/0.000 secs] [Times: user=0.00 sys=0.00, real=0.00 secs] 
2024-07-23T00:26:04.594+0800: 13.251: [CMS-concurrent-reset-start]
2024-07-23T00:26:04.594+0800: 13.251: [CMS-concurrent-reset: 0.000/0.000 secs] [Times: user=0.00 sys=0.00, real=0.00 secs] 
{Heap before GC invocations=294 (full 585):
 par new generation   total 157248K, used 0K [0x00000000e0000000, 0x00000000eaaa0000, 0x00000000eaaa0000)
  eden space 139776K,   0% used [0x00000000e0000000, 0x00000000e0000000, 0x00000000e8880000)
  from space 17472K,   0% used [0x00000000e8880000, 0x00000000e8880000, 0x00000000e9990000)
  to   space 17472K,   0% used [0x00000000e9990000, 0x00000000e9990000, 0x00000000eaaa0000)
 concurrent mark-sweep generation total 349568K, used 205856K [0x00000000eaaa0000, 0x0000000100000000, 0x0000000100000000)
 Metaspace       used 3957K, capacity 4568K, committed 4864K, reserved 1056768K
  class space    used 431K, capacity 460K, committed 512K, reserved 1048576K
2024-07-23T00:26:04.613+0800: 13.270: [GC (Allocation Failure) 2024-07-23T00:26:04.613+0800: 13.270: [ParNew
Desired survivor size 8945664 bytes, new threshold 6 (max 6)
: 0K->0K(157248K), 0.0011512 secs]2024-07-23T00:26:04.614+0800: 13.271: [CMS: 205856K->1056K(349568K), 0.0037447 secs] 205856K->1056K(506816K), [Metaspace: 3957K->3957K(1056768K)], 0.0050762 secs] [Times: user=0.00 sys=0.00, real=0.01 secs] 
Heap after GC invocations=295 (full 586):
 par new generation   total 157248K, used 0K [0x00000000e0000000, 0x00000000eaaa0000, 0x00000000eaaa0000)
  eden space 139776K,   0% used [0x00000000e0000000, 0x00000000e0000000, 0x00000000e8880000)
  from space 17472K,   0% used [0x00000000e9990000, 0x00000000e9990000, 0x00000000eaaa0000)
  to   space 17472K,   0% used [0x00000000e8880000, 0x00000000e8880000, 0x00000000e9990000)
 concurrent mark-sweep generation total 349568K, used 1056K [0x00000000eaaa0000, 0x0000000100000000, 0x0000000100000000)
 Metaspace       used 3957K, capacity 4568K, committed 4864K, reserved 1056768K
  class space    used 431K, capacity 460K, committed 512K, reserved 1048576K
}
2024-07-23T00:26:04.618+0800: 13.275: Total time for which application threads were stopped: 0.0052122 seconds, Stopping threads took: 0.0000268 seconds
2024-07-23T00:26:04.637+0800: 13.294: [GC (CMS Initial Mark) [1 CMS-initial-mark: 205856K(349568K)] 205856K(506816K), 0.0003171 secs] [Times: user=0.00 sys=0.00, real=0.00 secs] 
2024-07-23T00:26:04.637+0800: 13.294: Total time for which application threads were stopped: 0.0188078 seconds, Stopping threads took: 0.0184217 seconds
2024-07-23T00:26:04.637+0800: 13.294: [CMS-concurrent-mark-start]
2024-07-23T00:26:04.638+0800: 13.295: [CMS-concurrent-mark: 0.001/0.001 secs] [Times: user=0.02 sys=0.00, real=0.00 secs] 
2024-07-23T00:26:04.638+0800: 13.295: [CMS-concurrent-preclean-start]
2024-07-23T00:26:04.638+0800: 13.295: [CMS-concurrent-preclean: 0.000/0.000 secs] [Times: user=0.00 sys=0.00, real=0.00 secs] 
2024-07-23T00:26:04.638+0800: 13.296: [GC (CMS Final Remark) [YG occupancy: 0 K (157248 K)]2024-07-23T00:26:04.639+0800: 13.296: [Rescan (parallel) , 0.0002926 secs]2024-07-23T00:26:04.639+0800: 13.296: [weak refs processing, 0.0000081 secs]2024-07-23T00:26:04.639+0800: 13.296: [class unloading, 0.0002472 secs]2024-07-23T00:26:04.639+0800: 13.296: [scrub symbol table, 0.0003532 secs]2024-07-23T00:26:04.639+0800: 13.296: [scrub string table, 0.0001018 secs][1 CMS-remark: 205856K(349568K)] 205856K(506816K), 0.0010422 secs] [Times: user=0.00 sys=0.00, real=0.00 secs] 
2024-07-23T00:26:04.640+0800: 13.297: Total time for which application threads were stopped: 0.0010960 seconds, Stopping threads took: 0.0000267 seconds
2024-07-23T00:26:04.640+0800: 13.297: [CMS-concurrent-sweep-start]
2024-07-23T00:26:04.640+0800: 13.297: [CMS-concurrent-sweep: 0.000/0.000 secs] [Times: user=0.00 sys=0.00, real=0.00 secs] 
2024-07-23T00:26:04.640+0800: 13.297: [CMS-concurrent-reset-start]
2024-07-23T00:26:04.640+0800: 13.297: [CMS-concurrent-reset: 0.000/0.000 secs] [Times: user=0.00 sys=0.00, real=0.00 secs] 
{Heap before GC invocations=295 (full 587):
 par new generation   total 157248K, used 0K [0x00000000e0000000, 0x00000000eaaa0000, 0x00000000eaaa0000)
  eden space 139776K,   0% used [0x00000000e0000000, 0x00000000e0000000, 0x00000000e8880000)
  from space 17472K,   0% used [0x00000000e9990000, 0x00000000e9990000, 0x00000000eaaa0000)
  to   space 17472K,   0% used [0x00000000e8880000, 0x00000000e8880000, 0x00000000e9990000)
 concurrent mark-sweep generation total 349568K, used 205856K [0x00000000eaaa0000, 0x0000000100000000, 0x0000000100000000)
 Metaspace       used 3957K, capacity 4568K, committed 4864K, reserved 1056768K
  class space    used 431K, capacity 460K, committed 512K, reserved 1048576K
2024-07-23T00:26:04.661+0800: 13.318: [GC (Allocation Failure) 2024-07-23T00:26:04.661+0800: 13.318: [ParNew
Desired survivor size 8945664 bytes, new threshold 6 (max 6)
: 0K->0K(157248K), 0.0011795 secs]2024-07-23T00:26:04.662+0800: 13.319: [CMS: 205856K->1056K(349568K), 0.0038116 secs] 205856K->1056K(506816K), [Metaspace: 3957K->3957K(1056768K)], 0.0051546 secs] [Times: user=0.00 sys=0.00, real=0.00 secs] 
Heap after GC invocations=296 (full 588):
 par new generation   total 157248K, used 0K [0x00000000e0000000, 0x00000000eaaa0000, 0x00000000eaaa0000)
  eden space 139776K,   0% used [0x00000000e0000000, 0x00000000e0000000, 0x00000000e8880000)
  from space 17472K,   0% used [0x00000000e8880000, 0x00000000e8880000, 0x00000000e9990000)
  to   space 17472K,   0% used [0x00000000e9990000, 0x00000000e9990000, 0x00000000eaaa0000)
 concurrent mark-sweep generation total 349568K, used 1056K [0x00000000eaaa0000, 0x0000000100000000, 0x0000000100000000)
 Metaspace       used 3957K, capacity 4568K, committed 4864K, reserved 1056768K
  class space    used 431K, capacity 460K, committed 512K, reserved 1048576K
}
2024-07-23T00:26:04.666+0800: 13.323: Total time for which application threads were stopped: 0.0052992 seconds, Stopping threads took: 0.0000334 seconds
2024-07-23T00:26:04.685+0800: 13.342: [GC (CMS Initial Mark) [1 CMS-initial-mark: 205856K(349568K)] 205856K(506816K), 0.0005951 secs] [Times: user=0.00 sys=0.00, real=0.00 secs] 
2024-07-23T00:26:04.685+0800: 13.342: Total time for which application threads were stopped: 0.0190091 seconds, Stopping threads took: 0.0183356 seconds
2024-07-23T00:26:04.685+0800: 13.342: [CMS-concurrent-mark-start]
2024-07-23T00:26:04.687+0800: 13.344: [CMS-concurrent-mark: 0.001/0.001 secs] [Times: user=0.00 sys=0.00, real=0.00 secs] 
2024-07-23T00:26:04.687+0800: 13.344: [CMS-concurrent-preclean-start]
2024-07-23T00:26:04.687+0800: 13.344: [CMS-concurrent-preclean: 0.000/0.000 secs] [Times: user=0.00 sys=0.00, real=0.00 secs] 
2024-07-23T00:26:04.687+0800: 13.344: [GC (CMS Final Remark) [YG occupancy: 0 K (157248 K)]2024-07-23T00:26:04.687+0800: 13.344: [Rescan (parallel) , 0.0003495 secs]2024-07-23T00:26:04.687+0800: 13.344: [weak refs processing, 0.0000084 secs]2024-07-23T00:26:04.687+0800: 13.344: [class unloading, 0.0001929 secs]2024-07-23T00:26:04.688+0800: 13.345: [scrub symbol table, 0.0003308 secs]2024-07-23T00:26:04.688+0800: 13.345: [scrub string table, 0.0000947 secs][1 CMS-remark: 205856K(349568K)] 205856K(506816K), 0.0010179 secs] [Times: user=0.00 sys=0.00, real=0.00 secs] 
2024-07-23T00:26:04.688+0800: 13.345: Total time for which application threads were stopped: 0.0010554 seconds, Stopping threads took: 0.0000128 seconds
2024-07-23T00:26:04.688+0800: 13.345: [CMS-concurrent-sweep-start]
2024-07-23T00:26:04.688+0800: 13.345: [CMS-concurrent-sweep: 0.000/0.000 secs] [Times: user=0.00 sys=0.00, real=0.00 secs] 
2024-07-23T00:26:04.688+0800: 13.345: [CMS-concurrent-reset-start]
2024-07-23T00:26:04.689+0800: 13.346: [CMS-concurrent-reset: 0.000/0.000 secs] [Times: user=0.00 sys=0.00, real=0.00 secs] 
{Heap before GC invocations=296 (full 589):
 par new generation   total 157248K, used 0K [0x00000000e0000000, 0x00000000eaaa0000, 0x00000000eaaa0000)
  eden space 139776K,   0% used [0x00000000e0000000, 0x00000000e0000000, 0x00000000e8880000)
  from space 17472K,   0% used [0x00000000e8880000, 0x00000000e8880000, 0x00000000e9990000)
  to   space 17472K,   0% used [0x00000000e9990000, 0x00000000e9990000, 0x00000000eaaa0000)
 concurrent mark-sweep generation total 349568K, used 205856K [0x00000000eaaa0000, 0x0000000100000000, 0x0000000100000000)
 Metaspace       used 3957K, capacity 4568K, committed 4864K, reserved 1056768K
  class space    used 431K, capacity 460K, committed 512K, reserved 1048576K
2024-07-23T00:26:04.707+0800: 13.364: [GC (Allocation Failure) 2024-07-23T00:26:04.707+0800: 13.364: [ParNew
Desired survivor size 8945664 bytes, new threshold 6 (max 6)
: 0K->0K(157248K), 0.0008551 secs]2024-07-23T00:26:04.708+0800: 13.365: [CMS: 205856K->1056K(349568K), 0.0026782 secs] 205856K->1056K(506816K), [Metaspace: 3957K->3957K(1056768K)], 0.0036510 secs] [Times: user=0.00 sys=0.00, real=0.00 secs] 
Heap after GC invocations=297 (full 590):
 par new generation   total 157248K, used 0K [0x00000000e0000000, 0x00000000eaaa0000, 0x00000000eaaa0000)
  eden space 139776K,   0% used [0x00000000e0000000, 0x00000000e0000000, 0x00000000e8880000)
  from space 17472K,   0% used [0x00000000e9990000, 0x00000000e9990000, 0x00000000eaaa0000)
  to   space 17472K,   0% used [0x00000000e8880000, 0x00000000e8880000, 0x00000000e9990000)
 concurrent mark-sweep generation total 349568K, used 1056K [0x00000000eaaa0000, 0x0000000100000000, 0x0000000100000000)
 Metaspace       used 3957K, capacity 4568K, committed 4864K, reserved 1056768K
  class space    used 431K, capacity 460K, committed 512K, reserved 1048576K
}
2024-07-23T00:26:04.711+0800: 13.368: Total time for which application threads were stopped: 0.0037928 seconds, Stopping threads took: 0.0000382 seconds
2024-07-23T00:26:04.728+0800: 13.386: [GC (CMS Initial Mark) [1 CMS-initial-mark: 205856K(349568K)] 205856K(506816K), 0.0004344 secs] [Times: user=0.00 sys=0.00, real=0.00 secs] 
2024-07-23T00:26:04.729+0800: 13.386: Total time for which application threads were stopped: 0.0183538 seconds, Stopping threads took: 0.0177433 seconds
2024-07-23T00:26:04.729+0800: 13.386: [CMS-concurrent-mark-start]
2024-07-23T00:26:04.730+0800: 13.388: [CMS-concurrent-mark: 0.001/0.001 secs] [Times: user=0.00 sys=0.00, real=0.00 secs] 
2024-07-23T00:26:04.730+0800: 13.388: [CMS-concurrent-preclean-start]
2024-07-23T00:26:04.730+0800: 13.388: [CMS-concurrent-preclean: 0.000/0.000 secs] [Times: user=0.00 sys=0.00, real=0.00 secs] 
2024-07-23T00:26:04.730+0800: 13.388: [GC (CMS Final Remark) [YG occupancy: 0 K (157248 K)]2024-07-23T00:26:04.730+0800: 13.388: [Rescan (parallel) , 0.0001480 secs]2024-07-23T00:26:04.731+0800: 13.388: [weak refs processing, 0.0000066 secs]2024-07-23T00:26:04.731+0800: 13.388: [class unloading, 0.0001953 secs]2024-07-23T00:26:04.731+0800: 13.388: [scrub symbol table, 0.0003063 secs]2024-07-23T00:26:04.731+0800: 13.389: [scrub string table, 0.0000843 secs][1 CMS-remark: 205856K(349568K)] 205856K(506816K), 0.0007723 secs] [Times: user=0.00 sys=0.00, real=0.00 secs] 
2024-07-23T00:26:04.731+0800: 13.389: Total time for which application threads were stopped: 0.0008095 seconds, Stopping threads took: 0.0000120 seconds
2024-07-23T00:26:04.731+0800: 13.389: [CMS-concurrent-sweep-start]
2024-07-23T00:26:04.731+0800: 13.389: [CMS-concurrent-sweep: 0.000/0.000 secs] [Times: user=0.00 sys=0.00, real=0.00 secs] 
2024-07-23T00:26:04.732+0800: 13.389: [CMS-concurrent-reset-start]
2024-07-23T00:26:04.732+0800: 13.389: [CMS-concurrent-reset: 0.000/0.000 secs] [Times: user=0.00 sys=0.00, real=0.00 secs] 
{Heap before GC invocations=297 (full 591):
 par new generation   total 157248K, used 0K [0x00000000e0000000, 0x00000000eaaa0000, 0x00000000eaaa0000)
  eden space 139776K,   0% used [0x00000000e0000000, 0x00000000e0000000, 0x00000000e8880000)
  from space 17472K,   0% used [0x00000000e9990000, 0x00000000e9990000, 0x00000000eaaa0000)
  to   space 17472K,   0% used [0x00000000e8880000, 0x00000000e8880000, 0x00000000e9990000)
 concurrent mark-sweep generation total 349568K, used 205856K [0x00000000eaaa0000, 0x0000000100000000, 0x0000000100000000)
 Metaspace       used 3957K, capacity 4568K, committed 4864K, reserved 1056768K
  class space    used 431K, capacity 460K, committed 512K, reserved 1048576K
2024-07-23T00:26:04.753+0800: 13.410: [GC (Allocation Failure) 2024-07-23T00:26:04.753+0800: 13.410: [ParNew
Desired survivor size 8945664 bytes, new threshold 6 (max 6)
: 0K->0K(157248K), 0.0006304 secs]2024-07-23T00:26:04.754+0800: 13.411: [CMS: 205856K->1056K(349568K), 0.0027970 secs] 205856K->1056K(506816K), [Metaspace: 3957K->3957K(1056768K)], 0.0035317 secs] [Times: user=0.00 sys=0.00, real=0.00 secs] 
Heap after GC invocations=298 (full 592):
 par new generation   total 157248K, used 0K [0x00000000e0000000, 0x00000000eaaa0000, 0x00000000eaaa0000)
  eden space 139776K,   0% used [0x00000000e0000000, 0x00000000e0000000, 0x00000000e8880000)
  from space 17472K,   0% used [0x00000000e8880000, 0x00000000e8880000, 0x00000000e9990000)
  to   space 17472K,   0% used [0x00000000e9990000, 0x00000000e9990000, 0x00000000eaaa0000)
 concurrent mark-sweep generation total 349568K, used 1056K [0x00000000eaaa0000, 0x0000000100000000, 0x0000000100000000)
 Metaspace       used 3957K, capacity 4568K, committed 4864K, reserved 1056768K
  class space    used 431K, capacity 460K, committed 512K, reserved 1048576K
}
2024-07-23T00:26:04.756+0800: 13.414: Total time for which application threads were stopped: 0.0036729 seconds, Stopping threads took: 0.0000345 seconds
2024-07-23T00:26:04.774+0800: 13.432: [GC (CMS Initial Mark) [1 CMS-initial-mark: 205856K(349568K)] 205856K(506816K), 0.0003959 secs] [Times: user=0.00 sys=0.00, real=0.00 secs] 
2024-07-23T00:26:04.775+0800: 13.432: Total time for which application threads were stopped: 0.0183004 seconds, Stopping threads took: 0.0178404 seconds
2024-07-23T00:26:04.775+0800: 13.432: [CMS-concurrent-mark-start]
2024-07-23T00:26:04.776+0800: 13.433: [CMS-concurrent-mark: 0.001/0.001 secs] [Times: user=0.00 sys=0.00, real=0.00 secs] 
2024-07-23T00:26:04.776+0800: 13.434: [CMS-concurrent-preclean-start]
2024-07-23T00:26:04.777+0800: 13.434: [CMS-concurrent-preclean: 0.000/0.000 secs] [Times: user=0.00 sys=0.00, real=0.00 secs] 
2024-07-23T00:26:04.777+0800: 13.434: [GC (CMS Final Remark) [YG occupancy: 0 K (157248 K)]2024-07-23T00:26:04.777+0800: 13.434: [Rescan (parallel) , 0.0001963 secs]2024-07-23T00:26:04.777+0800: 13.434: [weak refs processing, 0.0000064 secs]2024-07-23T00:26:04.777+0800: 13.434: [class unloading, 0.0001905 secs]2024-07-23T00:26:04.777+0800: 13.434: [scrub symbol table, 0.0002913 secs]2024-07-23T00:26:04.777+0800: 13.434: [scrub string table, 0.0000813 secs][1 CMS-remark: 205856K(349568K)] 205856K(506816K), 0.0008036 secs] [Times: user=0.00 sys=0.00, real=0.00 secs] 
2024-07-23T00:26:04.777+0800: 13.435: Total time for which application threads were stopped: 0.0008408 seconds, Stopping threads took: 0.0000135 seconds
2024-07-23T00:26:04.777+0800: 13.435: [CMS-concurrent-sweep-start]
2024-07-23T00:26:04.778+0800: 13.435: [CMS-concurrent-sweep: 0.000/0.000 secs] [Times: user=0.00 sys=0.00, real=0.00 secs] 
2024-07-23T00:26:04.778+0800: 13.435: [CMS-concurrent-reset-start]
2024-07-23T00:26:04.778+0800: 13.435: [CMS-concurrent-reset: 0.000/0.000 secs] [Times: user=0.00 sys=0.00, real=0.00 secs] 
{Heap before GC invocations=298 (full 593):
 par new generation   total 157248K, used 0K [0x00000000e0000000, 0x00000000eaaa0000, 0x00000000eaaa0000)
  eden space 139776K,   0% used [0x00000000e0000000, 0x00000000e0000000, 0x00000000e8880000)
  from space 17472K,   0% used [0x00000000e8880000, 0x00000000e8880000, 0x00000000e9990000)
  to   space 17472K,   0% used [0x00000000e9990000, 0x00000000e9990000, 0x00000000eaaa0000)
 concurrent mark-sweep generation total 349568K, used 205856K [0x00000000eaaa0000, 0x0000000100000000, 0x0000000100000000)
 Metaspace       used 3957K, capacity 4568K, committed 4864K, reserved 1056768K
  class space    used 431K, capacity 460K, committed 512K, reserved 1048576K
2024-07-23T00:26:04.800+0800: 13.457: [GC (Allocation Failure) 2024-07-23T00:26:04.800+0800: 13.457: [ParNew
Desired survivor size 8945664 bytes, new threshold 6 (max 6)
: 0K->0K(157248K), 0.0004834 secs]2024-07-23T00:26:04.800+0800: 13.458: [CMS: 205856K->1056K(349568K), 0.0021675 secs] 205856K->1056K(506816K), [Metaspace: 3957K->3957K(1056768K)], 0.0027410 secs] [Times: user=0.00 sys=0.00, real=0.00 secs] 
Heap after GC invocations=299 (full 594):
 par new generation   total 157248K, used 0K [0x00000000e0000000, 0x00000000eaaa0000, 0x00000000eaaa0000)
  eden space 139776K,   0% used [0x00000000e0000000, 0x00000000e0000000, 0x00000000e8880000)
  from space 17472K,   0% used [0x00000000e9990000, 0x00000000e9990000, 0x00000000eaaa0000)
  to   space 17472K,   0% used [0x00000000e8880000, 0x00000000e8880000, 0x00000000e9990000)
 concurrent mark-sweep generation total 349568K, used 1056K [0x00000000eaaa0000, 0x0000000100000000, 0x0000000100000000)
 Metaspace       used 3957K, capacity 4568K, committed 4864K, reserved 1056768K
  class space    used 431K, capacity 460K, committed 512K, reserved 1048576K
}
2024-07-23T00:26:04.803+0800: 13.460: Total time for which application threads were stopped: 0.0028710 seconds, Stopping threads took: 0.0000362 seconds
2024-07-23T00:26:04.820+0800: 13.478: [GC (CMS Initial Mark) [1 CMS-initial-mark: 205856K(349568K)] 205856K(506816K), 0.0002422 secs] [Times: user=0.00 sys=0.00, real=0.00 secs] 
2024-07-23T00:26:04.821+0800: 13.478: Total time for which application threads were stopped: 0.0178574 seconds, Stopping threads took: 0.0175600 seconds
2024-07-23T00:26:04.821+0800: 13.478: [CMS-concurrent-mark-start]
2024-07-23T00:26:04.822+0800: 13.479: [CMS-concurrent-mark: 0.001/0.001 secs] [Times: user=0.00 sys=0.00, real=0.00 secs] 
2024-07-23T00:26:04.822+0800: 13.479: [CMS-concurrent-preclean-start]
2024-07-23T00:26:04.822+0800: 13.480: [CMS-concurrent-preclean: 0.000/0.000 secs] [Times: user=0.00 sys=0.00, real=0.00 secs] 
2024-07-23T00:26:04.822+0800: 13.480: [GC (CMS Final Remark) [YG occupancy: 0 K (157248 K)]2024-07-23T00:26:04.822+0800: 13.480: [Rescan (parallel) , 0.0002176 secs]2024-07-23T00:26:04.822+0800: 13.480: [weak refs processing, 0.0000110 secs]2024-07-23T00:26:04.822+0800: 13.480: [class unloading, 0.0002137 secs]2024-07-23T00:26:04.823+0800: 13.480: [scrub symbol table, 0.0003270 secs]2024-07-23T00:26:04.823+0800: 13.481: [scrub string table, 0.0000830 secs][1 CMS-remark: 205856K(349568K)] 205856K(506816K), 0.0009009 secs] [Times: user=0.00 sys=0.00, real=0.00 secs] 
2024-07-23T00:26:04.823+0800: 13.481: Total time for which application threads were stopped: 0.0009442 seconds, Stopping threads took: 0.0000171 seconds
2024-07-23T00:26:04.823+0800: 13.481: [CMS-concurrent-sweep-start]
2024-07-23T00:26:04.823+0800: 13.481: [CMS-concurrent-sweep: 0.000/0.000 secs] [Times: user=0.00 sys=0.00, real=0.00 secs] 
2024-07-23T00:26:04.823+0800: 13.481: [CMS-concurrent-reset-start]
2024-07-23T00:26:04.824+0800: 13.481: [CMS-concurrent-reset: 0.000/0.000 secs] [Times: user=0.00 sys=0.00, real=0.00 secs] 
{Heap before GC invocations=299 (full 595):
 par new generation   total 157248K, used 0K [0x00000000e0000000, 0x00000000eaaa0000, 0x00000000eaaa0000)
  eden space 139776K,   0% used [0x00000000e0000000, 0x00000000e0000000, 0x00000000e8880000)
  from space 17472K,   0% used [0x00000000e9990000, 0x00000000e9990000, 0x00000000eaaa0000)
  to   space 17472K,   0% used [0x00000000e8880000, 0x00000000e8880000, 0x00000000e9990000)
 concurrent mark-sweep generation total 349568K, used 205856K [0x00000000eaaa0000, 0x0000000100000000, 0x0000000100000000)
 Metaspace       used 3957K, capacity 4568K, committed 4864K, reserved 1056768K
  class space    used 431K, capacity 460K, committed 512K, reserved 1048576K
2024-07-23T00:26:04.846+0800: 13.503: [GC (Allocation Failure) 2024-07-23T00:26:04.846+0800: 13.503: [ParNew
Desired survivor size 8945664 bytes, new threshold 6 (max 6)
: 0K->0K(157248K), 0.0007364 secs]2024-07-23T00:26:04.847+0800: 13.504: [CMS: 205856K->1056K(349568K), 0.0035099 secs] 205856K->1056K(506816K), [Metaspace: 3957K->3957K(1056768K)], 0.0043822 secs] [Times: user=0.00 sys=0.00, real=0.00 secs] 
Heap after GC invocations=300 (full 596):
 par new generation   total 157248K, used 0K [0x00000000e0000000, 0x00000000eaaa0000, 0x00000000eaaa0000)
  eden space 139776K,   0% used [0x00000000e0000000, 0x00000000e0000000, 0x00000000e8880000)
  from space 17472K,   0% used [0x00000000e8880000, 0x00000000e8880000, 0x00000000e9990000)
  to   space 17472K,   0% used [0x00000000e9990000, 0x00000000e9990000, 0x00000000eaaa0000)
 concurrent mark-sweep generation total 349568K, used 1056K [0x00000000eaaa0000, 0x0000000100000000, 0x0000000100000000)
 Metaspace       used 3957K, capacity 4568K, committed 4864K, reserved 1056768K
  class space    used 431K, capacity 460K, committed 512K, reserved 1048576K
}
2024-07-23T00:26:04.850+0800: 13.508: Total time for which application threads were stopped: 0.0045382 seconds, Stopping threads took: 0.0000346 seconds
2024-07-23T00:26:04.870+0800: 13.526: [GC (CMS Initial Mark) [1 CMS-initial-mark: 205856K(349568K)] 205856K(506816K), 0.0004485 secs] [Times: user=0.00 sys=0.00, real=0.00 secs] 
2024-07-23T00:26:04.870+0800: 13.527: Total time for which application threads were stopped: 0.0191576 seconds, Stopping threads took: 0.0186508 seconds
2024-07-23T00:26:04.870+0800: 13.527: [CMS-concurrent-mark-start]
2024-07-23T00:26:04.871+0800: 13.528: [CMS-concurrent-mark: 0.001/0.001 secs] [Times: user=0.00 sys=0.00, real=0.00 secs] 
2024-07-23T00:26:04.871+0800: 13.528: [CMS-concurrent-preclean-start]
2024-07-23T00:26:04.872+0800: 13.529: [CMS-concurrent-preclean: 0.000/0.000 secs] [Times: user=0.00 sys=0.00, real=0.00 secs] 
2024-07-23T00:26:04.872+0800: 13.529: [GC (CMS Final Remark) [YG occupancy: 0 K (157248 K)]2024-07-23T00:26:04.872+0800: 13.529: [Rescan (parallel) , 0.0005943 secs]2024-07-23T00:26:04.872+0800: 13.529: [weak refs processing, 0.0000065 secs]2024-07-23T00:26:04.872+0800: 13.529: [class unloading, 0.0002024 secs]2024-07-23T00:26:04.872+0800: 13.529: [scrub symbol table, 0.0002972 secs]2024-07-23T00:26:04.872+0800: 13.530: [scrub string table, 0.0000830 secs][1 CMS-remark: 205856K(349568K)] 205856K(506816K), 0.0012173 secs] [Times: user=0.00 sys=0.00, real=0.00 secs] 
2024-07-23T00:26:04.872+0800: 13.530: Total time for which application threads were stopped: 0.0012575 seconds, Stopping threads took: 0.0000129 seconds
2024-07-23T00:26:04.872+0800: 13.530: [CMS-concurrent-sweep-start]
2024-07-23T00:26:04.873+0800: 13.530: [CMS-concurrent-sweep: 0.000/0.000 secs] [Times: user=0.00 sys=0.00, real=0.00 secs] 
2024-07-23T00:26:04.873+0800: 13.530: [CMS-concurrent-reset-start]
2024-07-23T00:26:04.873+0800: 13.530: [CMS-concurrent-reset: 0.000/0.000 secs] [Times: user=0.00 sys=0.00, real=0.00 secs] 
{Heap before GC invocations=300 (full 597):
 par new generation   total 157248K, used 0K [0x00000000e0000000, 0x00000000eaaa0000, 0x00000000eaaa0000)
  eden space 139776K,   0% used [0x00000000e0000000, 0x00000000e0000000, 0x00000000e8880000)
  from space 17472K,   0% used [0x00000000e8880000, 0x00000000e8880000, 0x00000000e9990000)
  to   space 17472K,   0% used [0x00000000e9990000, 0x00000000e9990000, 0x00000000eaaa0000)
 concurrent mark-sweep generation total 349568K, used 205856K [0x00000000eaaa0000, 0x0000000100000000, 0x0000000100000000)
 Metaspace       used 3957K, capacity 4568K, committed 4864K, reserved 1056768K
  class space    used 431K, capacity 460K, committed 512K, reserved 1048576K
2024-07-23T00:26:04.893+0800: 13.550: [GC (Allocation Failure) 2024-07-23T00:26:04.893+0800: 13.550: [ParNew
Desired survivor size 8945664 bytes, new threshold 6 (max 6)
: 0K->0K(157248K), 0.0013694 secs]2024-07-23T00:26:04.894+0800: 13.552: [CMS: 205856K->1056K(349568K), 0.0029423 secs] 205856K->1056K(506816K), [Metaspace: 3957K->3957K(1056768K)], 0.0044606 secs] [Times: user=0.00 sys=0.00, real=0.00 secs] 
Heap after GC invocations=301 (full 598):
 par new generation   total 157248K, used 0K [0x00000000e0000000, 0x00000000eaaa0000, 0x00000000eaaa0000)
  eden space 139776K,   0% used [0x00000000e0000000, 0x00000000e0000000, 0x00000000e8880000)
  from space 17472K,   0% used [0x00000000e9990000, 0x00000000e9990000, 0x00000000eaaa0000)
  to   space 17472K,   0% used [0x00000000e8880000, 0x00000000e8880000, 0x00000000e9990000)
 concurrent mark-sweep generation total 349568K, used 1056K [0x00000000eaaa0000, 0x0000000100000000, 0x0000000100000000)
 Metaspace       used 3957K, capacity 4568K, committed 4864K, reserved 1056768K
  class space    used 431K, capacity 460K, committed 512K, reserved 1048576K
}
2024-07-23T00:26:04.897+0800: 13.555: Total time for which application threads were stopped: 0.0045999 seconds, Stopping threads took: 0.0000268 seconds
2024-07-23T00:26:04.915+0800: 13.572: [GC (CMS Initial Mark) [1 CMS-initial-mark: 205856K(349568K)] 205856K(506816K), 0.0003874 secs] [Times: user=0.00 sys=0.00, real=0.00 secs] 
2024-07-23T00:26:04.916+0800: 13.573: Total time for which application threads were stopped: 0.0180055 seconds, Stopping threads took: 0.0175581 seconds
2024-07-23T00:26:04.916+0800: 13.573: [CMS-concurrent-mark-start]
2024-07-23T00:26:04.918+0800: 13.574: [CMS-concurrent-mark: 0.002/0.002 secs] [Times: user=0.00 sys=0.00, real=0.00 secs] 
2024-07-23T00:26:04.918+0800: 13.575: [CMS-concurrent-preclean-start]
2024-07-23T00:26:04.918+0800: 13.575: [CMS-concurrent-preclean: 0.000/0.000 secs] [Times: user=0.00 sys=0.00, real=0.00 secs] 
2024-07-23T00:26:04.918+0800: 13.575: [GC (CMS Final Remark) [YG occupancy: 0 K (157248 K)]2024-07-23T00:26:04.918+0800: 13.575: [Rescan (parallel) , 0.0007368 secs]2024-07-23T00:26:04.919+0800: 13.576: [weak refs processing, 0.0000089 secs]2024-07-23T00:26:04.919+0800: 13.576: [class unloading, 0.0001978 secs]2024-07-23T00:26:04.919+0800: 13.576: [scrub symbol table, 0.0003300 secs]2024-07-23T00:26:04.919+0800: 13.576: [scrub string table, 0.0001044 secs][1 CMS-remark: 205856K(349568K)] 205856K(506816K), 0.0014198 secs] [Times: user=0.00 sys=0.00, real=0.00 secs] 
2024-07-23T00:26:04.919+0800: 13.576: Total time for which application threads were stopped: 0.0014587 seconds, Stopping threads took: 0.0000132 seconds
2024-07-23T00:26:04.919+0800: 13.576: [CMS-concurrent-sweep-start]
2024-07-23T00:26:04.920+0800: 13.577: [CMS-concurrent-sweep: 0.000/0.000 secs] [Times: user=0.00 sys=0.00, real=0.00 secs] 
2024-07-23T00:26:04.920+0800: 13.577: [CMS-concurrent-reset-start]
2024-07-23T00:26:04.920+0800: 13.577: [CMS-concurrent-reset: 0.000/0.000 secs] [Times: user=0.00 sys=0.00, real=0.00 secs] 
{Heap before GC invocations=301 (full 599):
 par new generation   total 157248K, used 0K [0x00000000e0000000, 0x00000000eaaa0000, 0x00000000eaaa0000)
  eden space 139776K,   0% used [0x00000000e0000000, 0x00000000e0000000, 0x00000000e8880000)
  from space 17472K,   0% used [0x00000000e9990000, 0x00000000e9990000, 0x00000000eaaa0000)
  to   space 17472K,   0% used [0x00000000e8880000, 0x00000000e8880000, 0x00000000e9990000)
 concurrent mark-sweep generation total 349568K, used 205856K [0x00000000eaaa0000, 0x0000000100000000, 0x0000000100000000)
 Metaspace       used 3957K, capacity 4568K, committed 4864K, reserved 1056768K
  class space    used 431K, capacity 460K, committed 512K, reserved 1048576K
2024-07-23T00:26:04.940+0800: 13.597: [GC (Allocation Failure) 2024-07-23T00:26:04.940+0800: 13.597: [ParNew
Desired survivor size 8945664 bytes, new threshold 6 (max 6)
: 0K->0K(157248K), 0.0018946 secs]2024-07-23T00:26:04.942+0800: 13.599: [CMS: 205856K->1056K(349568K), 0.0045278 secs] 205856K->1056K(506816K), [Metaspace: 3957K->3957K(1056768K)], 0.0065849 secs] [Times: user=0.00 sys=0.00, real=0.01 secs] 
Heap after GC invocations=302 (full 600):
 par new generation   total 157248K, used 0K [0x00000000e0000000, 0x00000000eaaa0000, 0x00000000eaaa0000)
  eden space 139776K,   0% used [0x00000000e0000000, 0x00000000e0000000, 0x00000000e8880000)
  from space 17472K,   0% used [0x00000000e8880000, 0x00000000e8880000, 0x00000000e9990000)
  to   space 17472K,   0% used [0x00000000e9990000, 0x00000000e9990000, 0x00000000eaaa0000)
 concurrent mark-sweep generation total 349568K, used 1056K [0x00000000eaaa0000, 0x0000000100000000, 0x0000000100000000)
 Metaspace       used 3957K, capacity 4568K, committed 4864K, reserved 1056768K
  class space    used 431K, capacity 460K, committed 512K, reserved 1048576K
}
2024-07-23T00:26:04.947+0800: 13.604: Total time for which application threads were stopped: 0.0068063 seconds, Stopping threads took: 0.0000344 seconds
2024-07-23T00:26:04.965+0800: 13.623: [GC (CMS Initial Mark) [1 CMS-initial-mark: 205856K(349568K)] 205856K(506816K), 0.0002326 secs] [Times: user=0.00 sys=0.00, real=0.00 secs] 
2024-07-23T00:26:04.966+0800: 13.623: Total time for which application threads were stopped: 0.0187377 seconds, Stopping threads took: 0.0184488 seconds
2024-07-23T00:26:04.966+0800: 13.623: [CMS-concurrent-mark-start]
2024-07-23T00:26:04.967+0800: 13.624: [CMS-concurrent-mark: 0.001/0.001 secs] [Times: user=0.00 sys=0.00, real=0.00 secs] 
2024-07-23T00:26:04.967+0800: 13.624: [CMS-concurrent-preclean-start]
2024-07-23T00:26:04.967+0800: 13.625: [CMS-concurrent-preclean: 0.000/0.000 secs] [Times: user=0.00 sys=0.00, real=0.00 secs] 
2024-07-23T00:26:04.967+0800: 13.625: [GC (CMS Final Remark) [YG occupancy: 0 K (157248 K)]2024-07-23T00:26:04.967+0800: 13.625: [Rescan (parallel) , 0.0003280 secs]2024-07-23T00:26:04.968+0800: 13.625: [weak refs processing, 0.0000066 secs]2024-07-23T00:26:04.968+0800: 13.625: [class unloading, 0.0001932 secs]2024-07-23T00:26:04.968+0800: 13.625: [scrub symbol table, 0.0003274 secs]2024-07-23T00:26:04.968+0800: 13.626: [scrub string table, 0.0000937 secs][1 CMS-remark: 205856K(349568K)] 205856K(506816K), 0.0009814 secs] [Times: user=0.00 sys=0.00, real=0.00 secs] 
2024-07-23T00:26:04.968+0800: 13.626: Total time for which application threads were stopped: 0.0010175 seconds, Stopping threads took: 0.0000133 seconds
2024-07-23T00:26:04.968+0800: 13.626: [CMS-concurrent-sweep-start]
2024-07-23T00:26:04.969+0800: 13.626: [CMS-concurrent-sweep: 0.000/0.000 secs] [Times: user=0.00 sys=0.00, real=0.00 secs] 
2024-07-23T00:26:04.969+0800: 13.626: [CMS-concurrent-reset-start]
2024-07-23T00:26:04.969+0800: 13.626: [CMS-concurrent-reset: 0.001/0.001 secs] [Times: user=0.00 sys=0.00, real=0.00 secs] 
{Heap before GC invocations=302 (full 601):
 par new generation   total 157248K, used 0K [0x00000000e0000000, 0x00000000eaaa0000, 0x00000000eaaa0000)
  eden space 139776K,   0% used [0x00000000e0000000, 0x00000000e0000000, 0x00000000e8880000)
  from space 17472K,   0% used [0x00000000e8880000, 0x00000000e8880000, 0x00000000e9990000)
  to   space 17472K,   0% used [0x00000000e9990000, 0x00000000e9990000, 0x00000000eaaa0000)
 concurrent mark-sweep generation total 349568K, used 205856K [0x00000000eaaa0000, 0x0000000100000000, 0x0000000100000000)
 Metaspace       used 3957K, capacity 4568K, committed 4864K, reserved 1056768K
  class space    used 431K, capacity 460K, committed 512K, reserved 1048576K
2024-07-23T00:26:04.987+0800: 13.644: [GC (Allocation Failure) 2024-07-23T00:26:04.987+0800: 13.644: [ParNew
Desired survivor size 8945664 bytes, new threshold 6 (max 6)
: 0K->0K(157248K), 0.0006674 secs]2024-07-23T00:26:04.988+0800: 13.645: [CMS: 205856K->1056K(349568K), 0.0028440 secs] 205856K->1056K(506816K), [Metaspace: 3957K->3957K(1056768K)], 0.0036388 secs] [Times: user=0.00 sys=0.00, real=0.00 secs] 
Heap after GC invocations=303 (full 602):
 par new generation   total 157248K, used 0K [0x00000000e0000000, 0x00000000eaaa0000, 0x00000000eaaa0000)
  eden space 139776K,   0% used [0x00000000e0000000, 0x00000000e0000000, 0x00000000e8880000)
  from space 17472K,   0% used [0x00000000e9990000, 0x00000000e9990000, 0x00000000eaaa0000)
  to   space 17472K,   0% used [0x00000000e8880000, 0x00000000e8880000, 0x00000000e9990000)
 concurrent mark-sweep generation total 349568K, used 1056K [0x00000000eaaa0000, 0x0000000100000000, 0x0000000100000000)
 Metaspace       used 3957K, capacity 4568K, committed 4864K, reserved 1056768K
  class space    used 431K, capacity 460K, committed 512K, reserved 1048576K
}
2024-07-23T00:26:04.990+0800: 13.648: Total time for which application threads were stopped: 0.0038013 seconds, Stopping threads took: 0.0000404 seconds
2024-07-23T00:26:05.008+0800: 13.665: [GC (CMS Initial Mark) [1 CMS-initial-mark: 205856K(349568K)] 205856K(506816K), 0.0006758 secs] [Times: user=0.00 sys=0.00, real=0.00 secs] 
2024-07-23T00:26:05.009+0800: 13.666: Total time for which application threads were stopped: 0.0182268 seconds, Stopping threads took: 0.0174850 seconds
2024-07-23T00:26:05.009+0800: 13.666: [CMS-concurrent-mark-start]
2024-07-23T00:26:05.011+0800: 13.668: [CMS-concurrent-mark: 0.002/0.002 secs] [Times: user=0.00 sys=0.00, real=0.00 secs] 
2024-07-23T00:26:05.011+0800: 13.668: [CMS-concurrent-preclean-start]
2024-07-23T00:26:05.011+0800: 13.668: [CMS-concurrent-preclean: 0.000/0.000 secs] [Times: user=0.00 sys=0.00, real=0.00 secs] 
2024-07-23T00:26:05.011+0800: 13.668: [GC (CMS Final Remark) [YG occupancy: 0 K (157248 K)]2024-07-23T00:26:05.011+0800: 13.668: [Rescan (parallel) , 0.0004661 secs]2024-07-23T00:26:05.011+0800: 13.669: [weak refs processing, 0.0000088 secs]2024-07-23T00:26:05.011+0800: 13.669: [class unloading, 0.0002319 secs]2024-07-23T00:26:05.012+0800: 13.669: [scrub symbol table, 0.0003442 secs]2024-07-23T00:26:05.012+0800: 13.669: [scrub string table, 0.0001002 secs][1 CMS-remark: 205856K(349568K)] 205856K(506816K), 0.0011923 secs] [Times: user=0.00 sys=0.00, real=0.00 secs] 
2024-07-23T00:26:05.012+0800: 13.669: Total time for which application threads were stopped: 0.0012578 seconds, Stopping threads took: 0.0000155 seconds
2024-07-23T00:26:05.012+0800: 13.669: [CMS-concurrent-sweep-start]
2024-07-23T00:26:05.012+0800: 13.670: [CMS-concurrent-sweep: 0.000/0.000 secs] [Times: user=0.00 sys=0.00, real=0.00 secs] 
2024-07-23T00:26:05.012+0800: 13.670: [CMS-concurrent-reset-start]
2024-07-23T00:26:05.013+0800: 13.670: [CMS-concurrent-reset: 0.001/0.001 secs] [Times: user=0.00 sys=0.00, real=0.00 secs] 
{Heap before GC invocations=303 (full 603):
 par new generation   total 157248K, used 0K [0x00000000e0000000, 0x00000000eaaa0000, 0x00000000eaaa0000)
  eden space 139776K,   0% used [0x00000000e0000000, 0x00000000e0000000, 0x00000000e8880000)
  from space 17472K,   0% used [0x00000000e9990000, 0x00000000e9990000, 0x00000000eaaa0000)
  to   space 17472K,   0% used [0x00000000e8880000, 0x00000000e8880000, 0x00000000e9990000)
 concurrent mark-sweep generation total 349568K, used 205856K [0x00000000eaaa0000, 0x0000000100000000, 0x0000000100000000)
 Metaspace       used 3957K, capacity 4568K, committed 4864K, reserved 1056768K
  class space    used 431K, capacity 460K, committed 512K, reserved 1048576K
2024-07-23T00:26:05.033+0800: 13.690: [GC (Allocation Failure) 2024-07-23T00:26:05.033+0800: 13.690: [ParNew
Desired survivor size 8945664 bytes, new threshold 6 (max 6)
: 0K->0K(157248K), 0.0011756 secs]2024-07-23T00:26:05.035+0800: 13.692: [CMS: 205856K->1056K(349568K), 0.0028772 secs] 205856K->1056K(506816K), [Metaspace: 3957K->3957K(1056768K)], 0.0041887 secs] [Times: user=0.00 sys=0.00, real=0.01 secs] 
Heap after GC invocations=304 (full 604):
 par new generation   total 157248K, used 0K [0x00000000e0000000, 0x00000000eaaa0000, 0x00000000eaaa0000)
  eden space 139776K,   0% used [0x00000000e0000000, 0x00000000e0000000, 0x00000000e8880000)
  from space 17472K,   0% used [0x00000000e8880000, 0x00000000e8880000, 0x00000000e9990000)
  to   space 17472K,   0% used [0x00000000e9990000, 0x00000000e9990000, 0x00000000eaaa0000)
 concurrent mark-sweep generation total 349568K, used 1056K [0x00000000eaaa0000, 0x0000000100000000, 0x0000000100000000)
 Metaspace       used 3957K, capacity 4568K, committed 4864K, reserved 1056768K
  class space    used 431K, capacity 460K, committed 512K, reserved 1048576K
}
2024-07-23T00:26:05.038+0800: 13.695: Total time for which application threads were stopped: 0.0043095 seconds, Stopping threads took: 0.0000249 seconds
2024-07-23T00:26:05.058+0800: 13.715: [GC (CMS Initial Mark) [1 CMS-initial-mark: 205856K(349568K)] 205856K(506816K), 0.0002228 secs] [Times: user=0.00 sys=0.00, real=0.00 secs] 
2024-07-23T00:26:05.058+0800: 13.716: Total time for which application threads were stopped: 0.0209824 seconds, Stopping threads took: 0.0207008 seconds
2024-07-23T00:26:05.058+0800: 13.716: [CMS-concurrent-mark-start]
2024-07-23T00:26:05.060+0800: 13.717: [CMS-concurrent-mark: 0.001/0.001 secs] [Times: user=0.00 sys=0.00, real=0.00 secs] 
2024-07-23T00:26:05.060+0800: 13.717: [CMS-concurrent-preclean-start]
2024-07-23T00:26:05.060+0800: 13.717: [CMS-concurrent-preclean: 0.000/0.000 secs] [Times: user=0.00 sys=0.00, real=0.00 secs] 
2024-07-23T00:26:05.060+0800: 13.717: [GC (CMS Final Remark) [YG occupancy: 0 K (157248 K)]2024-07-23T00:26:05.060+0800: 13.717: [Rescan (parallel) , 0.0002359 secs]2024-07-23T00:26:05.060+0800: 13.718: [weak refs processing, 0.0000096 secs]2024-07-23T00:26:05.060+0800: 13.718: [class unloading, 0.0002220 secs]2024-07-23T00:26:05.060+0800: 13.718: [scrub symbol table, 0.0004063 secs]2024-07-23T00:26:05.061+0800: 13.718: [scrub string table, 0.0001055 secs][1 CMS-remark: 205856K(349568K)] 205856K(506816K), 0.0010250 secs] [Times: user=0.00 sys=0.00, real=0.00 secs] 
2024-07-23T00:26:05.061+0800: 13.718: Total time for which application threads were stopped: 0.0010679 seconds, Stopping threads took: 0.0000143 seconds
2024-07-23T00:26:05.061+0800: 13.719: [CMS-concurrent-sweep-start]
2024-07-23T00:26:05.061+0800: 13.719: [CMS-concurrent-sweep: 0.000/0.000 secs] [Times: user=0.00 sys=0.00, real=0.00 secs] 
2024-07-23T00:26:05.061+0800: 13.719: [CMS-concurrent-reset-start]
2024-07-23T00:26:05.062+0800: 13.719: [CMS-concurrent-reset: 0.000/0.000 secs] [Times: user=0.00 sys=0.00, real=0.00 secs] 
{Heap before GC invocations=304 (full 605):
 par new generation   total 157248K, used 0K [0x00000000e0000000, 0x00000000eaaa0000, 0x00000000eaaa0000)
  eden space 139776K,   0% used [0x00000000e0000000, 0x00000000e0000000, 0x00000000e8880000)
  from space 17472K,   0% used [0x00000000e8880000, 0x00000000e8880000, 0x00000000e9990000)
  to   space 17472K,   0% used [0x00000000e9990000, 0x00000000e9990000, 0x00000000eaaa0000)
 concurrent mark-sweep generation total 349568K, used 205856K [0x00000000eaaa0000, 0x0000000100000000, 0x0000000100000000)
 Metaspace       used 3957K, capacity 4568K, committed 4864K, reserved 1056768K
  class space    used 431K, capacity 460K, committed 512K, reserved 1048576K
2024-07-23T00:26:05.080+0800: 13.737: [GC (Allocation Failure) 2024-07-23T00:26:05.080+0800: 13.737: [ParNew
Desired survivor size 8945664 bytes, new threshold 6 (max 6)
: 0K->0K(157248K), 0.0006366 secs]2024-07-23T00:26:05.081+0800: 13.738: [CMS: 205856K->1056K(349568K), 0.0023141 secs] 205856K->1056K(506816K), [Metaspace: 3957K->3957K(1056768K)], 0.0031333 secs] [Times: user=0.00 sys=0.00, real=0.00 secs] 
Heap after GC invocations=305 (full 606):
 par new generation   total 157248K, used 0K [0x00000000e0000000, 0x00000000eaaa0000, 0x00000000eaaa0000)
  eden space 139776K,   0% used [0x00000000e0000000, 0x00000000e0000000, 0x00000000e8880000)
  from space 17472K,   0% used [0x00000000e9990000, 0x00000000e9990000, 0x00000000eaaa0000)
  to   space 17472K,   0% used [0x00000000e8880000, 0x00000000e8880000, 0x00000000e9990000)
 concurrent mark-sweep generation total 349568K, used 1056K [0x00000000eaaa0000, 0x0000000100000000, 0x0000000100000000)
 Metaspace       used 3957K, capacity 4568K, committed 4864K, reserved 1056768K
  class space    used 431K, capacity 460K, committed 512K, reserved 1048576K
}
2024-07-23T00:26:05.084+0800: 13.741: Total time for which application threads were stopped: 0.0033103 seconds, Stopping threads took: 0.0000458 seconds
2024-07-23T00:26:05.104+0800: 13.761: [GC (CMS Initial Mark) [1 CMS-initial-mark: 205856K(349568K)] 205856K(506816K), 0.0003661 secs] [Times: user=0.00 sys=0.00, real=0.00 secs] 
2024-07-23T00:26:05.105+0800: 13.762: Total time for which application threads were stopped: 0.0212209 seconds, Stopping threads took: 0.0207390 seconds
2024-07-23T00:26:05.105+0800: 13.762: [CMS-concurrent-mark-start]
2024-07-23T00:26:05.106+0800: 13.763: [CMS-concurrent-mark: 0.001/0.001 secs] [Times: user=0.00 sys=0.00, real=0.00 secs] 
2024-07-23T00:26:05.106+0800: 13.763: [CMS-concurrent-preclean-start]
2024-07-23T00:26:05.106+0800: 13.763: [CMS-concurrent-preclean: 0.000/0.000 secs] [Times: user=0.00 sys=0.00, real=0.00 secs] 
2024-07-23T00:26:05.106+0800: 13.764: [GC (CMS Final Remark) [YG occupancy: 0 K (157248 K)]2024-07-23T00:26:05.106+0800: 13.764: [Rescan (parallel) , 0.0003761 secs]2024-07-23T00:26:05.107+0800: 13.764: [weak refs processing, 0.0000100 secs]2024-07-23T00:26:05.107+0800: 13.764: [class unloading, 0.0002364 secs]2024-07-23T00:26:05.107+0800: 13.764: [scrub symbol table, 0.0003615 secs]2024-07-23T00:26:05.107+0800: 13.765: [scrub string table, 0.0000923 secs][1 CMS-remark: 205856K(349568K)] 205856K(506816K), 0.0011423 secs] [Times: user=0.00 sys=0.00, real=0.00 secs] 
2024-07-23T00:26:05.107+0800: 13.765: Total time for which application threads were stopped: 0.0012131 seconds, Stopping threads took: 0.0000268 seconds
2024-07-23T00:26:05.107+0800: 13.765: [CMS-concurrent-sweep-start]
2024-07-23T00:26:05.108+0800: 13.765: [CMS-concurrent-sweep: 0.000/0.000 secs] [Times: user=0.00 sys=0.00, real=0.00 secs] 
2024-07-23T00:26:05.108+0800: 13.765: [CMS-concurrent-reset-start]
2024-07-23T00:26:05.108+0800: 13.766: [CMS-concurrent-reset: 0.001/0.001 secs] [Times: user=0.00 sys=0.00, real=0.00 secs] 
{Heap before GC invocations=305 (full 607):
 par new generation   total 157248K, used 0K [0x00000000e0000000, 0x00000000eaaa0000, 0x00000000eaaa0000)
  eden space 139776K,   0% used [0x00000000e0000000, 0x00000000e0000000, 0x00000000e8880000)
  from space 17472K,   0% used [0x00000000e9990000, 0x00000000e9990000, 0x00000000eaaa0000)
  to   space 17472K,   0% used [0x00000000e8880000, 0x00000000e8880000, 0x00000000e9990000)
 concurrent mark-sweep generation total 349568K, used 205856K [0x00000000eaaa0000, 0x0000000100000000, 0x0000000100000000)
 Metaspace       used 3957K, capacity 4568K, committed 4864K, reserved 1056768K
  class space    used 431K, capacity 460K, committed 512K, reserved 1048576K
2024-07-23T00:26:05.125+0800: 13.782: [GC (Allocation Failure) 2024-07-23T00:26:05.125+0800: 13.782: [ParNew
Desired survivor size 8945664 bytes, new threshold 6 (max 6)
: 0K->0K(157248K), 0.0006028 secs]2024-07-23T00:26:05.126+0800: 13.783: [CMS: 205856K->1056K(349568K), 0.0023506 secs] 205856K->1056K(506816K), [Metaspace: 3957K->3957K(1056768K)], 0.0030553 secs] [Times: user=0.00 sys=0.00, real=0.00 secs] 
Heap after GC invocations=306 (full 608):
 par new generation   total 157248K, used 0K [0x00000000e0000000, 0x00000000eaaa0000, 0x00000000eaaa0000)
  eden space 139776K,   0% used [0x00000000e0000000, 0x00000000e0000000, 0x00000000e8880000)
  from space 17472K,   0% used [0x00000000e8880000, 0x00000000e8880000, 0x00000000e9990000)
  to   space 17472K,   0% used [0x00000000e9990000, 0x00000000e9990000, 0x00000000eaaa0000)
 concurrent mark-sweep generation total 349568K, used 1056K [0x00000000eaaa0000, 0x0000000100000000, 0x0000000100000000)
 Metaspace       used 3957K, capacity 4568K, committed 4864K, reserved 1056768K
  class space    used 431K, capacity 460K, committed 512K, reserved 1048576K
}
2024-07-23T00:26:05.128+0800: 13.785: Total time for which application threads were stopped: 0.0032373 seconds, Stopping threads took: 0.0000584 seconds
2024-07-23T00:26:05.147+0800: 13.803: [GC (CMS Initial Mark) [1 CMS-initial-mark: 205856K(349568K)] 205856K(506816K), 0.0002168 secs] [Times: user=0.00 sys=0.00, real=0.00 secs] 
2024-07-23T00:26:05.147+0800: 13.804: Total time for which application threads were stopped: 0.0183385 seconds, Stopping threads took: 0.0180610 seconds
2024-07-23T00:26:05.147+0800: 13.804: [CMS-concurrent-mark-start]
2024-07-23T00:26:05.148+0800: 13.805: [CMS-concurrent-mark: 0.001/0.001 secs] [Times: user=0.00 sys=0.00, real=0.00 secs] 
2024-07-23T00:26:05.148+0800: 13.805: [CMS-concurrent-preclean-start]
2024-07-23T00:26:05.149+0800: 13.805: [CMS-concurrent-preclean: 0.000/0.000 secs] [Times: user=0.00 sys=0.00, real=0.00 secs] 
2024-07-23T00:26:05.149+0800: 13.805: [GC (CMS Final Remark) [YG occupancy: 0 K (157248 K)]2024-07-23T00:26:05.149+0800: 13.805: [Rescan (parallel) , 0.0002438 secs]2024-07-23T00:26:05.149+0800: 13.806: [weak refs processing, 0.0000065 secs]2024-07-23T00:26:05.149+0800: 13.806: [class unloading, 0.0001966 secs]2024-07-23T00:26:05.149+0800: 13.806: [scrub symbol table, 0.0003007 secs]2024-07-23T00:26:05.149+0800: 13.806: [scrub string table, 0.0000848 secs][1 CMS-remark: 205856K(349568K)] 205856K(506816K), 0.0008631 secs] [Times: user=0.00 sys=0.00, real=0.00 secs] 
2024-07-23T00:26:05.150+0800: 13.806: Total time for which application threads were stopped: 0.0008988 seconds, Stopping threads took: 0.0000125 seconds
2024-07-23T00:26:05.150+0800: 13.806: [CMS-concurrent-sweep-start]
2024-07-23T00:26:05.150+0800: 13.806: [CMS-concurrent-sweep: 0.000/0.000 secs] [Times: user=0.00 sys=0.00, real=0.00 secs] 
2024-07-23T00:26:05.150+0800: 13.806: [CMS-concurrent-reset-start]
2024-07-23T00:26:05.150+0800: 13.807: [CMS-concurrent-reset: 0.000/0.000 secs] [Times: user=0.00 sys=0.00, real=0.00 secs] 
{Heap before GC invocations=306 (full 609):
 par new generation   total 157248K, used 0K [0x00000000e0000000, 0x00000000eaaa0000, 0x00000000eaaa0000)
  eden space 139776K,   0% used [0x00000000e0000000, 0x00000000e0000000, 0x00000000e8880000)
  from space 17472K,   0% used [0x00000000e8880000, 0x00000000e8880000, 0x00000000e9990000)
  to   space 17472K,   0% used [0x00000000e9990000, 0x00000000e9990000, 0x00000000eaaa0000)
 concurrent mark-sweep generation total 349568K, used 205856K [0x00000000eaaa0000, 0x0000000100000000, 0x0000000100000000)
 Metaspace       used 3957K, capacity 4568K, committed 4864K, reserved 1056768K
  class space    used 431K, capacity 460K, committed 512K, reserved 1048576K
2024-07-23T00:26:05.171+0800: 13.828: [GC (Allocation Failure) 2024-07-23T00:26:05.171+0800: 13.828: [ParNew
Desired survivor size 8945664 bytes, new threshold 6 (max 6)
: 0K->0K(157248K), 0.0010332 secs]2024-07-23T00:26:05.172+0800: 13.829: [CMS: 205856K->1056K(349568K), 0.0033280 secs] 205856K->1056K(506816K), [Metaspace: 3957K->3957K(1056768K)], 0.0046032 secs] [Times: user=0.00 sys=0.00, real=0.00 secs] 
Heap after GC invocations=307 (full 610):
 par new generation   total 157248K, used 0K [0x00000000e0000000, 0x00000000eaaa0000, 0x00000000eaaa0000)
  eden space 139776K,   0% used [0x00000000e0000000, 0x00000000e0000000, 0x00000000e8880000)
  from space 17472K,   0% used [0x00000000e9990000, 0x00000000e9990000, 0x00000000eaaa0000)
  to   space 17472K,   0% used [0x00000000e8880000, 0x00000000e8880000, 0x00000000e9990000)
 concurrent mark-sweep generation total 349568K, used 1056K [0x00000000eaaa0000, 0x0000000100000000, 0x0000000100000000)
 Metaspace       used 3957K, capacity 4568K, committed 4864K, reserved 1056768K
  class space    used 431K, capacity 460K, committed 512K, reserved 1048576K
}
2024-07-23T00:26:05.175+0800: 13.833: Total time for which application threads were stopped: 0.0047637 seconds, Stopping threads took: 0.0000426 seconds
2024-07-23T00:26:05.194+0800: 13.851: [GC (CMS Initial Mark) [1 CMS-initial-mark: 205856K(349568K)] 205856K(506816K), 0.0003626 secs] [Times: user=0.00 sys=0.00, real=0.00 secs] 
2024-07-23T00:26:05.194+0800: 13.851: Total time for which application threads were stopped: 0.0183694 seconds, Stopping threads took: 0.0179344 seconds
2024-07-23T00:26:05.194+0800: 13.851: [CMS-concurrent-mark-start]
2024-07-23T00:26:05.195+0800: 13.852: [CMS-concurrent-mark: 0.001/0.001 secs] [Times: user=0.00 sys=0.00, real=0.00 secs] 
2024-07-23T00:26:05.195+0800: 13.852: [CMS-concurrent-preclean-start]
2024-07-23T00:26:05.195+0800: 13.853: [CMS-concurrent-preclean: 0.000/0.000 secs] [Times: user=0.00 sys=0.00, real=0.00 secs] 
2024-07-23T00:26:05.196+0800: 13.853: [GC (CMS Final Remark) [YG occupancy: 0 K (157248 K)]2024-07-23T00:26:05.196+0800: 13.853: [Rescan (parallel) , 0.0004376 secs]2024-07-23T00:26:05.196+0800: 13.853: [weak refs processing, 0.0000142 secs]2024-07-23T00:26:05.196+0800: 13.853: [class unloading, 0.0002988 secs]2024-07-23T00:26:05.196+0800: 13.853: [scrub symbol table, 0.0003596 secs]2024-07-23T00:26:05.197+0800: 13.854: [scrub string table, 0.0000931 secs][1 CMS-remark: 205856K(349568K)] 205856K(506816K), 0.0012745 secs] [Times: user=0.00 sys=0.00, real=0.00 secs] 
2024-07-23T00:26:05.197+0800: 13.854: Total time for which application threads were stopped: 0.0013211 seconds, Stopping threads took: 0.0000151 seconds
2024-07-23T00:26:05.197+0800: 13.854: [CMS-concurrent-sweep-start]
2024-07-23T00:26:05.197+0800: 13.854: [CMS-concurrent-sweep: 0.000/0.000 secs] [Times: user=0.00 sys=0.00, real=0.00 secs] 
2024-07-23T00:26:05.197+0800: 13.854: [CMS-concurrent-reset-start]
2024-07-23T00:26:05.198+0800: 13.855: [CMS-concurrent-reset: 0.001/0.001 secs] [Times: user=0.00 sys=0.00, real=0.00 secs] 
{Heap before GC invocations=307 (full 611):
 par new generation   total 157248K, used 0K [0x00000000e0000000, 0x00000000eaaa0000, 0x00000000eaaa0000)
  eden space 139776K,   0% used [0x00000000e0000000, 0x00000000e0000000, 0x00000000e8880000)
  from space 17472K,   0% used [0x00000000e9990000, 0x00000000e9990000, 0x00000000eaaa0000)
  to   space 17472K,   0% used [0x00000000e8880000, 0x00000000e8880000, 0x00000000e9990000)
 concurrent mark-sweep generation total 349568K, used 205856K [0x00000000eaaa0000, 0x0000000100000000, 0x0000000100000000)
 Metaspace       used 3957K, capacity 4568K, committed 4864K, reserved 1056768K
  class space    used 431K, capacity 460K, committed 512K, reserved 1048576K
2024-07-23T00:26:05.219+0800: 13.876: [GC (Allocation Failure) 2024-07-23T00:26:05.219+0800: 13.876: [ParNew
Desired survivor size 8945664 bytes, new threshold 6 (max 6)
: 0K->0K(157248K), 0.0011632 secs]2024-07-23T00:26:05.220+0800: 13.877: [CMS: 205856K->1056K(349568K), 0.0032394 secs] 205856K->1056K(506816K), [Metaspace: 3957K->3957K(1056768K)], 0.0045815 secs] [Times: user=0.00 sys=0.00, real=0.00 secs] 
Heap after GC invocations=308 (full 612):
 par new generation   total 157248K, used 0K [0x00000000e0000000, 0x00000000eaaa0000, 0x00000000eaaa0000)
  eden space 139776K,   0% used [0x00000000e0000000, 0x00000000e0000000, 0x00000000e8880000)
  from space 17472K,   0% used [0x00000000e8880000, 0x00000000e8880000, 0x00000000e9990000)
  to   space 17472K,   0% used [0x00000000e9990000, 0x00000000e9990000, 0x00000000eaaa0000)
 concurrent mark-sweep generation total 349568K, used 1056K [0x00000000eaaa0000, 0x0000000100000000, 0x0000000100000000)
 Metaspace       used 3957K, capacity 4568K, committed 4864K, reserved 1056768K
  class space    used 431K, capacity 460K, committed 512K, reserved 1048576K
}
2024-07-23T00:26:05.223+0800: 13.881: Total time for which application threads were stopped: 0.0047273 seconds, Stopping threads took: 0.0000318 seconds
2024-07-23T00:26:05.242+0800: 13.899: [GC (CMS Initial Mark) [1 CMS-initial-mark: 205856K(349568K)] 205856K(506816K), 0.0003491 secs] [Times: user=0.00 sys=0.00, real=0.00 secs] 
2024-07-23T00:26:05.242+0800: 13.899: Total time for which application threads were stopped: 0.0188421 seconds, Stopping threads took: 0.0184203 seconds
2024-07-23T00:26:05.242+0800: 13.899: [CMS-concurrent-mark-start]
2024-07-23T00:26:05.244+0800: 13.901: [CMS-concurrent-mark: 0.001/0.001 secs] [Times: user=0.00 sys=0.00, real=0.00 secs] 
2024-07-23T00:26:05.244+0800: 13.901: [CMS-concurrent-preclean-start]
2024-07-23T00:26:05.244+0800: 13.901: [CMS-concurrent-preclean: 0.000/0.000 secs] [Times: user=0.00 sys=0.00, real=0.00 secs] 
2024-07-23T00:26:05.244+0800: 13.901: [GC (CMS Final Remark) [YG occupancy: 0 K (157248 K)]2024-07-23T00:26:05.244+0800: 13.901: [Rescan (parallel) , 0.0002143 secs]2024-07-23T00:26:05.244+0800: 13.901: [weak refs processing, 0.0000066 secs]2024-07-23T00:26:05.244+0800: 13.901: [class unloading, 0.0001949 secs]2024-07-23T00:26:05.244+0800: 13.902: [scrub symbol table, 0.0002902 secs]2024-07-23T00:26:05.244+0800: 13.902: [scrub string table, 0.0000871 secs][1 CMS-remark: 205856K(349568K)] 205856K(506816K), 0.0008260 secs] [Times: user=0.00 sys=0.00, real=0.00 secs] 
2024-07-23T00:26:05.245+0800: 13.902: Total time for which application threads were stopped: 0.0008729 seconds, Stopping threads took: 0.0000141 seconds
2024-07-23T00:26:05.245+0800: 13.902: [CMS-concurrent-sweep-start]
2024-07-23T00:26:05.245+0800: 13.902: [CMS-concurrent-sweep: 0.000/0.000 secs] [Times: user=0.00 sys=0.00, real=0.00 secs] 
2024-07-23T00:26:05.245+0800: 13.902: [CMS-concurrent-reset-start]
2024-07-23T00:26:05.245+0800: 13.903: [CMS-concurrent-reset: 0.000/0.000 secs] [Times: user=0.00 sys=0.00, real=0.00 secs] 
{Heap before GC invocations=308 (full 613):
 par new generation   total 157248K, used 0K [0x00000000e0000000, 0x00000000eaaa0000, 0x00000000eaaa0000)
  eden space 139776K,   0% used [0x00000000e0000000, 0x00000000e0000000, 0x00000000e8880000)
  from space 17472K,   0% used [0x00000000e8880000, 0x00000000e8880000, 0x00000000e9990000)
  to   space 17472K,   0% used [0x00000000e9990000, 0x00000000e9990000, 0x00000000eaaa0000)
 concurrent mark-sweep generation total 349568K, used 205856K [0x00000000eaaa0000, 0x0000000100000000, 0x0000000100000000)
 Metaspace       used 3957K, capacity 4568K, committed 4864K, reserved 1056768K
  class space    used 431K, capacity 460K, committed 512K, reserved 1048576K
2024-07-23T00:26:05.266+0800: 13.924: [GC (Allocation Failure) 2024-07-23T00:26:05.266+0800: 13.924: [ParNew
Desired survivor size 8945664 bytes, new threshold 6 (max 6)
: 0K->0K(157248K), 0.0014379 secs]2024-07-23T00:26:05.267+0800: 13.925: [CMS: 205856K->1056K(349568K), 0.0023485 secs] 205856K->1056K(506816K), [Metaspace: 3957K->3957K(1056768K)], 0.0038874 secs] [Times: user=0.00 sys=0.00, real=0.00 secs] 
Heap after GC invocations=309 (full 614):
 par new generation   total 157248K, used 0K [0x00000000e0000000, 0x00000000eaaa0000, 0x00000000eaaa0000)
  eden space 139776K,   0% used [0x00000000e0000000, 0x00000000e0000000, 0x00000000e8880000)
  from space 17472K,   0% used [0x00000000e9990000, 0x00000000e9990000, 0x00000000eaaa0000)
  to   space 17472K,   0% used [0x00000000e8880000, 0x00000000e8880000, 0x00000000e9990000)
 concurrent mark-sweep generation total 349568K, used 1056K [0x00000000eaaa0000, 0x0000000100000000, 0x0000000100000000)
 Metaspace       used 3957K, capacity 4568K, committed 4864K, reserved 1056768K
  class space    used 431K, capacity 460K, committed 512K, reserved 1048576K
}
2024-07-23T00:26:05.270+0800: 13.927: Total time for which application threads were stopped: 0.0040093 seconds, Stopping threads took: 0.0000273 seconds
2024-07-23T00:26:05.288+0800: 13.945: [GC (CMS Initial Mark) [1 CMS-initial-mark: 205856K(349568K)] 205856K(506816K), 0.0004403 secs] [Times: user=0.00 sys=0.00, real=0.00 secs] 
2024-07-23T00:26:05.288+0800: 13.946: Total time for which application threads were stopped: 0.0183010 seconds, Stopping threads took: 0.0177977 seconds
2024-07-23T00:26:05.288+0800: 13.946: [CMS-concurrent-mark-start]
2024-07-23T00:26:05.290+0800: 13.948: [CMS-concurrent-mark: 0.002/0.002 secs] [Times: user=0.00 sys=0.00, real=0.00 secs] 
2024-07-23T00:26:05.290+0800: 13.948: [CMS-concurrent-preclean-start]
2024-07-23T00:26:05.291+0800: 13.948: [CMS-concurrent-preclean: 0.000/0.000 secs] [Times: user=0.00 sys=0.00, real=0.00 secs] 
2024-07-23T00:26:05.291+0800: 13.948: [GC (CMS Final Remark) [YG occupancy: 0 K (157248 K)]2024-07-23T00:26:05.291+0800: 13.948: [Rescan (parallel) , 0.0003611 secs]2024-07-23T00:26:05.291+0800: 13.949: [weak refs processing, 0.0000106 secs]2024-07-23T00:26:05.291+0800: 13.949: [class unloading, 0.0002257 secs]2024-07-23T00:26:05.291+0800: 13.949: [scrub symbol table, 0.0003469 secs]2024-07-23T00:26:05.292+0800: 13.949: [scrub string table, 0.0000933 secs][1 CMS-remark: 205856K(349568K)] 205856K(506816K), 0.0011051 secs] [Times: user=0.00 sys=0.00, real=0.00 secs] 
2024-07-23T00:26:05.292+0800: 13.949: Total time for which application threads were stopped: 0.0011878 seconds, Stopping threads took: 0.0000456 seconds
2024-07-23T00:26:05.292+0800: 13.950: [CMS-concurrent-sweep-start]
2024-07-23T00:26:05.292+0800: 13.950: [CMS-concurrent-sweep: 0.000/0.000 secs] [Times: user=0.00 sys=0.00, real=0.00 secs] 
2024-07-23T00:26:05.292+0800: 13.950: [CMS-concurrent-reset-start]
2024-07-23T00:26:05.293+0800: 13.950: [CMS-concurrent-reset: 0.000/0.000 secs] [Times: user=0.00 sys=0.00, real=0.00 secs] 
{Heap before GC invocations=309 (full 615):
 par new generation   total 157248K, used 0K [0x00000000e0000000, 0x00000000eaaa0000, 0x00000000eaaa0000)
  eden space 139776K,   0% used [0x00000000e0000000, 0x00000000e0000000, 0x00000000e8880000)
  from space 17472K,   0% used [0x00000000e9990000, 0x00000000e9990000, 0x00000000eaaa0000)
  to   space 17472K,   0% used [0x00000000e8880000, 0x00000000e8880000, 0x00000000e9990000)
 concurrent mark-sweep generation total 349568K, used 205856K [0x00000000eaaa0000, 0x0000000100000000, 0x0000000100000000)
 Metaspace       used 3957K, capacity 4568K, committed 4864K, reserved 1056768K
  class space    used 431K, capacity 460K, committed 512K, reserved 1048576K
2024-07-23T00:26:05.298+0800: 13.955: [GC (Allocation Failure) 2024-07-23T00:26:05.298+0800: 13.956: [ParNew
Desired survivor size 8945664 bytes, new threshold 6 (max 6)
: 0K->0K(157248K), 0.0008877 secs]2024-07-23T00:26:05.300+0800: 13.956: [CMS: 205856K->1056K(349568K), 0.0026492 secs] 205856K->1056K(506816K), [Metaspace: 3957K->3957K(1056768K)], 0.0036331 secs] [Times: user=0.00 sys=0.00, real=0.00 secs] 
Heap after GC invocations=310 (full 616):
 par new generation   total 157248K, used 0K [0x00000000e0000000, 0x00000000eaaa0000, 0x00000000eaaa0000)
  eden space 139776K,   0% used [0x00000000e0000000, 0x00000000e0000000, 0x00000000e8880000)
  from space 17472K,   0% used [0x00000000e8880000, 0x00000000e8880000, 0x00000000e9990000)
  to   space 17472K,   0% used [0x00000000e9990000, 0x00000000e9990000, 0x00000000eaaa0000)
 concurrent mark-sweep generation total 349568K, used 1056K [0x00000000eaaa0000, 0x0000000100000000, 0x0000000100000000)
 Metaspace       used 3957K, capacity 4568K, committed 4864K, reserved 1056768K
  class space    used 431K, capacity 460K, committed 512K, reserved 1048576K
}
2024-07-23T00:26:05.302+0800: 13.959: Total time for which application threads were stopped: 0.0037588 seconds, Stopping threads took: 0.0000333 seconds
2024-07-23T00:26:05.321+0800: 13.979: [GC (CMS Initial Mark) [1 CMS-initial-mark: 205856K(349568K)] 205856K(506816K), 0.0002306 secs] [Times: user=0.00 sys=0.00, real=0.00 secs] 
2024-07-23T00:26:05.321+0800: 13.979: Total time for which application threads were stopped: 0.0195564 seconds, Stopping threads took: 0.0192440 seconds
2024-07-23T00:26:05.321+0800: 13.979: [CMS-concurrent-mark-start]
2024-07-23T00:26:05.323+0800: 13.980: [CMS-concurrent-mark: 0.001/0.001 secs] [Times: user=0.00 sys=0.00, real=0.00 secs] 
2024-07-23T00:26:05.323+0800: 13.980: [CMS-concurrent-preclean-start]
2024-07-23T00:26:05.323+0800: 13.980: [CMS-concurrent-preclean: 0.000/0.000 secs] [Times: user=0.00 sys=0.00, real=0.00 secs] 
2024-07-23T00:26:05.323+0800: 13.981: [GC (CMS Final Remark) [YG occupancy: 0 K (157248 K)]2024-07-23T00:26:05.323+0800: 13.981: [Rescan (parallel) , 0.0002552 secs]2024-07-23T00:26:05.323+0800: 13.981: [weak refs processing, 0.0000071 secs]2024-07-23T00:26:05.323+0800: 13.981: [class unloading, 0.0002107 secs]2024-07-23T00:26:05.324+0800: 13.981: [scrub symbol table, 0.0002808 secs]2024-07-23T00:26:05.324+0800: 13.981: [scrub string table, 0.0000846 secs][1 CMS-remark: 205856K(349568K)] 205856K(506816K), 0.0008779 secs] [Times: user=0.00 sys=0.00, real=0.00 secs] 
2024-07-23T00:26:05.324+0800: 13.981: Total time for which application threads were stopped: 0.0009302 seconds, Stopping threads took: 0.0000278 seconds
2024-07-23T00:26:05.324+0800: 13.981: [CMS-concurrent-sweep-start]
2024-07-23T00:26:05.324+0800: 13.982: [CMS-concurrent-sweep: 0.000/0.000 secs] [Times: user=0.00 sys=0.00, real=0.00 secs] 
2024-07-23T00:26:05.324+0800: 13.982: [CMS-concurrent-reset-start]
2024-07-23T00:26:05.325+0800: 13.982: [CMS-concurrent-reset: 0.000/0.000 secs] [Times: user=0.00 sys=0.00, real=0.00 secs] 
{Heap before GC invocations=310 (full 617):
 par new generation   total 157248K, used 0K [0x00000000e0000000, 0x00000000eaaa0000, 0x00000000eaaa0000)
  eden space 139776K,   0% used [0x00000000e0000000, 0x00000000e0000000, 0x00000000e8880000)
  from space 17472K,   0% used [0x00000000e8880000, 0x00000000e8880000, 0x00000000e9990000)
  to   space 17472K,   0% used [0x00000000e9990000, 0x00000000e9990000, 0x00000000eaaa0000)
 concurrent mark-sweep generation total 349568K, used 205856K [0x00000000eaaa0000, 0x0000000100000000, 0x0000000100000000)
 Metaspace       used 3957K, capacity 4568K, committed 4864K, reserved 1056768K
  class space    used 431K, capacity 460K, committed 512K, reserved 1048576K
2024-07-23T00:26:05.345+0800: 14.002: [GC (Allocation Failure) 2024-07-23T00:26:05.345+0800: 14.002: [ParNew
Desired survivor size 8945664 bytes, new threshold 6 (max 6)
: 0K->0K(157248K), 0.0005057 secs]2024-07-23T00:26:05.345+0800: 14.002: [CMS: 205856K->1056K(349568K), 0.0027513 secs] 205856K->1056K(506816K), [Metaspace: 3957K->3957K(1056768K)], 0.0034032 secs] [Times: user=0.00 sys=0.00, real=0.00 secs] 
Heap after GC invocations=311 (full 618):
 par new generation   total 157248K, used 0K [0x00000000e0000000, 0x00000000eaaa0000, 0x00000000eaaa0000)
  eden space 139776K,   0% used [0x00000000e0000000, 0x00000000e0000000, 0x00000000e8880000)
  from space 17472K,   0% used [0x00000000e9990000, 0x00000000e9990000, 0x00000000eaaa0000)
  to   space 17472K,   0% used [0x00000000e8880000, 0x00000000e8880000, 0x00000000e9990000)
 concurrent mark-sweep generation total 349568K, used 1056K [0x00000000eaaa0000, 0x0000000100000000, 0x0000000100000000)
 Metaspace       used 3957K, capacity 4568K, committed 4864K, reserved 1056768K
  class space    used 431K, capacity 460K, committed 512K, reserved 1048576K
}
2024-07-23T00:26:05.348+0800: 14.005: Total time for which application threads were stopped: 0.0035374 seconds, Stopping threads took: 0.0000323 seconds
2024-07-23T00:26:05.369+0800: 14.026: [GC (CMS Initial Mark) [1 CMS-initial-mark: 205856K(349568K)] 205856K(506816K), 0.0003561 secs] [Times: user=0.00 sys=0.00, real=0.00 secs] 
2024-07-23T00:26:05.369+0800: 14.027: Total time for which application threads were stopped: 0.0215245 seconds, Stopping threads took: 0.0210694 seconds
2024-07-23T00:26:05.369+0800: 14.027: [CMS-concurrent-mark-start]
2024-07-23T00:26:05.371+0800: 14.028: [CMS-concurrent-mark: 0.002/0.002 secs] [Times: user=0.00 sys=0.00, real=0.00 secs] 
2024-07-23T00:26:05.371+0800: 14.028: [CMS-concurrent-preclean-start]
2024-07-23T00:26:05.372+0800: 14.029: [CMS-concurrent-preclean: 0.001/0.001 secs] [Times: user=0.00 sys=0.00, real=0.00 secs] 
2024-07-23T00:26:05.372+0800: 14.029: [GC (CMS Final Remark) [YG occupancy: 0 K (157248 K)]2024-07-23T00:26:05.372+0800: 14.029: [Rescan (parallel) , 0.0002067 secs]2024-07-23T00:26:05.372+0800: 14.029: [weak refs processing, 0.0000126 secs]2024-07-23T00:26:05.372+0800: 14.029: [class unloading, 0.0002339 secs]2024-07-23T00:26:05.372+0800: 14.029: [scrub symbol table, 0.0004714 secs]2024-07-23T00:26:05.372+0800: 14.030: [scrub string table, 0.0001073 secs][1 CMS-remark: 205856K(349568K)] 205856K(506816K), 0.0011071 secs] [Times: user=0.00 sys=0.00, real=0.00 secs] 
2024-07-23T00:26:05.373+0800: 14.030: Total time for which application threads were stopped: 0.0011676 seconds, Stopping threads took: 0.0000204 seconds
2024-07-23T00:26:05.373+0800: 14.030: [CMS-concurrent-sweep-start]
2024-07-23T00:26:05.373+0800: 14.030: [CMS-concurrent-sweep: 0.000/0.000 secs] [Times: user=0.00 sys=0.00, real=0.00 secs] 
2024-07-23T00:26:05.373+0800: 14.030: [CMS-concurrent-reset-start]
2024-07-23T00:26:05.374+0800: 14.031: [CMS-concurrent-reset: 0.001/0.001 secs] [Times: user=0.00 sys=0.00, real=0.00 secs] 
{Heap before GC invocations=311 (full 619):
 par new generation   total 157248K, used 0K [0x00000000e0000000, 0x00000000eaaa0000, 0x00000000eaaa0000)
  eden space 139776K,   0% used [0x00000000e0000000, 0x00000000e0000000, 0x00000000e8880000)
  from space 17472K,   0% used [0x00000000e9990000, 0x00000000e9990000, 0x00000000eaaa0000)
  to   space 17472K,   0% used [0x00000000e8880000, 0x00000000e8880000, 0x00000000e9990000)
 concurrent mark-sweep generation total 349568K, used 205856K [0x00000000eaaa0000, 0x0000000100000000, 0x0000000100000000)
 Metaspace       used 3957K, capacity 4568K, committed 4864K, reserved 1056768K
  class space    used 431K, capacity 460K, committed 512K, reserved 1048576K
2024-07-23T00:26:05.391+0800: 14.048: [GC (Allocation Failure) 2024-07-23T00:26:05.391+0800: 14.048: [ParNew
Desired survivor size 8945664 bytes, new threshold 6 (max 6)
: 0K->0K(157248K), 0.0006526 secs]2024-07-23T00:26:05.391+0800: 14.049: [CMS: 205856K->1056K(349568K), 0.0026677 secs] 205856K->1056K(506816K), [Metaspace: 3957K->3957K(1056768K)], 0.0034347 secs] [Times: user=0.00 sys=0.00, real=0.00 secs] 
Heap after GC invocations=312 (full 620):
 par new generation   total 157248K, used 0K [0x00000000e0000000, 0x00000000eaaa0000, 0x00000000eaaa0000)
  eden space 139776K,   0% used [0x00000000e0000000, 0x00000000e0000000, 0x00000000e8880000)
  from space 17472K,   0% used [0x00000000e8880000, 0x00000000e8880000, 0x00000000e9990000)
  to   space 17472K,   0% used [0x00000000e9990000, 0x00000000e9990000, 0x00000000eaaa0000)
 concurrent mark-sweep generation total 349568K, used 1056K [0x00000000eaaa0000, 0x0000000100000000, 0x0000000100000000)
 Metaspace       used 3957K, capacity 4568K, committed 4864K, reserved 1056768K
  class space    used 431K, capacity 460K, committed 512K, reserved 1048576K
}
2024-07-23T00:26:05.394+0800: 14.051: Total time for which application threads were stopped: 0.0035730 seconds, Stopping threads took: 0.0000315 seconds
2024-07-23T00:26:05.412+0800: 14.069: [GC (CMS Initial Mark) [1 CMS-initial-mark: 205856K(349568K)] 205856K(506816K), 0.0002989 secs] [Times: user=0.00 sys=0.00, real=0.00 secs] 
2024-07-23T00:26:05.412+0800: 14.069: Total time for which application threads were stopped: 0.0179519 seconds, Stopping threads took: 0.0175708 seconds
2024-07-23T00:26:05.412+0800: 14.069: [CMS-concurrent-mark-start]
2024-07-23T00:26:05.414+0800: 14.071: [CMS-concurrent-mark: 0.002/0.002 secs] [Times: user=0.00 sys=0.00, real=0.00 secs] 
2024-07-23T00:26:05.414+0800: 14.071: [CMS-concurrent-preclean-start]
2024-07-23T00:26:05.414+0800: 14.071: [CMS-concurrent-preclean: 0.000/0.000 secs] [Times: user=0.00 sys=0.00, real=0.00 secs] 
2024-07-23T00:26:05.414+0800: 14.071: [GC (CMS Final Remark) [YG occupancy: 0 K (157248 K)]2024-07-23T00:26:05.414+0800: 14.071: [Rescan (parallel) , 0.0004787 secs]2024-07-23T00:26:05.415+0800: 14.072: [weak refs processing, 0.0000076 secs]2024-07-23T00:26:05.415+0800: 14.072: [class unloading, 0.0001850 secs]2024-07-23T00:26:05.415+0800: 14.072: [scrub symbol table, 0.0002846 secs]2024-07-23T00:26:05.415+0800: 14.072: [scrub string table, 0.0000847 secs][1 CMS-remark: 205856K(349568K)] 205856K(506816K), 0.0010730 secs] [Times: user=0.00 sys=0.00, real=0.00 secs] 
2024-07-23T00:26:05.415+0800: 14.072: Total time for which application threads were stopped: 0.0011079 seconds, Stopping threads took: 0.0000127 seconds
2024-07-23T00:26:05.415+0800: 14.072: [CMS-concurrent-sweep-start]
2024-07-23T00:26:05.416+0800: 14.073: [CMS-concurrent-sweep: 0.000/0.000 secs] [Times: user=0.00 sys=0.00, real=0.00 secs] 
2024-07-23T00:26:05.416+0800: 14.073: [CMS-concurrent-reset-start]
2024-07-23T00:26:05.416+0800: 14.073: [CMS-concurrent-reset: 0.000/0.000 secs] [Times: user=0.00 sys=0.00, real=0.00 secs] 
{Heap before GC invocations=312 (full 621):
 par new generation   total 157248K, used 0K [0x00000000e0000000, 0x00000000eaaa0000, 0x00000000eaaa0000)
  eden space 139776K,   0% used [0x00000000e0000000, 0x00000000e0000000, 0x00000000e8880000)
  from space 17472K,   0% used [0x00000000e8880000, 0x00000000e8880000, 0x00000000e9990000)
  to   space 17472K,   0% used [0x00000000e9990000, 0x00000000e9990000, 0x00000000eaaa0000)
 concurrent mark-sweep generation total 349568K, used 205856K [0x00000000eaaa0000, 0x0000000100000000, 0x0000000100000000)
 Metaspace       used 3957K, capacity 4568K, committed 4864K, reserved 1056768K
  class space    used 431K, capacity 460K, committed 512K, reserved 1048576K
2024-07-23T00:26:05.422+0800: 14.079: [GC (Allocation Failure) 2024-07-23T00:26:05.422+0800: 14.079: [ParNew
Desired survivor size 8945664 bytes, new threshold 6 (max 6)
: 0K->0K(157248K), 0.0007637 secs]2024-07-23T00:26:05.423+0800: 14.080: [CMS: 205856K->1056K(349568K), 0.0031606 secs] 205856K->1056K(506816K), [Metaspace: 3957K->3957K(1056768K)], 0.0040385 secs] [Times: user=0.00 sys=0.00, real=0.00 secs] 
Heap after GC invocations=313 (full 622):
 par new generation   total 157248K, used 0K [0x00000000e0000000, 0x00000000eaaa0000, 0x00000000eaaa0000)
  eden space 139776K,   0% used [0x00000000e0000000, 0x00000000e0000000, 0x00000000e8880000)
  from space 17472K,   0% used [0x00000000e9990000, 0x00000000e9990000, 0x00000000eaaa0000)
  to   space 17472K,   0% used [0x00000000e8880000, 0x00000000e8880000, 0x00000000e9990000)
 concurrent mark-sweep generation total 349568K, used 1056K [0x00000000eaaa0000, 0x0000000100000000, 0x0000000100000000)
 Metaspace       used 3957K, capacity 4568K, committed 4864K, reserved 1056768K
  class space    used 431K, capacity 460K, committed 512K, reserved 1048576K
}
2024-07-23T00:26:05.426+0800: 14.083: Total time for which application threads were stopped: 0.0041570 seconds, Stopping threads took: 0.0000260 seconds
2024-07-23T00:26:05.443+0800: 14.101: [GC (CMS Initial Mark) [1 CMS-initial-mark: 205856K(349568K)] 205856K(506816K), 0.0002190 secs] [Times: user=0.00 sys=0.00, real=0.00 secs] 
2024-07-23T00:26:05.443+0800: 14.101: Total time for which application threads were stopped: 0.0179176 seconds, Stopping threads took: 0.0176377 seconds
2024-07-23T00:26:05.443+0800: 14.101: [CMS-concurrent-mark-start]
2024-07-23T00:26:05.444+0800: 14.102: [CMS-concurrent-mark: 0.001/0.001 secs] [Times: user=0.00 sys=0.00, real=0.00 secs] 
2024-07-23T00:26:05.444+0800: 14.102: [CMS-concurrent-preclean-start]
2024-07-23T00:26:05.446+0800: 14.103: [CMS-concurrent-preclean: 0.000/0.000 secs] [Times: user=0.00 sys=0.00, real=0.00 secs] 
2024-07-23T00:26:05.446+0800: 14.103: [GC (CMS Final Remark) [YG occupancy: 0 K (157248 K)]2024-07-23T00:26:05.446+0800: 14.103: [Rescan (parallel) , 0.0002653 secs]2024-07-23T00:26:05.446+0800: 14.103: [weak refs processing, 0.0000069 secs]2024-07-23T00:26:05.446+0800: 14.103: [class unloading, 0.0001987 secs]2024-07-23T00:26:05.446+0800: 14.103: [scrub symbol table, 0.0003154 secs]2024-07-23T00:26:05.446+0800: 14.104: [scrub string table, 0.0000834 secs][1 CMS-remark: 205856K(349568K)] 205856K(506816K), 0.0009071 secs] [Times: user=0.00 sys=0.00, real=0.00 secs] 
2024-07-23T00:26:05.447+0800: 14.104: Total time for which application threads were stopped: 0.0009470 seconds, Stopping threads took: 0.0000144 seconds
2024-07-23T00:26:05.447+0800: 14.104: [CMS-concurrent-sweep-start]
2024-07-23T00:26:05.447+0800: 14.104: [CMS-concurrent-sweep: 0.000/0.000 secs] [Times: user=0.00 sys=0.00, real=0.00 secs] 
2024-07-23T00:26:05.447+0800: 14.104: [CMS-concurrent-reset-start]
2024-07-23T00:26:05.447+0800: 14.104: [CMS-concurrent-reset: 0.000/0.000 secs] [Times: user=0.00 sys=0.00, real=0.00 secs] 
{Heap before GC invocations=313 (full 623):
 par new generation   total 157248K, used 0K [0x00000000e0000000, 0x00000000eaaa0000, 0x00000000eaaa0000)
  eden space 139776K,   0% used [0x00000000e0000000, 0x00000000e0000000, 0x00000000e8880000)
  from space 17472K,   0% used [0x00000000e9990000, 0x00000000e9990000, 0x00000000eaaa0000)
  to   space 17472K,   0% used [0x00000000e8880000, 0x00000000e8880000, 0x00000000e9990000)
 concurrent mark-sweep generation total 349568K, used 205856K [0x00000000eaaa0000, 0x0000000100000000, 0x0000000100000000)
 Metaspace       used 3957K, capacity 4568K, committed 4864K, reserved 1056768K
  class space    used 431K, capacity 460K, committed 512K, reserved 1048576K
2024-07-23T00:26:05.454+0800: 14.111: [GC (Allocation Failure) 2024-07-23T00:26:05.454+0800: 14.111: [ParNew
Desired survivor size 8945664 bytes, new threshold 6 (max 6)
: 0K->0K(157248K), 0.0005544 secs]2024-07-23T00:26:05.455+0800: 14.112: [CMS: 205856K->1056K(349568K), 0.0023363 secs] 205856K->1056K(506816K), [Metaspace: 3957K->3957K(1056768K)], 0.0029930 secs] [Times: user=0.00 sys=0.00, real=0.00 secs] 
Heap after GC invocations=314 (full 624):
 par new generation   total 157248K, used 0K [0x00000000e0000000, 0x00000000eaaa0000, 0x00000000eaaa0000)
  eden space 139776K,   0% used [0x00000000e0000000, 0x00000000e0000000, 0x00000000e8880000)
  from space 17472K,   0% used [0x00000000e8880000, 0x00000000e8880000, 0x00000000e9990000)
  to   space 17472K,   0% used [0x00000000e9990000, 0x00000000e9990000, 0x00000000eaaa0000)
 concurrent mark-sweep generation total 349568K, used 1056K [0x00000000eaaa0000, 0x0000000100000000, 0x0000000100000000)
 Metaspace       used 3957K, capacity 4568K, committed 4864K, reserved 1056768K
  class space    used 431K, capacity 460K, committed 512K, reserved 1048576K
}
2024-07-23T00:26:05.457+0800: 14.114: Total time for which application threads were stopped: 0.0031092 seconds, Stopping threads took: 0.0000194 seconds
2024-07-23T00:26:05.475+0800: 14.132: [GC (CMS Initial Mark) [1 CMS-initial-mark: 205856K(349568K)] 205856K(506816K), 0.0004196 secs] [Times: user=0.00 sys=0.00, real=0.00 secs] 
2024-07-23T00:26:05.475+0800: 14.133: Total time for which application threads were stopped: 0.0188554 seconds, Stopping threads took: 0.0183637 seconds
2024-07-23T00:26:05.475+0800: 14.133: [CMS-concurrent-mark-start]
2024-07-23T00:26:05.477+0800: 14.135: [CMS-concurrent-mark: 0.002/0.002 secs] [Times: user=0.00 sys=0.00, real=0.00 secs] 
2024-07-23T00:26:05.477+0800: 14.135: [CMS-concurrent-preclean-start]
2024-07-23T00:26:05.478+0800: 14.135: [CMS-concurrent-preclean: 0.000/0.000 secs] [Times: user=0.00 sys=0.00, real=0.00 secs] 
2024-07-23T00:26:05.478+0800: 14.135: [GC (CMS Final Remark) [YG occupancy: 0 K (157248 K)]2024-07-23T00:26:05.478+0800: 14.135: [Rescan (parallel) , 0.0002574 secs]2024-07-23T00:26:05.478+0800: 14.136: [weak refs processing, 0.0000111 secs]2024-07-23T00:26:05.478+0800: 14.136: [class unloading, 0.0002187 secs]2024-07-23T00:26:05.478+0800: 14.136: [scrub symbol table, 0.0003287 secs]2024-07-23T00:26:05.479+0800: 14.136: [scrub string table, 0.0001920 secs][1 CMS-remark: 205856K(349568K)] 205856K(506816K), 0.0010971 secs] [Times: user=0.00 sys=0.00, real=0.00 secs] 
2024-07-23T00:26:05.479+0800: 14.136: Total time for which application threads were stopped: 0.0011537 seconds, Stopping threads took: 0.0000220 seconds
2024-07-23T00:26:05.479+0800: 14.136: [CMS-concurrent-sweep-start]
2024-07-23T00:26:05.479+0800: 14.137: [CMS-concurrent-sweep: 0.000/0.000 secs] [Times: user=0.00 sys=0.00, real=0.00 secs] 
2024-07-23T00:26:05.479+0800: 14.137: [CMS-concurrent-reset-start]
2024-07-23T00:26:05.480+0800: 14.137: [CMS-concurrent-reset: 0.000/0.000 secs] [Times: user=0.00 sys=0.00, real=0.00 secs] 
{Heap before GC invocations=314 (full 625):
 par new generation   total 157248K, used 0K [0x00000000e0000000, 0x00000000eaaa0000, 0x00000000eaaa0000)
  eden space 139776K,   0% used [0x00000000e0000000, 0x00000000e0000000, 0x00000000e8880000)
  from space 17472K,   0% used [0x00000000e8880000, 0x00000000e8880000, 0x00000000e9990000)
  to   space 17472K,   0% used [0x00000000e9990000, 0x00000000e9990000, 0x00000000eaaa0000)
 concurrent mark-sweep generation total 349568K, used 205856K [0x00000000eaaa0000, 0x0000000100000000, 0x0000000100000000)
 Metaspace       used 3957K, capacity 4568K, committed 4864K, reserved 1056768K
  class space    used 431K, capacity 460K, committed 512K, reserved 1048576K
2024-07-23T00:26:05.500+0800: 14.157: [GC (Allocation Failure) 2024-07-23T00:26:05.500+0800: 14.157: [ParNew
Desired survivor size 8945664 bytes, new threshold 6 (max 6)
: 0K->0K(157248K), 0.0013977 secs]2024-07-23T00:26:05.501+0800: 14.159: [CMS: 205856K->1056K(349568K), 0.0051351 secs] 205856K->1056K(506816K), [Metaspace: 3957K->3957K(1056768K)], 0.0067182 secs] [Times: user=0.01 sys=0.00, real=0.01 secs] 
Heap after GC invocations=315 (full 626):
 par new generation   total 157248K, used 0K [0x00000000e0000000, 0x00000000eaaa0000, 0x00000000eaaa0000)
  eden space 139776K,   0% used [0x00000000e0000000, 0x00000000e0000000, 0x00000000e8880000)
  from space 17472K,   0% used [0x00000000e9990000, 0x00000000e9990000, 0x00000000eaaa0000)
  to   space 17472K,   0% used [0x00000000e8880000, 0x00000000e8880000, 0x00000000e9990000)
 concurrent mark-sweep generation total 349568K, used 1056K [0x00000000eaaa0000, 0x0000000100000000, 0x0000000100000000)
 Metaspace       used 3957K, capacity 4568K, committed 4864K, reserved 1056768K
  class space    used 431K, capacity 460K, committed 512K, reserved 1048576K
}
2024-07-23T00:26:05.507+0800: 14.164: Total time for which application threads were stopped: 0.0068755 seconds, Stopping threads took: 0.0000298 seconds
2024-07-23T00:26:05.529+0800: 14.186: [GC (CMS Initial Mark) [1 CMS-initial-mark: 205856K(349568K)] 205856K(506816K), 0.0005252 secs] [Times: user=0.00 sys=0.00, real=0.00 secs] 
2024-07-23T00:26:05.529+0800: 14.186: Total time for which application threads were stopped: 0.0224603 seconds, Stopping threads took: 0.0218587 seconds
2024-07-23T00:26:05.529+0800: 14.186: [CMS-concurrent-mark-start]
2024-07-23T00:26:05.531+0800: 14.188: [CMS-concurrent-mark: 0.002/0.002 secs] [Times: user=0.00 sys=0.00, real=0.00 secs] 
2024-07-23T00:26:05.531+0800: 14.188: [CMS-concurrent-preclean-start]
2024-07-23T00:26:05.531+0800: 14.189: [CMS-concurrent-preclean: 0.000/0.000 secs] [Times: user=0.00 sys=0.00, real=0.00 secs] 
2024-07-23T00:26:05.531+0800: 14.189: [GC (CMS Final Remark) [YG occupancy: 0 K (157248 K)]2024-07-23T00:26:05.532+0800: 14.189: [Rescan (parallel) , 0.0005280 secs]2024-07-23T00:26:05.532+0800: 14.189: [weak refs processing, 0.0000282 secs]2024-07-23T00:26:05.532+0800: 14.189: [class unloading, 0.0003716 secs]2024-07-23T00:26:05.533+0800: 14.190: [scrub symbol table, 0.0004866 secs]2024-07-23T00:26:05.533+0800: 14.190: [scrub string table, 0.0001457 secs][1 CMS-remark: 205856K(349568K)] 205856K(506816K), 0.0016711 secs] [Times: user=0.00 sys=0.00, real=0.00 secs] 
2024-07-23T00:26:05.533+0800: 14.191: Total time for which application threads were stopped: 0.0017609 seconds, Stopping threads took: 0.0000269 seconds
2024-07-23T00:26:05.533+0800: 14.191: [CMS-concurrent-sweep-start]
2024-07-23T00:26:05.534+0800: 14.191: [CMS-concurrent-sweep: 0.000/0.000 secs] [Times: user=0.00 sys=0.00, real=0.00 secs] 
2024-07-23T00:26:05.534+0800: 14.191: [CMS-concurrent-reset-start]
2024-07-23T00:26:05.534+0800: 14.191: [CMS-concurrent-reset: 0.000/0.000 secs] [Times: user=0.00 sys=0.00, real=0.00 secs] 
{Heap before GC invocations=315 (full 627):
 par new generation   total 157248K, used 0K [0x00000000e0000000, 0x00000000eaaa0000, 0x00000000eaaa0000)
  eden space 139776K,   0% used [0x00000000e0000000, 0x00000000e0000000, 0x00000000e8880000)
  from space 17472K,   0% used [0x00000000e9990000, 0x00000000e9990000, 0x00000000eaaa0000)
  to   space 17472K,   0% used [0x00000000e8880000, 0x00000000e8880000, 0x00000000e9990000)
 concurrent mark-sweep generation total 349568K, used 205856K [0x00000000eaaa0000, 0x0000000100000000, 0x0000000100000000)
 Metaspace       used 3957K, capacity 4568K, committed 4864K, reserved 1056768K
  class space    used 431K, capacity 460K, committed 512K, reserved 1048576K
2024-07-23T00:26:05.548+0800: 14.205: [GC (Allocation Failure) 2024-07-23T00:26:05.548+0800: 14.205: [ParNew
Desired survivor size 8945664 bytes, new threshold 6 (max 6)
: 0K->0K(157248K), 0.0005653 secs]2024-07-23T00:26:05.548+0800: 14.205: [CMS: 205856K->1056K(349568K), 0.0026662 secs] 205856K->1056K(506816K), [Metaspace: 3957K->3957K(1056768K)], 0.0034101 secs] [Times: user=0.02 sys=0.00, real=0.00 secs] 
Heap after GC invocations=316 (full 628):
 par new generation   total 157248K, used 0K [0x00000000e0000000, 0x00000000eaaa0000, 0x00000000eaaa0000)
  eden space 139776K,   0% used [0x00000000e0000000, 0x00000000e0000000, 0x00000000e8880000)
  from space 17472K,   0% used [0x00000000e8880000, 0x00000000e8880000, 0x00000000e9990000)
  to   space 17472K,   0% used [0x00000000e9990000, 0x00000000e9990000, 0x00000000eaaa0000)
 concurrent mark-sweep generation total 349568K, used 1056K [0x00000000eaaa0000, 0x0000000100000000, 0x0000000100000000)
 Metaspace       used 3957K, capacity 4568K, committed 4864K, reserved 1056768K
  class space    used 431K, capacity 460K, committed 512K, reserved 1048576K
}
2024-07-23T00:26:05.551+0800: 14.208: Total time for which application threads were stopped: 0.0035704 seconds, Stopping threads took: 0.0000419 seconds
2024-07-23T00:26:05.571+0800: 14.229: [GC (CMS Initial Mark) [1 CMS-initial-mark: 205856K(349568K)] 205856K(506816K), 0.0005149 secs] [Times: user=0.00 sys=0.00, real=0.00 secs] 
2024-07-23T00:26:05.572+0800: 14.229: Total time for which application threads were stopped: 0.0209565 seconds, Stopping threads took: 0.0203479 seconds
2024-07-23T00:26:05.572+0800: 14.229: [CMS-concurrent-mark-start]
2024-07-23T00:26:05.574+0800: 14.231: [CMS-concurrent-mark: 0.002/0.002 secs] [Times: user=0.00 sys=0.00, real=0.00 secs] 
2024-07-23T00:26:05.574+0800: 14.231: [CMS-concurrent-preclean-start]
2024-07-23T00:26:05.574+0800: 14.232: [CMS-concurrent-preclean: 0.000/0.000 secs] [Times: user=0.00 sys=0.00, real=0.00 secs] 
2024-07-23T00:26:05.575+0800: 14.232: [GC (CMS Final Remark) [YG occupancy: 0 K (157248 K)]2024-07-23T00:26:05.575+0800: 14.232: [Rescan (parallel) , 0.0003527 secs]2024-07-23T00:26:05.575+0800: 14.232: [weak refs processing, 0.0000104 secs]2024-07-23T00:26:05.575+0800: 14.232: [class unloading, 0.0002608 secs]2024-07-23T00:26:05.575+0800: 14.232: [scrub symbol table, 0.0004397 secs]2024-07-23T00:26:05.576+0800: 14.233: [scrub string table, 0.0001266 secs][1 CMS-remark: 205856K(349568K)] 205856K(506816K), 0.0012569 secs] [Times: user=0.00 sys=0.00, real=0.00 secs] 
2024-07-23T00:26:05.576+0800: 14.233: Total time for which application threads were stopped: 0.0013349 seconds, Stopping threads took: 0.0000258 seconds
2024-07-23T00:26:05.576+0800: 14.233: [CMS-concurrent-sweep-start]
2024-07-23T00:26:05.576+0800: 14.234: [CMS-concurrent-sweep: 0.000/0.000 secs] [Times: user=0.00 sys=0.00, real=0.00 secs] 
2024-07-23T00:26:05.576+0800: 14.234: [CMS-concurrent-reset-start]
2024-07-23T00:26:05.577+0800: 14.234: [CMS-concurrent-reset: 0.001/0.001 secs] [Times: user=0.00 sys=0.00, real=0.00 secs] 
{Heap before GC invocations=316 (full 629):
 par new generation   total 157248K, used 0K [0x00000000e0000000, 0x00000000eaaa0000, 0x00000000eaaa0000)
  eden space 139776K,   0% used [0x00000000e0000000, 0x00000000e0000000, 0x00000000e8880000)
  from space 17472K,   0% used [0x00000000e8880000, 0x00000000e8880000, 0x00000000e9990000)
  to   space 17472K,   0% used [0x00000000e9990000, 0x00000000e9990000, 0x00000000eaaa0000)
 concurrent mark-sweep generation total 349568K, used 205856K [0x00000000eaaa0000, 0x0000000100000000, 0x0000000100000000)
 Metaspace       used 3957K, capacity 4568K, committed 4864K, reserved 1056768K
  class space    used 431K, capacity 460K, committed 512K, reserved 1048576K
2024-07-23T00:26:05.594+0800: 14.251: [GC (Allocation Failure) 2024-07-23T00:26:05.594+0800: 14.251: [ParNew
Desired survivor size 8945664 bytes, new threshold 6 (max 6)
: 0K->0K(157248K), 0.0009623 secs]2024-07-23T00:26:05.596+0800: 14.252: [CMS: 205856K->1056K(349568K), 0.0045631 secs] 205856K->1056K(506816K), [Metaspace: 3957K->3957K(1056768K)], 0.0058129 secs] [Times: user=0.00 sys=0.00, real=0.01 secs] 
Heap after GC invocations=317 (full 630):
 par new generation   total 157248K, used 0K [0x00000000e0000000, 0x00000000eaaa0000, 0x00000000eaaa0000)
  eden space 139776K,   0% used [0x00000000e0000000, 0x00000000e0000000, 0x00000000e8880000)
  from space 17472K,   0% used [0x00000000e9990000, 0x00000000e9990000, 0x00000000eaaa0000)
  to   space 17472K,   0% used [0x00000000e8880000, 0x00000000e8880000, 0x00000000e9990000)
 concurrent mark-sweep generation total 349568K, used 1056K [0x00000000eaaa0000, 0x0000000100000000, 0x0000000100000000)
 Metaspace       used 3957K, capacity 4568K, committed 4864K, reserved 1056768K
  class space    used 431K, capacity 460K, committed 512K, reserved 1048576K
}
2024-07-23T00:26:05.600+0800: 14.257: Total time for which application threads were stopped: 0.0060637 seconds, Stopping threads took: 0.0000437 seconds
2024-07-23T00:26:05.620+0800: 14.277: [GC (CMS Initial Mark) [1 CMS-initial-mark: 205856K(349568K)] 205856K(506816K), 0.0002345 secs] [Times: user=0.00 sys=0.00, real=0.00 secs] 
2024-07-23T00:26:05.621+0800: 14.277: Total time for which application threads were stopped: 0.0200468 seconds, Stopping threads took: 0.0197584 seconds
2024-07-23T00:26:05.621+0800: 14.277: [CMS-concurrent-mark-start]
2024-07-23T00:26:05.622+0800: 14.279: [CMS-concurrent-mark: 0.001/0.001 secs] [Times: user=0.00 sys=0.00, real=0.00 secs] 
2024-07-23T00:26:05.622+0800: 14.279: [CMS-concurrent-preclean-start]
2024-07-23T00:26:05.622+0800: 14.279: [CMS-concurrent-preclean: 0.000/0.000 secs] [Times: user=0.00 sys=0.00, real=0.00 secs] 
2024-07-23T00:26:05.622+0800: 14.279: [GC (CMS Final Remark) [YG occupancy: 0 K (157248 K)]2024-07-23T00:26:05.622+0800: 14.279: [Rescan (parallel) , 0.0008645 secs]2024-07-23T00:26:05.623+0800: 14.280: [weak refs processing, 0.0000179 secs]2024-07-23T00:26:05.623+0800: 14.280: [class unloading, 0.0004461 secs]2024-07-23T00:26:05.624+0800: 14.280: [scrub symbol table, 0.0005756 secs]2024-07-23T00:26:05.624+0800: 14.281: [scrub string table, 0.0001701 secs][1 CMS-remark: 205856K(349568K)] 205856K(506816K), 0.0021896 secs] [Times: user=0.00 sys=0.00, real=0.00 secs] 
2024-07-23T00:26:05.624+0800: 14.281: Total time for which application threads were stopped: 0.0022664 seconds, Stopping threads took: 0.0000193 seconds
2024-07-23T00:26:05.625+0800: 14.281: [CMS-concurrent-sweep-start]
2024-07-23T00:26:05.625+0800: 14.282: [CMS-concurrent-sweep: 0.000/0.000 secs] [Times: user=0.00 sys=0.00, real=0.00 secs] 
2024-07-23T00:26:05.625+0800: 14.282: [CMS-concurrent-reset-start]
2024-07-23T00:26:05.626+0800: 14.282: [CMS-concurrent-reset: 0.001/0.001 secs] [Times: user=0.00 sys=0.00, real=0.00 secs] 
{Heap before GC invocations=317 (full 631):
 par new generation   total 157248K, used 0K [0x00000000e0000000, 0x00000000eaaa0000, 0x00000000eaaa0000)
  eden space 139776K,   0% used [0x00000000e0000000, 0x00000000e0000000, 0x00000000e8880000)
  from space 17472K,   0% used [0x00000000e9990000, 0x00000000e9990000, 0x00000000eaaa0000)
  to   space 17472K,   0% used [0x00000000e8880000, 0x00000000e8880000, 0x00000000e9990000)
 concurrent mark-sweep generation total 349568K, used 205856K [0x00000000eaaa0000, 0x0000000100000000, 0x0000000100000000)
 Metaspace       used 3957K, capacity 4568K, committed 4864K, reserved 1056768K
  class space    used 431K, capacity 460K, committed 512K, reserved 1048576K
2024-07-23T00:26:05.642+0800: 14.299: [GC (Allocation Failure) 2024-07-23T00:26:05.642+0800: 14.299: [ParNew
Desired survivor size 8945664 bytes, new threshold 6 (max 6)
: 0K->0K(157248K), 0.0009576 secs]2024-07-23T00:26:05.643+0800: 14.300: [CMS: 205856K->1056K(349568K), 0.0028017 secs] 205856K->1056K(506816K), [Metaspace: 3957K->3957K(1056768K)], 0.0039593 secs] [Times: user=0.00 sys=0.00, real=0.00 secs] 
Heap after GC invocations=318 (full 632):
 par new generation   total 157248K, used 0K [0x00000000e0000000, 0x00000000eaaa0000, 0x00000000eaaa0000)
  eden space 139776K,   0% used [0x00000000e0000000, 0x00000000e0000000, 0x00000000e8880000)
  from space 17472K,   0% used [0x00000000e8880000, 0x00000000e8880000, 0x00000000e9990000)
  to   space 17472K,   0% used [0x00000000e9990000, 0x00000000e9990000, 0x00000000eaaa0000)
 concurrent mark-sweep generation total 349568K, used 1056K [0x00000000eaaa0000, 0x0000000100000000, 0x0000000100000000)
 Metaspace       used 3957K, capacity 4568K, committed 4864K, reserved 1056768K
  class space    used 431K, capacity 460K, committed 512K, reserved 1048576K
}
2024-07-23T00:26:05.645+0800: 14.303: Total time for which application threads were stopped: 0.0041496 seconds, Stopping threads took: 0.0000439 seconds
2024-07-23T00:26:05.667+0800: 14.324: [GC (CMS Initial Mark) [1 CMS-initial-mark: 205856K(349568K)] 205856K(506816K), 0.0003300 secs] [Times: user=0.00 sys=0.00, real=0.00 secs] 
2024-07-23T00:26:05.667+0800: 14.324: Total time for which application threads were stopped: 0.0212254 seconds, Stopping threads took: 0.0208034 seconds
2024-07-23T00:26:05.668+0800: 14.324: [CMS-concurrent-mark-start]
2024-07-23T00:26:05.670+0800: 14.327: [CMS-concurrent-mark: 0.002/0.002 secs] [Times: user=0.00 sys=0.00, real=0.00 secs] 
2024-07-23T00:26:05.670+0800: 14.327: [CMS-concurrent-preclean-start]
2024-07-23T00:26:05.671+0800: 14.327: [CMS-concurrent-preclean: 0.001/0.001 secs] [Times: user=0.00 sys=0.00, real=0.00 secs] 
2024-07-23T00:26:05.671+0800: 14.328: [GC (CMS Final Remark) [YG occupancy: 0 K (157248 K)]2024-07-23T00:26:05.671+0800: 14.328: [Rescan (parallel) , 0.0004310 secs]2024-07-23T00:26:05.671+0800: 14.328: [weak refs processing, 0.0000093 secs]2024-07-23T00:26:05.671+0800: 14.328: [class unloading, 0.0002403 secs]2024-07-23T00:26:05.672+0800: 14.328: [scrub symbol table, 0.0003887 secs]2024-07-23T00:26:05.672+0800: 14.329: [scrub string table, 0.0001095 secs][1 CMS-remark: 205856K(349568K)] 205856K(506816K), 0.0012372 secs] [Times: user=0.00 sys=0.00, real=0.00 secs] 
2024-07-23T00:26:05.672+0800: 14.329: Total time for which application threads were stopped: 0.0012969 seconds, Stopping threads took: 0.0000221 seconds
2024-07-23T00:26:05.672+0800: 14.329: [CMS-concurrent-sweep-start]
2024-07-23T00:26:05.672+0800: 14.329: [CMS-concurrent-sweep: 0.000/0.000 secs] [Times: user=0.00 sys=0.00, real=0.00 secs] 
2024-07-23T00:26:05.672+0800: 14.329: [CMS-concurrent-reset-start]
2024-07-23T00:26:05.673+0800: 14.330: [CMS-concurrent-reset: 0.000/0.000 secs] [Times: user=0.00 sys=0.00, real=0.00 secs] 
{Heap before GC invocations=318 (full 633):
 par new generation   total 157248K, used 0K [0x00000000e0000000, 0x00000000eaaa0000, 0x00000000eaaa0000)
  eden space 139776K,   0% used [0x00000000e0000000, 0x00000000e0000000, 0x00000000e8880000)
  from space 17472K,   0% used [0x00000000e8880000, 0x00000000e8880000, 0x00000000e9990000)
  to   space 17472K,   0% used [0x00000000e9990000, 0x00000000e9990000, 0x00000000eaaa0000)
 concurrent mark-sweep generation total 349568K, used 205856K [0x00000000eaaa0000, 0x0000000100000000, 0x0000000100000000)
 Metaspace       used 3957K, capacity 4568K, committed 4864K, reserved 1056768K
  class space    used 431K, capacity 460K, committed 512K, reserved 1048576K
2024-07-23T00:26:05.689+0800: 14.347: [GC (Allocation Failure) 2024-07-23T00:26:05.689+0800: 14.347: [ParNew
Desired survivor size 8945664 bytes, new threshold 6 (max 6)
: 0K->0K(157248K), 0.0013803 secs]2024-07-23T00:26:05.690+0800: 14.348: [CMS: 205856K->1056K(349568K), 0.0034375 secs] 205856K->1056K(506816K), [Metaspace: 3957K->3957K(1056768K)], 0.0050046 secs] [Times: user=0.00 sys=0.00, real=0.01 secs] 
Heap after GC invocations=319 (full 634):
 par new generation   total 157248K, used 0K [0x00000000e0000000, 0x00000000eaaa0000, 0x00000000eaaa0000)
  eden space 139776K,   0% used [0x00000000e0000000, 0x00000000e0000000, 0x00000000e8880000)
  from space 17472K,   0% used [0x00000000e9990000, 0x00000000e9990000, 0x00000000eaaa0000)
  to   space 17472K,   0% used [0x00000000e8880000, 0x00000000e8880000, 0x00000000e9990000)
 concurrent mark-sweep generation total 349568K, used 1056K [0x00000000eaaa0000, 0x0000000100000000, 0x0000000100000000)
 Metaspace       used 3957K, capacity 4568K, committed 4864K, reserved 1056768K
  class space    used 431K, capacity 460K, committed 512K, reserved 1048576K
}
2024-07-23T00:26:05.694+0800: 14.352: Total time for which application threads were stopped: 0.0051752 seconds, Stopping threads took: 0.0000457 seconds
2024-07-23T00:26:05.716+0800: 14.373: [GC (CMS Initial Mark) [1 CMS-initial-mark: 205856K(349568K)] 205856K(506816K), 0.0009530 secs] [Times: user=0.00 sys=0.00, real=0.00 secs] 
2024-07-23T00:26:05.717+0800: 14.374: Total time for which application threads were stopped: 0.0220276 seconds, Stopping threads took: 0.0209505 seconds
2024-07-23T00:26:05.717+0800: 14.374: [CMS-concurrent-mark-start]
2024-07-23T00:26:05.719+0800: 14.376: [CMS-concurrent-mark: 0.002/0.002 secs] [Times: user=0.00 sys=0.00, real=0.00 secs] 
2024-07-23T00:26:05.719+0800: 14.376: [CMS-concurrent-preclean-start]
2024-07-23T00:26:05.719+0800: 14.376: [CMS-concurrent-preclean: 0.000/0.000 secs] [Times: user=0.00 sys=0.00, real=0.00 secs] 
2024-07-23T00:26:05.719+0800: 14.376: [GC (CMS Final Remark) [YG occupancy: 0 K (157248 K)]2024-07-23T00:26:05.719+0800: 14.376: [Rescan (parallel) , 0.0002640 secs]2024-07-23T00:26:05.719+0800: 14.377: [weak refs processing, 0.0000079 secs]2024-07-23T00:26:05.719+0800: 14.377: [class unloading, 0.0002994 secs]2024-07-23T00:26:05.720+0800: 14.377: [scrub symbol table, 0.0003944 secs]2024-07-23T00:26:05.720+0800: 14.377: [scrub string table, 0.0000912 secs][1 CMS-remark: 205856K(349568K)] 205856K(506816K), 0.0011213 secs] [Times: user=0.00 sys=0.00, real=0.00 secs] 
2024-07-23T00:26:05.720+0800: 14.377: Total time for which application threads were stopped: 0.0012013 seconds, Stopping threads took: 0.0000354 seconds
2024-07-23T00:26:05.720+0800: 14.378: [CMS-concurrent-sweep-start]
2024-07-23T00:26:05.721+0800: 14.378: [CMS-concurrent-sweep: 0.000/0.000 secs] [Times: user=0.00 sys=0.00, real=0.00 secs] 
2024-07-23T00:26:05.721+0800: 14.378: [CMS-concurrent-reset-start]
2024-07-23T00:26:05.721+0800: 14.378: [CMS-concurrent-reset: 0.001/0.001 secs] [Times: user=0.00 sys=0.00, real=0.00 secs] 
{Heap before GC invocations=319 (full 635):
 par new generation   total 157248K, used 0K [0x00000000e0000000, 0x00000000eaaa0000, 0x00000000eaaa0000)
  eden space 139776K,   0% used [0x00000000e0000000, 0x00000000e0000000, 0x00000000e8880000)
  from space 17472K,   0% used [0x00000000e9990000, 0x00000000e9990000, 0x00000000eaaa0000)
  to   space 17472K,   0% used [0x00000000e8880000, 0x00000000e8880000, 0x00000000e9990000)
 concurrent mark-sweep generation total 349568K, used 205856K [0x00000000eaaa0000, 0x0000000100000000, 0x0000000100000000)
 Metaspace       used 3957K, capacity 4568K, committed 4864K, reserved 1056768K
  class space    used 431K, capacity 460K, committed 512K, reserved 1048576K
2024-07-23T00:26:05.735+0800: 14.392: [GC (Allocation Failure) 2024-07-23T00:26:05.735+0800: 14.392: [ParNew
Desired survivor size 8945664 bytes, new threshold 6 (max 6)
: 0K->0K(157248K), 0.0008161 secs]2024-07-23T00:26:05.736+0800: 14.393: [CMS: 205856K->1056K(349568K), 0.0028939 secs] 205856K->1056K(506816K), [Metaspace: 3957K->3957K(1056768K)], 0.0038636 secs] [Times: user=0.00 sys=0.00, real=0.00 secs] 
Heap after GC invocations=320 (full 636):
 par new generation   total 157248K, used 0K [0x00000000e0000000, 0x00000000eaaa0000, 0x00000000eaaa0000)
  eden space 139776K,   0% used [0x00000000e0000000, 0x00000000e0000000, 0x00000000e8880000)
  from space 17472K,   0% used [0x00000000e8880000, 0x00000000e8880000, 0x00000000e9990000)
  to   space 17472K,   0% used [0x00000000e9990000, 0x00000000e9990000, 0x00000000eaaa0000)
 concurrent mark-sweep generation total 349568K, used 1056K [0x00000000eaaa0000, 0x0000000100000000, 0x0000000100000000)
 Metaspace       used 3957K, capacity 4568K, committed 4864K, reserved 1056768K
  class space    used 431K, capacity 460K, committed 512K, reserved 1048576K
}
2024-07-23T00:26:05.739+0800: 14.396: Total time for which application threads were stopped: 0.0040481 seconds, Stopping threads took: 0.0000456 seconds
2024-07-23T00:26:05.760+0800: 14.417: [GC (CMS Initial Mark) [1 CMS-initial-mark: 205856K(349568K)] 205856K(506816K), 0.0004935 secs] [Times: user=0.00 sys=0.00, real=0.00 secs] 
2024-07-23T00:26:05.761+0800: 14.418: Total time for which application threads were stopped: 0.0215211 seconds, Stopping threads took: 0.0209525 seconds
2024-07-23T00:26:05.761+0800: 14.418: [CMS-concurrent-mark-start]
2024-07-23T00:26:05.763+0800: 14.419: [CMS-concurrent-mark: 0.002/0.002 secs] [Times: user=0.00 sys=0.00, real=0.00 secs] 
2024-07-23T00:26:05.763+0800: 14.419: [CMS-concurrent-preclean-start]
2024-07-23T00:26:05.763+0800: 14.420: [CMS-concurrent-preclean: 0.001/0.001 secs] [Times: user=0.00 sys=0.00, real=0.00 secs] 
2024-07-23T00:26:05.763+0800: 14.420: [GC (CMS Final Remark) [YG occupancy: 0 K (157248 K)]2024-07-23T00:26:05.763+0800: 14.420: [Rescan (parallel) , 0.0002480 secs]2024-07-23T00:26:05.764+0800: 14.420: [weak refs processing, 0.0000086 secs]2024-07-23T00:26:05.764+0800: 14.420: [class unloading, 0.0002163 secs]2024-07-23T00:26:05.764+0800: 14.421: [scrub symbol table, 0.0003338 secs]2024-07-23T00:26:05.764+0800: 14.421: [scrub string table, 0.0000916 secs][1 CMS-remark: 205856K(349568K)] 205856K(506816K), 0.0009435 secs] [Times: user=0.00 sys=0.00, real=0.00 secs] 
2024-07-23T00:26:05.764+0800: 14.421: Total time for which application threads were stopped: 0.0009954 seconds, Stopping threads took: 0.0000202 seconds
2024-07-23T00:26:05.765+0800: 14.421: [CMS-concurrent-sweep-start]
2024-07-23T00:26:05.765+0800: 14.421: [CMS-concurrent-sweep: 0.000/0.000 secs] [Times: user=0.00 sys=0.00, real=0.00 secs] 
2024-07-23T00:26:05.765+0800: 14.421: [CMS-concurrent-reset-start]
2024-07-23T00:26:05.765+0800: 14.422: [CMS-concurrent-reset: 0.000/0.000 secs] [Times: user=0.00 sys=0.00, real=0.00 secs] 
{Heap before GC invocations=320 (full 637):
 par new generation   total 157248K, used 0K [0x00000000e0000000, 0x00000000eaaa0000, 0x00000000eaaa0000)
  eden space 139776K,   0% used [0x00000000e0000000, 0x00000000e0000000, 0x00000000e8880000)
  from space 17472K,   0% used [0x00000000e8880000, 0x00000000e8880000, 0x00000000e9990000)
  to   space 17472K,   0% used [0x00000000e9990000, 0x00000000e9990000, 0x00000000eaaa0000)
 concurrent mark-sweep generation total 349568K, used 205856K [0x00000000eaaa0000, 0x0000000100000000, 0x0000000100000000)
 Metaspace       used 3957K, capacity 4568K, committed 4864K, reserved 1056768K
  class space    used 431K, capacity 460K, committed 512K, reserved 1048576K
2024-07-23T00:26:05.782+0800: 14.438: [GC (Allocation Failure) 2024-07-23T00:26:05.782+0800: 14.439: [ParNew
Desired survivor size 8945664 bytes, new threshold 6 (max 6)
: 0K->0K(157248K), 0.0014014 secs]2024-07-23T00:26:05.783+0800: 14.440: [CMS: 205856K->1056K(349568K), 0.0054731 secs] 205856K->1056K(506816K), [Metaspace: 3957K->3957K(1056768K)], 0.0070818 secs] [Times: user=0.02 sys=0.00, real=0.01 secs] 
Heap after GC invocations=321 (full 638):
 par new generation   total 157248K, used 0K [0x00000000e0000000, 0x00000000eaaa0000, 0x00000000eaaa0000)
  eden space 139776K,   0% used [0x00000000e0000000, 0x00000000e0000000, 0x00000000e8880000)
  from space 17472K,   0% used [0x00000000e9990000, 0x00000000e9990000, 0x00000000eaaa0000)
  to   space 17472K,   0% used [0x00000000e8880000, 0x00000000e8880000, 0x00000000e9990000)
 concurrent mark-sweep generation total 349568K, used 1056K [0x00000000eaaa0000, 0x0000000100000000, 0x0000000100000000)
 Metaspace       used 3957K, capacity 4568K, committed 4864K, reserved 1056768K
  class space    used 431K, capacity 460K, committed 512K, reserved 1048576K
}
2024-07-23T00:26:05.789+0800: 14.446: Total time for which application threads were stopped: 0.0072530 seconds, Stopping threads took: 0.0000560 seconds
2024-07-23T00:26:05.808+0800: 14.466: [GC (CMS Initial Mark) [1 CMS-initial-mark: 205856K(349568K)] 205856K(506816K), 0.0004144 secs] [Times: user=0.00 sys=0.00, real=0.00 secs] 
2024-07-23T00:26:05.809+0800: 14.466: Total time for which application threads were stopped: 0.0205155 seconds, Stopping threads took: 0.0200250 seconds
2024-07-23T00:26:05.809+0800: 14.466: [CMS-concurrent-mark-start]
2024-07-23T00:26:05.811+0800: 14.468: [CMS-concurrent-mark: 0.002/0.002 secs] [Times: user=0.00 sys=0.00, real=0.00 secs] 
2024-07-23T00:26:05.811+0800: 14.468: [CMS-concurrent-preclean-start]
2024-07-23T00:26:05.811+0800: 14.469: [CMS-concurrent-preclean: 0.000/0.000 secs] [Times: user=0.00 sys=0.00, real=0.00 secs] 
2024-07-23T00:26:05.811+0800: 14.469: [GC (CMS Final Remark) [YG occupancy: 0 K (157248 K)]2024-07-23T00:26:05.811+0800: 14.469: [Rescan (parallel) , 0.0004932 secs]2024-07-23T00:26:05.812+0800: 14.469: [weak refs processing, 0.0000183 secs]2024-07-23T00:26:05.812+0800: 14.469: [class unloading, 0.0003620 secs]2024-07-23T00:26:05.812+0800: 14.470: [scrub symbol table, 0.0005081 secs]2024-07-23T00:26:05.813+0800: 14.470: [scrub string table, 0.0000903 secs][1 CMS-remark: 205856K(349568K)] 205856K(506816K), 0.0015479 secs] [Times: user=0.00 sys=0.00, real=0.00 secs] 
2024-07-23T00:26:05.813+0800: 14.470: Total time for which application threads were stopped: 0.0016078 seconds, Stopping threads took: 0.0000199 seconds
2024-07-23T00:26:05.813+0800: 14.470: [CMS-concurrent-sweep-start]
2024-07-23T00:26:05.813+0800: 14.471: [CMS-concurrent-sweep: 0.000/0.000 secs] [Times: user=0.00 sys=0.00, real=0.00 secs] 
2024-07-23T00:26:05.813+0800: 14.471: [CMS-concurrent-reset-start]
2024-07-23T00:26:05.813+0800: 14.471: [CMS-concurrent-reset: 0.000/0.000 secs] [Times: user=0.00 sys=0.00, real=0.00 secs] 
{Heap before GC invocations=321 (full 639):
 par new generation   total 157248K, used 0K [0x00000000e0000000, 0x00000000eaaa0000, 0x00000000eaaa0000)
  eden space 139776K,   0% used [0x00000000e0000000, 0x00000000e0000000, 0x00000000e8880000)
  from space 17472K,   0% used [0x00000000e9990000, 0x00000000e9990000, 0x00000000eaaa0000)
  to   space 17472K,   0% used [0x00000000e8880000, 0x00000000e8880000, 0x00000000e9990000)
 concurrent mark-sweep generation total 349568K, used 205856K [0x00000000eaaa0000, 0x0000000100000000, 0x0000000100000000)
 Metaspace       used 3957K, capacity 4568K, committed 4864K, reserved 1056768K
  class space    used 431K, capacity 460K, committed 512K, reserved 1048576K
2024-07-23T00:26:05.827+0800: 14.484: [GC (Allocation Failure) 2024-07-23T00:26:05.827+0800: 14.484: [ParNew
Desired survivor size 8945664 bytes, new threshold 6 (max 6)
: 0K->0K(157248K), 0.0005723 secs]2024-07-23T00:26:05.827+0800: 14.485: [CMS: 205856K->1056K(349568K), 0.0030556 secs] 205856K->1056K(506816K), [Metaspace: 3957K->3957K(1056768K)], 0.0037673 secs] [Times: user=0.02 sys=0.00, real=0.00 secs] 
Heap after GC invocations=322 (full 640):
 par new generation   total 157248K, used 0K [0x00000000e0000000, 0x00000000eaaa0000, 0x00000000eaaa0000)
  eden space 139776K,   0% used [0x00000000e0000000, 0x00000000e0000000, 0x00000000e8880000)
  from space 17472K,   0% used [0x00000000e8880000, 0x00000000e8880000, 0x00000000e9990000)
  to   space 17472K,   0% used [0x00000000e9990000, 0x00000000e9990000, 0x00000000eaaa0000)
 concurrent mark-sweep generation total 349568K, used 1056K [0x00000000eaaa0000, 0x0000000100000000, 0x0000000100000000)
 Metaspace       used 3957K, capacity 4568K, committed 4864K, reserved 1056768K
  class space    used 431K, capacity 460K, committed 512K, reserved 1048576K
}
2024-07-23T00:26:05.831+0800: 14.488: Total time for which application threads were stopped: 0.0038991 seconds, Stopping threads took: 0.0000276 seconds
2024-07-23T00:26:05.851+0800: 14.508: [GC (CMS Initial Mark) [1 CMS-initial-mark: 205856K(349568K)] 205856K(506816K), 0.0002554 secs] [Times: user=0.00 sys=0.00, real=0.00 secs] 
2024-07-23T00:26:05.851+0800: 14.509: Total time for which application threads were stopped: 0.0203596 seconds, Stopping threads took: 0.0200064 seconds
2024-07-23T00:26:05.852+0800: 14.509: [CMS-concurrent-mark-start]
2024-07-23T00:26:05.853+0800: 14.510: [CMS-concurrent-mark: 0.002/0.002 secs] [Times: user=0.00 sys=0.00, real=0.00 secs] 
2024-07-23T00:26:05.853+0800: 14.510: [CMS-concurrent-preclean-start]
2024-07-23T00:26:05.854+0800: 14.511: [CMS-concurrent-preclean: 0.000/0.000 secs] [Times: user=0.00 sys=0.00, real=0.00 secs] 
2024-07-23T00:26:05.854+0800: 14.511: [GC (CMS Final Remark) [YG occupancy: 0 K (157248 K)]2024-07-23T00:26:05.854+0800: 14.511: [Rescan (parallel) , 0.0002822 secs]2024-07-23T00:26:05.854+0800: 14.511: [weak refs processing, 0.0000072 secs]2024-07-23T00:26:05.854+0800: 14.511: [class unloading, 0.0002024 secs]2024-07-23T00:26:05.854+0800: 14.511: [scrub symbol table, 0.0003089 secs]2024-07-23T00:26:05.855+0800: 14.512: [scrub string table, 0.0000842 secs][1 CMS-remark: 205856K(349568K)] 205856K(506816K), 0.0009299 secs] [Times: user=0.00 sys=0.00, real=0.00 secs] 
2024-07-23T00:26:05.855+0800: 14.512: Total time for which application threads were stopped: 0.0009783 seconds, Stopping threads took: 0.0000181 seconds
2024-07-23T00:26:05.855+0800: 14.512: [CMS-concurrent-sweep-start]
2024-07-23T00:26:05.855+0800: 14.512: [CMS-concurrent-sweep: 0.000/0.000 secs] [Times: user=0.00 sys=0.00, real=0.00 secs] 
2024-07-23T00:26:05.855+0800: 14.512: [CMS-concurrent-reset-start]
2024-07-23T00:26:05.856+0800: 14.513: [CMS-concurrent-reset: 0.000/0.000 secs] [Times: user=0.00 sys=0.00, real=0.00 secs] 
{Heap before GC invocations=322 (full 641):
 par new generation   total 157248K, used 0K [0x00000000e0000000, 0x00000000eaaa0000, 0x00000000eaaa0000)
  eden space 139776K,   0% used [0x00000000e0000000, 0x00000000e0000000, 0x00000000e8880000)
  from space 17472K,   0% used [0x00000000e8880000, 0x00000000e8880000, 0x00000000e9990000)
  to   space 17472K,   0% used [0x00000000e9990000, 0x00000000e9990000, 0x00000000eaaa0000)
 concurrent mark-sweep generation total 349568K, used 205856K [0x00000000eaaa0000, 0x0000000100000000, 0x0000000100000000)
 Metaspace       used 3957K, capacity 4568K, committed 4864K, reserved 1056768K
  class space    used 431K, capacity 460K, committed 512K, reserved 1048576K
2024-07-23T00:26:05.874+0800: 14.531: [GC (Allocation Failure) 2024-07-23T00:26:05.874+0800: 14.531: [ParNew
Desired survivor size 8945664 bytes, new threshold 6 (max 6)
: 0K->0K(157248K), 0.0010890 secs]2024-07-23T00:26:05.875+0800: 14.532: [CMS: 205856K->1056K(349568K), 0.0037250 secs] 205856K->1056K(506816K), [Metaspace: 3957K->3957K(1056768K)], 0.0049855 secs] [Times: user=0.00 sys=0.00, real=0.00 secs] 
Heap after GC invocations=323 (full 642):
 par new generation   total 157248K, used 0K [0x00000000e0000000, 0x00000000eaaa0000, 0x00000000eaaa0000)
  eden space 139776K,   0% used [0x00000000e0000000, 0x00000000e0000000, 0x00000000e8880000)
  from space 17472K,   0% used [0x00000000e9990000, 0x00000000e9990000, 0x00000000eaaa0000)
  to   space 17472K,   0% used [0x00000000e8880000, 0x00000000e8880000, 0x00000000e9990000)
 concurrent mark-sweep generation total 349568K, used 1056K [0x00000000eaaa0000, 0x0000000100000000, 0x0000000100000000)
 Metaspace       used 3957K, capacity 4568K, committed 4864K, reserved 1056768K
  class space    used 431K, capacity 460K, committed 512K, reserved 1048576K
}
2024-07-23T00:26:05.879+0800: 14.536: Total time for which application threads were stopped: 0.0051752 seconds, Stopping threads took: 0.0000408 seconds
2024-07-23T00:26:05.898+0800: 14.554: [GC (CMS Initial Mark) [1 CMS-initial-mark: 205856K(349568K)] 205856K(506816K), 0.0004778 secs] [Times: user=0.00 sys=0.00, real=0.00 secs] 
2024-07-23T00:26:05.898+0800: 14.555: Total time for which application threads were stopped: 0.0188527 seconds, Stopping threads took: 0.0182964 seconds
2024-07-23T00:26:05.898+0800: 14.555: [CMS-concurrent-mark-start]
2024-07-23T00:26:05.900+0800: 14.556: [CMS-concurrent-mark: 0.002/0.002 secs] [Times: user=0.00 sys=0.00, real=0.00 secs] 
2024-07-23T00:26:05.900+0800: 14.556: [CMS-concurrent-preclean-start]
2024-07-23T00:26:05.900+0800: 14.557: [CMS-concurrent-preclean: 0.000/0.000 secs] [Times: user=0.00 sys=0.00, real=0.00 secs] 
2024-07-23T00:26:05.900+0800: 14.557: [GC (CMS Final Remark) [YG occupancy: 0 K (157248 K)]2024-07-23T00:26:05.900+0800: 14.557: [Rescan (parallel) , 0.0004990 secs]2024-07-23T00:26:05.901+0800: 14.557: [weak refs processing, 0.0000087 secs]2024-07-23T00:26:05.901+0800: 14.557: [class unloading, 0.0001996 secs]2024-07-23T00:26:05.901+0800: 14.558: [scrub symbol table, 0.0003081 secs]2024-07-23T00:26:05.901+0800: 14.558: [scrub string table, 0.0000917 secs][1 CMS-remark: 205856K(349568K)] 205856K(506816K), 0.0011446 secs] [Times: user=0.00 sys=0.00, real=0.00 secs] 
2024-07-23T00:26:05.901+0800: 14.558: Total time for which application threads were stopped: 0.0011887 seconds, Stopping threads took: 0.0000147 seconds
2024-07-23T00:26:05.901+0800: 14.558: [CMS-concurrent-sweep-start]
2024-07-23T00:26:05.902+0800: 14.558: [CMS-concurrent-sweep: 0.000/0.000 secs] [Times: user=0.00 sys=0.00, real=0.00 secs] 
2024-07-23T00:26:05.902+0800: 14.558: [CMS-concurrent-reset-start]
2024-07-23T00:26:05.902+0800: 14.559: [CMS-concurrent-reset: 0.000/0.000 secs] [Times: user=0.00 sys=0.00, real=0.00 secs] 
{Heap before GC invocations=323 (full 643):
 par new generation   total 157248K, used 0K [0x00000000e0000000, 0x00000000eaaa0000, 0x00000000eaaa0000)
  eden space 139776K,   0% used [0x00000000e0000000, 0x00000000e0000000, 0x00000000e8880000)
  from space 17472K,   0% used [0x00000000e9990000, 0x00000000e9990000, 0x00000000eaaa0000)
  to   space 17472K,   0% used [0x00000000e8880000, 0x00000000e8880000, 0x00000000e9990000)
 concurrent mark-sweep generation total 349568K, used 205856K [0x00000000eaaa0000, 0x0000000100000000, 0x0000000100000000)
 Metaspace       used 3957K, capacity 4568K, committed 4864K, reserved 1056768K
  class space    used 431K, capacity 460K, committed 512K, reserved 1048576K
2024-07-23T00:26:05.921+0800: 14.578: [GC (Allocation Failure) 2024-07-23T00:26:05.921+0800: 14.578: [ParNew
Desired survivor size 8945664 bytes, new threshold 6 (max 6)
: 0K->0K(157248K), 0.0011038 secs]2024-07-23T00:26:05.922+0800: 14.579: [CMS: 205856K->1056K(349568K), 0.0032792 secs] 205856K->1056K(506816K), [Metaspace: 3957K->3957K(1056768K)], 0.0045085 secs] [Times: user=0.02 sys=0.00, real=0.00 secs] 
Heap after GC invocations=324 (full 644):
 par new generation   total 157248K, used 0K [0x00000000e0000000, 0x00000000eaaa0000, 0x00000000eaaa0000)
  eden space 139776K,   0% used [0x00000000e0000000, 0x00000000e0000000, 0x00000000e8880000)
  from space 17472K,   0% used [0x00000000e8880000, 0x00000000e8880000, 0x00000000e9990000)
  to   space 17472K,   0% used [0x00000000e9990000, 0x00000000e9990000, 0x00000000eaaa0000)
 concurrent mark-sweep generation total 349568K, used 1056K [0x00000000eaaa0000, 0x0000000100000000, 0x0000000100000000)
 Metaspace       used 3957K, capacity 4568K, committed 4864K, reserved 1056768K
  class space    used 431K, capacity 460K, committed 512K, reserved 1048576K
}
2024-07-23T00:26:05.925+0800: 14.582: Total time for which application threads were stopped: 0.0047127 seconds, Stopping threads took: 0.0000392 seconds
2024-07-23T00:26:05.943+0800: 14.600: [GC (CMS Initial Mark) [1 CMS-initial-mark: 205856K(349568K)] 205856K(506816K), 0.0006263 secs] [Times: user=0.00 sys=0.00, real=0.00 secs] 
2024-07-23T00:26:05.943+0800: 14.600: Total time for which application threads were stopped: 0.0179969 seconds, Stopping threads took: 0.0172920 seconds
2024-07-23T00:26:05.943+0800: 14.600: [CMS-concurrent-mark-start]
2024-07-23T00:26:05.945+0800: 14.602: [CMS-concurrent-mark: 0.002/0.002 secs] [Times: user=0.00 sys=0.00, real=0.00 secs] 
2024-07-23T00:26:05.945+0800: 14.602: [CMS-concurrent-preclean-start]
2024-07-23T00:26:05.945+0800: 14.602: [CMS-concurrent-preclean: 0.000/0.000 secs] [Times: user=0.00 sys=0.00, real=0.00 secs] 
2024-07-23T00:26:05.945+0800: 14.603: [GC (CMS Final Remark) [YG occupancy: 0 K (157248 K)]2024-07-23T00:26:05.945+0800: 14.603: [Rescan (parallel) , 0.0005473 secs]2024-07-23T00:26:05.946+0800: 14.603: [weak refs processing, 0.0000090 secs]2024-07-23T00:26:05.946+0800: 14.603: [class unloading, 0.0002078 secs]2024-07-23T00:26:05.946+0800: 14.603: [scrub symbol table, 0.0003182 secs]2024-07-23T00:26:05.946+0800: 14.604: [scrub string table, 0.0000948 secs][1 CMS-remark: 205856K(349568K)] 205856K(506816K), 0.0012218 secs] [Times: user=0.00 sys=0.00, real=0.00 secs] 
2024-07-23T00:26:05.946+0800: 14.604: Total time for which application threads were stopped: 0.0012680 seconds, Stopping threads took: 0.0000169 seconds
2024-07-23T00:26:05.946+0800: 14.604: [CMS-concurrent-sweep-start]
2024-07-23T00:26:05.946+0800: 14.604: [CMS-concurrent-sweep: 0.000/0.000 secs] [Times: user=0.00 sys=0.00, real=0.00 secs] 
2024-07-23T00:26:05.946+0800: 14.604: [CMS-concurrent-reset-start]
2024-07-23T00:26:05.947+0800: 14.604: [CMS-concurrent-reset: 0.000/0.000 secs] [Times: user=0.00 sys=0.00, real=0.00 secs] 
{Heap before GC invocations=324 (full 645):
 par new generation   total 157248K, used 0K [0x00000000e0000000, 0x00000000eaaa0000, 0x00000000eaaa0000)
  eden space 139776K,   0% used [0x00000000e0000000, 0x00000000e0000000, 0x00000000e8880000)
  from space 17472K,   0% used [0x00000000e8880000, 0x00000000e8880000, 0x00000000e9990000)
  to   space 17472K,   0% used [0x00000000e9990000, 0x00000000e9990000, 0x00000000eaaa0000)
 concurrent mark-sweep generation total 349568K, used 205856K [0x00000000eaaa0000, 0x0000000100000000, 0x0000000100000000)
 Metaspace       used 3957K, capacity 4568K, committed 4864K, reserved 1056768K
  class space    used 431K, capacity 460K, committed 512K, reserved 1048576K
2024-07-23T00:26:05.967+0800: 14.624: [GC (Allocation Failure) 2024-07-23T00:26:05.967+0800: 14.624: [ParNew
Desired survivor size 8945664 bytes, new threshold 6 (max 6)
: 0K->0K(157248K), 0.0012477 secs]2024-07-23T00:26:05.968+0800: 14.625: [CMS: 205856K->1056K(349568K), 0.0034370 secs] 205856K->1056K(506816K), [Metaspace: 3957K->3957K(1056768K)], 0.0048417 secs] [Times: user=0.00 sys=0.00, real=0.00 secs] 
Heap after GC invocations=325 (full 646):
 par new generation   total 157248K, used 0K [0x00000000e0000000, 0x00000000eaaa0000, 0x00000000eaaa0000)
  eden space 139776K,   0% used [0x00000000e0000000, 0x00000000e0000000, 0x00000000e8880000)
  from space 17472K,   0% used [0x00000000e9990000, 0x00000000e9990000, 0x00000000eaaa0000)
  to   space 17472K,   0% used [0x00000000e8880000, 0x00000000e8880000, 0x00000000e9990000)
 concurrent mark-sweep generation total 349568K, used 1056K [0x00000000eaaa0000, 0x0000000100000000, 0x0000000100000000)
 Metaspace       used 3957K, capacity 4568K, committed 4864K, reserved 1056768K
  class space    used 431K, capacity 460K, committed 512K, reserved 1048576K
}
2024-07-23T00:26:05.972+0800: 14.629: Total time for which application threads were stopped: 0.0049908 seconds, Stopping threads took: 0.0000241 seconds
2024-07-23T00:26:05.990+0800: 14.647: [GC (CMS Initial Mark) [1 CMS-initial-mark: 205856K(349568K)] 205856K(506816K), 0.0002198 secs] [Times: user=0.00 sys=0.00, real=0.00 secs] 
2024-07-23T00:26:05.990+0800: 14.647: Total time for which application threads were stopped: 0.0185315 seconds, Stopping threads took: 0.0182529 seconds
2024-07-23T00:26:05.990+0800: 14.647: [CMS-concurrent-mark-start]
2024-07-23T00:26:05.992+0800: 14.649: [CMS-concurrent-mark: 0.001/0.001 secs] [Times: user=0.00 sys=0.00, real=0.00 secs] 
2024-07-23T00:26:05.992+0800: 14.649: [CMS-concurrent-preclean-start]
2024-07-23T00:26:05.992+0800: 14.649: [CMS-concurrent-preclean: 0.000/0.000 secs] [Times: user=0.00 sys=0.00, real=0.00 secs] 
2024-07-23T00:26:05.992+0800: 14.649: [GC (CMS Final Remark) [YG occupancy: 0 K (157248 K)]2024-07-23T00:26:05.992+0800: 14.649: [Rescan (parallel) , 0.0001971 secs]2024-07-23T00:26:05.992+0800: 14.649: [weak refs processing, 0.0000073 secs]2024-07-23T00:26:05.992+0800: 14.649: [class unloading, 0.0001930 secs]2024-07-23T00:26:05.992+0800: 14.649: [scrub symbol table, 0.0003184 secs]2024-07-23T00:26:05.993+0800: 14.650: [scrub string table, 0.0000950 secs][1 CMS-remark: 205856K(349568K)] 205856K(506816K), 0.0008507 secs] [Times: user=0.00 sys=0.00, real=0.00 secs] 
2024-07-23T00:26:05.993+0800: 14.650: Total time for which application threads were stopped: 0.0008913 seconds, Stopping threads took: 0.0000172 seconds
2024-07-23T00:26:05.993+0800: 14.650: [CMS-concurrent-sweep-start]
2024-07-23T00:26:05.993+0800: 14.650: [CMS-concurrent-sweep: 0.000/0.000 secs] [Times: user=0.00 sys=0.00, real=0.00 secs] 
2024-07-23T00:26:05.993+0800: 14.650: [CMS-concurrent-reset-start]
2024-07-23T00:26:05.993+0800: 14.650: [CMS-concurrent-reset: 0.000/0.000 secs] [Times: user=0.00 sys=0.00, real=0.00 secs] 
{Heap before GC invocations=325 (full 647):
 par new generation   total 157248K, used 0K [0x00000000e0000000, 0x00000000eaaa0000, 0x00000000eaaa0000)
  eden space 139776K,   0% used [0x00000000e0000000, 0x00000000e0000000, 0x00000000e8880000)
  from space 17472K,   0% used [0x00000000e9990000, 0x00000000e9990000, 0x00000000eaaa0000)
  to   space 17472K,   0% used [0x00000000e8880000, 0x00000000e8880000, 0x00000000e9990000)
 concurrent mark-sweep generation total 349568K, used 205856K [0x00000000eaaa0000, 0x0000000100000000, 0x0000000100000000)
 Metaspace       used 3957K, capacity 4568K, committed 4864K, reserved 1056768K
  class space    used 431K, capacity 460K, committed 512K, reserved 1048576K
2024-07-23T00:26:06.012+0800: 14.669: [GC (Allocation Failure) 2024-07-23T00:26:06.012+0800: 14.669: [ParNew
Desired survivor size 8945664 bytes, new threshold 6 (max 6)
: 0K->0K(157248K), 0.0014246 secs]2024-07-23T00:26:06.013+0800: 14.671: [CMS: 205856K->1056K(349568K), 0.0036133 secs] 205856K->1056K(506816K), [Metaspace: 3957K->3957K(1056768K)], 0.0051830 secs] [Times: user=0.00 sys=0.00, real=0.00 secs] 
Heap after GC invocations=326 (full 648):
 par new generation   total 157248K, used 0K [0x00000000e0000000, 0x00000000eaaa0000, 0x00000000eaaa0000)
  eden space 139776K,   0% used [0x00000000e0000000, 0x00000000e0000000, 0x00000000e8880000)
  from space 17472K,   0% used [0x00000000e8880000, 0x00000000e8880000, 0x00000000e9990000)
  to   space 17472K,   0% used [0x00000000e9990000, 0x00000000e9990000, 0x00000000eaaa0000)
 concurrent mark-sweep generation total 349568K, used 1056K [0x00000000eaaa0000, 0x0000000100000000, 0x0000000100000000)
 Metaspace       used 3957K, capacity 4568K, committed 4864K, reserved 1056768K
  class space    used 431K, capacity 460K, committed 512K, reserved 1048576K
}
2024-07-23T00:26:06.017+0800: 14.675: Total time for which application threads were stopped: 0.0053734 seconds, Stopping threads took: 0.0000593 seconds
2024-07-23T00:26:06.035+0800: 14.692: [GC (CMS Initial Mark) [1 CMS-initial-mark: 205856K(349568K)] 205856K(506816K), 0.0019102 secs] [Times: user=0.00 sys=0.00, real=0.00 secs] 
2024-07-23T00:26:06.036+0800: 14.694: Total time for which application threads were stopped: 0.0191050 seconds, Stopping threads took: 0.0171243 seconds
2024-07-23T00:26:06.036+0800: 14.694: [CMS-concurrent-mark-start]
2024-07-23T00:26:06.038+0800: 14.696: [CMS-concurrent-mark: 0.002/0.002 secs] [Times: user=0.00 sys=0.00, real=0.00 secs] 
2024-07-23T00:26:06.038+0800: 14.696: [CMS-concurrent-preclean-start]
2024-07-23T00:26:06.038+0800: 14.696: [CMS-concurrent-preclean: 0.000/0.000 secs] [Times: user=0.00 sys=0.00, real=0.00 secs] 
2024-07-23T00:26:06.038+0800: 14.696: [GC (CMS Final Remark) [YG occupancy: 0 K (157248 K)]2024-07-23T00:26:06.039+0800: 14.696: [Rescan (parallel) , 0.0007568 secs]2024-07-23T00:26:06.039+0800: 14.697: [weak refs processing, 0.0000090 secs]2024-07-23T00:26:06.039+0800: 14.697: [class unloading, 0.0002214 secs]2024-07-23T00:26:06.039+0800: 14.697: [scrub symbol table, 0.0003229 secs]2024-07-23T00:26:06.040+0800: 14.697: [scrub string table, 0.0001007 secs][1 CMS-remark: 205856K(349568K)] 205856K(506816K), 0.0014561 secs] [Times: user=0.00 sys=0.00, real=0.00 secs] 
2024-07-23T00:26:06.040+0800: 14.697: Total time for which application threads were stopped: 0.0014992 seconds, Stopping threads took: 0.0000170 seconds
2024-07-23T00:26:06.040+0800: 14.698: [CMS-concurrent-sweep-start]
2024-07-23T00:26:06.040+0800: 14.698: [CMS-concurrent-sweep: 0.000/0.000 secs] [Times: user=0.00 sys=0.00, real=0.00 secs] 
2024-07-23T00:26:06.040+0800: 14.698: [CMS-concurrent-reset-start]
2024-07-23T00:26:06.041+0800: 14.698: [CMS-concurrent-reset: 0.000/0.000 secs] [Times: user=0.00 sys=0.00, real=0.00 secs] 
{Heap before GC invocations=326 (full 649):
 par new generation   total 157248K, used 0K [0x00000000e0000000, 0x00000000eaaa0000, 0x00000000eaaa0000)
  eden space 139776K,   0% used [0x00000000e0000000, 0x00000000e0000000, 0x00000000e8880000)
  from space 17472K,   0% used [0x00000000e8880000, 0x00000000e8880000, 0x00000000e9990000)
  to   space 17472K,   0% used [0x00000000e9990000, 0x00000000e9990000, 0x00000000eaaa0000)
 concurrent mark-sweep generation total 349568K, used 205856K [0x00000000eaaa0000, 0x0000000100000000, 0x0000000100000000)
 Metaspace       used 3957K, capacity 4568K, committed 4864K, reserved 1056768K
  class space    used 431K, capacity 460K, committed 512K, reserved 1048576K
2024-07-23T00:26:06.058+0800: 14.715: [GC (Allocation Failure) 2024-07-23T00:26:06.058+0800: 14.715: [ParNew
Desired survivor size 8945664 bytes, new threshold 6 (max 6)
: 0K->0K(157248K), 0.0024856 secs]2024-07-23T00:26:06.060+0800: 14.717: [CMS: 205856K->1056K(349568K), 0.0041970 secs] 205856K->1056K(506816K), [Metaspace: 3957K->3957K(1056768K)], 0.0068782 secs] [Times: user=0.00 sys=0.00, real=0.01 secs] 
Heap after GC invocations=327 (full 650):
 par new generation   total 157248K, used 0K [0x00000000e0000000, 0x00000000eaaa0000, 0x00000000eaaa0000)
  eden space 139776K,   0% used [0x00000000e0000000, 0x00000000e0000000, 0x00000000e8880000)
  from space 17472K,   0% used [0x00000000e9990000, 0x00000000e9990000, 0x00000000eaaa0000)
  to   space 17472K,   0% used [0x00000000e8880000, 0x00000000e8880000, 0x00000000e9990000)
 concurrent mark-sweep generation total 349568K, used 1056K [0x00000000eaaa0000, 0x0000000100000000, 0x0000000100000000)
 Metaspace       used 3957K, capacity 4568K, committed 4864K, reserved 1056768K
  class space    used 431K, capacity 460K, committed 512K, reserved 1048576K
}
2024-07-23T00:26:06.064+0800: 14.722: Total time for which application threads were stopped: 0.0071004 seconds, Stopping threads took: 0.0000401 seconds
2024-07-23T00:26:06.083+0800: 14.739: [GC (CMS Initial Mark) [1 CMS-initial-mark: 205856K(349568K)] 205856K(506816K), 0.0013737 secs] [Times: user=0.00 sys=0.00, real=0.00 secs] 
2024-07-23T00:26:06.084+0800: 14.741: Total time for which application threads were stopped: 0.0191998 seconds, Stopping threads took: 0.0177630 seconds
2024-07-23T00:26:06.084+0800: 14.741: [CMS-concurrent-mark-start]
2024-07-23T00:26:06.085+0800: 14.742: [CMS-concurrent-mark: 0.001/0.001 secs] [Times: user=0.00 sys=0.00, real=0.00 secs] 
2024-07-23T00:26:06.085+0800: 14.742: [CMS-concurrent-preclean-start]
2024-07-23T00:26:06.085+0800: 14.743: [CMS-concurrent-preclean: 0.000/0.000 secs] [Times: user=0.00 sys=0.00, real=0.00 secs] 
2024-07-23T00:26:06.085+0800: 14.743: [GC (CMS Final Remark) [YG occupancy: 0 K (157248 K)]2024-07-23T00:26:06.085+0800: 14.743: [Rescan (parallel) , 0.0006186 secs]2024-07-23T00:26:06.086+0800: 14.743: [weak refs processing, 0.0000070 secs]2024-07-23T00:26:06.086+0800: 14.743: [class unloading, 0.0001971 secs]2024-07-23T00:26:06.086+0800: 14.744: [scrub symbol table, 0.0003250 secs]2024-07-23T00:26:06.086+0800: 14.744: [scrub string table, 0.0000951 secs][1 CMS-remark: 205856K(349568K)] 205856K(506816K), 0.0012750 secs] [Times: user=0.00 sys=0.00, real=0.00 secs] 
2024-07-23T00:26:06.087+0800: 14.744: Total time for which application threads were stopped: 0.0013108 seconds, Stopping threads took: 0.0000140 seconds
2024-07-23T00:26:06.087+0800: 14.744: [CMS-concurrent-sweep-start]
2024-07-23T00:26:06.087+0800: 14.744: [CMS-concurrent-sweep: 0.000/0.000 secs] [Times: user=0.00 sys=0.00, real=0.00 secs] 
2024-07-23T00:26:06.087+0800: 14.744: [CMS-concurrent-reset-start]
2024-07-23T00:26:06.087+0800: 14.745: [CMS-concurrent-reset: 0.000/0.000 secs] [Times: user=0.00 sys=0.00, real=0.00 secs] 
{Heap before GC invocations=327 (full 651):
 par new generation   total 157248K, used 0K [0x00000000e0000000, 0x00000000eaaa0000, 0x00000000eaaa0000)
  eden space 139776K,   0% used [0x00000000e0000000, 0x00000000e0000000, 0x00000000e8880000)
  from space 17472K,   0% used [0x00000000e9990000, 0x00000000e9990000, 0x00000000eaaa0000)
  to   space 17472K,   0% used [0x00000000e8880000, 0x00000000e8880000, 0x00000000e9990000)
 concurrent mark-sweep generation total 349568K, used 205856K [0x00000000eaaa0000, 0x0000000100000000, 0x0000000100000000)
 Metaspace       used 3957K, capacity 4568K, committed 4864K, reserved 1056768K
  class space    used 431K, capacity 460K, committed 512K, reserved 1048576K
2024-07-23T00:26:06.103+0800: 14.760: [GC (Allocation Failure) 2024-07-23T00:26:06.104+0800: 14.760: [ParNew
Desired survivor size 8945664 bytes, new threshold 6 (max 6)
: 0K->0K(157248K), 0.0016114 secs]2024-07-23T00:26:06.105+0800: 14.762: [CMS: 205856K->1056K(349568K), 0.0026527 secs] 205856K->1056K(506816K), [Metaspace: 3957K->3957K(1056768K)], 0.0044095 secs] [Times: user=0.00 sys=0.00, real=0.00 secs] 
Heap after GC invocations=328 (full 652):
 par new generation   total 157248K, used 0K [0x00000000e0000000, 0x00000000eaaa0000, 0x00000000eaaa0000)
  eden space 139776K,   0% used [0x00000000e0000000, 0x00000000e0000000, 0x00000000e8880000)
  from space 17472K,   0% used [0x00000000e8880000, 0x00000000e8880000, 0x00000000e9990000)
  to   space 17472K,   0% used [0x00000000e9990000, 0x00000000e9990000, 0x00000000eaaa0000)
 concurrent mark-sweep generation total 349568K, used 1056K [0x00000000eaaa0000, 0x0000000100000000, 0x0000000100000000)
 Metaspace       used 3957K, capacity 4568K, committed 4864K, reserved 1056768K
  class space    used 431K, capacity 460K, committed 512K, reserved 1048576K
}
2024-07-23T00:26:06.107+0800: 14.765: Total time for which application threads were stopped: 0.0045482 seconds, Stopping threads took: 0.0000346 seconds
2024-07-23T00:26:06.124+0800: 14.782: [GC (CMS Initial Mark) [1 CMS-initial-mark: 205856K(349568K)] 205856K(506816K), 0.0024657 secs] [Times: user=0.00 sys=0.00, real=0.00 secs] 
2024-07-23T00:26:06.127+0800: 14.784: Total time for which application threads were stopped: 0.0191393 seconds, Stopping threads took: 0.0166107 seconds
2024-07-23T00:26:06.127+0800: 14.784: [CMS-concurrent-mark-start]
2024-07-23T00:26:06.128+0800: 14.786: [CMS-concurrent-mark: 0.002/0.002 secs] [Times: user=0.00 sys=0.00, real=0.00 secs] 
2024-07-23T00:26:06.129+0800: 14.786: [CMS-concurrent-preclean-start]
2024-07-23T00:26:06.129+0800: 14.786: [CMS-concurrent-preclean: 0.000/0.000 secs] [Times: user=0.00 sys=0.00, real=0.00 secs] 
2024-07-23T00:26:06.129+0800: 14.786: [GC (CMS Final Remark) [YG occupancy: 0 K (157248 K)]2024-07-23T00:26:06.129+0800: 14.786: [Rescan (parallel) , 0.0004139 secs]2024-07-23T00:26:06.130+0800: 14.787: [weak refs processing, 0.0000318 secs]2024-07-23T00:26:06.130+0800: 14.787: [class unloading, 0.0002687 secs]2024-07-23T00:26:06.130+0800: 14.787: [scrub symbol table, 0.0003645 secs]2024-07-23T00:26:06.130+0800: 14.788: [scrub string table, 0.0001116 secs][1 CMS-remark: 205856K(349568K)] 205856K(506816K), 0.0013435 secs] [Times: user=0.00 sys=0.00, real=0.00 secs] 
2024-07-23T00:26:06.130+0800: 14.788: Total time for which application threads were stopped: 0.0013899 seconds, Stopping threads took: 0.0000140 seconds
2024-07-23T00:26:06.131+0800: 14.788: [CMS-concurrent-sweep-start]
2024-07-23T00:26:06.131+0800: 14.788: [CMS-concurrent-sweep: 0.000/0.000 secs] [Times: user=0.00 sys=0.00, real=0.00 secs] 
2024-07-23T00:26:06.131+0800: 14.788: [CMS-concurrent-reset-start]
2024-07-23T00:26:06.131+0800: 14.789: [CMS-concurrent-reset: 0.000/0.000 secs] [Times: user=0.00 sys=0.00, real=0.00 secs] 
{Heap before GC invocations=328 (full 653):
 par new generation   total 157248K, used 0K [0x00000000e0000000, 0x00000000eaaa0000, 0x00000000eaaa0000)
  eden space 139776K,   0% used [0x00000000e0000000, 0x00000000e0000000, 0x00000000e8880000)
  from space 17472K,   0% used [0x00000000e8880000, 0x00000000e8880000, 0x00000000e9990000)
  to   space 17472K,   0% used [0x00000000e9990000, 0x00000000e9990000, 0x00000000eaaa0000)
 concurrent mark-sweep generation total 349568K, used 205856K [0x00000000eaaa0000, 0x0000000100000000, 0x0000000100000000)
 Metaspace       used 3957K, capacity 4568K, committed 4864K, reserved 1056768K
  class space    used 431K, capacity 460K, committed 512K, reserved 1048576K
2024-07-23T00:26:06.151+0800: 14.808: [GC (Allocation Failure) 2024-07-23T00:26:06.151+0800: 14.808: [ParNew
Desired survivor size 8945664 bytes, new threshold 6 (max 6)
: 0K->0K(157248K), 0.0025029 secs]2024-07-23T00:26:06.154+0800: 14.810: [CMS: 205856K->1056K(349568K), 0.0043243 secs] 205856K->1056K(506816K), [Metaspace: 3957K->3957K(1056768K)], 0.0069984 secs] [Times: user=0.01 sys=0.00, real=0.01 secs] 
Heap after GC invocations=329 (full 654):
 par new generation   total 157248K, used 0K [0x00000000e0000000, 0x00000000eaaa0000, 0x00000000eaaa0000)
  eden space 139776K,   0% used [0x00000000e0000000, 0x00000000e0000000, 0x00000000e8880000)
  from space 17472K,   0% used [0x00000000e9990000, 0x00000000e9990000, 0x00000000eaaa0000)
  to   space 17472K,   0% used [0x00000000e8880000, 0x00000000e8880000, 0x00000000e9990000)
 concurrent mark-sweep generation total 349568K, used 1056K [0x00000000eaaa0000, 0x0000000100000000, 0x0000000100000000)
 Metaspace       used 3957K, capacity 4568K, committed 4864K, reserved 1056768K
  class space    used 431K, capacity 460K, committed 512K, reserved 1048576K
}
2024-07-23T00:26:06.158+0800: 14.815: Total time for which application threads were stopped: 0.0072412 seconds, Stopping threads took: 0.0000435 seconds
2024-07-23T00:26:06.175+0800: 14.832: [GC (CMS Initial Mark) [1 CMS-initial-mark: 205856K(349568K)] 205856K(506816K), 0.0022608 secs] [Times: user=0.00 sys=0.00, real=0.00 secs] 
2024-07-23T00:26:06.177+0800: 14.834: Total time for which application threads were stopped: 0.0190438 seconds, Stopping threads took: 0.0167300 seconds
2024-07-23T00:26:06.177+0800: 14.834: [CMS-concurrent-mark-start]
2024-07-23T00:26:06.179+0800: 14.835: [CMS-concurrent-mark: 0.001/0.001 secs] [Times: user=0.00 sys=0.00, real=0.00 secs] 
2024-07-23T00:26:06.179+0800: 14.836: [CMS-concurrent-preclean-start]
2024-07-23T00:26:06.179+0800: 14.836: [CMS-concurrent-preclean: 0.000/0.000 secs] [Times: user=0.00 sys=0.00, real=0.00 secs] 
2024-07-23T00:26:06.179+0800: 14.836: [GC (CMS Final Remark) [YG occupancy: 0 K (157248 K)]2024-07-23T00:26:06.179+0800: 14.836: [Rescan (parallel) , 0.0009275 secs]2024-07-23T00:26:06.180+0800: 14.837: [weak refs processing, 0.0000086 secs]2024-07-23T00:26:06.180+0800: 14.837: [class unloading, 0.0001908 secs]2024-07-23T00:26:06.180+0800: 14.837: [scrub symbol table, 0.0003206 secs]2024-07-23T00:26:06.180+0800: 14.837: [scrub string table, 0.0000933 secs][1 CMS-remark: 205856K(349568K)] 205856K(506816K), 0.0015847 secs] [Times: user=0.00 sys=0.00, real=0.00 secs] 
2024-07-23T00:26:06.181+0800: 14.837: Total time for which application threads were stopped: 0.0016208 seconds, Stopping threads took: 0.0000133 seconds
2024-07-23T00:26:06.181+0800: 14.838: [CMS-concurrent-sweep-start]
2024-07-23T00:26:06.181+0800: 14.838: [CMS-concurrent-sweep: 0.000/0.000 secs] [Times: user=0.00 sys=0.00, real=0.00 secs] 
2024-07-23T00:26:06.181+0800: 14.838: [CMS-concurrent-reset-start]
2024-07-23T00:26:06.181+0800: 14.838: [CMS-concurrent-reset: 0.000/0.000 secs] [Times: user=0.00 sys=0.00, real=0.00 secs] 
{Heap before GC invocations=329 (full 655):
 par new generation   total 157248K, used 0K [0x00000000e0000000, 0x00000000eaaa0000, 0x00000000eaaa0000)
  eden space 139776K,   0% used [0x00000000e0000000, 0x00000000e0000000, 0x00000000e8880000)
  from space 17472K,   0% used [0x00000000e9990000, 0x00000000e9990000, 0x00000000eaaa0000)
  to   space 17472K,   0% used [0x00000000e8880000, 0x00000000e8880000, 0x00000000e9990000)
 concurrent mark-sweep generation total 349568K, used 205856K [0x00000000eaaa0000, 0x0000000100000000, 0x0000000100000000)
 Metaspace       used 3957K, capacity 4568K, committed 4864K, reserved 1056768K
  class space    used 431K, capacity 460K, committed 512K, reserved 1048576K
2024-07-23T00:26:06.197+0800: 14.854: [GC (Allocation Failure) 2024-07-23T00:26:06.197+0800: 14.854: [ParNew
Desired survivor size 8945664 bytes, new threshold 6 (max 6)
: 0K->0K(157248K), 0.0028282 secs]2024-07-23T00:26:06.200+0800: 14.856: [CMS: 205856K->1056K(349568K), 0.0030346 secs] 205856K->1056K(506816K), [Metaspace: 3957K->3957K(1056768K)], 0.0059863 secs] [Times: user=0.00 sys=0.00, real=0.01 secs] 
Heap after GC invocations=330 (full 656):
 par new generation   total 157248K, used 0K [0x00000000e0000000, 0x00000000eaaa0000, 0x00000000eaaa0000)
  eden space 139776K,   0% used [0x00000000e0000000, 0x00000000e0000000, 0x00000000e8880000)
  from space 17472K,   0% used [0x00000000e8880000, 0x00000000e8880000, 0x00000000e9990000)
  to   space 17472K,   0% used [0x00000000e9990000, 0x00000000e9990000, 0x00000000eaaa0000)
 concurrent mark-sweep generation total 349568K, used 1056K [0x00000000eaaa0000, 0x0000000100000000, 0x0000000100000000)
 Metaspace       used 3957K, capacity 4568K, committed 4864K, reserved 1056768K
  class space    used 431K, capacity 460K, committed 512K, reserved 1048576K
}
2024-07-23T00:26:06.203+0800: 14.860: Total time for which application threads were stopped: 0.0061606 seconds, Stopping threads took: 0.0000302 seconds
2024-07-23T00:26:06.219+0800: 14.876: [GC (CMS Initial Mark) [1 CMS-initial-mark: 205856K(349568K)] 205856K(506816K), 0.0020735 secs] [Times: user=0.00 sys=0.00, real=0.00 secs] 
2024-07-23T00:26:06.222+0800: 14.879: Total time for which application threads were stopped: 0.0186546 seconds, Stopping threads took: 0.0165085 seconds
2024-07-23T00:26:06.222+0800: 14.879: [CMS-concurrent-mark-start]
2024-07-23T00:26:06.224+0800: 14.881: [CMS-concurrent-mark: 0.002/0.002 secs] [Times: user=0.00 sys=0.00, real=0.00 secs] 
2024-07-23T00:26:06.224+0800: 14.881: [CMS-concurrent-preclean-start]
2024-07-23T00:26:06.224+0800: 14.881: [CMS-concurrent-preclean: 0.000/0.000 secs] [Times: user=0.00 sys=0.00, real=0.00 secs] 
2024-07-23T00:26:06.224+0800: 14.881: [GC (CMS Final Remark) [YG occupancy: 0 K (157248 K)]2024-07-23T00:26:06.224+0800: 14.881: [Rescan (parallel) , 0.0015318 secs]2024-07-23T00:26:06.226+0800: 14.883: [weak refs processing, 0.0000092 secs]2024-07-23T00:26:06.226+0800: 14.883: [class unloading, 0.0002037 secs]2024-07-23T00:26:06.226+0800: 14.883: [scrub symbol table, 0.0003719 secs]2024-07-23T00:26:06.227+0800: 14.884: [scrub string table, 0.0001346 secs][1 CMS-remark: 205856K(349568K)] 205856K(506816K), 0.0023098 secs] [Times: user=0.00 sys=0.00, real=0.00 secs] 
2024-07-23T00:26:06.227+0800: 14.884: Total time for which application threads were stopped: 0.0023506 seconds, Stopping threads took: 0.0000144 seconds
2024-07-23T00:26:06.227+0800: 14.884: [CMS-concurrent-sweep-start]
2024-07-23T00:26:06.227+0800: 14.884: [CMS-concurrent-sweep: 0.000/0.000 secs] [Times: user=0.00 sys=0.00, real=0.00 secs] 
2024-07-23T00:26:06.227+0800: 14.884: [CMS-concurrent-reset-start]
2024-07-23T00:26:06.228+0800: 14.884: [CMS-concurrent-reset: 0.000/0.000 secs] [Times: user=0.00 sys=0.00, real=0.00 secs] 
{Heap before GC invocations=330 (full 657):
 par new generation   total 157248K, used 0K [0x00000000e0000000, 0x00000000eaaa0000, 0x00000000eaaa0000)
  eden space 139776K,   0% used [0x00000000e0000000, 0x00000000e0000000, 0x00000000e8880000)
  from space 17472K,   0% used [0x00000000e8880000, 0x00000000e8880000, 0x00000000e9990000)
  to   space 17472K,   0% used [0x00000000e9990000, 0x00000000e9990000, 0x00000000eaaa0000)
 concurrent mark-sweep generation total 349568K, used 205856K [0x00000000eaaa0000, 0x0000000100000000, 0x0000000100000000)
 Metaspace       used 3957K, capacity 4568K, committed 4864K, reserved 1056768K
  class space    used 431K, capacity 460K, committed 512K, reserved 1048576K
2024-07-23T00:26:06.243+0800: 14.900: [GC (Allocation Failure) 2024-07-23T00:26:06.243+0800: 14.900: [ParNew
Desired survivor size 8945664 bytes, new threshold 6 (max 6)
: 0K->0K(157248K), 0.0025107 secs]2024-07-23T00:26:06.246+0800: 14.903: [CMS: 205856K->1056K(349568K), 0.0049797 secs] 205856K->1056K(506816K), [Metaspace: 3957K->3957K(1056768K)], 0.0076829 secs] [Times: user=0.00 sys=0.00, real=0.01 secs] 
Heap after GC invocations=331 (full 658):
 par new generation   total 157248K, used 0K [0x00000000e0000000, 0x00000000eaaa0000, 0x00000000eaaa0000)
  eden space 139776K,   0% used [0x00000000e0000000, 0x00000000e0000000, 0x00000000e8880000)
  from space 17472K,   0% used [0x00000000e9990000, 0x00000000e9990000, 0x00000000eaaa0000)
  to   space 17472K,   0% used [0x00000000e8880000, 0x00000000e8880000, 0x00000000e9990000)
 concurrent mark-sweep generation total 349568K, used 1056K [0x00000000eaaa0000, 0x0000000100000000, 0x0000000100000000)
 Metaspace       used 3957K, capacity 4568K, committed 4864K, reserved 1056768K
  class space    used 431K, capacity 460K, committed 512K, reserved 1048576K
}
2024-07-23T00:26:06.251+0800: 14.908: Total time for which application threads were stopped: 0.0079275 seconds, Stopping threads took: 0.0000394 seconds
2024-07-23T00:26:06.270+0800: 14.927: [GC (CMS Initial Mark) [1 CMS-initial-mark: 205856K(349568K)] 205856K(506816K), 0.0005933 secs] [Times: user=0.00 sys=0.00, real=0.00 secs] 
2024-07-23T00:26:06.270+0800: 14.927: Total time for which application threads were stopped: 0.0191526 seconds, Stopping threads took: 0.0185001 seconds
2024-07-23T00:26:06.270+0800: 14.927: [CMS-concurrent-mark-start]
2024-07-23T00:26:06.271+0800: 14.929: [CMS-concurrent-mark: 0.002/0.002 secs] [Times: user=0.00 sys=0.00, real=0.00 secs] 
2024-07-23T00:26:06.272+0800: 14.929: [CMS-concurrent-preclean-start]
2024-07-23T00:26:06.272+0800: 14.929: [CMS-concurrent-preclean: 0.000/0.000 secs] [Times: user=0.00 sys=0.00, real=0.00 secs] 
2024-07-23T00:26:06.272+0800: 14.929: [GC (CMS Final Remark) [YG occupancy: 0 K (157248 K)]2024-07-23T00:26:06.272+0800: 14.929: [Rescan (parallel) , 0.0006727 secs]2024-07-23T00:26:06.272+0800: 14.930: [weak refs processing, 0.0000087 secs]2024-07-23T00:26:06.272+0800: 14.930: [class unloading, 0.0001990 secs]2024-07-23T00:26:06.273+0800: 14.930: [scrub symbol table, 0.0003374 secs]2024-07-23T00:26:06.273+0800: 14.930: [scrub string table, 0.0000951 secs][1 CMS-remark: 205856K(349568K)] 205856K(506816K), 0.0013584 secs] [Times: user=0.00 sys=0.00, real=0.00 secs] 
2024-07-23T00:26:06.273+0800: 14.931: Total time for which application threads were stopped: 0.0014041 seconds, Stopping threads took: 0.0000143 seconds
2024-07-23T00:26:06.273+0800: 14.931: [CMS-concurrent-sweep-start]
2024-07-23T00:26:06.273+0800: 14.931: [CMS-concurrent-sweep: 0.000/0.000 secs] [Times: user=0.00 sys=0.00, real=0.00 secs] 
2024-07-23T00:26:06.273+0800: 14.931: [CMS-concurrent-reset-start]
2024-07-23T00:26:06.274+0800: 14.931: [CMS-concurrent-reset: 0.000/0.000 secs] [Times: user=0.00 sys=0.00, real=0.00 secs] 
{Heap before GC invocations=331 (full 659):
 par new generation   total 157248K, used 0K [0x00000000e0000000, 0x00000000eaaa0000, 0x00000000eaaa0000)
  eden space 139776K,   0% used [0x00000000e0000000, 0x00000000e0000000, 0x00000000e8880000)
  from space 17472K,   0% used [0x00000000e9990000, 0x00000000e9990000, 0x00000000eaaa0000)
  to   space 17472K,   0% used [0x00000000e8880000, 0x00000000e8880000, 0x00000000e9990000)
 concurrent mark-sweep generation total 349568K, used 205856K [0x00000000eaaa0000, 0x0000000100000000, 0x0000000100000000)
 Metaspace       used 3957K, capacity 4568K, committed 4864K, reserved 1056768K
  class space    used 431K, capacity 460K, committed 512K, reserved 1048576K
2024-07-23T00:26:06.289+0800: 14.947: [GC (Allocation Failure) 2024-07-23T00:26:06.289+0800: 14.947: [ParNew
Desired survivor size 8945664 bytes, new threshold 6 (max 6)
: 0K->0K(157248K), 0.0017316 secs]2024-07-23T00:26:06.292+0800: 14.948: [CMS: 205856K->1056K(349568K), 0.0043462 secs] 205856K->1056K(506816K), [Metaspace: 3957K->3957K(1056768K)], 0.0062950 secs] [Times: user=0.00 sys=0.00, real=0.01 secs] 
Heap after GC invocations=332 (full 660):
 par new generation   total 157248K, used 0K [0x00000000e0000000, 0x00000000eaaa0000, 0x00000000eaaa0000)
  eden space 139776K,   0% used [0x00000000e0000000, 0x00000000e0000000, 0x00000000e8880000)
  from space 17472K,   0% used [0x00000000e8880000, 0x00000000e8880000, 0x00000000e9990000)
  to   space 17472K,   0% used [0x00000000e9990000, 0x00000000e9990000, 0x00000000eaaa0000)
 concurrent mark-sweep generation total 349568K, used 1056K [0x00000000eaaa0000, 0x0000000100000000, 0x0000000100000000)
 Metaspace       used 3957K, capacity 4568K, committed 4864K, reserved 1056768K
  class space    used 431K, capacity 460K, committed 512K, reserved 1048576K
}
2024-07-23T00:26:06.296+0800: 14.953: Total time for which application threads were stopped: 0.0065444 seconds, Stopping threads took: 0.0000405 seconds
2024-07-23T00:26:06.312+0800: 14.970: [GC (CMS Initial Mark) [1 CMS-initial-mark: 205856K(349568K)] 205856K(506816K), 0.0004723 secs] [Times: user=0.00 sys=0.00, real=0.00 secs] 
2024-07-23T00:26:06.313+0800: 14.971: Total time for which application threads were stopped: 0.0175879 seconds, Stopping threads took: 0.0170455 seconds
2024-07-23T00:26:06.313+0800: 14.971: [CMS-concurrent-mark-start]
2024-07-23T00:26:06.314+0800: 14.972: [CMS-concurrent-mark: 0.001/0.001 secs] [Times: user=0.00 sys=0.00, real=0.00 secs] 
2024-07-23T00:26:06.315+0800: 14.972: [CMS-concurrent-preclean-start]
2024-07-23T00:26:06.315+0800: 14.972: [CMS-concurrent-preclean: 0.000/0.000 secs] [Times: user=0.00 sys=0.00, real=0.00 secs] 
2024-07-23T00:26:06.315+0800: 14.972: [GC (CMS Final Remark) [YG occupancy: 0 K (157248 K)]2024-07-23T00:26:06.315+0800: 14.972: [Rescan (parallel) , 0.0008344 secs]2024-07-23T00:26:06.316+0800: 14.973: [weak refs processing, 0.0000133 secs]2024-07-23T00:26:06.316+0800: 14.973: [class unloading, 0.0003272 secs]2024-07-23T00:26:06.316+0800: 14.974: [scrub symbol table, 0.0003870 secs]2024-07-23T00:26:06.316+0800: 14.974: [scrub string table, 0.0001104 secs][1 CMS-remark: 205856K(349568K)] 205856K(506816K), 0.0017840 secs] [Times: user=0.00 sys=0.00, real=0.00 secs] 
2024-07-23T00:26:06.317+0800: 14.974: Total time for which application threads were stopped: 0.0018271 seconds, Stopping threads took: 0.0000138 seconds
2024-07-23T00:26:06.317+0800: 14.974: [CMS-concurrent-sweep-start]
2024-07-23T00:26:06.317+0800: 14.974: [CMS-concurrent-sweep: 0.000/0.000 secs] [Times: user=0.00 sys=0.00, real=0.00 secs] 
2024-07-23T00:26:06.317+0800: 14.974: [CMS-concurrent-reset-start]
2024-07-23T00:26:06.317+0800: 14.975: [CMS-concurrent-reset: 0.000/0.000 secs] [Times: user=0.00 sys=0.00, real=0.00 secs] 
{Heap before GC invocations=332 (full 661):
 par new generation   total 157248K, used 0K [0x00000000e0000000, 0x00000000eaaa0000, 0x00000000eaaa0000)
  eden space 139776K,   0% used [0x00000000e0000000, 0x00000000e0000000, 0x00000000e8880000)
  from space 17472K,   0% used [0x00000000e8880000, 0x00000000e8880000, 0x00000000e9990000)
  to   space 17472K,   0% used [0x00000000e9990000, 0x00000000e9990000, 0x00000000eaaa0000)
 concurrent mark-sweep generation total 349568K, used 205856K [0x00000000eaaa0000, 0x0000000100000000, 0x0000000100000000)
 Metaspace       used 3957K, capacity 4568K, committed 4864K, reserved 1056768K
  class space    used 431K, capacity 460K, committed 512K, reserved 1048576K
2024-07-23T00:26:06.337+0800: 14.994: [GC (Allocation Failure) 2024-07-23T00:26:06.337+0800: 14.994: [ParNew
Desired survivor size 8945664 bytes, new threshold 6 (max 6)
: 0K->0K(157248K), 0.0012213 secs]2024-07-23T00:26:06.338+0800: 14.995: [CMS: 205856K->1056K(349568K), 0.0033488 secs] 205856K->1056K(506816K), [Metaspace: 3957K->3957K(1056768K)], 0.0047005 secs] [Times: user=0.00 sys=0.00, real=0.01 secs] 
Heap after GC invocations=333 (full 662):
 par new generation   total 157248K, used 0K [0x00000000e0000000, 0x00000000eaaa0000, 0x00000000eaaa0000)
  eden space 139776K,   0% used [0x00000000e0000000, 0x00000000e0000000, 0x00000000e8880000)
  from space 17472K,   0% used [0x00000000e9990000, 0x00000000e9990000, 0x00000000eaaa0000)
  to   space 17472K,   0% used [0x00000000e8880000, 0x00000000e8880000, 0x00000000e9990000)
 concurrent mark-sweep generation total 349568K, used 1056K [0x00000000eaaa0000, 0x0000000100000000, 0x0000000100000000)
 Metaspace       used 3957K, capacity 4568K, committed 4864K, reserved 1056768K
  class space    used 431K, capacity 460K, committed 512K, reserved 1048576K
}
2024-07-23T00:26:06.342+0800: 14.999: Total time for which application threads were stopped: 0.0050398 seconds, Stopping threads took: 0.0001126 seconds
2024-07-23T00:26:06.359+0800: 15.016: [GC (CMS Initial Mark) [1 CMS-initial-mark: 205856K(349568K)] 205856K(506816K), 0.0002595 secs] [Times: user=0.00 sys=0.00, real=0.00 secs] 
2024-07-23T00:26:06.359+0800: 15.017: Total time for which application threads were stopped: 0.0179336 seconds, Stopping threads took: 0.0176037 seconds
2024-07-23T00:26:06.360+0800: 15.017: [CMS-concurrent-mark-start]
2024-07-23T00:26:06.361+0800: 15.018: [CMS-concurrent-mark: 0.001/0.001 secs] [Times: user=0.00 sys=0.00, real=0.00 secs] 
2024-07-23T00:26:06.361+0800: 15.018: [CMS-concurrent-preclean-start]
2024-07-23T00:26:06.361+0800: 15.018: [CMS-concurrent-preclean: 0.000/0.000 secs] [Times: user=0.00 sys=0.00, real=0.00 secs] 
2024-07-23T00:26:06.361+0800: 15.018: [GC (CMS Final Remark) [YG occupancy: 0 K (157248 K)]2024-07-23T00:26:06.361+0800: 15.018: [Rescan (parallel) , 0.0002164 secs]2024-07-23T00:26:06.361+0800: 15.019: [weak refs processing, 0.0000066 secs]2024-07-23T00:26:06.361+0800: 15.019: [class unloading, 0.0001979 secs]2024-07-23T00:26:06.362+0800: 15.019: [scrub symbol table, 0.0003220 secs]2024-07-23T00:26:06.362+0800: 15.019: [scrub string table, 0.0000935 secs][1 CMS-remark: 205856K(349568K)] 205856K(506816K), 0.0008719 secs] [Times: user=0.00 sys=0.00, real=0.00 secs] 
2024-07-23T00:26:06.362+0800: 15.019: Total time for which application threads were stopped: 0.0009098 seconds, Stopping threads took: 0.0000133 seconds
2024-07-23T00:26:06.362+0800: 15.019: [CMS-concurrent-sweep-start]
2024-07-23T00:26:06.362+0800: 15.019: [CMS-concurrent-sweep: 0.000/0.000 secs] [Times: user=0.00 sys=0.00, real=0.00 secs] 
2024-07-23T00:26:06.362+0800: 15.020: [CMS-concurrent-reset-start]
2024-07-23T00:26:06.363+0800: 15.020: [CMS-concurrent-reset: 0.000/0.000 secs] [Times: user=0.00 sys=0.00, real=0.00 secs] 
{Heap before GC invocations=333 (full 663):
 par new generation   total 157248K, used 0K [0x00000000e0000000, 0x00000000eaaa0000, 0x00000000eaaa0000)
  eden space 139776K,   0% used [0x00000000e0000000, 0x00000000e0000000, 0x00000000e8880000)
  from space 17472K,   0% used [0x00000000e9990000, 0x00000000e9990000, 0x00000000eaaa0000)
  to   space 17472K,   0% used [0x00000000e8880000, 0x00000000e8880000, 0x00000000e9990000)
 concurrent mark-sweep generation total 349568K, used 205856K [0x00000000eaaa0000, 0x0000000100000000, 0x0000000100000000)
 Metaspace       used 3957K, capacity 4568K, committed 4864K, reserved 1056768K
  class space    used 431K, capacity 460K, committed 512K, reserved 1048576K
2024-07-23T00:26:06.384+0800: 15.041: [GC (Allocation Failure) 2024-07-23T00:26:06.384+0800: 15.041: [ParNew
Desired survivor size 8945664 bytes, new threshold 6 (max 6)
: 0K->0K(157248K), 0.0019631 secs]2024-07-23T00:26:06.387+0800: 15.043: [CMS: 205856K->1056K(349568K), 0.0040554 secs] 205856K->1056K(506816K), [Metaspace: 3957K->3957K(1056768K)], 0.0062891 secs] [Times: user=0.00 sys=0.00, real=0.01 secs] 
Heap after GC invocations=334 (full 664):
 par new generation   total 157248K, used 0K [0x00000000e0000000, 0x00000000eaaa0000, 0x00000000eaaa0000)
  eden space 139776K,   0% used [0x00000000e0000000, 0x00000000e0000000, 0x00000000e8880000)
  from space 17472K,   0% used [0x00000000e8880000, 0x00000000e8880000, 0x00000000e9990000)
  to   space 17472K,   0% used [0x00000000e9990000, 0x00000000e9990000, 0x00000000eaaa0000)
 concurrent mark-sweep generation total 349568K, used 1056K [0x00000000eaaa0000, 0x0000000100000000, 0x0000000100000000)
 Metaspace       used 3957K, capacity 4568K, committed 4864K, reserved 1056768K
  class space    used 431K, capacity 460K, committed 512K, reserved 1048576K
}
2024-07-23T00:26:06.390+0800: 15.048: Total time for which application threads were stopped: 0.0064706 seconds, Stopping threads took: 0.0000409 seconds
2024-07-23T00:26:06.411+0800: 15.068: [GC (CMS Initial Mark) [1 CMS-initial-mark: 205856K(349568K)] 205856K(506816K), 0.0002065 secs] [Times: user=0.00 sys=0.00, real=0.00 secs] 
2024-07-23T00:26:06.411+0800: 15.068: Total time for which application threads were stopped: 0.0207940 seconds, Stopping threads took: 0.0205141 seconds
2024-07-23T00:26:06.411+0800: 15.068: [CMS-concurrent-mark-start]
2024-07-23T00:26:06.413+0800: 15.070: [CMS-concurrent-mark: 0.002/0.002 secs] [Times: user=0.00 sys=0.00, real=0.00 secs] 
2024-07-23T00:26:06.413+0800: 15.070: [CMS-concurrent-preclean-start]
2024-07-23T00:26:06.413+0800: 15.070: [CMS-concurrent-preclean: 0.000/0.000 secs] [Times: user=0.00 sys=0.00, real=0.00 secs] 
2024-07-23T00:26:06.413+0800: 15.071: [GC (CMS Final Remark) [YG occupancy: 0 K (157248 K)]2024-07-23T00:26:06.413+0800: 15.071: [Rescan (parallel) , 0.0002541 secs]2024-07-23T00:26:06.413+0800: 15.071: [weak refs processing, 0.0000071 secs]2024-07-23T00:26:06.413+0800: 15.071: [class unloading, 0.0002009 secs]2024-07-23T00:26:06.413+0800: 15.071: [scrub symbol table, 0.0003220 secs]2024-07-23T00:26:06.415+0800: 15.071: [scrub string table, 0.0001032 secs][1 CMS-remark: 205856K(349568K)] 205856K(506816K), 0.0009238 secs] [Times: user=0.00 sys=0.00, real=0.00 secs] 
2024-07-23T00:26:06.415+0800: 15.071: Total time for which application threads were stopped: 0.0009611 seconds, Stopping threads took: 0.0000141 seconds
2024-07-23T00:26:06.415+0800: 15.071: [CMS-concurrent-sweep-start]
2024-07-23T00:26:06.415+0800: 15.072: [CMS-concurrent-sweep: 0.000/0.000 secs] [Times: user=0.00 sys=0.00, real=0.00 secs] 
2024-07-23T00:26:06.415+0800: 15.072: [CMS-concurrent-reset-start]
2024-07-23T00:26:06.415+0800: 15.072: [CMS-concurrent-reset: 0.000/0.000 secs] [Times: user=0.00 sys=0.00, real=0.00 secs] 
{Heap before GC invocations=334 (full 665):
 par new generation   total 157248K, used 0K [0x00000000e0000000, 0x00000000eaaa0000, 0x00000000eaaa0000)
  eden space 139776K,   0% used [0x00000000e0000000, 0x00000000e0000000, 0x00000000e8880000)
  from space 17472K,   0% used [0x00000000e8880000, 0x00000000e8880000, 0x00000000e9990000)
  to   space 17472K,   0% used [0x00000000e9990000, 0x00000000e9990000, 0x00000000eaaa0000)
 concurrent mark-sweep generation total 349568K, used 205856K [0x00000000eaaa0000, 0x0000000100000000, 0x0000000100000000)
 Metaspace       used 3957K, capacity 4568K, committed 4864K, reserved 1056768K
  class space    used 431K, capacity 460K, committed 512K, reserved 1048576K
2024-07-23T00:26:06.432+0800: 15.089: [GC (Allocation Failure) 2024-07-23T00:26:06.432+0800: 15.089: [ParNew
Desired survivor size 8945664 bytes, new threshold 6 (max 6)
: 0K->0K(157248K), 0.0021638 secs]2024-07-23T00:26:06.434+0800: 15.091: [CMS: 205856K->1056K(349568K), 0.0030843 secs] 205856K->1056K(506816K), [Metaspace: 3957K->3957K(1056768K)], 0.0053791 secs] [Times: user=0.00 sys=0.00, real=0.01 secs] 
Heap after GC invocations=335 (full 666):
 par new generation   total 157248K, used 0K [0x00000000e0000000, 0x00000000eaaa0000, 0x00000000eaaa0000)
  eden space 139776K,   0% used [0x00000000e0000000, 0x00000000e0000000, 0x00000000e8880000)
  from space 17472K,   0% used [0x00000000e9990000, 0x00000000e9990000, 0x00000000eaaa0000)
  to   space 17472K,   0% used [0x00000000e8880000, 0x00000000e8880000, 0x00000000e9990000)
 concurrent mark-sweep generation total 349568K, used 1056K [0x00000000eaaa0000, 0x0000000100000000, 0x0000000100000000)
 Metaspace       used 3957K, capacity 4568K, committed 4864K, reserved 1056768K
  class space    used 431K, capacity 460K, committed 512K, reserved 1048576K
}
2024-07-23T00:26:06.437+0800: 15.094: Total time for which application threads were stopped: 0.0055078 seconds, Stopping threads took: 0.0000251 seconds
2024-07-23T00:26:06.454+0800: 15.111: [GC (CMS Initial Mark) [1 CMS-initial-mark: 205856K(349568K)] 205856K(506816K), 0.0005427 secs] [Times: user=0.00 sys=0.00, real=0.00 secs] 
2024-07-23T00:26:06.454+0800: 15.111: Total time for which application threads were stopped: 0.0171496 seconds, Stopping threads took: 0.0165580 seconds
2024-07-23T00:26:06.454+0800: 15.111: [CMS-concurrent-mark-start]
2024-07-23T00:26:06.456+0800: 15.113: [CMS-concurrent-mark: 0.001/0.001 secs] [Times: user=0.00 sys=0.00, real=0.00 secs] 
2024-07-23T00:26:06.456+0800: 15.113: [CMS-concurrent-preclean-start]
2024-07-23T00:26:06.456+0800: 15.113: [CMS-concurrent-preclean: 0.000/0.000 secs] [Times: user=0.00 sys=0.00, real=0.00 secs] 
2024-07-23T00:26:06.456+0800: 15.113: [GC (CMS Final Remark) [YG occupancy: 0 K (157248 K)]2024-07-23T00:26:06.456+0800: 15.113: [Rescan (parallel) , 0.0002901 secs]2024-07-23T00:26:06.456+0800: 15.113: [weak refs processing, 0.0000070 secs]2024-07-23T00:26:06.456+0800: 15.113: [class unloading, 0.0002042 secs]2024-07-23T00:26:06.456+0800: 15.114: [scrub symbol table, 0.0003303 secs]2024-07-23T00:26:06.456+0800: 15.114: [scrub string table, 0.0000945 secs][1 CMS-remark: 205856K(349568K)] 205856K(506816K), 0.0009605 secs] [Times: user=0.00 sys=0.00, real=0.00 secs] 
2024-07-23T00:26:06.457+0800: 15.114: Total time for which application threads were stopped: 0.0009981 seconds, Stopping threads took: 0.0000144 seconds
2024-07-23T00:26:06.457+0800: 15.114: [CMS-concurrent-sweep-start]
2024-07-23T00:26:06.457+0800: 15.114: [CMS-concurrent-sweep: 0.000/0.000 secs] [Times: user=0.00 sys=0.00, real=0.00 secs] 
2024-07-23T00:26:06.457+0800: 15.114: [CMS-concurrent-reset-start]
2024-07-23T00:26:06.457+0800: 15.115: [CMS-concurrent-reset: 0.000/0.000 secs] [Times: user=0.00 sys=0.00, real=0.00 secs] 
{Heap before GC invocations=335 (full 667):
 par new generation   total 157248K, used 0K [0x00000000e0000000, 0x00000000eaaa0000, 0x00000000eaaa0000)
  eden space 139776K,   0% used [0x00000000e0000000, 0x00000000e0000000, 0x00000000e8880000)
  from space 17472K,   0% used [0x00000000e9990000, 0x00000000e9990000, 0x00000000eaaa0000)
  to   space 17472K,   0% used [0x00000000e8880000, 0x00000000e8880000, 0x00000000e9990000)
 concurrent mark-sweep generation total 349568K, used 205856K [0x00000000eaaa0000, 0x0000000100000000, 0x0000000100000000)
 Metaspace       used 3957K, capacity 4568K, committed 4864K, reserved 1056768K
  class space    used 431K, capacity 460K, committed 512K, reserved 1048576K
2024-07-23T00:26:06.478+0800: 15.136: [GC (Allocation Failure) 2024-07-23T00:26:06.478+0800: 15.136: [ParNew
Desired survivor size 8945664 bytes, new threshold 6 (max 6)
: 0K->0K(157248K), 0.0024743 secs]2024-07-23T00:26:06.481+0800: 15.138: [CMS: 205856K->1056K(349568K), 0.0034299 secs] 205856K->1056K(506816K), [Metaspace: 3957K->3957K(1056768K)], 0.0060689 secs] [Times: user=0.00 sys=0.00, real=0.01 secs] 
Heap after GC invocations=336 (full 668):
 par new generation   total 157248K, used 0K [0x00000000e0000000, 0x00000000eaaa0000, 0x00000000eaaa0000)
  eden space 139776K,   0% used [0x00000000e0000000, 0x00000000e0000000, 0x00000000e8880000)
  from space 17472K,   0% used [0x00000000e8880000, 0x00000000e8880000, 0x00000000e9990000)
  to   space 17472K,   0% used [0x00000000e9990000, 0x00000000e9990000, 0x00000000eaaa0000)
 concurrent mark-sweep generation total 349568K, used 1056K [0x00000000eaaa0000, 0x0000000100000000, 0x0000000100000000)
 Metaspace       used 3957K, capacity 4568K, committed 4864K, reserved 1056768K
  class space    used 431K, capacity 460K, committed 512K, reserved 1048576K
}
2024-07-23T00:26:06.484+0800: 15.142: Total time for which application threads were stopped: 0.0062772 seconds, Stopping threads took: 0.0000443 seconds
2024-07-23T00:26:06.501+0800: 15.158: [GC (CMS Initial Mark) [1 CMS-initial-mark: 205856K(349568K)] 205856K(506816K), 0.0015078 secs] [Times: user=0.00 sys=0.00, real=0.00 secs] 
2024-07-23T00:26:06.503+0800: 15.160: Total time for which application threads were stopped: 0.0181308 seconds, Stopping threads took: 0.0165676 seconds
2024-07-23T00:26:06.503+0800: 15.160: [CMS-concurrent-mark-start]
2024-07-23T00:26:06.505+0800: 15.162: [CMS-concurrent-mark: 0.002/0.002 secs] [Times: user=0.00 sys=0.00, real=0.00 secs] 
2024-07-23T00:26:06.505+0800: 15.162: [CMS-concurrent-preclean-start]
2024-07-23T00:26:06.505+0800: 15.162: [CMS-concurrent-preclean: 0.000/0.000 secs] [Times: user=0.00 sys=0.00, real=0.00 secs] 
2024-07-23T00:26:06.506+0800: 15.162: [GC (CMS Final Remark) [YG occupancy: 0 K (157248 K)]2024-07-23T00:26:06.506+0800: 15.162: [Rescan (parallel) , 0.0007860 secs]2024-07-23T00:26:06.506+0800: 15.163: [weak refs processing, 0.0000086 secs]2024-07-23T00:26:06.506+0800: 15.163: [class unloading, 0.0001995 secs]2024-07-23T00:26:06.506+0800: 15.163: [scrub symbol table, 0.0003225 secs]2024-07-23T00:26:06.506+0800: 15.164: [scrub string table, 0.0000929 secs][1 CMS-remark: 205856K(349568K)] 205856K(506816K), 0.0014549 secs] [Times: user=0.00 sys=0.00, real=0.00 secs] 
2024-07-23T00:26:06.506+0800: 15.164: Total time for which application threads were stopped: 0.0014962 seconds, Stopping threads took: 0.0000148 seconds
2024-07-23T00:26:06.507+0800: 15.164: [CMS-concurrent-sweep-start]
2024-07-23T00:26:06.507+0800: 15.164: [CMS-concurrent-sweep: 0.000/0.000 secs] [Times: user=0.00 sys=0.00, real=0.00 secs] 
2024-07-23T00:26:06.507+0800: 15.164: [CMS-concurrent-reset-start]
2024-07-23T00:26:06.507+0800: 15.164: [CMS-concurrent-reset: 0.000/0.000 secs] [Times: user=0.00 sys=0.00, real=0.00 secs] 
{Heap before GC invocations=336 (full 669):
 par new generation   total 157248K, used 0K [0x00000000e0000000, 0x00000000eaaa0000, 0x00000000eaaa0000)
  eden space 139776K,   0% used [0x00000000e0000000, 0x00000000e0000000, 0x00000000e8880000)
  from space 17472K,   0% used [0x00000000e8880000, 0x00000000e8880000, 0x00000000e9990000)
  to   space 17472K,   0% used [0x00000000e9990000, 0x00000000e9990000, 0x00000000eaaa0000)
 concurrent mark-sweep generation total 349568K, used 205856K [0x00000000eaaa0000, 0x0000000100000000, 0x0000000100000000)
 Metaspace       used 3957K, capacity 4568K, committed 4864K, reserved 1056768K
  class space    used 431K, capacity 460K, committed 512K, reserved 1048576K
2024-07-23T00:26:06.526+0800: 15.183: [GC (Allocation Failure) 2024-07-23T00:26:06.526+0800: 15.184: [ParNew
Desired survivor size 8945664 bytes, new threshold 6 (max 6)
: 0K->0K(157248K), 0.0033885 secs]2024-07-23T00:26:06.530+0800: 15.187: [CMS: 205856K->1056K(349568K), 0.0062478 secs] 205856K->1056K(506816K), [Metaspace: 3957K->3957K(1056768K)], 0.0100136 secs] [Times: user=0.01 sys=0.00, real=0.01 secs] 
Heap after GC invocations=337 (full 670):
 par new generation   total 157248K, used 0K [0x00000000e0000000, 0x00000000eaaa0000, 0x00000000eaaa0000)
  eden space 139776K,   0% used [0x00000000e0000000, 0x00000000e0000000, 0x00000000e8880000)
  from space 17472K,   0% used [0x00000000e9990000, 0x00000000e9990000, 0x00000000eaaa0000)
  to   space 17472K,   0% used [0x00000000e8880000, 0x00000000e8880000, 0x00000000e9990000)
 concurrent mark-sweep generation total 349568K, used 1056K [0x00000000eaaa0000, 0x0000000100000000, 0x0000000100000000)
 Metaspace       used 3957K, capacity 4568K, committed 4864K, reserved 1056768K
  class space    used 431K, capacity 460K, committed 512K, reserved 1048576K
}
2024-07-23T00:26:06.536+0800: 15.194: Total time for which application threads were stopped: 0.0103222 seconds, Stopping threads took: 0.0000470 seconds
2024-07-23T00:26:06.554+0800: 15.211: [GC (CMS Initial Mark) [1 CMS-initial-mark: 205856K(349568K)] 205856K(506816K), 0.0002058 secs] [Times: user=0.00 sys=0.00, real=0.00 secs] 
2024-07-23T00:26:06.554+0800: 15.211: Total time for which application threads were stopped: 0.0174044 seconds, Stopping threads took: 0.0171470 seconds
2024-07-23T00:26:06.554+0800: 15.211: [CMS-concurrent-mark-start]
2024-07-23T00:26:06.556+0800: 15.213: [CMS-concurrent-mark: 0.001/0.001 secs] [Times: user=0.00 sys=0.00, real=0.00 secs] 
2024-07-23T00:26:06.556+0800: 15.213: [CMS-concurrent-preclean-start]
2024-07-23T00:26:06.556+0800: 15.213: [CMS-concurrent-preclean: 0.000/0.000 secs] [Times: user=0.00 sys=0.00, real=0.00 secs] 
2024-07-23T00:26:06.556+0800: 15.213: [GC (CMS Final Remark) [YG occupancy: 0 K (157248 K)]2024-07-23T00:26:06.556+0800: 15.213: [Rescan (parallel) , 0.0003702 secs]2024-07-23T00:26:06.556+0800: 15.213: [weak refs processing, 0.0000126 secs]2024-07-23T00:26:06.556+0800: 15.213: [class unloading, 0.0003943 secs]2024-07-23T00:26:06.557+0800: 15.214: [scrub symbol table, 0.0004180 secs]2024-07-23T00:26:06.557+0800: 15.214: [scrub string table, 0.0000875 secs][1 CMS-remark: 205856K(349568K)] 205856K(506816K), 0.0013488 secs] [Times: user=0.00 sys=0.00, real=0.00 secs] 
2024-07-23T00:26:06.557+0800: 15.214: Total time for which application threads were stopped: 0.0013899 seconds, Stopping threads took: 0.0000141 seconds
2024-07-23T00:26:06.557+0800: 15.214: [CMS-concurrent-sweep-start]
2024-07-23T00:26:06.558+0800: 15.214: [CMS-concurrent-sweep: 0.000/0.000 secs] [Times: user=0.00 sys=0.00, real=0.00 secs] 
2024-07-23T00:26:06.558+0800: 15.214: [CMS-concurrent-reset-start]
2024-07-23T00:26:06.558+0800: 15.215: [CMS-concurrent-reset: 0.000/0.000 secs] [Times: user=0.00 sys=0.00, real=0.00 secs] 
{Heap before GC invocations=337 (full 671):
 par new generation   total 157248K, used 0K [0x00000000e0000000, 0x00000000eaaa0000, 0x00000000eaaa0000)
  eden space 139776K,   0% used [0x00000000e0000000, 0x00000000e0000000, 0x00000000e8880000)
  from space 17472K,   0% used [0x00000000e9990000, 0x00000000e9990000, 0x00000000eaaa0000)
  to   space 17472K,   0% used [0x00000000e8880000, 0x00000000e8880000, 0x00000000e9990000)
 concurrent mark-sweep generation total 349568K, used 205856K [0x00000000eaaa0000, 0x0000000100000000, 0x0000000100000000)
 Metaspace       used 3957K, capacity 4568K, committed 4864K, reserved 1056768K
  class space    used 431K, capacity 460K, committed 512K, reserved 1048576K
2024-07-23T00:26:06.574+0800: 15.231: [GC (Allocation Failure) 2024-07-23T00:26:06.574+0800: 15.231: [ParNew
Desired survivor size 8945664 bytes, new threshold 6 (max 6)
: 0K->0K(157248K), 0.0008788 secs]2024-07-23T00:26:06.574+0800: 15.232: [CMS: 205856K->1056K(349568K), 0.0027972 secs] 205856K->1056K(506816K), [Metaspace: 3957K->3957K(1056768K)], 0.0037979 secs] [Times: user=0.02 sys=0.00, real=0.00 secs] 
Heap after GC invocations=338 (full 672):
 par new generation   total 157248K, used 0K [0x00000000e0000000, 0x00000000eaaa0000, 0x00000000eaaa0000)
  eden space 139776K,   0% used [0x00000000e0000000, 0x00000000e0000000, 0x00000000e8880000)
  from space 17472K,   0% used [0x00000000e8880000, 0x00000000e8880000, 0x00000000e9990000)
  to   space 17472K,   0% used [0x00000000e9990000, 0x00000000e9990000, 0x00000000eaaa0000)
 concurrent mark-sweep generation total 349568K, used 1056K [0x00000000eaaa0000, 0x0000000100000000, 0x0000000100000000)
 Metaspace       used 3957K, capacity 4568K, committed 4864K, reserved 1056768K
  class space    used 431K, capacity 460K, committed 512K, reserved 1048576K
}
2024-07-23T00:26:06.577+0800: 15.235: Total time for which application threads were stopped: 0.0039466 seconds, Stopping threads took: 0.0000535 seconds
2024-07-23T00:26:06.594+0800: 15.252: [GC (CMS Initial Mark) [1 CMS-initial-mark: 205856K(349568K)] 205856K(506816K), 0.0003104 secs] [Times: user=0.00 sys=0.00, real=0.00 secs] 
2024-07-23T00:26:06.594+0800: 15.252: Total time for which application threads were stopped: 0.0171975 seconds, Stopping threads took: 0.0168394 seconds
2024-07-23T00:26:06.594+0800: 15.252: [CMS-concurrent-mark-start]
2024-07-23T00:26:06.596+0800: 15.254: [CMS-concurrent-mark: 0.002/0.002 secs] [Times: user=0.00 sys=0.00, real=0.00 secs] 
2024-07-23T00:26:06.596+0800: 15.254: [CMS-concurrent-preclean-start]
2024-07-23T00:26:06.596+0800: 15.254: [CMS-concurrent-preclean: 0.000/0.000 secs] [Times: user=0.00 sys=0.00, real=0.00 secs] 
2024-07-23T00:26:06.596+0800: 15.254: [GC (CMS Final Remark) [YG occupancy: 0 K (157248 K)]2024-07-23T00:26:06.596+0800: 15.254: [Rescan (parallel) , 0.0003271 secs]2024-07-23T00:26:06.597+0800: 15.254: [weak refs processing, 0.0000085 secs]2024-07-23T00:26:06.597+0800: 15.254: [class unloading, 0.0001901 secs]2024-07-23T00:26:06.597+0800: 15.254: [scrub symbol table, 0.0002983 secs]2024-07-23T00:26:06.597+0800: 15.255: [scrub string table, 0.0000866 secs][1 CMS-remark: 205856K(349568K)] 205856K(506816K), 0.0009562 secs] [Times: user=0.00 sys=0.00, real=0.00 secs] 
2024-07-23T00:26:06.597+0800: 15.255: Total time for which application threads were stopped: 0.0009972 seconds, Stopping threads took: 0.0000151 seconds
2024-07-23T00:26:06.597+0800: 15.255: [CMS-concurrent-sweep-start]
2024-07-23T00:26:06.598+0800: 15.255: [CMS-concurrent-sweep: 0.000/0.000 secs] [Times: user=0.00 sys=0.00, real=0.00 secs] 
2024-07-23T00:26:06.598+0800: 15.255: [CMS-concurrent-reset-start]
2024-07-23T00:26:06.598+0800: 15.255: [CMS-concurrent-reset: 0.000/0.000 secs] [Times: user=0.00 sys=0.00, real=0.00 secs] 
{Heap before GC invocations=338 (full 673):
 par new generation   total 157248K, used 0K [0x00000000e0000000, 0x00000000eaaa0000, 0x00000000eaaa0000)
  eden space 139776K,   0% used [0x00000000e0000000, 0x00000000e0000000, 0x00000000e8880000)
  from space 17472K,   0% used [0x00000000e8880000, 0x00000000e8880000, 0x00000000e9990000)
  to   space 17472K,   0% used [0x00000000e9990000, 0x00000000e9990000, 0x00000000eaaa0000)
 concurrent mark-sweep generation total 349568K, used 205856K [0x00000000eaaa0000, 0x0000000100000000, 0x0000000100000000)
 Metaspace       used 3957K, capacity 4568K, committed 4864K, reserved 1056768K
  class space    used 431K, capacity 460K, committed 512K, reserved 1048576K
2024-07-23T00:26:06.605+0800: 15.262: [GC (Allocation Failure) 2024-07-23T00:26:06.605+0800: 15.262: [ParNew
Desired survivor size 8945664 bytes, new threshold 6 (max 6)
: 0K->0K(157248K), 0.0006842 secs]2024-07-23T00:26:06.606+0800: 15.263: [CMS: 205856K->1056K(349568K), 0.0025373 secs] 205856K->1056K(506816K), [Metaspace: 3957K->3957K(1056768K)], 0.0033182 secs] [Times: user=0.00 sys=0.00, real=0.00 secs] 
Heap after GC invocations=339 (full 674):
 par new generation   total 157248K, used 0K [0x00000000e0000000, 0x00000000eaaa0000, 0x00000000eaaa0000)
  eden space 139776K,   0% used [0x00000000e0000000, 0x00000000e0000000, 0x00000000e8880000)
  from space 17472K,   0% used [0x00000000e9990000, 0x00000000e9990000, 0x00000000eaaa0000)
  to   space 17472K,   0% used [0x00000000e8880000, 0x00000000e8880000, 0x00000000e9990000)
 concurrent mark-sweep generation total 349568K, used 1056K [0x00000000eaaa0000, 0x0000000100000000, 0x0000000100000000)
 Metaspace       used 3957K, capacity 4568K, committed 4864K, reserved 1056768K
  class space    used 431K, capacity 460K, committed 512K, reserved 1048576K
}
2024-07-23T00:26:06.608+0800: 15.265: Total time for which application threads were stopped: 0.0034307 seconds, Stopping threads took: 0.0000242 seconds
2024-07-23T00:26:06.626+0800: 15.282: [GC (CMS Initial Mark) [1 CMS-initial-mark: 205856K(349568K)] 205856K(506816K), 0.0006816 secs] [Times: user=0.00 sys=0.00, real=0.00 secs] 
2024-07-23T00:26:06.626+0800: 15.283: Total time for which application threads were stopped: 0.0175449 seconds, Stopping threads took: 0.0168096 seconds
2024-07-23T00:26:06.626+0800: 15.283: [CMS-concurrent-mark-start]
2024-07-23T00:26:06.627+0800: 15.284: [CMS-concurrent-mark: 0.001/0.001 secs] [Times: user=0.00 sys=0.00, real=0.00 secs] 
2024-07-23T00:26:06.627+0800: 15.284: [CMS-concurrent-preclean-start]
2024-07-23T00:26:06.627+0800: 15.285: [CMS-concurrent-preclean: 0.000/0.000 secs] [Times: user=0.00 sys=0.00, real=0.00 secs] 
2024-07-23T00:26:06.627+0800: 15.285: [GC (CMS Final Remark) [YG occupancy: 0 K (157248 K)]2024-07-23T00:26:06.627+0800: 15.285: [Rescan (parallel) , 0.0002196 secs]2024-07-23T00:26:06.627+0800: 15.285: [weak refs processing, 0.0000065 secs]2024-07-23T00:26:06.627+0800: 15.285: [class unloading, 0.0001933 secs]2024-07-23T00:26:06.628+0800: 15.285: [scrub symbol table, 0.0002993 secs]2024-07-23T00:26:06.628+0800: 15.285: [scrub string table, 0.0000818 secs][1 CMS-remark: 205856K(349568K)] 205856K(506816K), 0.0008291 secs] [Times: user=0.00 sys=0.00, real=0.00 secs] 
2024-07-23T00:26:06.628+0800: 15.286: Total time for which application threads were stopped: 0.0008629 seconds, Stopping threads took: 0.0000114 seconds
2024-07-23T00:26:06.628+0800: 15.286: [CMS-concurrent-sweep-start]
2024-07-23T00:26:06.628+0800: 15.286: [CMS-concurrent-sweep: 0.000/0.000 secs] [Times: user=0.00 sys=0.00, real=0.00 secs] 
2024-07-23T00:26:06.628+0800: 15.286: [CMS-concurrent-reset-start]
2024-07-23T00:26:06.629+0800: 15.286: [CMS-concurrent-reset: 0.000/0.000 secs] [Times: user=0.00 sys=0.00, real=0.00 secs] 
{Heap before GC invocations=339 (full 675):
 par new generation   total 157248K, used 0K [0x00000000e0000000, 0x00000000eaaa0000, 0x00000000eaaa0000)
  eden space 139776K,   0% used [0x00000000e0000000, 0x00000000e0000000, 0x00000000e8880000)
  from space 17472K,   0% used [0x00000000e9990000, 0x00000000e9990000, 0x00000000eaaa0000)
  to   space 17472K,   0% used [0x00000000e8880000, 0x00000000e8880000, 0x00000000e9990000)
 concurrent mark-sweep generation total 349568K, used 205856K [0x00000000eaaa0000, 0x0000000100000000, 0x0000000100000000)
 Metaspace       used 3957K, capacity 4568K, committed 4864K, reserved 1056768K
  class space    used 431K, capacity 460K, committed 512K, reserved 1048576K
2024-07-23T00:26:06.652+0800: 15.309: [GC (Allocation Failure) 2024-07-23T00:26:06.652+0800: 15.309: [ParNew
Desired survivor size 8945664 bytes, new threshold 6 (max 6)
: 0K->0K(157248K), 0.0021802 secs]2024-07-23T00:26:06.654+0800: 15.311: [CMS: 205856K->1056K(349568K), 0.0028241 secs] 205856K->1056K(506816K), [Metaspace: 3957K->3957K(1056768K)], 0.0051129 secs] [Times: user=0.00 sys=0.00, real=0.01 secs] 
Heap after GC invocations=340 (full 676):
 par new generation   total 157248K, used 0K [0x00000000e0000000, 0x00000000eaaa0000, 0x00000000eaaa0000)
  eden space 139776K,   0% used [0x00000000e0000000, 0x00000000e0000000, 0x00000000e8880000)
  from space 17472K,   0% used [0x00000000e8880000, 0x00000000e8880000, 0x00000000e9990000)
  to   space 17472K,   0% used [0x00000000e9990000, 0x00000000e9990000, 0x00000000eaaa0000)
 concurrent mark-sweep generation total 349568K, used 1056K [0x00000000eaaa0000, 0x0000000100000000, 0x0000000100000000)
 Metaspace       used 3957K, capacity 4568K, committed 4864K, reserved 1056768K
  class space    used 431K, capacity 460K, committed 512K, reserved 1048576K
}
2024-07-23T00:26:06.657+0800: 15.314: Total time for which application threads were stopped: 0.0052750 seconds, Stopping threads took: 0.0000327 seconds
2024-07-23T00:26:06.675+0800: 15.332: [GC (CMS Initial Mark) [1 CMS-initial-mark: 205856K(349568K)] 205856K(506816K), 0.0002447 secs] [Times: user=0.00 sys=0.00, real=0.00 secs] 
2024-07-23T00:26:06.675+0800: 15.332: Total time for which application threads were stopped: 0.0177107 seconds, Stopping threads took: 0.0173931 seconds
2024-07-23T00:26:06.675+0800: 15.332: [CMS-concurrent-mark-start]
2024-07-23T00:26:06.677+0800: 15.333: [CMS-concurrent-mark: 0.002/0.002 secs] [Times: user=0.00 sys=0.00, real=0.00 secs] 
2024-07-23T00:26:06.677+0800: 15.333: [CMS-concurrent-preclean-start]
2024-07-23T00:26:06.677+0800: 15.334: [CMS-concurrent-preclean: 0.000/0.000 secs] [Times: user=0.00 sys=0.00, real=0.00 secs] 
2024-07-23T00:26:06.677+0800: 15.334: [GC (CMS Final Remark) [YG occupancy: 0 K (157248 K)]2024-07-23T00:26:06.677+0800: 15.334: [Rescan (parallel) , 0.0002053 secs]2024-07-23T00:26:06.677+0800: 15.334: [weak refs processing, 0.0000071 secs]2024-07-23T00:26:06.677+0800: 15.334: [class unloading, 0.0001990 secs]2024-07-23T00:26:06.678+0800: 15.334: [scrub symbol table, 0.0002979 secs]2024-07-23T00:26:06.678+0800: 15.335: [scrub string table, 0.0000830 secs][1 CMS-remark: 205856K(349568K)] 205856K(506816K), 0.0008299 secs] [Times: user=0.00 sys=0.00, real=0.00 secs] 
2024-07-23T00:26:06.678+0800: 15.335: Total time for which application threads were stopped: 0.0008712 seconds, Stopping threads took: 0.0000146 seconds
2024-07-23T00:26:06.678+0800: 15.335: [CMS-concurrent-sweep-start]
2024-07-23T00:26:06.678+0800: 15.335: [CMS-concurrent-sweep: 0.000/0.000 secs] [Times: user=0.00 sys=0.00, real=0.00 secs] 
2024-07-23T00:26:06.678+0800: 15.335: [CMS-concurrent-reset-start]
2024-07-23T00:26:06.679+0800: 15.335: [CMS-concurrent-reset: 0.000/0.000 secs] [Times: user=0.00 sys=0.00, real=0.00 secs] 
{Heap before GC invocations=340 (full 677):
 par new generation   total 157248K, used 0K [0x00000000e0000000, 0x00000000eaaa0000, 0x00000000eaaa0000)
  eden space 139776K,   0% used [0x00000000e0000000, 0x00000000e0000000, 0x00000000e8880000)
  from space 17472K,   0% used [0x00000000e8880000, 0x00000000e8880000, 0x00000000e9990000)
  to   space 17472K,   0% used [0x00000000e9990000, 0x00000000e9990000, 0x00000000eaaa0000)
 concurrent mark-sweep generation total 349568K, used 205856K [0x00000000eaaa0000, 0x0000000100000000, 0x0000000100000000)
 Metaspace       used 3957K, capacity 4568K, committed 4864K, reserved 1056768K
  class space    used 431K, capacity 460K, committed 512K, reserved 1048576K
2024-07-23T00:26:06.700+0800: 15.357: [GC (Allocation Failure) 2024-07-23T00:26:06.700+0800: 15.357: [ParNew
Desired survivor size 8945664 bytes, new threshold 6 (max 6)
: 0K->0K(157248K), 0.0017223 secs]2024-07-23T00:26:06.702+0800: 15.358: [CMS: 205856K->1056K(349568K), 0.0039284 secs] 205856K->1056K(506816K), [Metaspace: 3957K->3957K(1056768K)], 0.0057954 secs] [Times: user=0.00 sys=0.00, real=0.00 secs] 
Heap after GC invocations=341 (full 678):
 par new generation   total 157248K, used 0K [0x00000000e0000000, 0x00000000eaaa0000, 0x00000000eaaa0000)
  eden space 139776K,   0% used [0x00000000e0000000, 0x00000000e0000000, 0x00000000e8880000)
  from space 17472K,   0% used [0x00000000e9990000, 0x00000000e9990000, 0x00000000eaaa0000)
  to   space 17472K,   0% used [0x00000000e8880000, 0x00000000e8880000, 0x00000000e9990000)
 concurrent mark-sweep generation total 349568K, used 1056K [0x00000000eaaa0000, 0x0000000100000000, 0x0000000100000000)
 Metaspace       used 3957K, capacity 4568K, committed 4864K, reserved 1056768K
  class space    used 431K, capacity 460K, committed 512K, reserved 1048576K
}
2024-07-23T00:26:06.705+0800: 15.363: Total time for which application threads were stopped: 0.0060055 seconds, Stopping threads took: 0.0000669 seconds
2024-07-23T00:26:06.722+0800: 15.380: [GC (CMS Initial Mark) [1 CMS-initial-mark: 205856K(349568K)] 205856K(506816K), 0.0003779 secs] [Times: user=0.00 sys=0.00, real=0.00 secs] 
2024-07-23T00:26:06.723+0800: 15.380: Total time for which application threads were stopped: 0.0176691 seconds, Stopping threads took: 0.0172304 seconds
2024-07-23T00:26:06.723+0800: 15.380: [CMS-concurrent-mark-start]
2024-07-23T00:26:06.724+0800: 15.382: [CMS-concurrent-mark: 0.001/0.001 secs] [Times: user=0.00 sys=0.00, real=0.00 secs] 
2024-07-23T00:26:06.724+0800: 15.382: [CMS-concurrent-preclean-start]
2024-07-23T00:26:06.724+0800: 15.382: [CMS-concurrent-preclean: 0.000/0.000 secs] [Times: user=0.00 sys=0.00, real=0.00 secs] 
2024-07-23T00:26:06.725+0800: 15.382: [GC (CMS Final Remark) [YG occupancy: 0 K (157248 K)]2024-07-23T00:26:06.725+0800: 15.382: [Rescan (parallel) , 0.0004353 secs]2024-07-23T00:26:06.725+0800: 15.383: [weak refs processing, 0.0000083 secs]2024-07-23T00:26:06.725+0800: 15.383: [class unloading, 0.0001963 secs]2024-07-23T00:26:06.725+0800: 15.383: [scrub symbol table, 0.0003135 secs]2024-07-23T00:26:06.726+0800: 15.383: [scrub string table, 0.0000974 secs][1 CMS-remark: 205856K(349568K)] 205856K(506816K), 0.0010892 secs] [Times: user=0.00 sys=0.00, real=0.00 secs] 
2024-07-23T00:26:06.726+0800: 15.383: Total time for which application threads were stopped: 0.0011236 seconds, Stopping threads took: 0.0000123 seconds
2024-07-23T00:26:06.726+0800: 15.383: [CMS-concurrent-sweep-start]
2024-07-23T00:26:06.726+0800: 15.384: [CMS-concurrent-sweep: 0.000/0.000 secs] [Times: user=0.00 sys=0.00, real=0.00 secs] 
2024-07-23T00:26:06.726+0800: 15.384: [CMS-concurrent-reset-start]
2024-07-23T00:26:06.726+0800: 15.384: [CMS-concurrent-reset: 0.000/0.000 secs] [Times: user=0.00 sys=0.00, real=0.00 secs] 
{Heap before GC invocations=341 (full 679):
 par new generation   total 157248K, used 0K [0x00000000e0000000, 0x00000000eaaa0000, 0x00000000eaaa0000)
  eden space 139776K,   0% used [0x00000000e0000000, 0x00000000e0000000, 0x00000000e8880000)
  from space 17472K,   0% used [0x00000000e9990000, 0x00000000e9990000, 0x00000000eaaa0000)
  to   space 17472K,   0% used [0x00000000e8880000, 0x00000000e8880000, 0x00000000e9990000)
 concurrent mark-sweep generation total 349568K, used 205856K [0x00000000eaaa0000, 0x0000000100000000, 0x0000000100000000)
 Metaspace       used 3957K, capacity 4568K, committed 4864K, reserved 1056768K
  class space    used 431K, capacity 460K, committed 512K, reserved 1048576K
2024-07-23T00:26:06.747+0800: 15.404: [GC (Allocation Failure) 2024-07-23T00:26:06.747+0800: 15.404: [ParNew
Desired survivor size 8945664 bytes, new threshold 6 (max 6)
: 0K->0K(157248K), 0.0023041 secs]2024-07-23T00:26:06.749+0800: 15.407: [CMS: 205856K->1056K(349568K), 0.0040726 secs] 205856K->1056K(506816K), [Metaspace: 3957K->3957K(1056768K)], 0.0065518 secs] [Times: user=0.00 sys=0.00, real=0.01 secs] 
Heap after GC invocations=342 (full 680):
 par new generation   total 157248K, used 0K [0x00000000e0000000, 0x00000000eaaa0000, 0x00000000eaaa0000)
  eden space 139776K,   0% used [0x00000000e0000000, 0x00000000e0000000, 0x00000000e8880000)
  from space 17472K,   0% used [0x00000000e8880000, 0x00000000e8880000, 0x00000000e9990000)
  to   space 17472K,   0% used [0x00000000e9990000, 0x00000000e9990000, 0x00000000eaaa0000)
 concurrent mark-sweep generation total 349568K, used 1056K [0x00000000eaaa0000, 0x0000000100000000, 0x0000000100000000)
 Metaspace       used 3957K, capacity 4568K, committed 4864K, reserved 1056768K
  class space    used 431K, capacity 460K, committed 512K, reserved 1048576K
}
2024-07-23T00:26:06.754+0800: 15.411: Total time for which application threads were stopped: 0.0067817 seconds, Stopping threads took: 0.0000422 seconds
2024-07-23T00:26:06.772+0800: 15.430: [GC (CMS Initial Mark) [1 CMS-initial-mark: 205856K(349568K)] 205856K(506816K), 0.0004471 secs] [Times: user=0.00 sys=0.00, real=0.00 secs] 
2024-07-23T00:26:06.773+0800: 15.430: Total time for which application threads were stopped: 0.0192339 seconds, Stopping threads took: 0.0187296 seconds
2024-07-23T00:26:06.773+0800: 15.430: [CMS-concurrent-mark-start]
2024-07-23T00:26:06.774+0800: 15.432: [CMS-concurrent-mark: 0.002/0.002 secs] [Times: user=0.00 sys=0.00, real=0.00 secs] 
2024-07-23T00:26:06.774+0800: 15.432: [CMS-concurrent-preclean-start]
2024-07-23T00:26:06.775+0800: 15.432: [CMS-concurrent-preclean: 0.000/0.000 secs] [Times: user=0.00 sys=0.00, real=0.00 secs] 
2024-07-23T00:26:06.775+0800: 15.432: [GC (CMS Final Remark) [YG occupancy: 0 K (157248 K)]2024-07-23T00:26:06.775+0800: 15.432: [Rescan (parallel) , 0.0003262 secs]2024-07-23T00:26:06.775+0800: 15.433: [weak refs processing, 0.0000077 secs]2024-07-23T00:26:06.775+0800: 15.433: [class unloading, 0.0002087 secs]2024-07-23T00:26:06.775+0800: 15.433: [scrub symbol table, 0.0003412 secs]2024-07-23T00:26:06.776+0800: 15.433: [scrub string table, 0.0000976 secs][1 CMS-remark: 205856K(349568K)] 205856K(506816K), 0.0010144 secs] [Times: user=0.00 sys=0.00, real=0.00 secs] 
2024-07-23T00:26:06.776+0800: 15.433: Total time for which application threads were stopped: 0.0010492 seconds, Stopping threads took: 0.0000123 seconds
2024-07-23T00:26:06.776+0800: 15.433: [CMS-concurrent-sweep-start]
2024-07-23T00:26:06.776+0800: 15.433: [CMS-concurrent-sweep: 0.000/0.000 secs] [Times: user=0.00 sys=0.00, real=0.00 secs] 
2024-07-23T00:26:06.776+0800: 15.433: [CMS-concurrent-reset-start]
2024-07-23T00:26:06.776+0800: 15.434: [CMS-concurrent-reset: 0.000/0.000 secs] [Times: user=0.00 sys=0.00, real=0.00 secs] 
{Heap before GC invocations=342 (full 681):
 par new generation   total 157248K, used 0K [0x00000000e0000000, 0x00000000eaaa0000, 0x00000000eaaa0000)
  eden space 139776K,   0% used [0x00000000e0000000, 0x00000000e0000000, 0x00000000e8880000)
  from space 17472K,   0% used [0x00000000e8880000, 0x00000000e8880000, 0x00000000e9990000)
  to   space 17472K,   0% used [0x00000000e9990000, 0x00000000e9990000, 0x00000000eaaa0000)
 concurrent mark-sweep generation total 349568K, used 205856K [0x00000000eaaa0000, 0x0000000100000000, 0x0000000100000000)
 Metaspace       used 3957K, capacity 4568K, committed 4864K, reserved 1056768K
  class space    used 431K, capacity 460K, committed 512K, reserved 1048576K
2024-07-23T00:26:06.794+0800: 15.451: [GC (Allocation Failure) 2024-07-23T00:26:06.794+0800: 15.451: [ParNew
Desired survivor size 8945664 bytes, new threshold 6 (max 6)
: 0K->0K(157248K), 0.0019484 secs]2024-07-23T00:26:06.796+0800: 15.453: [CMS: 205856K->1056K(349568K), 0.0043921 secs] 205856K->1056K(506816K), [Metaspace: 3957K->3957K(1056768K)], 0.0065111 secs] [Times: user=0.00 sys=0.00, real=0.01 secs] 
Heap after GC invocations=343 (full 682):
 par new generation   total 157248K, used 0K [0x00000000e0000000, 0x00000000eaaa0000, 0x00000000eaaa0000)
  eden space 139776K,   0% used [0x00000000e0000000, 0x00000000e0000000, 0x00000000e8880000)
  from space 17472K,   0% used [0x00000000e9990000, 0x00000000e9990000, 0x00000000eaaa0000)
  to   space 17472K,   0% used [0x00000000e8880000, 0x00000000e8880000, 0x00000000e9990000)
 concurrent mark-sweep generation total 349568K, used 1056K [0x00000000eaaa0000, 0x0000000100000000, 0x0000000100000000)
 Metaspace       used 3957K, capacity 4568K, committed 4864K, reserved 1056768K
  class space    used 431K, capacity 460K, committed 512K, reserved 1048576K
}
2024-07-23T00:26:06.800+0800: 15.457: Total time for which application threads were stopped: 0.0067398 seconds, Stopping threads took: 0.0000448 seconds
2024-07-23T00:26:06.818+0800: 15.474: [GC (CMS Initial Mark) [1 CMS-initial-mark: 205856K(349568K)] 205856K(506816K), 0.0002053 secs] [Times: user=0.00 sys=0.00, real=0.00 secs] 
2024-07-23T00:26:06.818+0800: 15.475: Total time for which application threads were stopped: 0.0173623 seconds, Stopping threads took: 0.0170927 seconds
2024-07-23T00:26:06.818+0800: 15.475: [CMS-concurrent-mark-start]
2024-07-23T00:26:06.819+0800: 15.476: [CMS-concurrent-mark: 0.002/0.002 secs] [Times: user=0.00 sys=0.00, real=0.00 secs] 
2024-07-23T00:26:06.819+0800: 15.476: [CMS-concurrent-preclean-start]
2024-07-23T00:26:06.819+0800: 15.476: [CMS-concurrent-preclean: 0.000/0.000 secs] [Times: user=0.00 sys=0.00, real=0.00 secs] 
2024-07-23T00:26:06.819+0800: 15.476: [GC (CMS Final Remark) [YG occupancy: 0 K (157248 K)]2024-07-23T00:26:06.819+0800: 15.476: [Rescan (parallel) , 0.0003729 secs]2024-07-23T00:26:06.820+0800: 15.477: [weak refs processing, 0.0000090 secs]2024-07-23T00:26:06.820+0800: 15.477: [class unloading, 0.0002073 secs]2024-07-23T00:26:06.820+0800: 15.477: [scrub symbol table, 0.0003454 secs]2024-07-23T00:26:06.820+0800: 15.477: [scrub string table, 0.0001034 secs][1 CMS-remark: 205856K(349568K)] 205856K(506816K), 0.0010779 secs] [Times: user=0.00 sys=0.00, real=0.00 secs] 
2024-07-23T00:26:06.821+0800: 15.478: Total time for which application threads were stopped: 0.0011250 seconds, Stopping threads took: 0.0000118 seconds
2024-07-23T00:26:06.821+0800: 15.478: [CMS-concurrent-sweep-start]
2024-07-23T00:26:06.821+0800: 15.478: [CMS-concurrent-sweep: 0.000/0.000 secs] [Times: user=0.00 sys=0.00, real=0.00 secs] 
2024-07-23T00:26:06.821+0800: 15.478: [CMS-concurrent-reset-start]
2024-07-23T00:26:06.821+0800: 15.478: [CMS-concurrent-reset: 0.000/0.000 secs] [Times: user=0.00 sys=0.00, real=0.00 secs] 
{Heap before GC invocations=343 (full 683):
 par new generation   total 157248K, used 0K [0x00000000e0000000, 0x00000000eaaa0000, 0x00000000eaaa0000)
  eden space 139776K,   0% used [0x00000000e0000000, 0x00000000e0000000, 0x00000000e8880000)
  from space 17472K,   0% used [0x00000000e9990000, 0x00000000e9990000, 0x00000000eaaa0000)
  to   space 17472K,   0% used [0x00000000e8880000, 0x00000000e8880000, 0x00000000e9990000)
 concurrent mark-sweep generation total 349568K, used 205856K [0x00000000eaaa0000, 0x0000000100000000, 0x0000000100000000)
 Metaspace       used 3957K, capacity 4568K, committed 4864K, reserved 1056768K
  class space    used 431K, capacity 460K, committed 512K, reserved 1048576K
2024-07-23T00:26:06.840+0800: 15.497: [GC (Allocation Failure) 2024-07-23T00:26:06.840+0800: 15.497: [ParNew
Desired survivor size 8945664 bytes, new threshold 6 (max 6)
: 0K->0K(157248K), 0.0019804 secs]2024-07-23T00:26:06.841+0800: 15.499: [CMS: 205856K->1056K(349568K), 0.0062992 secs] 205856K->1056K(506816K), [Metaspace: 3957K->3957K(1056768K)], 0.0085538 secs] [Times: user=0.02 sys=0.00, real=0.01 secs] 
Heap after GC invocations=344 (full 684):
 par new generation   total 157248K, used 0K [0x00000000e0000000, 0x00000000eaaa0000, 0x00000000eaaa0000)
  eden space 139776K,   0% used [0x00000000e0000000, 0x00000000e0000000, 0x00000000e8880000)
  from space 17472K,   0% used [0x00000000e8880000, 0x00000000e8880000, 0x00000000e9990000)
  to   space 17472K,   0% used [0x00000000e9990000, 0x00000000e9990000, 0x00000000eaaa0000)
 concurrent mark-sweep generation total 349568K, used 1056K [0x00000000eaaa0000, 0x0000000100000000, 0x0000000100000000)
 Metaspace       used 3957K, capacity 4568K, committed 4864K, reserved 1056768K
  class space    used 431K, capacity 460K, committed 512K, reserved 1048576K
}
2024-07-23T00:26:06.848+0800: 15.505: Total time for which application threads were stopped: 0.0087648 seconds, Stopping threads took: 0.0000319 seconds
2024-07-23T00:26:06.867+0800: 15.524: [GC (CMS Initial Mark) [1 CMS-initial-mark: 205856K(349568K)] 205856K(506816K), 0.0005985 secs] [Times: user=0.00 sys=0.00, real=0.00 secs] 
2024-07-23T00:26:06.868+0800: 15.525: Total time for which application threads were stopped: 0.0191329 seconds, Stopping threads took: 0.0184673 seconds
2024-07-23T00:26:06.868+0800: 15.525: [CMS-concurrent-mark-start]
2024-07-23T00:26:06.869+0800: 15.526: [CMS-concurrent-mark: 0.001/0.001 secs] [Times: user=0.00 sys=0.00, real=0.00 secs] 
2024-07-23T00:26:06.869+0800: 15.526: [CMS-concurrent-preclean-start]
2024-07-23T00:26:06.870+0800: 15.526: [CMS-concurrent-preclean: 0.000/0.000 secs] [Times: user=0.00 sys=0.00, real=0.00 secs] 
2024-07-23T00:26:06.870+0800: 15.526: [GC (CMS Final Remark) [YG occupancy: 0 K (157248 K)]2024-07-23T00:26:06.870+0800: 15.526: [Rescan (parallel) , 0.0005510 secs]2024-07-23T00:26:06.870+0800: 15.527: [weak refs processing, 0.0000064 secs]2024-07-23T00:26:06.870+0800: 15.527: [class unloading, 0.0001980 secs]2024-07-23T00:26:06.870+0800: 15.527: [scrub symbol table, 0.0004143 secs]2024-07-23T00:26:06.871+0800: 15.528: [scrub string table, 0.0001340 secs][1 CMS-remark: 205856K(349568K)] 205856K(506816K), 0.0013392 secs] [Times: user=0.00 sys=0.00, real=0.00 secs] 
2024-07-23T00:26:06.871+0800: 15.528: Total time for which application threads were stopped: 0.0013752 seconds, Stopping threads took: 0.0000131 seconds
2024-07-23T00:26:06.871+0800: 15.528: [CMS-concurrent-sweep-start]
2024-07-23T00:26:06.871+0800: 15.528: [CMS-concurrent-sweep: 0.000/0.000 secs] [Times: user=0.00 sys=0.00, real=0.00 secs] 
2024-07-23T00:26:06.871+0800: 15.528: [CMS-concurrent-reset-start]
2024-07-23T00:26:06.872+0800: 15.529: [CMS-concurrent-reset: 0.001/0.001 secs] [Times: user=0.00 sys=0.00, real=0.00 secs] 
{Heap before GC invocations=344 (full 685):
 par new generation   total 157248K, used 0K [0x00000000e0000000, 0x00000000eaaa0000, 0x00000000eaaa0000)
  eden space 139776K,   0% used [0x00000000e0000000, 0x00000000e0000000, 0x00000000e8880000)
  from space 17472K,   0% used [0x00000000e8880000, 0x00000000e8880000, 0x00000000e9990000)
  to   space 17472K,   0% used [0x00000000e9990000, 0x00000000e9990000, 0x00000000eaaa0000)
 concurrent mark-sweep generation total 349568K, used 205856K [0x00000000eaaa0000, 0x0000000100000000, 0x0000000100000000)
 Metaspace       used 3957K, capacity 4568K, committed 4864K, reserved 1056768K
  class space    used 431K, capacity 460K, committed 512K, reserved 1048576K
2024-07-23T00:26:06.887+0800: 15.544: [GC (Allocation Failure) 2024-07-23T00:26:06.887+0800: 15.544: [ParNew
Desired survivor size 8945664 bytes, new threshold 6 (max 6)
: 0K->0K(157248K), 0.0005852 secs]2024-07-23T00:26:06.887+0800: 15.544: [CMS: 205856K->1056K(349568K), 0.0029847 secs] 205856K->1056K(506816K), [Metaspace: 3957K->3957K(1056768K)], 0.0036562 secs] [Times: user=0.00 sys=0.00, real=0.00 secs] 
Heap after GC invocations=345 (full 686):
 par new generation   total 157248K, used 0K [0x00000000e0000000, 0x00000000eaaa0000, 0x00000000eaaa0000)
  eden space 139776K,   0% used [0x00000000e0000000, 0x00000000e0000000, 0x00000000e8880000)
  from space 17472K,   0% used [0x00000000e9990000, 0x00000000e9990000, 0x00000000eaaa0000)
  to   space 17472K,   0% used [0x00000000e8880000, 0x00000000e8880000, 0x00000000e9990000)
 concurrent mark-sweep generation total 349568K, used 1056K [0x00000000eaaa0000, 0x0000000100000000, 0x0000000100000000)
 Metaspace       used 3957K, capacity 4568K, committed 4864K, reserved 1056768K
  class space    used 431K, capacity 460K, committed 512K, reserved 1048576K
}
2024-07-23T00:26:06.890+0800: 15.547: Total time for which application threads were stopped: 0.0037589 seconds, Stopping threads took: 0.0000176 seconds
2024-07-23T00:26:06.907+0800: 15.564: [GC (CMS Initial Mark) [1 CMS-initial-mark: 205856K(349568K)] 205856K(506816K), 0.0002704 secs] [Times: user=0.00 sys=0.00, real=0.00 secs] 
2024-07-23T00:26:06.907+0800: 15.565: Total time for which application threads were stopped: 0.0170914 seconds, Stopping threads took: 0.0167670 seconds
2024-07-23T00:26:06.908+0800: 15.565: [CMS-concurrent-mark-start]
2024-07-23T00:26:06.909+0800: 15.566: [CMS-concurrent-mark: 0.001/0.001 secs] [Times: user=0.00 sys=0.00, real=0.00 secs] 
2024-07-23T00:26:06.909+0800: 15.566: [CMS-concurrent-preclean-start]
2024-07-23T00:26:06.909+0800: 15.566: [CMS-concurrent-preclean: 0.000/0.000 secs] [Times: user=0.00 sys=0.00, real=0.00 secs] 
2024-07-23T00:26:06.909+0800: 15.566: [GC (CMS Final Remark) [YG occupancy: 0 K (157248 K)]2024-07-23T00:26:06.909+0800: 15.566: [Rescan (parallel) , 0.0004286 secs]2024-07-23T00:26:06.910+0800: 15.567: [weak refs processing, 0.0000070 secs]2024-07-23T00:26:06.910+0800: 15.567: [class unloading, 0.0001913 secs]2024-07-23T00:26:06.910+0800: 15.567: [scrub symbol table, 0.0003164 secs]2024-07-23T00:26:06.910+0800: 15.567: [scrub string table, 0.0000855 secs][1 CMS-remark: 205856K(349568K)] 205856K(506816K), 0.0010587 secs] [Times: user=0.00 sys=0.00, real=0.00 secs] 
2024-07-23T00:26:06.910+0800: 15.568: Total time for which application threads were stopped: 0.0010923 seconds, Stopping threads took: 0.0000115 seconds
2024-07-23T00:26:06.910+0800: 15.568: [CMS-concurrent-sweep-start]
2024-07-23T00:26:06.911+0800: 15.568: [CMS-concurrent-sweep: 0.000/0.000 secs] [Times: user=0.00 sys=0.00, real=0.00 secs] 
2024-07-23T00:26:06.911+0800: 15.568: [CMS-concurrent-reset-start]
2024-07-23T00:26:06.911+0800: 15.568: [CMS-concurrent-reset: 0.000/0.000 secs] [Times: user=0.00 sys=0.00, real=0.00 secs] 
{Heap before GC invocations=345 (full 687):
 par new generation   total 157248K, used 0K [0x00000000e0000000, 0x00000000eaaa0000, 0x00000000eaaa0000)
  eden space 139776K,   0% used [0x00000000e0000000, 0x00000000e0000000, 0x00000000e8880000)
  from space 17472K,   0% used [0x00000000e9990000, 0x00000000e9990000, 0x00000000eaaa0000)
  to   space 17472K,   0% used [0x00000000e8880000, 0x00000000e8880000, 0x00000000e9990000)
 concurrent mark-sweep generation total 349568K, used 205856K [0x00000000eaaa0000, 0x0000000100000000, 0x0000000100000000)
 Metaspace       used 3957K, capacity 4568K, committed 4864K, reserved 1056768K
  class space    used 431K, capacity 460K, committed 512K, reserved 1048576K
2024-07-23T00:26:06.918+0800: 15.575: [GC (Allocation Failure) 2024-07-23T00:26:06.918+0800: 15.575: [ParNew
Desired survivor size 8945664 bytes, new threshold 6 (max 6)
: 0K->0K(157248K), 0.0007341 secs]2024-07-23T00:26:06.919+0800: 15.576: [CMS: 205856K->1056K(349568K), 0.0023873 secs] 205856K->1056K(506816K), [Metaspace: 3957K->3957K(1056768K)], 0.0032163 secs] [Times: user=0.02 sys=0.00, real=0.00 secs] 
Heap after GC invocations=346 (full 688):
 par new generation   total 157248K, used 0K [0x00000000e0000000, 0x00000000eaaa0000, 0x00000000eaaa0000)
  eden space 139776K,   0% used [0x00000000e0000000, 0x00000000e0000000, 0x00000000e8880000)
  from space 17472K,   0% used [0x00000000e8880000, 0x00000000e8880000, 0x00000000e9990000)
  to   space 17472K,   0% used [0x00000000e9990000, 0x00000000e9990000, 0x00000000eaaa0000)
 concurrent mark-sweep generation total 349568K, used 1056K [0x00000000eaaa0000, 0x0000000100000000, 0x0000000100000000)
 Metaspace       used 3957K, capacity 4568K, committed 4864K, reserved 1056768K
  class space    used 431K, capacity 460K, committed 512K, reserved 1048576K
}
2024-07-23T00:26:06.921+0800: 15.578: Total time for which application threads were stopped: 0.0033335 seconds, Stopping threads took: 0.0000344 seconds
2024-07-23T00:26:06.938+0800: 15.595: [GC (CMS Initial Mark) [1 CMS-initial-mark: 205856K(349568K)] 205856K(506816K), 0.0003516 secs] [Times: user=0.00 sys=0.00, real=0.00 secs] 
2024-07-23T00:26:06.938+0800: 15.595: Total time for which application threads were stopped: 0.0172750 seconds, Stopping threads took: 0.0168689 seconds
2024-07-23T00:26:06.938+0800: 15.596: [CMS-concurrent-mark-start]
2024-07-23T00:26:06.940+0800: 15.597: [CMS-concurrent-mark: 0.001/0.001 secs] [Times: user=0.00 sys=0.00, real=0.00 secs] 
2024-07-23T00:26:06.940+0800: 15.597: [CMS-concurrent-preclean-start]
2024-07-23T00:26:06.940+0800: 15.597: [CMS-concurrent-preclean: 0.000/0.000 secs] [Times: user=0.00 sys=0.00, real=0.00 secs] 
2024-07-23T00:26:06.940+0800: 15.597: [GC (CMS Final Remark) [YG occupancy: 0 K (157248 K)]2024-07-23T00:26:06.940+0800: 15.597: [Rescan (parallel) , 0.0004695 secs]2024-07-23T00:26:06.941+0800: 15.598: [weak refs processing, 0.0000093 secs]2024-07-23T00:26:06.941+0800: 15.598: [class unloading, 0.0001858 secs]2024-07-23T00:26:06.941+0800: 15.598: [scrub symbol table, 0.0002972 secs]2024-07-23T00:26:06.941+0800: 15.598: [scrub string table, 0.0000832 secs][1 CMS-remark: 205856K(349568K)] 205856K(506816K), 0.0010814 secs] [Times: user=0.00 sys=0.00, real=0.00 secs] 
2024-07-23T00:26:06.942+0800: 15.598: Total time for which application threads were stopped: 0.0011184 seconds, Stopping threads took: 0.0000136 seconds
2024-07-23T00:26:06.942+0800: 15.598: [CMS-concurrent-sweep-start]
2024-07-23T00:26:06.942+0800: 15.599: [CMS-concurrent-sweep: 0.000/0.000 secs] [Times: user=0.00 sys=0.00, real=0.00 secs] 
2024-07-23T00:26:06.942+0800: 15.599: [CMS-concurrent-reset-start]
2024-07-23T00:26:06.942+0800: 15.599: [CMS-concurrent-reset: 0.000/0.000 secs] [Times: user=0.00 sys=0.00, real=0.00 secs] 
{Heap before GC invocations=346 (full 689):
 par new generation   total 157248K, used 0K [0x00000000e0000000, 0x00000000eaaa0000, 0x00000000eaaa0000)
  eden space 139776K,   0% used [0x00000000e0000000, 0x00000000e0000000, 0x00000000e8880000)
  from space 17472K,   0% used [0x00000000e8880000, 0x00000000e8880000, 0x00000000e9990000)
  to   space 17472K,   0% used [0x00000000e9990000, 0x00000000e9990000, 0x00000000eaaa0000)
 concurrent mark-sweep generation total 349568K, used 205856K [0x00000000eaaa0000, 0x0000000100000000, 0x0000000100000000)
 Metaspace       used 3957K, capacity 4568K, committed 4864K, reserved 1056768K
  class space    used 431K, capacity 460K, committed 512K, reserved 1048576K
2024-07-23T00:26:06.949+0800: 15.606: [GC (Allocation Failure) 2024-07-23T00:26:06.949+0800: 15.606: [ParNew
Desired survivor size 8945664 bytes, new threshold 6 (max 6)
: 0K->0K(157248K), 0.0006366 secs]2024-07-23T00:26:06.950+0800: 15.607: [CMS: 205856K->1056K(349568K), 0.0022004 secs] 205856K->1056K(506816K), [Metaspace: 3957K->3957K(1056768K)], 0.0028974 secs] [Times: user=0.00 sys=0.00, real=0.00 secs] 
Heap after GC invocations=347 (full 690):
 par new generation   total 157248K, used 0K [0x00000000e0000000, 0x00000000eaaa0000, 0x00000000eaaa0000)
  eden space 139776K,   0% used [0x00000000e0000000, 0x00000000e0000000, 0x00000000e8880000)
  from space 17472K,   0% used [0x00000000e9990000, 0x00000000e9990000, 0x00000000eaaa0000)
  to   space 17472K,   0% used [0x00000000e8880000, 0x00000000e8880000, 0x00000000e9990000)
 concurrent mark-sweep generation total 349568K, used 1056K [0x00000000eaaa0000, 0x0000000100000000, 0x0000000100000000)
 Metaspace       used 3957K, capacity 4568K, committed 4864K, reserved 1056768K
  class space    used 431K, capacity 460K, committed 512K, reserved 1048576K
}
2024-07-23T00:26:06.952+0800: 15.609: Total time for which application threads were stopped: 0.0029988 seconds, Stopping threads took: 0.0000189 seconds
2024-07-23T00:26:06.969+0800: 15.626: [GC (CMS Initial Mark) [1 CMS-initial-mark: 205856K(349568K)] 205856K(506816K), 0.0003719 secs] [Times: user=0.00 sys=0.00, real=0.00 secs] 
2024-07-23T00:26:06.969+0800: 15.627: Total time for which application threads were stopped: 0.0174658 seconds, Stopping threads took: 0.0170043 seconds
2024-07-23T00:26:06.970+0800: 15.627: [CMS-concurrent-mark-start]
2024-07-23T00:26:06.971+0800: 15.628: [CMS-concurrent-mark: 0.001/0.001 secs] [Times: user=0.00 sys=0.00, real=0.00 secs] 
2024-07-23T00:26:06.971+0800: 15.628: [CMS-concurrent-preclean-start]
2024-07-23T00:26:06.971+0800: 15.628: [CMS-concurrent-preclean: 0.000/0.000 secs] [Times: user=0.00 sys=0.00, real=0.00 secs] 
2024-07-23T00:26:06.971+0800: 15.629: [GC (CMS Final Remark) [YG occupancy: 0 K (157248 K)]2024-07-23T00:26:06.971+0800: 15.629: [Rescan (parallel) , 0.0003147 secs]2024-07-23T00:26:06.972+0800: 15.629: [weak refs processing, 0.0000063 secs]2024-07-23T00:26:06.972+0800: 15.629: [class unloading, 0.0001877 secs]2024-07-23T00:26:06.972+0800: 15.629: [scrub symbol table, 0.0002994 secs]2024-07-23T00:26:06.972+0800: 15.629: [scrub string table, 0.0000809 secs][1 CMS-remark: 205856K(349568K)] 205856K(506816K), 0.0009294 secs] [Times: user=0.00 sys=0.00, real=0.00 secs] 
2024-07-23T00:26:06.972+0800: 15.629: Total time for which application threads were stopped: 0.0009660 seconds, Stopping threads took: 0.0000135 seconds
2024-07-23T00:26:06.972+0800: 15.630: [CMS-concurrent-sweep-start]
2024-07-23T00:26:06.972+0800: 15.630: [CMS-concurrent-sweep: 0.000/0.000 secs] [Times: user=0.00 sys=0.00, real=0.00 secs] 
2024-07-23T00:26:06.972+0800: 15.630: [CMS-concurrent-reset-start]
2024-07-23T00:26:06.973+0800: 15.630: [CMS-concurrent-reset: 0.000/0.000 secs] [Times: user=0.00 sys=0.00, real=0.00 secs] 
{Heap before GC invocations=347 (full 691):
 par new generation   total 157248K, used 0K [0x00000000e0000000, 0x00000000eaaa0000, 0x00000000eaaa0000)
  eden space 139776K,   0% used [0x00000000e0000000, 0x00000000e0000000, 0x00000000e8880000)
  from space 17472K,   0% used [0x00000000e9990000, 0x00000000e9990000, 0x00000000eaaa0000)
  to   space 17472K,   0% used [0x00000000e8880000, 0x00000000e8880000, 0x00000000e9990000)
 concurrent mark-sweep generation total 349568K, used 205856K [0x00000000eaaa0000, 0x0000000100000000, 0x0000000100000000)
 Metaspace       used 3957K, capacity 4568K, committed 4864K, reserved 1056768K
  class space    used 431K, capacity 460K, committed 512K, reserved 1048576K
2024-07-23T00:26:06.981+0800: 15.638: [GC (Allocation Failure) 2024-07-23T00:26:06.981+0800: 15.638: [ParNew
Desired survivor size 8945664 bytes, new threshold 6 (max 6)
: 0K->0K(157248K), 0.0005739 secs]2024-07-23T00:26:06.982+0800: 15.639: [CMS: 205856K->1056K(349568K), 0.0030887 secs] 205856K->1056K(506816K), [Metaspace: 3957K->3957K(1056768K)], 0.0037737 secs] [Times: user=0.00 sys=0.00, real=0.00 secs] 
Heap after GC invocations=348 (full 692):
 par new generation   total 157248K, used 0K [0x00000000e0000000, 0x00000000eaaa0000, 0x00000000eaaa0000)
  eden space 139776K,   0% used [0x00000000e0000000, 0x00000000e0000000, 0x00000000e8880000)
  from space 17472K,   0% used [0x00000000e8880000, 0x00000000e8880000, 0x00000000e9990000)
  to   space 17472K,   0% used [0x00000000e9990000, 0x00000000e9990000, 0x00000000eaaa0000)
 concurrent mark-sweep generation total 349568K, used 1056K [0x00000000eaaa0000, 0x0000000100000000, 0x0000000100000000)
 Metaspace       used 3957K, capacity 4568K, committed 4864K, reserved 1056768K
  class space    used 431K, capacity 460K, committed 512K, reserved 1048576K
}
2024-07-23T00:26:06.985+0800: 15.642: Total time for which application threads were stopped: 0.0038891 seconds, Stopping threads took: 0.0000188 seconds
2024-07-23T00:26:07.001+0800: 15.659: [GC (CMS Initial Mark) [1 CMS-initial-mark: 205856K(349568K)] 205856K(506816K), 0.0017611 secs] [Times: user=0.00 sys=0.00, real=0.00 secs] 
2024-07-23T00:26:07.003+0800: 15.660: Total time for which application threads were stopped: 0.0182052 seconds, Stopping threads took: 0.0163607 seconds
2024-07-23T00:26:07.003+0800: 15.660: [CMS-concurrent-mark-start]
2024-07-23T00:26:07.005+0800: 15.662: [CMS-concurrent-mark: 0.001/0.001 secs] [Times: user=0.00 sys=0.00, real=0.00 secs] 
2024-07-23T00:26:07.005+0800: 15.662: [CMS-concurrent-preclean-start]
2024-07-23T00:26:07.005+0800: 15.662: [CMS-concurrent-preclean: 0.000/0.000 secs] [Times: user=0.00 sys=0.00, real=0.00 secs] 
2024-07-23T00:26:07.005+0800: 15.662: [GC (CMS Final Remark) [YG occupancy: 0 K (157248 K)]2024-07-23T00:26:07.005+0800: 15.662: [Rescan (parallel) , 0.0013699 secs]2024-07-23T00:26:07.007+0800: 15.664: [weak refs processing, 0.0000089 secs]2024-07-23T00:26:07.007+0800: 15.664: [class unloading, 0.0002022 secs]2024-07-23T00:26:07.007+0800: 15.664: [scrub symbol table, 0.0004061 secs]2024-07-23T00:26:07.007+0800: 15.664: [scrub string table, 0.0001274 secs][1 CMS-remark: 205856K(349568K)] 205856K(506816K), 0.0021611 secs] [Times: user=0.00 sys=0.00, real=0.00 secs] 
2024-07-23T00:26:07.008+0800: 15.665: Total time for which application threads were stopped: 0.0022081 seconds, Stopping threads took: 0.0000177 seconds
2024-07-23T00:26:07.008+0800: 15.665: [CMS-concurrent-sweep-start]
2024-07-23T00:26:07.008+0800: 15.665: [CMS-concurrent-sweep: 0.000/0.000 secs] [Times: user=0.00 sys=0.00, real=0.00 secs] 
2024-07-23T00:26:07.008+0800: 15.665: [CMS-concurrent-reset-start]
2024-07-23T00:26:07.008+0800: 15.665: [CMS-concurrent-reset: 0.000/0.000 secs] [Times: user=0.00 sys=0.00, real=0.00 secs] 
{Heap before GC invocations=348 (full 693):
 par new generation   total 157248K, used 0K [0x00000000e0000000, 0x00000000eaaa0000, 0x00000000eaaa0000)
  eden space 139776K,   0% used [0x00000000e0000000, 0x00000000e0000000, 0x00000000e8880000)
  from space 17472K,   0% used [0x00000000e8880000, 0x00000000e8880000, 0x00000000e9990000)
  to   space 17472K,   0% used [0x00000000e9990000, 0x00000000e9990000, 0x00000000eaaa0000)
 concurrent mark-sweep generation total 349568K, used 205856K [0x00000000eaaa0000, 0x0000000100000000, 0x0000000100000000)
 Metaspace       used 3957K, capacity 4568K, committed 4864K, reserved 1056768K
  class space    used 431K, capacity 460K, committed 512K, reserved 1048576K
2024-07-23T00:26:07.028+0800: 15.685: [GC (Allocation Failure) 2024-07-23T00:26:07.028+0800: 15.685: [ParNew
Desired survivor size 8945664 bytes, new threshold 6 (max 6)
: 0K->0K(157248K), 0.0020782 secs]2024-07-23T00:26:07.030+0800: 15.687: [CMS: 205856K->1056K(349568K), 0.0035195 secs] 205856K->1056K(506816K), [Metaspace: 3957K->3957K(1056768K)], 0.0057500 secs] [Times: user=0.00 sys=0.00, real=0.01 secs] 
Heap after GC invocations=349 (full 694):
 par new generation   total 157248K, used 0K [0x00000000e0000000, 0x00000000eaaa0000, 0x00000000eaaa0000)
  eden space 139776K,   0% used [0x00000000e0000000, 0x00000000e0000000, 0x00000000e8880000)
  from space 17472K,   0% used [0x00000000e9990000, 0x00000000e9990000, 0x00000000eaaa0000)
  to   space 17472K,   0% used [0x00000000e8880000, 0x00000000e8880000, 0x00000000e9990000)
 concurrent mark-sweep generation total 349568K, used 1056K [0x00000000eaaa0000, 0x0000000100000000, 0x0000000100000000)
 Metaspace       used 3957K, capacity 4568K, committed 4864K, reserved 1056768K
  class space    used 431K, capacity 460K, committed 512K, reserved 1048576K
}
2024-07-23T00:26:07.034+0800: 15.691: Total time for which application threads were stopped: 0.0059324 seconds, Stopping threads took: 0.0000613 seconds
2024-07-23T00:26:07.052+0800: 15.709: [GC (CMS Initial Mark) [1 CMS-initial-mark: 205856K(349568K)] 205856K(506816K), 0.0005967 secs] [Times: user=0.00 sys=0.00, real=0.00 secs] 
2024-07-23T00:26:07.052+0800: 15.709: Total time for which application threads were stopped: 0.0183747 seconds, Stopping threads took: 0.0177230 seconds
2024-07-23T00:26:07.053+0800: 15.709: [CMS-concurrent-mark-start]
2024-07-23T00:26:07.054+0800: 15.711: [CMS-concurrent-mark: 0.002/0.002 secs] [Times: user=0.00 sys=0.00, real=0.00 secs] 
2024-07-23T00:26:07.054+0800: 15.711: [CMS-concurrent-preclean-start]
2024-07-23T00:26:07.054+0800: 15.711: [CMS-concurrent-preclean: 0.000/0.000 secs] [Times: user=0.00 sys=0.00, real=0.00 secs] 
2024-07-23T00:26:07.054+0800: 15.711: [GC (CMS Final Remark) [YG occupancy: 0 K (157248 K)]2024-07-23T00:26:07.054+0800: 15.711: [Rescan (parallel) , 0.0004488 secs]2024-07-23T00:26:07.055+0800: 15.712: [weak refs processing, 0.0000084 secs]2024-07-23T00:26:07.055+0800: 15.712: [class unloading, 0.0002118 secs]2024-07-23T00:26:07.055+0800: 15.712: [scrub symbol table, 0.0003282 secs]2024-07-23T00:26:07.055+0800: 15.712: [scrub string table, 0.0001028 secs][1 CMS-remark: 205856K(349568K)] 205856K(506816K), 0.0011398 secs] [Times: user=0.00 sys=0.00, real=0.00 secs] 
2024-07-23T00:26:07.056+0800: 15.712: Total time for which application threads were stopped: 0.0011775 seconds, Stopping threads took: 0.0000136 seconds
2024-07-23T00:26:07.056+0800: 15.712: [CMS-concurrent-sweep-start]
2024-07-23T00:26:07.056+0800: 15.713: [CMS-concurrent-sweep: 0.000/0.000 secs] [Times: user=0.00 sys=0.00, real=0.00 secs] 
2024-07-23T00:26:07.056+0800: 15.713: [CMS-concurrent-reset-start]
2024-07-23T00:26:07.056+0800: 15.713: [CMS-concurrent-reset: 0.000/0.000 secs] [Times: user=0.00 sys=0.00, real=0.00 secs] 
{Heap before GC invocations=349 (full 695):
 par new generation   total 157248K, used 0K [0x00000000e0000000, 0x00000000eaaa0000, 0x00000000eaaa0000)
  eden space 139776K,   0% used [0x00000000e0000000, 0x00000000e0000000, 0x00000000e8880000)
  from space 17472K,   0% used [0x00000000e9990000, 0x00000000e9990000, 0x00000000eaaa0000)
  to   space 17472K,   0% used [0x00000000e8880000, 0x00000000e8880000, 0x00000000e9990000)
 concurrent mark-sweep generation total 349568K, used 205856K [0x00000000eaaa0000, 0x0000000100000000, 0x0000000100000000)
 Metaspace       used 3957K, capacity 4568K, committed 4864K, reserved 1056768K
  class space    used 431K, capacity 460K, committed 512K, reserved 1048576K
2024-07-23T00:26:07.074+0800: 15.731: [GC (Allocation Failure) 2024-07-23T00:26:07.074+0800: 15.731: [ParNew
Desired survivor size 8945664 bytes, new threshold 6 (max 6)
: 0K->0K(157248K), 0.0014219 secs]2024-07-23T00:26:07.075+0800: 15.732: [CMS: 205856K->1056K(349568K), 0.0041695 secs] 205856K->1056K(506816K), [Metaspace: 3957K->3957K(1056768K)], 0.0057613 secs] [Times: user=0.00 sys=0.00, real=0.01 secs] 
Heap after GC invocations=350 (full 696):
 par new generation   total 157248K, used 0K [0x00000000e0000000, 0x00000000eaaa0000, 0x00000000eaaa0000)
  eden space 139776K,   0% used [0x00000000e0000000, 0x00000000e0000000, 0x00000000e8880000)
  from space 17472K,   0% used [0x00000000e8880000, 0x00000000e8880000, 0x00000000e9990000)
  to   space 17472K,   0% used [0x00000000e9990000, 0x00000000e9990000, 0x00000000eaaa0000)
 concurrent mark-sweep generation total 349568K, used 1056K [0x00000000eaaa0000, 0x0000000100000000, 0x0000000100000000)
 Metaspace       used 3957K, capacity 4568K, committed 4864K, reserved 1056768K
  class space    used 431K, capacity 460K, committed 512K, reserved 1048576K
}
2024-07-23T00:26:07.079+0800: 15.736: Total time for which application threads were stopped: 0.0059792 seconds, Stopping threads took: 0.0000355 seconds
2024-07-23T00:26:07.096+0800: 15.753: [GC (CMS Initial Mark) [1 CMS-initial-mark: 205856K(349568K)] 205856K(506816K), 0.0003948 secs] [Times: user=0.00 sys=0.00, real=0.00 secs] 
2024-07-23T00:26:07.097+0800: 15.754: Total time for which application threads were stopped: 0.0173419 seconds, Stopping threads took: 0.0168933 seconds
2024-07-23T00:26:07.097+0800: 15.754: [CMS-concurrent-mark-start]
2024-07-23T00:26:07.098+0800: 15.755: [CMS-concurrent-mark: 0.002/0.002 secs] [Times: user=0.00 sys=0.00, real=0.00 secs] 
2024-07-23T00:26:07.098+0800: 15.755: [CMS-concurrent-preclean-start]
2024-07-23T00:26:07.099+0800: 15.756: [CMS-concurrent-preclean: 0.000/0.000 secs] [Times: user=0.00 sys=0.00, real=0.00 secs] 
2024-07-23T00:26:07.099+0800: 15.756: [GC (CMS Final Remark) [YG occupancy: 0 K (157248 K)]2024-07-23T00:26:07.099+0800: 15.756: [Rescan (parallel) , 0.0003279 secs]2024-07-23T00:26:07.099+0800: 15.756: [weak refs processing, 0.0000077 secs]2024-07-23T00:26:07.099+0800: 15.756: [class unloading, 0.0002046 secs]2024-07-23T00:26:07.099+0800: 15.756: [scrub symbol table, 0.0003569 secs]2024-07-23T00:26:07.100+0800: 15.757: [scrub string table, 0.0001036 secs][1 CMS-remark: 205856K(349568K)] 205856K(506816K), 0.0010440 secs] [Times: user=0.00 sys=0.00, real=0.00 secs] 
2024-07-23T00:26:07.100+0800: 15.757: Total time for which application threads were stopped: 0.0010947 seconds, Stopping threads took: 0.0000230 seconds
2024-07-23T00:26:07.100+0800: 15.757: [CMS-concurrent-sweep-start]
2024-07-23T00:26:07.100+0800: 15.757: [CMS-concurrent-sweep: 0.000/0.000 secs] [Times: user=0.00 sys=0.00, real=0.00 secs] 
2024-07-23T00:26:07.100+0800: 15.757: [CMS-concurrent-reset-start]
2024-07-23T00:26:07.100+0800: 15.757: [CMS-concurrent-reset: 0.000/0.000 secs] [Times: user=0.00 sys=0.00, real=0.00 secs] 
{Heap before GC invocations=350 (full 697):
 par new generation   total 157248K, used 0K [0x00000000e0000000, 0x00000000eaaa0000, 0x00000000eaaa0000)
  eden space 139776K,   0% used [0x00000000e0000000, 0x00000000e0000000, 0x00000000e8880000)
  from space 17472K,   0% used [0x00000000e8880000, 0x00000000e8880000, 0x00000000e9990000)
  to   space 17472K,   0% used [0x00000000e9990000, 0x00000000e9990000, 0x00000000eaaa0000)
 concurrent mark-sweep generation total 349568K, used 205856K [0x00000000eaaa0000, 0x0000000100000000, 0x0000000100000000)
 Metaspace       used 3957K, capacity 4568K, committed 4864K, reserved 1056768K
  class space    used 431K, capacity 460K, committed 512K, reserved 1048576K
2024-07-23T00:26:07.121+0800: 15.778: [GC (Allocation Failure) 2024-07-23T00:26:07.121+0800: 15.778: [ParNew
Desired survivor size 8945664 bytes, new threshold 6 (max 6)
: 0K->0K(157248K), 0.0008534 secs]2024-07-23T00:26:07.122+0800: 15.779: [CMS: 205856K->1056K(349568K), 0.0026773 secs] 205856K->1056K(506816K), [Metaspace: 3957K->3957K(1056768K)], 0.0036524 secs] [Times: user=0.00 sys=0.00, real=0.00 secs] 
Heap after GC invocations=351 (full 698):
 par new generation   total 157248K, used 0K [0x00000000e0000000, 0x00000000eaaa0000, 0x00000000eaaa0000)
  eden space 139776K,   0% used [0x00000000e0000000, 0x00000000e0000000, 0x00000000e8880000)
  from space 17472K,   0% used [0x00000000e9990000, 0x00000000e9990000, 0x00000000eaaa0000)
  to   space 17472K,   0% used [0x00000000e8880000, 0x00000000e8880000, 0x00000000e9990000)
 concurrent mark-sweep generation total 349568K, used 1056K [0x00000000eaaa0000, 0x0000000100000000, 0x0000000100000000)
 Metaspace       used 3957K, capacity 4568K, committed 4864K, reserved 1056768K
  class space    used 431K, capacity 460K, committed 512K, reserved 1048576K
}
2024-07-23T00:26:07.125+0800: 15.781: Total time for which application threads were stopped: 0.0038143 seconds, Stopping threads took: 0.0000340 seconds
2024-07-23T00:26:07.142+0800: 15.798: [GC (CMS Initial Mark) [1 CMS-initial-mark: 205856K(349568K)] 205856K(506816K), 0.0002464 secs] [Times: user=0.00 sys=0.00, real=0.00 secs] 
2024-07-23T00:26:07.142+0800: 15.799: Total time for which application threads were stopped: 0.0171874 seconds, Stopping threads took: 0.0168823 seconds
2024-07-23T00:26:07.142+0800: 15.799: [CMS-concurrent-mark-start]
2024-07-23T00:26:07.143+0800: 15.800: [CMS-concurrent-mark: 0.002/0.002 secs] [Times: user=0.00 sys=0.00, real=0.00 secs] 
2024-07-23T00:26:07.143+0800: 15.800: [CMS-concurrent-preclean-start]
2024-07-23T00:26:07.144+0800: 15.801: [CMS-concurrent-preclean: 0.000/0.000 secs] [Times: user=0.00 sys=0.00, real=0.00 secs] 
2024-07-23T00:26:07.144+0800: 15.801: [GC (CMS Final Remark) [YG occupancy: 0 K (157248 K)]2024-07-23T00:26:07.144+0800: 15.801: [Rescan (parallel) , 0.0002840 secs]2024-07-23T00:26:07.144+0800: 15.801: [weak refs processing, 0.0000090 secs]2024-07-23T00:26:07.144+0800: 15.801: [class unloading, 0.0002104 secs]2024-07-23T00:26:07.144+0800: 15.801: [scrub symbol table, 0.0003478 secs]2024-07-23T00:26:07.145+0800: 15.802: [scrub string table, 0.0000986 secs][1 CMS-remark: 205856K(349568K)] 205856K(506816K), 0.0009940 secs] [Times: user=0.00 sys=0.00, real=0.00 secs] 
2024-07-23T00:26:07.145+0800: 15.802: Total time for which application threads were stopped: 0.0010401 seconds, Stopping threads took: 0.0000188 seconds
2024-07-23T00:26:07.145+0800: 15.802: [CMS-concurrent-sweep-start]
2024-07-23T00:26:07.145+0800: 15.802: [CMS-concurrent-sweep: 0.000/0.000 secs] [Times: user=0.00 sys=0.00, real=0.00 secs] 
2024-07-23T00:26:07.145+0800: 15.802: [CMS-concurrent-reset-start]
2024-07-23T00:26:07.145+0800: 15.802: [CMS-concurrent-reset: 0.000/0.000 secs] [Times: user=0.00 sys=0.00, real=0.00 secs] 
{Heap before GC invocations=351 (full 699):
 par new generation   total 157248K, used 0K [0x00000000e0000000, 0x00000000eaaa0000, 0x00000000eaaa0000)
  eden space 139776K,   0% used [0x00000000e0000000, 0x00000000e0000000, 0x00000000e8880000)
  from space 17472K,   0% used [0x00000000e9990000, 0x00000000e9990000, 0x00000000eaaa0000)
  to   space 17472K,   0% used [0x00000000e8880000, 0x00000000e8880000, 0x00000000e9990000)
 concurrent mark-sweep generation total 349568K, used 205856K [0x00000000eaaa0000, 0x0000000100000000, 0x0000000100000000)
 Metaspace       used 3957K, capacity 4568K, committed 4864K, reserved 1056768K
  class space    used 431K, capacity 460K, committed 512K, reserved 1048576K
2024-07-23T00:26:07.152+0800: 15.809: [GC (Allocation Failure) 2024-07-23T00:26:07.152+0800: 15.809: [ParNew
Desired survivor size 8945664 bytes, new threshold 6 (max 6)
: 0K->0K(157248K), 0.0006623 secs]2024-07-23T00:26:07.152+0800: 15.810: [CMS: 205856K->1056K(349568K), 0.0021765 secs] 205856K->1056K(506816K), [Metaspace: 3957K->3957K(1056768K)], 0.0029131 secs] [Times: user=0.00 sys=0.00, real=0.00 secs] 
Heap after GC invocations=352 (full 700):
 par new generation   total 157248K, used 0K [0x00000000e0000000, 0x00000000eaaa0000, 0x00000000eaaa0000)
  eden space 139776K,   0% used [0x00000000e0000000, 0x00000000e0000000, 0x00000000e8880000)
  from space 17472K,   0% used [0x00000000e8880000, 0x00000000e8880000, 0x00000000e9990000)
  to   space 17472K,   0% used [0x00000000e9990000, 0x00000000e9990000, 0x00000000eaaa0000)
 concurrent mark-sweep generation total 349568K, used 1056K [0x00000000eaaa0000, 0x0000000100000000, 0x0000000100000000)
 Metaspace       used 3957K, capacity 4568K, committed 4864K, reserved 1056768K
  class space    used 431K, capacity 460K, committed 512K, reserved 1048576K
}
2024-07-23T00:26:07.154+0800: 15.812: Total time for which application threads were stopped: 0.0030129 seconds, Stopping threads took: 0.0000170 seconds
2024-07-23T00:26:07.173+0800: 15.829: [GC (CMS Initial Mark) [1 CMS-initial-mark: 205856K(349568K)] 205856K(506816K), 0.0006353 secs] [Times: user=0.00 sys=0.00, real=0.00 secs] 
2024-07-23T00:26:07.173+0800: 15.830: Total time for which application threads were stopped: 0.0181004 seconds, Stopping threads took: 0.0174093 seconds
2024-07-23T00:26:07.173+0800: 15.830: [CMS-concurrent-mark-start]
2024-07-23T00:26:07.174+0800: 15.832: [CMS-concurrent-mark: 0.002/0.002 secs] [Times: user=0.00 sys=0.00, real=0.00 secs] 
2024-07-23T00:26:07.174+0800: 15.832: [CMS-concurrent-preclean-start]
2024-07-23T00:26:07.174+0800: 15.832: [CMS-concurrent-preclean: 0.000/0.000 secs] [Times: user=0.00 sys=0.00, real=0.00 secs] 
2024-07-23T00:26:07.174+0800: 15.832: [GC (CMS Final Remark) [YG occupancy: 0 K (157248 K)]2024-07-23T00:26:07.174+0800: 15.832: [Rescan (parallel) , 0.0003466 secs]2024-07-23T00:26:07.175+0800: 15.832: [weak refs processing, 0.0000086 secs]2024-07-23T00:26:07.175+0800: 15.832: [class unloading, 0.0001959 secs]2024-07-23T00:26:07.175+0800: 15.833: [scrub symbol table, 0.0003267 secs]2024-07-23T00:26:07.175+0800: 15.833: [scrub string table, 0.0000960 secs][1 CMS-remark: 205856K(349568K)] 205856K(506816K), 0.0010185 secs] [Times: user=0.00 sys=0.00, real=0.00 secs] 
2024-07-23T00:26:07.175+0800: 15.833: Total time for which application threads were stopped: 0.0010580 seconds, Stopping threads took: 0.0000137 seconds
2024-07-23T00:26:07.176+0800: 15.833: [CMS-concurrent-sweep-start]
2024-07-23T00:26:07.176+0800: 15.833: [CMS-concurrent-sweep: 0.000/0.000 secs] [Times: user=0.00 sys=0.00, real=0.00 secs] 
2024-07-23T00:26:07.176+0800: 15.833: [CMS-concurrent-reset-start]
2024-07-23T00:26:07.176+0800: 15.834: [CMS-concurrent-reset: 0.000/0.000 secs] [Times: user=0.00 sys=0.00, real=0.00 secs] 
{Heap before GC invocations=352 (full 701):
 par new generation   total 157248K, used 0K [0x00000000e0000000, 0x00000000eaaa0000, 0x00000000eaaa0000)
  eden space 139776K,   0% used [0x00000000e0000000, 0x00000000e0000000, 0x00000000e8880000)
  from space 17472K,   0% used [0x00000000e8880000, 0x00000000e8880000, 0x00000000e9990000)
  to   space 17472K,   0% used [0x00000000e9990000, 0x00000000e9990000, 0x00000000eaaa0000)
 concurrent mark-sweep generation total 349568K, used 205856K [0x00000000eaaa0000, 0x0000000100000000, 0x0000000100000000)
 Metaspace       used 3957K, capacity 4568K, committed 4864K, reserved 1056768K
  class space    used 431K, capacity 460K, committed 512K, reserved 1048576K
2024-07-23T00:26:07.199+0800: 15.856: [GC (Allocation Failure) 2024-07-23T00:26:07.199+0800: 15.856: [ParNew
Desired survivor size 8945664 bytes, new threshold 6 (max 6)
: 0K->0K(157248K), 0.0022941 secs]2024-07-23T00:26:07.200+0800: 15.858: [CMS: 205856K->1056K(349568K), 0.0039928 secs] 205856K->1056K(506816K), [Metaspace: 3957K->3957K(1056768K)], 0.0064338 secs] [Times: user=0.03 sys=0.00, real=0.01 secs] 
Heap after GC invocations=353 (full 702):
 par new generation   total 157248K, used 0K [0x00000000e0000000, 0x00000000eaaa0000, 0x00000000eaaa0000)
  eden space 139776K,   0% used [0x00000000e0000000, 0x00000000e0000000, 0x00000000e8880000)
  from space 17472K,   0% used [0x00000000e9990000, 0x00000000e9990000, 0x00000000eaaa0000)
  to   space 17472K,   0% used [0x00000000e8880000, 0x00000000e8880000, 0x00000000e9990000)
 concurrent mark-sweep generation total 349568K, used 1056K [0x00000000eaaa0000, 0x0000000100000000, 0x0000000100000000)
 Metaspace       used 3957K, capacity 4568K, committed 4864K, reserved 1056768K
  class space    used 431K, capacity 460K, committed 512K, reserved 1048576K
}
2024-07-23T00:26:07.205+0800: 15.862: Total time for which application threads were stopped: 0.0066672 seconds, Stopping threads took: 0.0000365 seconds
2024-07-23T00:26:07.223+0800: 15.881: [GC (CMS Initial Mark) [1 CMS-initial-mark: 205856K(349568K)] 205856K(506816K), 0.0009248 secs] [Times: user=0.00 sys=0.00, real=0.00 secs] 
2024-07-23T00:26:07.224+0800: 15.882: Total time for which application threads were stopped: 0.0194896 seconds, Stopping threads took: 0.0184886 seconds
2024-07-23T00:26:07.224+0800: 15.882: [CMS-concurrent-mark-start]
2024-07-23T00:26:07.226+0800: 15.883: [CMS-concurrent-mark: 0.001/0.001 secs] [Times: user=0.00 sys=0.00, real=0.00 secs] 
2024-07-23T00:26:07.226+0800: 15.883: [CMS-concurrent-preclean-start]
2024-07-23T00:26:07.226+0800: 15.884: [CMS-concurrent-preclean: 0.000/0.000 secs] [Times: user=0.00 sys=0.00, real=0.00 secs] 
2024-07-23T00:26:07.226+0800: 15.884: [GC (CMS Final Remark) [YG occupancy: 0 K (157248 K)]2024-07-23T00:26:07.226+0800: 15.884: [Rescan (parallel) , 0.0007630 secs]2024-07-23T00:26:07.227+0800: 15.884: [weak refs processing, 0.0000082 secs]2024-07-23T00:26:07.227+0800: 15.884: [class unloading, 0.0001914 secs]2024-07-23T00:26:07.227+0800: 15.885: [scrub symbol table, 0.0003244 secs]2024-07-23T00:26:07.227+0800: 15.885: [scrub string table, 0.0000935 secs][1 CMS-remark: 205856K(349568K)] 205856K(506816K), 0.0014221 secs] [Times: user=0.00 sys=0.00, real=0.00 secs] 
2024-07-23T00:26:07.228+0800: 15.885: Total time for which application threads were stopped: 0.0014576 seconds, Stopping threads took: 0.0000127 seconds
2024-07-23T00:26:07.228+0800: 15.885: [CMS-concurrent-sweep-start]
2024-07-23T00:26:07.228+0800: 15.885: [CMS-concurrent-sweep: 0.000/0.000 secs] [Times: user=0.00 sys=0.00, real=0.00 secs] 
2024-07-23T00:26:07.228+0800: 15.885: [CMS-concurrent-reset-start]
2024-07-23T00:26:07.228+0800: 15.886: [CMS-concurrent-reset: 0.000/0.000 secs] [Times: user=0.00 sys=0.00, real=0.00 secs] 
{Heap before GC invocations=353 (full 703):
 par new generation   total 157248K, used 0K [0x00000000e0000000, 0x00000000eaaa0000, 0x00000000eaaa0000)
  eden space 139776K,   0% used [0x00000000e0000000, 0x00000000e0000000, 0x00000000e8880000)
  from space 17472K,   0% used [0x00000000e9990000, 0x00000000e9990000, 0x00000000eaaa0000)
  to   space 17472K,   0% used [0x00000000e8880000, 0x00000000e8880000, 0x00000000e9990000)
 concurrent mark-sweep generation total 349568K, used 205856K [0x00000000eaaa0000, 0x0000000100000000, 0x0000000100000000)
 Metaspace       used 3957K, capacity 4568K, committed 4864K, reserved 1056768K
  class space    used 431K, capacity 460K, committed 512K, reserved 1048576K
2024-07-23T00:26:07.246+0800: 15.903: [GC (Allocation Failure) 2024-07-23T00:26:07.246+0800: 15.903: [ParNew
Desired survivor size 8945664 bytes, new threshold 6 (max 6)
: 0K->0K(157248K), 0.0022667 secs]2024-07-23T00:26:07.248+0800: 15.905: [CMS: 205856K->1056K(349568K), 0.0036370 secs] 205856K->1056K(506816K), [Metaspace: 3957K->3957K(1056768K)], 0.0060788 secs] [Times: user=0.01 sys=0.02, real=0.00 secs] 
Heap after GC invocations=354 (full 704):
 par new generation   total 157248K, used 0K [0x00000000e0000000, 0x00000000eaaa0000, 0x00000000eaaa0000)
  eden space 139776K,   0% used [0x00000000e0000000, 0x00000000e0000000, 0x00000000e8880000)
  from space 17472K,   0% used [0x00000000e8880000, 0x00000000e8880000, 0x00000000e9990000)
  to   space 17472K,   0% used [0x00000000e9990000, 0x00000000e9990000, 0x00000000eaaa0000)
 concurrent mark-sweep generation total 349568K, used 1056K [0x00000000eaaa0000, 0x0000000100000000, 0x0000000100000000)
 Metaspace       used 3957K, capacity 4568K, committed 4864K, reserved 1056768K
  class space    used 431K, capacity 460K, committed 512K, reserved 1048576K
}
2024-07-23T00:26:07.251+0800: 15.909: Total time for which application threads were stopped: 0.0062647 seconds, Stopping threads took: 0.0000345 seconds
2024-07-23T00:26:07.269+0800: 15.926: [GC (CMS Initial Mark) [1 CMS-initial-mark: 205856K(349568K)] 205856K(506816K), 0.0008168 secs] [Times: user=0.00 sys=0.00, real=0.00 secs] 
2024-07-23T00:26:07.269+0800: 15.927: Total time for which application threads were stopped: 0.0176933 seconds, Stopping threads took: 0.0168164 seconds
2024-07-23T00:26:07.269+0800: 15.927: [CMS-concurrent-mark-start]
2024-07-23T00:26:07.271+0800: 15.928: [CMS-concurrent-mark: 0.001/0.001 secs] [Times: user=0.00 sys=0.00, real=0.00 secs] 
2024-07-23T00:26:07.271+0800: 15.928: [CMS-concurrent-preclean-start]
2024-07-23T00:26:07.271+0800: 15.928: [CMS-concurrent-preclean: 0.000/0.000 secs] [Times: user=0.00 sys=0.00, real=0.00 secs] 
2024-07-23T00:26:07.271+0800: 15.928: [GC (CMS Final Remark) [YG occupancy: 0 K (157248 K)]2024-07-23T00:26:07.271+0800: 15.928: [Rescan (parallel) , 0.0005554 secs]2024-07-23T00:26:07.272+0800: 15.929: [weak refs processing, 0.0000063 secs]2024-07-23T00:26:07.272+0800: 15.929: [class unloading, 0.0001964 secs]2024-07-23T00:26:07.272+0800: 15.929: [scrub symbol table, 0.0003213 secs]2024-07-23T00:26:07.272+0800: 15.930: [scrub string table, 0.0000941 secs][1 CMS-remark: 205856K(349568K)] 205856K(506816K), 0.0012054 secs] [Times: user=0.00 sys=0.00, real=0.00 secs] 
2024-07-23T00:26:07.272+0800: 15.930: Total time for which application threads were stopped: 0.0012501 seconds, Stopping threads took: 0.0000192 seconds
2024-07-23T00:26:07.272+0800: 15.930: [CMS-concurrent-sweep-start]
2024-07-23T00:26:07.273+0800: 15.930: [CMS-concurrent-sweep: 0.000/0.000 secs] [Times: user=0.00 sys=0.00, real=0.00 secs] 
2024-07-23T00:26:07.273+0800: 15.930: [CMS-concurrent-reset-start]
2024-07-23T00:26:07.273+0800: 15.930: [CMS-concurrent-reset: 0.000/0.000 secs] [Times: user=0.00 sys=0.00, real=0.00 secs] 
{Heap before GC invocations=354 (full 705):
 par new generation   total 157248K, used 0K [0x00000000e0000000, 0x00000000eaaa0000, 0x00000000eaaa0000)
  eden space 139776K,   0% used [0x00000000e0000000, 0x00000000e0000000, 0x00000000e8880000)
  from space 17472K,   0% used [0x00000000e8880000, 0x00000000e8880000, 0x00000000e9990000)
  to   space 17472K,   0% used [0x00000000e9990000, 0x00000000e9990000, 0x00000000eaaa0000)
 concurrent mark-sweep generation total 349568K, used 205856K [0x00000000eaaa0000, 0x0000000100000000, 0x0000000100000000)
 Metaspace       used 3957K, capacity 4568K, committed 4864K, reserved 1056768K
  class space    used 431K, capacity 460K, committed 512K, reserved 1048576K
2024-07-23T00:26:07.293+0800: 15.950: [GC (Allocation Failure) 2024-07-23T00:26:07.293+0800: 15.950: [ParNew
Desired survivor size 8945664 bytes, new threshold 6 (max 6)
: 0K->0K(157248K), 0.0019707 secs]2024-07-23T00:26:07.295+0800: 15.952: [CMS: 205856K->1056K(349568K), 0.0048647 secs] 205856K->1056K(506816K), [Metaspace: 3957K->3957K(1056768K)], 0.0069981 secs] [Times: user=0.05 sys=0.00, real=0.01 secs] 
Heap after GC invocations=355 (full 706):
 par new generation   total 157248K, used 0K [0x00000000e0000000, 0x00000000eaaa0000, 0x00000000eaaa0000)
  eden space 139776K,   0% used [0x00000000e0000000, 0x00000000e0000000, 0x00000000e8880000)
  from space 17472K,   0% used [0x00000000e9990000, 0x00000000e9990000, 0x00000000eaaa0000)
  to   space 17472K,   0% used [0x00000000e8880000, 0x00000000e8880000, 0x00000000e9990000)
 concurrent mark-sweep generation total 349568K, used 1056K [0x00000000eaaa0000, 0x0000000100000000, 0x0000000100000000)
 Metaspace       used 3957K, capacity 4568K, committed 4864K, reserved 1056768K
  class space    used 431K, capacity 460K, committed 512K, reserved 1048576K
}
2024-07-23T00:26:07.300+0800: 15.957: Total time for which application threads were stopped: 0.0072302 seconds, Stopping threads took: 0.0000387 seconds
2024-07-23T00:26:07.319+0800: 15.977: [GC (CMS Initial Mark) [1 CMS-initial-mark: 205856K(349568K)] 205856K(506816K), 0.0020707 secs] [Times: user=0.00 sys=0.00, real=0.00 secs] 
2024-07-23T00:26:07.321+0800: 15.979: Total time for which application threads were stopped: 0.0211430 seconds, Stopping threads took: 0.0189958 seconds
2024-07-23T00:26:07.321+0800: 15.979: [CMS-concurrent-mark-start]
2024-07-23T00:26:07.323+0800: 15.980: [CMS-concurrent-mark: 0.001/0.001 secs] [Times: user=0.00 sys=0.00, real=0.00 secs] 
2024-07-23T00:26:07.323+0800: 15.980: [CMS-concurrent-preclean-start]
2024-07-23T00:26:07.323+0800: 15.980: [CMS-concurrent-preclean: 0.000/0.000 secs] [Times: user=0.00 sys=0.00, real=0.00 secs] 
2024-07-23T00:26:07.323+0800: 15.981: [GC (CMS Final Remark) [YG occupancy: 0 K (157248 K)]2024-07-23T00:26:07.323+0800: 15.981: [Rescan (parallel) , 0.0005226 secs]2024-07-23T00:26:07.324+0800: 15.981: [weak refs processing, 0.0000154 secs]2024-07-23T00:26:07.324+0800: 15.981: [class unloading, 0.0003594 secs]2024-07-23T00:26:07.324+0800: 15.982: [scrub symbol table, 0.0005726 secs]2024-07-23T00:26:07.325+0800: 15.982: [scrub string table, 0.0002228 secs][1 CMS-remark: 205856K(349568K)] 205856K(506816K), 0.0017764 secs] [Times: user=0.00 sys=0.00, real=0.00 secs] 
2024-07-23T00:26:07.325+0800: 15.982: Total time for which application threads were stopped: 0.0018412 seconds, Stopping threads took: 0.0000128 seconds
2024-07-23T00:26:07.325+0800: 15.982: [CMS-concurrent-sweep-start]
2024-07-23T00:26:07.325+0800: 15.983: [CMS-concurrent-sweep: 0.000/0.000 secs] [Times: user=0.00 sys=0.00, real=0.00 secs] 
2024-07-23T00:26:07.325+0800: 15.983: [CMS-concurrent-reset-start]
2024-07-23T00:26:07.326+0800: 15.983: [CMS-concurrent-reset: 0.000/0.000 secs] [Times: user=0.00 sys=0.00, real=0.00 secs] 
{Heap before GC invocations=355 (full 707):
 par new generation   total 157248K, used 0K [0x00000000e0000000, 0x00000000eaaa0000, 0x00000000eaaa0000)
  eden space 139776K,   0% used [0x00000000e0000000, 0x00000000e0000000, 0x00000000e8880000)
  from space 17472K,   0% used [0x00000000e9990000, 0x00000000e9990000, 0x00000000eaaa0000)
  to   space 17472K,   0% used [0x00000000e8880000, 0x00000000e8880000, 0x00000000e9990000)
 concurrent mark-sweep generation total 349568K, used 205856K [0x00000000eaaa0000, 0x0000000100000000, 0x0000000100000000)
 Metaspace       used 3957K, capacity 4568K, committed 4864K, reserved 1056768K
  class space    used 431K, capacity 460K, committed 512K, reserved 1048576K
2024-07-23T00:26:07.340+0800: 15.997: [GC (Allocation Failure) 2024-07-23T00:26:07.340+0800: 15.997: [ParNew
Desired survivor size 8945664 bytes, new threshold 6 (max 6)
: 0K->0K(157248K), 0.0009791 secs]2024-07-23T00:26:07.341+0800: 15.998: [CMS: 205856K->1056K(349568K), 0.0033199 secs] 205856K->1056K(506816K), [Metaspace: 3957K->3957K(1056768K)], 0.0044108 secs] [Times: user=0.02 sys=0.00, real=0.01 secs] 
Heap after GC invocations=356 (full 708):
 par new generation   total 157248K, used 0K [0x00000000e0000000, 0x00000000eaaa0000, 0x00000000eaaa0000)
  eden space 139776K,   0% used [0x00000000e0000000, 0x00000000e0000000, 0x00000000e8880000)
  from space 17472K,   0% used [0x00000000e8880000, 0x00000000e8880000, 0x00000000e9990000)
  to   space 17472K,   0% used [0x00000000e9990000, 0x00000000e9990000, 0x00000000eaaa0000)
 concurrent mark-sweep generation total 349568K, used 1056K [0x00000000eaaa0000, 0x0000000100000000, 0x0000000100000000)
 Metaspace       used 3957K, capacity 4568K, committed 4864K, reserved 1056768K
  class space    used 431K, capacity 460K, committed 512K, reserved 1048576K
}
2024-07-23T00:26:07.345+0800: 16.001: Total time for which application threads were stopped: 0.0046122 seconds, Stopping threads took: 0.0000305 seconds
2024-07-23T00:26:07.362+0800: 16.019: [GC (CMS Initial Mark) [1 CMS-initial-mark: 205856K(349568K)] 205856K(506816K), 0.0015228 secs] [Times: user=0.00 sys=0.00, real=0.00 secs] 
2024-07-23T00:26:07.363+0800: 16.021: Total time for which application threads were stopped: 0.0191334 seconds, Stopping threads took: 0.0175270 seconds
2024-07-23T00:26:07.363+0800: 16.021: [CMS-concurrent-mark-start]
2024-07-23T00:26:07.365+0800: 16.022: [CMS-concurrent-mark: 0.002/0.002 secs] [Times: user=0.00 sys=0.00, real=0.00 secs] 
2024-07-23T00:26:07.365+0800: 16.022: [CMS-concurrent-preclean-start]
2024-07-23T00:26:07.365+0800: 16.023: [CMS-concurrent-preclean: 0.000/0.000 secs] [Times: user=0.00 sys=0.00, real=0.00 secs] 
2024-07-23T00:26:07.365+0800: 16.023: [GC (CMS Final Remark) [YG occupancy: 0 K (157248 K)]2024-07-23T00:26:07.365+0800: 16.023: [Rescan (parallel) , 0.0004544 secs]2024-07-23T00:26:07.366+0800: 16.023: [weak refs processing, 0.0000125 secs]2024-07-23T00:26:07.366+0800: 16.023: [class unloading, 0.0002012 secs]2024-07-23T00:26:07.366+0800: 16.023: [scrub symbol table, 0.0003338 secs]2024-07-23T00:26:07.366+0800: 16.024: [scrub string table, 0.0001005 secs][1 CMS-remark: 205856K(349568K)] 205856K(506816K), 0.0011476 secs] [Times: user=0.00 sys=0.00, real=0.00 secs] 
2024-07-23T00:26:07.367+0800: 16.024: Total time for which application threads were stopped: 0.0011857 seconds, Stopping threads took: 0.0000130 seconds
2024-07-23T00:26:07.367+0800: 16.024: [CMS-concurrent-sweep-start]
2024-07-23T00:26:07.367+0800: 16.024: [CMS-concurrent-sweep: 0.000/0.000 secs] [Times: user=0.00 sys=0.00, real=0.00 secs] 
2024-07-23T00:26:07.367+0800: 16.024: [CMS-concurrent-reset-start]
2024-07-23T00:26:07.367+0800: 16.024: [CMS-concurrent-reset: 0.000/0.000 secs] [Times: user=0.00 sys=0.00, real=0.00 secs] 
{Heap before GC invocations=356 (full 709):
 par new generation   total 157248K, used 0K [0x00000000e0000000, 0x00000000eaaa0000, 0x00000000eaaa0000)
  eden space 139776K,   0% used [0x00000000e0000000, 0x00000000e0000000, 0x00000000e8880000)
  from space 17472K,   0% used [0x00000000e8880000, 0x00000000e8880000, 0x00000000e9990000)
  to   space 17472K,   0% used [0x00000000e9990000, 0x00000000e9990000, 0x00000000eaaa0000)
 concurrent mark-sweep generation total 349568K, used 205856K [0x00000000eaaa0000, 0x0000000100000000, 0x0000000100000000)
 Metaspace       used 3957K, capacity 4568K, committed 4864K, reserved 1056768K
  class space    used 431K, capacity 460K, committed 512K, reserved 1048576K
2024-07-23T00:26:07.387+0800: 16.044: [GC (Allocation Failure) 2024-07-23T00:26:07.387+0800: 16.044: [ParNew
Desired survivor size 8945664 bytes, new threshold 6 (max 6)
: 0K->0K(157248K), 0.0019691 secs]2024-07-23T00:26:07.389+0800: 16.046: [CMS: 205856K->1056K(349568K), 0.0040598 secs] 205856K->1056K(506816K), [Metaspace: 3957K->3957K(1056768K)], 0.0061651 secs] [Times: user=0.01 sys=0.00, real=0.01 secs] 
Heap after GC invocations=357 (full 710):
 par new generation   total 157248K, used 0K [0x00000000e0000000, 0x00000000eaaa0000, 0x00000000eaaa0000)
  eden space 139776K,   0% used [0x00000000e0000000, 0x00000000e0000000, 0x00000000e8880000)
  from space 17472K,   0% used [0x00000000e9990000, 0x00000000e9990000, 0x00000000eaaa0000)
  to   space 17472K,   0% used [0x00000000e8880000, 0x00000000e8880000, 0x00000000e9990000)
 concurrent mark-sweep generation total 349568K, used 1056K [0x00000000eaaa0000, 0x0000000100000000, 0x0000000100000000)
 Metaspace       used 3957K, capacity 4568K, committed 4864K, reserved 1056768K
  class space    used 431K, capacity 460K, committed 512K, reserved 1048576K
}
2024-07-23T00:26:07.393+0800: 16.050: Total time for which application threads were stopped: 0.0064009 seconds, Stopping threads took: 0.0000674 seconds
2024-07-23T00:26:07.412+0800: 16.069: [GC (CMS Initial Mark) [1 CMS-initial-mark: 205856K(349568K)] 205856K(506816K), 0.0020601 secs] [Times: user=0.00 sys=0.00, real=0.00 secs] 
2024-07-23T00:26:07.414+0800: 16.071: Total time for which application threads were stopped: 0.0206934 seconds, Stopping threads took: 0.0185724 seconds
2024-07-23T00:26:07.414+0800: 16.071: [CMS-concurrent-mark-start]
2024-07-23T00:26:07.415+0800: 16.073: [CMS-concurrent-mark: 0.001/0.001 secs] [Times: user=0.00 sys=0.00, real=0.00 secs] 
2024-07-23T00:26:07.415+0800: 16.073: [CMS-concurrent-preclean-start]
2024-07-23T00:26:07.415+0800: 16.073: [CMS-concurrent-preclean: 0.000/0.000 secs] [Times: user=0.00 sys=0.00, real=0.00 secs] 
2024-07-23T00:26:07.416+0800: 16.073: [GC (CMS Final Remark) [YG occupancy: 0 K (157248 K)]2024-07-23T00:26:07.416+0800: 16.073: [Rescan (parallel) , 0.0007605 secs]2024-07-23T00:26:07.416+0800: 16.074: [weak refs processing, 0.0000068 secs]2024-07-23T00:26:07.416+0800: 16.074: [class unloading, 0.0002243 secs]2024-07-23T00:26:07.417+0800: 16.074: [scrub symbol table, 0.0003420 secs]2024-07-23T00:26:07.417+0800: 16.074: [scrub string table, 0.0001022 secs][1 CMS-remark: 205856K(349568K)] 205856K(506816K), 0.0014658 secs] [Times: user=0.00 sys=0.00, real=0.00 secs] 
2024-07-23T00:26:07.417+0800: 16.074: Total time for which application threads were stopped: 0.0015080 seconds, Stopping threads took: 0.0000201 seconds
2024-07-23T00:26:07.417+0800: 16.074: [CMS-concurrent-sweep-start]
2024-07-23T00:26:07.417+0800: 16.075: [CMS-concurrent-sweep: 0.000/0.000 secs] [Times: user=0.00 sys=0.00, real=0.00 secs] 
2024-07-23T00:26:07.417+0800: 16.075: [CMS-concurrent-reset-start]
2024-07-23T00:26:07.418+0800: 16.075: [CMS-concurrent-reset: 0.000/0.000 secs] [Times: user=0.00 sys=0.00, real=0.00 secs] 
{Heap before GC invocations=357 (full 711):
 par new generation   total 157248K, used 0K [0x00000000e0000000, 0x00000000eaaa0000, 0x00000000eaaa0000)
  eden space 139776K,   0% used [0x00000000e0000000, 0x00000000e0000000, 0x00000000e8880000)
  from space 17472K,   0% used [0x00000000e9990000, 0x00000000e9990000, 0x00000000eaaa0000)
  to   space 17472K,   0% used [0x00000000e8880000, 0x00000000e8880000, 0x00000000e9990000)
 concurrent mark-sweep generation total 349568K, used 205856K [0x00000000eaaa0000, 0x0000000100000000, 0x0000000100000000)
 Metaspace       used 3957K, capacity 4568K, committed 4864K, reserved 1056768K
  class space    used 431K, capacity 460K, committed 512K, reserved 1048576K
2024-07-23T00:26:07.434+0800: 16.091: [GC (Allocation Failure) 2024-07-23T00:26:07.434+0800: 16.091: [ParNew
Desired survivor size 8945664 bytes, new threshold 6 (max 6)
: 0K->0K(157248K), 0.0013667 secs]2024-07-23T00:26:07.436+0800: 16.093: [CMS: 205856K->1056K(349568K), 0.0030306 secs] 205856K->1056K(506816K), [Metaspace: 3957K->3957K(1056768K)], 0.0045833 secs] [Times: user=0.00 sys=0.00, real=0.00 secs] 
Heap after GC invocations=358 (full 712):
 par new generation   total 157248K, used 0K [0x00000000e0000000, 0x00000000eaaa0000, 0x00000000eaaa0000)
  eden space 139776K,   0% used [0x00000000e0000000, 0x00000000e0000000, 0x00000000e8880000)
  from space 17472K,   0% used [0x00000000e8880000, 0x00000000e8880000, 0x00000000e9990000)
  to   space 17472K,   0% used [0x00000000e9990000, 0x00000000e9990000, 0x00000000eaaa0000)
 concurrent mark-sweep generation total 349568K, used 1056K [0x00000000eaaa0000, 0x0000000100000000, 0x0000000100000000)
 Metaspace       used 3957K, capacity 4568K, committed 4864K, reserved 1056768K
  class space    used 431K, capacity 460K, committed 512K, reserved 1048576K
}
2024-07-23T00:26:07.439+0800: 16.096: Total time for which application threads were stopped: 0.0047674 seconds, Stopping threads took: 0.0000380 seconds
2024-07-23T00:26:07.458+0800: 16.115: [GC (CMS Initial Mark) [1 CMS-initial-mark: 205856K(349568K)] 205856K(506816K), 0.0019877 secs] [Times: user=0.00 sys=0.00, real=0.00 secs] 
2024-07-23T00:26:07.460+0800: 16.117: Total time for which application threads were stopped: 0.0209268 seconds, Stopping threads took: 0.0188582 seconds
2024-07-23T00:26:07.460+0800: 16.117: [CMS-concurrent-mark-start]
2024-07-23T00:26:07.462+0800: 16.119: [CMS-concurrent-mark: 0.001/0.001 secs] [Times: user=0.00 sys=0.00, real=0.00 secs] 
2024-07-23T00:26:07.462+0800: 16.119: [CMS-concurrent-preclean-start]
2024-07-23T00:26:07.462+0800: 16.119: [CMS-concurrent-preclean: 0.000/0.000 secs] [Times: user=0.00 sys=0.00, real=0.00 secs] 
2024-07-23T00:26:07.462+0800: 16.119: [GC (CMS Final Remark) [YG occupancy: 0 K (157248 K)]2024-07-23T00:26:07.462+0800: 16.119: [Rescan (parallel) , 0.0011591 secs]2024-07-23T00:26:07.464+0800: 16.120: [weak refs processing, 0.0000084 secs]2024-07-23T00:26:07.464+0800: 16.120: [class unloading, 0.0002355 secs]2024-07-23T00:26:07.464+0800: 16.121: [scrub symbol table, 0.0004108 secs]2024-07-23T00:26:07.464+0800: 16.121: [scrub string table, 0.0000978 secs][1 CMS-remark: 205856K(349568K)] 205856K(506816K), 0.0019642 secs] [Times: user=0.00 sys=0.00, real=0.00 secs] 
2024-07-23T00:26:07.464+0800: 16.121: Total time for which application threads were stopped: 0.0020016 seconds, Stopping threads took: 0.0000135 seconds
2024-07-23T00:26:07.464+0800: 16.121: [CMS-concurrent-sweep-start]
2024-07-23T00:26:07.465+0800: 16.121: [CMS-concurrent-sweep: 0.000/0.000 secs] [Times: user=0.00 sys=0.00, real=0.00 secs] 
2024-07-23T00:26:07.465+0800: 16.121: [CMS-concurrent-reset-start]
2024-07-23T00:26:07.465+0800: 16.122: [CMS-concurrent-reset: 0.000/0.000 secs] [Times: user=0.00 sys=0.00, real=0.00 secs] 
{Heap before GC invocations=358 (full 713):
 par new generation   total 157248K, used 0K [0x00000000e0000000, 0x00000000eaaa0000, 0x00000000eaaa0000)
  eden space 139776K,   0% used [0x00000000e0000000, 0x00000000e0000000, 0x00000000e8880000)
  from space 17472K,   0% used [0x00000000e8880000, 0x00000000e8880000, 0x00000000e9990000)
  to   space 17472K,   0% used [0x00000000e9990000, 0x00000000e9990000, 0x00000000eaaa0000)
 concurrent mark-sweep generation total 349568K, used 205856K [0x00000000eaaa0000, 0x0000000100000000, 0x0000000100000000)
 Metaspace       used 3957K, capacity 4568K, committed 4864K, reserved 1056768K
  class space    used 431K, capacity 460K, committed 512K, reserved 1048576K
2024-07-23T00:26:07.481+0800: 16.138: [GC (Allocation Failure) 2024-07-23T00:26:07.481+0800: 16.138: [ParNew
Desired survivor size 8945664 bytes, new threshold 6 (max 6)
: 0K->0K(157248K), 0.0010215 secs]2024-07-23T00:26:07.483+0800: 16.139: [CMS: 205856K->1056K(349568K), 0.0024944 secs] 205856K->1056K(506816K), [Metaspace: 3957K->3957K(1056768K)], 0.0036107 secs] [Times: user=0.00 sys=0.00, real=0.00 secs] 
Heap after GC invocations=359 (full 714):
 par new generation   total 157248K, used 0K [0x00000000e0000000, 0x00000000eaaa0000, 0x00000000eaaa0000)
  eden space 139776K,   0% used [0x00000000e0000000, 0x00000000e0000000, 0x00000000e8880000)
  from space 17472K,   0% used [0x00000000e9990000, 0x00000000e9990000, 0x00000000eaaa0000)
  to   space 17472K,   0% used [0x00000000e8880000, 0x00000000e8880000, 0x00000000e9990000)
 concurrent mark-sweep generation total 349568K, used 1056K [0x00000000eaaa0000, 0x0000000100000000, 0x0000000100000000)
 Metaspace       used 3957K, capacity 4568K, committed 4864K, reserved 1056768K
  class space    used 431K, capacity 460K, committed 512K, reserved 1048576K
}
2024-07-23T00:26:07.485+0800: 16.142: Total time for which application threads were stopped: 0.0037478 seconds, Stopping threads took: 0.0000329 seconds
2024-07-23T00:26:07.502+0800: 16.159: [GC (CMS Initial Mark) [1 CMS-initial-mark: 205856K(349568K)] 205856K(506816K), 0.0018201 secs] [Times: user=0.00 sys=0.00, real=0.00 secs] 
2024-07-23T00:26:07.504+0800: 16.160: Total time for which application threads were stopped: 0.0184048 seconds, Stopping threads took: 0.0165299 seconds
2024-07-23T00:26:07.504+0800: 16.160: [CMS-concurrent-mark-start]
2024-07-23T00:26:07.505+0800: 16.162: [CMS-concurrent-mark: 0.002/0.002 secs] [Times: user=0.00 sys=0.00, real=0.00 secs] 
2024-07-23T00:26:07.506+0800: 16.162: [CMS-concurrent-preclean-start]
2024-07-23T00:26:07.506+0800: 16.163: [CMS-concurrent-preclean: 0.000/0.000 secs] [Times: user=0.00 sys=0.00, real=0.00 secs] 
2024-07-23T00:26:07.506+0800: 16.163: [GC (CMS Final Remark) [YG occupancy: 0 K (157248 K)]2024-07-23T00:26:07.506+0800: 16.163: [Rescan (parallel) , 0.0006697 secs]2024-07-23T00:26:07.507+0800: 16.163: [weak refs processing, 0.0000085 secs]2024-07-23T00:26:07.507+0800: 16.163: [class unloading, 0.0002016 secs]2024-07-23T00:26:07.507+0800: 16.164: [scrub symbol table, 0.0003412 secs]2024-07-23T00:26:07.507+0800: 16.164: [scrub string table, 0.0000951 secs][1 CMS-remark: 205856K(349568K)] 205856K(506816K), 0.0013619 secs] [Times: user=0.00 sys=0.00, real=0.00 secs] 
2024-07-23T00:26:07.507+0800: 16.164: Total time for which application threads were stopped: 0.0014020 seconds, Stopping threads took: 0.0000153 seconds
2024-07-23T00:26:07.507+0800: 16.164: [CMS-concurrent-sweep-start]
2024-07-23T00:26:07.507+0800: 16.164: [CMS-concurrent-sweep: 0.000/0.000 secs] [Times: user=0.00 sys=0.00, real=0.00 secs] 
2024-07-23T00:26:07.508+0800: 16.164: [CMS-concurrent-reset-start]
2024-07-23T00:26:07.508+0800: 16.165: [CMS-concurrent-reset: 0.000/0.000 secs] [Times: user=0.00 sys=0.00, real=0.00 secs] 
{Heap before GC invocations=359 (full 715):
 par new generation   total 157248K, used 0K [0x00000000e0000000, 0x00000000eaaa0000, 0x00000000eaaa0000)
  eden space 139776K,   0% used [0x00000000e0000000, 0x00000000e0000000, 0x00000000e8880000)
  from space 17472K,   0% used [0x00000000e9990000, 0x00000000e9990000, 0x00000000eaaa0000)
  to   space 17472K,   0% used [0x00000000e8880000, 0x00000000e8880000, 0x00000000e9990000)
 concurrent mark-sweep generation total 349568K, used 205856K [0x00000000eaaa0000, 0x0000000100000000, 0x0000000100000000)
 Metaspace       used 3957K, capacity 4568K, committed 4864K, reserved 1056768K
  class space    used 431K, capacity 460K, committed 512K, reserved 1048576K
2024-07-23T00:26:07.527+0800: 16.184: [GC (Allocation Failure) 2024-07-23T00:26:07.527+0800: 16.184: [ParNew
Desired survivor size 8945664 bytes, new threshold 6 (max 6)
: 0K->0K(157248K), 0.0019509 secs]2024-07-23T00:26:07.529+0800: 16.186: [CMS: 205856K->1056K(349568K), 0.0059608 secs] 205856K->1056K(506816K), [Metaspace: 3957K->3957K(1056768K)], 0.0081707 secs] [Times: user=0.13 sys=0.00, real=0.01 secs] 
Heap after GC invocations=360 (full 716):
 par new generation   total 157248K, used 0K [0x00000000e0000000, 0x00000000eaaa0000, 0x00000000eaaa0000)
  eden space 139776K,   0% used [0x00000000e0000000, 0x00000000e0000000, 0x00000000e8880000)
  from space 17472K,   0% used [0x00000000e8880000, 0x00000000e8880000, 0x00000000e9990000)
  to   space 17472K,   0% used [0x00000000e9990000, 0x00000000e9990000, 0x00000000eaaa0000)
 concurrent mark-sweep generation total 349568K, used 1056K [0x00000000eaaa0000, 0x0000000100000000, 0x0000000100000000)
 Metaspace       used 3957K, capacity 4568K, committed 4864K, reserved 1056768K
  class space    used 431K, capacity 460K, committed 512K, reserved 1048576K
}
2024-07-23T00:26:07.535+0800: 16.192: Total time for which application threads were stopped: 0.0084467 seconds, Stopping threads took: 0.0000362 seconds
2024-07-23T00:26:07.555+0800: 16.212: [GC (CMS Initial Mark) [1 CMS-initial-mark: 205856K(349568K)] 205856K(506816K), 0.0004837 secs] [Times: user=0.00 sys=0.00, real=0.00 secs] 
2024-07-23T00:26:07.555+0800: 16.213: Total time for which application threads were stopped: 0.0201701 seconds, Stopping threads took: 0.0196288 seconds
2024-07-23T00:26:07.555+0800: 16.213: [CMS-concurrent-mark-start]
2024-07-23T00:26:07.558+0800: 16.215: [CMS-concurrent-mark: 0.002/0.002 secs] [Times: user=0.00 sys=0.00, real=0.00 secs] 
2024-07-23T00:26:07.558+0800: 16.215: [CMS-concurrent-preclean-start]
2024-07-23T00:26:07.559+0800: 16.216: [CMS-concurrent-preclean: 0.001/0.001 secs] [Times: user=0.00 sys=0.00, real=0.00 secs] 
2024-07-23T00:26:07.559+0800: 16.217: [GC (CMS Final Remark) [YG occupancy: 0 K (157248 K)]2024-07-23T00:26:07.559+0800: 16.217: [Rescan (parallel) , 0.0003604 secs]2024-07-23T00:26:07.560+0800: 16.217: [weak refs processing, 0.0000126 secs]2024-07-23T00:26:07.560+0800: 16.217: [class unloading, 0.0002251 secs]2024-07-23T00:26:07.560+0800: 16.217: [scrub symbol table, 0.0003650 secs]2024-07-23T00:26:07.560+0800: 16.218: [scrub string table, 0.0001052 secs][1 CMS-remark: 205856K(349568K)] 205856K(506816K), 0.0011610 secs] [Times: user=0.00 sys=0.00, real=0.00 secs] 
2024-07-23T00:26:07.560+0800: 16.218: Total time for which application threads were stopped: 0.0012433 seconds, Stopping threads took: 0.0000348 seconds
2024-07-23T00:26:07.561+0800: 16.218: [CMS-concurrent-sweep-start]
2024-07-23T00:26:07.561+0800: 16.218: [CMS-concurrent-sweep: 0.000/0.000 secs] [Times: user=0.00 sys=0.00, real=0.00 secs] 
2024-07-23T00:26:07.561+0800: 16.218: [CMS-concurrent-reset-start]
2024-07-23T00:26:07.561+0800: 16.218: [CMS-concurrent-reset: 0.000/0.000 secs] [Times: user=0.00 sys=0.00, real=0.00 secs] 
{Heap before GC invocations=360 (full 717):
 par new generation   total 157248K, used 0K [0x00000000e0000000, 0x00000000eaaa0000, 0x00000000eaaa0000)
  eden space 139776K,   0% used [0x00000000e0000000, 0x00000000e0000000, 0x00000000e8880000)
  from space 17472K,   0% used [0x00000000e8880000, 0x00000000e8880000, 0x00000000e9990000)
  to   space 17472K,   0% used [0x00000000e9990000, 0x00000000e9990000, 0x00000000eaaa0000)
 concurrent mark-sweep generation total 349568K, used 205856K [0x00000000eaaa0000, 0x0000000100000000, 0x0000000100000000)
 Metaspace       used 3957K, capacity 4568K, committed 4864K, reserved 1056768K
  class space    used 431K, capacity 460K, committed 512K, reserved 1048576K
2024-07-23T00:26:07.573+0800: 16.230: [GC (Allocation Failure) 2024-07-23T00:26:07.573+0800: 16.230: [ParNew
Desired survivor size 8945664 bytes, new threshold 6 (max 6)
: 0K->0K(157248K), 0.0013448 secs]2024-07-23T00:26:07.575+0800: 16.232: [CMS: 205856K->1056K(349568K), 0.0042356 secs] 205856K->1056K(506816K), [Metaspace: 3957K->3957K(1056768K)], 0.0057301 secs] [Times: user=0.00 sys=0.00, real=0.01 secs] 
Heap after GC invocations=361 (full 718):
 par new generation   total 157248K, used 0K [0x00000000e0000000, 0x00000000eaaa0000, 0x00000000eaaa0000)
  eden space 139776K,   0% used [0x00000000e0000000, 0x00000000e0000000, 0x00000000e8880000)
  from space 17472K,   0% used [0x00000000e9990000, 0x00000000e9990000, 0x00000000eaaa0000)
  to   space 17472K,   0% used [0x00000000e8880000, 0x00000000e8880000, 0x00000000e9990000)
 concurrent mark-sweep generation total 349568K, used 1056K [0x00000000eaaa0000, 0x0000000100000000, 0x0000000100000000)
 Metaspace       used 3957K, capacity 4568K, committed 4864K, reserved 1056768K
  class space    used 431K, capacity 460K, committed 512K, reserved 1048576K
}
2024-07-23T00:26:07.579+0800: 16.236: Total time for which application threads were stopped: 0.0059183 seconds, Stopping threads took: 0.0000351 seconds
2024-07-23T00:26:07.596+0800: 16.254: [GC (CMS Initial Mark) [1 CMS-initial-mark: 205856K(349568K)] 205856K(506816K), 0.0005650 secs] [Times: user=0.00 sys=0.00, real=0.00 secs] 
2024-07-23T00:26:07.597+0800: 16.254: Total time for which application threads were stopped: 0.0180906 seconds, Stopping threads took: 0.0173219 seconds
2024-07-23T00:26:07.597+0800: 16.254: [CMS-concurrent-mark-start]
2024-07-23T00:26:07.599+0800: 16.256: [CMS-concurrent-mark: 0.002/0.002 secs] [Times: user=0.00 sys=0.00, real=0.00 secs] 
2024-07-23T00:26:07.599+0800: 16.256: [CMS-concurrent-preclean-start]
2024-07-23T00:26:07.599+0800: 16.256: [CMS-concurrent-preclean: 0.000/0.000 secs] [Times: user=0.00 sys=0.00, real=0.00 secs] 
2024-07-23T00:26:07.599+0800: 16.256: [GC (CMS Final Remark) [YG occupancy: 0 K (157248 K)]2024-07-23T00:26:07.599+0800: 16.256: [Rescan (parallel) , 0.0003751 secs]2024-07-23T00:26:07.599+0800: 16.256: [weak refs processing, 0.0000077 secs]2024-07-23T00:26:07.599+0800: 16.257: [class unloading, 0.0002049 secs]2024-07-23T00:26:07.600+0800: 16.257: [scrub symbol table, 0.0003276 secs]2024-07-23T00:26:07.600+0800: 16.257: [scrub string table, 0.0000952 secs][1 CMS-remark: 205856K(349568K)] 205856K(506816K), 0.0010523 secs] [Times: user=0.00 sys=0.00, real=0.00 secs] 
2024-07-23T00:26:07.600+0800: 16.257: Total time for which application threads were stopped: 0.0010906 seconds, Stopping threads took: 0.0000149 seconds
2024-07-23T00:26:07.600+0800: 16.257: [CMS-concurrent-sweep-start]
2024-07-23T00:26:07.600+0800: 16.257: [CMS-concurrent-sweep: 0.000/0.000 secs] [Times: user=0.00 sys=0.00, real=0.00 secs] 
2024-07-23T00:26:07.600+0800: 16.257: [CMS-concurrent-reset-start]
2024-07-23T00:26:07.601+0800: 16.258: [CMS-concurrent-reset: 0.000/0.000 secs] [Times: user=0.00 sys=0.00, real=0.00 secs] 
{Heap before GC invocations=361 (full 719):
 par new generation   total 157248K, used 0K [0x00000000e0000000, 0x00000000eaaa0000, 0x00000000eaaa0000)
  eden space 139776K,   0% used [0x00000000e0000000, 0x00000000e0000000, 0x00000000e8880000)
  from space 17472K,   0% used [0x00000000e9990000, 0x00000000e9990000, 0x00000000eaaa0000)
  to   space 17472K,   0% used [0x00000000e8880000, 0x00000000e8880000, 0x00000000e9990000)
 concurrent mark-sweep generation total 349568K, used 205856K [0x00000000eaaa0000, 0x0000000100000000, 0x0000000100000000)
 Metaspace       used 3957K, capacity 4568K, committed 4864K, reserved 1056768K
  class space    used 431K, capacity 460K, committed 512K, reserved 1048576K
2024-07-23T00:26:07.619+0800: 16.276: [GC (Allocation Failure) 2024-07-23T00:26:07.619+0800: 16.276: [ParNew
Desired survivor size 8945664 bytes, new threshold 6 (max 6)
: 0K->0K(157248K), 0.0009187 secs]2024-07-23T00:26:07.620+0800: 16.277: [CMS: 205856K->1056K(349568K), 0.0033956 secs] 205856K->1056K(506816K), [Metaspace: 3957K->3957K(1056768K)], 0.0044329 secs] [Times: user=0.00 sys=0.00, real=0.00 secs] 
Heap after GC invocations=362 (full 720):
 par new generation   total 157248K, used 0K [0x00000000e0000000, 0x00000000eaaa0000, 0x00000000eaaa0000)
  eden space 139776K,   0% used [0x00000000e0000000, 0x00000000e0000000, 0x00000000e8880000)
  from space 17472K,   0% used [0x00000000e8880000, 0x00000000e8880000, 0x00000000e9990000)
  to   space 17472K,   0% used [0x00000000e9990000, 0x00000000e9990000, 0x00000000eaaa0000)
 concurrent mark-sweep generation total 349568K, used 1056K [0x00000000eaaa0000, 0x0000000100000000, 0x0000000100000000)
 Metaspace       used 3957K, capacity 4568K, committed 4864K, reserved 1056768K
  class space    used 431K, capacity 460K, committed 512K, reserved 1048576K
}
2024-07-23T00:26:07.623+0800: 16.281: Total time for which application threads were stopped: 0.0046133 seconds, Stopping threads took: 0.0000322 seconds
2024-07-23T00:26:07.641+0800: 16.299: [GC (CMS Initial Mark) [1 CMS-initial-mark: 205856K(349568K)] 205856K(506816K), 0.0002626 secs] [Times: user=0.00 sys=0.00, real=0.00 secs] 
2024-07-23T00:26:07.641+0800: 16.299: Total time for which application threads were stopped: 0.0178739 seconds, Stopping threads took: 0.0175531 seconds
2024-07-23T00:26:07.641+0800: 16.299: [CMS-concurrent-mark-start]
2024-07-23T00:26:07.643+0800: 16.301: [CMS-concurrent-mark: 0.002/0.002 secs] [Times: user=0.00 sys=0.00, real=0.00 secs] 
2024-07-23T00:26:07.643+0800: 16.301: [CMS-concurrent-preclean-start]
2024-07-23T00:26:07.644+0800: 16.301: [CMS-concurrent-preclean: 0.000/0.000 secs] [Times: user=0.00 sys=0.00, real=0.00 secs] 
2024-07-23T00:26:07.644+0800: 16.301: [GC (CMS Final Remark) [YG occupancy: 0 K (157248 K)]2024-07-23T00:26:07.644+0800: 16.301: [Rescan (parallel) , 0.0003931 secs]2024-07-23T00:26:07.644+0800: 16.301: [weak refs processing, 0.0000065 secs]2024-07-23T00:26:07.644+0800: 16.301: [class unloading, 0.0002361 secs]2024-07-23T00:26:07.644+0800: 16.302: [scrub symbol table, 0.0003267 secs]2024-07-23T00:26:07.645+0800: 16.302: [scrub string table, 0.0000944 secs][1 CMS-remark: 205856K(349568K)] 205856K(506816K), 0.0010903 secs] [Times: user=0.00 sys=0.00, real=0.00 secs] 
2024-07-23T00:26:07.645+0800: 16.302: Total time for which application threads were stopped: 0.0011237 seconds, Stopping threads took: 0.0000111 seconds
2024-07-23T00:26:07.645+0800: 16.302: [CMS-concurrent-sweep-start]
2024-07-23T00:26:07.645+0800: 16.302: [CMS-concurrent-sweep: 0.000/0.000 secs] [Times: user=0.00 sys=0.00, real=0.00 secs] 
2024-07-23T00:26:07.645+0800: 16.302: [CMS-concurrent-reset-start]
2024-07-23T00:26:07.645+0800: 16.303: [CMS-concurrent-reset: 0.000/0.000 secs] [Times: user=0.00 sys=0.00, real=0.00 secs] 
{Heap before GC invocations=362 (full 721):
 par new generation   total 157248K, used 0K [0x00000000e0000000, 0x00000000eaaa0000, 0x00000000eaaa0000)
  eden space 139776K,   0% used [0x00000000e0000000, 0x00000000e0000000, 0x00000000e8880000)
  from space 17472K,   0% used [0x00000000e8880000, 0x00000000e8880000, 0x00000000e9990000)
  to   space 17472K,   0% used [0x00000000e9990000, 0x00000000e9990000, 0x00000000eaaa0000)
 concurrent mark-sweep generation total 349568K, used 205856K [0x00000000eaaa0000, 0x0000000100000000, 0x0000000100000000)
 Metaspace       used 3957K, capacity 4568K, committed 4864K, reserved 1056768K
  class space    used 431K, capacity 460K, committed 512K, reserved 1048576K
2024-07-23T00:26:07.651+0800: 16.308: [GC (Allocation Failure) 2024-07-23T00:26:07.651+0800: 16.308: [ParNew
Desired survivor size 8945664 bytes, new threshold 6 (max 6)
: 0K->0K(157248K), 0.0004930 secs]2024-07-23T00:26:07.651+0800: 16.309: [CMS: 205856K->1056K(349568K), 0.0024705 secs] 205856K->1056K(506816K), [Metaspace: 3957K->3957K(1056768K)], 0.0030435 secs] [Times: user=0.00 sys=0.00, real=0.00 secs] 
Heap after GC invocations=363 (full 722):
 par new generation   total 157248K, used 0K [0x00000000e0000000, 0x00000000eaaa0000, 0x00000000eaaa0000)
  eden space 139776K,   0% used [0x00000000e0000000, 0x00000000e0000000, 0x00000000e8880000)
  from space 17472K,   0% used [0x00000000e9990000, 0x00000000e9990000, 0x00000000eaaa0000)
  to   space 17472K,   0% used [0x00000000e8880000, 0x00000000e8880000, 0x00000000e9990000)
 concurrent mark-sweep generation total 349568K, used 1056K [0x00000000eaaa0000, 0x0000000100000000, 0x0000000100000000)
 Metaspace       used 3957K, capacity 4568K, committed 4864K, reserved 1056768K
  class space    used 431K, capacity 460K, committed 512K, reserved 1048576K
}
2024-07-23T00:26:07.654+0800: 16.311: Total time for which application threads were stopped: 0.0031472 seconds, Stopping threads took: 0.0000215 seconds
2024-07-23T00:26:07.671+0800: 16.329: [GC (CMS Initial Mark) [1 CMS-initial-mark: 205856K(349568K)] 205856K(506816K), 0.0009033 secs] [Times: user=0.00 sys=0.00, real=0.00 secs] 
2024-07-23T00:26:07.672+0800: 16.329: Total time for which application threads were stopped: 0.0180198 seconds, Stopping threads took: 0.0170548 seconds
2024-07-23T00:26:07.672+0800: 16.330: [CMS-concurrent-mark-start]
2024-07-23T00:26:07.674+0800: 16.331: [CMS-concurrent-mark: 0.002/0.002 secs] [Times: user=0.00 sys=0.00, real=0.00 secs] 
2024-07-23T00:26:07.674+0800: 16.331: [CMS-concurrent-preclean-start]
2024-07-23T00:26:07.674+0800: 16.332: [CMS-concurrent-preclean: 0.000/0.000 secs] [Times: user=0.00 sys=0.00, real=0.00 secs] 
2024-07-23T00:26:07.674+0800: 16.332: [GC (CMS Final Remark) [YG occupancy: 0 K (157248 K)]2024-07-23T00:26:07.674+0800: 16.332: [Rescan (parallel) , 0.0002842 secs]2024-07-23T00:26:07.675+0800: 16.332: [weak refs processing, 0.0000104 secs]2024-07-23T00:26:07.675+0800: 16.332: [class unloading, 0.0002652 secs]2024-07-23T00:26:07.675+0800: 16.332: [scrub symbol table, 0.0003705 secs]2024-07-23T00:26:07.675+0800: 16.333: [scrub string table, 0.0001138 secs][1 CMS-remark: 205856K(349568K)] 205856K(506816K), 0.0011103 secs] [Times: user=0.00 sys=0.00, real=0.00 secs] 
2024-07-23T00:26:07.675+0800: 16.333: Total time for which application threads were stopped: 0.0011715 seconds, Stopping threads took: 0.0000169 seconds
2024-07-23T00:26:07.676+0800: 16.333: [CMS-concurrent-sweep-start]
2024-07-23T00:26:07.676+0800: 16.333: [CMS-concurrent-sweep: 0.000/0.000 secs] [Times: user=0.00 sys=0.00, real=0.00 secs] 
2024-07-23T00:26:07.676+0800: 16.333: [CMS-concurrent-reset-start]
2024-07-23T00:26:07.676+0800: 16.334: [CMS-concurrent-reset: 0.000/0.000 secs] [Times: user=0.00 sys=0.00, real=0.00 secs] 
{Heap before GC invocations=363 (full 723):
 par new generation   total 157248K, used 0K [0x00000000e0000000, 0x00000000eaaa0000, 0x00000000eaaa0000)
  eden space 139776K,   0% used [0x00000000e0000000, 0x00000000e0000000, 0x00000000e8880000)
  from space 17472K,   0% used [0x00000000e9990000, 0x00000000e9990000, 0x00000000eaaa0000)
  to   space 17472K,   0% used [0x00000000e8880000, 0x00000000e8880000, 0x00000000e9990000)
 concurrent mark-sweep generation total 349568K, used 205856K [0x00000000eaaa0000, 0x0000000100000000, 0x0000000100000000)
 Metaspace       used 3957K, capacity 4568K, committed 4864K, reserved 1056768K
  class space    used 431K, capacity 460K, committed 512K, reserved 1048576K
2024-07-23T00:26:07.682+0800: 16.339: [GC (Allocation Failure) 2024-07-23T00:26:07.682+0800: 16.339: [ParNew
Desired survivor size 8945664 bytes, new threshold 6 (max 6)
: 0K->0K(157248K), 0.0005577 secs]2024-07-23T00:26:07.682+0800: 16.340: [CMS: 205856K->1056K(349568K), 0.0032699 secs] 205856K->1056K(506816K), [Metaspace: 3957K->3957K(1056768K)], 0.0039489 secs] [Times: user=0.00 sys=0.00, real=0.00 secs] 
Heap after GC invocations=364 (full 724):
 par new generation   total 157248K, used 0K [0x00000000e0000000, 0x00000000eaaa0000, 0x00000000eaaa0000)
  eden space 139776K,   0% used [0x00000000e0000000, 0x00000000e0000000, 0x00000000e8880000)
  from space 17472K,   0% used [0x00000000e8880000, 0x00000000e8880000, 0x00000000e9990000)
  to   space 17472K,   0% used [0x00000000e9990000, 0x00000000e9990000, 0x00000000eaaa0000)
 concurrent mark-sweep generation total 349568K, used 1056K [0x00000000eaaa0000, 0x0000000100000000, 0x0000000100000000)
 Metaspace       used 3957K, capacity 4568K, committed 4864K, reserved 1056768K
  class space    used 431K, capacity 460K, committed 512K, reserved 1048576K
}
2024-07-23T00:26:07.686+0800: 16.343: Total time for which application threads were stopped: 0.0041035 seconds, Stopping threads took: 0.0000341 seconds
2024-07-23T00:26:07.707+0800: 16.365: [GC (CMS Initial Mark) [1 CMS-initial-mark: 205856K(349568K)] 205856K(506816K), 0.0007563 secs] [Times: user=0.00 sys=0.00, real=0.00 secs] 
2024-07-23T00:26:07.708+0800: 16.365: Total time for which application threads were stopped: 0.0219048 seconds, Stopping threads took: 0.0210204 seconds
2024-07-23T00:26:07.708+0800: 16.365: [CMS-concurrent-mark-start]
2024-07-23T00:26:07.710+0800: 16.367: [CMS-concurrent-mark: 0.002/0.002 secs] [Times: user=0.00 sys=0.00, real=0.00 secs] 
2024-07-23T00:26:07.710+0800: 16.367: [CMS-concurrent-preclean-start]
2024-07-23T00:26:07.710+0800: 16.367: [CMS-concurrent-preclean: 0.000/0.000 secs] [Times: user=0.00 sys=0.00, real=0.00 secs] 
2024-07-23T00:26:07.710+0800: 16.368: [GC (CMS Final Remark) [YG occupancy: 0 K (157248 K)]2024-07-23T00:26:07.710+0800: 16.368: [Rescan (parallel) , 0.0004697 secs]2024-07-23T00:26:07.711+0800: 16.368: [weak refs processing, 0.0000089 secs]2024-07-23T00:26:07.711+0800: 16.368: [class unloading, 0.0003429 secs]2024-07-23T00:26:07.711+0800: 16.368: [scrub symbol table, 0.0004059 secs]2024-07-23T00:26:07.711+0800: 16.369: [scrub string table, 0.0001290 secs][1 CMS-remark: 205856K(349568K)] 205856K(506816K), 0.0014385 secs] [Times: user=0.00 sys=0.00, real=0.00 secs] 
2024-07-23T00:26:07.712+0800: 16.369: Total time for which application threads were stopped: 0.0015036 seconds, Stopping threads took: 0.0000178 seconds
2024-07-23T00:26:07.712+0800: 16.369: [CMS-concurrent-sweep-start]
2024-07-23T00:26:07.712+0800: 16.369: [CMS-concurrent-sweep: 0.000/0.000 secs] [Times: user=0.00 sys=0.00, real=0.00 secs] 
2024-07-23T00:26:07.712+0800: 16.369: [CMS-concurrent-reset-start]
2024-07-23T00:26:07.712+0800: 16.370: [CMS-concurrent-reset: 0.001/0.001 secs] [Times: user=0.00 sys=0.00, real=0.00 secs] 
{Heap before GC invocations=364 (full 725):
 par new generation   total 157248K, used 0K [0x00000000e0000000, 0x00000000eaaa0000, 0x00000000eaaa0000)
  eden space 139776K,   0% used [0x00000000e0000000, 0x00000000e0000000, 0x00000000e8880000)
  from space 17472K,   0% used [0x00000000e8880000, 0x00000000e8880000, 0x00000000e9990000)
  to   space 17472K,   0% used [0x00000000e9990000, 0x00000000e9990000, 0x00000000eaaa0000)
 concurrent mark-sweep generation total 349568K, used 205856K [0x00000000eaaa0000, 0x0000000100000000, 0x0000000100000000)
 Metaspace       used 3957K, capacity 4568K, committed 4864K, reserved 1056768K
  class space    used 431K, capacity 460K, committed 512K, reserved 1048576K
2024-07-23T00:26:07.729+0800: 16.386: [GC (Allocation Failure) 2024-07-23T00:26:07.729+0800: 16.386: [ParNew
Desired survivor size 8945664 bytes, new threshold 6 (max 6)
: 0K->0K(157248K), 0.0016171 secs]2024-07-23T00:26:07.731+0800: 16.388: [CMS: 205856K->1056K(349568K), 0.0049252 secs] 205856K->1056K(506816K), [Metaspace: 3957K->3957K(1056768K)], 0.0067395 secs] [Times: user=0.00 sys=0.00, real=0.01 secs] 
Heap after GC invocations=365 (full 726):
 par new generation   total 157248K, used 0K [0x00000000e0000000, 0x00000000eaaa0000, 0x00000000eaaa0000)
  eden space 139776K,   0% used [0x00000000e0000000, 0x00000000e0000000, 0x00000000e8880000)
  from space 17472K,   0% used [0x00000000e9990000, 0x00000000e9990000, 0x00000000eaaa0000)
  to   space 17472K,   0% used [0x00000000e8880000, 0x00000000e8880000, 0x00000000e9990000)
 concurrent mark-sweep generation total 349568K, used 1056K [0x00000000eaaa0000, 0x0000000100000000, 0x0000000100000000)
 Metaspace       used 3957K, capacity 4568K, committed 4864K, reserved 1056768K
  class space    used 431K, capacity 460K, committed 512K, reserved 1048576K
}
2024-07-23T00:26:07.736+0800: 16.393: Total time for which application threads were stopped: 0.0069540 seconds, Stopping threads took: 0.0000344 seconds
2024-07-23T00:26:07.758+0800: 16.415: [GC (CMS Initial Mark) [1 CMS-initial-mark: 205856K(349568K)] 205856K(506816K), 0.0005872 secs] [Times: user=0.00 sys=0.00, real=0.00 secs] 
2024-07-23T00:26:07.759+0800: 16.416: Total time for which application threads were stopped: 0.0229493 seconds, Stopping threads took: 0.0222661 seconds
2024-07-23T00:26:07.759+0800: 16.416: [CMS-concurrent-mark-start]
2024-07-23T00:26:07.761+0800: 16.418: [CMS-concurrent-mark: 0.002/0.002 secs] [Times: user=0.00 sys=0.00, real=0.00 secs] 
2024-07-23T00:26:07.761+0800: 16.418: [CMS-concurrent-preclean-start]
2024-07-23T00:26:07.762+0800: 16.418: [CMS-concurrent-preclean: 0.001/0.001 secs] [Times: user=0.00 sys=0.00, real=0.00 secs] 
2024-07-23T00:26:07.762+0800: 16.419: [GC (CMS Final Remark) [YG occupancy: 0 K (157248 K)]2024-07-23T00:26:07.762+0800: 16.419: [Rescan (parallel) , 0.0002501 secs]2024-07-23T00:26:07.762+0800: 16.419: [weak refs processing, 0.0000106 secs]2024-07-23T00:26:07.762+0800: 16.419: [class unloading, 0.0002531 secs]2024-07-23T00:26:07.762+0800: 16.419: [scrub symbol table, 0.0003704 secs]2024-07-23T00:26:07.763+0800: 16.419: [scrub string table, 0.0001160 secs][1 CMS-remark: 205856K(349568K)] 205856K(506816K), 0.0010646 secs] [Times: user=0.00 sys=0.00, real=0.00 secs] 
2024-07-23T00:26:07.763+0800: 16.420: Total time for which application threads were stopped: 0.0011215 seconds, Stopping threads took: 0.0000205 seconds
2024-07-23T00:26:07.763+0800: 16.420: [CMS-concurrent-sweep-start]
2024-07-23T00:26:07.763+0800: 16.420: [CMS-concurrent-sweep: 0.000/0.000 secs] [Times: user=0.00 sys=0.00, real=0.00 secs] 
2024-07-23T00:26:07.763+0800: 16.420: [CMS-concurrent-reset-start]
2024-07-23T00:26:07.764+0800: 16.420: [CMS-concurrent-reset: 0.000/0.000 secs] [Times: user=0.00 sys=0.00, real=0.00 secs] 
{Heap before GC invocations=365 (full 727):
 par new generation   total 157248K, used 0K [0x00000000e0000000, 0x00000000eaaa0000, 0x00000000eaaa0000)
  eden space 139776K,   0% used [0x00000000e0000000, 0x00000000e0000000, 0x00000000e8880000)
  from space 17472K,   0% used [0x00000000e9990000, 0x00000000e9990000, 0x00000000eaaa0000)
  to   space 17472K,   0% used [0x00000000e8880000, 0x00000000e8880000, 0x00000000e9990000)
 concurrent mark-sweep generation total 349568K, used 205856K [0x00000000eaaa0000, 0x0000000100000000, 0x0000000100000000)
 Metaspace       used 3957K, capacity 4568K, committed 4864K, reserved 1056768K
  class space    used 431K, capacity 460K, committed 512K, reserved 1048576K
2024-07-23T00:26:07.775+0800: 16.432: [GC (Allocation Failure) 2024-07-23T00:26:07.775+0800: 16.432: [ParNew
Desired survivor size 8945664 bytes, new threshold 6 (max 6)
: 0K->0K(157248K), 0.0007469 secs]2024-07-23T00:26:07.776+0800: 16.433: [CMS: 205856K->1056K(349568K), 0.0031338 secs] 205856K->1056K(506816K), [Metaspace: 3957K->3957K(1056768K)], 0.0039700 secs] [Times: user=0.00 sys=0.00, real=0.00 secs] 
Heap after GC invocations=366 (full 728):
 par new generation   total 157248K, used 0K [0x00000000e0000000, 0x00000000eaaa0000, 0x00000000eaaa0000)
  eden space 139776K,   0% used [0x00000000e0000000, 0x00000000e0000000, 0x00000000e8880000)
  from space 17472K,   0% used [0x00000000e8880000, 0x00000000e8880000, 0x00000000e9990000)
  to   space 17472K,   0% used [0x00000000e9990000, 0x00000000e9990000, 0x00000000eaaa0000)
 concurrent mark-sweep generation total 349568K, used 1056K [0x00000000eaaa0000, 0x0000000100000000, 0x0000000100000000)
 Metaspace       used 3957K, capacity 4568K, committed 4864K, reserved 1056768K
  class space    used 431K, capacity 460K, committed 512K, reserved 1048576K
}
2024-07-23T00:26:07.779+0800: 16.436: Total time for which application threads were stopped: 0.0041232 seconds, Stopping threads took: 0.0000533 seconds
2024-07-23T00:26:07.799+0800: 16.456: [GC (CMS Initial Mark) [1 CMS-initial-mark: 205856K(349568K)] 205856K(506816K), 0.0007123 secs] [Times: user=0.00 sys=0.00, real=0.00 secs] 
2024-07-23T00:26:07.800+0800: 16.457: Total time for which application threads were stopped: 0.0201869 seconds, Stopping threads took: 0.0194092 seconds
2024-07-23T00:26:07.800+0800: 16.457: [CMS-concurrent-mark-start]
2024-07-23T00:26:07.802+0800: 16.459: [CMS-concurrent-mark: 0.002/0.002 secs] [Times: user=0.00 sys=0.00, real=0.00 secs] 
2024-07-23T00:26:07.802+0800: 16.459: [CMS-concurrent-preclean-start]
2024-07-23T00:26:07.803+0800: 16.459: [CMS-concurrent-preclean: 0.000/0.000 secs] [Times: user=0.00 sys=0.00, real=0.00 secs] 
2024-07-23T00:26:07.803+0800: 16.459: [GC (CMS Final Remark) [YG occupancy: 0 K (157248 K)]2024-07-23T00:26:07.803+0800: 16.459: [Rescan (parallel) , 0.0006529 secs]2024-07-23T00:26:07.803+0800: 16.460: [weak refs processing, 0.0000110 secs]2024-07-23T00:26:07.803+0800: 16.460: [class unloading, 0.0002929 secs]2024-07-23T00:26:07.804+0800: 16.460: [scrub symbol table, 0.0004116 secs]2024-07-23T00:26:07.804+0800: 16.461: [scrub string table, 0.0001205 secs][1 CMS-remark: 205856K(349568K)] 205856K(506816K), 0.0015719 secs] [Times: user=0.00 sys=0.00, real=0.00 secs] 
2024-07-23T00:26:07.804+0800: 16.461: Total time for which application threads were stopped: 0.0016289 seconds, Stopping threads took: 0.0000197 seconds
2024-07-23T00:26:07.804+0800: 16.461: [CMS-concurrent-sweep-start]
2024-07-23T00:26:07.805+0800: 16.461: [CMS-concurrent-sweep: 0.000/0.000 secs] [Times: user=0.00 sys=0.00, real=0.00 secs] 
2024-07-23T00:26:07.805+0800: 16.461: [CMS-concurrent-reset-start]
2024-07-23T00:26:07.805+0800: 16.462: [CMS-concurrent-reset: 0.000/0.000 secs] [Times: user=0.00 sys=0.00, real=0.00 secs] 
{Heap before GC invocations=366 (full 729):
 par new generation   total 157248K, used 0K [0x00000000e0000000, 0x00000000eaaa0000, 0x00000000eaaa0000)
  eden space 139776K,   0% used [0x00000000e0000000, 0x00000000e0000000, 0x00000000e8880000)
  from space 17472K,   0% used [0x00000000e8880000, 0x00000000e8880000, 0x00000000e9990000)
  to   space 17472K,   0% used [0x00000000e9990000, 0x00000000e9990000, 0x00000000eaaa0000)
 concurrent mark-sweep generation total 349568K, used 205856K [0x00000000eaaa0000, 0x0000000100000000, 0x0000000100000000)
 Metaspace       used 3957K, capacity 4568K, committed 4864K, reserved 1056768K
  class space    used 431K, capacity 460K, committed 512K, reserved 1048576K
2024-07-23T00:26:07.822+0800: 16.479: [GC (Allocation Failure) 2024-07-23T00:26:07.825+0800: 16.482: [ParNew
Desired survivor size 8945664 bytes, new threshold 6 (max 6)
: 0K->0K(157248K), 0.0010979 secs]2024-07-23T00:26:07.826+0800: 16.483: [CMS: 205856K->1056K(349568K), 0.0033593 secs] 205856K->1056K(506816K), [Metaspace: 3957K->3957K(1056768K)], 0.0071017 secs] [Times: user=0.00 sys=0.00, real=0.01 secs] 
Heap after GC invocations=367 (full 730):
 par new generation   total 157248K, used 0K [0x00000000e0000000, 0x00000000eaaa0000, 0x00000000eaaa0000)
  eden space 139776K,   0% used [0x00000000e0000000, 0x00000000e0000000, 0x00000000e8880000)
  from space 17472K,   0% used [0x00000000e9990000, 0x00000000e9990000, 0x00000000eaaa0000)
  to   space 17472K,   0% used [0x00000000e8880000, 0x00000000e8880000, 0x00000000e9990000)
 concurrent mark-sweep generation total 349568K, used 1056K [0x00000000eaaa0000, 0x0000000100000000, 0x0000000100000000)
 Metaspace       used 3957K, capacity 4568K, committed 4864K, reserved 1056768K
  class space    used 431K, capacity 460K, committed 512K, reserved 1048576K
}
2024-07-23T00:26:07.829+0800: 16.486: Total time for which application threads were stopped: 0.0074099 seconds, Stopping threads took: 0.0001038 seconds
2024-07-23T00:26:07.850+0800: 16.507: [GC (CMS Initial Mark) [1 CMS-initial-mark: 205856K(349568K)] 205856K(506816K), 0.0007883 secs] [Times: user=0.00 sys=0.00, real=0.00 secs] 
2024-07-23T00:26:07.851+0800: 16.508: Total time for which application threads were stopped: 0.0207113 seconds, Stopping threads took: 0.0198549 seconds
2024-07-23T00:26:07.851+0800: 16.508: [CMS-concurrent-mark-start]
2024-07-23T00:26:07.853+0800: 16.510: [CMS-concurrent-mark: 0.003/0.003 secs] [Times: user=0.00 sys=0.00, real=0.00 secs] 
2024-07-23T00:26:07.853+0800: 16.510: [CMS-concurrent-preclean-start]
2024-07-23T00:26:07.854+0800: 16.511: [CMS-concurrent-preclean: 0.001/0.001 secs] [Times: user=0.00 sys=0.00, real=0.00 secs] 
2024-07-23T00:26:07.855+0800: 16.512: [GC (CMS Final Remark) [YG occupancy: 0 K (157248 K)]2024-07-23T00:26:07.855+0800: 16.512: [Rescan (parallel) , 0.0009830 secs]2024-07-23T00:26:07.856+0800: 16.513: [weak refs processing, 0.0000183 secs]2024-07-23T00:26:07.856+0800: 16.513: [class unloading, 0.0002950 secs]2024-07-23T00:26:07.856+0800: 16.513: [scrub symbol table, 0.0004139 secs]2024-07-23T00:26:07.856+0800: 16.513: [scrub string table, 0.0001369 secs][1 CMS-remark: 205856K(349568K)] 205856K(506816K), 0.0019329 secs] [Times: user=0.00 sys=0.00, real=0.00 secs] 
2024-07-23T00:26:07.856+0800: 16.514: Total time for which application threads were stopped: 0.0019924 seconds, Stopping threads took: 0.0000196 seconds
2024-07-23T00:26:07.857+0800: 16.514: [CMS-concurrent-sweep-start]
2024-07-23T00:26:07.857+0800: 16.514: [CMS-concurrent-sweep: 0.000/0.000 secs] [Times: user=0.00 sys=0.00, real=0.00 secs] 
2024-07-23T00:26:07.857+0800: 16.514: [CMS-concurrent-reset-start]
2024-07-23T00:26:07.857+0800: 16.514: [CMS-concurrent-reset: 0.000/0.000 secs] [Times: user=0.00 sys=0.00, real=0.00 secs] 
{Heap before GC invocations=367 (full 731):
 par new generation   total 157248K, used 0K [0x00000000e0000000, 0x00000000eaaa0000, 0x00000000eaaa0000)
  eden space 139776K,   0% used [0x00000000e0000000, 0x00000000e0000000, 0x00000000e8880000)
  from space 17472K,   0% used [0x00000000e9990000, 0x00000000e9990000, 0x00000000eaaa0000)
  to   space 17472K,   0% used [0x00000000e8880000, 0x00000000e8880000, 0x00000000e9990000)
 concurrent mark-sweep generation total 349568K, used 205856K [0x00000000eaaa0000, 0x0000000100000000, 0x0000000100000000)
 Metaspace       used 3957K, capacity 4568K, committed 4864K, reserved 1056768K
  class space    used 431K, capacity 460K, committed 512K, reserved 1048576K
2024-07-23T00:26:07.868+0800: 16.526: [GC (Allocation Failure) 2024-07-23T00:26:07.868+0800: 16.526: [ParNew
Desired survivor size 8945664 bytes, new threshold 6 (max 6)
: 0K->0K(157248K), 0.0024389 secs]2024-07-23T00:26:07.871+0800: 16.528: [CMS: 205856K->1056K(349568K), 0.0044245 secs] 205856K->1056K(506816K), [Metaspace: 3957K->3957K(1056768K)], 0.0070796 secs] [Times: user=0.00 sys=0.00, real=0.01 secs] 
Heap after GC invocations=368 (full 732):
 par new generation   total 157248K, used 0K [0x00000000e0000000, 0x00000000eaaa0000, 0x00000000eaaa0000)
  eden space 139776K,   0% used [0x00000000e0000000, 0x00000000e0000000, 0x00000000e8880000)
  from space 17472K,   0% used [0x00000000e8880000, 0x00000000e8880000, 0x00000000e9990000)
  to   space 17472K,   0% used [0x00000000e9990000, 0x00000000e9990000, 0x00000000eaaa0000)
 concurrent mark-sweep generation total 349568K, used 1056K [0x00000000eaaa0000, 0x0000000100000000, 0x0000000100000000)
 Metaspace       used 3957K, capacity 4568K, committed 4864K, reserved 1056768K
  class space    used 431K, capacity 460K, committed 512K, reserved 1048576K
}
2024-07-23T00:26:07.875+0800: 16.533: Total time for which application threads were stopped: 0.0073202 seconds, Stopping threads took: 0.0000431 seconds
2024-07-23T00:26:07.896+0800: 16.553: [GC (CMS Initial Mark) [1 CMS-initial-mark: 205856K(349568K)] 205856K(506816K), 0.0016068 secs] [Times: user=0.00 sys=0.00, real=0.00 secs] 
2024-07-23T00:26:07.897+0800: 16.555: Total time for which application threads were stopped: 0.0217003 seconds, Stopping threads took: 0.0199658 seconds
2024-07-23T00:26:07.897+0800: 16.555: [CMS-concurrent-mark-start]
2024-07-23T00:26:07.899+0800: 16.556: [CMS-concurrent-mark: 0.001/0.001 secs] [Times: user=0.00 sys=0.00, real=0.00 secs] 
2024-07-23T00:26:07.899+0800: 16.556: [CMS-concurrent-preclean-start]
2024-07-23T00:26:07.899+0800: 16.557: [CMS-concurrent-preclean: 0.000/0.000 secs] [Times: user=0.00 sys=0.00, real=0.00 secs] 
2024-07-23T00:26:07.900+0800: 16.557: [GC (CMS Final Remark) [YG occupancy: 0 K (157248 K)]2024-07-23T00:26:07.900+0800: 16.557: [Rescan (parallel) , 0.0007129 secs]2024-07-23T00:26:07.900+0800: 16.557: [weak refs processing, 0.0000096 secs]2024-07-23T00:26:07.900+0800: 16.557: [class unloading, 0.0002388 secs]2024-07-23T00:26:07.900+0800: 16.558: [scrub symbol table, 0.0003212 secs]2024-07-23T00:26:07.901+0800: 16.558: [scrub string table, 0.0000948 secs][1 CMS-remark: 205856K(349568K)] 205856K(506816K), 0.0014117 secs] [Times: user=0.00 sys=0.00, real=0.00 secs] 
2024-07-23T00:26:07.901+0800: 16.558: Total time for which application threads were stopped: 0.0014690 seconds, Stopping threads took: 0.0000169 seconds
2024-07-23T00:26:07.901+0800: 16.558: [CMS-concurrent-sweep-start]
2024-07-23T00:26:07.901+0800: 16.558: [CMS-concurrent-sweep: 0.000/0.000 secs] [Times: user=0.00 sys=0.00, real=0.00 secs] 
2024-07-23T00:26:07.901+0800: 16.558: [CMS-concurrent-reset-start]
2024-07-23T00:26:07.902+0800: 16.559: [CMS-concurrent-reset: 0.000/0.000 secs] [Times: user=0.00 sys=0.00, real=0.00 secs] 
{Heap before GC invocations=368 (full 733):
 par new generation   total 157248K, used 0K [0x00000000e0000000, 0x00000000eaaa0000, 0x00000000eaaa0000)
  eden space 139776K,   0% used [0x00000000e0000000, 0x00000000e0000000, 0x00000000e8880000)
  from space 17472K,   0% used [0x00000000e8880000, 0x00000000e8880000, 0x00000000e9990000)
  to   space 17472K,   0% used [0x00000000e9990000, 0x00000000e9990000, 0x00000000eaaa0000)
 concurrent mark-sweep generation total 349568K, used 205856K [0x00000000eaaa0000, 0x0000000100000000, 0x0000000100000000)
 Metaspace       used 3957K, capacity 4568K, committed 4864K, reserved 1056768K
  class space    used 431K, capacity 460K, committed 512K, reserved 1048576K
2024-07-23T00:26:07.915+0800: 16.572: [GC (Allocation Failure) 2024-07-23T00:26:07.915+0800: 16.572: [ParNew
Desired survivor size 8945664 bytes, new threshold 6 (max 6)
: 0K->0K(157248K), 0.0039438 secs]2024-07-23T00:26:07.919+0800: 16.576: [CMS: 205856K->1056K(349568K), 0.0027593 secs] 205856K->1056K(506816K), [Metaspace: 3957K->3957K(1056768K)], 0.0068241 secs] [Times: user=0.00 sys=0.00, real=0.01 secs] 
Heap after GC invocations=369 (full 734):
 par new generation   total 157248K, used 0K [0x00000000e0000000, 0x00000000eaaa0000, 0x00000000eaaa0000)
  eden space 139776K,   0% used [0x00000000e0000000, 0x00000000e0000000, 0x00000000e8880000)
  from space 17472K,   0% used [0x00000000e9990000, 0x00000000e9990000, 0x00000000eaaa0000)
  to   space 17472K,   0% used [0x00000000e8880000, 0x00000000e8880000, 0x00000000e9990000)
 concurrent mark-sweep generation total 349568K, used 1056K [0x00000000eaaa0000, 0x0000000100000000, 0x0000000100000000)
 Metaspace       used 3957K, capacity 4568K, committed 4864K, reserved 1056768K
  class space    used 431K, capacity 460K, committed 512K, reserved 1048576K
}
2024-07-23T00:26:07.922+0800: 16.579: Total time for which application threads were stopped: 0.0070131 seconds, Stopping threads took: 0.0000375 seconds
2024-07-23T00:26:07.939+0800: 16.596: [GC (CMS Initial Mark) [1 CMS-initial-mark: 205856K(349568K)] 205856K(506816K), 0.0010792 secs] [Times: user=0.00 sys=0.00, real=0.00 secs] 
2024-07-23T00:26:07.941+0800: 16.597: Total time for which application threads were stopped: 0.0179054 seconds, Stopping threads took: 0.0167577 seconds
2024-07-23T00:26:07.941+0800: 16.597: [CMS-concurrent-mark-start]
2024-07-23T00:26:07.942+0800: 16.598: [CMS-concurrent-mark: 0.001/0.001 secs] [Times: user=0.00 sys=0.00, real=0.00 secs] 
2024-07-23T00:26:07.942+0800: 16.598: [CMS-concurrent-preclean-start]
2024-07-23T00:26:07.942+0800: 16.599: [CMS-concurrent-preclean: 0.001/0.001 secs] [Times: user=0.00 sys=0.00, real=0.00 secs] 
2024-07-23T00:26:07.942+0800: 16.599: [GC (CMS Final Remark) [YG occupancy: 0 K (157248 K)]2024-07-23T00:26:07.942+0800: 16.599: [Rescan (parallel) , 0.0005988 secs]2024-07-23T00:26:07.943+0800: 16.600: [weak refs processing, 0.0000161 secs]2024-07-23T00:26:07.943+0800: 16.600: [class unloading, 0.0002443 secs]2024-07-23T00:26:07.943+0800: 16.600: [scrub symbol table, 0.0003706 secs]2024-07-23T00:26:07.944+0800: 16.600: [scrub string table, 0.0001150 secs][1 CMS-remark: 205856K(349568K)] 205856K(506816K), 0.0013949 secs] [Times: user=0.00 sys=0.00, real=0.00 secs] 
2024-07-23T00:26:07.944+0800: 16.600: Total time for which application threads were stopped: 0.0014502 seconds, Stopping threads took: 0.0000197 seconds
2024-07-23T00:26:07.944+0800: 16.601: [CMS-concurrent-sweep-start]
2024-07-23T00:26:07.944+0800: 16.601: [CMS-concurrent-sweep: 0.000/0.000 secs] [Times: user=0.00 sys=0.00, real=0.00 secs] 
2024-07-23T00:26:07.944+0800: 16.601: [CMS-concurrent-reset-start]
2024-07-23T00:26:07.945+0800: 16.601: [CMS-concurrent-reset: 0.001/0.001 secs] [Times: user=0.00 sys=0.00, real=0.00 secs] 
{Heap before GC invocations=369 (full 735):
 par new generation   total 157248K, used 0K [0x00000000e0000000, 0x00000000eaaa0000, 0x00000000eaaa0000)
  eden space 139776K,   0% used [0x00000000e0000000, 0x00000000e0000000, 0x00000000e8880000)
  from space 17472K,   0% used [0x00000000e9990000, 0x00000000e9990000, 0x00000000eaaa0000)
  to   space 17472K,   0% used [0x00000000e8880000, 0x00000000e8880000, 0x00000000e9990000)
 concurrent mark-sweep generation total 349568K, used 205856K [0x00000000eaaa0000, 0x0000000100000000, 0x0000000100000000)
 Metaspace       used 3957K, capacity 4568K, committed 4864K, reserved 1056768K
  class space    used 431K, capacity 460K, committed 512K, reserved 1048576K
2024-07-23T00:26:07.962+0800: 16.619: [GC (Allocation Failure) 2024-07-23T00:26:07.962+0800: 16.619: [ParNew
Desired survivor size 8945664 bytes, new threshold 6 (max 6)
: 0K->0K(157248K), 0.0022310 secs]2024-07-23T00:26:07.964+0800: 16.621: [CMS: 205856K->1056K(349568K), 0.0042153 secs] 205856K->1056K(506816K), [Metaspace: 3957K->3957K(1056768K)], 0.0065781 secs] [Times: user=0.00 sys=0.00, real=0.01 secs] 
Heap after GC invocations=370 (full 736):
 par new generation   total 157248K, used 0K [0x00000000e0000000, 0x00000000eaaa0000, 0x00000000eaaa0000)
  eden space 139776K,   0% used [0x00000000e0000000, 0x00000000e0000000, 0x00000000e8880000)
  from space 17472K,   0% used [0x00000000e8880000, 0x00000000e8880000, 0x00000000e9990000)
  to   space 17472K,   0% used [0x00000000e9990000, 0x00000000e9990000, 0x00000000eaaa0000)
 concurrent mark-sweep generation total 349568K, used 1056K [0x00000000eaaa0000, 0x0000000100000000, 0x0000000100000000)
 Metaspace       used 3957K, capacity 4568K, committed 4864K, reserved 1056768K
  class space    used 431K, capacity 460K, committed 512K, reserved 1048576K
}
2024-07-23T00:26:07.969+0800: 16.626: Total time for which application threads were stopped: 0.0067977 seconds, Stopping threads took: 0.0000314 seconds
2024-07-23T00:26:07.987+0800: 16.644: [GC (CMS Initial Mark) [1 CMS-initial-mark: 205856K(349568K)] 205856K(506816K), 0.0011582 secs] [Times: user=0.00 sys=0.00, real=0.00 secs] 
2024-07-23T00:26:07.988+0800: 16.645: Total time for which application threads were stopped: 0.0188992 seconds, Stopping threads took: 0.0176502 seconds
2024-07-23T00:26:07.988+0800: 16.645: [CMS-concurrent-mark-start]
2024-07-23T00:26:07.990+0800: 16.647: [CMS-concurrent-mark: 0.002/0.002 secs] [Times: user=0.00 sys=0.00, real=0.00 secs] 
2024-07-23T00:26:07.990+0800: 16.647: [CMS-concurrent-preclean-start]
2024-07-23T00:26:07.990+0800: 16.647: [CMS-concurrent-preclean: 0.000/0.000 secs] [Times: user=0.00 sys=0.00, real=0.00 secs] 
2024-07-23T00:26:07.990+0800: 16.648: [GC (CMS Final Remark) [YG occupancy: 0 K (157248 K)]2024-07-23T00:26:07.990+0800: 16.648: [Rescan (parallel) , 0.0004220 secs]2024-07-23T00:26:07.991+0800: 16.648: [weak refs processing, 0.0000070 secs]2024-07-23T00:26:07.991+0800: 16.648: [class unloading, 0.0001847 secs]2024-07-23T00:26:07.991+0800: 16.648: [scrub symbol table, 0.0003193 secs]2024-07-23T00:26:07.991+0800: 16.649: [scrub string table, 0.0000915 secs][1 CMS-remark: 205856K(349568K)] 205856K(506816K), 0.0010579 secs] [Times: user=0.00 sys=0.00, real=0.00 secs] 
2024-07-23T00:26:07.991+0800: 16.649: Total time for which application threads were stopped: 0.0011012 seconds, Stopping threads took: 0.0000169 seconds
2024-07-23T00:26:07.991+0800: 16.649: [CMS-concurrent-sweep-start]
2024-07-23T00:26:07.992+0800: 16.649: [CMS-concurrent-sweep: 0.000/0.000 secs] [Times: user=0.00 sys=0.00, real=0.00 secs] 
2024-07-23T00:26:07.992+0800: 16.649: [CMS-concurrent-reset-start]
2024-07-23T00:26:07.992+0800: 16.649: [CMS-concurrent-reset: 0.000/0.000 secs] [Times: user=0.00 sys=0.00, real=0.00 secs] 
{Heap before GC invocations=370 (full 737):
 par new generation   total 157248K, used 0K [0x00000000e0000000, 0x00000000eaaa0000, 0x00000000eaaa0000)
  eden space 139776K,   0% used [0x00000000e0000000, 0x00000000e0000000, 0x00000000e8880000)
  from space 17472K,   0% used [0x00000000e8880000, 0x00000000e8880000, 0x00000000e9990000)
  to   space 17472K,   0% used [0x00000000e9990000, 0x00000000e9990000, 0x00000000eaaa0000)
 concurrent mark-sweep generation total 349568K, used 205856K [0x00000000eaaa0000, 0x0000000100000000, 0x0000000100000000)
 Metaspace       used 3957K, capacity 4568K, committed 4864K, reserved 1056768K
  class space    used 431K, capacity 460K, committed 512K, reserved 1048576K
2024-07-23T00:26:08.008+0800: 16.665: [GC (Allocation Failure) 2024-07-23T00:26:08.008+0800: 16.665: [ParNew
Desired survivor size 8945664 bytes, new threshold 6 (max 6)
: 0K->0K(157248K), 0.0020282 secs]2024-07-23T00:26:08.010+0800: 16.667: [CMS: 205856K->1056K(349568K), 0.0026237 secs] 205856K->1056K(506816K), [Metaspace: 3957K->3957K(1056768K)], 0.0047532 secs] [Times: user=0.00 sys=0.00, real=0.01 secs] 
Heap after GC invocations=371 (full 738):
 par new generation   total 157248K, used 0K [0x00000000e0000000, 0x00000000eaaa0000, 0x00000000eaaa0000)
  eden space 139776K,   0% used [0x00000000e0000000, 0x00000000e0000000, 0x00000000e8880000)
  from space 17472K,   0% used [0x00000000e9990000, 0x00000000e9990000, 0x00000000eaaa0000)
  to   space 17472K,   0% used [0x00000000e8880000, 0x00000000e8880000, 0x00000000e9990000)
 concurrent mark-sweep generation total 349568K, used 1056K [0x00000000eaaa0000, 0x0000000100000000, 0x0000000100000000)
 Metaspace       used 3957K, capacity 4568K, committed 4864K, reserved 1056768K
  class space    used 431K, capacity 460K, committed 512K, reserved 1048576K
}
2024-07-23T00:26:08.013+0800: 16.670: Total time for which application threads were stopped: 0.0048832 seconds, Stopping threads took: 0.0000240 seconds
2024-07-23T00:26:08.030+0800: 16.687: [GC (CMS Initial Mark) [1 CMS-initial-mark: 205856K(349568K)] 205856K(506816K), 0.0012822 secs] [Times: user=0.00 sys=0.00, real=0.00 secs] 
2024-07-23T00:26:08.031+0800: 16.688: Total time for which application threads were stopped: 0.0179519 seconds, Stopping threads took: 0.0165768 seconds
2024-07-23T00:26:08.031+0800: 16.688: [CMS-concurrent-mark-start]
2024-07-23T00:26:08.033+0800: 16.690: [CMS-concurrent-mark: 0.001/0.001 secs] [Times: user=0.00 sys=0.00, real=0.00 secs] 
2024-07-23T00:26:08.033+0800: 16.690: [CMS-concurrent-preclean-start]
2024-07-23T00:26:08.033+0800: 16.690: [CMS-concurrent-preclean: 0.000/0.000 secs] [Times: user=0.00 sys=0.00, real=0.00 secs] 
2024-07-23T00:26:08.033+0800: 16.690: [GC (CMS Final Remark) [YG occupancy: 0 K (157248 K)]2024-07-23T00:26:08.033+0800: 16.690: [Rescan (parallel) , 0.0007391 secs]2024-07-23T00:26:08.033+0800: 16.691: [weak refs processing, 0.0000099 secs]2024-07-23T00:26:08.033+0800: 16.691: [class unloading, 0.0002460 secs]2024-07-23T00:26:08.034+0800: 16.691: [scrub symbol table, 0.0003689 secs]2024-07-23T00:26:08.034+0800: 16.691: [scrub string table, 0.0001122 secs][1 CMS-remark: 205856K(349568K)] 205856K(506816K), 0.0015276 secs] [Times: user=0.00 sys=0.00, real=0.00 secs] 
2024-07-23T00:26:08.034+0800: 16.691: Total time for which application threads were stopped: 0.0015751 seconds, Stopping threads took: 0.0000158 seconds
2024-07-23T00:26:08.034+0800: 16.691: [CMS-concurrent-sweep-start]
2024-07-23T00:26:08.034+0800: 16.692: [CMS-concurrent-sweep: 0.000/0.000 secs] [Times: user=0.00 sys=0.00, real=0.00 secs] 
2024-07-23T00:26:08.034+0800: 16.692: [CMS-concurrent-reset-start]
2024-07-23T00:26:08.035+0800: 16.692: [CMS-concurrent-reset: 0.000/0.000 secs] [Times: user=0.00 sys=0.00, real=0.00 secs] 
{Heap before GC invocations=371 (full 739):
 par new generation   total 157248K, used 0K [0x00000000e0000000, 0x00000000eaaa0000, 0x00000000eaaa0000)
  eden space 139776K,   0% used [0x00000000e0000000, 0x00000000e0000000, 0x00000000e8880000)
  from space 17472K,   0% used [0x00000000e9990000, 0x00000000e9990000, 0x00000000eaaa0000)
  to   space 17472K,   0% used [0x00000000e8880000, 0x00000000e8880000, 0x00000000e9990000)
 concurrent mark-sweep generation total 349568K, used 205856K [0x00000000eaaa0000, 0x0000000100000000, 0x0000000100000000)
 Metaspace       used 3957K, capacity 4568K, committed 4864K, reserved 1056768K
  class space    used 431K, capacity 460K, committed 512K, reserved 1048576K
2024-07-23T00:26:08.054+0800: 16.711: [GC (Allocation Failure) 2024-07-23T00:26:08.054+0800: 16.711: [ParNew
Desired survivor size 8945664 bytes, new threshold 6 (max 6)
: 0K->0K(157248K), 0.0017758 secs]2024-07-23T00:26:08.056+0800: 16.713: [CMS: 205856K->1056K(349568K), 0.0053267 secs] 205856K->1056K(506816K), [Metaspace: 3957K->3957K(1056768K)], 0.0073205 secs] [Times: user=0.00 sys=0.00, real=0.01 secs] 
Heap after GC invocations=372 (full 740):
 par new generation   total 157248K, used 0K [0x00000000e0000000, 0x00000000eaaa0000, 0x00000000eaaa0000)
  eden space 139776K,   0% used [0x00000000e0000000, 0x00000000e0000000, 0x00000000e8880000)
  from space 17472K,   0% used [0x00000000e8880000, 0x00000000e8880000, 0x00000000e9990000)
  to   space 17472K,   0% used [0x00000000e9990000, 0x00000000e9990000, 0x00000000eaaa0000)
 concurrent mark-sweep generation total 349568K, used 1056K [0x00000000eaaa0000, 0x0000000100000000, 0x0000000100000000)
 Metaspace       used 3957K, capacity 4568K, committed 4864K, reserved 1056768K
  class space    used 431K, capacity 460K, committed 512K, reserved 1048576K
}
2024-07-23T00:26:08.061+0800: 16.719: Total time for which application threads were stopped: 0.0075266 seconds, Stopping threads took: 0.0000352 seconds
2024-07-23T00:26:08.080+0800: 16.736: [GC (CMS Initial Mark) [1 CMS-initial-mark: 205856K(349568K)] 205856K(506816K), 0.0005386 secs] [Times: user=0.00 sys=0.00, real=0.00 secs] 
2024-07-23T00:26:08.080+0800: 16.737: Total time for which application threads were stopped: 0.0180071 seconds, Stopping threads took: 0.0173897 seconds
2024-07-23T00:26:08.080+0800: 16.737: [CMS-concurrent-mark-start]
2024-07-23T00:26:08.081+0800: 16.738: [CMS-concurrent-mark: 0.001/0.001 secs] [Times: user=0.00 sys=0.00, real=0.00 secs] 
2024-07-23T00:26:08.081+0800: 16.738: [CMS-concurrent-preclean-start]
2024-07-23T00:26:08.082+0800: 16.738: [CMS-concurrent-preclean: 0.000/0.000 secs] [Times: user=0.00 sys=0.00, real=0.00 secs] 
2024-07-23T00:26:08.082+0800: 16.738: [GC (CMS Final Remark) [YG occupancy: 0 K (157248 K)]2024-07-23T00:26:08.082+0800: 16.739: [Rescan (parallel) , 0.0002397 secs]2024-07-23T00:26:08.082+0800: 16.739: [weak refs processing, 0.0000131 secs]2024-07-23T00:26:08.082+0800: 16.739: [class unloading, 0.0002486 secs]2024-07-23T00:26:08.082+0800: 16.739: [scrub symbol table, 0.0004218 secs]2024-07-23T00:26:08.083+0800: 16.739: [scrub string table, 0.0000823 secs][1 CMS-remark: 205856K(349568K)] 205856K(506816K), 0.0010625 secs] [Times: user=0.00 sys=0.00, real=0.00 secs] 
2024-07-23T00:26:08.083+0800: 16.740: Total time for which application threads were stopped: 0.0011029 seconds, Stopping threads took: 0.0000156 seconds
2024-07-23T00:26:08.083+0800: 16.740: [CMS-concurrent-sweep-start]
2024-07-23T00:26:08.083+0800: 16.740: [CMS-concurrent-sweep: 0.000/0.000 secs] [Times: user=0.00 sys=0.00, real=0.00 secs] 
2024-07-23T00:26:08.083+0800: 16.740: [CMS-concurrent-reset-start]
2024-07-23T00:26:08.084+0800: 16.740: [CMS-concurrent-reset: 0.000/0.000 secs] [Times: user=0.00 sys=0.00, real=0.00 secs] 
{Heap before GC invocations=372 (full 741):
 par new generation   total 157248K, used 0K [0x00000000e0000000, 0x00000000eaaa0000, 0x00000000eaaa0000)
  eden space 139776K,   0% used [0x00000000e0000000, 0x00000000e0000000, 0x00000000e8880000)
  from space 17472K,   0% used [0x00000000e8880000, 0x00000000e8880000, 0x00000000e9990000)
  to   space 17472K,   0% used [0x00000000e9990000, 0x00000000e9990000, 0x00000000eaaa0000)
 concurrent mark-sweep generation total 349568K, used 205856K [0x00000000eaaa0000, 0x0000000100000000, 0x0000000100000000)
 Metaspace       used 3957K, capacity 4568K, committed 4864K, reserved 1056768K
  class space    used 431K, capacity 460K, committed 512K, reserved 1048576K
2024-07-23T00:26:08.101+0800: 16.758: [GC (Allocation Failure) 2024-07-23T00:26:08.101+0800: 16.758: [ParNew
Desired survivor size 8945664 bytes, new threshold 6 (max 6)
: 0K->0K(157248K), 0.0014007 secs]2024-07-23T00:26:08.102+0800: 16.759: [CMS: 205856K->1056K(349568K), 0.0026759 secs] 205856K->1056K(506816K), [Metaspace: 3957K->3957K(1056768K)], 0.0042145 secs] [Times: user=0.00 sys=0.00, real=0.00 secs] 
Heap after GC invocations=373 (full 742):
 par new generation   total 157248K, used 0K [0x00000000e0000000, 0x00000000eaaa0000, 0x00000000eaaa0000)
  eden space 139776K,   0% used [0x00000000e0000000, 0x00000000e0000000, 0x00000000e8880000)
  from space 17472K,   0% used [0x00000000e9990000, 0x00000000e9990000, 0x00000000eaaa0000)
  to   space 17472K,   0% used [0x00000000e8880000, 0x00000000e8880000, 0x00000000e9990000)
 concurrent mark-sweep generation total 349568K, used 1056K [0x00000000eaaa0000, 0x0000000100000000, 0x0000000100000000)
 Metaspace       used 3957K, capacity 4568K, committed 4864K, reserved 1056768K
  class space    used 431K, capacity 460K, committed 512K, reserved 1048576K
}
2024-07-23T00:26:08.105+0800: 16.762: Total time for which application threads were stopped: 0.0043474 seconds, Stopping threads took: 0.0000294 seconds
2024-07-23T00:26:08.122+0800: 16.780: [GC (CMS Initial Mark) [1 CMS-initial-mark: 205856K(349568K)] 205856K(506816K), 0.0012946 secs] [Times: user=0.00 sys=0.00, real=0.00 secs] 
2024-07-23T00:26:08.124+0800: 16.781: Total time for which application threads were stopped: 0.0191380 seconds, Stopping threads took: 0.0177487 seconds
2024-07-23T00:26:08.124+0800: 16.781: [CMS-concurrent-mark-start]
2024-07-23T00:26:08.125+0800: 16.782: [CMS-concurrent-mark: 0.001/0.001 secs] [Times: user=0.00 sys=0.00, real=0.00 secs] 
2024-07-23T00:26:08.125+0800: 16.782: [CMS-concurrent-preclean-start]
2024-07-23T00:26:08.125+0800: 16.783: [CMS-concurrent-preclean: 0.000/0.000 secs] [Times: user=0.00 sys=0.00, real=0.00 secs] 
2024-07-23T00:26:08.125+0800: 16.783: [GC (CMS Final Remark) [YG occupancy: 0 K (157248 K)]2024-07-23T00:26:08.125+0800: 16.783: [Rescan (parallel) , 0.0008108 secs]2024-07-23T00:26:08.127+0800: 16.784: [weak refs processing, 0.0000122 secs]2024-07-23T00:26:08.127+0800: 16.784: [class unloading, 0.0002571 secs]2024-07-23T00:26:08.127+0800: 16.784: [scrub symbol table, 0.0003698 secs]2024-07-23T00:26:08.127+0800: 16.784: [scrub string table, 0.0001177 secs][1 CMS-remark: 205856K(349568K)] 205856K(506816K), 0.0016404 secs] [Times: user=0.00 sys=0.00, real=0.00 secs] 
2024-07-23T00:26:08.127+0800: 16.784: Total time for which application threads were stopped: 0.0017036 seconds, Stopping threads took: 0.0000207 seconds
2024-07-23T00:26:08.127+0800: 16.785: [CMS-concurrent-sweep-start]
2024-07-23T00:26:08.128+0800: 16.785: [CMS-concurrent-sweep: 0.000/0.000 secs] [Times: user=0.00 sys=0.00, real=0.00 secs] 
2024-07-23T00:26:08.128+0800: 16.785: [CMS-concurrent-reset-start]
2024-07-23T00:26:08.128+0800: 16.785: [CMS-concurrent-reset: 0.000/0.000 secs] [Times: user=0.00 sys=0.00, real=0.00 secs] 
{Heap before GC invocations=373 (full 743):
 par new generation   total 157248K, used 0K [0x00000000e0000000, 0x00000000eaaa0000, 0x00000000eaaa0000)
  eden space 139776K,   0% used [0x00000000e0000000, 0x00000000e0000000, 0x00000000e8880000)
  from space 17472K,   0% used [0x00000000e9990000, 0x00000000e9990000, 0x00000000eaaa0000)
  to   space 17472K,   0% used [0x00000000e8880000, 0x00000000e8880000, 0x00000000e9990000)
 concurrent mark-sweep generation total 349568K, used 205856K [0x00000000eaaa0000, 0x0000000100000000, 0x0000000100000000)
 Metaspace       used 3957K, capacity 4568K, committed 4864K, reserved 1056768K
  class space    used 431K, capacity 460K, committed 512K, reserved 1048576K
2024-07-23T00:26:08.148+0800: 16.805: [GC (Allocation Failure) 2024-07-23T00:26:08.148+0800: 16.805: [ParNew
Desired survivor size 8945664 bytes, new threshold 6 (max 6)
: 0K->0K(157248K), 0.0017853 secs]2024-07-23T00:26:08.150+0800: 16.807: [CMS: 205856K->1056K(349568K), 0.0028982 secs] 205856K->1056K(506816K), [Metaspace: 3957K->3957K(1056768K)], 0.0047830 secs] [Times: user=0.00 sys=0.00, real=0.01 secs] 
Heap after GC invocations=374 (full 744):
 par new generation   total 157248K, used 0K [0x00000000e0000000, 0x00000000eaaa0000, 0x00000000eaaa0000)
  eden space 139776K,   0% used [0x00000000e0000000, 0x00000000e0000000, 0x00000000e8880000)
  from space 17472K,   0% used [0x00000000e8880000, 0x00000000e8880000, 0x00000000e9990000)
  to   space 17472K,   0% used [0x00000000e9990000, 0x00000000e9990000, 0x00000000eaaa0000)
 concurrent mark-sweep generation total 349568K, used 1056K [0x00000000eaaa0000, 0x0000000100000000, 0x0000000100000000)
 Metaspace       used 3957K, capacity 4568K, committed 4864K, reserved 1056768K
  class space    used 431K, capacity 460K, committed 512K, reserved 1048576K
}
2024-07-23T00:26:08.153+0800: 16.810: Total time for which application threads were stopped: 0.0049543 seconds, Stopping threads took: 0.0000372 seconds
2024-07-23T00:26:08.170+0800: 16.827: [GC (CMS Initial Mark) [1 CMS-initial-mark: 205856K(349568K)] 205856K(506816K), 0.0009729 secs] [Times: user=0.00 sys=0.00, real=0.00 secs] 
2024-07-23T00:26:08.171+0800: 16.828: Total time for which application threads were stopped: 0.0179809 seconds, Stopping threads took: 0.0169307 seconds
2024-07-23T00:26:08.171+0800: 16.828: [CMS-concurrent-mark-start]
2024-07-23T00:26:08.172+0800: 16.829: [CMS-concurrent-mark: 0.001/0.001 secs] [Times: user=0.00 sys=0.00, real=0.00 secs] 
2024-07-23T00:26:08.172+0800: 16.829: [CMS-concurrent-preclean-start]
2024-07-23T00:26:08.172+0800: 16.830: [CMS-concurrent-preclean: 0.000/0.000 secs] [Times: user=0.00 sys=0.00, real=0.00 secs] 
2024-07-23T00:26:08.173+0800: 16.830: [GC (CMS Final Remark) [YG occupancy: 0 K (157248 K)]2024-07-23T00:26:08.173+0800: 16.830: [Rescan (parallel) , 0.0010726 secs]2024-07-23T00:26:08.174+0800: 16.831: [weak refs processing, 0.0000085 secs]2024-07-23T00:26:08.174+0800: 16.831: [class unloading, 0.0001947 secs]2024-07-23T00:26:08.174+0800: 16.831: [scrub symbol table, 0.0003223 secs]2024-07-23T00:26:08.174+0800: 16.832: [scrub string table, 0.0000930 secs][1 CMS-remark: 205856K(349568K)] 205856K(506816K), 0.0017341 secs] [Times: user=0.00 sys=0.00, real=0.00 secs] 
2024-07-23T00:26:08.174+0800: 16.832: Total time for which application threads were stopped: 0.0017879 seconds, Stopping threads took: 0.0000241 seconds
2024-07-23T00:26:08.174+0800: 16.832: [CMS-concurrent-sweep-start]
2024-07-23T00:26:08.174+0800: 16.832: [CMS-concurrent-sweep: 0.000/0.000 secs] [Times: user=0.00 sys=0.00, real=0.00 secs] 
2024-07-23T00:26:08.174+0800: 16.832: [CMS-concurrent-reset-start]
2024-07-23T00:26:08.175+0800: 16.832: [CMS-concurrent-reset: 0.000/0.000 secs] [Times: user=0.00 sys=0.00, real=0.00 secs] 
{Heap before GC invocations=374 (full 745):
 par new generation   total 157248K, used 0K [0x00000000e0000000, 0x00000000eaaa0000, 0x00000000eaaa0000)
  eden space 139776K,   0% used [0x00000000e0000000, 0x00000000e0000000, 0x00000000e8880000)
  from space 17472K,   0% used [0x00000000e8880000, 0x00000000e8880000, 0x00000000e9990000)
  to   space 17472K,   0% used [0x00000000e9990000, 0x00000000e9990000, 0x00000000eaaa0000)
 concurrent mark-sweep generation total 349568K, used 205856K [0x00000000eaaa0000, 0x0000000100000000, 0x0000000100000000)
 Metaspace       used 3957K, capacity 4568K, committed 4864K, reserved 1056768K
  class space    used 431K, capacity 460K, committed 512K, reserved 1048576K
2024-07-23T00:26:08.195+0800: 16.852: [GC (Allocation Failure) 2024-07-23T00:26:08.195+0800: 16.852: [ParNew
Desired survivor size 8945664 bytes, new threshold 6 (max 6)
: 0K->0K(157248K), 0.0024105 secs]2024-07-23T00:26:08.198+0800: 16.855: [CMS: 205856K->1056K(349568K), 0.0056125 secs] 205856K->1056K(506816K), [Metaspace: 3957K->3957K(1056768K)], 0.0082153 secs] [Times: user=0.00 sys=0.00, real=0.01 secs] 
Heap after GC invocations=375 (full 746):
 par new generation   total 157248K, used 0K [0x00000000e0000000, 0x00000000eaaa0000, 0x00000000eaaa0000)
  eden space 139776K,   0% used [0x00000000e0000000, 0x00000000e0000000, 0x00000000e8880000)
  from space 17472K,   0% used [0x00000000e9990000, 0x00000000e9990000, 0x00000000eaaa0000)
  to   space 17472K,   0% used [0x00000000e8880000, 0x00000000e8880000, 0x00000000e9990000)
 concurrent mark-sweep generation total 349568K, used 1056K [0x00000000eaaa0000, 0x0000000100000000, 0x0000000100000000)
 Metaspace       used 3957K, capacity 4568K, committed 4864K, reserved 1056768K
  class space    used 431K, capacity 460K, committed 512K, reserved 1048576K
}
2024-07-23T00:26:08.203+0800: 16.860: Total time for which application threads were stopped: 0.0084422 seconds, Stopping threads took: 0.0000823 seconds
2024-07-23T00:26:08.221+0800: 16.879: [GC (CMS Initial Mark) [1 CMS-initial-mark: 205856K(349568K)] 205856K(506816K), 0.0012259 secs] [Times: user=0.00 sys=0.00, real=0.00 secs] 
2024-07-23T00:26:08.223+0800: 16.880: Total time for which application threads were stopped: 0.0191161 seconds, Stopping threads took: 0.0178128 seconds
2024-07-23T00:26:08.223+0800: 16.880: [CMS-concurrent-mark-start]
2024-07-23T00:26:08.224+0800: 16.881: [CMS-concurrent-mark: 0.001/0.001 secs] [Times: user=0.00 sys=0.00, real=0.00 secs] 
2024-07-23T00:26:08.224+0800: 16.881: [CMS-concurrent-preclean-start]
2024-07-23T00:26:08.225+0800: 16.882: [CMS-concurrent-preclean: 0.001/0.001 secs] [Times: user=0.00 sys=0.00, real=0.00 secs] 
2024-07-23T00:26:08.225+0800: 16.882: [GC (CMS Final Remark) [YG occupancy: 0 K (157248 K)]2024-07-23T00:26:08.225+0800: 16.882: [Rescan (parallel) , 0.0005959 secs]2024-07-23T00:26:08.225+0800: 16.883: [weak refs processing, 0.0000099 secs]2024-07-23T00:26:08.225+0800: 16.883: [class unloading, 0.0002605 secs]2024-07-23T00:26:08.226+0800: 16.883: [scrub symbol table, 0.0004444 secs]2024-07-23T00:26:08.226+0800: 16.883: [scrub string table, 0.0001010 secs][1 CMS-remark: 205856K(349568K)] 205856K(506816K), 0.0014687 secs] [Times: user=0.00 sys=0.00, real=0.00 secs] 
2024-07-23T00:26:08.226+0800: 16.883: Total time for which application threads were stopped: 0.0015140 seconds, Stopping threads took: 0.0000183 seconds
2024-07-23T00:26:08.226+0800: 16.884: [CMS-concurrent-sweep-start]
2024-07-23T00:26:08.226+0800: 16.884: [CMS-concurrent-sweep: 0.000/0.000 secs] [Times: user=0.00 sys=0.00, real=0.00 secs] 
2024-07-23T00:26:08.226+0800: 16.884: [CMS-concurrent-reset-start]
2024-07-23T00:26:08.227+0800: 16.884: [CMS-concurrent-reset: 0.000/0.000 secs] [Times: user=0.00 sys=0.00, real=0.00 secs] 
{Heap before GC invocations=375 (full 747):
 par new generation   total 157248K, used 0K [0x00000000e0000000, 0x00000000eaaa0000, 0x00000000eaaa0000)
  eden space 139776K,   0% used [0x00000000e0000000, 0x00000000e0000000, 0x00000000e8880000)
  from space 17472K,   0% used [0x00000000e9990000, 0x00000000e9990000, 0x00000000eaaa0000)
  to   space 17472K,   0% used [0x00000000e8880000, 0x00000000e8880000, 0x00000000e9990000)
 concurrent mark-sweep generation total 349568K, used 205856K [0x00000000eaaa0000, 0x0000000100000000, 0x0000000100000000)
 Metaspace       used 3957K, capacity 4568K, committed 4864K, reserved 1056768K
  class space    used 431K, capacity 460K, committed 512K, reserved 1048576K
2024-07-23T00:26:08.242+0800: 16.899: [GC (Allocation Failure) 2024-07-23T00:26:08.242+0800: 16.899: [ParNew
Desired survivor size 8945664 bytes, new threshold 6 (max 6)
: 0K->0K(157248K), 0.0025330 secs]2024-07-23T00:26:08.244+0800: 16.901: [CMS: 205856K->1056K(349568K), 0.0023241 secs] 205856K->1056K(506816K), [Metaspace: 3957K->3957K(1056768K)], 0.0049535 secs] [Times: user=0.00 sys=0.00, real=0.00 secs] 
Heap after GC invocations=376 (full 748):
 par new generation   total 157248K, used 0K [0x00000000e0000000, 0x00000000eaaa0000, 0x00000000eaaa0000)
  eden space 139776K,   0% used [0x00000000e0000000, 0x00000000e0000000, 0x00000000e8880000)
  from space 17472K,   0% used [0x00000000e8880000, 0x00000000e8880000, 0x00000000e9990000)
  to   space 17472K,   0% used [0x00000000e9990000, 0x00000000e9990000, 0x00000000eaaa0000)
 concurrent mark-sweep generation total 349568K, used 1056K [0x00000000eaaa0000, 0x0000000100000000, 0x0000000100000000)
 Metaspace       used 3957K, capacity 4568K, committed 4864K, reserved 1056768K
  class space    used 431K, capacity 460K, committed 512K, reserved 1048576K
}
2024-07-23T00:26:08.246+0800: 16.904: Total time for which application threads were stopped: 0.0051056 seconds, Stopping threads took: 0.0000325 seconds
2024-07-23T00:26:08.264+0800: 16.921: [GC (CMS Initial Mark) [1 CMS-initial-mark: 205856K(349568K)] 205856K(506816K), 0.0007684 secs] [Times: user=0.00 sys=0.00, real=0.00 secs] 
2024-07-23T00:26:08.265+0800: 16.922: Total time for which application threads were stopped: 0.0177656 seconds, Stopping threads took: 0.0169248 seconds
2024-07-23T00:26:08.265+0800: 16.922: [CMS-concurrent-mark-start]
2024-07-23T00:26:08.266+0800: 16.923: [CMS-concurrent-mark: 0.001/0.001 secs] [Times: user=0.00 sys=0.00, real=0.00 secs] 
2024-07-23T00:26:08.266+0800: 16.923: [CMS-concurrent-preclean-start]
2024-07-23T00:26:08.266+0800: 16.924: [CMS-concurrent-preclean: 0.000/0.000 secs] [Times: user=0.00 sys=0.00, real=0.00 secs] 
2024-07-23T00:26:08.267+0800: 16.924: [GC (CMS Final Remark) [YG occupancy: 0 K (157248 K)]2024-07-23T00:26:08.267+0800: 16.924: [Rescan (parallel) , 0.0005120 secs]2024-07-23T00:26:08.267+0800: 16.924: [weak refs processing, 0.0000102 secs]2024-07-23T00:26:08.267+0800: 16.924: [class unloading, 0.0002429 secs]2024-07-23T00:26:08.267+0800: 16.925: [scrub symbol table, 0.0004036 secs]2024-07-23T00:26:08.268+0800: 16.925: [scrub string table, 0.0001110 secs][1 CMS-remark: 205856K(349568K)] 205856K(506816K), 0.0013517 secs] [Times: user=0.00 sys=0.00, real=0.00 secs] 
2024-07-23T00:26:08.268+0800: 16.925: Total time for which application threads were stopped: 0.0013971 seconds, Stopping threads took: 0.0000175 seconds
2024-07-23T00:26:08.268+0800: 16.925: [CMS-concurrent-sweep-start]
2024-07-23T00:26:08.268+0800: 16.925: [CMS-concurrent-sweep: 0.000/0.000 secs] [Times: user=0.00 sys=0.00, real=0.00 secs] 
2024-07-23T00:26:08.268+0800: 16.925: [CMS-concurrent-reset-start]
2024-07-23T00:26:08.268+0800: 16.926: [CMS-concurrent-reset: 0.000/0.000 secs] [Times: user=0.00 sys=0.00, real=0.00 secs] 
{Heap before GC invocations=376 (full 749):
 par new generation   total 157248K, used 0K [0x00000000e0000000, 0x00000000eaaa0000, 0x00000000eaaa0000)
  eden space 139776K,   0% used [0x00000000e0000000, 0x00000000e0000000, 0x00000000e8880000)
  from space 17472K,   0% used [0x00000000e8880000, 0x00000000e8880000, 0x00000000e9990000)
  to   space 17472K,   0% used [0x00000000e9990000, 0x00000000e9990000, 0x00000000eaaa0000)
 concurrent mark-sweep generation total 349568K, used 205856K [0x00000000eaaa0000, 0x0000000100000000, 0x0000000100000000)
 Metaspace       used 3957K, capacity 4568K, committed 4864K, reserved 1056768K
  class space    used 431K, capacity 460K, committed 512K, reserved 1048576K
2024-07-23T00:26:08.287+0800: 16.944: [GC (Allocation Failure) 2024-07-23T00:26:08.287+0800: 16.944: [ParNew
Desired survivor size 8945664 bytes, new threshold 6 (max 6)
: 0K->0K(157248K), 0.0010723 secs]2024-07-23T00:26:08.288+0800: 16.945: [CMS: 205856K->1056K(349568K), 0.0036187 secs] 205856K->1056K(506816K), [Metaspace: 3957K->3957K(1056768K)], 0.0048675 secs] [Times: user=0.00 sys=0.00, real=0.01 secs] 
Heap after GC invocations=377 (full 750):
 par new generation   total 157248K, used 0K [0x00000000e0000000, 0x00000000eaaa0000, 0x00000000eaaa0000)
  eden space 139776K,   0% used [0x00000000e0000000, 0x00000000e0000000, 0x00000000e8880000)
  from space 17472K,   0% used [0x00000000e9990000, 0x00000000e9990000, 0x00000000eaaa0000)
  to   space 17472K,   0% used [0x00000000e8880000, 0x00000000e8880000, 0x00000000e9990000)
 concurrent mark-sweep generation total 349568K, used 1056K [0x00000000eaaa0000, 0x0000000100000000, 0x0000000100000000)
 Metaspace       used 3957K, capacity 4568K, committed 4864K, reserved 1056768K
  class space    used 431K, capacity 460K, committed 512K, reserved 1048576K
}
2024-07-23T00:26:08.292+0800: 16.949: Total time for which application threads were stopped: 0.0050132 seconds, Stopping threads took: 0.0000259 seconds
2024-07-23T00:26:08.309+0800: 16.966: [GC (CMS Initial Mark) [1 CMS-initial-mark: 205856K(349568K)] 205856K(506816K), 0.0010102 secs] [Times: user=0.00 sys=0.00, real=0.00 secs] 
2024-07-23T00:26:08.310+0800: 16.967: Total time for which application threads were stopped: 0.0177850 seconds, Stopping threads took: 0.0166822 seconds
2024-07-23T00:26:08.310+0800: 16.967: [CMS-concurrent-mark-start]
2024-07-23T00:26:08.312+0800: 16.969: [CMS-concurrent-mark: 0.002/0.002 secs] [Times: user=0.00 sys=0.00, real=0.00 secs] 
2024-07-23T00:26:08.312+0800: 16.969: [CMS-concurrent-preclean-start]
2024-07-23T00:26:08.312+0800: 16.969: [CMS-concurrent-preclean: 0.000/0.000 secs] [Times: user=0.00 sys=0.00, real=0.00 secs] 
2024-07-23T00:26:08.312+0800: 16.970: [GC (CMS Final Remark) [YG occupancy: 0 K (157248 K)]2024-07-23T00:26:08.312+0800: 16.970: [Rescan (parallel) , 0.0004372 secs]2024-07-23T00:26:08.313+0800: 16.970: [weak refs processing, 0.0000151 secs]2024-07-23T00:26:08.313+0800: 16.970: [class unloading, 0.0002769 secs]2024-07-23T00:26:08.313+0800: 16.970: [scrub symbol table, 0.0003768 secs]2024-07-23T00:26:08.313+0800: 16.971: [scrub string table, 0.0001190 secs][1 CMS-remark: 205856K(349568K)] 205856K(506816K), 0.0013209 secs] [Times: user=0.00 sys=0.00, real=0.00 secs] 
2024-07-23T00:26:08.314+0800: 16.971: Total time for which application threads were stopped: 0.0013798 seconds, Stopping threads took: 0.0000197 seconds
2024-07-23T00:26:08.314+0800: 16.971: [CMS-concurrent-sweep-start]
2024-07-23T00:26:08.314+0800: 16.971: [CMS-concurrent-sweep: 0.000/0.000 secs] [Times: user=0.00 sys=0.00, real=0.00 secs] 
2024-07-23T00:26:08.314+0800: 16.971: [CMS-concurrent-reset-start]
2024-07-23T00:26:08.314+0800: 16.972: [CMS-concurrent-reset: 0.000/0.000 secs] [Times: user=0.00 sys=0.00, real=0.00 secs] 
{Heap before GC invocations=377 (full 751):
 par new generation   total 157248K, used 0K [0x00000000e0000000, 0x00000000eaaa0000, 0x00000000eaaa0000)
  eden space 139776K,   0% used [0x00000000e0000000, 0x00000000e0000000, 0x00000000e8880000)
  from space 17472K,   0% used [0x00000000e9990000, 0x00000000e9990000, 0x00000000eaaa0000)
  to   space 17472K,   0% used [0x00000000e8880000, 0x00000000e8880000, 0x00000000e9990000)
 concurrent mark-sweep generation total 349568K, used 205856K [0x00000000eaaa0000, 0x0000000100000000, 0x0000000100000000)
 Metaspace       used 3957K, capacity 4568K, committed 4864K, reserved 1056768K
  class space    used 431K, capacity 460K, committed 512K, reserved 1048576K
2024-07-23T00:26:08.333+0800: 16.991: [GC (Allocation Failure) 2024-07-23T00:26:08.333+0800: 16.991: [ParNew
Desired survivor size 8945664 bytes, new threshold 6 (max 6)
: 0K->0K(157248K), 0.0029054 secs]2024-07-23T00:26:08.336+0800: 16.994: [CMS: 205856K->1056K(349568K), 0.0058899 secs] 205856K->1056K(506816K), [Metaspace: 3957K->3957K(1056768K)], 0.0090269 secs] [Times: user=0.00 sys=0.00, real=0.01 secs] 
Heap after GC invocations=378 (full 752):
 par new generation   total 157248K, used 0K [0x00000000e0000000, 0x00000000eaaa0000, 0x00000000eaaa0000)
  eden space 139776K,   0% used [0x00000000e0000000, 0x00000000e0000000, 0x00000000e8880000)
  from space 17472K,   0% used [0x00000000e8880000, 0x00000000e8880000, 0x00000000e9990000)
  to   space 17472K,   0% used [0x00000000e9990000, 0x00000000e9990000, 0x00000000eaaa0000)
 concurrent mark-sweep generation total 349568K, used 1056K [0x00000000eaaa0000, 0x0000000100000000, 0x0000000100000000)
 Metaspace       used 3957K, capacity 4568K, committed 4864K, reserved 1056768K
  class space    used 431K, capacity 460K, committed 512K, reserved 1048576K
}
2024-07-23T00:26:08.343+0800: 17.000: Total time for which application threads were stopped: 0.0094110 seconds, Stopping threads took: 0.0000481 seconds
2024-07-23T00:26:08.365+0800: 17.023: [GC (CMS Initial Mark) [1 CMS-initial-mark: 205856K(349568K)] 205856K(506816K), 0.0008863 secs] [Times: user=0.00 sys=0.00, real=0.00 secs] 
2024-07-23T00:26:08.366+0800: 17.023: Total time for which application threads were stopped: 0.0232458 seconds, Stopping threads took: 0.0222181 seconds
2024-07-23T00:26:08.366+0800: 17.023: [CMS-concurrent-mark-start]
2024-07-23T00:26:08.368+0800: 17.025: [CMS-concurrent-mark: 0.002/0.002 secs] [Times: user=0.00 sys=0.00, real=0.00 secs] 
2024-07-23T00:26:08.368+0800: 17.025: [CMS-concurrent-preclean-start]
2024-07-23T00:26:08.368+0800: 17.026: [CMS-concurrent-preclean: 0.000/0.000 secs] [Times: user=0.00 sys=0.00, real=0.00 secs] 
2024-07-23T00:26:08.368+0800: 17.026: [GC (CMS Final Remark) [YG occupancy: 0 K (157248 K)]2024-07-23T00:26:08.368+0800: 17.026: [Rescan (parallel) , 0.0005085 secs]2024-07-23T00:26:08.369+0800: 17.026: [weak refs processing, 0.0000130 secs]2024-07-23T00:26:08.369+0800: 17.026: [class unloading, 0.0002554 secs]2024-07-23T00:26:08.369+0800: 17.027: [scrub symbol table, 0.0003887 secs]2024-07-23T00:26:08.370+0800: 17.027: [scrub string table, 0.0001156 secs][1 CMS-remark: 205856K(349568K)] 205856K(506816K), 0.0013506 secs] [Times: user=0.00 sys=0.00, real=0.00 secs] 
2024-07-23T00:26:08.370+0800: 17.027: Total time for which application threads were stopped: 0.0013997 seconds, Stopping threads took: 0.0000153 seconds
2024-07-23T00:26:08.370+0800: 17.027: [CMS-concurrent-sweep-start]
2024-07-23T00:26:08.370+0800: 17.027: [CMS-concurrent-sweep: 0.000/0.000 secs] [Times: user=0.00 sys=0.00, real=0.00 secs] 
2024-07-23T00:26:08.370+0800: 17.027: [CMS-concurrent-reset-start]
2024-07-23T00:26:08.371+0800: 17.028: [CMS-concurrent-reset: 0.001/0.001 secs] [Times: user=0.00 sys=0.00, real=0.00 secs] 
{Heap before GC invocations=378 (full 753):
 par new generation   total 157248K, used 0K [0x00000000e0000000, 0x00000000eaaa0000, 0x00000000eaaa0000)
  eden space 139776K,   0% used [0x00000000e0000000, 0x00000000e0000000, 0x00000000e8880000)
  from space 17472K,   0% used [0x00000000e8880000, 0x00000000e8880000, 0x00000000e9990000)
  to   space 17472K,   0% used [0x00000000e9990000, 0x00000000e9990000, 0x00000000eaaa0000)
 concurrent mark-sweep generation total 349568K, used 205856K [0x00000000eaaa0000, 0x0000000100000000, 0x0000000100000000)
 Metaspace       used 3957K, capacity 4568K, committed 4864K, reserved 1056768K
  class space    used 431K, capacity 460K, committed 512K, reserved 1048576K
2024-07-23T00:26:08.381+0800: 17.038: [GC (Allocation Failure) 2024-07-23T00:26:08.381+0800: 17.038: [ParNew
Desired survivor size 8945664 bytes, new threshold 6 (max 6)
: 0K->0K(157248K), 0.0016431 secs]2024-07-23T00:26:08.382+0800: 17.039: [CMS: 205856K->1056K(349568K), 0.0031428 secs] 205856K->1056K(506816K), [Metaspace: 3957K->3957K(1056768K)], 0.0050581 secs] [Times: user=0.00 sys=0.00, real=0.00 secs] 
Heap after GC invocations=379 (full 754):
 par new generation   total 157248K, used 0K [0x00000000e0000000, 0x00000000eaaa0000, 0x00000000eaaa0000)
  eden space 139776K,   0% used [0x00000000e0000000, 0x00000000e0000000, 0x00000000e8880000)
  from space 17472K,   0% used [0x00000000e9990000, 0x00000000e9990000, 0x00000000eaaa0000)
  to   space 17472K,   0% used [0x00000000e8880000, 0x00000000e8880000, 0x00000000e9990000)
 concurrent mark-sweep generation total 349568K, used 1056K [0x00000000eaaa0000, 0x0000000100000000, 0x0000000100000000)
 Metaspace       used 3957K, capacity 4568K, committed 4864K, reserved 1056768K
  class space    used 431K, capacity 460K, committed 512K, reserved 1048576K
}
2024-07-23T00:26:08.385+0800: 17.043: Total time for which application threads were stopped: 0.0052384 seconds, Stopping threads took: 0.0000374 seconds
2024-07-23T00:26:08.406+0800: 17.063: [GC (CMS Initial Mark) [1 CMS-initial-mark: 205856K(349568K)] 205856K(506816K), 0.0013683 secs] [Times: user=0.00 sys=0.00, real=0.00 secs] 
2024-07-23T00:26:08.408+0800: 17.064: Total time for which application threads were stopped: 0.0214273 seconds, Stopping threads took: 0.0199298 seconds
2024-07-23T00:26:08.408+0800: 17.064: [CMS-concurrent-mark-start]
2024-07-23T00:26:08.409+0800: 17.066: [CMS-concurrent-mark: 0.002/0.002 secs] [Times: user=0.00 sys=0.00, real=0.00 secs] 
2024-07-23T00:26:08.409+0800: 17.066: [CMS-concurrent-preclean-start]
2024-07-23T00:26:08.410+0800: 17.066: [CMS-concurrent-preclean: 0.000/0.000 secs] [Times: user=0.00 sys=0.00, real=0.00 secs] 
2024-07-23T00:26:08.410+0800: 17.067: [GC (CMS Final Remark) [YG occupancy: 0 K (157248 K)]2024-07-23T00:26:08.410+0800: 17.067: [Rescan (parallel) , 0.0006902 secs]2024-07-23T00:26:08.411+0800: 17.067: [weak refs processing, 0.0000152 secs]2024-07-23T00:26:08.411+0800: 17.067: [class unloading, 0.0004773 secs]2024-07-23T00:26:08.411+0800: 17.068: [scrub symbol table, 0.0004189 secs]2024-07-23T00:26:08.412+0800: 17.068: [scrub string table, 0.0001276 secs][1 CMS-remark: 205856K(349568K)] 205856K(506816K), 0.0018367 secs] [Times: user=0.00 sys=0.00, real=0.00 secs] 
2024-07-23T00:26:08.412+0800: 17.068: Total time for which application threads were stopped: 0.0018940 seconds, Stopping threads took: 0.0000167 seconds
2024-07-23T00:26:08.412+0800: 17.069: [CMS-concurrent-sweep-start]
2024-07-23T00:26:08.412+0800: 17.069: [CMS-concurrent-sweep: 0.000/0.000 secs] [Times: user=0.00 sys=0.00, real=0.00 secs] 
2024-07-23T00:26:08.412+0800: 17.069: [CMS-concurrent-reset-start]
2024-07-23T00:26:08.413+0800: 17.070: [CMS-concurrent-reset: 0.001/0.001 secs] [Times: user=0.00 sys=0.00, real=0.00 secs] 
{Heap before GC invocations=379 (full 755):
 par new generation   total 157248K, used 0K [0x00000000e0000000, 0x00000000eaaa0000, 0x00000000eaaa0000)
  eden space 139776K,   0% used [0x00000000e0000000, 0x00000000e0000000, 0x00000000e8880000)
  from space 17472K,   0% used [0x00000000e9990000, 0x00000000e9990000, 0x00000000eaaa0000)
  to   space 17472K,   0% used [0x00000000e8880000, 0x00000000e8880000, 0x00000000e9990000)
 concurrent mark-sweep generation total 349568K, used 205856K [0x00000000eaaa0000, 0x0000000100000000, 0x0000000100000000)
 Metaspace       used 3957K, capacity 4568K, committed 4864K, reserved 1056768K
  class space    used 431K, capacity 460K, committed 512K, reserved 1048576K
2024-07-23T00:26:08.428+0800: 17.085: [GC (Allocation Failure) 2024-07-23T00:26:08.428+0800: 17.085: [ParNew
Desired survivor size 8945664 bytes, new threshold 6 (max 6)
: 0K->0K(157248K), 0.0026439 secs]2024-07-23T00:26:08.431+0800: 17.088: [CMS: 205856K->1056K(349568K), 0.0052614 secs] 205856K->1056K(506816K), [Metaspace: 3957K->3957K(1056768K)], 0.0080806 secs] [Times: user=0.00 sys=0.00, real=0.01 secs] 
Heap after GC invocations=380 (full 756):
 par new generation   total 157248K, used 0K [0x00000000e0000000, 0x00000000eaaa0000, 0x00000000eaaa0000)
  eden space 139776K,   0% used [0x00000000e0000000, 0x00000000e0000000, 0x00000000e8880000)
  from space 17472K,   0% used [0x00000000e8880000, 0x00000000e8880000, 0x00000000e9990000)
  to   space 17472K,   0% used [0x00000000e9990000, 0x00000000e9990000, 0x00000000eaaa0000)
 concurrent mark-sweep generation total 349568K, used 1056K [0x00000000eaaa0000, 0x0000000100000000, 0x0000000100000000)
 Metaspace       used 3957K, capacity 4568K, committed 4864K, reserved 1056768K
  class space    used 431K, capacity 460K, committed 512K, reserved 1048576K
}
2024-07-23T00:26:08.436+0800: 17.093: Total time for which application threads were stopped: 0.0083983 seconds, Stopping threads took: 0.0000347 seconds
2024-07-23T00:26:08.461+0800: 17.118: [GC (CMS Initial Mark) [1 CMS-initial-mark: 205856K(349568K)] 205856K(506816K), 0.0007920 secs] [Times: user=0.00 sys=0.00, real=0.00 secs] 
2024-07-23T00:26:08.461+0800: 17.118: Total time for which application threads were stopped: 0.0250659 seconds, Stopping threads took: 0.0241925 seconds
2024-07-23T00:26:08.461+0800: 17.118: [CMS-concurrent-mark-start]
2024-07-23T00:26:08.463+0800: 17.120: [CMS-concurrent-mark: 0.002/0.002 secs] [Times: user=0.00 sys=0.00, real=0.00 secs] 
2024-07-23T00:26:08.463+0800: 17.120: [CMS-concurrent-preclean-start]
2024-07-23T00:26:08.463+0800: 17.121: [CMS-concurrent-preclean: 0.000/0.000 secs] [Times: user=0.00 sys=0.00, real=0.00 secs] 
2024-07-23T00:26:08.463+0800: 17.121: [GC (CMS Final Remark) [YG occupancy: 0 K (157248 K)]2024-07-23T00:26:08.463+0800: 17.121: [Rescan (parallel) , 0.0002783 secs]2024-07-23T00:26:08.464+0800: 17.121: [weak refs processing, 0.0000168 secs]2024-07-23T00:26:08.464+0800: 17.121: [class unloading, 0.0002471 secs]2024-07-23T00:26:08.464+0800: 17.121: [scrub symbol table, 0.0003523 secs]2024-07-23T00:26:08.464+0800: 17.122: [scrub string table, 0.0000975 secs][1 CMS-remark: 205856K(349568K)] 205856K(506816K), 0.0010550 secs] [Times: user=0.00 sys=0.00, real=0.00 secs] 
2024-07-23T00:26:08.464+0800: 17.122: Total time for which application threads were stopped: 0.0011018 seconds, Stopping threads took: 0.0000191 seconds
2024-07-23T00:26:08.465+0800: 17.122: [CMS-concurrent-sweep-start]
2024-07-23T00:26:08.465+0800: 17.122: [CMS-concurrent-sweep: 0.000/0.000 secs] [Times: user=0.00 sys=0.00, real=0.00 secs] 
2024-07-23T00:26:08.465+0800: 17.122: [CMS-concurrent-reset-start]
2024-07-23T00:26:08.465+0800: 17.123: [CMS-concurrent-reset: 0.000/0.000 secs] [Times: user=0.00 sys=0.00, real=0.00 secs] 
{Heap before GC invocations=380 (full 757):
 par new generation   total 157248K, used 0K [0x00000000e0000000, 0x00000000eaaa0000, 0x00000000eaaa0000)
  eden space 139776K,   0% used [0x00000000e0000000, 0x00000000e0000000, 0x00000000e8880000)
  from space 17472K,   0% used [0x00000000e8880000, 0x00000000e8880000, 0x00000000e9990000)
  to   space 17472K,   0% used [0x00000000e9990000, 0x00000000e9990000, 0x00000000eaaa0000)
 concurrent mark-sweep generation total 349568K, used 205856K [0x00000000eaaa0000, 0x0000000100000000, 0x0000000100000000)
 Metaspace       used 3957K, capacity 4568K, committed 4864K, reserved 1056768K
  class space    used 431K, capacity 460K, committed 512K, reserved 1048576K
2024-07-23T00:26:08.475+0800: 17.132: [GC (Allocation Failure) 2024-07-23T00:26:08.475+0800: 17.132: [ParNew
Desired survivor size 8945664 bytes, new threshold 6 (max 6)
: 0K->0K(157248K), 0.0013191 secs]2024-07-23T00:26:08.476+0800: 17.133: [CMS: 205856K->1056K(349568K), 0.0037611 secs] 205856K->1056K(506816K), [Metaspace: 3957K->3957K(1056768K)], 0.0053267 secs] [Times: user=0.00 sys=0.00, real=0.01 secs] 
Heap after GC invocations=381 (full 758):
 par new generation   total 157248K, used 0K [0x00000000e0000000, 0x00000000eaaa0000, 0x00000000eaaa0000)
  eden space 139776K,   0% used [0x00000000e0000000, 0x00000000e0000000, 0x00000000e8880000)
  from space 17472K,   0% used [0x00000000e9990000, 0x00000000e9990000, 0x00000000eaaa0000)
  to   space 17472K,   0% used [0x00000000e8880000, 0x00000000e8880000, 0x00000000e9990000)
 concurrent mark-sweep generation total 349568K, used 1056K [0x00000000eaaa0000, 0x0000000100000000, 0x0000000100000000)
 Metaspace       used 3957K, capacity 4568K, committed 4864K, reserved 1056768K
  class space    used 431K, capacity 460K, committed 512K, reserved 1048576K
}
2024-07-23T00:26:08.480+0800: 17.137: Total time for which application threads were stopped: 0.0054690 seconds, Stopping threads took: 0.0000284 seconds
2024-07-23T00:26:08.500+0800: 17.157: [GC (CMS Initial Mark) [1 CMS-initial-mark: 205856K(349568K)] 205856K(506816K), 0.0016559 secs] [Times: user=0.00 sys=0.00, real=0.00 secs] 
2024-07-23T00:26:08.502+0800: 17.159: Total time for which application threads were stopped: 0.0216631 seconds, Stopping threads took: 0.0199155 seconds
2024-07-23T00:26:08.502+0800: 17.159: [CMS-concurrent-mark-start]
2024-07-23T00:26:08.504+0800: 17.161: [CMS-concurrent-mark: 0.002/0.002 secs] [Times: user=0.00 sys=0.00, real=0.00 secs] 
2024-07-23T00:26:08.504+0800: 17.161: [CMS-concurrent-preclean-start]
2024-07-23T00:26:08.505+0800: 17.162: [CMS-concurrent-preclean: 0.001/0.001 secs] [Times: user=0.00 sys=0.00, real=0.00 secs] 
2024-07-23T00:26:08.505+0800: 17.162: [GC (CMS Final Remark) [YG occupancy: 0 K (157248 K)]2024-07-23T00:26:08.505+0800: 17.162: [Rescan (parallel) , 0.0012228 secs]2024-07-23T00:26:08.507+0800: 17.163: [weak refs processing, 0.0000160 secs]2024-07-23T00:26:08.507+0800: 17.163: [class unloading, 0.0003652 secs]2024-07-23T00:26:08.507+0800: 17.164: [scrub symbol table, 0.0004153 secs]2024-07-23T00:26:08.507+0800: 17.164: [scrub string table, 0.0001238 secs][1 CMS-remark: 205856K(349568K)] 205856K(506816K), 0.0022287 secs] [Times: user=0.00 sys=0.00, real=0.00 secs] 
2024-07-23T00:26:08.508+0800: 17.164: Total time for which application threads were stopped: 0.0023126 seconds, Stopping threads took: 0.0000373 seconds
2024-07-23T00:26:08.508+0800: 17.165: [CMS-concurrent-sweep-start]
2024-07-23T00:26:08.508+0800: 17.165: [CMS-concurrent-sweep: 0.000/0.000 secs] [Times: user=0.00 sys=0.00, real=0.00 secs] 
2024-07-23T00:26:08.508+0800: 17.165: [CMS-concurrent-reset-start]
2024-07-23T00:26:08.509+0800: 17.166: [CMS-concurrent-reset: 0.001/0.001 secs] [Times: user=0.00 sys=0.00, real=0.00 secs] 
{Heap before GC invocations=381 (full 759):
 par new generation   total 157248K, used 0K [0x00000000e0000000, 0x00000000eaaa0000, 0x00000000eaaa0000)
  eden space 139776K,   0% used [0x00000000e0000000, 0x00000000e0000000, 0x00000000e8880000)
  from space 17472K,   0% used [0x00000000e9990000, 0x00000000e9990000, 0x00000000eaaa0000)
  to   space 17472K,   0% used [0x00000000e8880000, 0x00000000e8880000, 0x00000000e9990000)
 concurrent mark-sweep generation total 349568K, used 205856K [0x00000000eaaa0000, 0x0000000100000000, 0x0000000100000000)
 Metaspace       used 3957K, capacity 4568K, committed 4864K, reserved 1056768K
  class space    used 431K, capacity 460K, committed 512K, reserved 1048576K
2024-07-23T00:26:08.523+0800: 17.180: [GC (Allocation Failure) 2024-07-23T00:26:08.523+0800: 17.180: [ParNew
Desired survivor size 8945664 bytes, new threshold 6 (max 6)
: 0K->0K(157248K), 0.0017310 secs]2024-07-23T00:26:08.525+0800: 17.182: [CMS: 205856K->1056K(349568K), 0.0038604 secs] 205856K->1056K(506816K), [Metaspace: 3957K->3957K(1056768K)], 0.0057543 secs] [Times: user=0.00 sys=0.00, real=0.01 secs] 
Heap after GC invocations=382 (full 760):
 par new generation   total 157248K, used 0K [0x00000000e0000000, 0x00000000eaaa0000, 0x00000000eaaa0000)
  eden space 139776K,   0% used [0x00000000e0000000, 0x00000000e0000000, 0x00000000e8880000)
  from space 17472K,   0% used [0x00000000e8880000, 0x00000000e8880000, 0x00000000e9990000)
  to   space 17472K,   0% used [0x00000000e9990000, 0x00000000e9990000, 0x00000000eaaa0000)
 concurrent mark-sweep generation total 349568K, used 1056K [0x00000000eaaa0000, 0x0000000100000000, 0x0000000100000000)
 Metaspace       used 3957K, capacity 4568K, committed 4864K, reserved 1056768K
  class space    used 431K, capacity 460K, committed 512K, reserved 1048576K
}
2024-07-23T00:26:08.529+0800: 17.186: Total time for which application threads were stopped: 0.0060251 seconds, Stopping threads took: 0.0000906 seconds
2024-07-23T00:26:08.552+0800: 17.208: [GC (CMS Initial Mark) [1 CMS-initial-mark: 205856K(349568K)] 205856K(506816K), 0.0008785 secs] [Times: user=0.00 sys=0.00, real=0.00 secs] 
2024-07-23T00:26:08.553+0800: 17.209: Total time for which application threads were stopped: 0.0234746 seconds, Stopping threads took: 0.0225051 seconds
2024-07-23T00:26:08.553+0800: 17.209: [CMS-concurrent-mark-start]
2024-07-23T00:26:08.555+0800: 17.211: [CMS-concurrent-mark: 0.002/0.002 secs] [Times: user=0.00 sys=0.00, real=0.00 secs] 
2024-07-23T00:26:08.555+0800: 17.211: [CMS-concurrent-preclean-start]
2024-07-23T00:26:08.555+0800: 17.212: [CMS-concurrent-preclean: 0.001/0.001 secs] [Times: user=0.00 sys=0.00, real=0.00 secs] 
2024-07-23T00:26:08.555+0800: 17.212: [GC (CMS Final Remark) [YG occupancy: 0 K (157248 K)]2024-07-23T00:26:08.555+0800: 17.212: [Rescan (parallel) , 0.0008261 secs]2024-07-23T00:26:08.556+0800: 17.213: [weak refs processing, 0.0000112 secs]2024-07-23T00:26:08.556+0800: 17.213: [class unloading, 0.0002577 secs]2024-07-23T00:26:08.557+0800: 17.213: [scrub symbol table, 0.0003889 secs]2024-07-23T00:26:08.557+0800: 17.214: [scrub string table, 0.0001175 secs][1 CMS-remark: 205856K(349568K)] 205856K(506816K), 0.0016700 secs] [Times: user=0.00 sys=0.00, real=0.00 secs] 
2024-07-23T00:26:08.557+0800: 17.214: Total time for which application threads were stopped: 0.0017362 seconds, Stopping threads took: 0.0000186 seconds
2024-07-23T00:26:08.557+0800: 17.214: [CMS-concurrent-sweep-start]
2024-07-23T00:26:08.557+0800: 17.214: [CMS-concurrent-sweep: 0.000/0.000 secs] [Times: user=0.00 sys=0.00, real=0.00 secs] 
2024-07-23T00:26:08.557+0800: 17.214: [CMS-concurrent-reset-start]
2024-07-23T00:26:08.558+0800: 17.215: [CMS-concurrent-reset: 0.001/0.001 secs] [Times: user=0.00 sys=0.00, real=0.00 secs] 
{Heap before GC invocations=382 (full 761):
 par new generation   total 157248K, used 0K [0x00000000e0000000, 0x00000000eaaa0000, 0x00000000eaaa0000)
  eden space 139776K,   0% used [0x00000000e0000000, 0x00000000e0000000, 0x00000000e8880000)
  from space 17472K,   0% used [0x00000000e8880000, 0x00000000e8880000, 0x00000000e9990000)
  to   space 17472K,   0% used [0x00000000e9990000, 0x00000000e9990000, 0x00000000eaaa0000)
 concurrent mark-sweep generation total 349568K, used 205856K [0x00000000eaaa0000, 0x0000000100000000, 0x0000000100000000)
 Metaspace       used 3957K, capacity 4568K, committed 4864K, reserved 1056768K
  class space    used 431K, capacity 460K, committed 512K, reserved 1048576K
2024-07-23T00:26:08.569+0800: 17.226: [GC (Allocation Failure) 2024-07-23T00:26:08.569+0800: 17.226: [ParNew
Desired survivor size 8945664 bytes, new threshold 6 (max 6)
: 0K->0K(157248K), 0.0019313 secs]2024-07-23T00:26:08.570+0800: 17.228: [CMS: 205856K->1056K(349568K), 0.0048561 secs] 205856K->1056K(506816K), [Metaspace: 3957K->3957K(1056768K)], 0.0069768 secs] [Times: user=0.00 sys=0.00, real=0.01 secs] 
Heap after GC invocations=383 (full 762):
 par new generation   total 157248K, used 0K [0x00000000e0000000, 0x00000000eaaa0000, 0x00000000eaaa0000)
  eden space 139776K,   0% used [0x00000000e0000000, 0x00000000e0000000, 0x00000000e8880000)
  from space 17472K,   0% used [0x00000000e9990000, 0x00000000e9990000, 0x00000000eaaa0000)
  to   space 17472K,   0% used [0x00000000e8880000, 0x00000000e8880000, 0x00000000e9990000)
 concurrent mark-sweep generation total 349568K, used 1056K [0x00000000eaaa0000, 0x0000000100000000, 0x0000000100000000)
 Metaspace       used 3957K, capacity 4568K, committed 4864K, reserved 1056768K
  class space    used 431K, capacity 460K, committed 512K, reserved 1048576K
}
2024-07-23T00:26:08.575+0800: 17.233: Total time for which application threads were stopped: 0.0071517 seconds, Stopping threads took: 0.0000332 seconds
2024-07-23T00:26:08.596+0800: 17.253: [GC (CMS Initial Mark) [1 CMS-initial-mark: 205856K(349568K)] 205856K(506816K), 0.0008209 secs] [Times: user=0.00 sys=0.00, real=0.00 secs] 
2024-07-23T00:26:08.596+0800: 17.254: Total time for which application threads were stopped: 0.0211040 seconds, Stopping threads took: 0.0202054 seconds
2024-07-23T00:26:08.597+0800: 17.254: [CMS-concurrent-mark-start]
2024-07-23T00:26:08.598+0800: 17.256: [CMS-concurrent-mark: 0.002/0.002 secs] [Times: user=0.00 sys=0.00, real=0.00 secs] 
2024-07-23T00:26:08.598+0800: 17.256: [CMS-concurrent-preclean-start]
2024-07-23T00:26:08.599+0800: 17.256: [CMS-concurrent-preclean: 0.000/0.000 secs] [Times: user=0.00 sys=0.00, real=0.00 secs] 
2024-07-23T00:26:08.599+0800: 17.256: [GC (CMS Final Remark) [YG occupancy: 0 K (157248 K)]2024-07-23T00:26:08.599+0800: 17.257: [Rescan (parallel) , 0.0006994 secs]2024-07-23T00:26:08.600+0800: 17.257: [weak refs processing, 0.0000174 secs]2024-07-23T00:26:08.600+0800: 17.257: [class unloading, 0.0003883 secs]2024-07-23T00:26:08.600+0800: 17.258: [scrub symbol table, 0.0005200 secs]2024-07-23T00:26:08.601+0800: 17.258: [scrub string table, 0.0001301 secs][1 CMS-remark: 205856K(349568K)] 205856K(506816K), 0.0018718 secs] [Times: user=0.00 sys=0.00, real=0.00 secs] 
2024-07-23T00:26:08.601+0800: 17.258: Total time for which application threads were stopped: 0.0019304 seconds, Stopping threads took: 0.0000200 seconds
2024-07-23T00:26:08.601+0800: 17.259: [CMS-concurrent-sweep-start]
2024-07-23T00:26:08.601+0800: 17.259: [CMS-concurrent-sweep: 0.000/0.000 secs] [Times: user=0.00 sys=0.00, real=0.00 secs] 
2024-07-23T00:26:08.601+0800: 17.259: [CMS-concurrent-reset-start]
2024-07-23T00:26:08.602+0800: 17.259: [CMS-concurrent-reset: 0.000/0.000 secs] [Times: user=0.00 sys=0.00, real=0.00 secs] 
{Heap before GC invocations=383 (full 763):
 par new generation   total 157248K, used 0K [0x00000000e0000000, 0x00000000eaaa0000, 0x00000000eaaa0000)
  eden space 139776K,   0% used [0x00000000e0000000, 0x00000000e0000000, 0x00000000e8880000)
  from space 17472K,   0% used [0x00000000e9990000, 0x00000000e9990000, 0x00000000eaaa0000)
  to   space 17472K,   0% used [0x00000000e8880000, 0x00000000e8880000, 0x00000000e9990000)
 concurrent mark-sweep generation total 349568K, used 205856K [0x00000000eaaa0000, 0x0000000100000000, 0x0000000100000000)
 Metaspace       used 3957K, capacity 4568K, committed 4864K, reserved 1056768K
  class space    used 431K, capacity 460K, committed 512K, reserved 1048576K
2024-07-23T00:26:08.616+0800: 17.273: [GC (Allocation Failure) 2024-07-23T00:26:08.616+0800: 17.273: [ParNew
Desired survivor size 8945664 bytes, new threshold 6 (max 6)
: 0K->0K(157248K), 0.0016635 secs]2024-07-23T00:26:08.618+0800: 17.274: [CMS: 205856K->1056K(349568K), 0.0046659 secs] 205856K->1056K(506816K), [Metaspace: 3957K->3957K(1056768K)], 0.0064939 secs] [Times: user=0.02 sys=0.00, real=0.01 secs] 
Heap after GC invocations=384 (full 764):
 par new generation   total 157248K, used 0K [0x00000000e0000000, 0x00000000eaaa0000, 0x00000000eaaa0000)
  eden space 139776K,   0% used [0x00000000e0000000, 0x00000000e0000000, 0x00000000e8880000)
  from space 17472K,   0% used [0x00000000e8880000, 0x00000000e8880000, 0x00000000e9990000)
  to   space 17472K,   0% used [0x00000000e9990000, 0x00000000e9990000, 0x00000000eaaa0000)
 concurrent mark-sweep generation total 349568K, used 1056K [0x00000000eaaa0000, 0x0000000100000000, 0x0000000100000000)
 Metaspace       used 3957K, capacity 4568K, committed 4864K, reserved 1056768K
  class space    used 431K, capacity 460K, committed 512K, reserved 1048576K
}
2024-07-23T00:26:08.623+0800: 17.279: Total time for which application threads were stopped: 0.0067400 seconds, Stopping threads took: 0.0000331 seconds
2024-07-23T00:26:08.646+0800: 17.303: [GC (CMS Initial Mark) [1 CMS-initial-mark: 205856K(349568K)] 205856K(506816K), 0.0011914 secs] [Times: user=0.00 sys=0.00, real=0.00 secs] 
2024-07-23T00:26:08.648+0800: 17.304: Total time for which application threads were stopped: 0.0251099 seconds, Stopping threads took: 0.0237857 seconds
2024-07-23T00:26:08.648+0800: 17.304: [CMS-concurrent-mark-start]
2024-07-23T00:26:08.649+0800: 17.307: [CMS-concurrent-mark: 0.002/0.002 secs] [Times: user=0.00 sys=0.00, real=0.00 secs] 
2024-07-23T00:26:08.650+0800: 17.307: [CMS-concurrent-preclean-start]
2024-07-23T00:26:08.650+0800: 17.307: [CMS-concurrent-preclean: 0.001/0.001 secs] [Times: user=0.00 sys=0.00, real=0.00 secs] 
2024-07-23T00:26:08.650+0800: 17.307: [GC (CMS Final Remark) [YG occupancy: 0 K (157248 K)]2024-07-23T00:26:08.650+0800: 17.307: [Rescan (parallel) , 0.0003607 secs]2024-07-23T00:26:08.651+0800: 17.308: [weak refs processing, 0.0000192 secs]2024-07-23T00:26:08.651+0800: 17.308: [class unloading, 0.0003325 secs]2024-07-23T00:26:08.651+0800: 17.308: [scrub symbol table, 0.0004600 secs]2024-07-23T00:26:08.651+0800: 17.309: [scrub string table, 0.0001205 secs][1 CMS-remark: 205856K(349568K)] 205856K(506816K), 0.0013811 secs] [Times: user=0.00 sys=0.00, real=0.00 secs] 
2024-07-23T00:26:08.652+0800: 17.309: Total time for which application threads were stopped: 0.0014393 seconds, Stopping threads took: 0.0000205 seconds
2024-07-23T00:26:08.652+0800: 17.309: [CMS-concurrent-sweep-start]
2024-07-23T00:26:08.652+0800: 17.309: [CMS-concurrent-sweep: 0.000/0.000 secs] [Times: user=0.00 sys=0.00, real=0.00 secs] 
2024-07-23T00:26:08.652+0800: 17.309: [CMS-concurrent-reset-start]
2024-07-23T00:26:08.652+0800: 17.309: [CMS-concurrent-reset: 0.000/0.000 secs] [Times: user=0.00 sys=0.00, real=0.00 secs] 
{Heap before GC invocations=384 (full 765):
 par new generation   total 157248K, used 0K [0x00000000e0000000, 0x00000000eaaa0000, 0x00000000eaaa0000)
  eden space 139776K,   0% used [0x00000000e0000000, 0x00000000e0000000, 0x00000000e8880000)
  from space 17472K,   0% used [0x00000000e8880000, 0x00000000e8880000, 0x00000000e9990000)
  to   space 17472K,   0% used [0x00000000e9990000, 0x00000000e9990000, 0x00000000eaaa0000)
 concurrent mark-sweep generation total 349568K, used 205856K [0x00000000eaaa0000, 0x0000000100000000, 0x0000000100000000)
 Metaspace       used 3957K, capacity 4568K, committed 4864K, reserved 1056768K
  class space    used 431K, capacity 460K, committed 512K, reserved 1048576K
2024-07-23T00:26:08.663+0800: 17.320: [GC (Allocation Failure) 2024-07-23T00:26:08.663+0800: 17.320: [ParNew
Desired survivor size 8945664 bytes, new threshold 6 (max 6)
: 0K->0K(157248K), 0.0020178 secs]2024-07-23T00:26:08.665+0800: 17.322: [CMS: 205856K->1056K(349568K), 0.0052649 secs] 205856K->1056K(506816K), [Metaspace: 3957K->3957K(1056768K)], 0.0075464 secs] [Times: user=0.02 sys=0.00, real=0.01 secs] 
Heap after GC invocations=385 (full 766):
 par new generation   total 157248K, used 0K [0x00000000e0000000, 0x00000000eaaa0000, 0x00000000eaaa0000)
  eden space 139776K,   0% used [0x00000000e0000000, 0x00000000e0000000, 0x00000000e8880000)
  from space 17472K,   0% used [0x00000000e9990000, 0x00000000e9990000, 0x00000000eaaa0000)
  to   space 17472K,   0% used [0x00000000e8880000, 0x00000000e8880000, 0x00000000e9990000)
 concurrent mark-sweep generation total 349568K, used 1056K [0x00000000eaaa0000, 0x0000000100000000, 0x0000000100000000)
 Metaspace       used 3957K, capacity 4568K, committed 4864K, reserved 1056768K
  class space    used 431K, capacity 460K, committed 512K, reserved 1048576K
}
2024-07-23T00:26:08.670+0800: 17.328: Total time for which application threads were stopped: 0.0077859 seconds, Stopping threads took: 0.0000359 seconds
2024-07-23T00:26:08.698+0800: 17.355: [GC (CMS Initial Mark) [1 CMS-initial-mark: 205856K(349568K)] 205856K(506816K), 0.0005596 secs] [Times: user=0.00 sys=0.00, real=0.00 secs] 
2024-07-23T00:26:08.699+0800: 17.355: Total time for which application threads were stopped: 0.0274415 seconds, Stopping threads took: 0.0268169 seconds
2024-07-23T00:26:08.699+0800: 17.356: [CMS-concurrent-mark-start]
2024-07-23T00:26:08.701+0800: 17.357: [CMS-concurrent-mark: 0.002/0.002 secs] [Times: user=0.00 sys=0.00, real=0.00 secs] 
2024-07-23T00:26:08.701+0800: 17.357: [CMS-concurrent-preclean-start]
2024-07-23T00:26:08.701+0800: 17.358: [CMS-concurrent-preclean: 0.001/0.001 secs] [Times: user=0.00 sys=0.00, real=0.00 secs] 
2024-07-23T00:26:08.701+0800: 17.358: [GC (CMS Final Remark) [YG occupancy: 0 K (157248 K)]2024-07-23T00:26:08.701+0800: 17.358: [Rescan (parallel) , 0.0009224 secs]2024-07-23T00:26:08.702+0800: 17.359: [weak refs processing, 0.0000128 secs]2024-07-23T00:26:08.702+0800: 17.359: [class unloading, 0.0003377 secs]2024-07-23T00:26:08.702+0800: 17.359: [scrub symbol table, 0.0004589 secs]2024-07-23T00:26:08.702+0800: 17.360: [scrub string table, 0.0001566 secs][1 CMS-remark: 205856K(349568K)] 205856K(506816K), 0.0019648 secs] [Times: user=0.00 sys=0.00, real=0.00 secs] 
2024-07-23T00:26:08.702+0800: 17.360: Total time for which application threads were stopped: 0.0020261 seconds, Stopping threads took: 0.0000183 seconds
2024-07-23T00:26:08.703+0800: 17.360: [CMS-concurrent-sweep-start]
2024-07-23T00:26:08.703+0800: 17.361: [CMS-concurrent-sweep: 0.000/0.000 secs] [Times: user=0.00 sys=0.00, real=0.00 secs] 
2024-07-23T00:26:08.703+0800: 17.361: [CMS-concurrent-reset-start]
2024-07-23T00:26:08.704+0800: 17.361: [CMS-concurrent-reset: 0.001/0.001 secs] [Times: user=0.00 sys=0.00, real=0.00 secs] 
{Heap before GC invocations=385 (full 767):
 par new generation   total 157248K, used 0K [0x00000000e0000000, 0x00000000eaaa0000, 0x00000000eaaa0000)
  eden space 139776K,   0% used [0x00000000e0000000, 0x00000000e0000000, 0x00000000e8880000)
  from space 17472K,   0% used [0x00000000e9990000, 0x00000000e9990000, 0x00000000eaaa0000)
  to   space 17472K,   0% used [0x00000000e8880000, 0x00000000e8880000, 0x00000000e9990000)
 concurrent mark-sweep generation total 349568K, used 205856K [0x00000000eaaa0000, 0x0000000100000000, 0x0000000100000000)
 Metaspace       used 3957K, capacity 4568K, committed 4864K, reserved 1056768K
  class space    used 431K, capacity 460K, committed 512K, reserved 1048576K
2024-07-23T00:26:08.710+0800: 17.367: [GC (Allocation Failure) 2024-07-23T00:26:08.710+0800: 17.367: [ParNew
Desired survivor size 8945664 bytes, new threshold 6 (max 6)
: 0K->0K(157248K), 0.0024077 secs]2024-07-23T00:26:08.713+0800: 17.369: [CMS: 205856K->1056K(349568K), 0.0066227 secs] 205856K->1056K(506816K), [Metaspace: 3957K->3957K(1056768K)], 0.0092202 secs] [Times: user=0.01 sys=0.00, real=0.01 secs] 
Heap after GC invocations=386 (full 768):
 par new generation   total 157248K, used 0K [0x00000000e0000000, 0x00000000eaaa0000, 0x00000000eaaa0000)
  eden space 139776K,   0% used [0x00000000e0000000, 0x00000000e0000000, 0x00000000e8880000)
  from space 17472K,   0% used [0x00000000e8880000, 0x00000000e8880000, 0x00000000e9990000)
  to   space 17472K,   0% used [0x00000000e9990000, 0x00000000e9990000, 0x00000000eaaa0000)
 concurrent mark-sweep generation total 349568K, used 1056K [0x00000000eaaa0000, 0x0000000100000000, 0x0000000100000000)
 Metaspace       used 3957K, capacity 4568K, committed 4864K, reserved 1056768K
  class space    used 431K, capacity 460K, committed 512K, reserved 1048576K
}
2024-07-23T00:26:08.719+0800: 17.376: Total time for which application threads were stopped: 0.0095597 seconds, Stopping threads took: 0.0000432 seconds
2024-07-23T00:26:08.746+0800: 17.403: [GC (CMS Initial Mark) [1 CMS-initial-mark: 205856K(349568K)] 205856K(506816K), 0.0005142 secs] [Times: user=0.00 sys=0.00, real=0.00 secs] 
2024-07-23T00:26:08.747+0800: 17.404: Total time for which application threads were stopped: 0.0272816 seconds, Stopping threads took: 0.0267040 seconds
2024-07-23T00:26:08.747+0800: 17.404: [CMS-concurrent-mark-start]
2024-07-23T00:26:08.748+0800: 17.405: [CMS-concurrent-mark: 0.001/0.001 secs] [Times: user=0.00 sys=0.00, real=0.00 secs] 
2024-07-23T00:26:08.748+0800: 17.405: [CMS-concurrent-preclean-start]
2024-07-23T00:26:08.748+0800: 17.406: [CMS-concurrent-preclean: 0.000/0.000 secs] [Times: user=0.00 sys=0.00, real=0.00 secs] 
2024-07-23T00:26:08.748+0800: 17.406: [GC (CMS Final Remark) [YG occupancy: 0 K (157248 K)]2024-07-23T00:26:08.748+0800: 17.406: [Rescan (parallel) , 0.0007763 secs]2024-07-23T00:26:08.749+0800: 17.407: [weak refs processing, 0.0000095 secs]2024-07-23T00:26:08.749+0800: 17.407: [class unloading, 0.0002040 secs]2024-07-23T00:26:08.749+0800: 17.407: [scrub symbol table, 0.0003369 secs]2024-07-23T00:26:08.750+0800: 17.407: [scrub string table, 0.0000956 secs][1 CMS-remark: 205856K(349568K)] 205856K(506816K), 0.0015022 secs] [Times: user=0.00 sys=0.00, real=0.00 secs] 
2024-07-23T00:26:08.750+0800: 17.407: Total time for which application threads were stopped: 0.0015489 seconds, Stopping threads took: 0.0000192 seconds
2024-07-23T00:26:08.750+0800: 17.407: [CMS-concurrent-sweep-start]
2024-07-23T00:26:08.750+0800: 17.408: [CMS-concurrent-sweep: 0.000/0.000 secs] [Times: user=0.00 sys=0.00, real=0.00 secs] 
2024-07-23T00:26:08.750+0800: 17.408: [CMS-concurrent-reset-start]
2024-07-23T00:26:08.751+0800: 17.408: [CMS-concurrent-reset: 0.000/0.000 secs] [Times: user=0.00 sys=0.00, real=0.00 secs] 
{Heap before GC invocations=386 (full 769):
 par new generation   total 157248K, used 0K [0x00000000e0000000, 0x00000000eaaa0000, 0x00000000eaaa0000)
  eden space 139776K,   0% used [0x00000000e0000000, 0x00000000e0000000, 0x00000000e8880000)
  from space 17472K,   0% used [0x00000000e8880000, 0x00000000e8880000, 0x00000000e9990000)
  to   space 17472K,   0% used [0x00000000e9990000, 0x00000000e9990000, 0x00000000eaaa0000)
 concurrent mark-sweep generation total 349568K, used 205856K [0x00000000eaaa0000, 0x0000000100000000, 0x0000000100000000)
 Metaspace       used 3957K, capacity 4568K, committed 4864K, reserved 1056768K
  class space    used 431K, capacity 460K, committed 512K, reserved 1048576K
2024-07-23T00:26:08.772+0800: 17.430: [GC (Allocation Failure) 2024-07-23T00:26:08.772+0800: 17.430: [ParNew
Desired survivor size 8945664 bytes, new threshold 6 (max 6)
: 0K->0K(157248K), 0.0028590 secs]2024-07-23T00:26:08.776+0800: 17.433: [CMS: 205856K->1056K(349568K), 0.0053555 secs] 205856K->1056K(506816K), [Metaspace: 3957K->3957K(1056768K)], 0.0084877 secs] [Times: user=0.00 sys=0.00, real=0.01 secs] 
Heap after GC invocations=387 (full 770):
 par new generation   total 157248K, used 0K [0x00000000e0000000, 0x00000000eaaa0000, 0x00000000eaaa0000)
  eden space 139776K,   0% used [0x00000000e0000000, 0x00000000e0000000, 0x00000000e8880000)
  from space 17472K,   0% used [0x00000000e9990000, 0x00000000e9990000, 0x00000000eaaa0000)
  to   space 17472K,   0% used [0x00000000e8880000, 0x00000000e8880000, 0x00000000e9990000)
 concurrent mark-sweep generation total 349568K, used 1056K [0x00000000eaaa0000, 0x0000000100000000, 0x0000000100000000)
 Metaspace       used 3957K, capacity 4568K, committed 4864K, reserved 1056768K
  class space    used 431K, capacity 460K, committed 512K, reserved 1048576K
}
2024-07-23T00:26:08.781+0800: 17.438: Total time for which application threads were stopped: 0.0088480 seconds, Stopping threads took: 0.0000946 seconds
2024-07-23T00:26:08.805+0800: 17.462: [GC (CMS Initial Mark) [1 CMS-initial-mark: 205856K(349568K)] 205856K(506816K), 0.0008187 secs] [Times: user=0.00 sys=0.00, real=0.00 secs] 
2024-07-23T00:26:08.806+0800: 17.463: Total time for which application threads were stopped: 0.0246485 seconds, Stopping threads took: 0.0236842 seconds
2024-07-23T00:26:08.806+0800: 17.463: [CMS-concurrent-mark-start]
2024-07-23T00:26:08.810+0800: 17.467: [CMS-concurrent-mark: 0.004/0.004 secs] [Times: user=0.00 sys=0.00, real=0.00 secs] 
2024-07-23T00:26:08.810+0800: 17.467: [CMS-concurrent-preclean-start]
2024-07-23T00:26:08.810+0800: 17.468: [CMS-concurrent-preclean: 0.001/0.001 secs] [Times: user=0.00 sys=0.00, real=0.00 secs] 
2024-07-23T00:26:08.811+0800: 17.468: [GC (CMS Final Remark) [YG occupancy: 0 K (157248 K)]2024-07-23T00:26:08.811+0800: 17.468: [Rescan (parallel) , 0.0006652 secs]2024-07-23T00:26:08.811+0800: 17.469: [weak refs processing, 0.0000150 secs]2024-07-23T00:26:08.811+0800: 17.469: [class unloading, 0.0003149 secs]2024-07-23T00:26:08.812+0800: 17.469: [scrub symbol table, 0.0004813 secs]2024-07-23T00:26:08.812+0800: 17.469: [scrub string table, 0.0001588 secs][1 CMS-remark: 205856K(349568K)] 205856K(506816K), 0.0017306 secs] [Times: user=0.00 sys=0.00, real=0.00 secs] 
2024-07-23T00:26:08.812+0800: 17.470: Total time for which application threads were stopped: 0.0018124 seconds, Stopping threads took: 0.0000229 seconds
2024-07-23T00:26:08.813+0800: 17.470: [CMS-concurrent-sweep-start]
2024-07-23T00:26:08.813+0800: 17.470: [CMS-concurrent-sweep: 0.000/0.000 secs] [Times: user=0.00 sys=0.00, real=0.00 secs] 
2024-07-23T00:26:08.813+0800: 17.470: [CMS-concurrent-reset-start]
2024-07-23T00:26:08.813+0800: 17.471: [CMS-concurrent-reset: 0.001/0.001 secs] [Times: user=0.00 sys=0.00, real=0.00 secs] 
{Heap before GC invocations=387 (full 771):
 par new generation   total 157248K, used 0K [0x00000000e0000000, 0x00000000eaaa0000, 0x00000000eaaa0000)
  eden space 139776K,   0% used [0x00000000e0000000, 0x00000000e0000000, 0x00000000e8880000)
  from space 17472K,   0% used [0x00000000e9990000, 0x00000000e9990000, 0x00000000eaaa0000)
  to   space 17472K,   0% used [0x00000000e8880000, 0x00000000e8880000, 0x00000000e9990000)
 concurrent mark-sweep generation total 349568K, used 205856K [0x00000000eaaa0000, 0x0000000100000000, 0x0000000100000000)
 Metaspace       used 3957K, capacity 4568K, committed 4864K, reserved 1056768K
  class space    used 431K, capacity 460K, committed 512K, reserved 1048576K
2024-07-23T00:26:08.818+0800: 17.475: [GC (Allocation Failure) 2024-07-23T00:26:08.818+0800: 17.476: [ParNew
Desired survivor size 8945664 bytes, new threshold 6 (max 6)
: 0K->0K(157248K), 0.0030588 secs]2024-07-23T00:26:08.821+0800: 17.479: [CMS: 205856K->1056K(349568K), 0.0050614 secs] 205856K->1056K(506816K), [Metaspace: 3957K->3957K(1056768K)], 0.0083070 secs] [Times: user=0.00 sys=0.00, real=0.01 secs] 
Heap after GC invocations=388 (full 772):
 par new generation   total 157248K, used 0K [0x00000000e0000000, 0x00000000eaaa0000, 0x00000000eaaa0000)
  eden space 139776K,   0% used [0x00000000e0000000, 0x00000000e0000000, 0x00000000e8880000)
  from space 17472K,   0% used [0x00000000e8880000, 0x00000000e8880000, 0x00000000e9990000)
  to   space 17472K,   0% used [0x00000000e9990000, 0x00000000e9990000, 0x00000000eaaa0000)
 concurrent mark-sweep generation total 349568K, used 1056K [0x00000000eaaa0000, 0x0000000100000000, 0x0000000100000000)
 Metaspace       used 3957K, capacity 4568K, committed 4864K, reserved 1056768K
  class space    used 431K, capacity 460K, committed 512K, reserved 1048576K
}
2024-07-23T00:26:08.826+0800: 17.484: Total time for which application threads were stopped: 0.0085656 seconds, Stopping threads took: 0.0000407 seconds
2024-07-23T00:26:08.848+0800: 17.505: [GC (CMS Initial Mark) [1 CMS-initial-mark: 205856K(349568K)] 205856K(506816K), 0.0010461 secs] [Times: user=0.00 sys=0.00, real=0.00 secs] 
2024-07-23T00:26:08.849+0800: 17.506: Total time for which application threads were stopped: 0.0223625 seconds, Stopping threads took: 0.0211203 seconds
2024-07-23T00:26:08.849+0800: 17.507: [CMS-concurrent-mark-start]
2024-07-23T00:26:08.852+0800: 17.509: [CMS-concurrent-mark: 0.003/0.003 secs] [Times: user=0.00 sys=0.00, real=0.00 secs] 
2024-07-23T00:26:08.852+0800: 17.509: [CMS-concurrent-preclean-start]
2024-07-23T00:26:08.854+0800: 17.510: [CMS-concurrent-preclean: 0.001/0.001 secs] [Times: user=0.00 sys=0.00, real=0.00 secs] 
2024-07-23T00:26:08.854+0800: 17.511: [GC (CMS Final Remark) [YG occupancy: 0 K (157248 K)]2024-07-23T00:26:08.854+0800: 17.511: [Rescan (parallel) , 0.0001968 secs]2024-07-23T00:26:08.854+0800: 17.511: [weak refs processing, 0.0000135 secs]2024-07-23T00:26:08.854+0800: 17.511: [class unloading, 0.0003052 secs]2024-07-23T00:26:08.854+0800: 17.511: [scrub symbol table, 0.0004181 secs]2024-07-23T00:26:08.855+0800: 17.512: [scrub string table, 0.0001032 secs][1 CMS-remark: 205856K(349568K)] 205856K(506816K), 0.0011169 secs] [Times: user=0.00 sys=0.00, real=0.00 secs] 
2024-07-23T00:26:08.855+0800: 17.512: Total time for which application threads were stopped: 0.0011706 seconds, Stopping threads took: 0.0000193 seconds
2024-07-23T00:26:08.855+0800: 17.512: [CMS-concurrent-sweep-start]
2024-07-23T00:26:08.855+0800: 17.512: [CMS-concurrent-sweep: 0.000/0.000 secs] [Times: user=0.00 sys=0.00, real=0.00 secs] 
2024-07-23T00:26:08.855+0800: 17.512: [CMS-concurrent-reset-start]
2024-07-23T00:26:08.855+0800: 17.512: [CMS-concurrent-reset: 0.000/0.000 secs] [Times: user=0.00 sys=0.00, real=0.00 secs] 
{Heap before GC invocations=388 (full 773):
 par new generation   total 157248K, used 0K [0x00000000e0000000, 0x00000000eaaa0000, 0x00000000eaaa0000)
  eden space 139776K,   0% used [0x00000000e0000000, 0x00000000e0000000, 0x00000000e8880000)
  from space 17472K,   0% used [0x00000000e8880000, 0x00000000e8880000, 0x00000000e9990000)
  to   space 17472K,   0% used [0x00000000e9990000, 0x00000000e9990000, 0x00000000eaaa0000)
 concurrent mark-sweep generation total 349568K, used 205856K [0x00000000eaaa0000, 0x0000000100000000, 0x0000000100000000)
 Metaspace       used 3957K, capacity 4568K, committed 4864K, reserved 1056768K
  class space    used 431K, capacity 460K, committed 512K, reserved 1048576K
2024-07-23T00:26:08.865+0800: 17.522: [GC (Allocation Failure) 2024-07-23T00:26:08.865+0800: 17.522: [ParNew
Desired survivor size 8945664 bytes, new threshold 6 (max 6)
: 0K->0K(157248K), 0.0007108 secs]2024-07-23T00:26:08.866+0800: 17.523: [CMS: 205856K->1056K(349568K), 0.0028941 secs] 205856K->1056K(506816K), [Metaspace: 3957K->3957K(1056768K)], 0.0037460 secs] [Times: user=0.00 sys=0.00, real=0.00 secs] 
Heap after GC invocations=389 (full 774):
 par new generation   total 157248K, used 0K [0x00000000e0000000, 0x00000000eaaa0000, 0x00000000eaaa0000)
  eden space 139776K,   0% used [0x00000000e0000000, 0x00000000e0000000, 0x00000000e8880000)
  from space 17472K,   0% used [0x00000000e9990000, 0x00000000e9990000, 0x00000000eaaa0000)
  to   space 17472K,   0% used [0x00000000e8880000, 0x00000000e8880000, 0x00000000e9990000)
 concurrent mark-sweep generation total 349568K, used 1056K [0x00000000eaaa0000, 0x0000000100000000, 0x0000000100000000)
 Metaspace       used 3957K, capacity 4568K, committed 4864K, reserved 1056768K
  class space    used 431K, capacity 460K, committed 512K, reserved 1048576K
}
2024-07-23T00:26:08.869+0800: 17.526: Total time for which application threads were stopped: 0.0039249 seconds, Stopping threads took: 0.0000363 seconds
2024-07-23T00:26:08.889+0800: 17.546: [GC (CMS Initial Mark) [1 CMS-initial-mark: 205856K(349568K)] 205856K(506816K), 0.0010321 secs] [Times: user=0.00 sys=0.00, real=0.00 secs] 
2024-07-23T00:26:08.890+0800: 17.547: Total time for which application threads were stopped: 0.0208707 seconds, Stopping threads took: 0.0197663 seconds
2024-07-23T00:26:08.890+0800: 17.547: [CMS-concurrent-mark-start]
2024-07-23T00:26:08.891+0800: 17.548: [CMS-concurrent-mark: 0.002/0.002 secs] [Times: user=0.00 sys=0.00, real=0.00 secs] 
2024-07-23T00:26:08.891+0800: 17.548: [CMS-concurrent-preclean-start]
2024-07-23T00:26:08.892+0800: 17.549: [CMS-concurrent-preclean: 0.001/0.001 secs] [Times: user=0.00 sys=0.00, real=0.00 secs] 
2024-07-23T00:26:08.893+0800: 17.549: [GC (CMS Final Remark) [YG occupancy: 0 K (157248 K)]2024-07-23T00:26:08.893+0800: 17.549: [Rescan (parallel) , 0.0006954 secs]2024-07-23T00:26:08.893+0800: 17.550: [weak refs processing, 0.0000109 secs]2024-07-23T00:26:08.893+0800: 17.550: [class unloading, 0.0002594 secs]2024-07-23T00:26:08.894+0800: 17.550: [scrub symbol table, 0.0003702 secs]2024-07-23T00:26:08.894+0800: 17.551: [scrub string table, 0.0001156 secs][1 CMS-remark: 205856K(349568K)] 205856K(506816K), 0.0015069 secs] [Times: user=0.00 sys=0.00, real=0.00 secs] 
2024-07-23T00:26:08.894+0800: 17.551: Total time for which application threads were stopped: 0.0015595 seconds, Stopping threads took: 0.0000190 seconds
2024-07-23T00:26:08.894+0800: 17.551: [CMS-concurrent-sweep-start]
2024-07-23T00:26:08.894+0800: 17.551: [CMS-concurrent-sweep: 0.000/0.000 secs] [Times: user=0.00 sys=0.00, real=0.00 secs] 
2024-07-23T00:26:08.894+0800: 17.551: [CMS-concurrent-reset-start]
2024-07-23T00:26:08.895+0800: 17.552: [CMS-concurrent-reset: 0.000/0.000 secs] [Times: user=0.00 sys=0.00, real=0.00 secs] 
{Heap before GC invocations=389 (full 775):
 par new generation   total 157248K, used 0K [0x00000000e0000000, 0x00000000eaaa0000, 0x00000000eaaa0000)
  eden space 139776K,   0% used [0x00000000e0000000, 0x00000000e0000000, 0x00000000e8880000)
  from space 17472K,   0% used [0x00000000e9990000, 0x00000000e9990000, 0x00000000eaaa0000)
  to   space 17472K,   0% used [0x00000000e8880000, 0x00000000e8880000, 0x00000000e9990000)
 concurrent mark-sweep generation total 349568K, used 205856K [0x00000000eaaa0000, 0x0000000100000000, 0x0000000100000000)
 Metaspace       used 3957K, capacity 4568K, committed 4864K, reserved 1056768K
  class space    used 431K, capacity 460K, committed 512K, reserved 1048576K
2024-07-23T00:26:08.912+0800: 17.569: [GC (Allocation Failure) 2024-07-23T00:26:08.912+0800: 17.569: [ParNew
Desired survivor size 8945664 bytes, new threshold 6 (max 6)
: 0K->0K(157248K), 0.0023772 secs]2024-07-23T00:26:08.914+0800: 17.572: [CMS: 205856K->1056K(349568K), 0.0063110 secs] 205856K->1056K(506816K), [Metaspace: 3957K->3957K(1056768K)], 0.0088904 secs] [Times: user=0.02 sys=0.00, real=0.01 secs] 
Heap after GC invocations=390 (full 776):
 par new generation   total 157248K, used 0K [0x00000000e0000000, 0x00000000eaaa0000, 0x00000000eaaa0000)
  eden space 139776K,   0% used [0x00000000e0000000, 0x00000000e0000000, 0x00000000e8880000)
  from space 17472K,   0% used [0x00000000e8880000, 0x00000000e8880000, 0x00000000e9990000)
  to   space 17472K,   0% used [0x00000000e9990000, 0x00000000e9990000, 0x00000000eaaa0000)
 concurrent mark-sweep generation total 349568K, used 1056K [0x00000000eaaa0000, 0x0000000100000000, 0x0000000100000000)
 Metaspace       used 3957K, capacity 4568K, committed 4864K, reserved 1056768K
  class space    used 431K, capacity 460K, committed 512K, reserved 1048576K
}
2024-07-23T00:26:08.921+0800: 17.578: Total time for which application threads were stopped: 0.0091932 seconds, Stopping threads took: 0.0000903 seconds
2024-07-23T00:26:08.947+0800: 17.605: [GC (CMS Initial Mark) [1 CMS-initial-mark: 205856K(349568K)] 205856K(506816K), 0.0006347 secs] [Times: user=0.00 sys=0.00, real=0.00 secs] 
2024-07-23T00:26:08.948+0800: 17.605: Total time for which application threads were stopped: 0.0267832 seconds, Stopping threads took: 0.0260619 seconds
2024-07-23T00:26:08.948+0800: 17.605: [CMS-concurrent-mark-start]
2024-07-23T00:26:08.950+0800: 17.607: [CMS-concurrent-mark: 0.002/0.002 secs] [Times: user=0.02 sys=0.00, real=0.00 secs] 
2024-07-23T00:26:08.950+0800: 17.607: [CMS-concurrent-preclean-start]
2024-07-23T00:26:08.950+0800: 17.608: [CMS-concurrent-preclean: 0.000/0.000 secs] [Times: user=0.00 sys=0.00, real=0.00 secs] 
2024-07-23T00:26:08.951+0800: 17.608: [GC (CMS Final Remark) [YG occupancy: 0 K (157248 K)]2024-07-23T00:26:08.951+0800: 17.608: [Rescan (parallel) , 0.0006745 secs]2024-07-23T00:26:08.951+0800: 17.608: [weak refs processing, 0.0000139 secs]2024-07-23T00:26:08.951+0800: 17.608: [class unloading, 0.0002788 secs]2024-07-23T00:26:08.952+0800: 17.609: [scrub symbol table, 0.0003878 secs]2024-07-23T00:26:08.952+0800: 17.609: [scrub string table, 0.0001230 secs][1 CMS-remark: 205856K(349568K)] 205856K(506816K), 0.0015526 secs] [Times: user=0.00 sys=0.00, real=0.00 secs] 
2024-07-23T00:26:08.952+0800: 17.609: Total time for which application threads were stopped: 0.0016126 seconds, Stopping threads took: 0.0000186 seconds
2024-07-23T00:26:08.953+0800: 17.609: [CMS-concurrent-sweep-start]
2024-07-23T00:26:08.953+0800: 17.610: [CMS-concurrent-sweep: 0.000/0.000 secs] [Times: user=0.00 sys=0.00, real=0.00 secs] 
2024-07-23T00:26:08.953+0800: 17.610: [CMS-concurrent-reset-start]
2024-07-23T00:26:08.953+0800: 17.610: [CMS-concurrent-reset: 0.000/0.000 secs] [Times: user=0.00 sys=0.00, real=0.00 secs] 
{Heap before GC invocations=390 (full 777):
 par new generation   total 157248K, used 0K [0x00000000e0000000, 0x00000000eaaa0000, 0x00000000eaaa0000)
  eden space 139776K,   0% used [0x00000000e0000000, 0x00000000e0000000, 0x00000000e8880000)
  from space 17472K,   0% used [0x00000000e8880000, 0x00000000e8880000, 0x00000000e9990000)
  to   space 17472K,   0% used [0x00000000e9990000, 0x00000000e9990000, 0x00000000eaaa0000)
 concurrent mark-sweep generation total 349568K, used 205856K [0x00000000eaaa0000, 0x0000000100000000, 0x0000000100000000)
 Metaspace       used 3957K, capacity 4568K, committed 4864K, reserved 1056768K
  class space    used 431K, capacity 460K, committed 512K, reserved 1048576K
2024-07-23T00:26:08.960+0800: 17.617: [GC (Allocation Failure) 2024-07-23T00:26:08.960+0800: 17.617: [ParNew
Desired survivor size 8945664 bytes, new threshold 6 (max 6)
: 0K->0K(157248K), 0.0009432 secs]2024-07-23T00:26:08.961+0800: 17.618: [CMS: 205856K->1056K(349568K), 0.0049835 secs] 205856K->1056K(506816K), [Metaspace: 3957K->3957K(1056768K)], 0.0061181 secs] [Times: user=0.02 sys=0.00, real=0.01 secs] 
Heap after GC invocations=391 (full 778):
 par new generation   total 157248K, used 0K [0x00000000e0000000, 0x00000000eaaa0000, 0x00000000eaaa0000)
  eden space 139776K,   0% used [0x00000000e0000000, 0x00000000e0000000, 0x00000000e8880000)
  from space 17472K,   0% used [0x00000000e9990000, 0x00000000e9990000, 0x00000000eaaa0000)
  to   space 17472K,   0% used [0x00000000e8880000, 0x00000000e8880000, 0x00000000e9990000)
 concurrent mark-sweep generation total 349568K, used 1056K [0x00000000eaaa0000, 0x0000000100000000, 0x0000000100000000)
 Metaspace       used 3957K, capacity 4568K, committed 4864K, reserved 1056768K
  class space    used 431K, capacity 460K, committed 512K, reserved 1048576K
}
2024-07-23T00:26:08.966+0800: 17.623: Total time for which application threads were stopped: 0.0063122 seconds, Stopping threads took: 0.0000356 seconds
2024-07-23T00:26:08.991+0800: 17.648: [GC (CMS Initial Mark) [1 CMS-initial-mark: 205856K(349568K)] 205856K(506816K), 0.0012662 secs] [Times: user=0.00 sys=0.00, real=0.00 secs] 
2024-07-23T00:26:08.992+0800: 17.649: Total time for which application threads were stopped: 0.0265177 seconds, Stopping threads took: 0.0251454 seconds
2024-07-23T00:26:08.992+0800: 17.649: [CMS-concurrent-mark-start]
2024-07-23T00:26:08.994+0800: 17.652: [CMS-concurrent-mark: 0.002/0.002 secs] [Times: user=0.00 sys=0.00, real=0.00 secs] 
2024-07-23T00:26:08.994+0800: 17.652: [CMS-concurrent-preclean-start]
2024-07-23T00:26:08.995+0800: 17.652: [CMS-concurrent-preclean: 0.001/0.001 secs] [Times: user=0.00 sys=0.00, real=0.00 secs] 
2024-07-23T00:26:08.995+0800: 17.652: [GC (CMS Final Remark) [YG occupancy: 0 K (157248 K)]2024-07-23T00:26:08.995+0800: 17.652: [Rescan (parallel) , 0.0007252 secs]2024-07-23T00:26:08.996+0800: 17.653: [weak refs processing, 0.0000125 secs]2024-07-23T00:26:08.996+0800: 17.653: [class unloading, 0.0002867 secs]2024-07-23T00:26:08.996+0800: 17.653: [scrub symbol table, 0.0004728 secs]2024-07-23T00:26:08.997+0800: 17.654: [scrub string table, 0.0001317 secs][1 CMS-remark: 205856K(349568K)] 205856K(506816K), 0.0017024 secs] [Times: user=0.02 sys=0.00, real=0.00 secs] 
2024-07-23T00:26:08.997+0800: 17.654: Total time for which application threads were stopped: 0.0017713 seconds, Stopping threads took: 0.0000236 seconds
2024-07-23T00:26:08.997+0800: 17.654: [CMS-concurrent-sweep-start]
2024-07-23T00:26:08.997+0800: 17.654: [CMS-concurrent-sweep: 0.000/0.000 secs] [Times: user=0.00 sys=0.00, real=0.00 secs] 
2024-07-23T00:26:08.997+0800: 17.655: [CMS-concurrent-reset-start]
2024-07-23T00:26:08.998+0800: 17.655: [CMS-concurrent-reset: 0.001/0.001 secs] [Times: user=0.00 sys=0.00, real=0.00 secs] 
{Heap before GC invocations=391 (full 779):
 par new generation   total 157248K, used 0K [0x00000000e0000000, 0x00000000eaaa0000, 0x00000000eaaa0000)
  eden space 139776K,   0% used [0x00000000e0000000, 0x00000000e0000000, 0x00000000e8880000)
  from space 17472K,   0% used [0x00000000e9990000, 0x00000000e9990000, 0x00000000eaaa0000)
  to   space 17472K,   0% used [0x00000000e8880000, 0x00000000e8880000, 0x00000000e9990000)
 concurrent mark-sweep generation total 349568K, used 205856K [0x00000000eaaa0000, 0x0000000100000000, 0x0000000100000000)
 Metaspace       used 3957K, capacity 4568K, committed 4864K, reserved 1056768K
  class space    used 431K, capacity 460K, committed 512K, reserved 1048576K
2024-07-23T00:26:09.006+0800: 17.663: [GC (Allocation Failure) 2024-07-23T00:26:09.006+0800: 17.663: [ParNew
Desired survivor size 8945664 bytes, new threshold 6 (max 6)
: 0K->0K(157248K), 0.0022643 secs]2024-07-23T00:26:09.008+0800: 17.665: [CMS: 205856K->1056K(349568K), 0.0057873 secs] 205856K->1056K(506816K), [Metaspace: 3957K->3957K(1056768K)], 0.0082178 secs] [Times: user=0.00 sys=0.00, real=0.01 secs] 
Heap after GC invocations=392 (full 780):
 par new generation   total 157248K, used 0K [0x00000000e0000000, 0x00000000eaaa0000, 0x00000000eaaa0000)
  eden space 139776K,   0% used [0x00000000e0000000, 0x00000000e0000000, 0x00000000e8880000)
  from space 17472K,   0% used [0x00000000e8880000, 0x00000000e8880000, 0x00000000e9990000)
  to   space 17472K,   0% used [0x00000000e9990000, 0x00000000e9990000, 0x00000000eaaa0000)
 concurrent mark-sweep generation total 349568K, used 1056K [0x00000000eaaa0000, 0x0000000100000000, 0x0000000100000000)
 Metaspace       used 3957K, capacity 4568K, committed 4864K, reserved 1056768K
  class space    used 431K, capacity 460K, committed 512K, reserved 1048576K
}
2024-07-23T00:26:09.014+0800: 17.671: Total time for which application threads were stopped: 0.0084636 seconds, Stopping threads took: 0.0000676 seconds
2024-07-23T00:26:09.036+0800: 17.693: [GC (CMS Initial Mark) [1 CMS-initial-mark: 205856K(349568K)] 205856K(506816K), 0.0009243 secs] [Times: user=0.00 sys=0.00, real=0.00 secs] 
2024-07-23T00:26:09.037+0800: 17.694: Total time for which application threads were stopped: 0.0225476 seconds, Stopping threads took: 0.0215087 seconds
2024-07-23T00:26:09.037+0800: 17.694: [CMS-concurrent-mark-start]
2024-07-23T00:26:09.039+0800: 17.696: [CMS-concurrent-mark: 0.002/0.002 secs] [Times: user=0.00 sys=0.00, real=0.00 secs] 
2024-07-23T00:26:09.039+0800: 17.696: [CMS-concurrent-preclean-start]
2024-07-23T00:26:09.040+0800: 17.697: [CMS-concurrent-preclean: 0.000/0.000 secs] [Times: user=0.00 sys=0.00, real=0.00 secs] 
2024-07-23T00:26:09.040+0800: 17.697: [GC (CMS Final Remark) [YG occupancy: 0 K (157248 K)]2024-07-23T00:26:09.040+0800: 17.697: [Rescan (parallel) , 0.0008677 secs]2024-07-23T00:26:09.041+0800: 17.698: [weak refs processing, 0.0000124 secs]2024-07-23T00:26:09.041+0800: 17.698: [class unloading, 0.0002591 secs]2024-07-23T00:26:09.041+0800: 17.698: [scrub symbol table, 0.0003619 secs]2024-07-23T00:26:09.041+0800: 17.698: [scrub string table, 0.0001124 secs][1 CMS-remark: 205856K(349568K)] 205856K(506816K), 0.0016730 secs] [Times: user=0.00 sys=0.00, real=0.00 secs] 
2024-07-23T00:26:09.042+0800: 17.698: Total time for which application threads were stopped: 0.0017257 seconds, Stopping threads took: 0.0000162 seconds
2024-07-23T00:26:09.042+0800: 17.698: [CMS-concurrent-sweep-start]
2024-07-23T00:26:09.042+0800: 17.699: [CMS-concurrent-sweep: 0.000/0.000 secs] [Times: user=0.00 sys=0.00, real=0.00 secs] 
2024-07-23T00:26:09.042+0800: 17.699: [CMS-concurrent-reset-start]
2024-07-23T00:26:09.042+0800: 17.699: [CMS-concurrent-reset: 0.000/0.000 secs] [Times: user=0.00 sys=0.00, real=0.00 secs] 
{Heap before GC invocations=392 (full 781):
 par new generation   total 157248K, used 0K [0x00000000e0000000, 0x00000000eaaa0000, 0x00000000eaaa0000)
  eden space 139776K,   0% used [0x00000000e0000000, 0x00000000e0000000, 0x00000000e8880000)
  from space 17472K,   0% used [0x00000000e8880000, 0x00000000e8880000, 0x00000000e9990000)
  to   space 17472K,   0% used [0x00000000e9990000, 0x00000000e9990000, 0x00000000eaaa0000)
 concurrent mark-sweep generation total 349568K, used 205856K [0x00000000eaaa0000, 0x0000000100000000, 0x0000000100000000)
 Metaspace       used 3957K, capacity 4568K, committed 4864K, reserved 1056768K
  class space    used 431K, capacity 460K, committed 512K, reserved 1048576K
2024-07-23T00:26:09.053+0800: 17.710: [GC (Allocation Failure) 2024-07-23T00:26:09.053+0800: 17.710: [ParNew
Desired survivor size 8945664 bytes, new threshold 6 (max 6)
: 0K->0K(157248K), 0.0027780 secs]2024-07-23T00:26:09.055+0800: 17.713: [CMS: 205856K->1056K(349568K), 0.0040269 secs] 205856K->1056K(506816K), [Metaspace: 3957K->3957K(1056768K)], 0.0069484 secs] [Times: user=0.00 sys=0.00, real=0.01 secs] 
Heap after GC invocations=393 (full 782):
 par new generation   total 157248K, used 0K [0x00000000e0000000, 0x00000000eaaa0000, 0x00000000eaaa0000)
  eden space 139776K,   0% used [0x00000000e0000000, 0x00000000e0000000, 0x00000000e8880000)
  from space 17472K,   0% used [0x00000000e9990000, 0x00000000e9990000, 0x00000000eaaa0000)
  to   space 17472K,   0% used [0x00000000e8880000, 0x00000000e8880000, 0x00000000e9990000)
 concurrent mark-sweep generation total 349568K, used 1056K [0x00000000eaaa0000, 0x0000000100000000, 0x0000000100000000)
 Metaspace       used 3957K, capacity 4568K, committed 4864K, reserved 1056768K
  class space    used 431K, capacity 460K, committed 512K, reserved 1048576K
}
2024-07-23T00:26:09.059+0800: 17.717: Total time for which application threads were stopped: 0.0071868 seconds, Stopping threads took: 0.0000403 seconds
2024-07-23T00:26:09.081+0800: 17.739: [GC (CMS Initial Mark) [1 CMS-initial-mark: 205856K(349568K)] 205856K(506816K), 0.0013638 secs] [Times: user=0.00 sys=0.00, real=0.00 secs] 
2024-07-23T00:26:09.083+0800: 17.740: Total time for which application threads were stopped: 0.0232526 seconds, Stopping threads took: 0.0217488 seconds
2024-07-23T00:26:09.083+0800: 17.740: [CMS-concurrent-mark-start]
2024-07-23T00:26:09.085+0800: 17.742: [CMS-concurrent-mark: 0.002/0.002 secs] [Times: user=0.00 sys=0.00, real=0.00 secs] 
2024-07-23T00:26:09.085+0800: 17.742: [CMS-concurrent-preclean-start]
2024-07-23T00:26:09.085+0800: 17.743: [CMS-concurrent-preclean: 0.000/0.000 secs] [Times: user=0.00 sys=0.00, real=0.00 secs] 
2024-07-23T00:26:09.086+0800: 17.743: [GC (CMS Final Remark) [YG occupancy: 0 K (157248 K)]2024-07-23T00:26:09.086+0800: 17.743: [Rescan (parallel) , 0.0010040 secs]2024-07-23T00:26:09.087+0800: 17.744: [weak refs processing, 0.0000149 secs]2024-07-23T00:26:09.087+0800: 17.744: [class unloading, 0.0002651 secs]2024-07-23T00:26:09.087+0800: 17.744: [scrub symbol table, 0.0003667 secs]2024-07-23T00:26:09.087+0800: 17.745: [scrub string table, 0.0001173 secs][1 CMS-remark: 205856K(349568K)] 205856K(506816K), 0.0018381 secs] [Times: user=0.00 sys=0.00, real=0.00 secs] 
2024-07-23T00:26:09.087+0800: 17.745: Total time for which application threads were stopped: 0.0018916 seconds, Stopping threads took: 0.0000166 seconds
2024-07-23T00:26:09.087+0800: 17.745: [CMS-concurrent-sweep-start]
2024-07-23T00:26:09.088+0800: 17.745: [CMS-concurrent-sweep: 0.000/0.000 secs] [Times: user=0.00 sys=0.00, real=0.00 secs] 
2024-07-23T00:26:09.088+0800: 17.745: [CMS-concurrent-reset-start]
2024-07-23T00:26:09.088+0800: 17.745: [CMS-concurrent-reset: 0.000/0.000 secs] [Times: user=0.00 sys=0.00, real=0.00 secs] 
{Heap before GC invocations=393 (full 783):
 par new generation   total 157248K, used 0K [0x00000000e0000000, 0x00000000eaaa0000, 0x00000000eaaa0000)
  eden space 139776K,   0% used [0x00000000e0000000, 0x00000000e0000000, 0x00000000e8880000)
  from space 17472K,   0% used [0x00000000e9990000, 0x00000000e9990000, 0x00000000eaaa0000)
  to   space 17472K,   0% used [0x00000000e8880000, 0x00000000e8880000, 0x00000000e9990000)
 concurrent mark-sweep generation total 349568K, used 205856K [0x00000000eaaa0000, 0x0000000100000000, 0x0000000100000000)
 Metaspace       used 3957K, capacity 4568K, committed 4864K, reserved 1056768K
  class space    used 431K, capacity 460K, committed 512K, reserved 1048576K
2024-07-23T00:26:09.099+0800: 17.756: [GC (Allocation Failure) 2024-07-23T00:26:09.099+0800: 17.756: [ParNew
Desired survivor size 8945664 bytes, new threshold 6 (max 6)
: 0K->0K(157248K), 0.0021530 secs]2024-07-23T00:26:09.102+0800: 17.759: [CMS: 205856K->1056K(349568K), 0.0035456 secs] 205856K->1056K(506816K), [Metaspace: 3957K->3957K(1056768K)], 0.0058438 secs] [Times: user=0.00 sys=0.00, real=0.01 secs] 
Heap after GC invocations=394 (full 784):
 par new generation   total 157248K, used 0K [0x00000000e0000000, 0x00000000eaaa0000, 0x00000000eaaa0000)
  eden space 139776K,   0% used [0x00000000e0000000, 0x00000000e0000000, 0x00000000e8880000)
  from space 17472K,   0% used [0x00000000e8880000, 0x00000000e8880000, 0x00000000e9990000)
  to   space 17472K,   0% used [0x00000000e9990000, 0x00000000e9990000, 0x00000000eaaa0000)
 concurrent mark-sweep generation total 349568K, used 1056K [0x00000000eaaa0000, 0x0000000100000000, 0x0000000100000000)
 Metaspace       used 3957K, capacity 4568K, committed 4864K, reserved 1056768K
  class space    used 431K, capacity 460K, committed 512K, reserved 1048576K
}
2024-07-23T00:26:09.106+0800: 17.762: Total time for which application threads were stopped: 0.0060817 seconds, Stopping threads took: 0.0000346 seconds
2024-07-23T00:26:09.126+0800: 17.783: [GC (CMS Initial Mark) [1 CMS-initial-mark: 205856K(349568K)] 205856K(506816K), 0.0012321 secs] [Times: user=0.00 sys=0.00, real=0.00 secs] 
2024-07-23T00:26:09.128+0800: 17.785: Total time for which application threads were stopped: 0.0221061 seconds, Stopping threads took: 0.0207307 seconds
2024-07-23T00:26:09.128+0800: 17.785: [CMS-concurrent-mark-start]
2024-07-23T00:26:09.129+0800: 17.786: [CMS-concurrent-mark: 0.002/0.002 secs] [Times: user=0.00 sys=0.00, real=0.00 secs] 
2024-07-23T00:26:09.129+0800: 17.787: [CMS-concurrent-preclean-start]
2024-07-23T00:26:09.130+0800: 17.787: [CMS-concurrent-preclean: 0.001/0.001 secs] [Times: user=0.00 sys=0.00, real=0.00 secs] 
2024-07-23T00:26:09.130+0800: 17.787: [GC (CMS Final Remark) [YG occupancy: 0 K (157248 K)]2024-07-23T00:26:09.130+0800: 17.787: [Rescan (parallel) , 0.0005435 secs]2024-07-23T00:26:09.131+0800: 17.788: [weak refs processing, 0.0000276 secs]2024-07-23T00:26:09.131+0800: 17.788: [class unloading, 0.0004641 secs]2024-07-23T00:26:09.131+0800: 17.788: [scrub symbol table, 0.0006704 secs]2024-07-23T00:26:09.132+0800: 17.789: [scrub string table, 0.0002004 secs][1 CMS-remark: 205856K(349568K)] 205856K(506816K), 0.0020217 secs] [Times: user=0.00 sys=0.00, real=0.00 secs] 
2024-07-23T00:26:09.132+0800: 17.789: Total time for which application threads were stopped: 0.0020949 seconds, Stopping threads took: 0.0000218 seconds
2024-07-23T00:26:09.132+0800: 17.790: [CMS-concurrent-sweep-start]
2024-07-23T00:26:09.133+0800: 17.790: [CMS-concurrent-sweep: 0.000/0.000 secs] [Times: user=0.00 sys=0.00, real=0.00 secs] 
2024-07-23T00:26:09.133+0800: 17.790: [CMS-concurrent-reset-start]
2024-07-23T00:26:09.133+0800: 17.790: [CMS-concurrent-reset: 0.001/0.001 secs] [Times: user=0.00 sys=0.00, real=0.00 secs] 
{Heap before GC invocations=394 (full 785):
 par new generation   total 157248K, used 0K [0x00000000e0000000, 0x00000000eaaa0000, 0x00000000eaaa0000)
  eden space 139776K,   0% used [0x00000000e0000000, 0x00000000e0000000, 0x00000000e8880000)
  from space 17472K,   0% used [0x00000000e8880000, 0x00000000e8880000, 0x00000000e9990000)
  to   space 17472K,   0% used [0x00000000e9990000, 0x00000000e9990000, 0x00000000eaaa0000)
 concurrent mark-sweep generation total 349568K, used 205856K [0x00000000eaaa0000, 0x0000000100000000, 0x0000000100000000)
 Metaspace       used 3957K, capacity 4568K, committed 4864K, reserved 1056768K
  class space    used 431K, capacity 460K, committed 512K, reserved 1048576K
2024-07-23T00:26:09.146+0800: 17.803: [GC (Allocation Failure) 2024-07-23T00:26:09.146+0800: 17.803: [ParNew
Desired survivor size 8945664 bytes, new threshold 6 (max 6)
: 0K->0K(157248K), 0.0014683 secs]2024-07-23T00:26:09.147+0800: 17.804: [CMS: 205856K->1056K(349568K), 0.0055987 secs] 205856K->1056K(506816K), [Metaspace: 3957K->3957K(1056768K)], 0.0072762 secs] [Times: user=0.00 sys=0.00, real=0.01 secs] 
Heap after GC invocations=395 (full 786):
 par new generation   total 157248K, used 0K [0x00000000e0000000, 0x00000000eaaa0000, 0x00000000eaaa0000)
  eden space 139776K,   0% used [0x00000000e0000000, 0x00000000e0000000, 0x00000000e8880000)
  from space 17472K,   0% used [0x00000000e9990000, 0x00000000e9990000, 0x00000000eaaa0000)
  to   space 17472K,   0% used [0x00000000e8880000, 0x00000000e8880000, 0x00000000e9990000)
 concurrent mark-sweep generation total 349568K, used 1056K [0x00000000eaaa0000, 0x0000000100000000, 0x0000000100000000)
 Metaspace       used 3957K, capacity 4568K, committed 4864K, reserved 1056768K
  class space    used 431K, capacity 460K, committed 512K, reserved 1048576K
}
2024-07-23T00:26:09.153+0800: 17.810: Total time for which application threads were stopped: 0.0074557 seconds, Stopping threads took: 0.0000301 seconds
2024-07-23T00:26:09.183+0800: 17.839: [GC (CMS Initial Mark) [1 CMS-initial-mark: 205856K(349568K)] 205856K(506816K), 0.0005887 secs] [Times: user=0.00 sys=0.00, real=0.00 secs] 
2024-07-23T00:26:09.183+0800: 17.840: Total time for which application threads were stopped: 0.0295601 seconds, Stopping threads took: 0.0289032 seconds
2024-07-23T00:26:09.183+0800: 17.840: [CMS-concurrent-mark-start]
2024-07-23T00:26:09.185+0800: 17.842: [CMS-concurrent-mark: 0.002/0.002 secs] [Times: user=0.01 sys=0.00, real=0.00 secs] 
2024-07-23T00:26:09.185+0800: 17.842: [CMS-concurrent-preclean-start]
2024-07-23T00:26:09.185+0800: 17.842: [CMS-concurrent-preclean: 0.001/0.001 secs] [Times: user=0.00 sys=0.00, real=0.00 secs] 
2024-07-23T00:26:09.186+0800: 17.843: [GC (CMS Final Remark) [YG occupancy: 0 K (157248 K)]2024-07-23T00:26:09.186+0800: 17.843: [Rescan (parallel) , 0.0002024 secs]2024-07-23T00:26:09.186+0800: 17.843: [weak refs processing, 0.0000119 secs]2024-07-23T00:26:09.186+0800: 17.843: [class unloading, 0.0002827 secs]2024-07-23T00:26:09.186+0800: 17.843: [scrub symbol table, 0.0003953 secs]2024-07-23T00:26:09.187+0800: 17.844: [scrub string table, 0.0001233 secs][1 CMS-remark: 205856K(349568K)] 205856K(506816K), 0.0010872 secs] [Times: user=0.00 sys=0.00, real=0.00 secs] 
2024-07-23T00:26:09.187+0800: 17.844: Total time for which application threads were stopped: 0.0011508 seconds, Stopping threads took: 0.0000225 seconds
2024-07-23T00:26:09.187+0800: 17.844: [CMS-concurrent-sweep-start]
2024-07-23T00:26:09.187+0800: 17.844: [CMS-concurrent-sweep: 0.000/0.000 secs] [Times: user=0.00 sys=0.00, real=0.00 secs] 
2024-07-23T00:26:09.187+0800: 17.844: [CMS-concurrent-reset-start]
2024-07-23T00:26:09.188+0800: 17.845: [CMS-concurrent-reset: 0.000/0.000 secs] [Times: user=0.00 sys=0.00, real=0.00 secs] 
{Heap before GC invocations=395 (full 787):
 par new generation   total 157248K, used 0K [0x00000000e0000000, 0x00000000eaaa0000, 0x00000000eaaa0000)
  eden space 139776K,   0% used [0x00000000e0000000, 0x00000000e0000000, 0x00000000e8880000)
  from space 17472K,   0% used [0x00000000e9990000, 0x00000000e9990000, 0x00000000eaaa0000)
  to   space 17472K,   0% used [0x00000000e8880000, 0x00000000e8880000, 0x00000000e9990000)
 concurrent mark-sweep generation total 349568K, used 205856K [0x00000000eaaa0000, 0x0000000100000000, 0x0000000100000000)
 Metaspace       used 3957K, capacity 4568K, committed 4864K, reserved 1056768K
  class space    used 431K, capacity 460K, committed 512K, reserved 1048576K
2024-07-23T00:26:09.208+0800: 17.865: [GC (Allocation Failure) 2024-07-23T00:26:09.208+0800: 17.865: [ParNew
Desired survivor size 8945664 bytes, new threshold 6 (max 6)
: 0K->0K(157248K), 0.0023302 secs]2024-07-23T00:26:09.210+0800: 17.868: [CMS: 205856K->1056K(349568K), 0.0044029 secs] 205856K->1056K(506816K), [Metaspace: 3957K->3957K(1056768K)], 0.0068973 secs] [Times: user=0.00 sys=0.00, real=0.01 secs] 
Heap after GC invocations=396 (full 788):
 par new generation   total 157248K, used 0K [0x00000000e0000000, 0x00000000eaaa0000, 0x00000000eaaa0000)
  eden space 139776K,   0% used [0x00000000e0000000, 0x00000000e0000000, 0x00000000e8880000)
  from space 17472K,   0% used [0x00000000e8880000, 0x00000000e8880000, 0x00000000e9990000)
  to   space 17472K,   0% used [0x00000000e9990000, 0x00000000e9990000, 0x00000000eaaa0000)
 concurrent mark-sweep generation total 349568K, used 1056K [0x00000000eaaa0000, 0x0000000100000000, 0x0000000100000000)
 Metaspace       used 3957K, capacity 4568K, committed 4864K, reserved 1056768K
  class space    used 431K, capacity 460K, committed 512K, reserved 1048576K
}
2024-07-23T00:26:09.215+0800: 17.872: Total time for which application threads were stopped: 0.0070724 seconds, Stopping threads took: 0.0000278 seconds
2024-07-23T00:26:09.239+0800: 17.896: [GC (CMS Initial Mark) [1 CMS-initial-mark: 205856K(349568K)] 205856K(506816K), 0.0009191 secs] [Times: user=0.00 sys=0.00, real=0.00 secs] 
2024-07-23T00:26:09.240+0800: 17.897: Total time for which application threads were stopped: 0.0248655 seconds, Stopping threads took: 0.0237871 seconds
2024-07-23T00:26:09.240+0800: 17.897: [CMS-concurrent-mark-start]
2024-07-23T00:26:09.242+0800: 17.899: [CMS-concurrent-mark: 0.002/0.002 secs] [Times: user=0.00 sys=0.00, real=0.00 secs] 
2024-07-23T00:26:09.242+0800: 17.899: [CMS-concurrent-preclean-start]
2024-07-23T00:26:09.243+0800: 17.900: [CMS-concurrent-preclean: 0.001/0.001 secs] [Times: user=0.00 sys=0.00, real=0.00 secs] 
2024-07-23T00:26:09.243+0800: 17.900: [GC (CMS Final Remark) [YG occupancy: 0 K (157248 K)]2024-07-23T00:26:09.243+0800: 17.900: [Rescan (parallel) , 0.0008317 secs]2024-07-23T00:26:09.244+0800: 17.901: [weak refs processing, 0.0000134 secs]2024-07-23T00:26:09.244+0800: 17.901: [class unloading, 0.0002507 secs]2024-07-23T00:26:09.244+0800: 17.902: [scrub symbol table, 0.0003850 secs]2024-07-23T00:26:09.245+0800: 17.902: [scrub string table, 0.0001120 secs][1 CMS-remark: 205856K(349568K)] 205856K(506816K), 0.0016650 secs] [Times: user=0.00 sys=0.00, real=0.00 secs] 
2024-07-23T00:26:09.245+0800: 17.902: Total time for which application threads were stopped: 0.0017213 seconds, Stopping threads took: 0.0000189 seconds
2024-07-23T00:26:09.245+0800: 17.902: [CMS-concurrent-sweep-start]
2024-07-23T00:26:09.245+0800: 17.902: [CMS-concurrent-sweep: 0.000/0.000 secs] [Times: user=0.00 sys=0.00, real=0.00 secs] 
2024-07-23T00:26:09.245+0800: 17.902: [CMS-concurrent-reset-start]
2024-07-23T00:26:09.246+0800: 17.903: [CMS-concurrent-reset: 0.000/0.000 secs] [Times: user=0.00 sys=0.00, real=0.00 secs] 
{Heap before GC invocations=396 (full 789):
 par new generation   total 157248K, used 0K [0x00000000e0000000, 0x00000000eaaa0000, 0x00000000eaaa0000)
  eden space 139776K,   0% used [0x00000000e0000000, 0x00000000e0000000, 0x00000000e8880000)
  from space 17472K,   0% used [0x00000000e8880000, 0x00000000e8880000, 0x00000000e9990000)
  to   space 17472K,   0% used [0x00000000e9990000, 0x00000000e9990000, 0x00000000eaaa0000)
 concurrent mark-sweep generation total 349568K, used 205856K [0x00000000eaaa0000, 0x0000000100000000, 0x0000000100000000)
 Metaspace       used 3957K, capacity 4568K, committed 4864K, reserved 1056768K
  class space    used 431K, capacity 460K, committed 512K, reserved 1048576K
2024-07-23T00:26:09.256+0800: 17.913: [GC (Allocation Failure) 2024-07-23T00:26:09.256+0800: 17.913: [ParNew
Desired survivor size 8945664 bytes, new threshold 6 (max 6)
: 0K->0K(157248K), 0.0013352 secs]2024-07-23T00:26:09.257+0800: 17.914: [CMS: 205856K->1056K(349568K), 0.0041405 secs] 205856K->1056K(506816K), [Metaspace: 3957K->3957K(1056768K)], 0.0056829 secs] [Times: user=0.00 sys=0.00, real=0.01 secs] 
Heap after GC invocations=397 (full 790):
 par new generation   total 157248K, used 0K [0x00000000e0000000, 0x00000000eaaa0000, 0x00000000eaaa0000)
  eden space 139776K,   0% used [0x00000000e0000000, 0x00000000e0000000, 0x00000000e8880000)
  from space 17472K,   0% used [0x00000000e9990000, 0x00000000e9990000, 0x00000000eaaa0000)
  to   space 17472K,   0% used [0x00000000e8880000, 0x00000000e8880000, 0x00000000e9990000)
 concurrent mark-sweep generation total 349568K, used 1056K [0x00000000eaaa0000, 0x0000000100000000, 0x0000000100000000)
 Metaspace       used 3957K, capacity 4568K, committed 4864K, reserved 1056768K
  class space    used 431K, capacity 460K, committed 512K, reserved 1048576K
}
2024-07-23T00:26:09.262+0800: 17.918: Total time for which application threads were stopped: 0.0059279 seconds, Stopping threads took: 0.0000379 seconds
2024-07-23T00:26:09.284+0800: 17.941: [GC (CMS Initial Mark) [1 CMS-initial-mark: 205856K(349568K)] 205856K(506816K), 0.0010697 secs] [Times: user=0.00 sys=0.00, real=0.00 secs] 
2024-07-23T00:26:09.285+0800: 17.942: Total time for which application threads were stopped: 0.0238152 seconds, Stopping threads took: 0.0226300 seconds
2024-07-23T00:26:09.285+0800: 17.942: [CMS-concurrent-mark-start]
2024-07-23T00:26:09.287+0800: 17.944: [CMS-concurrent-mark: 0.002/0.002 secs] [Times: user=0.00 sys=0.00, real=0.00 secs] 
2024-07-23T00:26:09.287+0800: 17.944: [CMS-concurrent-preclean-start]
2024-07-23T00:26:09.287+0800: 17.945: [CMS-concurrent-preclean: 0.000/0.000 secs] [Times: user=0.00 sys=0.00, real=0.00 secs] 
2024-07-23T00:26:09.287+0800: 17.945: [GC (CMS Final Remark) [YG occupancy: 0 K (157248 K)]2024-07-23T00:26:09.287+0800: 17.945: [Rescan (parallel) , 0.0006883 secs]2024-07-23T00:26:09.289+0800: 17.946: [weak refs processing, 0.0000173 secs]2024-07-23T00:26:09.289+0800: 17.946: [class unloading, 0.0002575 secs]2024-07-23T00:26:09.289+0800: 17.946: [scrub symbol table, 0.0003633 secs]2024-07-23T00:26:09.289+0800: 17.946: [scrub string table, 0.0001156 secs][1 CMS-remark: 205856K(349568K)] 205856K(506816K), 0.0015094 secs] [Times: user=0.00 sys=0.00, real=0.00 secs] 
2024-07-23T00:26:09.289+0800: 17.947: Total time for which application threads were stopped: 0.0015718 seconds, Stopping threads took: 0.0000211 seconds
2024-07-23T00:26:09.290+0800: 17.947: [CMS-concurrent-sweep-start]
2024-07-23T00:26:09.290+0800: 17.947: [CMS-concurrent-sweep: 0.000/0.000 secs] [Times: user=0.00 sys=0.00, real=0.00 secs] 
2024-07-23T00:26:09.290+0800: 17.947: [CMS-concurrent-reset-start]
2024-07-23T00:26:09.290+0800: 17.947: [CMS-concurrent-reset: 0.000/0.000 secs] [Times: user=0.00 sys=0.00, real=0.00 secs] 
{Heap before GC invocations=397 (full 791):
 par new generation   total 157248K, used 0K [0x00000000e0000000, 0x00000000eaaa0000, 0x00000000eaaa0000)
  eden space 139776K,   0% used [0x00000000e0000000, 0x00000000e0000000, 0x00000000e8880000)
  from space 17472K,   0% used [0x00000000e9990000, 0x00000000e9990000, 0x00000000eaaa0000)
  to   space 17472K,   0% used [0x00000000e8880000, 0x00000000e8880000, 0x00000000e9990000)
 concurrent mark-sweep generation total 349568K, used 205856K [0x00000000eaaa0000, 0x0000000100000000, 0x0000000100000000)
 Metaspace       used 3957K, capacity 4568K, committed 4864K, reserved 1056768K
  class space    used 431K, capacity 460K, committed 512K, reserved 1048576K
2024-07-23T00:26:09.302+0800: 17.959: [GC (Allocation Failure) 2024-07-23T00:26:09.302+0800: 17.959: [ParNew
Desired survivor size 8945664 bytes, new threshold 6 (max 6)
: 0K->0K(157248K), 0.0011662 secs]2024-07-23T00:26:09.303+0800: 17.960: [CMS: 205856K->1056K(349568K), 0.0038626 secs] 205856K->1056K(506816K), [Metaspace: 3957K->3957K(1056768K)], 0.0052707 secs] [Times: user=0.00 sys=0.00, real=0.00 secs] 
Heap after GC invocations=398 (full 792):
 par new generation   total 157248K, used 0K [0x00000000e0000000, 0x00000000eaaa0000, 0x00000000eaaa0000)
  eden space 139776K,   0% used [0x00000000e0000000, 0x00000000e0000000, 0x00000000e8880000)
  from space 17472K,   0% used [0x00000000e8880000, 0x00000000e8880000, 0x00000000e9990000)
  to   space 17472K,   0% used [0x00000000e9990000, 0x00000000e9990000, 0x00000000eaaa0000)
 concurrent mark-sweep generation total 349568K, used 1056K [0x00000000eaaa0000, 0x0000000100000000, 0x0000000100000000)
 Metaspace       used 3957K, capacity 4568K, committed 4864K, reserved 1056768K
  class space    used 431K, capacity 460K, committed 512K, reserved 1048576K
}
2024-07-23T00:26:09.307+0800: 17.964: Total time for which application threads were stopped: 0.0054694 seconds, Stopping threads took: 0.0000289 seconds
2024-07-23T00:26:09.328+0800: 17.985: [GC (CMS Initial Mark) [1 CMS-initial-mark: 205856K(349568K)] 205856K(506816K), 0.0010077 secs] [Times: user=0.00 sys=0.00, real=0.00 secs] 
2024-07-23T00:26:09.330+0800: 17.986: Total time for which application threads were stopped: 0.0224606 seconds, Stopping threads took: 0.0213589 seconds
2024-07-23T00:26:09.330+0800: 17.987: [CMS-concurrent-mark-start]
2024-07-23T00:26:09.331+0800: 17.988: [CMS-concurrent-mark: 0.002/0.002 secs] [Times: user=0.00 sys=0.00, real=0.00 secs] 
2024-07-23T00:26:09.331+0800: 17.988: [CMS-concurrent-preclean-start]
2024-07-23T00:26:09.332+0800: 17.989: [CMS-concurrent-preclean: 0.001/0.001 secs] [Times: user=0.00 sys=0.00, real=0.00 secs] 
2024-07-23T00:26:09.332+0800: 17.989: [GC (CMS Final Remark) [YG occupancy: 0 K (157248 K)]2024-07-23T00:26:09.332+0800: 17.989: [Rescan (parallel) , 0.0003075 secs]2024-07-23T00:26:09.332+0800: 17.989: [weak refs processing, 0.0000130 secs]2024-07-23T00:26:09.332+0800: 17.989: [class unloading, 0.0003225 secs]2024-07-23T00:26:09.333+0800: 17.990: [scrub symbol table, 0.0005276 secs]2024-07-23T00:26:09.333+0800: 17.990: [scrub string table, 0.0001083 secs][1 CMS-remark: 205856K(349568K)] 205856K(506816K), 0.0013760 secs] [Times: user=0.00 sys=0.00, real=0.00 secs] 
2024-07-23T00:26:09.333+0800: 17.990: Total time for which application threads were stopped: 0.0014568 seconds, Stopping threads took: 0.0000428 seconds
2024-07-23T00:26:09.333+0800: 17.990: [CMS-concurrent-sweep-start]
2024-07-23T00:26:09.334+0800: 17.991: [CMS-concurrent-sweep: 0.000/0.000 secs] [Times: user=0.00 sys=0.00, real=0.00 secs] 
2024-07-23T00:26:09.334+0800: 17.991: [CMS-concurrent-reset-start]
2024-07-23T00:26:09.334+0800: 17.991: [CMS-concurrent-reset: 0.001/0.001 secs] [Times: user=0.00 sys=0.00, real=0.00 secs] 
{Heap before GC invocations=398 (full 793):
 par new generation   total 157248K, used 0K [0x00000000e0000000, 0x00000000eaaa0000, 0x00000000eaaa0000)
  eden space 139776K,   0% used [0x00000000e0000000, 0x00000000e0000000, 0x00000000e8880000)
  from space 17472K,   0% used [0x00000000e8880000, 0x00000000e8880000, 0x00000000e9990000)
  to   space 17472K,   0% used [0x00000000e9990000, 0x00000000e9990000, 0x00000000eaaa0000)
 concurrent mark-sweep generation total 349568K, used 205856K [0x00000000eaaa0000, 0x0000000100000000, 0x0000000100000000)
 Metaspace       used 3957K, capacity 4568K, committed 4864K, reserved 1056768K
  class space    used 431K, capacity 460K, committed 512K, reserved 1048576K
2024-07-23T00:26:09.348+0800: 18.005: [GC (Allocation Failure) 2024-07-23T00:26:09.348+0800: 18.005: [ParNew
Desired survivor size 8945664 bytes, new threshold 6 (max 6)
: 0K->0K(157248K), 0.0011738 secs]2024-07-23T00:26:09.349+0800: 18.006: [CMS: 205856K->1056K(349568K), 0.0032229 secs] 205856K->1056K(506816K), [Metaspace: 3957K->3957K(1056768K)], 0.0045432 secs] [Times: user=0.00 sys=0.00, real=0.00 secs] 
Heap after GC invocations=399 (full 794):
 par new generation   total 157248K, used 0K [0x00000000e0000000, 0x00000000eaaa0000, 0x00000000eaaa0000)
  eden space 139776K,   0% used [0x00000000e0000000, 0x00000000e0000000, 0x00000000e8880000)
  from space 17472K,   0% used [0x00000000e9990000, 0x00000000e9990000, 0x00000000eaaa0000)
  to   space 17472K,   0% used [0x00000000e8880000, 0x00000000e8880000, 0x00000000e9990000)
 concurrent mark-sweep generation total 349568K, used 1056K [0x00000000eaaa0000, 0x0000000100000000, 0x0000000100000000)
 Metaspace       used 3957K, capacity 4568K, committed 4864K, reserved 1056768K
  class space    used 431K, capacity 460K, committed 512K, reserved 1048576K
}
2024-07-23T00:26:09.353+0800: 18.010: Total time for which application threads were stopped: 0.0047260 seconds, Stopping threads took: 0.0000376 seconds
2024-07-23T00:26:09.374+0800: 18.030: [GC (CMS Initial Mark) [1 CMS-initial-mark: 205856K(349568K)] 205856K(506816K), 0.0007861 secs] [Times: user=0.00 sys=0.00, real=0.00 secs] 
2024-07-23T00:26:09.374+0800: 18.031: Total time for which application threads were stopped: 0.0216012 seconds, Stopping threads took: 0.0206877 seconds
2024-07-23T00:26:09.374+0800: 18.031: [CMS-concurrent-mark-start]
2024-07-23T00:26:09.376+0800: 18.033: [CMS-concurrent-mark: 0.002/0.002 secs] [Times: user=0.00 sys=0.00, real=0.00 secs] 
2024-07-23T00:26:09.376+0800: 18.033: [CMS-concurrent-preclean-start]
2024-07-23T00:26:09.377+0800: 18.034: [CMS-concurrent-preclean: 0.000/0.000 secs] [Times: user=0.00 sys=0.00, real=0.00 secs] 
2024-07-23T00:26:09.377+0800: 18.034: [GC (CMS Final Remark) [YG occupancy: 0 K (157248 K)]2024-07-23T00:26:09.377+0800: 18.034: [Rescan (parallel) , 0.0003249 secs]2024-07-23T00:26:09.377+0800: 18.034: [weak refs processing, 0.0000116 secs]2024-07-23T00:26:09.377+0800: 18.034: [class unloading, 0.0002517 secs]2024-07-23T00:26:09.377+0800: 18.034: [scrub symbol table, 0.0003651 secs]2024-07-23T00:26:09.378+0800: 18.035: [scrub string table, 0.0001123 secs][1 CMS-remark: 205856K(349568K)] 205856K(506816K), 0.0011297 secs] [Times: user=0.00 sys=0.00, real=0.00 secs] 
2024-07-23T00:26:09.378+0800: 18.035: Total time for which application threads were stopped: 0.0011853 seconds, Stopping threads took: 0.0000163 seconds
2024-07-23T00:26:09.378+0800: 18.035: [CMS-concurrent-sweep-start]
2024-07-23T00:26:09.378+0800: 18.035: [CMS-concurrent-sweep: 0.000/0.000 secs] [Times: user=0.00 sys=0.00, real=0.00 secs] 
2024-07-23T00:26:09.378+0800: 18.035: [CMS-concurrent-reset-start]
2024-07-23T00:26:09.379+0800: 18.036: [CMS-concurrent-reset: 0.000/0.000 secs] [Times: user=0.00 sys=0.00, real=0.00 secs] 
{Heap before GC invocations=399 (full 795):
 par new generation   total 157248K, used 0K [0x00000000e0000000, 0x00000000eaaa0000, 0x00000000eaaa0000)
  eden space 139776K,   0% used [0x00000000e0000000, 0x00000000e0000000, 0x00000000e8880000)
  from space 17472K,   0% used [0x00000000e9990000, 0x00000000e9990000, 0x00000000eaaa0000)
  to   space 17472K,   0% used [0x00000000e8880000, 0x00000000e8880000, 0x00000000e9990000)
 concurrent mark-sweep generation total 349568K, used 205856K [0x00000000eaaa0000, 0x0000000100000000, 0x0000000100000000)
 Metaspace       used 3957K, capacity 4568K, committed 4864K, reserved 1056768K
  class space    used 431K, capacity 460K, committed 512K, reserved 1048576K
2024-07-23T00:26:09.395+0800: 18.052: [GC (Allocation Failure) 2024-07-23T00:26:09.395+0800: 18.052: [ParNew
Desired survivor size 8945664 bytes, new threshold 6 (max 6)
: 0K->0K(157248K), 0.0024269 secs]2024-07-23T00:26:09.397+0800: 18.055: [CMS: 205856K->1056K(349568K), 0.0050703 secs] 205856K->1056K(506816K), [Metaspace: 3957K->3957K(1056768K)], 0.0077456 secs] [Times: user=0.00 sys=0.00, real=0.01 secs] 
Heap after GC invocations=400 (full 796):
 par new generation   total 157248K, used 0K [0x00000000e0000000, 0x00000000eaaa0000, 0x00000000eaaa0000)
  eden space 139776K,   0% used [0x00000000e0000000, 0x00000000e0000000, 0x00000000e8880000)
  from space 17472K,   0% used [0x00000000e8880000, 0x00000000e8880000, 0x00000000e9990000)
  to   space 17472K,   0% used [0x00000000e9990000, 0x00000000e9990000, 0x00000000eaaa0000)
 concurrent mark-sweep generation total 349568K, used 1056K [0x00000000eaaa0000, 0x0000000100000000, 0x0000000100000000)
 Metaspace       used 3957K, capacity 4568K, committed 4864K, reserved 1056768K
  class space    used 431K, capacity 460K, committed 512K, reserved 1048576K
}
2024-07-23T00:26:09.403+0800: 18.060: Total time for which application threads were stopped: 0.0079718 seconds, Stopping threads took: 0.0000335 seconds
2024-07-23T00:26:09.427+0800: 18.084: [GC (CMS Initial Mark) [1 CMS-initial-mark: 205856K(349568K)] 205856K(506816K), 0.0006159 secs] [Times: user=0.00 sys=0.00, real=0.00 secs] 
2024-07-23T00:26:09.427+0800: 18.084: Total time for which application threads were stopped: 0.0239743 seconds, Stopping threads took: 0.0232275 seconds
2024-07-23T00:26:09.427+0800: 18.084: [CMS-concurrent-mark-start]
2024-07-23T00:26:09.429+0800: 18.086: [CMS-concurrent-mark: 0.002/0.002 secs] [Times: user=0.00 sys=0.00, real=0.00 secs] 
2024-07-23T00:26:09.429+0800: 18.086: [CMS-concurrent-preclean-start]
2024-07-23T00:26:09.430+0800: 18.087: [CMS-concurrent-preclean: 0.000/0.000 secs] [Times: user=0.00 sys=0.00, real=0.00 secs] 
2024-07-23T00:26:09.430+0800: 18.087: [GC (CMS Final Remark) [YG occupancy: 0 K (157248 K)]2024-07-23T00:26:09.430+0800: 18.087: [Rescan (parallel) , 0.0006579 secs]2024-07-23T00:26:09.430+0800: 18.088: [weak refs processing, 0.0000104 secs]2024-07-23T00:26:09.430+0800: 18.088: [class unloading, 0.0001951 secs]2024-07-23T00:26:09.431+0800: 18.088: [scrub symbol table, 0.0004273 secs]2024-07-23T00:26:09.431+0800: 18.088: [scrub string table, 0.0000957 secs][1 CMS-remark: 205856K(349568K)] 205856K(506816K), 0.0014403 secs] [Times: user=0.00 sys=0.00, real=0.00 secs] 
2024-07-23T00:26:09.431+0800: 18.089: Total time for which application threads were stopped: 0.0015106 seconds, Stopping threads took: 0.0000260 seconds
2024-07-23T00:26:09.431+0800: 18.089: [CMS-concurrent-sweep-start]
2024-07-23T00:26:09.431+0800: 18.089: [CMS-concurrent-sweep: 0.000/0.000 secs] [Times: user=0.00 sys=0.00, real=0.00 secs] 
2024-07-23T00:26:09.431+0800: 18.089: [CMS-concurrent-reset-start]
2024-07-23T00:26:09.432+0800: 18.089: [CMS-concurrent-reset: 0.000/0.000 secs] [Times: user=0.00 sys=0.00, real=0.00 secs] 
{Heap before GC invocations=400 (full 797):
 par new generation   total 157248K, used 0K [0x00000000e0000000, 0x00000000eaaa0000, 0x00000000eaaa0000)
  eden space 139776K,   0% used [0x00000000e0000000, 0x00000000e0000000, 0x00000000e8880000)
  from space 17472K,   0% used [0x00000000e8880000, 0x00000000e8880000, 0x00000000e9990000)
  to   space 17472K,   0% used [0x00000000e9990000, 0x00000000e9990000, 0x00000000eaaa0000)
 concurrent mark-sweep generation total 349568K, used 205856K [0x00000000eaaa0000, 0x0000000100000000, 0x0000000100000000)
 Metaspace       used 3957K, capacity 4568K, committed 4864K, reserved 1056768K
  class space    used 431K, capacity 460K, committed 512K, reserved 1048576K
2024-07-23T00:26:09.441+0800: 18.098: [GC (Allocation Failure) 2024-07-23T00:26:09.441+0800: 18.098: [ParNew
Desired survivor size 8945664 bytes, new threshold 6 (max 6)
: 0K->0K(157248K), 0.0009575 secs]2024-07-23T00:26:09.442+0800: 18.099: [CMS: 205856K->1056K(349568K), 0.0032345 secs] 205856K->1056K(506816K), [Metaspace: 3957K->3957K(1056768K)], 0.0043315 secs] [Times: user=0.00 sys=0.00, real=0.00 secs] 
Heap after GC invocations=401 (full 798):
 par new generation   total 157248K, used 0K [0x00000000e0000000, 0x00000000eaaa0000, 0x00000000eaaa0000)
  eden space 139776K,   0% used [0x00000000e0000000, 0x00000000e0000000, 0x00000000e8880000)
  from space 17472K,   0% used [0x00000000e9990000, 0x00000000e9990000, 0x00000000eaaa0000)
  to   space 17472K,   0% used [0x00000000e8880000, 0x00000000e8880000, 0x00000000e9990000)
 concurrent mark-sweep generation total 349568K, used 1056K [0x00000000eaaa0000, 0x0000000100000000, 0x0000000100000000)
 Metaspace       used 3957K, capacity 4568K, committed 4864K, reserved 1056768K
  class space    used 431K, capacity 460K, committed 512K, reserved 1048576K
}
2024-07-23T00:26:09.445+0800: 18.103: Total time for which application threads were stopped: 0.0044943 seconds, Stopping threads took: 0.0000332 seconds
2024-07-23T00:26:09.468+0800: 18.124: [GC (CMS Initial Mark) [1 CMS-initial-mark: 205856K(349568K)] 205856K(506816K), 0.0005567 secs] [Times: user=0.00 sys=0.00, real=0.00 secs] 
2024-07-23T00:26:09.468+0800: 18.125: Total time for which application threads were stopped: 0.0223089 seconds, Stopping threads took: 0.0216579 seconds
2024-07-23T00:26:09.468+0800: 18.125: [CMS-concurrent-mark-start]
2024-07-23T00:26:09.470+0800: 18.127: [CMS-concurrent-mark: 0.002/0.002 secs] [Times: user=0.00 sys=0.00, real=0.00 secs] 
2024-07-23T00:26:09.470+0800: 18.127: [CMS-concurrent-preclean-start]
2024-07-23T00:26:09.470+0800: 18.127: [CMS-concurrent-preclean: 0.000/0.000 secs] [Times: user=0.00 sys=0.00, real=0.00 secs] 
2024-07-23T00:26:09.470+0800: 18.127: [GC (CMS Final Remark) [YG occupancy: 0 K (157248 K)]2024-07-23T00:26:09.471+0800: 18.127: [Rescan (parallel) , 0.0004496 secs]2024-07-23T00:26:09.471+0800: 18.128: [weak refs processing, 0.0000099 secs]2024-07-23T00:26:09.471+0800: 18.128: [class unloading, 0.0002636 secs]2024-07-23T00:26:09.471+0800: 18.128: [scrub symbol table, 0.0003793 secs]2024-07-23T00:26:09.472+0800: 18.129: [scrub string table, 0.0002251 secs][1 CMS-remark: 205856K(349568K)] 205856K(506816K), 0.0013986 secs] [Times: user=0.00 sys=0.00, real=0.00 secs] 
2024-07-23T00:26:09.472+0800: 18.129: Total time for which application threads were stopped: 0.0014708 seconds, Stopping threads took: 0.0000205 seconds
2024-07-23T00:26:09.472+0800: 18.129: [CMS-concurrent-sweep-start]
2024-07-23T00:26:09.472+0800: 18.129: [CMS-concurrent-sweep: 0.000/0.000 secs] [Times: user=0.00 sys=0.00, real=0.00 secs] 
2024-07-23T00:26:09.472+0800: 18.129: [CMS-concurrent-reset-start]
2024-07-23T00:26:09.473+0800: 18.130: [CMS-concurrent-reset: 0.000/0.000 secs] [Times: user=0.00 sys=0.00, real=0.00 secs] 
{Heap before GC invocations=401 (full 799):
 par new generation   total 157248K, used 0K [0x00000000e0000000, 0x00000000eaaa0000, 0x00000000eaaa0000)
  eden space 139776K,   0% used [0x00000000e0000000, 0x00000000e0000000, 0x00000000e8880000)
  from space 17472K,   0% used [0x00000000e9990000, 0x00000000e9990000, 0x00000000eaaa0000)
  to   space 17472K,   0% used [0x00000000e8880000, 0x00000000e8880000, 0x00000000e9990000)
 concurrent mark-sweep generation total 349568K, used 205856K [0x00000000eaaa0000, 0x0000000100000000, 0x0000000100000000)
 Metaspace       used 3957K, capacity 4568K, committed 4864K, reserved 1056768K
  class space    used 431K, capacity 460K, committed 512K, reserved 1048576K
2024-07-23T00:26:09.487+0800: 18.144: [GC (Allocation Failure) 2024-07-23T00:26:09.487+0800: 18.144: [ParNew
Desired survivor size 8945664 bytes, new threshold 6 (max 6)
: 0K->0K(157248K), 0.0024803 secs]2024-07-23T00:26:09.490+0800: 18.147: [CMS: 205856K->1056K(349568K), 0.0059891 secs] 205856K->1056K(506816K), [Metaspace: 3957K->3957K(1056768K)], 0.0086954 secs] [Times: user=0.00 sys=0.00, real=0.01 secs] 
Heap after GC invocations=402 (full 800):
 par new generation   total 157248K, used 0K [0x00000000e0000000, 0x00000000eaaa0000, 0x00000000eaaa0000)
  eden space 139776K,   0% used [0x00000000e0000000, 0x00000000e0000000, 0x00000000e8880000)
  from space 17472K,   0% used [0x00000000e8880000, 0x00000000e8880000, 0x00000000e9990000)
  to   space 17472K,   0% used [0x00000000e9990000, 0x00000000e9990000, 0x00000000eaaa0000)
 concurrent mark-sweep generation total 349568K, used 1056K [0x00000000eaaa0000, 0x0000000100000000, 0x0000000100000000)
 Metaspace       used 3957K, capacity 4568K, committed 4864K, reserved 1056768K
  class space    used 431K, capacity 460K, committed 512K, reserved 1048576K
}
2024-07-23T00:26:09.496+0800: 18.153: Total time for which application threads were stopped: 0.0089930 seconds, Stopping threads took: 0.0000395 seconds
2024-07-23T00:26:09.518+0800: 18.175: [GC (CMS Initial Mark) [1 CMS-initial-mark: 205856K(349568K)] 205856K(506816K), 0.0014409 secs] [Times: user=0.00 sys=0.00, real=0.00 secs] 
2024-07-23T00:26:09.520+0800: 18.177: Total time for which application threads were stopped: 0.0235126 seconds, Stopping threads took: 0.0219286 seconds
2024-07-23T00:26:09.520+0800: 18.177: [CMS-concurrent-mark-start]
2024-07-23T00:26:09.521+0800: 18.178: [CMS-concurrent-mark: 0.002/0.002 secs] [Times: user=0.00 sys=0.00, real=0.00 secs] 
2024-07-23T00:26:09.521+0800: 18.178: [CMS-concurrent-preclean-start]
2024-07-23T00:26:09.522+0800: 18.179: [CMS-concurrent-preclean: 0.000/0.000 secs] [Times: user=0.00 sys=0.00, real=0.00 secs] 
2024-07-23T00:26:09.522+0800: 18.179: [GC (CMS Final Remark) [YG occupancy: 0 K (157248 K)]2024-07-23T00:26:09.522+0800: 18.179: [Rescan (parallel) , 0.0006491 secs]2024-07-23T00:26:09.523+0800: 18.180: [weak refs processing, 0.0000102 secs]2024-07-23T00:26:09.523+0800: 18.180: [class unloading, 0.0002678 secs]2024-07-23T00:26:09.523+0800: 18.180: [scrub symbol table, 0.0003882 secs]2024-07-23T00:26:09.523+0800: 18.180: [scrub string table, 0.0001147 secs][1 CMS-remark: 205856K(349568K)] 205856K(506816K), 0.0014924 secs] [Times: user=0.00 sys=0.00, real=0.00 secs] 
2024-07-23T00:26:09.523+0800: 18.181: Total time for which application threads were stopped: 0.0015505 seconds, Stopping threads took: 0.0000207 seconds
2024-07-23T00:26:09.523+0800: 18.181: [CMS-concurrent-sweep-start]
2024-07-23T00:26:09.524+0800: 18.181: [CMS-concurrent-sweep: 0.000/0.000 secs] [Times: user=0.00 sys=0.00, real=0.00 secs] 
2024-07-23T00:26:09.524+0800: 18.181: [CMS-concurrent-reset-start]
2024-07-23T00:26:09.524+0800: 18.181: [CMS-concurrent-reset: 0.000/0.000 secs] [Times: user=0.00 sys=0.00, real=0.00 secs] 
{Heap before GC invocations=402 (full 801):
 par new generation   total 157248K, used 0K [0x00000000e0000000, 0x00000000eaaa0000, 0x00000000eaaa0000)
  eden space 139776K,   0% used [0x00000000e0000000, 0x00000000e0000000, 0x00000000e8880000)
  from space 17472K,   0% used [0x00000000e8880000, 0x00000000e8880000, 0x00000000e9990000)
  to   space 17472K,   0% used [0x00000000e9990000, 0x00000000e9990000, 0x00000000eaaa0000)
 concurrent mark-sweep generation total 349568K, used 205856K [0x00000000eaaa0000, 0x0000000100000000, 0x0000000100000000)
 Metaspace       used 3957K, capacity 4568K, committed 4864K, reserved 1056768K
  class space    used 431K, capacity 460K, committed 512K, reserved 1048576K
2024-07-23T00:26:09.534+0800: 18.191: [GC (Allocation Failure) 2024-07-23T00:26:09.534+0800: 18.191: [ParNew
Desired survivor size 8945664 bytes, new threshold 6 (max 6)
: 0K->0K(157248K), 0.0012547 secs]2024-07-23T00:26:09.535+0800: 18.192: [CMS: 205856K->1056K(349568K), 0.0035724 secs] 205856K->1056K(506816K), [Metaspace: 3957K->3957K(1056768K)], 0.0050064 secs] [Times: user=0.00 sys=0.00, real=0.01 secs] 
Heap after GC invocations=403 (full 802):
 par new generation   total 157248K, used 0K [0x00000000e0000000, 0x00000000eaaa0000, 0x00000000eaaa0000)
  eden space 139776K,   0% used [0x00000000e0000000, 0x00000000e0000000, 0x00000000e8880000)
  from space 17472K,   0% used [0x00000000e9990000, 0x00000000e9990000, 0x00000000eaaa0000)
  to   space 17472K,   0% used [0x00000000e8880000, 0x00000000e8880000, 0x00000000e9990000)
 concurrent mark-sweep generation total 349568K, used 1056K [0x00000000eaaa0000, 0x0000000100000000, 0x0000000100000000)
 Metaspace       used 3957K, capacity 4568K, committed 4864K, reserved 1056768K
  class space    used 431K, capacity 460K, committed 512K, reserved 1048576K
}
2024-07-23T00:26:09.539+0800: 18.196: Total time for which application threads were stopped: 0.0052167 seconds, Stopping threads took: 0.0000574 seconds
2024-07-23T00:26:09.563+0800: 18.221: [GC (CMS Initial Mark) [1 CMS-initial-mark: 205856K(349568K)] 205856K(506816K), 0.0009869 secs] [Times: user=0.00 sys=0.00, real=0.00 secs] 
2024-07-23T00:26:09.565+0800: 18.222: Total time for which application threads were stopped: 0.0257921 seconds, Stopping threads took: 0.0247102 seconds
2024-07-23T00:26:09.565+0800: 18.222: [CMS-concurrent-mark-start]
2024-07-23T00:26:09.567+0800: 18.224: [CMS-concurrent-mark: 0.002/0.002 secs] [Times: user=0.00 sys=0.00, real=0.00 secs] 
2024-07-23T00:26:09.567+0800: 18.224: [CMS-concurrent-preclean-start]
2024-07-23T00:26:09.567+0800: 18.224: [CMS-concurrent-preclean: 0.001/0.001 secs] [Times: user=0.00 sys=0.00, real=0.00 secs] 
2024-07-23T00:26:09.567+0800: 18.225: [GC (CMS Final Remark) [YG occupancy: 0 K (157248 K)]2024-07-23T00:26:09.567+0800: 18.225: [Rescan (parallel) , 0.0013755 secs]2024-07-23T00:26:09.569+0800: 18.226: [weak refs processing, 0.0000184 secs]2024-07-23T00:26:09.569+0800: 18.226: [class unloading, 0.0002893 secs]2024-07-23T00:26:09.569+0800: 18.226: [scrub symbol table, 0.0004035 secs]2024-07-23T00:26:09.569+0800: 18.227: [scrub string table, 0.0001382 secs][1 CMS-remark: 205856K(349568K)] 205856K(506816K), 0.0023107 secs] [Times: user=0.00 sys=0.00, real=0.00 secs] 
2024-07-23T00:26:09.570+0800: 18.227: Total time for which application threads were stopped: 0.0023828 seconds, Stopping threads took: 0.0000248 seconds
2024-07-23T00:26:09.570+0800: 18.227: [CMS-concurrent-sweep-start]
2024-07-23T00:26:09.570+0800: 18.227: [CMS-concurrent-sweep: 0.000/0.000 secs] [Times: user=0.00 sys=0.00, real=0.00 secs] 
2024-07-23T00:26:09.570+0800: 18.227: [CMS-concurrent-reset-start]
2024-07-23T00:26:09.571+0800: 18.228: [CMS-concurrent-reset: 0.001/0.001 secs] [Times: user=0.00 sys=0.00, real=0.00 secs] 
{Heap before GC invocations=403 (full 803):
 par new generation   total 157248K, used 0K [0x00000000e0000000, 0x00000000eaaa0000, 0x00000000eaaa0000)
  eden space 139776K,   0% used [0x00000000e0000000, 0x00000000e0000000, 0x00000000e8880000)
  from space 17472K,   0% used [0x00000000e9990000, 0x00000000e9990000, 0x00000000eaaa0000)
  to   space 17472K,   0% used [0x00000000e8880000, 0x00000000e8880000, 0x00000000e9990000)
 concurrent mark-sweep generation total 349568K, used 205856K [0x00000000eaaa0000, 0x0000000100000000, 0x0000000100000000)
 Metaspace       used 3957K, capacity 4568K, committed 4864K, reserved 1056768K
  class space    used 431K, capacity 460K, committed 512K, reserved 1048576K
2024-07-23T00:26:09.581+0800: 18.238: [GC (Allocation Failure) 2024-07-23T00:26:09.581+0800: 18.238: [ParNew
Desired survivor size 8945664 bytes, new threshold 6 (max 6)
: 0K->0K(157248K), 0.0008331 secs]2024-07-23T00:26:09.582+0800: 18.239: [CMS: 205856K->1056K(349568K), 0.0034429 secs] 205856K->1056K(506816K), [Metaspace: 3957K->3957K(1056768K)], 0.0044097 secs] [Times: user=0.00 sys=0.00, real=0.00 secs] 
Heap after GC invocations=404 (full 804):
 par new generation   total 157248K, used 0K [0x00000000e0000000, 0x00000000eaaa0000, 0x00000000eaaa0000)
  eden space 139776K,   0% used [0x00000000e0000000, 0x00000000e0000000, 0x00000000e8880000)
  from space 17472K,   0% used [0x00000000e8880000, 0x00000000e8880000, 0x00000000e9990000)
  to   space 17472K,   0% used [0x00000000e9990000, 0x00000000e9990000, 0x00000000eaaa0000)
 concurrent mark-sweep generation total 349568K, used 1056K [0x00000000eaaa0000, 0x0000000100000000, 0x0000000100000000)
 Metaspace       used 3957K, capacity 4568K, committed 4864K, reserved 1056768K
  class space    used 431K, capacity 460K, committed 512K, reserved 1048576K
}
2024-07-23T00:26:09.585+0800: 18.243: Total time for which application threads were stopped: 0.0046434 seconds, Stopping threads took: 0.0000341 seconds
2024-07-23T00:26:09.607+0800: 18.264: [GC (CMS Initial Mark) [1 CMS-initial-mark: 205856K(349568K)] 205856K(506816K), 0.0014570 secs] [Times: user=0.00 sys=0.00, real=0.00 secs] 
2024-07-23T00:26:09.609+0800: 18.266: Total time for which application threads were stopped: 0.0232865 seconds, Stopping threads took: 0.0217470 seconds
2024-07-23T00:26:09.609+0800: 18.266: [CMS-concurrent-mark-start]
2024-07-23T00:26:09.610+0800: 18.268: [CMS-concurrent-mark: 0.002/0.002 secs] [Times: user=0.00 sys=0.00, real=0.00 secs] 
2024-07-23T00:26:09.610+0800: 18.268: [CMS-concurrent-preclean-start]
2024-07-23T00:26:09.611+0800: 18.268: [CMS-concurrent-preclean: 0.001/0.001 secs] [Times: user=0.00 sys=0.00, real=0.00 secs] 
2024-07-23T00:26:09.611+0800: 18.268: [GC (CMS Final Remark) [YG occupancy: 0 K (157248 K)]2024-07-23T00:26:09.611+0800: 18.268: [Rescan (parallel) , 0.0003783 secs]2024-07-23T00:26:09.612+0800: 18.269: [weak refs processing, 0.0000168 secs]2024-07-23T00:26:09.612+0800: 18.269: [class unloading, 0.0003071 secs]2024-07-23T00:26:09.612+0800: 18.269: [scrub symbol table, 0.0005381 secs]2024-07-23T00:26:09.613+0800: 18.270: [scrub string table, 0.0001555 secs][1 CMS-remark: 205856K(349568K)] 205856K(506816K), 0.0015044 secs] [Times: user=0.00 sys=0.00, real=0.00 secs] 
2024-07-23T00:26:09.613+0800: 18.270: Total time for which application threads were stopped: 0.0015797 seconds, Stopping threads took: 0.0000287 seconds
2024-07-23T00:26:09.613+0800: 18.270: [CMS-concurrent-sweep-start]
2024-07-23T00:26:09.613+0800: 18.270: [CMS-concurrent-sweep: 0.000/0.000 secs] [Times: user=0.00 sys=0.00, real=0.00 secs] 
2024-07-23T00:26:09.613+0800: 18.270: [CMS-concurrent-reset-start]
2024-07-23T00:26:09.614+0800: 18.271: [CMS-concurrent-reset: 0.001/0.001 secs] [Times: user=0.00 sys=0.00, real=0.00 secs] 
{Heap before GC invocations=404 (full 805):
 par new generation   total 157248K, used 0K [0x00000000e0000000, 0x00000000eaaa0000, 0x00000000eaaa0000)
  eden space 139776K,   0% used [0x00000000e0000000, 0x00000000e0000000, 0x00000000e8880000)
  from space 17472K,   0% used [0x00000000e8880000, 0x00000000e8880000, 0x00000000e9990000)
  to   space 17472K,   0% used [0x00000000e9990000, 0x00000000e9990000, 0x00000000eaaa0000)
 concurrent mark-sweep generation total 349568K, used 205856K [0x00000000eaaa0000, 0x0000000100000000, 0x0000000100000000)
 Metaspace       used 3957K, capacity 4568K, committed 4864K, reserved 1056768K
  class space    used 431K, capacity 460K, committed 512K, reserved 1048576K
2024-07-23T00:26:09.629+0800: 18.286: [GC (Allocation Failure) 2024-07-23T00:26:09.629+0800: 18.286: [ParNew
Desired survivor size 8945664 bytes, new threshold 6 (max 6)
: 0K->0K(157248K), 0.0013237 secs]2024-07-23T00:26:09.630+0800: 18.288: [CMS: 205856K->1056K(349568K), 0.0055673 secs] 205856K->1056K(506816K), [Metaspace: 3957K->3957K(1056768K)], 0.0070790 secs] [Times: user=0.00 sys=0.00, real=0.01 secs] 
Heap after GC invocations=405 (full 806):
 par new generation   total 157248K, used 0K [0x00000000e0000000, 0x00000000eaaa0000, 0x00000000eaaa0000)
  eden space 139776K,   0% used [0x00000000e0000000, 0x00000000e0000000, 0x00000000e8880000)
  from space 17472K,   0% used [0x00000000e9990000, 0x00000000e9990000, 0x00000000eaaa0000)
  to   space 17472K,   0% used [0x00000000e8880000, 0x00000000e8880000, 0x00000000e9990000)
 concurrent mark-sweep generation total 349568K, used 1056K [0x00000000eaaa0000, 0x0000000100000000, 0x0000000100000000)
 Metaspace       used 3957K, capacity 4568K, committed 4864K, reserved 1056768K
  class space    used 431K, capacity 460K, committed 512K, reserved 1048576K
}
2024-07-23T00:26:09.636+0800: 18.293: Total time for which application threads were stopped: 0.0073428 seconds, Stopping threads took: 0.0000388 seconds
2024-07-23T00:26:09.663+0800: 18.319: [GC (CMS Initial Mark) [1 CMS-initial-mark: 205856K(349568K)] 205856K(506816K), 0.0005226 secs] [Times: user=0.00 sys=0.00, real=0.00 secs] 
2024-07-23T00:26:09.663+0800: 18.320: Total time for which application threads were stopped: 0.0262365 seconds, Stopping threads took: 0.0256101 seconds
2024-07-23T00:26:09.663+0800: 18.320: [CMS-concurrent-mark-start]
2024-07-23T00:26:09.664+0800: 18.321: [CMS-concurrent-mark: 0.001/0.001 secs] [Times: user=0.00 sys=0.00, real=0.00 secs] 
2024-07-23T00:26:09.664+0800: 18.321: [CMS-concurrent-preclean-start]
2024-07-23T00:26:09.664+0800: 18.322: [CMS-concurrent-preclean: 0.001/0.001 secs] [Times: user=0.00 sys=0.00, real=0.00 secs] 
2024-07-23T00:26:09.664+0800: 18.322: [GC (CMS Final Remark) [YG occupancy: 0 K (157248 K)]2024-07-23T00:26:09.664+0800: 18.322: [Rescan (parallel) , 0.0003678 secs]2024-07-23T00:26:09.665+0800: 18.322: [weak refs processing, 0.0000105 secs]2024-07-23T00:26:09.665+0800: 18.322: [class unloading, 0.0002481 secs]2024-07-23T00:26:09.665+0800: 18.323: [scrub symbol table, 0.0004804 secs]2024-07-23T00:26:09.665+0800: 18.323: [scrub string table, 0.0001544 secs][1 CMS-remark: 205856K(349568K)] 205856K(506816K), 0.0013327 secs] [Times: user=0.00 sys=0.00, real=0.00 secs] 
2024-07-23T00:26:09.666+0800: 18.323: Total time for which application threads were stopped: 0.0014519 seconds, Stopping threads took: 0.0000200 seconds
2024-07-23T00:26:09.666+0800: 18.323: [CMS-concurrent-sweep-start]
2024-07-23T00:26:09.666+0800: 18.324: [CMS-concurrent-sweep: 0.001/0.001 secs] [Times: user=0.00 sys=0.00, real=0.00 secs] 
2024-07-23T00:26:09.666+0800: 18.324: [CMS-concurrent-reset-start]
2024-07-23T00:26:09.667+0800: 18.325: [CMS-concurrent-reset: 0.000/0.000 secs] [Times: user=0.00 sys=0.00, real=0.00 secs] 
{Heap before GC invocations=405 (full 807):
 par new generation   total 157248K, used 0K [0x00000000e0000000, 0x00000000eaaa0000, 0x00000000eaaa0000)
  eden space 139776K,   0% used [0x00000000e0000000, 0x00000000e0000000, 0x00000000e8880000)
  from space 17472K,   0% used [0x00000000e9990000, 0x00000000e9990000, 0x00000000eaaa0000)
  to   space 17472K,   0% used [0x00000000e8880000, 0x00000000e8880000, 0x00000000e9990000)
 concurrent mark-sweep generation total 349568K, used 205856K [0x00000000eaaa0000, 0x0000000100000000, 0x0000000100000000)
 Metaspace       used 3957K, capacity 4568K, committed 4864K, reserved 1056768K
  class space    used 431K, capacity 460K, committed 512K, reserved 1048576K
2024-07-23T00:26:09.676+0800: 18.333: [GC (Allocation Failure) 2024-07-23T00:26:09.676+0800: 18.333: [ParNew
Desired survivor size 8945664 bytes, new threshold 6 (max 6)
: 0K->0K(157248K), 0.0008647 secs]2024-07-23T00:26:09.677+0800: 18.333: [CMS: 205856K->1056K(349568K), 0.0042261 secs] 205856K->1056K(506816K), [Metaspace: 3957K->3957K(1056768K)], 0.0053015 secs] [Times: user=0.00 sys=0.00, real=0.00 secs] 
Heap after GC invocations=406 (full 808):
 par new generation   total 157248K, used 0K [0x00000000e0000000, 0x00000000eaaa0000, 0x00000000eaaa0000)
  eden space 139776K,   0% used [0x00000000e0000000, 0x00000000e0000000, 0x00000000e8880000)
  from space 17472K,   0% used [0x00000000e8880000, 0x00000000e8880000, 0x00000000e9990000)
  to   space 17472K,   0% used [0x00000000e9990000, 0x00000000e9990000, 0x00000000eaaa0000)
 concurrent mark-sweep generation total 349568K, used 1056K [0x00000000eaaa0000, 0x0000000100000000, 0x0000000100000000)
 Metaspace       used 3957K, capacity 4568K, committed 4864K, reserved 1056768K
  class space    used 431K, capacity 460K, committed 512K, reserved 1048576K
}
2024-07-23T00:26:09.681+0800: 18.338: Total time for which application threads were stopped: 0.0054620 seconds, Stopping threads took: 0.0000360 seconds
2024-07-23T00:26:09.703+0800: 18.361: [GC (CMS Initial Mark) [1 CMS-initial-mark: 205856K(349568K)] 205856K(506816K), 0.0011486 secs] [Times: user=0.00 sys=0.00, real=0.00 secs] 
2024-07-23T00:26:09.704+0800: 18.362: Total time for which application threads were stopped: 0.0239905 seconds, Stopping threads took: 0.0227328 seconds
2024-07-23T00:26:09.704+0800: 18.362: [CMS-concurrent-mark-start]
2024-07-23T00:26:09.706+0800: 18.364: [CMS-concurrent-mark: 0.002/0.002 secs] [Times: user=0.00 sys=0.00, real=0.00 secs] 
2024-07-23T00:26:09.706+0800: 18.364: [CMS-concurrent-preclean-start]
2024-07-23T00:26:09.707+0800: 18.364: [CMS-concurrent-preclean: 0.001/0.001 secs] [Times: user=0.00 sys=0.00, real=0.00 secs] 
2024-07-23T00:26:09.707+0800: 18.365: [GC (CMS Final Remark) [YG occupancy: 0 K (157248 K)]2024-07-23T00:26:09.707+0800: 18.365: [Rescan (parallel) , 0.0004580 secs]2024-07-23T00:26:09.708+0800: 18.365: [weak refs processing, 0.0000183 secs]2024-07-23T00:26:09.708+0800: 18.365: [class unloading, 0.0003503 secs]2024-07-23T00:26:09.708+0800: 18.366: [scrub symbol table, 0.0005547 secs]2024-07-23T00:26:09.709+0800: 18.366: [scrub string table, 0.0001772 secs][1 CMS-remark: 205856K(349568K)] 205856K(506816K), 0.0016766 secs] [Times: user=0.00 sys=0.00, real=0.00 secs] 
2024-07-23T00:26:09.709+0800: 18.366: Total time for which application threads were stopped: 0.0017474 seconds, Stopping threads took: 0.0000274 seconds
2024-07-23T00:26:09.709+0800: 18.366: [CMS-concurrent-sweep-start]
2024-07-23T00:26:09.709+0800: 18.367: [CMS-concurrent-sweep: 0.000/0.000 secs] [Times: user=0.00 sys=0.00, real=0.00 secs] 
2024-07-23T00:26:09.709+0800: 18.367: [CMS-concurrent-reset-start]
2024-07-23T00:26:09.710+0800: 18.367: [CMS-concurrent-reset: 0.000/0.000 secs] [Times: user=0.00 sys=0.00, real=0.00 secs] 
{Heap before GC invocations=406 (full 809):
 par new generation   total 157248K, used 0K [0x00000000e0000000, 0x00000000eaaa0000, 0x00000000eaaa0000)
  eden space 139776K,   0% used [0x00000000e0000000, 0x00000000e0000000, 0x00000000e8880000)
  from space 17472K,   0% used [0x00000000e8880000, 0x00000000e8880000, 0x00000000e9990000)
  to   space 17472K,   0% used [0x00000000e9990000, 0x00000000e9990000, 0x00000000eaaa0000)
 concurrent mark-sweep generation total 349568K, used 205856K [0x00000000eaaa0000, 0x0000000100000000, 0x0000000100000000)
 Metaspace       used 3957K, capacity 4568K, committed 4864K, reserved 1056768K
  class space    used 431K, capacity 460K, committed 512K, reserved 1048576K
2024-07-23T00:26:09.723+0800: 18.381: [GC (Allocation Failure) 2024-07-23T00:26:09.723+0800: 18.381: [ParNew
Desired survivor size 8945664 bytes, new threshold 6 (max 6)
: 0K->0K(157248K), 0.0007915 secs]2024-07-23T00:26:09.724+0800: 18.381: [CMS: 205856K->1056K(349568K), 0.0057985 secs] 205856K->1056K(506816K), [Metaspace: 3957K->3957K(1056768K)], 0.0068243 secs] [Times: user=0.00 sys=0.00, real=0.01 secs] 
Heap after GC invocations=407 (full 810):
 par new generation   total 157248K, used 0K [0x00000000e0000000, 0x00000000eaaa0000, 0x00000000eaaa0000)
  eden space 139776K,   0% used [0x00000000e0000000, 0x00000000e0000000, 0x00000000e8880000)
  from space 17472K,   0% used [0x00000000e9990000, 0x00000000e9990000, 0x00000000eaaa0000)
  to   space 17472K,   0% used [0x00000000e8880000, 0x00000000e8880000, 0x00000000e9990000)
 concurrent mark-sweep generation total 349568K, used 1056K [0x00000000eaaa0000, 0x0000000100000000, 0x0000000100000000)
 Metaspace       used 3957K, capacity 4568K, committed 4864K, reserved 1056768K
  class space    used 431K, capacity 460K, committed 512K, reserved 1048576K
}
2024-07-23T00:26:09.730+0800: 18.387: Total time for which application threads were stopped: 0.0070941 seconds, Stopping threads took: 0.0000459 seconds
2024-07-23T00:26:09.754+0800: 18.411: [GC (CMS Initial Mark) [1 CMS-initial-mark: 205856K(349568K)] 205856K(506816K), 0.0005490 secs] [Times: user=0.00 sys=0.00, real=0.00 secs] 
2024-07-23T00:26:09.755+0800: 18.412: Total time for which application threads were stopped: 0.0244315 seconds, Stopping threads took: 0.0237335 seconds
2024-07-23T00:26:09.755+0800: 18.412: [CMS-concurrent-mark-start]
2024-07-23T00:26:09.757+0800: 18.414: [CMS-concurrent-mark: 0.002/0.002 secs] [Times: user=0.00 sys=0.00, real=0.00 secs] 
2024-07-23T00:26:09.757+0800: 18.414: [CMS-concurrent-preclean-start]
2024-07-23T00:26:09.758+0800: 18.415: [CMS-concurrent-preclean: 0.001/0.001 secs] [Times: user=0.00 sys=0.00, real=0.00 secs] 
2024-07-23T00:26:09.758+0800: 18.415: [GC (CMS Final Remark) [YG occupancy: 0 K (157248 K)]2024-07-23T00:26:09.758+0800: 18.415: [Rescan (parallel) , 0.0008341 secs]2024-07-23T00:26:09.759+0800: 18.416: [weak refs processing, 0.0000128 secs]2024-07-23T00:26:09.759+0800: 18.416: [class unloading, 0.0002529 secs]2024-07-23T00:26:09.759+0800: 18.416: [scrub symbol table, 0.0004368 secs]2024-07-23T00:26:09.760+0800: 18.417: [scrub string table, 0.0001345 secs][1 CMS-remark: 205856K(349568K)] 205856K(506816K), 0.0017619 secs] [Times: user=0.00 sys=0.00, real=0.00 secs] 
2024-07-23T00:26:09.760+0800: 18.417: Total time for which application threads were stopped: 0.0018267 seconds, Stopping threads took: 0.0000210 seconds
2024-07-23T00:26:09.760+0800: 18.417: [CMS-concurrent-sweep-start]
2024-07-23T00:26:09.760+0800: 18.417: [CMS-concurrent-sweep: 0.000/0.000 secs] [Times: user=0.00 sys=0.00, real=0.00 secs] 
2024-07-23T00:26:09.760+0800: 18.417: [CMS-concurrent-reset-start]
2024-07-23T00:26:09.761+0800: 18.418: [CMS-concurrent-reset: 0.000/0.000 secs] [Times: user=0.00 sys=0.00, real=0.00 secs] 
{Heap before GC invocations=407 (full 811):
 par new generation   total 157248K, used 0K [0x00000000e0000000, 0x00000000eaaa0000, 0x00000000eaaa0000)
  eden space 139776K,   0% used [0x00000000e0000000, 0x00000000e0000000, 0x00000000e8880000)
  from space 17472K,   0% used [0x00000000e9990000, 0x00000000e9990000, 0x00000000eaaa0000)
  to   space 17472K,   0% used [0x00000000e8880000, 0x00000000e8880000, 0x00000000e9990000)
 concurrent mark-sweep generation total 349568K, used 205856K [0x00000000eaaa0000, 0x0000000100000000, 0x0000000100000000)
 Metaspace       used 3957K, capacity 4568K, committed 4864K, reserved 1056768K
  class space    used 431K, capacity 460K, committed 512K, reserved 1048576K
2024-07-23T00:26:09.770+0800: 18.428: [GC (Allocation Failure) 2024-07-23T00:26:09.770+0800: 18.428: [ParNew
Desired survivor size 8945664 bytes, new threshold 6 (max 6)
: 0K->0K(157248K), 0.0025162 secs]2024-07-23T00:26:09.772+0800: 18.430: [CMS: 205856K->1056K(349568K), 0.0058632 secs] 205856K->1056K(506816K), [Metaspace: 3957K->3957K(1056768K)], 0.0088708 secs] [Times: user=0.00 sys=0.00, real=0.01 secs] 
Heap after GC invocations=408 (full 812):
 par new generation   total 157248K, used 0K [0x00000000e0000000, 0x00000000eaaa0000, 0x00000000eaaa0000)
  eden space 139776K,   0% used [0x00000000e0000000, 0x00000000e0000000, 0x00000000e8880000)
  from space 17472K,   0% used [0x00000000e8880000, 0x00000000e8880000, 0x00000000e9990000)
  to   space 17472K,   0% used [0x00000000e9990000, 0x00000000e9990000, 0x00000000eaaa0000)
 concurrent mark-sweep generation total 349568K, used 1056K [0x00000000eaaa0000, 0x0000000100000000, 0x0000000100000000)
 Metaspace       used 3957K, capacity 4568K, committed 4864K, reserved 1056768K
  class space    used 431K, capacity 460K, committed 512K, reserved 1048576K
}
2024-07-23T00:26:09.779+0800: 18.437: Total time for which application threads were stopped: 0.0092353 seconds, Stopping threads took: 0.0000455 seconds
2024-07-23T00:26:09.800+0800: 18.457: [GC (CMS Initial Mark) [1 CMS-initial-mark: 205856K(349568K)] 205856K(506816K), 0.0008118 secs] [Times: user=0.00 sys=0.00, real=0.00 secs] 
2024-07-23T00:26:09.801+0800: 18.458: Total time for which application threads were stopped: 0.0210084 seconds, Stopping threads took: 0.0199998 seconds
2024-07-23T00:26:09.801+0800: 18.458: [CMS-concurrent-mark-start]
2024-07-23T00:26:09.803+0800: 18.460: [CMS-concurrent-mark: 0.002/0.002 secs] [Times: user=0.00 sys=0.00, real=0.00 secs] 
2024-07-23T00:26:09.803+0800: 18.460: [CMS-concurrent-preclean-start]
2024-07-23T00:26:09.804+0800: 18.461: [CMS-concurrent-preclean: 0.001/0.001 secs] [Times: user=0.00 sys=0.00, real=0.00 secs] 
2024-07-23T00:26:09.804+0800: 18.461: [GC (CMS Final Remark) [YG occupancy: 0 K (157248 K)]2024-07-23T00:26:09.804+0800: 18.461: [Rescan (parallel) , 0.0008741 secs]2024-07-23T00:26:09.805+0800: 18.462: [weak refs processing, 0.0000130 secs]2024-07-23T00:26:09.805+0800: 18.462: [class unloading, 0.0002667 secs]2024-07-23T00:26:09.805+0800: 18.462: [scrub symbol table, 0.0003780 secs]2024-07-23T00:26:09.805+0800: 18.463: [scrub string table, 0.0001140 secs][1 CMS-remark: 205856K(349568K)] 205856K(506816K), 0.0017642 secs] [Times: user=0.00 sys=0.00, real=0.00 secs] 
2024-07-23T00:26:09.805+0800: 18.463: Total time for which application threads were stopped: 0.0018179 seconds, Stopping threads took: 0.0000160 seconds
2024-07-23T00:26:09.806+0800: 18.463: [CMS-concurrent-sweep-start]
2024-07-23T00:26:09.806+0800: 18.463: [CMS-concurrent-sweep: 0.000/0.000 secs] [Times: user=0.00 sys=0.00, real=0.00 secs] 
2024-07-23T00:26:09.806+0800: 18.463: [CMS-concurrent-reset-start]
2024-07-23T00:26:09.806+0800: 18.463: [CMS-concurrent-reset: 0.000/0.000 secs] [Times: user=0.00 sys=0.00, real=0.00 secs] 
{Heap before GC invocations=408 (full 813):
 par new generation   total 157248K, used 0K [0x00000000e0000000, 0x00000000eaaa0000, 0x00000000eaaa0000)
  eden space 139776K,   0% used [0x00000000e0000000, 0x00000000e0000000, 0x00000000e8880000)
  from space 17472K,   0% used [0x00000000e8880000, 0x00000000e8880000, 0x00000000e9990000)
  to   space 17472K,   0% used [0x00000000e9990000, 0x00000000e9990000, 0x00000000eaaa0000)
 concurrent mark-sweep generation total 349568K, used 205856K [0x00000000eaaa0000, 0x0000000100000000, 0x0000000100000000)
 Metaspace       used 3957K, capacity 4568K, committed 4864K, reserved 1056768K
  class space    used 431K, capacity 460K, committed 512K, reserved 1048576K
2024-07-23T00:26:09.816+0800: 18.473: [GC (Allocation Failure) 2024-07-23T00:26:09.816+0800: 18.473: [ParNew
Desired survivor size 8945664 bytes, new threshold 6 (max 6)
: 0K->0K(157248K), 0.0018437 secs]2024-07-23T00:26:09.818+0800: 18.475: [CMS: 205856K->1056K(349568K), 0.0057068 secs] 205856K->1056K(506816K), [Metaspace: 3957K->3957K(1056768K)], 0.0077854 secs] [Times: user=0.00 sys=0.00, real=0.01 secs] 
Heap after GC invocations=409 (full 814):
 par new generation   total 157248K, used 0K [0x00000000e0000000, 0x00000000eaaa0000, 0x00000000eaaa0000)
  eden space 139776K,   0% used [0x00000000e0000000, 0x00000000e0000000, 0x00000000e8880000)
  from space 17472K,   0% used [0x00000000e9990000, 0x00000000e9990000, 0x00000000eaaa0000)
  to   space 17472K,   0% used [0x00000000e8880000, 0x00000000e8880000, 0x00000000e9990000)
 concurrent mark-sweep generation total 349568K, used 1056K [0x00000000eaaa0000, 0x0000000100000000, 0x0000000100000000)
 Metaspace       used 3957K, capacity 4568K, committed 4864K, reserved 1056768K
  class space    used 431K, capacity 460K, committed 512K, reserved 1048576K
}
2024-07-23T00:26:09.824+0800: 18.481: Total time for which application threads were stopped: 0.0080810 seconds, Stopping threads took: 0.0000681 seconds
2024-07-23T00:26:09.851+0800: 18.507: [GC (CMS Initial Mark) [1 CMS-initial-mark: 205856K(349568K)] 205856K(506816K), 0.0015005 secs] [Times: user=0.00 sys=0.00, real=0.00 secs] 
2024-07-23T00:26:09.852+0800: 18.509: Total time for which application threads were stopped: 0.0273392 seconds, Stopping threads took: 0.0256810 seconds
2024-07-23T00:26:09.852+0800: 18.509: [CMS-concurrent-mark-start]
2024-07-23T00:26:09.856+0800: 18.513: [CMS-concurrent-mark: 0.004/0.004 secs] [Times: user=0.00 sys=0.00, real=0.00 secs] 
2024-07-23T00:26:09.856+0800: 18.513: [CMS-concurrent-preclean-start]
2024-07-23T00:26:09.858+0800: 18.514: [CMS-concurrent-preclean: 0.001/0.001 secs] [Times: user=0.00 sys=0.00, real=0.00 secs] 
2024-07-23T00:26:09.858+0800: 18.515: [GC (CMS Final Remark) [YG occupancy: 0 K (157248 K)]2024-07-23T00:26:09.858+0800: 18.515: [Rescan (parallel) , 0.0003753 secs]2024-07-23T00:26:09.858+0800: 18.515: [weak refs processing, 0.0000256 secs]2024-07-23T00:26:09.858+0800: 18.515: [class unloading, 0.0004559 secs]2024-07-23T00:26:09.859+0800: 18.515: [scrub symbol table, 0.0006200 secs]2024-07-23T00:26:09.859+0800: 18.516: [scrub string table, 0.0002012 secs][1 CMS-remark: 205856K(349568K)] 205856K(506816K), 0.0018313 secs] [Times: user=0.02 sys=0.00, real=0.00 secs] 
2024-07-23T00:26:09.860+0800: 18.516: Total time for which application threads were stopped: 0.0019584 seconds, Stopping threads took: 0.0000402 seconds
2024-07-23T00:26:09.860+0800: 18.517: [CMS-concurrent-sweep-start]
2024-07-23T00:26:09.860+0800: 18.517: [CMS-concurrent-sweep: 0.000/0.000 secs] [Times: user=0.00 sys=0.00, real=0.00 secs] 
2024-07-23T00:26:09.861+0800: 18.517: [CMS-concurrent-reset-start]
2024-07-23T00:26:09.862+0800: 18.519: [CMS-concurrent-reset: 0.001/0.001 secs] [Times: user=0.00 sys=0.00, real=0.00 secs] 
{Heap before GC invocations=409 (full 815):
 par new generation   total 157248K, used 0K [0x00000000e0000000, 0x00000000eaaa0000, 0x00000000eaaa0000)
  eden space 139776K,   0% used [0x00000000e0000000, 0x00000000e0000000, 0x00000000e8880000)
  from space 17472K,   0% used [0x00000000e9990000, 0x00000000e9990000, 0x00000000eaaa0000)
  to   space 17472K,   0% used [0x00000000e8880000, 0x00000000e8880000, 0x00000000e9990000)
 concurrent mark-sweep generation total 349568K, used 205856K [0x00000000eaaa0000, 0x0000000100000000, 0x0000000100000000)
 Metaspace       used 3957K, capacity 4568K, committed 4864K, reserved 1056768K
  class space    used 431K, capacity 460K, committed 512K, reserved 1048576K
2024-07-23T00:26:09.864+0800: 18.521: [GC (Allocation Failure) 2024-07-23T00:26:09.864+0800: 18.521: [ParNew
Desired survivor size 8945664 bytes, new threshold 6 (max 6)
: 0K->0K(157248K), 0.0008948 secs]2024-07-23T00:26:09.865+0800: 18.522: [CMS: 205856K->1056K(349568K), 0.0033331 secs] 205856K->1056K(506816K), [Metaspace: 3957K->3957K(1056768K)], 0.0044689 secs] [Times: user=0.00 sys=0.00, real=0.00 secs] 
Heap after GC invocations=410 (full 816):
 par new generation   total 157248K, used 0K [0x00000000e0000000, 0x00000000eaaa0000, 0x00000000eaaa0000)
  eden space 139776K,   0% used [0x00000000e0000000, 0x00000000e0000000, 0x00000000e8880000)
  from space 17472K,   0% used [0x00000000e8880000, 0x00000000e8880000, 0x00000000e9990000)
  to   space 17472K,   0% used [0x00000000e9990000, 0x00000000e9990000, 0x00000000eaaa0000)
 concurrent mark-sweep generation total 349568K, used 1056K [0x00000000eaaa0000, 0x0000000100000000, 0x0000000100000000)
 Metaspace       used 3957K, capacity 4568K, committed 4864K, reserved 1056768K
  class space    used 431K, capacity 460K, committed 512K, reserved 1048576K
}
2024-07-23T00:26:09.868+0800: 18.525: Total time for which application threads were stopped: 0.0047398 seconds, Stopping threads took: 0.0000613 seconds
2024-07-23T00:26:09.893+0800: 18.551: [GC (CMS Initial Mark) [1 CMS-initial-mark: 205856K(349568K)] 205856K(506816K), 0.0008092 secs] [Times: user=0.00 sys=0.00, real=0.00 secs] 
2024-07-23T00:26:09.894+0800: 18.551: Total time for which application threads were stopped: 0.0259570 seconds, Stopping threads took: 0.0250538 seconds
2024-07-23T00:26:09.894+0800: 18.551: [CMS-concurrent-mark-start]
2024-07-23T00:26:09.896+0800: 18.553: [CMS-concurrent-mark: 0.001/0.001 secs] [Times: user=0.00 sys=0.00, real=0.00 secs] 
2024-07-23T00:26:09.896+0800: 18.553: [CMS-concurrent-preclean-start]
2024-07-23T00:26:09.896+0800: 18.554: [CMS-concurrent-preclean: 0.001/0.001 secs] [Times: user=0.00 sys=0.00, real=0.00 secs] 
2024-07-23T00:26:09.897+0800: 18.554: [GC (CMS Final Remark) [YG occupancy: 0 K (157248 K)]2024-07-23T00:26:09.897+0800: 18.554: [Rescan (parallel) , 0.0011733 secs]2024-07-23T00:26:09.898+0800: 18.555: [weak refs processing, 0.0000147 secs]2024-07-23T00:26:09.898+0800: 18.555: [class unloading, 0.0002798 secs]2024-07-23T00:26:09.898+0800: 18.555: [scrub symbol table, 0.0003970 secs]2024-07-23T00:26:09.899+0800: 18.556: [scrub string table, 0.0001319 secs][1 CMS-remark: 205856K(349568K)] 205856K(506816K), 0.0021011 secs] [Times: user=0.00 sys=0.00, real=0.00 secs] 
2024-07-23T00:26:09.899+0800: 18.556: Total time for which application threads were stopped: 0.0022000 seconds, Stopping threads took: 0.0000474 seconds
2024-07-23T00:26:09.899+0800: 18.556: [CMS-concurrent-sweep-start]
2024-07-23T00:26:09.899+0800: 18.556: [CMS-concurrent-sweep: 0.000/0.000 secs] [Times: user=0.00 sys=0.00, real=0.00 secs] 
2024-07-23T00:26:09.899+0800: 18.556: [CMS-concurrent-reset-start]
2024-07-23T00:26:09.900+0800: 18.557: [CMS-concurrent-reset: 0.000/0.000 secs] [Times: user=0.00 sys=0.00, real=0.00 secs] 
{Heap before GC invocations=410 (full 817):
 par new generation   total 157248K, used 0K [0x00000000e0000000, 0x00000000eaaa0000, 0x00000000eaaa0000)
  eden space 139776K,   0% used [0x00000000e0000000, 0x00000000e0000000, 0x00000000e8880000)
  from space 17472K,   0% used [0x00000000e8880000, 0x00000000e8880000, 0x00000000e9990000)
  to   space 17472K,   0% used [0x00000000e9990000, 0x00000000e9990000, 0x00000000eaaa0000)
 concurrent mark-sweep generation total 349568K, used 205856K [0x00000000eaaa0000, 0x0000000100000000, 0x0000000100000000)
 Metaspace       used 3957K, capacity 4568K, committed 4864K, reserved 1056768K
  class space    used 431K, capacity 460K, committed 512K, reserved 1048576K
2024-07-23T00:26:09.909+0800: 18.566: [GC (Allocation Failure) 2024-07-23T00:26:09.909+0800: 18.566: [ParNew
Desired survivor size 8945664 bytes, new threshold 6 (max 6)
: 0K->0K(157248K), 0.0019473 secs]2024-07-23T00:26:09.911+0800: 18.568: [CMS: 205856K->1056K(349568K), 0.0031135 secs] 205856K->1056K(506816K), [Metaspace: 3957K->3957K(1056768K)], 0.0052775 secs] [Times: user=0.00 sys=0.00, real=0.01 secs] 
Heap after GC invocations=411 (full 818):
 par new generation   total 157248K, used 0K [0x00000000e0000000, 0x00000000eaaa0000, 0x00000000eaaa0000)
  eden space 139776K,   0% used [0x00000000e0000000, 0x00000000e0000000, 0x00000000e8880000)
  from space 17472K,   0% used [0x00000000e9990000, 0x00000000e9990000, 0x00000000eaaa0000)
  to   space 17472K,   0% used [0x00000000e8880000, 0x00000000e8880000, 0x00000000e9990000)
 concurrent mark-sweep generation total 349568K, used 1056K [0x00000000eaaa0000, 0x0000000100000000, 0x0000000100000000)
 Metaspace       used 3957K, capacity 4568K, committed 4864K, reserved 1056768K
  class space    used 431K, capacity 460K, committed 512K, reserved 1048576K
}
2024-07-23T00:26:09.914+0800: 18.572: Total time for which application threads were stopped: 0.0056112 seconds, Stopping threads took: 0.0001382 seconds
2024-07-23T00:26:09.936+0800: 18.593: [GC (CMS Initial Mark) [1 CMS-initial-mark: 205856K(349568K)] 205856K(506816K), 0.0003567 secs] [Times: user=0.00 sys=0.00, real=0.00 secs] 
2024-07-23T00:26:09.936+0800: 18.594: Total time for which application threads were stopped: 0.0219686 seconds, Stopping threads took: 0.0215433 seconds
2024-07-23T00:26:09.936+0800: 18.594: [CMS-concurrent-mark-start]
2024-07-23T00:26:09.938+0800: 18.596: [CMS-concurrent-mark: 0.002/0.002 secs] [Times: user=0.00 sys=0.00, real=0.00 secs] 
2024-07-23T00:26:09.938+0800: 18.596: [CMS-concurrent-preclean-start]
2024-07-23T00:26:09.939+0800: 18.596: [CMS-concurrent-preclean: 0.000/0.000 secs] [Times: user=0.00 sys=0.00, real=0.00 secs] 
2024-07-23T00:26:09.939+0800: 18.596: [GC (CMS Final Remark) [YG occupancy: 0 K (157248 K)]2024-07-23T00:26:09.939+0800: 18.596: [Rescan (parallel) , 0.0006650 secs]2024-07-23T00:26:09.939+0800: 18.597: [weak refs processing, 0.0000305 secs]2024-07-23T00:26:09.939+0800: 18.597: [class unloading, 0.0004014 secs]2024-07-23T00:26:09.940+0800: 18.597: [scrub symbol table, 0.0004690 secs]2024-07-23T00:26:09.940+0800: 18.598: [scrub string table, 0.0001423 secs][1 CMS-remark: 205856K(349568K)] 205856K(506816K), 0.0018161 secs] [Times: user=0.00 sys=0.00, real=0.00 secs] 
2024-07-23T00:26:09.941+0800: 18.598: Total time for which application threads were stopped: 0.0018971 seconds, Stopping threads took: 0.0000252 seconds
2024-07-23T00:26:09.941+0800: 18.598: [CMS-concurrent-sweep-start]
2024-07-23T00:26:09.941+0800: 18.599: [CMS-concurrent-sweep: 0.000/0.000 secs] [Times: user=0.00 sys=0.00, real=0.00 secs] 
2024-07-23T00:26:09.941+0800: 18.599: [CMS-concurrent-reset-start]
2024-07-23T00:26:09.942+0800: 18.599: [CMS-concurrent-reset: 0.001/0.001 secs] [Times: user=0.00 sys=0.00, real=0.00 secs] 
{Heap before GC invocations=411 (full 819):
 par new generation   total 157248K, used 0K [0x00000000e0000000, 0x00000000eaaa0000, 0x00000000eaaa0000)
  eden space 139776K,   0% used [0x00000000e0000000, 0x00000000e0000000, 0x00000000e8880000)
  from space 17472K,   0% used [0x00000000e9990000, 0x00000000e9990000, 0x00000000eaaa0000)
  to   space 17472K,   0% used [0x00000000e8880000, 0x00000000e8880000, 0x00000000e9990000)
 concurrent mark-sweep generation total 349568K, used 205856K [0x00000000eaaa0000, 0x0000000100000000, 0x0000000100000000)
 Metaspace       used 3957K, capacity 4568K, committed 4864K, reserved 1056768K
  class space    used 431K, capacity 460K, committed 512K, reserved 1048576K
2024-07-23T00:26:09.956+0800: 18.613: [GC (Allocation Failure) 2024-07-23T00:26:09.956+0800: 18.613: [ParNew
Desired survivor size 8945664 bytes, new threshold 6 (max 6)
: 0K->0K(157248K), 0.0011411 secs]2024-07-23T00:26:09.957+0800: 18.614: [CMS: 205856K->1056K(349568K), 0.0049148 secs] 205856K->1056K(506816K), [Metaspace: 3957K->3957K(1056768K)], 0.0062468 secs] [Times: user=0.00 sys=0.00, real=0.01 secs] 
Heap after GC invocations=412 (full 820):
 par new generation   total 157248K, used 0K [0x00000000e0000000, 0x00000000eaaa0000, 0x00000000eaaa0000)
  eden space 139776K,   0% used [0x00000000e0000000, 0x00000000e0000000, 0x00000000e8880000)
  from space 17472K,   0% used [0x00000000e8880000, 0x00000000e8880000, 0x00000000e9990000)
  to   space 17472K,   0% used [0x00000000e9990000, 0x00000000e9990000, 0x00000000eaaa0000)
 concurrent mark-sweep generation total 349568K, used 1056K [0x00000000eaaa0000, 0x0000000100000000, 0x0000000100000000)
 Metaspace       used 3957K, capacity 4568K, committed 4864K, reserved 1056768K
  class space    used 431K, capacity 460K, committed 512K, reserved 1048576K
}
2024-07-23T00:26:09.962+0800: 18.619: Total time for which application threads were stopped: 0.0064027 seconds, Stopping threads took: 0.0000345 seconds
2024-07-23T00:26:09.984+0800: 18.642: [GC (CMS Initial Mark) [1 CMS-initial-mark: 205856K(349568K)] 205856K(506816K), 0.0023949 secs] [Times: user=0.00 sys=0.00, real=0.00 secs] 
2024-07-23T00:26:09.987+0800: 18.644: Total time for which application threads were stopped: 0.0249379 seconds, Stopping threads took: 0.0224099 seconds
2024-07-23T00:26:09.987+0800: 18.644: [CMS-concurrent-mark-start]
2024-07-23T00:26:09.990+0800: 18.648: [CMS-concurrent-mark: 0.003/0.003 secs] [Times: user=0.00 sys=0.00, real=0.00 secs] 
2024-07-23T00:26:09.990+0800: 18.648: [CMS-concurrent-preclean-start]
2024-07-23T00:26:09.991+0800: 18.649: [CMS-concurrent-preclean: 0.001/0.001 secs] [Times: user=0.00 sys=0.00, real=0.00 secs] 
2024-07-23T00:26:09.991+0800: 18.649: [GC (CMS Final Remark) [YG occupancy: 0 K (157248 K)]2024-07-23T00:26:09.991+0800: 18.649: [Rescan (parallel) , 0.0015207 secs]2024-07-23T00:26:09.993+0800: 18.651: [weak refs processing, 0.0000349 secs]2024-07-23T00:26:09.993+0800: 18.651: [class unloading, 0.0003576 secs]2024-07-23T00:26:09.993+0800: 18.651: [scrub symbol table, 0.0004882 secs]2024-07-23T00:26:09.994+0800: 18.651: [scrub string table, 0.0001471 secs][1 CMS-remark: 205856K(349568K)] 205856K(506816K), 0.0027042 secs] [Times: user=0.00 sys=0.00, real=0.00 secs] 
2024-07-23T00:26:09.994+0800: 18.652: Total time for which application threads were stopped: 0.0028183 seconds, Stopping threads took: 0.0000533 seconds
2024-07-23T00:26:09.994+0800: 18.652: [CMS-concurrent-sweep-start]
2024-07-23T00:26:09.994+0800: 18.652: [CMS-concurrent-sweep: 0.000/0.000 secs] [Times: user=0.00 sys=0.00, real=0.00 secs] 
2024-07-23T00:26:09.994+0800: 18.652: [CMS-concurrent-reset-start]
2024-07-23T00:26:09.995+0800: 18.653: [CMS-concurrent-reset: 0.001/0.001 secs] [Times: user=0.00 sys=0.00, real=0.00 secs] 
{Heap before GC invocations=412 (full 821):
 par new generation   total 157248K, used 0K [0x00000000e0000000, 0x00000000eaaa0000, 0x00000000eaaa0000)
  eden space 139776K,   0% used [0x00000000e0000000, 0x00000000e0000000, 0x00000000e8880000)
  from space 17472K,   0% used [0x00000000e8880000, 0x00000000e8880000, 0x00000000e9990000)
  to   space 17472K,   0% used [0x00000000e9990000, 0x00000000e9990000, 0x00000000eaaa0000)
 concurrent mark-sweep generation total 349568K, used 205856K [0x00000000eaaa0000, 0x0000000100000000, 0x0000000100000000)
 Metaspace       used 3957K, capacity 4568K, committed 4864K, reserved 1056768K
  class space    used 431K, capacity 460K, committed 512K, reserved 1048576K
2024-07-23T00:26:10.002+0800: 18.660: [GC (Allocation Failure) 2024-07-23T00:26:10.002+0800: 18.660: [ParNew
Desired survivor size 8945664 bytes, new threshold 6 (max 6)
: 0K->0K(157248K), 0.0018873 secs]2024-07-23T00:26:10.004+0800: 18.662: [CMS: 205856K->1056K(349568K), 0.0034584 secs] 205856K->1056K(506816K), [Metaspace: 3957K->3957K(1056768K)], 0.0055760 secs] [Times: user=0.00 sys=0.00, real=0.01 secs] 
Heap after GC invocations=413 (full 822):
 par new generation   total 157248K, used 0K [0x00000000e0000000, 0x00000000eaaa0000, 0x00000000eaaa0000)
  eden space 139776K,   0% used [0x00000000e0000000, 0x00000000e0000000, 0x00000000e8880000)
  from space 17472K,   0% used [0x00000000e9990000, 0x00000000e9990000, 0x00000000eaaa0000)
  to   space 17472K,   0% used [0x00000000e8880000, 0x00000000e8880000, 0x00000000e9990000)
 concurrent mark-sweep generation total 349568K, used 1056K [0x00000000eaaa0000, 0x0000000100000000, 0x0000000100000000)
 Metaspace       used 3957K, capacity 4568K, committed 4864K, reserved 1056768K
  class space    used 431K, capacity 460K, committed 512K, reserved 1048576K
}
2024-07-23T00:26:10.008+0800: 18.665: Total time for which application threads were stopped: 0.0058177 seconds, Stopping threads took: 0.0000690 seconds
2024-07-23T00:26:10.044+0800: 18.701: [GC (CMS Initial Mark) [1 CMS-initial-mark: 205856K(349568K)] 205856K(506816K), 0.0015065 secs] [Times: user=0.00 sys=0.00, real=0.00 secs] 
2024-07-23T00:26:10.045+0800: 18.703: Total time for which application threads were stopped: 0.0371116 seconds, Stopping threads took: 0.0354745 seconds
2024-07-23T00:26:10.045+0800: 18.703: [CMS-concurrent-mark-start]
2024-07-23T00:26:10.049+0800: 18.707: [CMS-concurrent-mark: 0.004/0.004 secs] [Times: user=0.00 sys=0.00, real=0.00 secs] 
2024-07-23T00:26:10.049+0800: 18.707: [CMS-concurrent-preclean-start]
2024-07-23T00:26:10.051+0800: 18.708: [CMS-concurrent-preclean: 0.001/0.001 secs] [Times: user=0.00 sys=0.00, real=0.00 secs] 
2024-07-23T00:26:10.051+0800: 18.708: [GC (CMS Final Remark) [YG occupancy: 0 K (157248 K)]2024-07-23T00:26:10.051+0800: 18.708: [Rescan (parallel) , 0.0009416 secs]2024-07-23T00:26:10.052+0800: 18.709: [weak refs processing, 0.0000347 secs]2024-07-23T00:26:10.052+0800: 18.710: [class unloading, 0.0005348 secs]2024-07-23T00:26:10.053+0800: 18.710: [scrub symbol table, 0.0005885 secs]2024-07-23T00:26:10.053+0800: 18.711: [scrub string table, 0.0001491 secs][1 CMS-remark: 205856K(349568K)] 205856K(506816K), 0.0024274 secs] [Times: user=0.00 sys=0.00, real=0.00 secs] 
2024-07-23T00:26:10.053+0800: 18.711: Total time for which application threads were stopped: 0.0025912 seconds, Stopping threads took: 0.0000576 seconds
2024-07-23T00:26:10.054+0800: 18.711: [CMS-concurrent-sweep-start]
2024-07-23T00:26:10.054+0800: 18.712: [CMS-concurrent-sweep: 0.000/0.000 secs] [Times: user=0.00 sys=0.00, real=0.00 secs] 
2024-07-23T00:26:10.054+0800: 18.712: [CMS-concurrent-reset-start]
2024-07-23T00:26:10.055+0800: 18.713: [CMS-concurrent-reset: 0.001/0.001 secs] [Times: user=0.00 sys=0.00, real=0.00 secs] 
{Heap before GC invocations=413 (full 823):
 par new generation   total 157248K, used 0K [0x00000000e0000000, 0x00000000eaaa0000, 0x00000000eaaa0000)
  eden space 139776K,   0% used [0x00000000e0000000, 0x00000000e0000000, 0x00000000e8880000)
  from space 17472K,   0% used [0x00000000e9990000, 0x00000000e9990000, 0x00000000eaaa0000)
  to   space 17472K,   0% used [0x00000000e8880000, 0x00000000e8880000, 0x00000000e9990000)
 concurrent mark-sweep generation total 349568K, used 205856K [0x00000000eaaa0000, 0x0000000100000000, 0x0000000100000000)
 Metaspace       used 3957K, capacity 4568K, committed 4864K, reserved 1056768K
  class space    used 431K, capacity 460K, committed 512K, reserved 1048576K
2024-07-23T00:26:10.064+0800: 18.721: [GC (Allocation Failure) 2024-07-23T00:26:10.064+0800: 18.722: [ParNew
Desired survivor size 8945664 bytes, new threshold 6 (max 6)
: 0K->0K(157248K), 0.0015011 secs]2024-07-23T00:26:10.066+0800: 18.723: [CMS: 205856K->1056K(349568K), 0.0038600 secs] 205856K->1056K(506816K), [Metaspace: 3957K->3957K(1056768K)], 0.0056746 secs] [Times: user=0.02 sys=0.00, real=0.01 secs] 
Heap after GC invocations=414 (full 824):
 par new generation   total 157248K, used 0K [0x00000000e0000000, 0x00000000eaaa0000, 0x00000000eaaa0000)
  eden space 139776K,   0% used [0x00000000e0000000, 0x00000000e0000000, 0x00000000e8880000)
  from space 17472K,   0% used [0x00000000e8880000, 0x00000000e8880000, 0x00000000e9990000)
  to   space 17472K,   0% used [0x00000000e9990000, 0x00000000e9990000, 0x00000000eaaa0000)
 concurrent mark-sweep generation total 349568K, used 1056K [0x00000000eaaa0000, 0x0000000100000000, 0x0000000100000000)
 Metaspace       used 3957K, capacity 4568K, committed 4864K, reserved 1056768K
  class space    used 431K, capacity 460K, committed 512K, reserved 1048576K
}
2024-07-23T00:26:10.070+0800: 18.727: Total time for which application threads were stopped: 0.0058895 seconds, Stopping threads took: 0.0000567 seconds
2024-07-23T00:26:10.099+0800: 18.756: [GC (CMS Initial Mark) [1 CMS-initial-mark: 205856K(349568K)] 205856K(506816K), 0.0010957 secs] [Times: user=0.00 sys=0.00, real=0.00 secs] 
2024-07-23T00:26:10.100+0800: 18.757: Total time for which application threads were stopped: 0.0297711 seconds, Stopping threads took: 0.0285527 seconds
2024-07-23T00:26:10.100+0800: 18.757: [CMS-concurrent-mark-start]
2024-07-23T00:26:10.102+0800: 18.760: [CMS-concurrent-mark: 0.002/0.002 secs] [Times: user=0.00 sys=0.00, real=0.00 secs] 
2024-07-23T00:26:10.103+0800: 18.760: [CMS-concurrent-preclean-start]
2024-07-23T00:26:10.103+0800: 18.761: [CMS-concurrent-preclean: 0.001/0.001 secs] [Times: user=0.00 sys=0.00, real=0.00 secs] 
2024-07-23T00:26:10.104+0800: 18.761: [GC (CMS Final Remark) [YG occupancy: 0 K (157248 K)]2024-07-23T00:26:10.104+0800: 18.761: [Rescan (parallel) , 0.0006954 secs]2024-07-23T00:26:10.104+0800: 18.762: [weak refs processing, 0.0000153 secs]2024-07-23T00:26:10.104+0800: 18.762: [class unloading, 0.0003257 secs]2024-07-23T00:26:10.105+0800: 18.762: [scrub symbol table, 0.0004440 secs]2024-07-23T00:26:10.105+0800: 18.762: [scrub string table, 0.0001107 secs][1 CMS-remark: 205856K(349568K)] 205856K(506816K), 0.0016887 secs] [Times: user=0.00 sys=0.00, real=0.00 secs] 
2024-07-23T00:26:10.105+0800: 18.763: Total time for which application threads were stopped: 0.0017617 seconds, Stopping threads took: 0.0000290 seconds
2024-07-23T00:26:10.105+0800: 18.763: [CMS-concurrent-sweep-start]
2024-07-23T00:26:10.106+0800: 18.763: [CMS-concurrent-sweep: 0.000/0.000 secs] [Times: user=0.00 sys=0.00, real=0.00 secs] 
2024-07-23T00:26:10.106+0800: 18.763: [CMS-concurrent-reset-start]
2024-07-23T00:26:10.107+0800: 18.764: [CMS-concurrent-reset: 0.001/0.001 secs] [Times: user=0.00 sys=0.00, real=0.00 secs] 
{Heap before GC invocations=414 (full 825):
 par new generation   total 157248K, used 0K [0x00000000e0000000, 0x00000000eaaa0000, 0x00000000eaaa0000)
  eden space 139776K,   0% used [0x00000000e0000000, 0x00000000e0000000, 0x00000000e8880000)
  from space 17472K,   0% used [0x00000000e8880000, 0x00000000e8880000, 0x00000000e9990000)
  to   space 17472K,   0% used [0x00000000e9990000, 0x00000000e9990000, 0x00000000eaaa0000)
 concurrent mark-sweep generation total 349568K, used 205856K [0x00000000eaaa0000, 0x0000000100000000, 0x0000000100000000)
 Metaspace       used 3957K, capacity 4568K, committed 4864K, reserved 1056768K
  class space    used 431K, capacity 460K, committed 512K, reserved 1048576K
2024-07-23T00:26:10.125+0800: 18.782: [GC (Allocation Failure) 2024-07-23T00:26:10.125+0800: 18.782: [ParNew
Desired survivor size 8945664 bytes, new threshold 6 (max 6)
: 0K->0K(157248K), 0.0009616 secs]2024-07-23T00:26:10.127+0800: 18.784: [CMS: 205856K->1056K(349568K), 0.0037602 secs] 205856K->1056K(506816K), [Metaspace: 3957K->3957K(1056768K)], 0.0049111 secs] [Times: user=0.00 sys=0.00, real=0.01 secs] 
Heap after GC invocations=415 (full 826):
 par new generation   total 157248K, used 0K [0x00000000e0000000, 0x00000000eaaa0000, 0x00000000eaaa0000)
  eden space 139776K,   0% used [0x00000000e0000000, 0x00000000e0000000, 0x00000000e8880000)
  from space 17472K,   0% used [0x00000000e9990000, 0x00000000e9990000, 0x00000000eaaa0000)
  to   space 17472K,   0% used [0x00000000e8880000, 0x00000000e8880000, 0x00000000e9990000)
 concurrent mark-sweep generation total 349568K, used 1056K [0x00000000eaaa0000, 0x0000000100000000, 0x0000000100000000)
 Metaspace       used 3957K, capacity 4568K, committed 4864K, reserved 1056768K
  class space    used 431K, capacity 460K, committed 512K, reserved 1048576K
}
2024-07-23T00:26:10.130+0800: 18.787: Total time for which application threads were stopped: 0.0050864 seconds, Stopping threads took: 0.0000345 seconds
2024-07-23T00:26:10.156+0800: 18.812: [GC (CMS Initial Mark) [1 CMS-initial-mark: 205856K(349568K)] 205856K(506816K), 0.0010148 secs] [Times: user=0.00 sys=0.00, real=0.00 secs] 
2024-07-23T00:26:10.157+0800: 18.814: Total time for which application threads were stopped: 0.0259310 seconds, Stopping threads took: 0.0247743 seconds
2024-07-23T00:26:10.157+0800: 18.814: [CMS-concurrent-mark-start]
2024-07-23T00:26:10.158+0800: 18.815: [CMS-concurrent-mark: 0.002/0.002 secs] [Times: user=0.00 sys=0.00, real=0.00 secs] 
2024-07-23T00:26:10.158+0800: 18.815: [CMS-concurrent-preclean-start]
2024-07-23T00:26:10.159+0800: 18.816: [CMS-concurrent-preclean: 0.000/0.000 secs] [Times: user=0.00 sys=0.00, real=0.00 secs] 
2024-07-23T00:26:10.159+0800: 18.816: [GC (CMS Final Remark) [YG occupancy: 0 K (157248 K)]2024-07-23T00:26:10.159+0800: 18.816: [Rescan (parallel) , 0.0020392 secs]2024-07-23T00:26:10.161+0800: 18.818: [weak refs processing, 0.0000184 secs]2024-07-23T00:26:10.161+0800: 18.818: [class unloading, 0.0003286 secs]2024-07-23T00:26:10.161+0800: 18.818: [scrub symbol table, 0.0004263 secs]2024-07-23T00:26:10.162+0800: 18.819: [scrub string table, 0.0001283 secs][1 CMS-remark: 205856K(349568K)] 205856K(506816K), 0.0030642 secs] [Times: user=0.00 sys=0.00, real=0.00 secs] 
2024-07-23T00:26:10.162+0800: 18.819: Total time for which application threads were stopped: 0.0031570 seconds, Stopping threads took: 0.0000289 seconds
2024-07-23T00:26:10.162+0800: 18.819: [CMS-concurrent-sweep-start]
2024-07-23T00:26:10.163+0800: 18.819: [CMS-concurrent-sweep: 0.000/0.000 secs] [Times: user=0.00 sys=0.00, real=0.00 secs] 
2024-07-23T00:26:10.163+0800: 18.819: [CMS-concurrent-reset-start]
2024-07-23T00:26:10.163+0800: 18.820: [CMS-concurrent-reset: 0.001/0.001 secs] [Times: user=0.00 sys=0.00, real=0.00 secs] 
{Heap before GC invocations=415 (full 827):
 par new generation   total 157248K, used 0K [0x00000000e0000000, 0x00000000eaaa0000, 0x00000000eaaa0000)
  eden space 139776K,   0% used [0x00000000e0000000, 0x00000000e0000000, 0x00000000e8880000)
  from space 17472K,   0% used [0x00000000e9990000, 0x00000000e9990000, 0x00000000eaaa0000)
  to   space 17472K,   0% used [0x00000000e8880000, 0x00000000e8880000, 0x00000000e9990000)
 concurrent mark-sweep generation total 349568K, used 205856K [0x00000000eaaa0000, 0x0000000100000000, 0x0000000100000000)
 Metaspace       used 3957K, capacity 4568K, committed 4864K, reserved 1056768K
  class space    used 431K, capacity 460K, committed 512K, reserved 1048576K
2024-07-23T00:26:10.173+0800: 18.830: [GC (Allocation Failure) 2024-07-23T00:26:10.173+0800: 18.830: [ParNew
Desired survivor size 8945664 bytes, new threshold 6 (max 6)
: 0K->0K(157248K), 0.0009639 secs]2024-07-23T00:26:10.174+0800: 18.831: [CMS: 205856K->1056K(349568K), 0.0041121 secs] 205856K->1056K(506816K), [Metaspace: 3957K->3957K(1056768K)], 0.0052926 secs] [Times: user=0.02 sys=0.00, real=0.00 secs] 
Heap after GC invocations=416 (full 828):
 par new generation   total 157248K, used 0K [0x00000000e0000000, 0x00000000eaaa0000, 0x00000000eaaa0000)
  eden space 139776K,   0% used [0x00000000e0000000, 0x00000000e0000000, 0x00000000e8880000)
  from space 17472K,   0% used [0x00000000e8880000, 0x00000000e8880000, 0x00000000e9990000)
  to   space 17472K,   0% used [0x00000000e9990000, 0x00000000e9990000, 0x00000000eaaa0000)
 concurrent mark-sweep generation total 349568K, used 1056K [0x00000000eaaa0000, 0x0000000100000000, 0x0000000100000000)
 Metaspace       used 3957K, capacity 4568K, committed 4864K, reserved 1056768K
  class space    used 431K, capacity 460K, committed 512K, reserved 1048576K
}
2024-07-23T00:26:10.178+0800: 18.835: Total time for which application threads were stopped: 0.0055144 seconds, Stopping threads took: 0.0000391 seconds
2024-07-23T00:26:10.210+0800: 18.867: [GC (CMS Initial Mark) [1 CMS-initial-mark: 205856K(349568K)] 205856K(506816K), 0.0010091 secs] [Times: user=0.00 sys=0.00, real=0.00 secs] 
2024-07-23T00:26:10.211+0800: 18.868: Total time for which application threads were stopped: 0.0329736 seconds, Stopping threads took: 0.0318455 seconds
2024-07-23T00:26:10.212+0800: 18.868: [CMS-concurrent-mark-start]
2024-07-23T00:26:10.214+0800: 18.871: [CMS-concurrent-mark: 0.002/0.002 secs] [Times: user=0.00 sys=0.00, real=0.00 secs] 
2024-07-23T00:26:10.214+0800: 18.871: [CMS-concurrent-preclean-start]
2024-07-23T00:26:10.215+0800: 18.871: [CMS-concurrent-preclean: 0.001/0.001 secs] [Times: user=0.00 sys=0.00, real=0.00 secs] 
2024-07-23T00:26:10.215+0800: 18.872: [GC (CMS Final Remark) [YG occupancy: 0 K (157248 K)]2024-07-23T00:26:10.215+0800: 18.872: [Rescan (parallel) , 0.0007927 secs]2024-07-23T00:26:10.215+0800: 18.873: [weak refs processing, 0.0000143 secs]2024-07-23T00:26:10.215+0800: 18.873: [class unloading, 0.0002770 secs]2024-07-23T00:26:10.216+0800: 18.873: [scrub symbol table, 0.0003941 secs]2024-07-23T00:26:10.216+0800: 18.873: [scrub string table, 0.0001321 secs][1 CMS-remark: 205856K(349568K)] 205856K(506816K), 0.0017742 secs] [Times: user=0.00 sys=0.00, real=0.00 secs] 
2024-07-23T00:26:10.216+0800: 18.873: Total time for which application threads were stopped: 0.0018649 seconds, Stopping threads took: 0.0000313 seconds
2024-07-23T00:26:10.217+0800: 18.874: [CMS-concurrent-sweep-start]
2024-07-23T00:26:10.217+0800: 18.874: [CMS-concurrent-sweep: 0.000/0.000 secs] [Times: user=0.00 sys=0.00, real=0.00 secs] 
2024-07-23T00:26:10.217+0800: 18.874: [CMS-concurrent-reset-start]
2024-07-23T00:26:10.217+0800: 18.874: [CMS-concurrent-reset: 0.000/0.000 secs] [Times: user=0.00 sys=0.00, real=0.00 secs] 
{Heap before GC invocations=416 (full 829):
 par new generation   total 157248K, used 0K [0x00000000e0000000, 0x00000000eaaa0000, 0x00000000eaaa0000)
  eden space 139776K,   0% used [0x00000000e0000000, 0x00000000e0000000, 0x00000000e8880000)
  from space 17472K,   0% used [0x00000000e8880000, 0x00000000e8880000, 0x00000000e9990000)
  to   space 17472K,   0% used [0x00000000e9990000, 0x00000000e9990000, 0x00000000eaaa0000)
 concurrent mark-sweep generation total 349568K, used 205856K [0x00000000eaaa0000, 0x0000000100000000, 0x0000000100000000)
 Metaspace       used 3957K, capacity 4568K, committed 4864K, reserved 1056768K
  class space    used 431K, capacity 460K, committed 512K, reserved 1048576K
2024-07-23T00:26:10.235+0800: 18.892: [GC (Allocation Failure) 2024-07-23T00:26:10.235+0800: 18.892: [ParNew
Desired survivor size 8945664 bytes, new threshold 6 (max 6)
: 0K->0K(157248K), 0.0012763 secs]2024-07-23T00:26:10.236+0800: 18.893: [CMS: 205856K->1056K(349568K), 0.0038943 secs] 205856K->1056K(506816K), [Metaspace: 3957K->3957K(1056768K)], 0.0053619 secs] [Times: user=0.00 sys=0.00, real=0.01 secs] 
Heap after GC invocations=417 (full 830):
 par new generation   total 157248K, used 0K [0x00000000e0000000, 0x00000000eaaa0000, 0x00000000eaaa0000)
  eden space 139776K,   0% used [0x00000000e0000000, 0x00000000e0000000, 0x00000000e8880000)
  from space 17472K,   0% used [0x00000000e9990000, 0x00000000e9990000, 0x00000000eaaa0000)
  to   space 17472K,   0% used [0x00000000e8880000, 0x00000000e8880000, 0x00000000e9990000)
 concurrent mark-sweep generation total 349568K, used 1056K [0x00000000eaaa0000, 0x0000000100000000, 0x0000000100000000)
 Metaspace       used 3957K, capacity 4568K, committed 4864K, reserved 1056768K
  class space    used 431K, capacity 460K, committed 512K, reserved 1048576K
}
2024-07-23T00:26:10.240+0800: 18.897: Total time for which application threads were stopped: 0.0055605 seconds, Stopping threads took: 0.0000363 seconds
2024-07-23T00:26:10.267+0800: 18.924: [GC (CMS Initial Mark) [1 CMS-initial-mark: 205856K(349568K)] 205856K(506816K), 0.0006818 secs] [Times: user=0.00 sys=0.00, real=0.00 secs] 
2024-07-23T00:26:10.267+0800: 18.925: Total time for which application threads were stopped: 0.0271909 seconds, Stopping threads took: 0.0264408 seconds
2024-07-23T00:26:10.267+0800: 18.925: [CMS-concurrent-mark-start]
2024-07-23T00:26:10.270+0800: 18.927: [CMS-concurrent-mark: 0.002/0.002 secs] [Times: user=0.00 sys=0.00, real=0.00 secs] 
2024-07-23T00:26:10.270+0800: 18.927: [CMS-concurrent-preclean-start]
2024-07-23T00:26:10.271+0800: 18.929: [CMS-concurrent-preclean: 0.002/0.002 secs] [Times: user=0.00 sys=0.00, real=0.00 secs] 
2024-07-23T00:26:10.272+0800: 18.929: [GC (CMS Final Remark) [YG occupancy: 0 K (157248 K)]2024-07-23T00:26:10.272+0800: 18.929: [Rescan (parallel) , 0.0004605 secs]2024-07-23T00:26:10.272+0800: 18.930: [weak refs processing, 0.0000303 secs]2024-07-23T00:26:10.272+0800: 18.930: [class unloading, 0.0002887 secs]2024-07-23T00:26:10.273+0800: 18.930: [scrub symbol table, 0.0003717 secs]2024-07-23T00:26:10.273+0800: 18.930: [scrub string table, 0.0000897 secs][1 CMS-remark: 205856K(349568K)] 205856K(506816K), 0.0013637 secs] [Times: user=0.00 sys=0.00, real=0.00 secs] 
2024-07-23T00:26:10.273+0800: 18.930: Total time for which application threads were stopped: 0.0014401 seconds, Stopping threads took: 0.0000307 seconds
2024-07-23T00:26:10.273+0800: 18.930: [CMS-concurrent-sweep-start]
2024-07-23T00:26:10.273+0800: 18.931: [CMS-concurrent-sweep: 0.000/0.000 secs] [Times: user=0.00 sys=0.00, real=0.00 secs] 
2024-07-23T00:26:10.273+0800: 18.931: [CMS-concurrent-reset-start]
2024-07-23T00:26:10.274+0800: 18.931: [CMS-concurrent-reset: 0.000/0.000 secs] [Times: user=0.00 sys=0.00, real=0.00 secs] 
{Heap before GC invocations=417 (full 831):
 par new generation   total 157248K, used 0K [0x00000000e0000000, 0x00000000eaaa0000, 0x00000000eaaa0000)
  eden space 139776K,   0% used [0x00000000e0000000, 0x00000000e0000000, 0x00000000e8880000)
  from space 17472K,   0% used [0x00000000e9990000, 0x00000000e9990000, 0x00000000eaaa0000)
  to   space 17472K,   0% used [0x00000000e8880000, 0x00000000e8880000, 0x00000000e9990000)
 concurrent mark-sweep generation total 349568K, used 205856K [0x00000000eaaa0000, 0x0000000100000000, 0x0000000100000000)
 Metaspace       used 3957K, capacity 4568K, committed 4864K, reserved 1056768K
  class space    used 431K, capacity 460K, committed 512K, reserved 1048576K
2024-07-23T00:26:10.282+0800: 18.939: [GC (Allocation Failure) 2024-07-23T00:26:10.282+0800: 18.939: [ParNew
Desired survivor size 8945664 bytes, new threshold 6 (max 6)
: 0K->0K(157248K), 0.0012050 secs]2024-07-23T00:26:10.284+0800: 18.940: [CMS: 205856K->1056K(349568K), 0.0031899 secs] 205856K->1056K(506816K), [Metaspace: 3957K->3957K(1056768K)], 0.0045514 secs] [Times: user=0.00 sys=0.00, real=0.00 secs] 
Heap after GC invocations=418 (full 832):
 par new generation   total 157248K, used 0K [0x00000000e0000000, 0x00000000eaaa0000, 0x00000000eaaa0000)
  eden space 139776K,   0% used [0x00000000e0000000, 0x00000000e0000000, 0x00000000e8880000)
  from space 17472K,   0% used [0x00000000e8880000, 0x00000000e8880000, 0x00000000e9990000)
  to   space 17472K,   0% used [0x00000000e9990000, 0x00000000e9990000, 0x00000000eaaa0000)
 concurrent mark-sweep generation total 349568K, used 1056K [0x00000000eaaa0000, 0x0000000100000000, 0x0000000100000000)
 Metaspace       used 3957K, capacity 4568K, committed 4864K, reserved 1056768K
  class space    used 431K, capacity 460K, committed 512K, reserved 1048576K
}
2024-07-23T00:26:10.287+0800: 18.944: Total time for which application threads were stopped: 0.0047470 seconds, Stopping threads took: 0.0000308 seconds
2024-07-23T00:26:10.317+0800: 18.974: [GC (CMS Initial Mark) [1 CMS-initial-mark: 205856K(349568K)] 205856K(506816K), 0.0004819 secs] [Times: user=0.00 sys=0.00, real=0.00 secs] 
2024-07-23T00:26:10.317+0800: 18.974: Total time for which application threads were stopped: 0.0304500 seconds, Stopping threads took: 0.0298958 seconds
2024-07-23T00:26:10.317+0800: 18.974: [CMS-concurrent-mark-start]
2024-07-23T00:26:10.319+0800: 18.976: [CMS-concurrent-mark: 0.002/0.002 secs] [Times: user=0.00 sys=0.00, real=0.00 secs] 
2024-07-23T00:26:10.319+0800: 18.976: [CMS-concurrent-preclean-start]
2024-07-23T00:26:10.319+0800: 18.976: [CMS-concurrent-preclean: 0.000/0.000 secs] [Times: user=0.00 sys=0.00, real=0.00 secs] 
2024-07-23T00:26:10.319+0800: 18.977: [GC (CMS Final Remark) [YG occupancy: 0 K (157248 K)]2024-07-23T00:26:10.319+0800: 18.977: [Rescan (parallel) , 0.0003479 secs]2024-07-23T00:26:10.320+0800: 18.977: [weak refs processing, 0.0000087 secs]2024-07-23T00:26:10.320+0800: 18.977: [class unloading, 0.0002100 secs]2024-07-23T00:26:10.320+0800: 18.977: [scrub symbol table, 0.0003310 secs]2024-07-23T00:26:10.320+0800: 18.977: [scrub string table, 0.0000994 secs][1 CMS-remark: 205856K(349568K)] 205856K(506816K), 0.0010399 secs] [Times: user=0.00 sys=0.00, real=0.00 secs] 
2024-07-23T00:26:10.320+0800: 18.978: Total time for which application threads were stopped: 0.0010854 seconds, Stopping threads took: 0.0000138 seconds
2024-07-23T00:26:10.320+0800: 18.978: [CMS-concurrent-sweep-start]
2024-07-23T00:26:10.321+0800: 18.978: [CMS-concurrent-sweep: 0.000/0.000 secs] [Times: user=0.00 sys=0.00, real=0.00 secs] 
2024-07-23T00:26:10.321+0800: 18.978: [CMS-concurrent-reset-start]
2024-07-23T00:26:10.321+0800: 18.978: [CMS-concurrent-reset: 0.000/0.000 secs] [Times: user=0.00 sys=0.00, real=0.00 secs] 
{Heap before GC invocations=418 (full 833):
 par new generation   total 157248K, used 0K [0x00000000e0000000, 0x00000000eaaa0000, 0x00000000eaaa0000)
  eden space 139776K,   0% used [0x00000000e0000000, 0x00000000e0000000, 0x00000000e8880000)
  from space 17472K,   0% used [0x00000000e8880000, 0x00000000e8880000, 0x00000000e9990000)
  to   space 17472K,   0% used [0x00000000e9990000, 0x00000000e9990000, 0x00000000eaaa0000)
 concurrent mark-sweep generation total 349568K, used 205856K [0x00000000eaaa0000, 0x0000000100000000, 0x0000000100000000)
 Metaspace       used 3957K, capacity 4568K, committed 4864K, reserved 1056768K
  class space    used 431K, capacity 460K, committed 512K, reserved 1048576K
2024-07-23T00:26:10.329+0800: 18.986: [GC (Allocation Failure) 2024-07-23T00:26:10.329+0800: 18.986: [ParNew
Desired survivor size 8945664 bytes, new threshold 6 (max 6)
: 0K->0K(157248K), 0.0011459 secs]2024-07-23T00:26:10.330+0800: 18.987: [CMS: 205856K->1056K(349568K), 0.0043344 secs] 205856K->1056K(506816K), [Metaspace: 3957K->3957K(1056768K)], 0.0056044 secs] [Times: user=0.00 sys=0.00, real=0.01 secs] 
Heap after GC invocations=419 (full 834):
 par new generation   total 157248K, used 0K [0x00000000e0000000, 0x00000000eaaa0000, 0x00000000eaaa0000)
  eden space 139776K,   0% used [0x00000000e0000000, 0x00000000e0000000, 0x00000000e8880000)
  from space 17472K,   0% used [0x00000000e9990000, 0x00000000e9990000, 0x00000000eaaa0000)
  to   space 17472K,   0% used [0x00000000e8880000, 0x00000000e8880000, 0x00000000e9990000)
 concurrent mark-sweep generation total 349568K, used 1056K [0x00000000eaaa0000, 0x0000000100000000, 0x0000000100000000)
 Metaspace       used 3957K, capacity 4568K, committed 4864K, reserved 1056768K
  class space    used 431K, capacity 460K, committed 512K, reserved 1048576K
}
2024-07-23T00:26:10.334+0800: 18.992: Total time for which application threads were stopped: 0.0057938 seconds, Stopping threads took: 0.0000274 seconds
2024-07-23T00:26:10.364+0800: 19.020: [GC (CMS Initial Mark) [1 CMS-initial-mark: 205856K(349568K)] 205856K(506816K), 0.0004819 secs] [Times: user=0.00 sys=0.00, real=0.00 secs] 
2024-07-23T00:26:10.364+0800: 19.021: Total time for which application threads were stopped: 0.0291367 seconds, Stopping threads took: 0.0285413 seconds
2024-07-23T00:26:10.364+0800: 19.021: [CMS-concurrent-mark-start]
2024-07-23T00:26:10.366+0800: 19.023: [CMS-concurrent-mark: 0.002/0.002 secs] [Times: user=0.00 sys=0.00, real=0.00 secs] 
2024-07-23T00:26:10.366+0800: 19.023: [CMS-concurrent-preclean-start]
2024-07-23T00:26:10.367+0800: 19.024: [CMS-concurrent-preclean: 0.001/0.001 secs] [Times: user=0.00 sys=0.00, real=0.00 secs] 
2024-07-23T00:26:10.367+0800: 19.024: [GC (CMS Final Remark) [YG occupancy: 0 K (157248 K)]2024-07-23T00:26:10.367+0800: 19.024: [Rescan (parallel) , 0.0006663 secs]2024-07-23T00:26:10.367+0800: 19.025: [weak refs processing, 0.0000150 secs]2024-07-23T00:26:10.367+0800: 19.025: [class unloading, 0.0004084 secs]2024-07-23T00:26:10.368+0800: 19.025: [scrub symbol table, 0.0005226 secs]2024-07-23T00:26:10.368+0800: 19.026: [scrub string table, 0.0001281 secs][1 CMS-remark: 205856K(349568K)] 205856K(506816K), 0.0018438 secs] [Times: user=0.00 sys=0.00, real=0.00 secs] 
2024-07-23T00:26:10.369+0800: 19.026: Total time for which application threads were stopped: 0.0019097 seconds, Stopping threads took: 0.0000213 seconds
2024-07-23T00:26:10.369+0800: 19.026: [CMS-concurrent-sweep-start]
2024-07-23T00:26:10.369+0800: 19.026: [CMS-concurrent-sweep: 0.000/0.000 secs] [Times: user=0.00 sys=0.00, real=0.00 secs] 
2024-07-23T00:26:10.369+0800: 19.026: [CMS-concurrent-reset-start]
2024-07-23T00:26:10.369+0800: 19.027: [CMS-concurrent-reset: 0.000/0.000 secs] [Times: user=0.00 sys=0.00, real=0.00 secs] 
{Heap before GC invocations=419 (full 835):
 par new generation   total 157248K, used 0K [0x00000000e0000000, 0x00000000eaaa0000, 0x00000000eaaa0000)
  eden space 139776K,   0% used [0x00000000e0000000, 0x00000000e0000000, 0x00000000e8880000)
  from space 17472K,   0% used [0x00000000e9990000, 0x00000000e9990000, 0x00000000eaaa0000)
  to   space 17472K,   0% used [0x00000000e8880000, 0x00000000e8880000, 0x00000000e9990000)
 concurrent mark-sweep generation total 349568K, used 205856K [0x00000000eaaa0000, 0x0000000100000000, 0x0000000100000000)
 Metaspace       used 3957K, capacity 4568K, committed 4864K, reserved 1056768K
  class space    used 431K, capacity 460K, committed 512K, reserved 1048576K
2024-07-23T00:26:10.376+0800: 19.033: [GC (Allocation Failure) 2024-07-23T00:26:10.376+0800: 19.033: [ParNew
Desired survivor size 8945664 bytes, new threshold 6 (max 6)
: 0K->0K(157248K), 0.0006849 secs]2024-07-23T00:26:10.376+0800: 19.034: [CMS: 205856K->1056K(349568K), 0.0032792 secs] 205856K->1056K(506816K), [Metaspace: 3957K->3957K(1056768K)], 0.0040864 secs] [Times: user=0.00 sys=0.00, real=0.00 secs] 
Heap after GC invocations=420 (full 836):
 par new generation   total 157248K, used 0K [0x00000000e0000000, 0x00000000eaaa0000, 0x00000000eaaa0000)
  eden space 139776K,   0% used [0x00000000e0000000, 0x00000000e0000000, 0x00000000e8880000)
  from space 17472K,   0% used [0x00000000e8880000, 0x00000000e8880000, 0x00000000e9990000)
  to   space 17472K,   0% used [0x00000000e9990000, 0x00000000e9990000, 0x00000000eaaa0000)
 concurrent mark-sweep generation total 349568K, used 1056K [0x00000000eaaa0000, 0x0000000100000000, 0x0000000100000000)
 Metaspace       used 3957K, capacity 4568K, committed 4864K, reserved 1056768K
  class space    used 431K, capacity 460K, committed 512K, reserved 1048576K
}
2024-07-23T00:26:10.380+0800: 19.037: Total time for which application threads were stopped: 0.0042271 seconds, Stopping threads took: 0.0000206 seconds
2024-07-23T00:26:10.401+0800: 19.058: [GC (CMS Initial Mark) [1 CMS-initial-mark: 205856K(349568K)] 205856K(506816K), 0.0004722 secs] [Times: user=0.00 sys=0.00, real=0.00 secs] 
2024-07-23T00:26:10.401+0800: 19.059: Total time for which application threads were stopped: 0.0215245 seconds, Stopping threads took: 0.0209541 seconds
2024-07-23T00:26:10.402+0800: 19.059: [CMS-concurrent-mark-start]
2024-07-23T00:26:10.403+0800: 19.060: [CMS-concurrent-mark: 0.002/0.002 secs] [Times: user=0.00 sys=0.00, real=0.00 secs] 
2024-07-23T00:26:10.403+0800: 19.060: [CMS-concurrent-preclean-start]
2024-07-23T00:26:10.404+0800: 19.061: [CMS-concurrent-preclean: 0.001/0.001 secs] [Times: user=0.00 sys=0.00, real=0.00 secs] 
2024-07-23T00:26:10.404+0800: 19.061: [GC (CMS Final Remark) [YG occupancy: 0 K (157248 K)]2024-07-23T00:26:10.404+0800: 19.061: [Rescan (parallel) , 0.0005449 secs]2024-07-23T00:26:10.405+0800: 19.062: [weak refs processing, 0.0000127 secs]2024-07-23T00:26:10.405+0800: 19.062: [class unloading, 0.0002752 secs]2024-07-23T00:26:10.405+0800: 19.062: [scrub symbol table, 0.0004369 secs]2024-07-23T00:26:10.405+0800: 19.063: [scrub string table, 0.0001610 secs][1 CMS-remark: 205856K(349568K)] 205856K(506816K), 0.0015076 secs] [Times: user=0.00 sys=0.00, real=0.00 secs] 
2024-07-23T00:26:10.406+0800: 19.063: Total time for which application threads were stopped: 0.0015777 seconds, Stopping threads took: 0.0000159 seconds
2024-07-23T00:26:10.406+0800: 19.063: [CMS-concurrent-sweep-start]
2024-07-23T00:26:10.406+0800: 19.063: [CMS-concurrent-sweep: 0.000/0.000 secs] [Times: user=0.00 sys=0.00, real=0.00 secs] 
2024-07-23T00:26:10.406+0800: 19.063: [CMS-concurrent-reset-start]
2024-07-23T00:26:10.407+0800: 19.064: [CMS-concurrent-reset: 0.001/0.001 secs] [Times: user=0.00 sys=0.00, real=0.00 secs] 
{Heap before GC invocations=420 (full 837):
 par new generation   total 157248K, used 0K [0x00000000e0000000, 0x00000000eaaa0000, 0x00000000eaaa0000)
  eden space 139776K,   0% used [0x00000000e0000000, 0x00000000e0000000, 0x00000000e8880000)
  from space 17472K,   0% used [0x00000000e8880000, 0x00000000e8880000, 0x00000000e9990000)
  to   space 17472K,   0% used [0x00000000e9990000, 0x00000000e9990000, 0x00000000eaaa0000)
 concurrent mark-sweep generation total 349568K, used 205856K [0x00000000eaaa0000, 0x0000000100000000, 0x0000000100000000)
 Metaspace       used 3957K, capacity 4568K, committed 4864K, reserved 1056768K
  class space    used 431K, capacity 460K, committed 512K, reserved 1048576K
2024-07-23T00:26:10.422+0800: 19.079: [GC (Allocation Failure) 2024-07-23T00:26:10.422+0800: 19.079: [ParNew
Desired survivor size 8945664 bytes, new threshold 6 (max 6)
: 0K->0K(157248K), 0.0008374 secs]2024-07-23T00:26:10.423+0800: 19.080: [CMS: 205856K->1056K(349568K), 0.0038097 secs] 205856K->1056K(506816K), [Metaspace: 3957K->3957K(1056768K)], 0.0047582 secs] [Times: user=0.00 sys=0.00, real=0.01 secs] 
Heap after GC invocations=421 (full 838):
 par new generation   total 157248K, used 0K [0x00000000e0000000, 0x00000000eaaa0000, 0x00000000eaaa0000)
  eden space 139776K,   0% used [0x00000000e0000000, 0x00000000e0000000, 0x00000000e8880000)
  from space 17472K,   0% used [0x00000000e9990000, 0x00000000e9990000, 0x00000000eaaa0000)
  to   space 17472K,   0% used [0x00000000e8880000, 0x00000000e8880000, 0x00000000e9990000)
 concurrent mark-sweep generation total 349568K, used 1056K [0x00000000eaaa0000, 0x0000000100000000, 0x0000000100000000)
 Metaspace       used 3957K, capacity 4568K, committed 4864K, reserved 1056768K
  class space    used 431K, capacity 460K, committed 512K, reserved 1048576K
}
2024-07-23T00:26:10.427+0800: 19.084: Total time for which application threads were stopped: 0.0049173 seconds, Stopping threads took: 0.0000323 seconds
2024-07-23T00:26:10.446+0800: 19.103: [GC (CMS Initial Mark) [1 CMS-initial-mark: 205856K(349568K)] 205856K(506816K), 0.0017248 secs] [Times: user=0.00 sys=0.00, real=0.00 secs] 
2024-07-23T00:26:10.448+0800: 19.105: Total time for which application threads were stopped: 0.0211788 seconds, Stopping threads took: 0.0193588 seconds
2024-07-23T00:26:10.448+0800: 19.105: [CMS-concurrent-mark-start]
2024-07-23T00:26:10.450+0800: 19.107: [CMS-concurrent-mark: 0.002/0.002 secs] [Times: user=0.01 sys=0.00, real=0.00 secs] 
2024-07-23T00:26:10.450+0800: 19.107: [CMS-concurrent-preclean-start]
2024-07-23T00:26:10.450+0800: 19.107: [CMS-concurrent-preclean: 0.000/0.000 secs] [Times: user=0.00 sys=0.00, real=0.00 secs] 
2024-07-23T00:26:10.450+0800: 19.107: [GC (CMS Final Remark) [YG occupancy: 0 K (157248 K)]2024-07-23T00:26:10.450+0800: 19.107: [Rescan (parallel) , 0.0009071 secs]2024-07-23T00:26:10.451+0800: 19.108: [weak refs processing, 0.0000116 secs]2024-07-23T00:26:10.451+0800: 19.108: [class unloading, 0.0003136 secs]2024-07-23T00:26:10.451+0800: 19.108: [scrub symbol table, 0.0004025 secs]2024-07-23T00:26:10.452+0800: 19.109: [scrub string table, 0.0001191 secs][1 CMS-remark: 205856K(349568K)] 205856K(506816K), 0.0018217 secs] [Times: user=0.00 sys=0.00, real=0.00 secs] 
2024-07-23T00:26:10.452+0800: 19.109: Total time for which application threads were stopped: 0.0018684 seconds, Stopping threads took: 0.0000169 seconds
2024-07-23T00:26:10.452+0800: 19.109: [CMS-concurrent-sweep-start]
2024-07-23T00:26:10.452+0800: 19.109: [CMS-concurrent-sweep: 0.000/0.000 secs] [Times: user=0.00 sys=0.00, real=0.00 secs] 
2024-07-23T00:26:10.452+0800: 19.109: [CMS-concurrent-reset-start]
2024-07-23T00:26:10.452+0800: 19.110: [CMS-concurrent-reset: 0.000/0.000 secs] [Times: user=0.00 sys=0.00, real=0.00 secs] 
{Heap before GC invocations=421 (full 839):
 par new generation   total 157248K, used 0K [0x00000000e0000000, 0x00000000eaaa0000, 0x00000000eaaa0000)
  eden space 139776K,   0% used [0x00000000e0000000, 0x00000000e0000000, 0x00000000e8880000)
  from space 17472K,   0% used [0x00000000e9990000, 0x00000000e9990000, 0x00000000eaaa0000)
  to   space 17472K,   0% used [0x00000000e8880000, 0x00000000e8880000, 0x00000000e9990000)
 concurrent mark-sweep generation total 349568K, used 205856K [0x00000000eaaa0000, 0x0000000100000000, 0x0000000100000000)
 Metaspace       used 3957K, capacity 4568K, committed 4864K, reserved 1056768K
  class space    used 431K, capacity 460K, committed 512K, reserved 1048576K
2024-07-23T00:26:10.470+0800: 19.127: [GC (Allocation Failure) 2024-07-23T00:26:10.470+0800: 19.127: [ParNew
Desired survivor size 8945664 bytes, new threshold 6 (max 6)
: 0K->0K(157248K), 0.0011982 secs]2024-07-23T00:26:10.471+0800: 19.129: [CMS: 205856K->1056K(349568K), 0.0029553 secs] 205856K->1056K(506816K), [Metaspace: 3957K->3957K(1056768K)], 0.0042505 secs] [Times: user=0.00 sys=0.00, real=0.00 secs] 
Heap after GC invocations=422 (full 840):
 par new generation   total 157248K, used 0K [0x00000000e0000000, 0x00000000eaaa0000, 0x00000000eaaa0000)
  eden space 139776K,   0% used [0x00000000e0000000, 0x00000000e0000000, 0x00000000e8880000)
  from space 17472K,   0% used [0x00000000e8880000, 0x00000000e8880000, 0x00000000e9990000)
  to   space 17472K,   0% used [0x00000000e9990000, 0x00000000e9990000, 0x00000000eaaa0000)
 concurrent mark-sweep generation total 349568K, used 1056K [0x00000000eaaa0000, 0x0000000100000000, 0x0000000100000000)
 Metaspace       used 3957K, capacity 4568K, committed 4864K, reserved 1056768K
  class space    used 431K, capacity 460K, committed 512K, reserved 1048576K
}
2024-07-23T00:26:10.474+0800: 19.132: Total time for which application threads were stopped: 0.0043699 seconds, Stopping threads took: 0.0000236 seconds
2024-07-23T00:26:10.495+0800: 19.152: [GC (CMS Initial Mark) [1 CMS-initial-mark: 205856K(349568K)] 205856K(506816K), 0.0009013 secs] [Times: user=0.00 sys=0.00, real=0.00 secs] 
2024-07-23T00:26:10.496+0800: 19.153: Total time for which application threads were stopped: 0.0215312 seconds, Stopping threads took: 0.0205516 seconds
2024-07-23T00:26:10.496+0800: 19.153: [CMS-concurrent-mark-start]
2024-07-23T00:26:10.497+0800: 19.154: [CMS-concurrent-mark: 0.001/0.001 secs] [Times: user=0.05 sys=0.00, real=0.00 secs] 
2024-07-23T00:26:10.497+0800: 19.154: [CMS-concurrent-preclean-start]
2024-07-23T00:26:10.498+0800: 19.155: [CMS-concurrent-preclean: 0.000/0.000 secs] [Times: user=0.00 sys=0.00, real=0.00 secs] 
2024-07-23T00:26:10.498+0800: 19.155: [GC (CMS Final Remark) [YG occupancy: 0 K (157248 K)]2024-07-23T00:26:10.498+0800: 19.155: [Rescan (parallel) , 0.0002813 secs]2024-07-23T00:26:10.498+0800: 19.155: [weak refs processing, 0.0000122 secs]2024-07-23T00:26:10.498+0800: 19.155: [class unloading, 0.0002533 secs]2024-07-23T00:26:10.498+0800: 19.156: [scrub symbol table, 0.0003669 secs]2024-07-23T00:26:10.499+0800: 19.156: [scrub string table, 0.0000948 secs][1 CMS-remark: 205856K(349568K)] 205856K(506816K), 0.0010632 secs] [Times: user=0.00 sys=0.00, real=0.00 secs] 
2024-07-23T00:26:10.499+0800: 19.156: Total time for which application threads were stopped: 0.0011021 seconds, Stopping threads took: 0.0000146 seconds
2024-07-23T00:26:10.499+0800: 19.156: [CMS-concurrent-sweep-start]
2024-07-23T00:26:10.499+0800: 19.156: [CMS-concurrent-sweep: 0.000/0.000 secs] [Times: user=0.00 sys=0.00, real=0.00 secs] 
2024-07-23T00:26:10.499+0800: 19.156: [CMS-concurrent-reset-start]
2024-07-23T00:26:10.500+0800: 19.157: [CMS-concurrent-reset: 0.000/0.000 secs] [Times: user=0.00 sys=0.00, real=0.00 secs] 
{Heap before GC invocations=422 (full 841):
 par new generation   total 157248K, used 0K [0x00000000e0000000, 0x00000000eaaa0000, 0x00000000eaaa0000)
  eden space 139776K,   0% used [0x00000000e0000000, 0x00000000e0000000, 0x00000000e8880000)
  from space 17472K,   0% used [0x00000000e8880000, 0x00000000e8880000, 0x00000000e9990000)
  to   space 17472K,   0% used [0x00000000e9990000, 0x00000000e9990000, 0x00000000eaaa0000)
 concurrent mark-sweep generation total 349568K, used 205856K [0x00000000eaaa0000, 0x0000000100000000, 0x0000000100000000)
 Metaspace       used 3957K, capacity 4568K, committed 4864K, reserved 1056768K
  class space    used 431K, capacity 460K, committed 512K, reserved 1048576K
2024-07-23T00:26:10.518+0800: 19.175: [GC (Allocation Failure) 2024-07-23T00:26:10.518+0800: 19.175: [ParNew
Desired survivor size 8945664 bytes, new threshold 6 (max 6)
: 0K->0K(157248K), 0.0006538 secs]2024-07-23T00:26:10.519+0800: 19.175: [CMS: 205856K->1056K(349568K), 0.0028850 secs] 205856K->1056K(506816K), [Metaspace: 3957K->3957K(1056768K)], 0.0036750 secs] [Times: user=0.00 sys=0.00, real=0.00 secs] 
Heap after GC invocations=423 (full 842):
 par new generation   total 157248K, used 0K [0x00000000e0000000, 0x00000000eaaa0000, 0x00000000eaaa0000)
  eden space 139776K,   0% used [0x00000000e0000000, 0x00000000e0000000, 0x00000000e8880000)
  from space 17472K,   0% used [0x00000000e9990000, 0x00000000e9990000, 0x00000000eaaa0000)
  to   space 17472K,   0% used [0x00000000e8880000, 0x00000000e8880000, 0x00000000e9990000)
 concurrent mark-sweep generation total 349568K, used 1056K [0x00000000eaaa0000, 0x0000000100000000, 0x0000000100000000)
 Metaspace       used 3957K, capacity 4568K, committed 4864K, reserved 1056768K
  class space    used 431K, capacity 460K, committed 512K, reserved 1048576K
}
2024-07-23T00:26:10.522+0800: 19.178: Total time for which application threads were stopped: 0.0038030 seconds, Stopping threads took: 0.0000245 seconds
2024-07-23T00:26:10.539+0800: 19.196: [GC (CMS Initial Mark) [1 CMS-initial-mark: 205856K(349568K)] 205856K(506816K), 0.0002865 secs] [Times: user=0.00 sys=0.00, real=0.00 secs] 
2024-07-23T00:26:10.539+0800: 19.197: Total time for which application threads were stopped: 0.0184742 seconds, Stopping threads took: 0.0181243 seconds
2024-07-23T00:26:10.539+0800: 19.197: [CMS-concurrent-mark-start]
2024-07-23T00:26:10.540+0800: 19.198: [CMS-concurrent-mark: 0.001/0.001 secs] [Times: user=0.00 sys=0.00, real=0.00 secs] 
2024-07-23T00:26:10.540+0800: 19.198: [CMS-concurrent-preclean-start]
2024-07-23T00:26:10.541+0800: 19.198: [CMS-concurrent-preclean: 0.000/0.000 secs] [Times: user=0.00 sys=0.00, real=0.00 secs] 
2024-07-23T00:26:10.541+0800: 19.198: [GC (CMS Final Remark) [YG occupancy: 0 K (157248 K)]2024-07-23T00:26:10.541+0800: 19.198: [Rescan (parallel) , 0.0003998 secs]2024-07-23T00:26:10.541+0800: 19.199: [weak refs processing, 0.0000076 secs]2024-07-23T00:26:10.541+0800: 19.199: [class unloading, 0.0002183 secs]2024-07-23T00:26:10.541+0800: 19.199: [scrub symbol table, 0.0004041 secs]2024-07-23T00:26:10.542+0800: 19.199: [scrub string table, 0.0001049 secs][1 CMS-remark: 205856K(349568K)] 205856K(506816K), 0.0012192 secs] [Times: user=0.00 sys=0.00, real=0.00 secs] 
2024-07-23T00:26:10.542+0800: 19.200: Total time for which application threads were stopped: 0.0012551 seconds, Stopping threads took: 0.0000124 seconds
2024-07-23T00:26:10.542+0800: 19.200: [CMS-concurrent-sweep-start]
2024-07-23T00:26:10.542+0800: 19.200: [CMS-concurrent-sweep: 0.000/0.000 secs] [Times: user=0.00 sys=0.00, real=0.00 secs] 
2024-07-23T00:26:10.542+0800: 19.200: [CMS-concurrent-reset-start]
2024-07-23T00:26:10.543+0800: 19.200: [CMS-concurrent-reset: 0.000/0.000 secs] [Times: user=0.00 sys=0.00, real=0.00 secs] 
{Heap before GC invocations=423 (full 843):
 par new generation   total 157248K, used 0K [0x00000000e0000000, 0x00000000eaaa0000, 0x00000000eaaa0000)
  eden space 139776K,   0% used [0x00000000e0000000, 0x00000000e0000000, 0x00000000e8880000)
  from space 17472K,   0% used [0x00000000e9990000, 0x00000000e9990000, 0x00000000eaaa0000)
  to   space 17472K,   0% used [0x00000000e8880000, 0x00000000e8880000, 0x00000000e9990000)
 concurrent mark-sweep generation total 349568K, used 205856K [0x00000000eaaa0000, 0x0000000100000000, 0x0000000100000000)
 Metaspace       used 3957K, capacity 4568K, committed 4864K, reserved 1056768K
  class space    used 431K, capacity 460K, committed 512K, reserved 1048576K
2024-07-23T00:26:10.565+0800: 19.222: [GC (Allocation Failure) 2024-07-23T00:26:10.565+0800: 19.222: [ParNew
Desired survivor size 8945664 bytes, new threshold 6 (max 6)
: 0K->0K(157248K), 0.0014418 secs]2024-07-23T00:26:10.567+0800: 19.224: [CMS: 205856K->1056K(349568K), 0.0024297 secs] 205856K->1056K(506816K), [Metaspace: 3957K->3957K(1056768K)], 0.0039933 secs] [Times: user=0.00 sys=0.00, real=0.00 secs] 
Heap after GC invocations=424 (full 844):
 par new generation   total 157248K, used 0K [0x00000000e0000000, 0x00000000eaaa0000, 0x00000000eaaa0000)
  eden space 139776K,   0% used [0x00000000e0000000, 0x00000000e0000000, 0x00000000e8880000)
  from space 17472K,   0% used [0x00000000e8880000, 0x00000000e8880000, 0x00000000e9990000)
  to   space 17472K,   0% used [0x00000000e9990000, 0x00000000e9990000, 0x00000000eaaa0000)
 concurrent mark-sweep generation total 349568K, used 1056K [0x00000000eaaa0000, 0x0000000100000000, 0x0000000100000000)
 Metaspace       used 3957K, capacity 4568K, committed 4864K, reserved 1056768K
  class space    used 431K, capacity 460K, committed 512K, reserved 1048576K
}
2024-07-23T00:26:10.569+0800: 19.226: Total time for which application threads were stopped: 0.0042356 seconds, Stopping threads took: 0.0000586 seconds
2024-07-23T00:26:10.589+0800: 19.246: [GC (CMS Initial Mark) [1 CMS-initial-mark: 205856K(349568K)] 205856K(506816K), 0.0002897 secs] [Times: user=0.00 sys=0.00, real=0.00 secs] 
2024-07-23T00:26:10.589+0800: 19.246: Total time for which application threads were stopped: 0.0195346 seconds, Stopping threads took: 0.0191925 seconds
2024-07-23T00:26:10.589+0800: 19.246: [CMS-concurrent-mark-start]
2024-07-23T00:26:10.591+0800: 19.248: [CMS-concurrent-mark: 0.001/0.001 secs] [Times: user=0.02 sys=0.00, real=0.00 secs] 
2024-07-23T00:26:10.591+0800: 19.248: [CMS-concurrent-preclean-start]
2024-07-23T00:26:10.591+0800: 19.248: [CMS-concurrent-preclean: 0.000/0.000 secs] [Times: user=0.00 sys=0.00, real=0.00 secs] 
2024-07-23T00:26:10.591+0800: 19.248: [GC (CMS Final Remark) [YG occupancy: 0 K (157248 K)]2024-07-23T00:26:10.591+0800: 19.248: [Rescan (parallel) , 0.0002851 secs]2024-07-23T00:26:10.592+0800: 19.249: [weak refs processing, 0.0000083 secs]2024-07-23T00:26:10.592+0800: 19.249: [class unloading, 0.0002333 secs]2024-07-23T00:26:10.592+0800: 19.249: [scrub symbol table, 0.0003442 secs]2024-07-23T00:26:10.592+0800: 19.249: [scrub string table, 0.0000996 secs][1 CMS-remark: 205856K(349568K)] 205856K(506816K), 0.0010090 secs] [Times: user=0.00 sys=0.00, real=0.00 secs] 
2024-07-23T00:26:10.592+0800: 19.249: Total time for which application threads were stopped: 0.0010559 seconds, Stopping threads took: 0.0000161 seconds
2024-07-23T00:26:10.592+0800: 19.249: [CMS-concurrent-sweep-start]
2024-07-23T00:26:10.592+0800: 19.250: [CMS-concurrent-sweep: 0.000/0.000 secs] [Times: user=0.00 sys=0.00, real=0.00 secs] 
2024-07-23T00:26:10.592+0800: 19.250: [CMS-concurrent-reset-start]
2024-07-23T00:26:10.593+0800: 19.250: [CMS-concurrent-reset: 0.000/0.000 secs] [Times: user=0.00 sys=0.00, real=0.00 secs] 
{Heap before GC invocations=424 (full 845):
 par new generation   total 157248K, used 0K [0x00000000e0000000, 0x00000000eaaa0000, 0x00000000eaaa0000)
  eden space 139776K,   0% used [0x00000000e0000000, 0x00000000e0000000, 0x00000000e8880000)
  from space 17472K,   0% used [0x00000000e8880000, 0x00000000e8880000, 0x00000000e9990000)
  to   space 17472K,   0% used [0x00000000e9990000, 0x00000000e9990000, 0x00000000eaaa0000)
 concurrent mark-sweep generation total 349568K, used 205856K [0x00000000eaaa0000, 0x0000000100000000, 0x0000000100000000)
 Metaspace       used 3957K, capacity 4568K, committed 4864K, reserved 1056768K
  class space    used 431K, capacity 460K, committed 512K, reserved 1048576K
2024-07-23T00:26:10.613+0800: 19.270: [GC (Allocation Failure) 2024-07-23T00:26:10.613+0800: 19.270: [ParNew
Desired survivor size 8945664 bytes, new threshold 6 (max 6)
: 0K->0K(157248K), 0.0005287 secs]2024-07-23T00:26:10.613+0800: 19.270: [CMS: 205856K->1056K(349568K), 0.0028876 secs] 205856K->1056K(506816K), [Metaspace: 3957K->3957K(1056768K)], 0.0035370 secs] [Times: user=0.00 sys=0.00, real=0.00 secs] 
Heap after GC invocations=425 (full 846):
 par new generation   total 157248K, used 0K [0x00000000e0000000, 0x00000000eaaa0000, 0x00000000eaaa0000)
  eden space 139776K,   0% used [0x00000000e0000000, 0x00000000e0000000, 0x00000000e8880000)
  from space 17472K,   0% used [0x00000000e9990000, 0x00000000e9990000, 0x00000000eaaa0000)
  to   space 17472K,   0% used [0x00000000e8880000, 0x00000000e8880000, 0x00000000e9990000)
 concurrent mark-sweep generation total 349568K, used 1056K [0x00000000eaaa0000, 0x0000000100000000, 0x0000000100000000)
 Metaspace       used 3957K, capacity 4568K, committed 4864K, reserved 1056768K
  class space    used 431K, capacity 460K, committed 512K, reserved 1048576K
}
2024-07-23T00:26:10.617+0800: 19.273: Total time for which application threads were stopped: 0.0036940 seconds, Stopping threads took: 0.0000355 seconds
2024-07-23T00:26:10.635+0800: 19.293: [GC (CMS Initial Mark) [1 CMS-initial-mark: 205856K(349568K)] 205856K(506816K), 0.0004288 secs] [Times: user=0.00 sys=0.00, real=0.00 secs] 
2024-07-23T00:26:10.636+0800: 19.293: Total time for which application threads were stopped: 0.0197447 seconds, Stopping threads took: 0.0192586 seconds
2024-07-23T00:26:10.636+0800: 19.293: [CMS-concurrent-mark-start]
2024-07-23T00:26:10.637+0800: 19.294: [CMS-concurrent-mark: 0.001/0.001 secs] [Times: user=0.00 sys=0.00, real=0.00 secs] 
2024-07-23T00:26:10.637+0800: 19.294: [CMS-concurrent-preclean-start]
2024-07-23T00:26:10.637+0800: 19.294: [CMS-concurrent-preclean: 0.000/0.000 secs] [Times: user=0.00 sys=0.00, real=0.00 secs] 
2024-07-23T00:26:10.637+0800: 19.294: [GC (CMS Final Remark) [YG occupancy: 0 K (157248 K)]2024-07-23T00:26:10.637+0800: 19.294: [Rescan (parallel) , 0.0003637 secs]2024-07-23T00:26:10.638+0800: 19.295: [weak refs processing, 0.0000105 secs]2024-07-23T00:26:10.638+0800: 19.295: [class unloading, 0.0003251 secs]2024-07-23T00:26:10.638+0800: 19.295: [scrub symbol table, 0.0003768 secs]2024-07-23T00:26:10.639+0800: 19.296: [scrub string table, 0.0000937 secs][1 CMS-remark: 205856K(349568K)] 205856K(506816K), 0.0012234 secs] [Times: user=0.00 sys=0.00, real=0.00 secs] 
2024-07-23T00:26:10.639+0800: 19.296: Total time for which application threads were stopped: 0.0012674 seconds, Stopping threads took: 0.0000148 seconds
2024-07-23T00:26:10.639+0800: 19.296: [CMS-concurrent-sweep-start]
2024-07-23T00:26:10.639+0800: 19.296: [CMS-concurrent-sweep: 0.000/0.000 secs] [Times: user=0.00 sys=0.00, real=0.00 secs] 
2024-07-23T00:26:10.639+0800: 19.296: [CMS-concurrent-reset-start]
2024-07-23T00:26:10.639+0800: 19.296: [CMS-concurrent-reset: 0.000/0.000 secs] [Times: user=0.00 sys=0.00, real=0.00 secs] 
{Heap before GC invocations=425 (full 847):
 par new generation   total 157248K, used 0K [0x00000000e0000000, 0x00000000eaaa0000, 0x00000000eaaa0000)
  eden space 139776K,   0% used [0x00000000e0000000, 0x00000000e0000000, 0x00000000e8880000)
  from space 17472K,   0% used [0x00000000e9990000, 0x00000000e9990000, 0x00000000eaaa0000)
  to   space 17472K,   0% used [0x00000000e8880000, 0x00000000e8880000, 0x00000000e9990000)
 concurrent mark-sweep generation total 349568K, used 205856K [0x00000000eaaa0000, 0x0000000100000000, 0x0000000100000000)
 Metaspace       used 3957K, capacity 4568K, committed 4864K, reserved 1056768K
  class space    used 431K, capacity 460K, committed 512K, reserved 1048576K
2024-07-23T00:26:10.660+0800: 19.317: [GC (Allocation Failure) 2024-07-23T00:26:10.660+0800: 19.317: [ParNew
Desired survivor size 8945664 bytes, new threshold 6 (max 6)
: 0K->0K(157248K), 0.0027205 secs]2024-07-23T00:26:10.663+0800: 19.320: [CMS: 205856K->1056K(349568K), 0.0040066 secs] 205856K->1056K(506816K), [Metaspace: 3957K->3957K(1056768K)], 0.0068791 secs] [Times: user=0.00 sys=0.00, real=0.01 secs] 
Heap after GC invocations=426 (full 848):
 par new generation   total 157248K, used 0K [0x00000000e0000000, 0x00000000eaaa0000, 0x00000000eaaa0000)
  eden space 139776K,   0% used [0x00000000e0000000, 0x00000000e0000000, 0x00000000e8880000)
  from space 17472K,   0% used [0x00000000e8880000, 0x00000000e8880000, 0x00000000e9990000)
  to   space 17472K,   0% used [0x00000000e9990000, 0x00000000e9990000, 0x00000000eaaa0000)
 concurrent mark-sweep generation total 349568K, used 1056K [0x00000000eaaa0000, 0x0000000100000000, 0x0000000100000000)
 Metaspace       used 3957K, capacity 4568K, committed 4864K, reserved 1056768K
  class space    used 431K, capacity 460K, committed 512K, reserved 1048576K
}
2024-07-23T00:26:10.667+0800: 19.324: Total time for which application threads were stopped: 0.0070389 seconds, Stopping threads took: 0.0000381 seconds
2024-07-23T00:26:10.684+0800: 19.341: [GC (CMS Initial Mark) [1 CMS-initial-mark: 205856K(349568K)] 205856K(506816K), 0.0002161 secs] [Times: user=0.00 sys=0.00, real=0.00 secs] 
2024-07-23T00:26:10.685+0800: 19.342: Total time for which application threads were stopped: 0.0173309 seconds, Stopping threads took: 0.0170495 seconds
2024-07-23T00:26:10.685+0800: 19.342: [CMS-concurrent-mark-start]
2024-07-23T00:26:10.686+0800: 19.343: [CMS-concurrent-mark: 0.001/0.001 secs] [Times: user=0.00 sys=0.00, real=0.00 secs] 
2024-07-23T00:26:10.686+0800: 19.343: [CMS-concurrent-preclean-start]
2024-07-23T00:26:10.686+0800: 19.343: [CMS-concurrent-preclean: 0.000/0.000 secs] [Times: user=0.00 sys=0.00, real=0.00 secs] 
2024-07-23T00:26:10.686+0800: 19.343: [GC (CMS Final Remark) [YG occupancy: 0 K (157248 K)]2024-07-23T00:26:10.686+0800: 19.343: [Rescan (parallel) , 0.0007709 secs]2024-07-23T00:26:10.687+0800: 19.344: [weak refs processing, 0.0000070 secs]2024-07-23T00:26:10.687+0800: 19.344: [class unloading, 0.0001805 secs]2024-07-23T00:26:10.687+0800: 19.344: [scrub symbol table, 0.0002902 secs]2024-07-23T00:26:10.687+0800: 19.345: [scrub string table, 0.0000780 secs][1 CMS-remark: 205856K(349568K)] 205856K(506816K), 0.0013758 secs] [Times: user=0.00 sys=0.00, real=0.00 secs] 
2024-07-23T00:26:10.688+0800: 19.345: Total time for which application threads were stopped: 0.0014332 seconds, Stopping threads took: 0.0000354 seconds
2024-07-23T00:26:10.688+0800: 19.345: [CMS-concurrent-sweep-start]
2024-07-23T00:26:10.688+0800: 19.345: [CMS-concurrent-sweep: 0.000/0.000 secs] [Times: user=0.00 sys=0.00, real=0.00 secs] 
2024-07-23T00:26:10.688+0800: 19.345: [CMS-concurrent-reset-start]
2024-07-23T00:26:10.688+0800: 19.346: [CMS-concurrent-reset: 0.000/0.000 secs] [Times: user=0.00 sys=0.00, real=0.00 secs] 
{Heap before GC invocations=426 (full 849):
 par new generation   total 157248K, used 0K [0x00000000e0000000, 0x00000000eaaa0000, 0x00000000eaaa0000)
  eden space 139776K,   0% used [0x00000000e0000000, 0x00000000e0000000, 0x00000000e8880000)
  from space 17472K,   0% used [0x00000000e8880000, 0x00000000e8880000, 0x00000000e9990000)
  to   space 17472K,   0% used [0x00000000e9990000, 0x00000000e9990000, 0x00000000eaaa0000)
 concurrent mark-sweep generation total 349568K, used 205856K [0x00000000eaaa0000, 0x0000000100000000, 0x0000000100000000)
 Metaspace       used 3957K, capacity 4568K, committed 4864K, reserved 1056768K
  class space    used 431K, capacity 460K, committed 512K, reserved 1048576K
2024-07-23T00:26:10.706+0800: 19.363: [GC (Allocation Failure) 2024-07-23T00:26:10.706+0800: 19.363: [ParNew
Desired survivor size 8945664 bytes, new threshold 6 (max 6)
: 0K->0K(157248K), 0.0011945 secs]2024-07-23T00:26:10.708+0800: 19.365: [CMS: 205856K->1056K(349568K), 0.0028748 secs] 205856K->1056K(506816K), [Metaspace: 3957K->3957K(1056768K)], 0.0042597 secs] [Times: user=0.00 sys=0.00, real=0.00 secs] 
Heap after GC invocations=427 (full 850):
 par new generation   total 157248K, used 0K [0x00000000e0000000, 0x00000000eaaa0000, 0x00000000eaaa0000)
  eden space 139776K,   0% used [0x00000000e0000000, 0x00000000e0000000, 0x00000000e8880000)
  from space 17472K,   0% used [0x00000000e9990000, 0x00000000e9990000, 0x00000000eaaa0000)
  to   space 17472K,   0% used [0x00000000e8880000, 0x00000000e8880000, 0x00000000e9990000)
 concurrent mark-sweep generation total 349568K, used 1056K [0x00000000eaaa0000, 0x0000000100000000, 0x0000000100000000)
 Metaspace       used 3957K, capacity 4568K, committed 4864K, reserved 1056768K
  class space    used 431K, capacity 460K, committed 512K, reserved 1048576K
}
2024-07-23T00:26:10.711+0800: 19.368: Total time for which application threads were stopped: 0.0044263 seconds, Stopping threads took: 0.0000367 seconds
2024-07-23T00:26:10.728+0800: 19.384: [GC (CMS Initial Mark) [1 CMS-initial-mark: 205856K(349568K)] 205856K(506816K), 0.0011397 secs] [Times: user=0.00 sys=0.00, real=0.00 secs] 
2024-07-23T00:26:10.729+0800: 19.385: Total time for which application threads were stopped: 0.0177290 seconds, Stopping threads took: 0.0165145 seconds
2024-07-23T00:26:10.729+0800: 19.386: [CMS-concurrent-mark-start]
2024-07-23T00:26:10.729+0800: 19.387: [CMS-concurrent-mark: 0.001/0.001 secs] [Times: user=0.00 sys=0.00, real=0.00 secs] 
2024-07-23T00:26:10.729+0800: 19.387: [CMS-concurrent-preclean-start]
2024-07-23T00:26:10.729+0800: 19.387: [CMS-concurrent-preclean: 0.000/0.000 secs] [Times: user=0.00 sys=0.00, real=0.00 secs] 
2024-07-23T00:26:10.729+0800: 19.387: [GC (CMS Final Remark) [YG occupancy: 0 K (157248 K)]2024-07-23T00:26:10.729+0800: 19.387: [Rescan (parallel) , 0.0003984 secs]2024-07-23T00:26:10.730+0800: 19.388: [weak refs processing, 0.0000101 secs]2024-07-23T00:26:10.730+0800: 19.388: [class unloading, 0.0002463 secs]2024-07-23T00:26:10.730+0800: 19.388: [scrub symbol table, 0.0004307 secs]2024-07-23T00:26:10.731+0800: 19.388: [scrub string table, 0.0001109 secs][1 CMS-remark: 205856K(349568K)] 205856K(506816K), 0.0012551 secs] [Times: user=0.00 sys=0.00, real=0.00 secs] 
2024-07-23T00:26:10.731+0800: 19.388: Total time for which application threads were stopped: 0.0012952 seconds, Stopping threads took: 0.0000159 seconds
2024-07-23T00:26:10.731+0800: 19.388: [CMS-concurrent-sweep-start]
2024-07-23T00:26:10.731+0800: 19.389: [CMS-concurrent-sweep: 0.000/0.000 secs] [Times: user=0.00 sys=0.00, real=0.00 secs] 
2024-07-23T00:26:10.731+0800: 19.389: [CMS-concurrent-reset-start]
2024-07-23T00:26:10.732+0800: 19.389: [CMS-concurrent-reset: 0.000/0.000 secs] [Times: user=0.00 sys=0.00, real=0.00 secs] 
{Heap before GC invocations=427 (full 851):
 par new generation   total 157248K, used 0K [0x00000000e0000000, 0x00000000eaaa0000, 0x00000000eaaa0000)
  eden space 139776K,   0% used [0x00000000e0000000, 0x00000000e0000000, 0x00000000e8880000)
  from space 17472K,   0% used [0x00000000e9990000, 0x00000000e9990000, 0x00000000eaaa0000)
  to   space 17472K,   0% used [0x00000000e8880000, 0x00000000e8880000, 0x00000000e9990000)
 concurrent mark-sweep generation total 349568K, used 205856K [0x00000000eaaa0000, 0x0000000100000000, 0x0000000100000000)
 Metaspace       used 3957K, capacity 4568K, committed 4864K, reserved 1056768K
  class space    used 431K, capacity 460K, committed 512K, reserved 1048576K
2024-07-23T00:26:10.753+0800: 19.410: [GC (Allocation Failure) 2024-07-23T00:26:10.753+0800: 19.410: [ParNew
Desired survivor size 8945664 bytes, new threshold 6 (max 6)
: 0K->0K(157248K), 0.0011654 secs]2024-07-23T00:26:10.754+0800: 19.411: [CMS: 205856K->1056K(349568K), 0.0024590 secs] 205856K->1056K(506816K), [Metaspace: 3957K->3957K(1056768K)], 0.0036991 secs] [Times: user=0.00 sys=0.00, real=0.00 secs] 
Heap after GC invocations=428 (full 852):
 par new generation   total 157248K, used 0K [0x00000000e0000000, 0x00000000eaaa0000, 0x00000000eaaa0000)
  eden space 139776K,   0% used [0x00000000e0000000, 0x00000000e0000000, 0x00000000e8880000)
  from space 17472K,   0% used [0x00000000e8880000, 0x00000000e8880000, 0x00000000e9990000)
  to   space 17472K,   0% used [0x00000000e9990000, 0x00000000e9990000, 0x00000000eaaa0000)
 concurrent mark-sweep generation total 349568K, used 1056K [0x00000000eaaa0000, 0x0000000100000000, 0x0000000100000000)
 Metaspace       used 3957K, capacity 4568K, committed 4864K, reserved 1056768K
  class space    used 431K, capacity 460K, committed 512K, reserved 1048576K
}
2024-07-23T00:26:10.757+0800: 19.414: Total time for which application threads were stopped: 0.0038777 seconds, Stopping threads took: 0.0000858 seconds
2024-07-23T00:26:10.774+0800: 19.431: [GC (CMS Initial Mark) [1 CMS-initial-mark: 205856K(349568K)] 205856K(506816K), 0.0008043 secs] [Times: user=0.00 sys=0.00, real=0.00 secs] 
2024-07-23T00:26:10.775+0800: 19.432: Total time for which application threads were stopped: 0.0179997 seconds, Stopping threads took: 0.0171123 seconds
2024-07-23T00:26:10.775+0800: 19.432: [CMS-concurrent-mark-start]
2024-07-23T00:26:10.777+0800: 19.433: [CMS-concurrent-mark: 0.001/0.001 secs] [Times: user=0.00 sys=0.00, real=0.00 secs] 
2024-07-23T00:26:10.777+0800: 19.433: [CMS-concurrent-preclean-start]
2024-07-23T00:26:10.777+0800: 19.434: [CMS-concurrent-preclean: 0.000/0.000 secs] [Times: user=0.00 sys=0.00, real=0.00 secs] 
2024-07-23T00:26:10.777+0800: 19.434: [GC (CMS Final Remark) [YG occupancy: 0 K (157248 K)]2024-07-23T00:26:10.777+0800: 19.434: [Rescan (parallel) , 0.0003652 secs]2024-07-23T00:26:10.778+0800: 19.434: [weak refs processing, 0.0000074 secs]2024-07-23T00:26:10.778+0800: 19.435: [class unloading, 0.0001867 secs]2024-07-23T00:26:10.778+0800: 19.435: [scrub symbol table, 0.0003214 secs]2024-07-23T00:26:10.778+0800: 19.435: [scrub string table, 0.0000922 secs][1 CMS-remark: 205856K(349568K)] 205856K(506816K), 0.0010097 secs] [Times: user=0.01 sys=0.00, real=0.00 secs] 
2024-07-23T00:26:10.778+0800: 19.435: Total time for which application threads were stopped: 0.0010466 seconds, Stopping threads took: 0.0000142 seconds
2024-07-23T00:26:10.778+0800: 19.435: [CMS-concurrent-sweep-start]
2024-07-23T00:26:10.779+0800: 19.435: [CMS-concurrent-sweep: 0.000/0.000 secs] [Times: user=0.00 sys=0.00, real=0.00 secs] 
2024-07-23T00:26:10.779+0800: 19.435: [CMS-concurrent-reset-start]
2024-07-23T00:26:10.779+0800: 19.436: [CMS-concurrent-reset: 0.000/0.000 secs] [Times: user=0.00 sys=0.00, real=0.00 secs] 
{Heap before GC invocations=428 (full 853):
 par new generation   total 157248K, used 0K [0x00000000e0000000, 0x00000000eaaa0000, 0x00000000eaaa0000)
  eden space 139776K,   0% used [0x00000000e0000000, 0x00000000e0000000, 0x00000000e8880000)
  from space 17472K,   0% used [0x00000000e8880000, 0x00000000e8880000, 0x00000000e9990000)
  to   space 17472K,   0% used [0x00000000e9990000, 0x00000000e9990000, 0x00000000eaaa0000)
 concurrent mark-sweep generation total 349568K, used 205856K [0x00000000eaaa0000, 0x0000000100000000, 0x0000000100000000)
 Metaspace       used 3957K, capacity 4568K, committed 4864K, reserved 1056768K
  class space    used 431K, capacity 460K, committed 512K, reserved 1048576K
2024-07-23T00:26:10.800+0800: 19.457: [GC (Allocation Failure) 2024-07-23T00:26:10.800+0800: 19.457: [ParNew
Desired survivor size 8945664 bytes, new threshold 6 (max 6)
: 0K->0K(157248K), 0.0018098 secs]2024-07-23T00:26:10.802+0800: 19.459: [CMS: 205856K->1056K(349568K), 0.0029371 secs] 205856K->1056K(506816K), [Metaspace: 3957K->3957K(1056768K)], 0.0048940 secs] [Times: user=0.00 sys=0.00, real=0.01 secs] 
Heap after GC invocations=429 (full 854):
 par new generation   total 157248K, used 0K [0x00000000e0000000, 0x00000000eaaa0000, 0x00000000eaaa0000)
  eden space 139776K,   0% used [0x00000000e0000000, 0x00000000e0000000, 0x00000000e8880000)
  from space 17472K,   0% used [0x00000000e9990000, 0x00000000e9990000, 0x00000000eaaa0000)
  to   space 17472K,   0% used [0x00000000e8880000, 0x00000000e8880000, 0x00000000e9990000)
 concurrent mark-sweep generation total 349568K, used 1056K [0x00000000eaaa0000, 0x0000000100000000, 0x0000000100000000)
 Metaspace       used 3957K, capacity 4568K, committed 4864K, reserved 1056768K
  class space    used 431K, capacity 460K, committed 512K, reserved 1048576K
}
2024-07-23T00:26:10.805+0800: 19.462: Total time for which application threads were stopped: 0.0050376 seconds, Stopping threads took: 0.0000313 seconds
2024-07-23T00:26:10.822+0800: 19.479: [GC (CMS Initial Mark) [1 CMS-initial-mark: 205856K(349568K)] 205856K(506816K), 0.0013883 secs] [Times: user=0.00 sys=0.00, real=0.00 secs] 
2024-07-23T00:26:10.824+0800: 19.480: Total time for which application threads were stopped: 0.0181081 seconds, Stopping threads took: 0.0166650 seconds
2024-07-23T00:26:10.824+0800: 19.480: [CMS-concurrent-mark-start]
2024-07-23T00:26:10.825+0800: 19.482: [CMS-concurrent-mark: 0.001/0.001 secs] [Times: user=0.03 sys=0.00, real=0.00 secs] 
2024-07-23T00:26:10.825+0800: 19.482: [CMS-concurrent-preclean-start]
2024-07-23T00:26:10.825+0800: 19.482: [CMS-concurrent-preclean: 0.000/0.000 secs] [Times: user=0.00 sys=0.00, real=0.00 secs] 
2024-07-23T00:26:10.826+0800: 19.482: [GC (CMS Final Remark) [YG occupancy: 0 K (157248 K)]2024-07-23T00:26:10.826+0800: 19.482: [Rescan (parallel) , 0.0004915 secs]2024-07-23T00:26:10.826+0800: 19.483: [weak refs processing, 0.0000067 secs]2024-07-23T00:26:10.826+0800: 19.483: [class unloading, 0.0001980 secs]2024-07-23T00:26:10.826+0800: 19.483: [scrub symbol table, 0.0003255 secs]2024-07-23T00:26:10.827+0800: 19.483: [scrub string table, 0.0000953 secs][1 CMS-remark: 205856K(349568K)] 205856K(506816K), 0.0011507 secs] [Times: user=0.00 sys=0.00, real=0.00 secs] 
2024-07-23T00:26:10.827+0800: 19.483: Total time for which application threads were stopped: 0.0011867 seconds, Stopping threads took: 0.0000140 seconds
2024-07-23T00:26:10.827+0800: 19.483: [CMS-concurrent-sweep-start]
2024-07-23T00:26:10.827+0800: 19.484: [CMS-concurrent-sweep: 0.000/0.000 secs] [Times: user=0.00 sys=0.00, real=0.00 secs] 
2024-07-23T00:26:10.827+0800: 19.484: [CMS-concurrent-reset-start]
2024-07-23T00:26:10.827+0800: 19.484: [CMS-concurrent-reset: 0.000/0.000 secs] [Times: user=0.00 sys=0.00, real=0.00 secs] 
{Heap before GC invocations=429 (full 855):
 par new generation   total 157248K, used 0K [0x00000000e0000000, 0x00000000eaaa0000, 0x00000000eaaa0000)
  eden space 139776K,   0% used [0x00000000e0000000, 0x00000000e0000000, 0x00000000e8880000)
  from space 17472K,   0% used [0x00000000e9990000, 0x00000000e9990000, 0x00000000eaaa0000)
  to   space 17472K,   0% used [0x00000000e8880000, 0x00000000e8880000, 0x00000000e9990000)
 concurrent mark-sweep generation total 349568K, used 205856K [0x00000000eaaa0000, 0x0000000100000000, 0x0000000100000000)
 Metaspace       used 3957K, capacity 4568K, committed 4864K, reserved 1056768K
  class space    used 431K, capacity 460K, committed 512K, reserved 1048576K
2024-07-23T00:26:10.847+0800: 19.504: [GC (Allocation Failure) 2024-07-23T00:26:10.847+0800: 19.504: [ParNew
Desired survivor size 8945664 bytes, new threshold 6 (max 6)
: 0K->0K(157248K), 0.0030091 secs]2024-07-23T00:26:10.850+0800: 19.507: [CMS: 205856K->1056K(349568K), 0.0038128 secs] 205856K->1056K(506816K), [Metaspace: 3957K->3957K(1056768K)], 0.0069690 secs] [Times: user=0.00 sys=0.00, real=0.01 secs] 
Heap after GC invocations=430 (full 856):
 par new generation   total 157248K, used 0K [0x00000000e0000000, 0x00000000eaaa0000, 0x00000000eaaa0000)
  eden space 139776K,   0% used [0x00000000e0000000, 0x00000000e0000000, 0x00000000e8880000)
  from space 17472K,   0% used [0x00000000e8880000, 0x00000000e8880000, 0x00000000e9990000)
  to   space 17472K,   0% used [0x00000000e9990000, 0x00000000e9990000, 0x00000000eaaa0000)
 concurrent mark-sweep generation total 349568K, used 1056K [0x00000000eaaa0000, 0x0000000100000000, 0x0000000100000000)
 Metaspace       used 3957K, capacity 4568K, committed 4864K, reserved 1056768K
  class space    used 431K, capacity 460K, committed 512K, reserved 1048576K
}
2024-07-23T00:26:10.854+0800: 19.511: Total time for which application threads were stopped: 0.0072014 seconds, Stopping threads took: 0.0000419 seconds
2024-07-23T00:26:10.871+0800: 19.528: [GC (CMS Initial Mark) [1 CMS-initial-mark: 205856K(349568K)] 205856K(506816K), 0.0010877 secs] [Times: user=0.00 sys=0.00, real=0.00 secs] 
2024-07-23T00:26:10.872+0800: 19.529: Total time for which application threads were stopped: 0.0175318 seconds, Stopping threads took: 0.0163829 seconds
2024-07-23T00:26:10.872+0800: 19.529: [CMS-concurrent-mark-start]
2024-07-23T00:26:10.874+0800: 19.530: [CMS-concurrent-mark: 0.001/0.001 secs] [Times: user=0.00 sys=0.00, real=0.00 secs] 
2024-07-23T00:26:10.874+0800: 19.530: [CMS-concurrent-preclean-start]
2024-07-23T00:26:10.874+0800: 19.531: [CMS-concurrent-preclean: 0.000/0.000 secs] [Times: user=0.00 sys=0.00, real=0.00 secs] 
2024-07-23T00:26:10.874+0800: 19.531: [GC (CMS Final Remark) [YG occupancy: 0 K (157248 K)]2024-07-23T00:26:10.874+0800: 19.531: [Rescan (parallel) , 0.0006666 secs]2024-07-23T00:26:10.875+0800: 19.532: [weak refs processing, 0.0000123 secs]2024-07-23T00:26:10.875+0800: 19.532: [class unloading, 0.0002556 secs]2024-07-23T00:26:10.875+0800: 19.532: [scrub symbol table, 0.0003832 secs]2024-07-23T00:26:10.876+0800: 19.533: [scrub string table, 0.0000901 secs][1 CMS-remark: 205856K(349568K)] 205856K(506816K), 0.0014625 secs] [Times: user=0.00 sys=0.00, real=0.00 secs] 
2024-07-23T00:26:10.876+0800: 19.533: Total time for which application threads were stopped: 0.0015018 seconds, Stopping threads took: 0.0000163 seconds
2024-07-23T00:26:10.876+0800: 19.533: [CMS-concurrent-sweep-start]
2024-07-23T00:26:10.876+0800: 19.533: [CMS-concurrent-sweep: 0.000/0.000 secs] [Times: user=0.00 sys=0.00, real=0.00 secs] 
2024-07-23T00:26:10.876+0800: 19.533: [CMS-concurrent-reset-start]
2024-07-23T00:26:10.877+0800: 19.533: [CMS-concurrent-reset: 0.000/0.000 secs] [Times: user=0.00 sys=0.00, real=0.00 secs] 
{Heap before GC invocations=430 (full 857):
 par new generation   total 157248K, used 0K [0x00000000e0000000, 0x00000000eaaa0000, 0x00000000eaaa0000)
  eden space 139776K,   0% used [0x00000000e0000000, 0x00000000e0000000, 0x00000000e8880000)
  from space 17472K,   0% used [0x00000000e8880000, 0x00000000e8880000, 0x00000000e9990000)
  to   space 17472K,   0% used [0x00000000e9990000, 0x00000000e9990000, 0x00000000eaaa0000)
 concurrent mark-sweep generation total 349568K, used 205856K [0x00000000eaaa0000, 0x0000000100000000, 0x0000000100000000)
 Metaspace       used 3957K, capacity 4568K, committed 4864K, reserved 1056768K
  class space    used 431K, capacity 460K, committed 512K, reserved 1048576K
2024-07-23T00:26:10.895+0800: 19.552: [GC (Allocation Failure) 2024-07-23T00:26:10.895+0800: 19.552: [ParNew
Desired survivor size 8945664 bytes, new threshold 6 (max 6)
: 0K->0K(157248K), 0.0028856 secs]2024-07-23T00:26:10.898+0800: 19.555: [CMS: 205856K->1056K(349568K), 0.0037279 secs] 205856K->1056K(506816K), [Metaspace: 3957K->3957K(1056768K)], 0.0068726 secs] [Times: user=0.00 sys=0.00, real=0.01 secs] 
Heap after GC invocations=431 (full 858):
 par new generation   total 157248K, used 0K [0x00000000e0000000, 0x00000000eaaa0000, 0x00000000eaaa0000)
  eden space 139776K,   0% used [0x00000000e0000000, 0x00000000e0000000, 0x00000000e8880000)
  from space 17472K,   0% used [0x00000000e9990000, 0x00000000e9990000, 0x00000000eaaa0000)
  to   space 17472K,   0% used [0x00000000e8880000, 0x00000000e8880000, 0x00000000e9990000)
 concurrent mark-sweep generation total 349568K, used 1056K [0x00000000eaaa0000, 0x0000000100000000, 0x0000000100000000)
 Metaspace       used 3957K, capacity 4568K, committed 4864K, reserved 1056768K
  class space    used 431K, capacity 460K, committed 512K, reserved 1048576K
}
2024-07-23T00:26:10.902+0800: 19.559: Total time for which application threads were stopped: 0.0070958 seconds, Stopping threads took: 0.0000453 seconds
2024-07-23T00:26:10.920+0800: 19.576: [GC (CMS Initial Mark) [1 CMS-initial-mark: 205856K(349568K)] 205856K(506816K), 0.0011949 secs] [Times: user=0.00 sys=0.00, real=0.00 secs] 
2024-07-23T00:26:10.921+0800: 19.578: Total time for which application threads were stopped: 0.0186200 seconds, Stopping threads took: 0.0173432 seconds
2024-07-23T00:26:10.921+0800: 19.578: [CMS-concurrent-mark-start]
2024-07-23T00:26:10.922+0800: 19.579: [CMS-concurrent-mark: 0.001/0.001 secs] [Times: user=0.00 sys=0.00, real=0.00 secs] 
2024-07-23T00:26:10.922+0800: 19.579: [CMS-concurrent-preclean-start]
2024-07-23T00:26:10.922+0800: 19.579: [CMS-concurrent-preclean: 0.000/0.000 secs] [Times: user=0.00 sys=0.00, real=0.00 secs] 
2024-07-23T00:26:10.923+0800: 19.579: [GC (CMS Final Remark) [YG occupancy: 0 K (157248 K)]2024-07-23T00:26:10.923+0800: 19.579: [Rescan (parallel) , 0.0008066 secs]2024-07-23T00:26:10.924+0800: 19.580: [weak refs processing, 0.0000115 secs]2024-07-23T00:26:10.924+0800: 19.580: [class unloading, 0.0002494 secs]2024-07-23T00:26:10.924+0800: 19.581: [scrub symbol table, 0.0003764 secs]2024-07-23T00:26:10.924+0800: 19.581: [scrub string table, 0.0001126 secs][1 CMS-remark: 205856K(349568K)] 205856K(506816K), 0.0016088 secs] [Times: user=0.00 sys=0.00, real=0.00 secs] 
2024-07-23T00:26:10.924+0800: 19.581: Total time for which application threads were stopped: 0.0016595 seconds, Stopping threads took: 0.0000133 seconds
2024-07-23T00:26:10.924+0800: 19.581: [CMS-concurrent-sweep-start]
2024-07-23T00:26:10.925+0800: 19.581: [CMS-concurrent-sweep: 0.000/0.000 secs] [Times: user=0.00 sys=0.00, real=0.00 secs] 
2024-07-23T00:26:10.925+0800: 19.581: [CMS-concurrent-reset-start]
2024-07-23T00:26:10.925+0800: 19.582: [CMS-concurrent-reset: 0.000/0.000 secs] [Times: user=0.00 sys=0.00, real=0.00 secs] 
{Heap before GC invocations=431 (full 859):
 par new generation   total 157248K, used 0K [0x00000000e0000000, 0x00000000eaaa0000, 0x00000000eaaa0000)
  eden space 139776K,   0% used [0x00000000e0000000, 0x00000000e0000000, 0x00000000e8880000)
  from space 17472K,   0% used [0x00000000e9990000, 0x00000000e9990000, 0x00000000eaaa0000)
  to   space 17472K,   0% used [0x00000000e8880000, 0x00000000e8880000, 0x00000000e9990000)
 concurrent mark-sweep generation total 349568K, used 205856K [0x00000000eaaa0000, 0x0000000100000000, 0x0000000100000000)
 Metaspace       used 3957K, capacity 4568K, committed 4864K, reserved 1056768K
  class space    used 431K, capacity 460K, committed 512K, reserved 1048576K
2024-07-23T00:26:10.942+0800: 19.599: [GC (Allocation Failure) 2024-07-23T00:26:10.942+0800: 19.599: [ParNew
Desired survivor size 8945664 bytes, new threshold 6 (max 6)
: 0K->0K(157248K), 0.0017703 secs]2024-07-23T00:26:10.944+0800: 19.601: [CMS: 205856K->1056K(349568K), 0.0031055 secs] 205856K->1056K(506816K), [Metaspace: 3957K->3957K(1056768K)], 0.0049834 secs] [Times: user=0.00 sys=0.00, real=0.01 secs] 
Heap after GC invocations=432 (full 860):
 par new generation   total 157248K, used 0K [0x00000000e0000000, 0x00000000eaaa0000, 0x00000000eaaa0000)
  eden space 139776K,   0% used [0x00000000e0000000, 0x00000000e0000000, 0x00000000e8880000)
  from space 17472K,   0% used [0x00000000e8880000, 0x00000000e8880000, 0x00000000e9990000)
  to   space 17472K,   0% used [0x00000000e9990000, 0x00000000e9990000, 0x00000000eaaa0000)
 concurrent mark-sweep generation total 349568K, used 1056K [0x00000000eaaa0000, 0x0000000100000000, 0x0000000100000000)
 Metaspace       used 3957K, capacity 4568K, committed 4864K, reserved 1056768K
  class space    used 431K, capacity 460K, committed 512K, reserved 1048576K
}
2024-07-23T00:26:10.947+0800: 19.604: Total time for which application threads were stopped: 0.0051312 seconds, Stopping threads took: 0.0000265 seconds
2024-07-23T00:26:10.963+0800: 19.621: [GC (CMS Initial Mark) [1 CMS-initial-mark: 205856K(349568K)] 205856K(506816K), 0.0011897 secs] [Times: user=0.00 sys=0.00, real=0.00 secs] 
2024-07-23T00:26:10.965+0800: 19.622: Total time for which application threads were stopped: 0.0179376 seconds, Stopping threads took: 0.0166563 seconds
2024-07-23T00:26:10.965+0800: 19.622: [CMS-concurrent-mark-start]
2024-07-23T00:26:10.966+0800: 19.623: [CMS-concurrent-mark: 0.001/0.001 secs] [Times: user=0.00 sys=0.00, real=0.00 secs] 
2024-07-23T00:26:10.966+0800: 19.623: [CMS-concurrent-preclean-start]
2024-07-23T00:26:10.966+0800: 19.624: [CMS-concurrent-preclean: 0.000/0.000 secs] [Times: user=0.00 sys=0.00, real=0.00 secs] 
2024-07-23T00:26:10.966+0800: 19.624: [GC (CMS Final Remark) [YG occupancy: 0 K (157248 K)]2024-07-23T00:26:10.966+0800: 19.624: [Rescan (parallel) , 0.0006323 secs]2024-07-23T00:26:10.968+0800: 19.624: [weak refs processing, 0.0000126 secs]2024-07-23T00:26:10.968+0800: 19.624: [class unloading, 0.0002416 secs]2024-07-23T00:26:10.968+0800: 19.625: [scrub symbol table, 0.0003732 secs]2024-07-23T00:26:10.968+0800: 19.625: [scrub string table, 0.0001117 secs][1 CMS-remark: 205856K(349568K)] 205856K(506816K), 0.0014288 secs] [Times: user=0.00 sys=0.00, real=0.00 secs] 
2024-07-23T00:26:10.968+0800: 19.625: Total time for which application threads were stopped: 0.0014812 seconds, Stopping threads took: 0.0000176 seconds
2024-07-23T00:26:10.968+0800: 19.625: [CMS-concurrent-sweep-start]
2024-07-23T00:26:10.969+0800: 19.625: [CMS-concurrent-sweep: 0.000/0.000 secs] [Times: user=0.00 sys=0.00, real=0.00 secs] 
2024-07-23T00:26:10.969+0800: 19.625: [CMS-concurrent-reset-start]
2024-07-23T00:26:10.969+0800: 19.626: [CMS-concurrent-reset: 0.000/0.000 secs] [Times: user=0.00 sys=0.00, real=0.00 secs] 
{Heap before GC invocations=432 (full 861):
 par new generation   total 157248K, used 0K [0x00000000e0000000, 0x00000000eaaa0000, 0x00000000eaaa0000)
  eden space 139776K,   0% used [0x00000000e0000000, 0x00000000e0000000, 0x00000000e8880000)
  from space 17472K,   0% used [0x00000000e8880000, 0x00000000e8880000, 0x00000000e9990000)
  to   space 17472K,   0% used [0x00000000e9990000, 0x00000000e9990000, 0x00000000eaaa0000)
 concurrent mark-sweep generation total 349568K, used 205856K [0x00000000eaaa0000, 0x0000000100000000, 0x0000000100000000)
 Metaspace       used 3957K, capacity 4568K, committed 4864K, reserved 1056768K
  class space    used 431K, capacity 460K, committed 512K, reserved 1048576K
2024-07-23T00:26:10.989+0800: 19.646: [GC (Allocation Failure) 2024-07-23T00:26:10.989+0800: 19.646: [ParNew
Desired survivor size 8945664 bytes, new threshold 6 (max 6)
: 0K->0K(157248K), 0.0019429 secs]2024-07-23T00:26:10.990+0800: 19.648: [CMS: 205856K->1056K(349568K), 0.0042457 secs] 205856K->1056K(506816K), [Metaspace: 3957K->3957K(1056768K)], 0.0063873 secs] [Times: user=0.00 sys=0.00, real=0.01 secs] 
Heap after GC invocations=433 (full 862):
 par new generation   total 157248K, used 0K [0x00000000e0000000, 0x00000000eaaa0000, 0x00000000eaaa0000)
  eden space 139776K,   0% used [0x00000000e0000000, 0x00000000e0000000, 0x00000000e8880000)
  from space 17472K,   0% used [0x00000000e9990000, 0x00000000e9990000, 0x00000000eaaa0000)
  to   space 17472K,   0% used [0x00000000e8880000, 0x00000000e8880000, 0x00000000e9990000)
 concurrent mark-sweep generation total 349568K, used 1056K [0x00000000eaaa0000, 0x0000000100000000, 0x0000000100000000)
 Metaspace       used 3957K, capacity 4568K, committed 4864K, reserved 1056768K
  class space    used 431K, capacity 460K, committed 512K, reserved 1048576K
}
2024-07-23T00:26:10.996+0800: 19.652: Total time for which application threads were stopped: 0.0066294 seconds, Stopping threads took: 0.0000391 seconds
2024-07-23T00:26:11.012+0800: 19.670: [GC (CMS Initial Mark) [1 CMS-initial-mark: 205856K(349568K)] 205856K(506816K), 0.0014028 secs] [Times: user=0.00 sys=0.00, real=0.00 secs] 
2024-07-23T00:26:11.014+0800: 19.671: Total time for which application threads were stopped: 0.0188714 seconds, Stopping threads took: 0.0173568 seconds
2024-07-23T00:26:11.014+0800: 19.671: [CMS-concurrent-mark-start]
2024-07-23T00:26:11.015+0800: 19.672: [CMS-concurrent-mark: 0.001/0.001 secs] [Times: user=0.00 sys=0.00, real=0.00 secs] 
2024-07-23T00:26:11.015+0800: 19.672: [CMS-concurrent-preclean-start]
2024-07-23T00:26:11.015+0800: 19.673: [CMS-concurrent-preclean: 0.000/0.000 secs] [Times: user=0.00 sys=0.00, real=0.00 secs] 
2024-07-23T00:26:11.016+0800: 19.673: [GC (CMS Final Remark) [YG occupancy: 0 K (157248 K)]2024-07-23T00:26:11.016+0800: 19.673: [Rescan (parallel) , 0.0009622 secs]2024-07-23T00:26:11.017+0800: 19.674: [weak refs processing, 0.0000121 secs]2024-07-23T00:26:11.017+0800: 19.674: [class unloading, 0.0002488 secs]2024-07-23T00:26:11.017+0800: 19.674: [scrub symbol table, 0.0003887 secs]2024-07-23T00:26:11.017+0800: 19.675: [scrub string table, 0.0001181 secs][1 CMS-remark: 205856K(349568K)] 205856K(506816K), 0.0017879 secs] [Times: user=0.00 sys=0.00, real=0.00 secs] 
2024-07-23T00:26:11.017+0800: 19.675: Total time for which application threads were stopped: 0.0018484 seconds, Stopping threads took: 0.0000174 seconds
2024-07-23T00:26:11.018+0800: 19.675: [CMS-concurrent-sweep-start]
2024-07-23T00:26:11.018+0800: 19.675: [CMS-concurrent-sweep: 0.000/0.000 secs] [Times: user=0.00 sys=0.00, real=0.00 secs] 
2024-07-23T00:26:11.018+0800: 19.675: [CMS-concurrent-reset-start]
2024-07-23T00:26:11.018+0800: 19.676: [CMS-concurrent-reset: 0.000/0.000 secs] [Times: user=0.00 sys=0.00, real=0.00 secs] 
{Heap before GC invocations=433 (full 863):
 par new generation   total 157248K, used 0K [0x00000000e0000000, 0x00000000eaaa0000, 0x00000000eaaa0000)
  eden space 139776K,   0% used [0x00000000e0000000, 0x00000000e0000000, 0x00000000e8880000)
  from space 17472K,   0% used [0x00000000e9990000, 0x00000000e9990000, 0x00000000eaaa0000)
  to   space 17472K,   0% used [0x00000000e8880000, 0x00000000e8880000, 0x00000000e9990000)
 concurrent mark-sweep generation total 349568K, used 205856K [0x00000000eaaa0000, 0x0000000100000000, 0x0000000100000000)
 Metaspace       used 3957K, capacity 4568K, committed 4864K, reserved 1056768K
  class space    used 431K, capacity 460K, committed 512K, reserved 1048576K
2024-07-23T00:26:11.036+0800: 19.693: [GC (Allocation Failure) 2024-07-23T00:26:11.036+0800: 19.693: [ParNew
Desired survivor size 8945664 bytes, new threshold 6 (max 6)
: 0K->0K(157248K), 0.0028032 secs]2024-07-23T00:26:11.039+0800: 19.696: [CMS: 205856K->1056K(349568K), 0.0067822 secs] 205856K->1056K(506816K), [Metaspace: 3957K->3957K(1056768K)], 0.0098668 secs] [Times: user=0.00 sys=0.00, real=0.01 secs] 
Heap after GC invocations=434 (full 864):
 par new generation   total 157248K, used 0K [0x00000000e0000000, 0x00000000eaaa0000, 0x00000000eaaa0000)
  eden space 139776K,   0% used [0x00000000e0000000, 0x00000000e0000000, 0x00000000e8880000)
  from space 17472K,   0% used [0x00000000e8880000, 0x00000000e8880000, 0x00000000e9990000)
  to   space 17472K,   0% used [0x00000000e9990000, 0x00000000e9990000, 0x00000000eaaa0000)
 concurrent mark-sweep generation total 349568K, used 1056K [0x00000000eaaa0000, 0x0000000100000000, 0x0000000100000000)
 Metaspace       used 3957K, capacity 4568K, committed 4864K, reserved 1056768K
  class space    used 431K, capacity 460K, committed 512K, reserved 1048576K
}
2024-07-23T00:26:11.046+0800: 19.703: Total time for which application threads were stopped: 0.0103310 seconds, Stopping threads took: 0.0000920 seconds
2024-07-23T00:26:11.067+0800: 19.724: [GC (CMS Initial Mark) [1 CMS-initial-mark: 205856K(349568K)] 205856K(506816K), 0.0004764 secs] [Times: user=0.00 sys=0.00, real=0.00 secs] 
2024-07-23T00:26:11.067+0800: 19.724: Total time for which application threads were stopped: 0.0212946 seconds, Stopping threads took: 0.0207483 seconds
2024-07-23T00:26:11.067+0800: 19.724: [CMS-concurrent-mark-start]
2024-07-23T00:26:11.069+0800: 19.726: [CMS-concurrent-mark: 0.001/0.001 secs] [Times: user=0.00 sys=0.00, real=0.00 secs] 
2024-07-23T00:26:11.069+0800: 19.726: [CMS-concurrent-preclean-start]
2024-07-23T00:26:11.069+0800: 19.727: [CMS-concurrent-preclean: 0.001/0.001 secs] [Times: user=0.00 sys=0.00, real=0.00 secs] 
2024-07-23T00:26:11.070+0800: 19.727: [GC (CMS Final Remark) [YG occupancy: 0 K (157248 K)]2024-07-23T00:26:11.070+0800: 19.727: [Rescan (parallel) , 0.0004017 secs]2024-07-23T00:26:11.070+0800: 19.727: [weak refs processing, 0.0000130 secs]2024-07-23T00:26:11.070+0800: 19.727: [class unloading, 0.0002554 secs]2024-07-23T00:26:11.070+0800: 19.728: [scrub symbol table, 0.0003880 secs]2024-07-23T00:26:11.071+0800: 19.728: [scrub string table, 0.0001362 secs][1 CMS-remark: 205856K(349568K)] 205856K(506816K), 0.0012656 secs] [Times: user=0.00 sys=0.00, real=0.00 secs] 
2024-07-23T00:26:11.071+0800: 19.728: Total time for which application threads were stopped: 0.0013258 seconds, Stopping threads took: 0.0000165 seconds
2024-07-23T00:26:11.071+0800: 19.728: [CMS-concurrent-sweep-start]
2024-07-23T00:26:11.071+0800: 19.728: [CMS-concurrent-sweep: 0.000/0.000 secs] [Times: user=0.00 sys=0.00, real=0.00 secs] 
2024-07-23T00:26:11.071+0800: 19.728: [CMS-concurrent-reset-start]
2024-07-23T00:26:11.072+0800: 19.729: [CMS-concurrent-reset: 0.000/0.000 secs] [Times: user=0.00 sys=0.00, real=0.00 secs] 
{Heap before GC invocations=434 (full 865):
 par new generation   total 157248K, used 0K [0x00000000e0000000, 0x00000000eaaa0000, 0x00000000eaaa0000)
  eden space 139776K,   0% used [0x00000000e0000000, 0x00000000e0000000, 0x00000000e8880000)
  from space 17472K,   0% used [0x00000000e8880000, 0x00000000e8880000, 0x00000000e9990000)
  to   space 17472K,   0% used [0x00000000e9990000, 0x00000000e9990000, 0x00000000eaaa0000)
 concurrent mark-sweep generation total 349568K, used 205856K [0x00000000eaaa0000, 0x0000000100000000, 0x0000000100000000)
 Metaspace       used 3957K, capacity 4568K, committed 4864K, reserved 1056768K
  class space    used 431K, capacity 460K, committed 512K, reserved 1048576K
2024-07-23T00:26:11.083+0800: 19.740: [GC (Allocation Failure) 2024-07-23T00:26:11.083+0800: 19.740: [ParNew
Desired survivor size 8945664 bytes, new threshold 6 (max 6)
: 0K->0K(157248K), 0.0015773 secs]2024-07-23T00:26:11.084+0800: 19.742: [CMS: 205856K->1056K(349568K), 0.0030586 secs] 205856K->1056K(506816K), [Metaspace: 3957K->3957K(1056768K)], 0.0047329 secs] [Times: user=0.00 sys=0.00, real=0.01 secs] 
Heap after GC invocations=435 (full 866):
 par new generation   total 157248K, used 0K [0x00000000e0000000, 0x00000000eaaa0000, 0x00000000eaaa0000)
  eden space 139776K,   0% used [0x00000000e0000000, 0x00000000e0000000, 0x00000000e8880000)
  from space 17472K,   0% used [0x00000000e9990000, 0x00000000e9990000, 0x00000000eaaa0000)
  to   space 17472K,   0% used [0x00000000e8880000, 0x00000000e8880000, 0x00000000e9990000)
 concurrent mark-sweep generation total 349568K, used 1056K [0x00000000eaaa0000, 0x0000000100000000, 0x0000000100000000)
 Metaspace       used 3957K, capacity 4568K, committed 4864K, reserved 1056768K
  class space    used 431K, capacity 460K, committed 512K, reserved 1048576K
}
2024-07-23T00:26:11.088+0800: 19.745: Total time for which application threads were stopped: 0.0048625 seconds, Stopping threads took: 0.0000285 seconds
2024-07-23T00:26:11.105+0800: 19.763: [GC (CMS Initial Mark) [1 CMS-initial-mark: 205856K(349568K)] 205856K(506816K), 0.0002643 secs] [Times: user=0.02 sys=0.00, real=0.00 secs] 
2024-07-23T00:26:11.106+0800: 19.763: Total time for which application threads were stopped: 0.0180055 seconds, Stopping threads took: 0.0176867 seconds
2024-07-23T00:26:11.106+0800: 19.763: [CMS-concurrent-mark-start]
2024-07-23T00:26:11.107+0800: 19.764: [CMS-concurrent-mark: 0.001/0.001 secs] [Times: user=0.00 sys=0.00, real=0.00 secs] 
2024-07-23T00:26:11.107+0800: 19.764: [CMS-concurrent-preclean-start]
2024-07-23T00:26:11.108+0800: 19.765: [CMS-concurrent-preclean: 0.000/0.000 secs] [Times: user=0.00 sys=0.00, real=0.00 secs] 
2024-07-23T00:26:11.108+0800: 19.765: [GC (CMS Final Remark) [YG occupancy: 0 K (157248 K)]2024-07-23T00:26:11.108+0800: 19.765: [Rescan (parallel) , 0.0002168 secs]2024-07-23T00:26:11.108+0800: 19.765: [weak refs processing, 0.0000117 secs]2024-07-23T00:26:11.108+0800: 19.765: [class unloading, 0.0002509 secs]2024-07-23T00:26:11.108+0800: 19.765: [scrub symbol table, 0.0003687 secs]2024-07-23T00:26:11.109+0800: 19.766: [scrub string table, 0.0001028 secs][1 CMS-remark: 205856K(349568K)] 205856K(506816K), 0.0010016 secs] [Times: user=0.00 sys=0.00, real=0.00 secs] 
2024-07-23T00:26:11.109+0800: 19.766: Total time for which application threads were stopped: 0.0010358 seconds, Stopping threads took: 0.0000135 seconds
2024-07-23T00:26:11.109+0800: 19.766: [CMS-concurrent-sweep-start]
2024-07-23T00:26:11.109+0800: 19.766: [CMS-concurrent-sweep: 0.000/0.000 secs] [Times: user=0.00 sys=0.00, real=0.00 secs] 
2024-07-23T00:26:11.109+0800: 19.766: [CMS-concurrent-reset-start]
2024-07-23T00:26:11.109+0800: 19.766: [CMS-concurrent-reset: 0.000/0.000 secs] [Times: user=0.00 sys=0.00, real=0.00 secs] 
{Heap before GC invocations=435 (full 867):
 par new generation   total 157248K, used 0K [0x00000000e0000000, 0x00000000eaaa0000, 0x00000000eaaa0000)
  eden space 139776K,   0% used [0x00000000e0000000, 0x00000000e0000000, 0x00000000e8880000)
  from space 17472K,   0% used [0x00000000e9990000, 0x00000000e9990000, 0x00000000eaaa0000)
  to   space 17472K,   0% used [0x00000000e8880000, 0x00000000e8880000, 0x00000000e9990000)
 concurrent mark-sweep generation total 349568K, used 205856K [0x00000000eaaa0000, 0x0000000100000000, 0x0000000100000000)
 Metaspace       used 3957K, capacity 4568K, committed 4864K, reserved 1056768K
  class space    used 431K, capacity 460K, committed 512K, reserved 1048576K
2024-07-23T00:26:11.129+0800: 19.786: [GC (Allocation Failure) 2024-07-23T00:26:11.129+0800: 19.786: [ParNew
Desired survivor size 8945664 bytes, new threshold 6 (max 6)
: 0K->0K(157248K), 0.0007045 secs]2024-07-23T00:26:11.130+0800: 19.787: [CMS: 205856K->1056K(349568K), 0.0035520 secs] 205856K->1056K(506816K), [Metaspace: 3957K->3957K(1056768K)], 0.0043988 secs] [Times: user=0.00 sys=0.00, real=0.00 secs] 
Heap after GC invocations=436 (full 868):
 par new generation   total 157248K, used 0K [0x00000000e0000000, 0x00000000eaaa0000, 0x00000000eaaa0000)
  eden space 139776K,   0% used [0x00000000e0000000, 0x00000000e0000000, 0x00000000e8880000)
  from space 17472K,   0% used [0x00000000e8880000, 0x00000000e8880000, 0x00000000e9990000)
  to   space 17472K,   0% used [0x00000000e9990000, 0x00000000e9990000, 0x00000000eaaa0000)
 concurrent mark-sweep generation total 349568K, used 1056K [0x00000000eaaa0000, 0x0000000100000000, 0x0000000100000000)
 Metaspace       used 3957K, capacity 4568K, committed 4864K, reserved 1056768K
  class space    used 431K, capacity 460K, committed 512K, reserved 1048576K
}
2024-07-23T00:26:11.133+0800: 19.791: Total time for which application threads were stopped: 0.0045612 seconds, Stopping threads took: 0.0000284 seconds
2024-07-23T00:26:11.151+0800: 19.809: [GC (CMS Initial Mark) [1 CMS-initial-mark: 205856K(349568K)] 205856K(506816K), 0.0002740 secs] [Times: user=0.00 sys=0.00, real=0.00 secs] 
2024-07-23T00:26:11.152+0800: 19.809: Total time for which application threads were stopped: 0.0183578 seconds, Stopping threads took: 0.0180005 seconds
2024-07-23T00:26:11.152+0800: 19.809: [CMS-concurrent-mark-start]
2024-07-23T00:26:11.154+0800: 19.811: [CMS-concurrent-mark: 0.001/0.001 secs] [Times: user=0.02 sys=0.00, real=0.00 secs] 
2024-07-23T00:26:11.154+0800: 19.811: [CMS-concurrent-preclean-start]
2024-07-23T00:26:11.154+0800: 19.811: [CMS-concurrent-preclean: 0.000/0.000 secs] [Times: user=0.00 sys=0.00, real=0.00 secs] 
2024-07-23T00:26:11.154+0800: 19.811: [GC (CMS Final Remark) [YG occupancy: 0 K (157248 K)]2024-07-23T00:26:11.154+0800: 19.811: [Rescan (parallel) , 0.0002402 secs]2024-07-23T00:26:11.154+0800: 19.811: [weak refs processing, 0.0000100 secs]2024-07-23T00:26:11.154+0800: 19.811: [class unloading, 0.0002535 secs]2024-07-23T00:26:11.154+0800: 19.811: [scrub symbol table, 0.0003633 secs]2024-07-23T00:26:11.155+0800: 19.812: [scrub string table, 0.0000853 secs][1 CMS-remark: 205856K(349568K)] 205856K(506816K), 0.0010095 secs] [Times: user=0.00 sys=0.00, real=0.00 secs] 
2024-07-23T00:26:11.155+0800: 19.812: Total time for which application threads were stopped: 0.0010525 seconds, Stopping threads took: 0.0000169 seconds
2024-07-23T00:26:11.155+0800: 19.812: [CMS-concurrent-sweep-start]
2024-07-23T00:26:11.155+0800: 19.812: [CMS-concurrent-sweep: 0.000/0.000 secs] [Times: user=0.00 sys=0.00, real=0.00 secs] 
2024-07-23T00:26:11.155+0800: 19.812: [CMS-concurrent-reset-start]
2024-07-23T00:26:11.156+0800: 19.813: [CMS-concurrent-reset: 0.000/0.000 secs] [Times: user=0.00 sys=0.00, real=0.00 secs] 
{Heap before GC invocations=436 (full 869):
 par new generation   total 157248K, used 0K [0x00000000e0000000, 0x00000000eaaa0000, 0x00000000eaaa0000)
  eden space 139776K,   0% used [0x00000000e0000000, 0x00000000e0000000, 0x00000000e8880000)
  from space 17472K,   0% used [0x00000000e8880000, 0x00000000e8880000, 0x00000000e9990000)
  to   space 17472K,   0% used [0x00000000e9990000, 0x00000000e9990000, 0x00000000eaaa0000)
 concurrent mark-sweep generation total 349568K, used 205856K [0x00000000eaaa0000, 0x0000000100000000, 0x0000000100000000)
 Metaspace       used 3957K, capacity 4568K, committed 4864K, reserved 1056768K
  class space    used 431K, capacity 460K, committed 512K, reserved 1048576K
2024-07-23T00:26:11.177+0800: 19.833: [GC (Allocation Failure) 2024-07-23T00:26:11.177+0800: 19.833: [ParNew
Desired survivor size 8945664 bytes, new threshold 6 (max 6)
: 0K->0K(157248K), 0.0004847 secs]2024-07-23T00:26:11.177+0800: 19.834: [CMS: 205856K->1056K(349568K), 0.0025853 secs] 205856K->1056K(506816K), [Metaspace: 3957K->3957K(1056768K)], 0.0031591 secs] [Times: user=0.00 sys=0.00, real=0.00 secs] 
Heap after GC invocations=437 (full 870):
 par new generation   total 157248K, used 0K [0x00000000e0000000, 0x00000000eaaa0000, 0x00000000eaaa0000)
  eden space 139776K,   0% used [0x00000000e0000000, 0x00000000e0000000, 0x00000000e8880000)
  from space 17472K,   0% used [0x00000000e9990000, 0x00000000e9990000, 0x00000000eaaa0000)
  to   space 17472K,   0% used [0x00000000e8880000, 0x00000000e8880000, 0x00000000e9990000)
 concurrent mark-sweep generation total 349568K, used 1056K [0x00000000eaaa0000, 0x0000000100000000, 0x0000000100000000)
 Metaspace       used 3957K, capacity 4568K, committed 4864K, reserved 1056768K
  class space    used 431K, capacity 460K, committed 512K, reserved 1048576K
}
2024-07-23T00:26:11.180+0800: 19.837: Total time for which application threads were stopped: 0.0033286 seconds, Stopping threads took: 0.0000371 seconds
2024-07-23T00:26:11.198+0800: 19.855: [GC (CMS Initial Mark) [1 CMS-initial-mark: 205856K(349568K)] 205856K(506816K), 0.0003233 secs] [Times: user=0.00 sys=0.00, real=0.00 secs] 
2024-07-23T00:26:11.198+0800: 19.856: Total time for which application threads were stopped: 0.0189587 seconds, Stopping threads took: 0.0185202 seconds
2024-07-23T00:26:11.198+0800: 19.856: [CMS-concurrent-mark-start]
2024-07-23T00:26:11.200+0800: 19.857: [CMS-concurrent-mark: 0.002/0.002 secs] [Times: user=0.00 sys=0.00, real=0.00 secs] 
2024-07-23T00:26:11.200+0800: 19.857: [CMS-concurrent-preclean-start]
2024-07-23T00:26:11.200+0800: 19.858: [CMS-concurrent-preclean: 0.000/0.000 secs] [Times: user=0.00 sys=0.00, real=0.00 secs] 
2024-07-23T00:26:11.200+0800: 19.858: [GC (CMS Final Remark) [YG occupancy: 0 K (157248 K)]2024-07-23T00:26:11.200+0800: 19.858: [Rescan (parallel) , 0.0002573 secs]2024-07-23T00:26:11.200+0800: 19.858: [weak refs processing, 0.0000085 secs]2024-07-23T00:26:11.200+0800: 19.858: [class unloading, 0.0002062 secs]2024-07-23T00:26:11.201+0800: 19.858: [scrub symbol table, 0.0003491 secs]2024-07-23T00:26:11.201+0800: 19.858: [scrub string table, 0.0000829 secs][1 CMS-remark: 205856K(349568K)] 205856K(506816K), 0.0009504 secs] [Times: user=0.00 sys=0.00, real=0.00 secs] 
2024-07-23T00:26:11.201+0800: 19.859: Total time for which application threads were stopped: 0.0009992 seconds, Stopping threads took: 0.0000198 seconds
2024-07-23T00:26:11.201+0800: 19.859: [CMS-concurrent-sweep-start]
2024-07-23T00:26:11.201+0800: 19.859: [CMS-concurrent-sweep: 0.000/0.000 secs] [Times: user=0.00 sys=0.00, real=0.00 secs] 
2024-07-23T00:26:11.201+0800: 19.859: [CMS-concurrent-reset-start]
2024-07-23T00:26:11.202+0800: 19.859: [CMS-concurrent-reset: 0.000/0.000 secs] [Times: user=0.00 sys=0.00, real=0.00 secs] 
{Heap before GC invocations=437 (full 871):
 par new generation   total 157248K, used 0K [0x00000000e0000000, 0x00000000eaaa0000, 0x00000000eaaa0000)
  eden space 139776K,   0% used [0x00000000e0000000, 0x00000000e0000000, 0x00000000e8880000)
  from space 17472K,   0% used [0x00000000e9990000, 0x00000000e9990000, 0x00000000eaaa0000)
  to   space 17472K,   0% used [0x00000000e8880000, 0x00000000e8880000, 0x00000000e9990000)
 concurrent mark-sweep generation total 349568K, used 205856K [0x00000000eaaa0000, 0x0000000100000000, 0x0000000100000000)
 Metaspace       used 3957K, capacity 4568K, committed 4864K, reserved 1056768K
  class space    used 431K, capacity 460K, committed 512K, reserved 1048576K
2024-07-23T00:26:11.224+0800: 19.881: [GC (Allocation Failure) 2024-07-23T00:26:11.224+0800: 19.881: [ParNew
Desired survivor size 8945664 bytes, new threshold 6 (max 6)
: 0K->0K(157248K), 0.0010824 secs]2024-07-23T00:26:11.225+0800: 19.882: [CMS: 205856K->1056K(349568K), 0.0041121 secs] 205856K->1056K(506816K), [Metaspace: 3957K->3957K(1056768K)], 0.0053402 secs] [Times: user=0.00 sys=0.00, real=0.01 secs] 
Heap after GC invocations=438 (full 872):
 par new generation   total 157248K, used 0K [0x00000000e0000000, 0x00000000eaaa0000, 0x00000000eaaa0000)
  eden space 139776K,   0% used [0x00000000e0000000, 0x00000000e0000000, 0x00000000e8880000)
  from space 17472K,   0% used [0x00000000e8880000, 0x00000000e8880000, 0x00000000e9990000)
  to   space 17472K,   0% used [0x00000000e9990000, 0x00000000e9990000, 0x00000000eaaa0000)
 concurrent mark-sweep generation total 349568K, used 1056K [0x00000000eaaa0000, 0x0000000100000000, 0x0000000100000000)
 Metaspace       used 3957K, capacity 4568K, committed 4864K, reserved 1056768K
  class space    used 431K, capacity 460K, committed 512K, reserved 1048576K
}
2024-07-23T00:26:11.229+0800: 19.886: Total time for which application threads were stopped: 0.0054656 seconds, Stopping threads took: 0.0000279 seconds
2024-07-23T00:26:11.247+0800: 19.904: [GC (CMS Initial Mark) [1 CMS-initial-mark: 205856K(349568K)] 205856K(506816K), 0.0005289 secs] [Times: user=0.00 sys=0.00, real=0.00 secs] 
2024-07-23T00:26:11.247+0800: 19.904: Total time for which application threads were stopped: 0.0177950 seconds, Stopping threads took: 0.0172056 seconds
2024-07-23T00:26:11.247+0800: 19.904: [CMS-concurrent-mark-start]
2024-07-23T00:26:11.248+0800: 19.905: [CMS-concurrent-mark: 0.001/0.001 secs] [Times: user=0.00 sys=0.00, real=0.00 secs] 
2024-07-23T00:26:11.248+0800: 19.905: [CMS-concurrent-preclean-start]
2024-07-23T00:26:11.249+0800: 19.905: [CMS-concurrent-preclean: 0.000/0.000 secs] [Times: user=0.00 sys=0.00, real=0.00 secs] 
2024-07-23T00:26:11.249+0800: 19.906: [GC (CMS Final Remark) [YG occupancy: 0 K (157248 K)]2024-07-23T00:26:11.249+0800: 19.906: [Rescan (parallel) , 0.0006080 secs]2024-07-23T00:26:11.249+0800: 19.906: [weak refs processing, 0.0000119 secs]2024-07-23T00:26:11.249+0800: 19.906: [class unloading, 0.0002574 secs]2024-07-23T00:26:11.250+0800: 19.907: [scrub symbol table, 0.0003716 secs]2024-07-23T00:26:11.250+0800: 19.907: [scrub string table, 0.0001128 secs][1 CMS-remark: 205856K(349568K)] 205856K(506816K), 0.0014118 secs] [Times: user=0.00 sys=0.00, real=0.00 secs] 
2024-07-23T00:26:11.250+0800: 19.907: Total time for which application threads were stopped: 0.0014626 seconds, Stopping threads took: 0.0000158 seconds
2024-07-23T00:26:11.250+0800: 19.907: [CMS-concurrent-sweep-start]
2024-07-23T00:26:11.250+0800: 19.907: [CMS-concurrent-sweep: 0.000/0.000 secs] [Times: user=0.00 sys=0.00, real=0.00 secs] 
2024-07-23T00:26:11.250+0800: 19.907: [CMS-concurrent-reset-start]
2024-07-23T00:26:11.250+0800: 19.908: [CMS-concurrent-reset: 0.000/0.000 secs] [Times: user=0.00 sys=0.00, real=0.00 secs] 
{Heap before GC invocations=438 (full 873):
 par new generation   total 157248K, used 0K [0x00000000e0000000, 0x00000000eaaa0000, 0x00000000eaaa0000)
  eden space 139776K,   0% used [0x00000000e0000000, 0x00000000e0000000, 0x00000000e8880000)
  from space 17472K,   0% used [0x00000000e8880000, 0x00000000e8880000, 0x00000000e9990000)
  to   space 17472K,   0% used [0x00000000e9990000, 0x00000000e9990000, 0x00000000eaaa0000)
 concurrent mark-sweep generation total 349568K, used 205856K [0x00000000eaaa0000, 0x0000000100000000, 0x0000000100000000)
 Metaspace       used 3957K, capacity 4568K, committed 4864K, reserved 1056768K
  class space    used 431K, capacity 460K, committed 512K, reserved 1048576K
2024-07-23T00:26:11.271+0800: 19.928: [GC (Allocation Failure) 2024-07-23T00:26:11.271+0800: 19.928: [ParNew
Desired survivor size 8945664 bytes, new threshold 6 (max 6)
: 0K->0K(157248K), 0.0012191 secs]2024-07-23T00:26:11.272+0800: 19.929: [CMS: 205856K->1056K(349568K), 0.0024290 secs] 205856K->1056K(506816K), [Metaspace: 3957K->3957K(1056768K)], 0.0037394 secs] [Times: user=0.00 sys=0.00, real=0.00 secs] 
Heap after GC invocations=439 (full 874):
 par new generation   total 157248K, used 0K [0x00000000e0000000, 0x00000000eaaa0000, 0x00000000eaaa0000)
  eden space 139776K,   0% used [0x00000000e0000000, 0x00000000e0000000, 0x00000000e8880000)
  from space 17472K,   0% used [0x00000000e9990000, 0x00000000e9990000, 0x00000000eaaa0000)
  to   space 17472K,   0% used [0x00000000e8880000, 0x00000000e8880000, 0x00000000e9990000)
 concurrent mark-sweep generation total 349568K, used 1056K [0x00000000eaaa0000, 0x0000000100000000, 0x0000000100000000)
 Metaspace       used 3957K, capacity 4568K, committed 4864K, reserved 1056768K
  class space    used 431K, capacity 460K, committed 512K, reserved 1048576K
}
2024-07-23T00:26:11.275+0800: 19.932: Total time for which application threads were stopped: 0.0038664 seconds, Stopping threads took: 0.0000414 seconds
2024-07-23T00:26:11.293+0800: 19.950: [GC (CMS Initial Mark) [1 CMS-initial-mark: 205856K(349568K)] 205856K(506816K), 0.0002442 secs] [Times: user=0.00 sys=0.02, real=0.00 secs] 
2024-07-23T00:26:11.294+0800: 19.950: Total time for which application threads were stopped: 0.0187156 seconds, Stopping threads took: 0.0184179 seconds
2024-07-23T00:26:11.294+0800: 19.950: [CMS-concurrent-mark-start]
2024-07-23T00:26:11.295+0800: 19.952: [CMS-concurrent-mark: 0.001/0.001 secs] [Times: user=0.00 sys=0.00, real=0.00 secs] 
2024-07-23T00:26:11.295+0800: 19.952: [CMS-concurrent-preclean-start]
2024-07-23T00:26:11.295+0800: 19.952: [CMS-concurrent-preclean: 0.000/0.000 secs] [Times: user=0.00 sys=0.00, real=0.00 secs] 
2024-07-23T00:26:11.295+0800: 19.952: [GC (CMS Final Remark) [YG occupancy: 0 K (157248 K)]2024-07-23T00:26:11.295+0800: 19.952: [Rescan (parallel) , 0.0004029 secs]2024-07-23T00:26:11.296+0800: 19.952: [weak refs processing, 0.0000102 secs]2024-07-23T00:26:11.296+0800: 19.952: [class unloading, 0.0002555 secs]2024-07-23T00:26:11.296+0800: 19.953: [scrub symbol table, 0.0003671 secs]2024-07-23T00:26:11.296+0800: 19.953: [scrub string table, 0.0001127 secs][1 CMS-remark: 205856K(349568K)] 205856K(506816K), 0.0012123 secs] [Times: user=0.00 sys=0.00, real=0.00 secs] 
2024-07-23T00:26:11.296+0800: 19.953: Total time for which application threads were stopped: 0.0012621 seconds, Stopping threads took: 0.0000181 seconds
2024-07-23T00:26:11.296+0800: 19.953: [CMS-concurrent-sweep-start]
2024-07-23T00:26:11.297+0800: 19.953: [CMS-concurrent-sweep: 0.000/0.000 secs] [Times: user=0.00 sys=0.00, real=0.00 secs] 
2024-07-23T00:26:11.297+0800: 19.953: [CMS-concurrent-reset-start]
2024-07-23T00:26:11.297+0800: 19.954: [CMS-concurrent-reset: 0.000/0.000 secs] [Times: user=0.00 sys=0.00, real=0.00 secs] 
{Heap before GC invocations=439 (full 875):
 par new generation   total 157248K, used 0K [0x00000000e0000000, 0x00000000eaaa0000, 0x00000000eaaa0000)
  eden space 139776K,   0% used [0x00000000e0000000, 0x00000000e0000000, 0x00000000e8880000)
  from space 17472K,   0% used [0x00000000e9990000, 0x00000000e9990000, 0x00000000eaaa0000)
  to   space 17472K,   0% used [0x00000000e8880000, 0x00000000e8880000, 0x00000000e9990000)
 concurrent mark-sweep generation total 349568K, used 205856K [0x00000000eaaa0000, 0x0000000100000000, 0x0000000100000000)
 Metaspace       used 3957K, capacity 4568K, committed 4864K, reserved 1056768K
  class space    used 431K, capacity 460K, committed 512K, reserved 1048576K
2024-07-23T00:26:11.319+0800: 19.976: [GC (Allocation Failure) 2024-07-23T00:26:11.319+0800: 19.976: [ParNew
Desired survivor size 8945664 bytes, new threshold 6 (max 6)
: 0K->0K(157248K), 0.0014576 secs]2024-07-23T00:26:11.320+0800: 19.977: [CMS: 205856K->1056K(349568K), 0.0025621 secs] 205856K->1056K(506816K), [Metaspace: 3957K->3957K(1056768K)], 0.0041178 secs] [Times: user=0.00 sys=0.00, real=0.00 secs] 
Heap after GC invocations=440 (full 876):
 par new generation   total 157248K, used 0K [0x00000000e0000000, 0x00000000eaaa0000, 0x00000000eaaa0000)
  eden space 139776K,   0% used [0x00000000e0000000, 0x00000000e0000000, 0x00000000e8880000)
  from space 17472K,   0% used [0x00000000e8880000, 0x00000000e8880000, 0x00000000e9990000)
  to   space 17472K,   0% used [0x00000000e9990000, 0x00000000e9990000, 0x00000000eaaa0000)
 concurrent mark-sweep generation total 349568K, used 1056K [0x00000000eaaa0000, 0x0000000100000000, 0x0000000100000000)
 Metaspace       used 3957K, capacity 4568K, committed 4864K, reserved 1056768K
  class space    used 431K, capacity 460K, committed 512K, reserved 1048576K
}
2024-07-23T00:26:11.323+0800: 19.980: Total time for which application threads were stopped: 0.0042913 seconds, Stopping threads took: 0.0000757 seconds
2024-07-23T00:26:11.340+0800: 19.997: [GC (CMS Initial Mark) [1 CMS-initial-mark: 205856K(349568K)] 205856K(506816K), 0.0008404 secs] [Times: user=0.00 sys=0.00, real=0.00 secs] 
2024-07-23T00:26:11.341+0800: 19.998: Total time for which application threads were stopped: 0.0180238 seconds, Stopping threads took: 0.0171261 seconds
2024-07-23T00:26:11.341+0800: 19.998: [CMS-concurrent-mark-start]
2024-07-23T00:26:11.342+0800: 19.999: [CMS-concurrent-mark: 0.001/0.001 secs] [Times: user=0.00 sys=0.00, real=0.00 secs] 
2024-07-23T00:26:11.342+0800: 19.999: [CMS-concurrent-preclean-start]
2024-07-23T00:26:11.342+0800: 20.000: [CMS-concurrent-preclean: 0.000/0.000 secs] [Times: user=0.00 sys=0.00, real=0.00 secs] 
2024-07-23T00:26:11.342+0800: 20.000: [GC (CMS Final Remark) [YG occupancy: 0 K (157248 K)]2024-07-23T00:26:11.342+0800: 20.000: [Rescan (parallel) , 0.0004419 secs]2024-07-23T00:26:11.343+0800: 20.000: [weak refs processing, 0.0000092 secs]2024-07-23T00:26:11.343+0800: 20.000: [class unloading, 0.0001946 secs]2024-07-23T00:26:11.343+0800: 20.000: [scrub symbol table, 0.0003285 secs]2024-07-23T00:26:11.343+0800: 20.001: [scrub string table, 0.0000945 secs][1 CMS-remark: 205856K(349568K)] 205856K(506816K), 0.0011112 secs] [Times: user=0.00 sys=0.00, real=0.00 secs] 
2024-07-23T00:26:11.344+0800: 20.001: Total time for which application threads were stopped: 0.0011533 seconds, Stopping threads took: 0.0000139 seconds
2024-07-23T00:26:11.344+0800: 20.001: [CMS-concurrent-sweep-start]
2024-07-23T00:26:11.344+0800: 20.001: [CMS-concurrent-sweep: 0.000/0.000 secs] [Times: user=0.00 sys=0.00, real=0.00 secs] 
2024-07-23T00:26:11.344+0800: 20.001: [CMS-concurrent-reset-start]
2024-07-23T00:26:11.344+0800: 20.002: [CMS-concurrent-reset: 0.000/0.000 secs] [Times: user=0.00 sys=0.00, real=0.00 secs] 
{Heap before GC invocations=440 (full 877):
 par new generation   total 157248K, used 0K [0x00000000e0000000, 0x00000000eaaa0000, 0x00000000eaaa0000)
  eden space 139776K,   0% used [0x00000000e0000000, 0x00000000e0000000, 0x00000000e8880000)
  from space 17472K,   0% used [0x00000000e8880000, 0x00000000e8880000, 0x00000000e9990000)
  to   space 17472K,   0% used [0x00000000e9990000, 0x00000000e9990000, 0x00000000eaaa0000)
 concurrent mark-sweep generation total 349568K, used 205856K [0x00000000eaaa0000, 0x0000000100000000, 0x0000000100000000)
 Metaspace       used 3957K, capacity 4568K, committed 4864K, reserved 1056768K
  class space    used 431K, capacity 460K, committed 512K, reserved 1048576K
2024-07-23T00:26:11.366+0800: 20.023: [GC (Allocation Failure) 2024-07-23T00:26:11.366+0800: 20.023: [ParNew
Desired survivor size 8945664 bytes, new threshold 6 (max 6)
: 0K->0K(157248K), 0.0013672 secs]2024-07-23T00:26:11.367+0800: 20.024: [CMS: 205856K->1056K(349568K), 0.0045662 secs] 205856K->1056K(506816K), [Metaspace: 3957K->3957K(1056768K)], 0.0060919 secs] [Times: user=0.00 sys=0.00, real=0.01 secs] 
Heap after GC invocations=441 (full 878):
 par new generation   total 157248K, used 0K [0x00000000e0000000, 0x00000000eaaa0000, 0x00000000eaaa0000)
  eden space 139776K,   0% used [0x00000000e0000000, 0x00000000e0000000, 0x00000000e8880000)
  from space 17472K,   0% used [0x00000000e9990000, 0x00000000e9990000, 0x00000000eaaa0000)
  to   space 17472K,   0% used [0x00000000e8880000, 0x00000000e8880000, 0x00000000e9990000)
 concurrent mark-sweep generation total 349568K, used 1056K [0x00000000eaaa0000, 0x0000000100000000, 0x0000000100000000)
 Metaspace       used 3957K, capacity 4568K, committed 4864K, reserved 1056768K
  class space    used 431K, capacity 460K, committed 512K, reserved 1048576K
}
2024-07-23T00:26:11.372+0800: 20.029: Total time for which application threads were stopped: 0.0062993 seconds, Stopping threads took: 0.0000720 seconds
2024-07-23T00:26:11.391+0800: 20.048: [GC (CMS Initial Mark) [1 CMS-initial-mark: 205856K(349568K)] 205856K(506816K), 0.0005696 secs] [Times: user=0.00 sys=0.00, real=0.00 secs] 
2024-07-23T00:26:11.391+0800: 20.048: Total time for which application threads were stopped: 0.0191147 seconds, Stopping threads took: 0.0184517 seconds
2024-07-23T00:26:11.391+0800: 20.048: [CMS-concurrent-mark-start]
2024-07-23T00:26:11.393+0800: 20.049: [CMS-concurrent-mark: 0.001/0.001 secs] [Times: user=0.00 sys=0.00, real=0.00 secs] 
2024-07-23T00:26:11.393+0800: 20.049: [CMS-concurrent-preclean-start]
2024-07-23T00:26:11.393+0800: 20.050: [CMS-concurrent-preclean: 0.000/0.000 secs] [Times: user=0.00 sys=0.00, real=0.00 secs] 
2024-07-23T00:26:11.393+0800: 20.050: [GC (CMS Final Remark) [YG occupancy: 0 K (157248 K)]2024-07-23T00:26:11.393+0800: 20.050: [Rescan (parallel) , 0.0005188 secs]2024-07-23T00:26:11.393+0800: 20.050: [weak refs processing, 0.0000120 secs]2024-07-23T00:26:11.393+0800: 20.050: [class unloading, 0.0002695 secs]2024-07-23T00:26:11.394+0800: 20.051: [scrub symbol table, 0.0004009 secs]2024-07-23T00:26:11.394+0800: 20.051: [scrub string table, 0.0001286 secs][1 CMS-remark: 205856K(349568K)] 205856K(506816K), 0.0013998 secs] [Times: user=0.00 sys=0.00, real=0.00 secs] 
2024-07-23T00:26:11.394+0800: 20.051: Total time for which application threads were stopped: 0.0014578 seconds, Stopping threads took: 0.0000194 seconds
2024-07-23T00:26:11.394+0800: 20.051: [CMS-concurrent-sweep-start]
2024-07-23T00:26:11.395+0800: 20.051: [CMS-concurrent-sweep: 0.000/0.000 secs] [Times: user=0.00 sys=0.00, real=0.00 secs] 
2024-07-23T00:26:11.395+0800: 20.051: [CMS-concurrent-reset-start]
2024-07-23T00:26:11.395+0800: 20.052: [CMS-concurrent-reset: 0.000/0.000 secs] [Times: user=0.00 sys=0.00, real=0.00 secs] 
{Heap before GC invocations=441 (full 879):
 par new generation   total 157248K, used 0K [0x00000000e0000000, 0x00000000eaaa0000, 0x00000000eaaa0000)
  eden space 139776K,   0% used [0x00000000e0000000, 0x00000000e0000000, 0x00000000e8880000)
  from space 17472K,   0% used [0x00000000e9990000, 0x00000000e9990000, 0x00000000eaaa0000)
  to   space 17472K,   0% used [0x00000000e8880000, 0x00000000e8880000, 0x00000000e9990000)
 concurrent mark-sweep generation total 349568K, used 205856K [0x00000000eaaa0000, 0x0000000100000000, 0x0000000100000000)
 Metaspace       used 3957K, capacity 4568K, committed 4864K, reserved 1056768K
  class space    used 431K, capacity 460K, committed 512K, reserved 1048576K
2024-07-23T00:26:11.413+0800: 20.070: [GC (Allocation Failure) 2024-07-23T00:26:11.413+0800: 20.070: [ParNew
Desired survivor size 8945664 bytes, new threshold 6 (max 6)
: 0K->0K(157248K), 0.0020346 secs]2024-07-23T00:26:11.415+0800: 20.072: [CMS: 205856K->1056K(349568K), 0.0043041 secs] 205856K->1056K(506816K), [Metaspace: 3957K->3957K(1056768K)], 0.0065338 secs] [Times: user=0.02 sys=0.00, real=0.01 secs] 
Heap after GC invocations=442 (full 880):
 par new generation   total 157248K, used 0K [0x00000000e0000000, 0x00000000eaaa0000, 0x00000000eaaa0000)
  eden space 139776K,   0% used [0x00000000e0000000, 0x00000000e0000000, 0x00000000e8880000)
  from space 17472K,   0% used [0x00000000e8880000, 0x00000000e8880000, 0x00000000e9990000)
  to   space 17472K,   0% used [0x00000000e9990000, 0x00000000e9990000, 0x00000000eaaa0000)
 concurrent mark-sweep generation total 349568K, used 1056K [0x00000000eaaa0000, 0x0000000100000000, 0x0000000100000000)
 Metaspace       used 3957K, capacity 4568K, committed 4864K, reserved 1056768K
  class space    used 431K, capacity 460K, committed 512K, reserved 1048576K
}
2024-07-23T00:26:11.420+0800: 20.076: Total time for which application threads were stopped: 0.0067420 seconds, Stopping threads took: 0.0000390 seconds
2024-07-23T00:26:11.440+0800: 20.097: [GC (CMS Initial Mark) [1 CMS-initial-mark: 205856K(349568K)] 205856K(506816K), 0.0003433 secs] [Times: user=0.00 sys=0.00, real=0.00 secs] 
2024-07-23T00:26:11.440+0800: 20.097: Total time for which application threads were stopped: 0.0206091 seconds, Stopping threads took: 0.0201940 seconds
2024-07-23T00:26:11.440+0800: 20.097: [CMS-concurrent-mark-start]
2024-07-23T00:26:11.442+0800: 20.099: [CMS-concurrent-mark: 0.001/0.001 secs] [Times: user=0.00 sys=0.00, real=0.00 secs] 
2024-07-23T00:26:11.442+0800: 20.099: [CMS-concurrent-preclean-start]
2024-07-23T00:26:11.442+0800: 20.099: [CMS-concurrent-preclean: 0.000/0.000 secs] [Times: user=0.00 sys=0.00, real=0.00 secs] 
2024-07-23T00:26:11.442+0800: 20.099: [GC (CMS Final Remark) [YG occupancy: 0 K (157248 K)]2024-07-23T00:26:11.442+0800: 20.099: [Rescan (parallel) , 0.0005144 secs]2024-07-23T00:26:11.443+0800: 20.100: [weak refs processing, 0.0000108 secs]2024-07-23T00:26:11.443+0800: 20.100: [class unloading, 0.0002494 secs]2024-07-23T00:26:11.443+0800: 20.100: [scrub symbol table, 0.0003688 secs]2024-07-23T00:26:11.444+0800: 20.100: [scrub string table, 0.0001105 secs][1 CMS-remark: 205856K(349568K)] 205856K(506816K), 0.0013093 secs] [Times: user=0.00 sys=0.00, real=0.00 secs] 
2024-07-23T00:26:11.444+0800: 20.101: Total time for which application threads were stopped: 0.0013590 seconds, Stopping threads took: 0.0000170 seconds
2024-07-23T00:26:11.444+0800: 20.101: [CMS-concurrent-sweep-start]
2024-07-23T00:26:11.444+0800: 20.101: [CMS-concurrent-sweep: 0.000/0.000 secs] [Times: user=0.00 sys=0.00, real=0.00 secs] 
2024-07-23T00:26:11.444+0800: 20.101: [CMS-concurrent-reset-start]
2024-07-23T00:26:11.444+0800: 20.101: [CMS-concurrent-reset: 0.000/0.000 secs] [Times: user=0.00 sys=0.00, real=0.00 secs] 
{Heap before GC invocations=442 (full 881):
 par new generation   total 157248K, used 0K [0x00000000e0000000, 0x00000000eaaa0000, 0x00000000eaaa0000)
  eden space 139776K,   0% used [0x00000000e0000000, 0x00000000e0000000, 0x00000000e8880000)
  from space 17472K,   0% used [0x00000000e8880000, 0x00000000e8880000, 0x00000000e9990000)
  to   space 17472K,   0% used [0x00000000e9990000, 0x00000000e9990000, 0x00000000eaaa0000)
 concurrent mark-sweep generation total 349568K, used 205856K [0x00000000eaaa0000, 0x0000000100000000, 0x0000000100000000)
 Metaspace       used 3957K, capacity 4568K, committed 4864K, reserved 1056768K
  class space    used 431K, capacity 460K, committed 512K, reserved 1048576K
2024-07-23T00:26:11.461+0800: 20.118: [GC (Allocation Failure) 2024-07-23T00:26:11.461+0800: 20.118: [ParNew
Desired survivor size 8945664 bytes, new threshold 6 (max 6)
: 0K->0K(157248K), 0.0014072 secs]2024-07-23T00:26:11.462+0800: 20.119: [CMS: 205856K->1056K(349568K), 0.0029545 secs] 205856K->1056K(506816K), [Metaspace: 3957K->3957K(1056768K)], 0.0045321 secs] [Times: user=0.00 sys=0.00, real=0.00 secs] 
Heap after GC invocations=443 (full 882):
 par new generation   total 157248K, used 0K [0x00000000e0000000, 0x00000000eaaa0000, 0x00000000eaaa0000)
  eden space 139776K,   0% used [0x00000000e0000000, 0x00000000e0000000, 0x00000000e8880000)
  from space 17472K,   0% used [0x00000000e9990000, 0x00000000e9990000, 0x00000000eaaa0000)
  to   space 17472K,   0% used [0x00000000e8880000, 0x00000000e8880000, 0x00000000e9990000)
 concurrent mark-sweep generation total 349568K, used 1056K [0x00000000eaaa0000, 0x0000000100000000, 0x0000000100000000)
 Metaspace       used 3957K, capacity 4568K, committed 4864K, reserved 1056768K
  class space    used 431K, capacity 460K, committed 512K, reserved 1048576K
}
2024-07-23T00:26:11.466+0800: 20.122: Total time for which application threads were stopped: 0.0048160 seconds, Stopping threads took: 0.0000300 seconds
2024-07-23T00:26:11.483+0800: 20.140: [GC (CMS Initial Mark) [1 CMS-initial-mark: 205856K(349568K)] 205856K(506816K), 0.0002578 secs] [Times: user=0.00 sys=0.00, real=0.00 secs] 
2024-07-23T00:26:11.483+0800: 20.140: Total time for which application threads were stopped: 0.0175881 seconds, Stopping threads took: 0.0172706 seconds
2024-07-23T00:26:11.483+0800: 20.140: [CMS-concurrent-mark-start]
2024-07-23T00:26:11.485+0800: 20.142: [CMS-concurrent-mark: 0.002/0.002 secs] [Times: user=0.00 sys=0.00, real=0.00 secs] 
2024-07-23T00:26:11.485+0800: 20.142: [CMS-concurrent-preclean-start]
2024-07-23T00:26:11.485+0800: 20.142: [CMS-concurrent-preclean: 0.000/0.000 secs] [Times: user=0.00 sys=0.00, real=0.00 secs] 
2024-07-23T00:26:11.485+0800: 20.142: [GC (CMS Final Remark) [YG occupancy: 0 K (157248 K)]2024-07-23T00:26:11.485+0800: 20.142: [Rescan (parallel) , 0.0004691 secs]2024-07-23T00:26:11.486+0800: 20.143: [weak refs processing, 0.0000101 secs]2024-07-23T00:26:11.486+0800: 20.143: [class unloading, 0.0002485 secs]2024-07-23T00:26:11.486+0800: 20.143: [scrub symbol table, 0.0003707 secs]2024-07-23T00:26:11.486+0800: 20.144: [scrub string table, 0.0001122 secs][1 CMS-remark: 205856K(349568K)] 205856K(506816K), 0.0012580 secs] [Times: user=0.00 sys=0.00, real=0.00 secs] 
2024-07-23T00:26:11.487+0800: 20.144: Total time for which application threads were stopped: 0.0013052 seconds, Stopping threads took: 0.0000166 seconds
2024-07-23T00:26:11.487+0800: 20.144: [CMS-concurrent-sweep-start]
2024-07-23T00:26:11.487+0800: 20.144: [CMS-concurrent-sweep: 0.000/0.000 secs] [Times: user=0.00 sys=0.00, real=0.00 secs] 
2024-07-23T00:26:11.487+0800: 20.144: [CMS-concurrent-reset-start]
2024-07-23T00:26:11.487+0800: 20.144: [CMS-concurrent-reset: 0.000/0.000 secs] [Times: user=0.00 sys=0.00, real=0.00 secs] 
{Heap before GC invocations=443 (full 883):
 par new generation   total 157248K, used 0K [0x00000000e0000000, 0x00000000eaaa0000, 0x00000000eaaa0000)
  eden space 139776K,   0% used [0x00000000e0000000, 0x00000000e0000000, 0x00000000e8880000)
  from space 17472K,   0% used [0x00000000e9990000, 0x00000000e9990000, 0x00000000eaaa0000)
  to   space 17472K,   0% used [0x00000000e8880000, 0x00000000e8880000, 0x00000000e9990000)
 concurrent mark-sweep generation total 349568K, used 205856K [0x00000000eaaa0000, 0x0000000100000000, 0x0000000100000000)
 Metaspace       used 3957K, capacity 4568K, committed 4864K, reserved 1056768K
  class space    used 431K, capacity 460K, committed 512K, reserved 1048576K
2024-07-23T00:26:11.508+0800: 20.165: [GC (Allocation Failure) 2024-07-23T00:26:11.508+0800: 20.165: [ParNew
Desired survivor size 8945664 bytes, new threshold 6 (max 6)
: 0K->0K(157248K), 0.0016606 secs]2024-07-23T00:26:11.510+0800: 20.166: [CMS: 205856K->1056K(349568K), 0.0029691 secs] 205856K->1056K(506816K), [Metaspace: 3957K->3957K(1056768K)], 0.0047611 secs] [Times: user=0.00 sys=0.00, real=0.01 secs] 
Heap after GC invocations=444 (full 884):
 par new generation   total 157248K, used 0K [0x00000000e0000000, 0x00000000eaaa0000, 0x00000000eaaa0000)
  eden space 139776K,   0% used [0x00000000e0000000, 0x00000000e0000000, 0x00000000e8880000)
  from space 17472K,   0% used [0x00000000e8880000, 0x00000000e8880000, 0x00000000e9990000)
  to   space 17472K,   0% used [0x00000000e9990000, 0x00000000e9990000, 0x00000000eaaa0000)
 concurrent mark-sweep generation total 349568K, used 1056K [0x00000000eaaa0000, 0x0000000100000000, 0x0000000100000000)
 Metaspace       used 3957K, capacity 4568K, committed 4864K, reserved 1056768K
  class space    used 431K, capacity 460K, committed 512K, reserved 1048576K
}
2024-07-23T00:26:11.513+0800: 20.170: Total time for which application threads were stopped: 0.0049299 seconds, Stopping threads took: 0.0000329 seconds
2024-07-23T00:26:11.532+0800: 20.189: [GC (CMS Initial Mark) [1 CMS-initial-mark: 205856K(349568K)] 205856K(506816K), 0.0003699 secs] [Times: user=0.00 sys=0.00, real=0.00 secs] 
2024-07-23T00:26:11.532+0800: 20.189: Total time for which application threads were stopped: 0.0193822 seconds, Stopping threads took: 0.0188652 seconds
2024-07-23T00:26:11.532+0800: 20.189: [CMS-concurrent-mark-start]
2024-07-23T00:26:11.534+0800: 20.191: [CMS-concurrent-mark: 0.002/0.002 secs] [Times: user=0.00 sys=0.00, real=0.00 secs] 
2024-07-23T00:26:11.534+0800: 20.191: [CMS-concurrent-preclean-start]
2024-07-23T00:26:11.534+0800: 20.191: [CMS-concurrent-preclean: 0.000/0.000 secs] [Times: user=0.00 sys=0.00, real=0.00 secs] 
2024-07-23T00:26:11.535+0800: 20.191: [GC (CMS Final Remark) [YG occupancy: 0 K (157248 K)]2024-07-23T00:26:11.535+0800: 20.191: [Rescan (parallel) , 0.0003752 secs]2024-07-23T00:26:11.535+0800: 20.192: [weak refs processing, 0.0000103 secs]2024-07-23T00:26:11.535+0800: 20.192: [class unloading, 0.0002514 secs]2024-07-23T00:26:11.535+0800: 20.192: [scrub symbol table, 0.0003931 secs]2024-07-23T00:26:11.536+0800: 20.192: [scrub string table, 0.0001329 secs][1 CMS-remark: 205856K(349568K)] 205856K(506816K), 0.0012338 secs] [Times: user=0.00 sys=0.00, real=0.00 secs] 
2024-07-23T00:26:11.536+0800: 20.193: Total time for which application threads were stopped: 0.0012933 seconds, Stopping threads took: 0.0000196 seconds
2024-07-23T00:26:11.536+0800: 20.193: [CMS-concurrent-sweep-start]
2024-07-23T00:26:11.536+0800: 20.193: [CMS-concurrent-sweep: 0.000/0.000 secs] [Times: user=0.00 sys=0.00, real=0.00 secs] 
2024-07-23T00:26:11.536+0800: 20.193: [CMS-concurrent-reset-start]
2024-07-23T00:26:11.537+0800: 20.193: [CMS-concurrent-reset: 0.000/0.000 secs] [Times: user=0.00 sys=0.00, real=0.00 secs] 
{Heap before GC invocations=444 (full 885):
 par new generation   total 157248K, used 0K [0x00000000e0000000, 0x00000000eaaa0000, 0x00000000eaaa0000)
  eden space 139776K,   0% used [0x00000000e0000000, 0x00000000e0000000, 0x00000000e8880000)
  from space 17472K,   0% used [0x00000000e8880000, 0x00000000e8880000, 0x00000000e9990000)
  to   space 17472K,   0% used [0x00000000e9990000, 0x00000000e9990000, 0x00000000eaaa0000)
 concurrent mark-sweep generation total 349568K, used 205856K [0x00000000eaaa0000, 0x0000000100000000, 0x0000000100000000)
 Metaspace       used 3957K, capacity 4568K, committed 4864K, reserved 1056768K
  class space    used 431K, capacity 460K, committed 512K, reserved 1048576K
2024-07-23T00:26:11.555+0800: 20.211: [GC (Allocation Failure) 2024-07-23T00:26:11.555+0800: 20.211: [ParNew
Desired survivor size 8945664 bytes, new threshold 6 (max 6)
: 0K->0K(157248K), 0.0013302 secs]2024-07-23T00:26:11.555+0800: 20.213: [CMS: 205856K->1056K(349568K), 0.0041843 secs] 205856K->1056K(506816K), [Metaspace: 3957K->3957K(1056768K)], 0.0057259 secs] [Times: user=0.00 sys=0.00, real=0.00 secs] 
Heap after GC invocations=445 (full 886):
 par new generation   total 157248K, used 0K [0x00000000e0000000, 0x00000000eaaa0000, 0x00000000eaaa0000)
  eden space 139776K,   0% used [0x00000000e0000000, 0x00000000e0000000, 0x00000000e8880000)
  from space 17472K,   0% used [0x00000000e9990000, 0x00000000e9990000, 0x00000000eaaa0000)
  to   space 17472K,   0% used [0x00000000e8880000, 0x00000000e8880000, 0x00000000e9990000)
 concurrent mark-sweep generation total 349568K, used 1056K [0x00000000eaaa0000, 0x0000000100000000, 0x0000000100000000)
 Metaspace       used 3957K, capacity 4568K, committed 4864K, reserved 1056768K
  class space    used 431K, capacity 460K, committed 512K, reserved 1048576K
}
2024-07-23T00:26:11.560+0800: 20.217: Total time for which application threads were stopped: 0.0060293 seconds, Stopping threads took: 0.0000477 seconds
2024-07-23T00:26:11.581+0800: 20.238: [GC (CMS Initial Mark) [1 CMS-initial-mark: 205856K(349568K)] 205856K(506816K), 0.0005625 secs] [Times: user=0.00 sys=0.00, real=0.00 secs] 
2024-07-23T00:26:11.581+0800: 20.239: Total time for which application threads were stopped: 0.0216772 seconds, Stopping threads took: 0.0210442 seconds
2024-07-23T00:26:11.581+0800: 20.239: [CMS-concurrent-mark-start]
2024-07-23T00:26:11.583+0800: 20.241: [CMS-concurrent-mark: 0.002/0.002 secs] [Times: user=0.00 sys=0.00, real=0.00 secs] 
2024-07-23T00:26:11.583+0800: 20.241: [CMS-concurrent-preclean-start]
2024-07-23T00:26:11.584+0800: 20.241: [CMS-concurrent-preclean: 0.000/0.000 secs] [Times: user=0.00 sys=0.00, real=0.00 secs] 
2024-07-23T00:26:11.584+0800: 20.241: [GC (CMS Final Remark) [YG occupancy: 0 K (157248 K)]2024-07-23T00:26:11.584+0800: 20.241: [Rescan (parallel) , 0.0001632 secs]2024-07-23T00:26:11.584+0800: 20.242: [weak refs processing, 0.0000097 secs]2024-07-23T00:26:11.584+0800: 20.242: [class unloading, 0.0004354 secs]2024-07-23T00:26:11.584+0800: 20.242: [scrub symbol table, 0.0006300 secs]2024-07-23T00:26:11.585+0800: 20.243: [scrub string table, 0.0001601 secs][1 CMS-remark: 205856K(349568K)] 205856K(506816K), 0.0014861 secs] [Times: user=0.00 sys=0.00, real=0.00 secs] 
2024-07-23T00:26:11.585+0800: 20.243: Total time for which application threads were stopped: 0.0015479 seconds, Stopping threads took: 0.0000179 seconds
2024-07-23T00:26:11.585+0800: 20.243: [CMS-concurrent-sweep-start]
2024-07-23T00:26:11.585+0800: 20.243: [CMS-concurrent-sweep: 0.000/0.000 secs] [Times: user=0.00 sys=0.00, real=0.00 secs] 
2024-07-23T00:26:11.585+0800: 20.243: [CMS-concurrent-reset-start]
2024-07-23T00:26:11.587+0800: 20.244: [CMS-concurrent-reset: 0.000/0.000 secs] [Times: user=0.00 sys=0.00, real=0.00 secs] 
{Heap before GC invocations=445 (full 887):
 par new generation   total 157248K, used 0K [0x00000000e0000000, 0x00000000eaaa0000, 0x00000000eaaa0000)
  eden space 139776K,   0% used [0x00000000e0000000, 0x00000000e0000000, 0x00000000e8880000)
  from space 17472K,   0% used [0x00000000e9990000, 0x00000000e9990000, 0x00000000eaaa0000)
  to   space 17472K,   0% used [0x00000000e8880000, 0x00000000e8880000, 0x00000000e9990000)
 concurrent mark-sweep generation total 349568K, used 205856K [0x00000000eaaa0000, 0x0000000100000000, 0x0000000100000000)
 Metaspace       used 3957K, capacity 4568K, committed 4864K, reserved 1056768K
  class space    used 431K, capacity 460K, committed 512K, reserved 1048576K
2024-07-23T00:26:11.601+0800: 20.258: [GC (Allocation Failure) 2024-07-23T00:26:11.601+0800: 20.258: [ParNew
Desired survivor size 8945664 bytes, new threshold 6 (max 6)
: 0K->0K(157248K), 0.0016298 secs]2024-07-23T00:26:11.603+0800: 20.260: [CMS: 205856K->1056K(349568K), 0.0036422 secs] 205856K->1056K(506816K), [Metaspace: 3957K->3957K(1056768K)], 0.0054272 secs] [Times: user=0.00 sys=0.00, real=0.00 secs] 
Heap after GC invocations=446 (full 888):
 par new generation   total 157248K, used 0K [0x00000000e0000000, 0x00000000eaaa0000, 0x00000000eaaa0000)
  eden space 139776K,   0% used [0x00000000e0000000, 0x00000000e0000000, 0x00000000e8880000)
  from space 17472K,   0% used [0x00000000e8880000, 0x00000000e8880000, 0x00000000e9990000)
  to   space 17472K,   0% used [0x00000000e9990000, 0x00000000e9990000, 0x00000000eaaa0000)
 concurrent mark-sweep generation total 349568K, used 1056K [0x00000000eaaa0000, 0x0000000100000000, 0x0000000100000000)
 Metaspace       used 3957K, capacity 4568K, committed 4864K, reserved 1056768K
  class space    used 431K, capacity 460K, committed 512K, reserved 1048576K
}
2024-07-23T00:26:11.606+0800: 20.263: Total time for which application threads were stopped: 0.0055843 seconds, Stopping threads took: 0.0000300 seconds
2024-07-23T00:26:11.627+0800: 20.284: [GC (CMS Initial Mark) [1 CMS-initial-mark: 205856K(349568K)] 205856K(506816K), 0.0004826 secs] [Times: user=0.00 sys=0.00, real=0.00 secs] 
2024-07-23T00:26:11.628+0800: 20.285: Total time for which application threads were stopped: 0.0214065 seconds, Stopping threads took: 0.0208509 seconds
2024-07-23T00:26:11.628+0800: 20.285: [CMS-concurrent-mark-start]
2024-07-23T00:26:11.630+0800: 20.287: [CMS-concurrent-mark: 0.002/0.002 secs] [Times: user=0.00 sys=0.00, real=0.00 secs] 
2024-07-23T00:26:11.630+0800: 20.287: [CMS-concurrent-preclean-start]
2024-07-23T00:26:11.630+0800: 20.287: [CMS-concurrent-preclean: 0.000/0.000 secs] [Times: user=0.00 sys=0.00, real=0.00 secs] 
2024-07-23T00:26:11.630+0800: 20.287: [GC (CMS Final Remark) [YG occupancy: 0 K (157248 K)]2024-07-23T00:26:11.630+0800: 20.287: [Rescan (parallel) , 0.0003427 secs]2024-07-23T00:26:11.631+0800: 20.288: [weak refs processing, 0.0000117 secs]2024-07-23T00:26:11.631+0800: 20.288: [class unloading, 0.0002622 secs]2024-07-23T00:26:11.631+0800: 20.288: [scrub symbol table, 0.0003797 secs]2024-07-23T00:26:11.631+0800: 20.288: [scrub string table, 0.0001852 secs][1 CMS-remark: 205856K(349568K)] 205856K(506816K), 0.0012583 secs] [Times: user=0.00 sys=0.00, real=0.00 secs] 
2024-07-23T00:26:11.632+0800: 20.289: Total time for which application threads were stopped: 0.0013120 seconds, Stopping threads took: 0.0000183 seconds
2024-07-23T00:26:11.632+0800: 20.289: [CMS-concurrent-sweep-start]
2024-07-23T00:26:11.632+0800: 20.289: [CMS-concurrent-sweep: 0.000/0.000 secs] [Times: user=0.00 sys=0.00, real=0.00 secs] 
2024-07-23T00:26:11.632+0800: 20.289: [CMS-concurrent-reset-start]
2024-07-23T00:26:11.633+0800: 20.290: [CMS-concurrent-reset: 0.001/0.001 secs] [Times: user=0.00 sys=0.00, real=0.00 secs] 
{Heap before GC invocations=446 (full 889):
 par new generation   total 157248K, used 0K [0x00000000e0000000, 0x00000000eaaa0000, 0x00000000eaaa0000)
  eden space 139776K,   0% used [0x00000000e0000000, 0x00000000e0000000, 0x00000000e8880000)
  from space 17472K,   0% used [0x00000000e8880000, 0x00000000e8880000, 0x00000000e9990000)
  to   space 17472K,   0% used [0x00000000e9990000, 0x00000000e9990000, 0x00000000eaaa0000)
 concurrent mark-sweep generation total 349568K, used 205856K [0x00000000eaaa0000, 0x0000000100000000, 0x0000000100000000)
 Metaspace       used 3957K, capacity 4568K, committed 4864K, reserved 1056768K
  class space    used 431K, capacity 460K, committed 512K, reserved 1048576K
2024-07-23T00:26:11.649+0800: 20.306: [GC (Allocation Failure) 2024-07-23T00:26:11.649+0800: 20.306: [ParNew
Desired survivor size 8945664 bytes, new threshold 6 (max 6)
: 0K->0K(157248K), 0.0011771 secs]2024-07-23T00:26:11.650+0800: 20.307: [CMS: 205856K->1056K(349568K), 0.0048273 secs] 205856K->1056K(506816K), [Metaspace: 3957K->3957K(1056768K)], 0.0061871 secs] [Times: user=0.02 sys=0.00, real=0.01 secs] 
Heap after GC invocations=447 (full 890):
 par new generation   total 157248K, used 0K [0x00000000e0000000, 0x00000000eaaa0000, 0x00000000eaaa0000)
  eden space 139776K,   0% used [0x00000000e0000000, 0x00000000e0000000, 0x00000000e8880000)
  from space 17472K,   0% used [0x00000000e9990000, 0x00000000e9990000, 0x00000000eaaa0000)
  to   space 17472K,   0% used [0x00000000e8880000, 0x00000000e8880000, 0x00000000e9990000)
 concurrent mark-sweep generation total 349568K, used 1056K [0x00000000eaaa0000, 0x0000000100000000, 0x0000000100000000)
 Metaspace       used 3957K, capacity 4568K, committed 4864K, reserved 1056768K
  class space    used 431K, capacity 460K, committed 512K, reserved 1048576K
}
2024-07-23T00:26:11.655+0800: 20.312: Total time for which application threads were stopped: 0.0063847 seconds, Stopping threads took: 0.0000595 seconds
2024-07-23T00:26:11.677+0800: 20.333: [GC (CMS Initial Mark) [1 CMS-initial-mark: 205856K(349568K)] 205856K(506816K), 0.0012797 secs] [Times: user=0.00 sys=0.00, real=0.00 secs] 
2024-07-23T00:26:11.678+0800: 20.335: Total time for which application threads were stopped: 0.0224766 seconds, Stopping threads took: 0.0211217 seconds
2024-07-23T00:26:11.678+0800: 20.335: [CMS-concurrent-mark-start]
2024-07-23T00:26:11.680+0800: 20.336: [CMS-concurrent-mark: 0.001/0.001 secs] [Times: user=0.00 sys=0.00, real=0.00 secs] 
2024-07-23T00:26:11.680+0800: 20.336: [CMS-concurrent-preclean-start]
2024-07-23T00:26:11.680+0800: 20.337: [CMS-concurrent-preclean: 0.001/0.001 secs] [Times: user=0.00 sys=0.00, real=0.00 secs] 
2024-07-23T00:26:11.680+0800: 20.337: [GC (CMS Final Remark) [YG occupancy: 0 K (157248 K)]2024-07-23T00:26:11.680+0800: 20.337: [Rescan (parallel) , 0.0004598 secs]2024-07-23T00:26:11.681+0800: 20.338: [weak refs processing, 0.0000177 secs]2024-07-23T00:26:11.681+0800: 20.338: [class unloading, 0.0003048 secs]2024-07-23T00:26:11.681+0800: 20.338: [scrub symbol table, 0.0003626 secs]2024-07-23T00:26:11.682+0800: 20.338: [scrub string table, 0.0001112 secs][1 CMS-remark: 205856K(349568K)] 205856K(506816K), 0.0013281 secs] [Times: user=0.00 sys=0.00, real=0.00 secs] 
2024-07-23T00:26:11.682+0800: 20.338: Total time for which application threads were stopped: 0.0013871 seconds, Stopping threads took: 0.0000201 seconds
2024-07-23T00:26:11.682+0800: 20.339: [CMS-concurrent-sweep-start]
2024-07-23T00:26:11.682+0800: 20.339: [CMS-concurrent-sweep: 0.000/0.000 secs] [Times: user=0.00 sys=0.00, real=0.00 secs] 
2024-07-23T00:26:11.682+0800: 20.339: [CMS-concurrent-reset-start]
2024-07-23T00:26:11.682+0800: 20.339: [CMS-concurrent-reset: 0.000/0.000 secs] [Times: user=0.00 sys=0.00, real=0.00 secs] 
{Heap before GC invocations=447 (full 891):
 par new generation   total 157248K, used 0K [0x00000000e0000000, 0x00000000eaaa0000, 0x00000000eaaa0000)
  eden space 139776K,   0% used [0x00000000e0000000, 0x00000000e0000000, 0x00000000e8880000)
  from space 17472K,   0% used [0x00000000e9990000, 0x00000000e9990000, 0x00000000eaaa0000)
  to   space 17472K,   0% used [0x00000000e8880000, 0x00000000e8880000, 0x00000000e9990000)
 concurrent mark-sweep generation total 349568K, used 205856K [0x00000000eaaa0000, 0x0000000100000000, 0x0000000100000000)
 Metaspace       used 3957K, capacity 4568K, committed 4864K, reserved 1056768K
  class space    used 431K, capacity 460K, committed 512K, reserved 1048576K
2024-07-23T00:26:11.695+0800: 20.352: [GC (Allocation Failure) 2024-07-23T00:26:11.695+0800: 20.352: [ParNew
Desired survivor size 8945664 bytes, new threshold 6 (max 6)
: 0K->0K(157248K), 0.0010977 secs]2024-07-23T00:26:11.696+0800: 20.353: [CMS: 205856K->1056K(349568K), 0.0026201 secs] 205856K->1056K(506816K), [Metaspace: 3957K->3957K(1056768K)], 0.0039822 secs] [Times: user=0.00 sys=0.00, real=0.00 secs] 
Heap after GC invocations=448 (full 892):
 par new generation   total 157248K, used 0K [0x00000000e0000000, 0x00000000eaaa0000, 0x00000000eaaa0000)
  eden space 139776K,   0% used [0x00000000e0000000, 0x00000000e0000000, 0x00000000e8880000)
  from space 17472K,   0% used [0x00000000e8880000, 0x00000000e8880000, 0x00000000e9990000)
  to   space 17472K,   0% used [0x00000000e9990000, 0x00000000e9990000, 0x00000000eaaa0000)
 concurrent mark-sweep generation total 349568K, used 1056K [0x00000000eaaa0000, 0x0000000100000000, 0x0000000100000000)
 Metaspace       used 3957K, capacity 4568K, committed 4864K, reserved 1056768K
  class space    used 431K, capacity 460K, committed 512K, reserved 1048576K
}
2024-07-23T00:26:11.699+0800: 20.356: Total time for which application threads were stopped: 0.0041048 seconds, Stopping threads took: 0.0000237 seconds
2024-07-23T00:26:11.716+0800: 20.373: [GC (CMS Initial Mark) [1 CMS-initial-mark: 205856K(349568K)] 205856K(506816K), 0.0015460 secs] [Times: user=0.00 sys=0.00, real=0.00 secs] 
2024-07-23T00:26:11.717+0800: 20.374: Total time for which application threads were stopped: 0.0183908 seconds, Stopping threads took: 0.0167676 seconds
2024-07-23T00:26:11.717+0800: 20.374: [CMS-concurrent-mark-start]
2024-07-23T00:26:11.718+0800: 20.375: [CMS-concurrent-mark: 0.001/0.001 secs] [Times: user=0.00 sys=0.00, real=0.00 secs] 
2024-07-23T00:26:11.718+0800: 20.375: [CMS-concurrent-preclean-start]
2024-07-23T00:26:11.718+0800: 20.376: [CMS-concurrent-preclean: 0.000/0.000 secs] [Times: user=0.00 sys=0.00, real=0.00 secs] 
2024-07-23T00:26:11.718+0800: 20.376: [GC (CMS Final Remark) [YG occupancy: 0 K (157248 K)]2024-07-23T00:26:11.718+0800: 20.376: [Rescan (parallel) , 0.0002589 secs]2024-07-23T00:26:11.718+0800: 20.376: [weak refs processing, 0.0000097 secs]2024-07-23T00:26:11.718+0800: 20.376: [class unloading, 0.0002068 secs]2024-07-23T00:26:11.719+0800: 20.376: [scrub symbol table, 0.0003470 secs]2024-07-23T00:26:11.719+0800: 20.377: [scrub string table, 0.0001067 secs][1 CMS-remark: 205856K(349568K)] 205856K(506816K), 0.0009734 secs] [Times: user=0.00 sys=0.00, real=0.00 secs] 
2024-07-23T00:26:11.719+0800: 20.377: Total time for which application threads were stopped: 0.0010242 seconds, Stopping threads took: 0.0000147 seconds
2024-07-23T00:26:11.719+0800: 20.377: [CMS-concurrent-sweep-start]
2024-07-23T00:26:11.719+0800: 20.377: [CMS-concurrent-sweep: 0.000/0.000 secs] [Times: user=0.00 sys=0.00, real=0.00 secs] 
2024-07-23T00:26:11.719+0800: 20.377: [CMS-concurrent-reset-start]
2024-07-23T00:26:11.721+0800: 20.377: [CMS-concurrent-reset: 0.000/0.000 secs] [Times: user=0.00 sys=0.00, real=0.00 secs] 
{Heap before GC invocations=448 (full 893):
 par new generation   total 157248K, used 0K [0x00000000e0000000, 0x00000000eaaa0000, 0x00000000eaaa0000)
  eden space 139776K,   0% used [0x00000000e0000000, 0x00000000e0000000, 0x00000000e8880000)
  from space 17472K,   0% used [0x00000000e8880000, 0x00000000e8880000, 0x00000000e9990000)
  to   space 17472K,   0% used [0x00000000e9990000, 0x00000000e9990000, 0x00000000eaaa0000)
 concurrent mark-sweep generation total 349568K, used 205856K [0x00000000eaaa0000, 0x0000000100000000, 0x0000000100000000)
 Metaspace       used 3957K, capacity 4568K, committed 4864K, reserved 1056768K
  class space    used 431K, capacity 460K, committed 512K, reserved 1048576K
2024-07-23T00:26:11.742+0800: 20.399: [GC (Allocation Failure) 2024-07-23T00:26:11.742+0800: 20.399: [ParNew
Desired survivor size 8945664 bytes, new threshold 6 (max 6)
: 0K->0K(157248K), 0.0009237 secs]2024-07-23T00:26:11.743+0800: 20.400: [CMS: 205856K->1056K(349568K), 0.0033170 secs] 205856K->1056K(506816K), [Metaspace: 3957K->3957K(1056768K)], 0.0043575 secs] [Times: user=0.00 sys=0.00, real=0.00 secs] 
Heap after GC invocations=449 (full 894):
 par new generation   total 157248K, used 0K [0x00000000e0000000, 0x00000000eaaa0000, 0x00000000eaaa0000)
  eden space 139776K,   0% used [0x00000000e0000000, 0x00000000e0000000, 0x00000000e8880000)
  from space 17472K,   0% used [0x00000000e9990000, 0x00000000e9990000, 0x00000000eaaa0000)
  to   space 17472K,   0% used [0x00000000e8880000, 0x00000000e8880000, 0x00000000e9990000)
 concurrent mark-sweep generation total 349568K, used 1056K [0x00000000eaaa0000, 0x0000000100000000, 0x0000000100000000)
 Metaspace       used 3957K, capacity 4568K, committed 4864K, reserved 1056768K
  class space    used 431K, capacity 460K, committed 512K, reserved 1048576K
}
2024-07-23T00:26:11.746+0800: 20.403: Total time for which application threads were stopped: 0.0045411 seconds, Stopping threads took: 0.0000638 seconds
2024-07-23T00:26:11.763+0800: 20.420: [GC (CMS Initial Mark) [1 CMS-initial-mark: 205856K(349568K)] 205856K(506816K), 0.0003831 secs] [Times: user=0.00 sys=0.00, real=0.00 secs] 
2024-07-23T00:26:11.763+0800: 20.421: Total time for which application threads were stopped: 0.0174466 seconds, Stopping threads took: 0.0169868 seconds
2024-07-23T00:26:11.764+0800: 20.421: [CMS-concurrent-mark-start]
2024-07-23T00:26:11.765+0800: 20.422: [CMS-concurrent-mark: 0.001/0.001 secs] [Times: user=0.00 sys=0.00, real=0.00 secs] 
2024-07-23T00:26:11.765+0800: 20.422: [CMS-concurrent-preclean-start]
2024-07-23T00:26:11.765+0800: 20.423: [CMS-concurrent-preclean: 0.000/0.000 secs] [Times: user=0.00 sys=0.00, real=0.00 secs] 
2024-07-23T00:26:11.765+0800: 20.423: [GC (CMS Final Remark) [YG occupancy: 0 K (157248 K)]2024-07-23T00:26:11.765+0800: 20.423: [Rescan (parallel) , 0.0001771 secs]2024-07-23T00:26:11.765+0800: 20.423: [weak refs processing, 0.0000096 secs]2024-07-23T00:26:11.765+0800: 20.423: [class unloading, 0.0002465 secs]2024-07-23T00:26:11.766+0800: 20.423: [scrub symbol table, 0.0003664 secs]2024-07-23T00:26:11.766+0800: 20.423: [scrub string table, 0.0001138 secs][1 CMS-remark: 205856K(349568K)] 205856K(506816K), 0.0009646 secs] [Times: user=0.00 sys=0.00, real=0.00 secs] 
2024-07-23T00:26:11.766+0800: 20.424: Total time for which application threads were stopped: 0.0010130 seconds, Stopping threads took: 0.0000160 seconds
2024-07-23T00:26:11.766+0800: 20.424: [CMS-concurrent-sweep-start]
2024-07-23T00:26:11.766+0800: 20.424: [CMS-concurrent-sweep: 0.000/0.000 secs] [Times: user=0.00 sys=0.00, real=0.00 secs] 
2024-07-23T00:26:11.766+0800: 20.424: [CMS-concurrent-reset-start]
2024-07-23T00:26:11.767+0800: 20.424: [CMS-concurrent-reset: 0.000/0.000 secs] [Times: user=0.00 sys=0.00, real=0.00 secs] 
{Heap before GC invocations=449 (full 895):
 par new generation   total 157248K, used 0K [0x00000000e0000000, 0x00000000eaaa0000, 0x00000000eaaa0000)
  eden space 139776K,   0% used [0x00000000e0000000, 0x00000000e0000000, 0x00000000e8880000)
  from space 17472K,   0% used [0x00000000e9990000, 0x00000000e9990000, 0x00000000eaaa0000)
  to   space 17472K,   0% used [0x00000000e8880000, 0x00000000e8880000, 0x00000000e9990000)
 concurrent mark-sweep generation total 349568K, used 205856K [0x00000000eaaa0000, 0x0000000100000000, 0x0000000100000000)
 Metaspace       used 3957K, capacity 4568K, committed 4864K, reserved 1056768K
  class space    used 431K, capacity 460K, committed 512K, reserved 1048576K
2024-07-23T00:26:11.788+0800: 20.445: [GC (Allocation Failure) 2024-07-23T00:26:11.788+0800: 20.445: [ParNew
Desired survivor size 8945664 bytes, new threshold 6 (max 6)
: 0K->0K(157248K), 0.0023747 secs]2024-07-23T00:26:11.790+0800: 20.447: [CMS: 205856K->1056K(349568K), 0.0024421 secs] 205856K->1056K(506816K), [Metaspace: 3957K->3957K(1056768K)], 0.0049454 secs] [Times: user=0.00 sys=0.00, real=0.00 secs] 
Heap after GC invocations=450 (full 896):
 par new generation   total 157248K, used 0K [0x00000000e0000000, 0x00000000eaaa0000, 0x00000000eaaa0000)
  eden space 139776K,   0% used [0x00000000e0000000, 0x00000000e0000000, 0x00000000e8880000)
  from space 17472K,   0% used [0x00000000e8880000, 0x00000000e8880000, 0x00000000e9990000)
  to   space 17472K,   0% used [0x00000000e9990000, 0x00000000e9990000, 0x00000000eaaa0000)
 concurrent mark-sweep generation total 349568K, used 1056K [0x00000000eaaa0000, 0x0000000100000000, 0x0000000100000000)
 Metaspace       used 3957K, capacity 4568K, committed 4864K, reserved 1056768K
  class space    used 431K, capacity 460K, committed 512K, reserved 1048576K
}
2024-07-23T00:26:11.793+0800: 20.450: Total time for which application threads were stopped: 0.0050865 seconds, Stopping threads took: 0.0000337 seconds
2024-07-23T00:26:11.811+0800: 20.468: [GC (CMS Initial Mark) [1 CMS-initial-mark: 205856K(349568K)] 205856K(506816K), 0.0006358 secs] [Times: user=0.00 sys=0.00, real=0.00 secs] 
2024-07-23T00:26:11.812+0800: 20.469: Total time for which application threads were stopped: 0.0185868 seconds, Stopping threads took: 0.0178584 seconds
2024-07-23T00:26:11.812+0800: 20.469: [CMS-concurrent-mark-start]
2024-07-23T00:26:11.813+0800: 20.470: [CMS-concurrent-mark: 0.001/0.001 secs] [Times: user=0.00 sys=0.00, real=0.00 secs] 
2024-07-23T00:26:11.813+0800: 20.470: [CMS-concurrent-preclean-start]
2024-07-23T00:26:11.813+0800: 20.470: [CMS-concurrent-preclean: 0.000/0.000 secs] [Times: user=0.00 sys=0.00, real=0.00 secs] 
2024-07-23T00:26:11.813+0800: 20.470: [GC (CMS Final Remark) [YG occupancy: 0 K (157248 K)]2024-07-23T00:26:11.813+0800: 20.470: [Rescan (parallel) , 0.0004692 secs]2024-07-23T00:26:11.814+0800: 20.471: [weak refs processing, 0.0000072 secs]2024-07-23T00:26:11.814+0800: 20.471: [class unloading, 0.0002083 secs]2024-07-23T00:26:11.814+0800: 20.471: [scrub symbol table, 0.0002935 secs]2024-07-23T00:26:11.814+0800: 20.471: [scrub string table, 0.0000818 secs][1 CMS-remark: 205856K(349568K)] 205856K(506816K), 0.0010903 secs] [Times: user=0.00 sys=0.00, real=0.00 secs] 
2024-07-23T00:26:11.814+0800: 20.471: Total time for which application threads were stopped: 0.0011275 seconds, Stopping threads took: 0.0000144 seconds
2024-07-23T00:26:11.814+0800: 20.471: [CMS-concurrent-sweep-start]
2024-07-23T00:26:11.815+0800: 20.472: [CMS-concurrent-sweep: 0.000/0.000 secs] [Times: user=0.00 sys=0.00, real=0.00 secs] 
2024-07-23T00:26:11.815+0800: 20.472: [CMS-concurrent-reset-start]
2024-07-23T00:26:11.815+0800: 20.472: [CMS-concurrent-reset: 0.000/0.000 secs] [Times: user=0.00 sys=0.00, real=0.00 secs] 
{Heap before GC invocations=450 (full 897):
 par new generation   total 157248K, used 0K [0x00000000e0000000, 0x00000000eaaa0000, 0x00000000eaaa0000)
  eden space 139776K,   0% used [0x00000000e0000000, 0x00000000e0000000, 0x00000000e8880000)
  from space 17472K,   0% used [0x00000000e8880000, 0x00000000e8880000, 0x00000000e9990000)
  to   space 17472K,   0% used [0x00000000e9990000, 0x00000000e9990000, 0x00000000eaaa0000)
 concurrent mark-sweep generation total 349568K, used 205856K [0x00000000eaaa0000, 0x0000000100000000, 0x0000000100000000)
 Metaspace       used 3957K, capacity 4568K, committed 4864K, reserved 1056768K
  class space    used 431K, capacity 460K, committed 512K, reserved 1048576K
2024-07-23T00:26:11.836+0800: 20.493: [GC (Allocation Failure) 2024-07-23T00:26:11.836+0800: 20.493: [ParNew
Desired survivor size 8945664 bytes, new threshold 6 (max 6)
: 0K->0K(157248K), 0.0008980 secs]2024-07-23T00:26:11.837+0800: 20.494: [CMS: 205856K->1056K(349568K), 0.0032811 secs] 205856K->1056K(506816K), [Metaspace: 3957K->3957K(1056768K)], 0.0042977 secs] [Times: user=0.00 sys=0.00, real=0.00 secs] 
Heap after GC invocations=451 (full 898):
 par new generation   total 157248K, used 0K [0x00000000e0000000, 0x00000000eaaa0000, 0x00000000eaaa0000)
  eden space 139776K,   0% used [0x00000000e0000000, 0x00000000e0000000, 0x00000000e8880000)
  from space 17472K,   0% used [0x00000000e9990000, 0x00000000e9990000, 0x00000000eaaa0000)
  to   space 17472K,   0% used [0x00000000e8880000, 0x00000000e8880000, 0x00000000e9990000)
 concurrent mark-sweep generation total 349568K, used 1056K [0x00000000eaaa0000, 0x0000000100000000, 0x0000000100000000)
 Metaspace       used 3957K, capacity 4568K, committed 4864K, reserved 1056768K
  class space    used 431K, capacity 460K, committed 512K, reserved 1048576K
}
2024-07-23T00:26:11.840+0800: 20.497: Total time for which application threads were stopped: 0.0044781 seconds, Stopping threads took: 0.0000718 seconds
2024-07-23T00:26:11.859+0800: 20.516: [GC (CMS Initial Mark) [1 CMS-initial-mark: 205856K(349568K)] 205856K(506816K), 0.0002330 secs] [Times: user=0.00 sys=0.00, real=0.00 secs] 
2024-07-23T00:26:11.859+0800: 20.516: Total time for which application threads were stopped: 0.0188773 seconds, Stopping threads took: 0.0185699 seconds
2024-07-23T00:26:11.859+0800: 20.516: [CMS-concurrent-mark-start]
2024-07-23T00:26:11.861+0800: 20.518: [CMS-concurrent-mark: 0.002/0.002 secs] [Times: user=0.00 sys=0.00, real=0.00 secs] 
2024-07-23T00:26:11.861+0800: 20.518: [CMS-concurrent-preclean-start]
2024-07-23T00:26:11.861+0800: 20.518: [CMS-concurrent-preclean: 0.000/0.000 secs] [Times: user=0.00 sys=0.00, real=0.00 secs] 
2024-07-23T00:26:11.861+0800: 20.518: [GC (CMS Final Remark) [YG occupancy: 0 K (157248 K)]2024-07-23T00:26:11.861+0800: 20.518: [Rescan (parallel) , 0.0002800 secs]2024-07-23T00:26:11.861+0800: 20.519: [weak refs processing, 0.0000080 secs]2024-07-23T00:26:11.861+0800: 20.519: [class unloading, 0.0002130 secs]2024-07-23T00:26:11.862+0800: 20.519: [scrub symbol table, 0.0003668 secs]2024-07-23T00:26:11.862+0800: 20.519: [scrub string table, 0.0001064 secs][1 CMS-remark: 205856K(349568K)] 205856K(506816K), 0.0010199 secs] [Times: user=0.00 sys=0.00, real=0.00 secs] 
2024-07-23T00:26:11.862+0800: 20.519: Total time for which application threads were stopped: 0.0010674 seconds, Stopping threads took: 0.0000176 seconds
2024-07-23T00:26:11.863+0800: 20.520: [CMS-concurrent-sweep-start]
2024-07-23T00:26:11.863+0800: 20.520: [CMS-concurrent-sweep: 0.000/0.000 secs] [Times: user=0.00 sys=0.00, real=0.00 secs] 
2024-07-23T00:26:11.863+0800: 20.520: [CMS-concurrent-reset-start]
2024-07-23T00:26:11.863+0800: 20.520: [CMS-concurrent-reset: 0.000/0.000 secs] [Times: user=0.00 sys=0.00, real=0.00 secs] 
{Heap before GC invocations=451 (full 899):
 par new generation   total 157248K, used 0K [0x00000000e0000000, 0x00000000eaaa0000, 0x00000000eaaa0000)
  eden space 139776K,   0% used [0x00000000e0000000, 0x00000000e0000000, 0x00000000e8880000)
  from space 17472K,   0% used [0x00000000e9990000, 0x00000000e9990000, 0x00000000eaaa0000)
  to   space 17472K,   0% used [0x00000000e8880000, 0x00000000e8880000, 0x00000000e9990000)
 concurrent mark-sweep generation total 349568K, used 205856K [0x00000000eaaa0000, 0x0000000100000000, 0x0000000100000000)
 Metaspace       used 3957K, capacity 4568K, committed 4864K, reserved 1056768K
  class space    used 431K, capacity 460K, committed 512K, reserved 1048576K
2024-07-23T00:26:11.882+0800: 20.539: [GC (Allocation Failure) 2024-07-23T00:26:11.882+0800: 20.539: [ParNew
Desired survivor size 8945664 bytes, new threshold 6 (max 6)
: 0K->0K(157248K), 0.0010599 secs]2024-07-23T00:26:11.883+0800: 20.540: [CMS: 205856K->1056K(349568K), 0.0029042 secs] 205856K->1056K(506816K), [Metaspace: 3957K->3957K(1056768K)], 0.0041019 secs] [Times: user=0.00 sys=0.00, real=0.00 secs] 
Heap after GC invocations=452 (full 900):
 par new generation   total 157248K, used 0K [0x00000000e0000000, 0x00000000eaaa0000, 0x00000000eaaa0000)
  eden space 139776K,   0% used [0x00000000e0000000, 0x00000000e0000000, 0x00000000e8880000)
  from space 17472K,   0% used [0x00000000e8880000, 0x00000000e8880000, 0x00000000e9990000)
  to   space 17472K,   0% used [0x00000000e9990000, 0x00000000e9990000, 0x00000000eaaa0000)
 concurrent mark-sweep generation total 349568K, used 1056K [0x00000000eaaa0000, 0x0000000100000000, 0x0000000100000000)
 Metaspace       used 3957K, capacity 4568K, committed 4864K, reserved 1056768K
  class space    used 431K, capacity 460K, committed 512K, reserved 1048576K
}
2024-07-23T00:26:11.886+0800: 20.543: Total time for which application threads were stopped: 0.0042642 seconds, Stopping threads took: 0.0000340 seconds
2024-07-23T00:26:11.906+0800: 20.564: [GC (CMS Initial Mark) [1 CMS-initial-mark: 205856K(349568K)] 205856K(506816K), 0.0002762 secs] [Times: user=0.00 sys=0.00, real=0.00 secs] 
2024-07-23T00:26:11.907+0800: 20.564: Total time for which application threads were stopped: 0.0203710 seconds, Stopping threads took: 0.0199944 seconds
2024-07-23T00:26:11.907+0800: 20.564: [CMS-concurrent-mark-start]
2024-07-23T00:26:11.908+0800: 20.565: [CMS-concurrent-mark: 0.001/0.001 secs] [Times: user=0.00 sys=0.00, real=0.00 secs] 
2024-07-23T00:26:11.908+0800: 20.565: [CMS-concurrent-preclean-start]
2024-07-23T00:26:11.909+0800: 20.566: [CMS-concurrent-preclean: 0.000/0.000 secs] [Times: user=0.00 sys=0.00, real=0.00 secs] 
2024-07-23T00:26:11.909+0800: 20.566: [GC (CMS Final Remark) [YG occupancy: 0 K (157248 K)]2024-07-23T00:26:11.909+0800: 20.566: [Rescan (parallel) , 0.0003806 secs]2024-07-23T00:26:11.909+0800: 20.566: [weak refs processing, 0.0000077 secs]2024-07-23T00:26:11.909+0800: 20.566: [class unloading, 0.0001924 secs]2024-07-23T00:26:11.909+0800: 20.567: [scrub symbol table, 0.0003190 secs]2024-07-23T00:26:11.910+0800: 20.567: [scrub string table, 0.0000932 secs][1 CMS-remark: 205856K(349568K)] 205856K(506816K), 0.0010486 secs] [Times: user=0.00 sys=0.00, real=0.00 secs] 
2024-07-23T00:26:11.910+0800: 20.567: Total time for which application threads were stopped: 0.0011106 seconds, Stopping threads took: 0.0000272 seconds
2024-07-23T00:26:11.910+0800: 20.567: [CMS-concurrent-sweep-start]
2024-07-23T00:26:11.910+0800: 20.567: [CMS-concurrent-sweep: 0.000/0.000 secs] [Times: user=0.00 sys=0.00, real=0.00 secs] 
2024-07-23T00:26:11.910+0800: 20.567: [CMS-concurrent-reset-start]
2024-07-23T00:26:11.911+0800: 20.568: [CMS-concurrent-reset: 0.000/0.000 secs] [Times: user=0.00 sys=0.00, real=0.00 secs] 
{Heap before GC invocations=452 (full 901):
 par new generation   total 157248K, used 0K [0x00000000e0000000, 0x00000000eaaa0000, 0x00000000eaaa0000)
  eden space 139776K,   0% used [0x00000000e0000000, 0x00000000e0000000, 0x00000000e8880000)
  from space 17472K,   0% used [0x00000000e8880000, 0x00000000e8880000, 0x00000000e9990000)
  to   space 17472K,   0% used [0x00000000e9990000, 0x00000000e9990000, 0x00000000eaaa0000)
 concurrent mark-sweep generation total 349568K, used 205856K [0x00000000eaaa0000, 0x0000000100000000, 0x0000000100000000)
 Metaspace       used 3957K, capacity 4568K, committed 4864K, reserved 1056768K
  class space    used 431K, capacity 460K, committed 512K, reserved 1048576K
2024-07-23T00:26:11.930+0800: 20.587: [GC (Allocation Failure) 2024-07-23T00:26:11.930+0800: 20.587: [ParNew
Desired survivor size 8945664 bytes, new threshold 6 (max 6)
: 0K->0K(157248K), 0.0016446 secs]2024-07-23T00:26:11.932+0800: 20.588: [CMS: 205856K->1056K(349568K), 0.0029350 secs] 205856K->1056K(506816K), [Metaspace: 3957K->3957K(1056768K)], 0.0047881 secs] [Times: user=0.00 sys=0.00, real=0.00 secs] 
Heap after GC invocations=453 (full 902):
 par new generation   total 157248K, used 0K [0x00000000e0000000, 0x00000000eaaa0000, 0x00000000eaaa0000)
  eden space 139776K,   0% used [0x00000000e0000000, 0x00000000e0000000, 0x00000000e8880000)
  from space 17472K,   0% used [0x00000000e9990000, 0x00000000e9990000, 0x00000000eaaa0000)
  to   space 17472K,   0% used [0x00000000e8880000, 0x00000000e8880000, 0x00000000e9990000)
 concurrent mark-sweep generation total 349568K, used 1056K [0x00000000eaaa0000, 0x0000000100000000, 0x0000000100000000)
 Metaspace       used 3957K, capacity 4568K, committed 4864K, reserved 1056768K
  class space    used 431K, capacity 460K, committed 512K, reserved 1048576K
}
2024-07-23T00:26:11.934+0800: 20.591: Total time for which application threads were stopped: 0.0049444 seconds, Stopping threads took: 0.0000327 seconds
2024-07-23T00:26:11.953+0800: 20.611: [GC (CMS Initial Mark) [1 CMS-initial-mark: 205856K(349568K)] 205856K(506816K), 0.0004546 secs] [Times: user=0.00 sys=0.00, real=0.00 secs] 
2024-07-23T00:26:11.954+0800: 20.611: Total time for which application threads were stopped: 0.0195431 seconds, Stopping threads took: 0.0190181 seconds
2024-07-23T00:26:11.954+0800: 20.611: [CMS-concurrent-mark-start]
2024-07-23T00:26:11.955+0800: 20.613: [CMS-concurrent-mark: 0.002/0.002 secs] [Times: user=0.00 sys=0.00, real=0.00 secs] 
2024-07-23T00:26:11.956+0800: 20.613: [CMS-concurrent-preclean-start]
2024-07-23T00:26:11.956+0800: 20.613: [CMS-concurrent-preclean: 0.000/0.000 secs] [Times: user=0.00 sys=0.00, real=0.00 secs] 
2024-07-23T00:26:11.956+0800: 20.613: [GC (CMS Final Remark) [YG occupancy: 0 K (157248 K)]2024-07-23T00:26:11.956+0800: 20.613: [Rescan (parallel) , 0.0002744 secs]2024-07-23T00:26:11.956+0800: 20.613: [weak refs processing, 0.0000109 secs]2024-07-23T00:26:11.956+0800: 20.613: [class unloading, 0.0002419 secs]2024-07-23T00:26:11.957+0800: 20.614: [scrub symbol table, 0.0003690 secs]2024-07-23T00:26:11.957+0800: 20.614: [scrub string table, 0.0001119 secs][1 CMS-remark: 205856K(349568K)] 205856K(506816K), 0.0010614 secs] [Times: user=0.00 sys=0.00, real=0.00 secs] 
2024-07-23T00:26:11.957+0800: 20.614: Total time for which application threads were stopped: 0.0011146 seconds, Stopping threads took: 0.0000124 seconds
2024-07-23T00:26:11.957+0800: 20.614: [CMS-concurrent-sweep-start]
2024-07-23T00:26:11.957+0800: 20.615: [CMS-concurrent-sweep: 0.000/0.000 secs] [Times: user=0.00 sys=0.00, real=0.00 secs] 
2024-07-23T00:26:11.957+0800: 20.615: [CMS-concurrent-reset-start]
2024-07-23T00:26:11.958+0800: 20.615: [CMS-concurrent-reset: 0.000/0.000 secs] [Times: user=0.00 sys=0.00, real=0.00 secs] 
{Heap before GC invocations=453 (full 903):
 par new generation   total 157248K, used 0K [0x00000000e0000000, 0x00000000eaaa0000, 0x00000000eaaa0000)
  eden space 139776K,   0% used [0x00000000e0000000, 0x00000000e0000000, 0x00000000e8880000)
  from space 17472K,   0% used [0x00000000e9990000, 0x00000000e9990000, 0x00000000eaaa0000)
  to   space 17472K,   0% used [0x00000000e8880000, 0x00000000e8880000, 0x00000000e9990000)
 concurrent mark-sweep generation total 349568K, used 205856K [0x00000000eaaa0000, 0x0000000100000000, 0x0000000100000000)
 Metaspace       used 3957K, capacity 4568K, committed 4864K, reserved 1056768K
  class space    used 431K, capacity 460K, committed 512K, reserved 1048576K
2024-07-23T00:26:11.977+0800: 20.634: [GC (Allocation Failure) 2024-07-23T00:26:11.977+0800: 20.634: [ParNew
Desired survivor size 8945664 bytes, new threshold 6 (max 6)
: 0K->0K(157248K), 0.0007159 secs]2024-07-23T00:26:11.978+0800: 20.635: [CMS: 205856K->1056K(349568K), 0.0025030 secs] 205856K->1056K(506816K), [Metaspace: 3957K->3957K(1056768K)], 0.0033019 secs] [Times: user=0.00 sys=0.00, real=0.00 secs] 
Heap after GC invocations=454 (full 904):
 par new generation   total 157248K, used 0K [0x00000000e0000000, 0x00000000eaaa0000, 0x00000000eaaa0000)
  eden space 139776K,   0% used [0x00000000e0000000, 0x00000000e0000000, 0x00000000e8880000)
  from space 17472K,   0% used [0x00000000e8880000, 0x00000000e8880000, 0x00000000e9990000)
  to   space 17472K,   0% used [0x00000000e9990000, 0x00000000e9990000, 0x00000000eaaa0000)
 concurrent mark-sweep generation total 349568K, used 1056K [0x00000000eaaa0000, 0x0000000100000000, 0x0000000100000000)
 Metaspace       used 3957K, capacity 4568K, committed 4864K, reserved 1056768K
  class space    used 431K, capacity 460K, committed 512K, reserved 1048576K
}
2024-07-23T00:26:11.980+0800: 20.637: Total time for which application threads were stopped: 0.0034491 seconds, Stopping threads took: 0.0000433 seconds
2024-07-23T00:26:11.999+0800: 20.656: [GC (CMS Initial Mark) [1 CMS-initial-mark: 205856K(349568K)] 205856K(506816K), 0.0010656 secs] [Times: user=0.00 sys=0.00, real=0.00 secs] 
2024-07-23T00:26:12.000+0800: 20.657: Total time for which application threads were stopped: 0.0193003 seconds, Stopping threads took: 0.0181227 seconds
2024-07-23T00:26:12.000+0800: 20.657: [CMS-concurrent-mark-start]
2024-07-23T00:26:12.001+0800: 20.658: [CMS-concurrent-mark: 0.002/0.002 secs] [Times: user=0.00 sys=0.00, real=0.00 secs] 
2024-07-23T00:26:12.001+0800: 20.658: [CMS-concurrent-preclean-start]
2024-07-23T00:26:12.002+0800: 20.659: [CMS-concurrent-preclean: 0.000/0.000 secs] [Times: user=0.00 sys=0.00, real=0.00 secs] 
2024-07-23T00:26:12.002+0800: 20.659: [GC (CMS Final Remark) [YG occupancy: 0 K (157248 K)]2024-07-23T00:26:12.002+0800: 20.659: [Rescan (parallel) , 0.0003204 secs]2024-07-23T00:26:12.002+0800: 20.659: [weak refs processing, 0.0000096 secs]2024-07-23T00:26:12.002+0800: 20.659: [class unloading, 0.0001811 secs]2024-07-23T00:26:12.003+0800: 20.660: [scrub symbol table, 0.0002830 secs]2024-07-23T00:26:12.003+0800: 20.660: [scrub string table, 0.0000809 secs][1 CMS-remark: 205856K(349568K)] 205856K(506816K), 0.0009354 secs] [Times: user=0.00 sys=0.00, real=0.00 secs] 
2024-07-23T00:26:12.003+0800: 20.660: Total time for which application threads were stopped: 0.0009909 seconds, Stopping threads took: 0.0000189 seconds
2024-07-23T00:26:12.003+0800: 20.660: [CMS-concurrent-sweep-start]
2024-07-23T00:26:12.003+0800: 20.660: [CMS-concurrent-sweep: 0.000/0.000 secs] [Times: user=0.00 sys=0.00, real=0.00 secs] 
2024-07-23T00:26:12.003+0800: 20.660: [CMS-concurrent-reset-start]
2024-07-23T00:26:12.004+0800: 20.661: [CMS-concurrent-reset: 0.000/0.000 secs] [Times: user=0.00 sys=0.00, real=0.00 secs] 
{Heap before GC invocations=454 (full 905):
 par new generation   total 157248K, used 0K [0x00000000e0000000, 0x00000000eaaa0000, 0x00000000eaaa0000)
  eden space 139776K,   0% used [0x00000000e0000000, 0x00000000e0000000, 0x00000000e8880000)
  from space 17472K,   0% used [0x00000000e8880000, 0x00000000e8880000, 0x00000000e9990000)
  to   space 17472K,   0% used [0x00000000e9990000, 0x00000000e9990000, 0x00000000eaaa0000)
 concurrent mark-sweep generation total 349568K, used 205856K [0x00000000eaaa0000, 0x0000000100000000, 0x0000000100000000)
 Metaspace       used 3957K, capacity 4568K, committed 4864K, reserved 1056768K
  class space    used 431K, capacity 460K, committed 512K, reserved 1048576K
2024-07-23T00:26:12.023+0800: 20.680: [GC (Allocation Failure) 2024-07-23T00:26:12.023+0800: 20.680: [ParNew
Desired survivor size 8945664 bytes, new threshold 6 (max 6)
: 0K->0K(157248K), 0.0020110 secs]2024-07-23T00:26:12.025+0800: 20.682: [CMS: 205856K->1056K(349568K), 0.0030080 secs] 205856K->1056K(506816K), [Metaspace: 3957K->3957K(1056768K)], 0.0051354 secs] [Times: user=0.00 sys=0.00, real=0.01 secs] 
Heap after GC invocations=455 (full 906):
 par new generation   total 157248K, used 0K [0x00000000e0000000, 0x00000000eaaa0000, 0x00000000eaaa0000)
  eden space 139776K,   0% used [0x00000000e0000000, 0x00000000e0000000, 0x00000000e8880000)
  from space 17472K,   0% used [0x00000000e9990000, 0x00000000e9990000, 0x00000000eaaa0000)
  to   space 17472K,   0% used [0x00000000e8880000, 0x00000000e8880000, 0x00000000e9990000)
 concurrent mark-sweep generation total 349568K, used 1056K [0x00000000eaaa0000, 0x0000000100000000, 0x0000000100000000)
 Metaspace       used 3957K, capacity 4568K, committed 4864K, reserved 1056768K
  class space    used 431K, capacity 460K, committed 512K, reserved 1048576K
}
2024-07-23T00:26:12.028+0800: 20.685: Total time for which application threads were stopped: 0.0052784 seconds, Stopping threads took: 0.0000295 seconds
2024-07-23T00:26:12.045+0800: 20.702: [GC (CMS Initial Mark) [1 CMS-initial-mark: 205856K(349568K)] 205856K(506816K), 0.0007341 secs] [Times: user=0.00 sys=0.00, real=0.00 secs] 
2024-07-23T00:26:12.046+0800: 20.703: Total time for which application threads were stopped: 0.0176255 seconds, Stopping threads took: 0.0168253 seconds
2024-07-23T00:26:12.046+0800: 20.703: [CMS-concurrent-mark-start]
2024-07-23T00:26:12.047+0800: 20.704: [CMS-concurrent-mark: 0.001/0.001 secs] [Times: user=0.00 sys=0.00, real=0.00 secs] 
2024-07-23T00:26:12.047+0800: 20.704: [CMS-concurrent-preclean-start]
2024-07-23T00:26:12.047+0800: 20.704: [CMS-concurrent-preclean: 0.000/0.000 secs] [Times: user=0.00 sys=0.00, real=0.00 secs] 
2024-07-23T00:26:12.047+0800: 20.704: [GC (CMS Final Remark) [YG occupancy: 0 K (157248 K)]2024-07-23T00:26:12.047+0800: 20.704: [Rescan (parallel) , 0.0007313 secs]2024-07-23T00:26:12.048+0800: 20.705: [weak refs processing, 0.0000067 secs]2024-07-23T00:26:12.048+0800: 20.705: [class unloading, 0.0001907 secs]2024-07-23T00:26:12.048+0800: 20.705: [scrub symbol table, 0.0002820 secs]2024-07-23T00:26:12.048+0800: 20.706: [scrub string table, 0.0000849 secs][1 CMS-remark: 205856K(349568K)] 205856K(506816K), 0.0013390 secs] [Times: user=0.00 sys=0.00, real=0.00 secs] 
2024-07-23T00:26:12.048+0800: 20.706: Total time for which application threads were stopped: 0.0013818 seconds, Stopping threads took: 0.0000166 seconds
2024-07-23T00:26:12.048+0800: 20.706: [CMS-concurrent-sweep-start]
2024-07-23T00:26:12.049+0800: 20.706: [CMS-concurrent-sweep: 0.000/0.000 secs] [Times: user=0.00 sys=0.00, real=0.00 secs] 
2024-07-23T00:26:12.049+0800: 20.706: [CMS-concurrent-reset-start]
2024-07-23T00:26:12.049+0800: 20.706: [CMS-concurrent-reset: 0.000/0.000 secs] [Times: user=0.00 sys=0.00, real=0.00 secs] 
{Heap before GC invocations=455 (full 907):
 par new generation   total 157248K, used 0K [0x00000000e0000000, 0x00000000eaaa0000, 0x00000000eaaa0000)
  eden space 139776K,   0% used [0x00000000e0000000, 0x00000000e0000000, 0x00000000e8880000)
  from space 17472K,   0% used [0x00000000e9990000, 0x00000000e9990000, 0x00000000eaaa0000)
  to   space 17472K,   0% used [0x00000000e8880000, 0x00000000e8880000, 0x00000000e9990000)
 concurrent mark-sweep generation total 349568K, used 205856K [0x00000000eaaa0000, 0x0000000100000000, 0x0000000100000000)
 Metaspace       used 3957K, capacity 4568K, committed 4864K, reserved 1056768K
  class space    used 431K, capacity 460K, committed 512K, reserved 1048576K
2024-07-23T00:26:12.069+0800: 20.726: [GC (Allocation Failure) 2024-07-23T00:26:12.069+0800: 20.726: [ParNew
Desired survivor size 8945664 bytes, new threshold 6 (max 6)
: 0K->0K(157248K), 0.0015225 secs]2024-07-23T00:26:12.071+0800: 20.727: [CMS: 205856K->1056K(349568K), 0.0021854 secs] 205856K->1056K(506816K), [Metaspace: 3957K->3957K(1056768K)], 0.0037770 secs] [Times: user=0.00 sys=0.00, real=0.00 secs] 
Heap after GC invocations=456 (full 908):
 par new generation   total 157248K, used 0K [0x00000000e0000000, 0x00000000eaaa0000, 0x00000000eaaa0000)
  eden space 139776K,   0% used [0x00000000e0000000, 0x00000000e0000000, 0x00000000e8880000)
  from space 17472K,   0% used [0x00000000e8880000, 0x00000000e8880000, 0x00000000e9990000)
  to   space 17472K,   0% used [0x00000000e9990000, 0x00000000e9990000, 0x00000000eaaa0000)
 concurrent mark-sweep generation total 349568K, used 1056K [0x00000000eaaa0000, 0x0000000100000000, 0x0000000100000000)
 Metaspace       used 3957K, capacity 4568K, committed 4864K, reserved 1056768K
  class space    used 431K, capacity 460K, committed 512K, reserved 1048576K
}
2024-07-23T00:26:12.073+0800: 20.730: Total time for which application threads were stopped: 0.0039029 seconds, Stopping threads took: 0.0000379 seconds
2024-07-23T00:26:12.089+0800: 20.746: [GC (CMS Initial Mark) [1 CMS-initial-mark: 205856K(349568K)] 205856K(506816K), 0.0004233 secs] [Times: user=0.00 sys=0.00, real=0.00 secs] 
2024-07-23T00:26:12.090+0800: 20.747: Total time for which application threads were stopped: 0.0168605 seconds, Stopping threads took: 0.0163806 seconds
2024-07-23T00:26:12.090+0800: 20.747: [CMS-concurrent-mark-start]
2024-07-23T00:26:12.091+0800: 20.748: [CMS-concurrent-mark: 0.001/0.001 secs] [Times: user=0.00 sys=0.00, real=0.00 secs] 
2024-07-23T00:26:12.091+0800: 20.748: [CMS-concurrent-preclean-start]
2024-07-23T00:26:12.091+0800: 20.748: [CMS-concurrent-preclean: 0.000/0.000 secs] [Times: user=0.00 sys=0.00, real=0.00 secs] 
2024-07-23T00:26:12.091+0800: 20.748: [GC (CMS Final Remark) [YG occupancy: 0 K (157248 K)]2024-07-23T00:26:12.091+0800: 20.748: [Rescan (parallel) , 0.0009850 secs]2024-07-23T00:26:12.092+0800: 20.749: [weak refs processing, 0.0000155 secs]2024-07-23T00:26:12.092+0800: 20.749: [class unloading, 0.0002778 secs]2024-07-23T00:26:12.093+0800: 20.749: [scrub symbol table, 0.0003877 secs]2024-07-23T00:26:12.093+0800: 20.750: [scrub string table, 0.0000783 secs][1 CMS-remark: 205856K(349568K)] 205856K(506816K), 0.0018108 secs] [Times: user=0.00 sys=0.00, real=0.00 secs] 
2024-07-23T00:26:12.093+0800: 20.750: Total time for which application threads were stopped: 0.0018574 seconds, Stopping threads took: 0.0000190 seconds
2024-07-23T00:26:12.093+0800: 20.750: [CMS-concurrent-sweep-start]
2024-07-23T00:26:12.093+0800: 20.750: [CMS-concurrent-sweep: 0.000/0.000 secs] [Times: user=0.00 sys=0.00, real=0.00 secs] 
2024-07-23T00:26:12.093+0800: 20.750: [CMS-concurrent-reset-start]
2024-07-23T00:26:12.094+0800: 20.751: [CMS-concurrent-reset: 0.000/0.000 secs] [Times: user=0.00 sys=0.00, real=0.00 secs] 
{Heap before GC invocations=456 (full 909):
 par new generation   total 157248K, used 0K [0x00000000e0000000, 0x00000000eaaa0000, 0x00000000eaaa0000)
  eden space 139776K,   0% used [0x00000000e0000000, 0x00000000e0000000, 0x00000000e8880000)
  from space 17472K,   0% used [0x00000000e8880000, 0x00000000e8880000, 0x00000000e9990000)
  to   space 17472K,   0% used [0x00000000e9990000, 0x00000000e9990000, 0x00000000eaaa0000)
 concurrent mark-sweep generation total 349568K, used 205856K [0x00000000eaaa0000, 0x0000000100000000, 0x0000000100000000)
 Metaspace       used 3957K, capacity 4568K, committed 4864K, reserved 1056768K
  class space    used 431K, capacity 460K, committed 512K, reserved 1048576K
2024-07-23T00:26:12.100+0800: 20.757: [GC (Allocation Failure) 2024-07-23T00:26:12.100+0800: 20.757: [ParNew
Desired survivor size 8945664 bytes, new threshold 6 (max 6)
: 0K->0K(157248K), 0.0014289 secs]2024-07-23T00:26:12.101+0800: 20.758: [CMS: 205856K->1056K(349568K), 0.0029604 secs] 205856K->1056K(506816K), [Metaspace: 3957K->3957K(1056768K)], 0.0044867 secs] [Times: user=0.00 sys=0.00, real=0.00 secs] 
Heap after GC invocations=457 (full 910):
 par new generation   total 157248K, used 0K [0x00000000e0000000, 0x00000000eaaa0000, 0x00000000eaaa0000)
  eden space 139776K,   0% used [0x00000000e0000000, 0x00000000e0000000, 0x00000000e8880000)
  from space 17472K,   0% used [0x00000000e9990000, 0x00000000e9990000, 0x00000000eaaa0000)
  to   space 17472K,   0% used [0x00000000e8880000, 0x00000000e8880000, 0x00000000e9990000)
 concurrent mark-sweep generation total 349568K, used 1056K [0x00000000eaaa0000, 0x0000000100000000, 0x0000000100000000)
 Metaspace       used 3957K, capacity 4568K, committed 4864K, reserved 1056768K
  class space    used 431K, capacity 460K, committed 512K, reserved 1048576K
}
2024-07-23T00:26:12.104+0800: 20.761: Total time for which application threads were stopped: 0.0046073 seconds, Stopping threads took: 0.0000303 seconds
2024-07-23T00:26:12.121+0800: 20.779: [GC (CMS Initial Mark) [1 CMS-initial-mark: 205856K(349568K)] 205856K(506816K), 0.0003270 secs] [Times: user=0.00 sys=0.00, real=0.00 secs] 
2024-07-23T00:26:12.122+0800: 20.779: Total time for which application threads were stopped: 0.0175841 seconds, Stopping threads took: 0.0172056 seconds
2024-07-23T00:26:12.122+0800: 20.779: [CMS-concurrent-mark-start]
2024-07-23T00:26:12.123+0800: 20.780: [CMS-concurrent-mark: 0.001/0.001 secs] [Times: user=0.00 sys=0.00, real=0.00 secs] 
2024-07-23T00:26:12.123+0800: 20.780: [CMS-concurrent-preclean-start]
2024-07-23T00:26:12.123+0800: 20.780: [CMS-concurrent-preclean: 0.000/0.000 secs] [Times: user=0.00 sys=0.00, real=0.00 secs] 
2024-07-23T00:26:12.123+0800: 20.781: [GC (CMS Final Remark) [YG occupancy: 0 K (157248 K)]2024-07-23T00:26:12.123+0800: 20.781: [Rescan (parallel) , 0.0003662 secs]2024-07-23T00:26:12.124+0800: 20.781: [weak refs processing, 0.0000082 secs]2024-07-23T00:26:12.124+0800: 20.781: [class unloading, 0.0001879 secs]2024-07-23T00:26:12.124+0800: 20.781: [scrub symbol table, 0.0002882 secs]2024-07-23T00:26:12.124+0800: 20.782: [scrub string table, 0.0000828 secs][1 CMS-remark: 205856K(349568K)] 205856K(506816K), 0.0009788 secs] [Times: user=0.00 sys=0.00, real=0.00 secs] 
2024-07-23T00:26:12.124+0800: 20.782: Total time for which application threads were stopped: 0.0010253 seconds, Stopping threads took: 0.0000158 seconds
2024-07-23T00:26:12.124+0800: 20.782: [CMS-concurrent-sweep-start]
2024-07-23T00:26:12.125+0800: 20.782: [CMS-concurrent-sweep: 0.000/0.000 secs] [Times: user=0.00 sys=0.00, real=0.00 secs] 
2024-07-23T00:26:12.125+0800: 20.782: [CMS-concurrent-reset-start]
2024-07-23T00:26:12.125+0800: 20.782: [CMS-concurrent-reset: 0.000/0.000 secs] [Times: user=0.00 sys=0.00, real=0.00 secs] 
{Heap before GC invocations=457 (full 911):
 par new generation   total 157248K, used 0K [0x00000000e0000000, 0x00000000eaaa0000, 0x00000000eaaa0000)
  eden space 139776K,   0% used [0x00000000e0000000, 0x00000000e0000000, 0x00000000e8880000)
  from space 17472K,   0% used [0x00000000e9990000, 0x00000000e9990000, 0x00000000eaaa0000)
  to   space 17472K,   0% used [0x00000000e8880000, 0x00000000e8880000, 0x00000000e9990000)
 concurrent mark-sweep generation total 349568K, used 205856K [0x00000000eaaa0000, 0x0000000100000000, 0x0000000100000000)
 Metaspace       used 3957K, capacity 4568K, committed 4864K, reserved 1056768K
  class space    used 431K, capacity 460K, committed 512K, reserved 1048576K
2024-07-23T00:26:12.146+0800: 20.803: [GC (Allocation Failure) 2024-07-23T00:26:12.146+0800: 20.803: [ParNew
Desired survivor size 8945664 bytes, new threshold 6 (max 6)
: 0K->0K(157248K), 0.0008280 secs]2024-07-23T00:26:12.147+0800: 20.804: [CMS: 205856K->1056K(349568K), 0.0024037 secs] 205856K->1056K(506816K), [Metaspace: 3957K->3957K(1056768K)], 0.0033339 secs] [Times: user=0.00 sys=0.00, real=0.00 secs] 
Heap after GC invocations=458 (full 912):
 par new generation   total 157248K, used 0K [0x00000000e0000000, 0x00000000eaaa0000, 0x00000000eaaa0000)
  eden space 139776K,   0% used [0x00000000e0000000, 0x00000000e0000000, 0x00000000e8880000)
  from space 17472K,   0% used [0x00000000e8880000, 0x00000000e8880000, 0x00000000e9990000)
  to   space 17472K,   0% used [0x00000000e9990000, 0x00000000e9990000, 0x00000000eaaa0000)
 concurrent mark-sweep generation total 349568K, used 1056K [0x00000000eaaa0000, 0x0000000100000000, 0x0000000100000000)
 Metaspace       used 3957K, capacity 4568K, committed 4864K, reserved 1056768K
  class space    used 431K, capacity 460K, committed 512K, reserved 1048576K
}
2024-07-23T00:26:12.149+0800: 20.806: Total time for which application threads were stopped: 0.0034735 seconds, Stopping threads took: 0.0000283 seconds
2024-07-23T00:26:12.168+0800: 20.824: [GC (CMS Initial Mark) [1 CMS-initial-mark: 205856K(349568K)] 205856K(506816K), 0.0002894 secs] [Times: user=0.00 sys=0.00, real=0.00 secs] 
2024-07-23T00:26:12.168+0800: 20.825: Total time for which application threads were stopped: 0.0181012 seconds, Stopping threads took: 0.0177504 seconds
2024-07-23T00:26:12.168+0800: 20.825: [CMS-concurrent-mark-start]
2024-07-23T00:26:12.169+0800: 20.826: [CMS-concurrent-mark: 0.001/0.001 secs] [Times: user=0.02 sys=0.00, real=0.00 secs] 
2024-07-23T00:26:12.169+0800: 20.826: [CMS-concurrent-preclean-start]
2024-07-23T00:26:12.170+0800: 20.826: [CMS-concurrent-preclean: 0.000/0.000 secs] [Times: user=0.00 sys=0.00, real=0.00 secs] 
2024-07-23T00:26:12.170+0800: 20.826: [GC (CMS Final Remark) [YG occupancy: 0 K (157248 K)]2024-07-23T00:26:12.170+0800: 20.826: [Rescan (parallel) , 0.0003905 secs]2024-07-23T00:26:12.170+0800: 20.827: [weak refs processing, 0.0000119 secs]2024-07-23T00:26:12.170+0800: 20.827: [class unloading, 0.0002482 secs]2024-07-23T00:26:12.170+0800: 20.827: [scrub symbol table, 0.0003662 secs]2024-07-23T00:26:12.171+0800: 20.827: [scrub string table, 0.0001127 secs][1 CMS-remark: 205856K(349568K)] 205856K(506816K), 0.0011895 secs] [Times: user=0.00 sys=0.00, real=0.00 secs] 
2024-07-23T00:26:12.171+0800: 20.828: Total time for which application threads were stopped: 0.0012410 seconds, Stopping threads took: 0.0000158 seconds
2024-07-23T00:26:12.171+0800: 20.828: [CMS-concurrent-sweep-start]
2024-07-23T00:26:12.171+0800: 20.828: [CMS-concurrent-sweep: 0.000/0.000 secs] [Times: user=0.00 sys=0.00, real=0.00 secs] 
2024-07-23T00:26:12.171+0800: 20.828: [CMS-concurrent-reset-start]
2024-07-23T00:26:12.172+0800: 20.828: [CMS-concurrent-reset: 0.000/0.000 secs] [Times: user=0.00 sys=0.00, real=0.00 secs] 
{Heap before GC invocations=458 (full 913):
 par new generation   total 157248K, used 0K [0x00000000e0000000, 0x00000000eaaa0000, 0x00000000eaaa0000)
  eden space 139776K,   0% used [0x00000000e0000000, 0x00000000e0000000, 0x00000000e8880000)
  from space 17472K,   0% used [0x00000000e8880000, 0x00000000e8880000, 0x00000000e9990000)
  to   space 17472K,   0% used [0x00000000e9990000, 0x00000000e9990000, 0x00000000eaaa0000)
 concurrent mark-sweep generation total 349568K, used 205856K [0x00000000eaaa0000, 0x0000000100000000, 0x0000000100000000)
 Metaspace       used 3957K, capacity 4568K, committed 4864K, reserved 1056768K
  class space    used 431K, capacity 460K, committed 512K, reserved 1048576K
2024-07-23T00:26:12.192+0800: 20.849: [GC (Allocation Failure) 2024-07-23T00:26:12.192+0800: 20.850: [ParNew
Desired survivor size 8945664 bytes, new threshold 6 (max 6)
: 0K->0K(157248K), 0.0011062 secs]2024-07-23T00:26:12.194+0800: 20.851: [CMS: 205856K->1056K(349568K), 0.0034933 secs] 205856K->1056K(506816K), [Metaspace: 3957K->3957K(1056768K)], 0.0047929 secs] [Times: user=0.00 sys=0.00, real=0.01 secs] 
Heap after GC invocations=459 (full 914):
 par new generation   total 157248K, used 0K [0x00000000e0000000, 0x00000000eaaa0000, 0x00000000eaaa0000)
  eden space 139776K,   0% used [0x00000000e0000000, 0x00000000e0000000, 0x00000000e8880000)
  from space 17472K,   0% used [0x00000000e9990000, 0x00000000e9990000, 0x00000000eaaa0000)
  to   space 17472K,   0% used [0x00000000e8880000, 0x00000000e8880000, 0x00000000e9990000)
 concurrent mark-sweep generation total 349568K, used 1056K [0x00000000eaaa0000, 0x0000000100000000, 0x0000000100000000)
 Metaspace       used 3957K, capacity 4568K, committed 4864K, reserved 1056768K
  class space    used 431K, capacity 460K, committed 512K, reserved 1048576K
}
2024-07-23T00:26:12.198+0800: 20.854: Total time for which application threads were stopped: 0.0050376 seconds, Stopping threads took: 0.0000322 seconds
2024-07-23T00:26:12.218+0800: 20.874: [GC (CMS Initial Mark) [1 CMS-initial-mark: 205856K(349568K)] 205856K(506816K), 0.0007911 secs] [Times: user=0.00 sys=0.00, real=0.00 secs] 
2024-07-23T00:26:12.218+0800: 20.875: Total time for which application threads were stopped: 0.0206898 seconds, Stopping threads took: 0.0198387 seconds
2024-07-23T00:26:12.218+0800: 20.875: [CMS-concurrent-mark-start]
2024-07-23T00:26:12.219+0800: 20.876: [CMS-concurrent-mark: 0.001/0.001 secs] [Times: user=0.00 sys=0.00, real=0.00 secs] 
2024-07-23T00:26:12.219+0800: 20.876: [CMS-concurrent-preclean-start]
2024-07-23T00:26:12.219+0800: 20.877: [CMS-concurrent-preclean: 0.000/0.000 secs] [Times: user=0.00 sys=0.00, real=0.00 secs] 
2024-07-23T00:26:12.219+0800: 20.877: [GC (CMS Final Remark) [YG occupancy: 0 K (157248 K)]2024-07-23T00:26:12.219+0800: 20.877: [Rescan (parallel) , 0.0003167 secs]2024-07-23T00:26:12.220+0800: 20.877: [weak refs processing, 0.0000087 secs]2024-07-23T00:26:12.220+0800: 20.877: [class unloading, 0.0001963 secs]2024-07-23T00:26:12.220+0800: 20.877: [scrub symbol table, 0.0003167 secs]2024-07-23T00:26:12.220+0800: 20.878: [scrub string table, 0.0000927 secs][1 CMS-remark: 205856K(349568K)] 205856K(506816K), 0.0009824 secs] [Times: user=0.00 sys=0.00, real=0.00 secs] 
2024-07-23T00:26:12.220+0800: 20.878: Total time for which application threads were stopped: 0.0010307 seconds, Stopping threads took: 0.0000160 seconds
2024-07-23T00:26:12.220+0800: 20.878: [CMS-concurrent-sweep-start]
2024-07-23T00:26:12.221+0800: 20.878: [CMS-concurrent-sweep: 0.000/0.000 secs] [Times: user=0.00 sys=0.00, real=0.00 secs] 
2024-07-23T00:26:12.221+0800: 20.878: [CMS-concurrent-reset-start]
2024-07-23T00:26:12.221+0800: 20.879: [CMS-concurrent-reset: 0.000/0.000 secs] [Times: user=0.00 sys=0.00, real=0.00 secs] 
{Heap before GC invocations=459 (full 915):
 par new generation   total 157248K, used 0K [0x00000000e0000000, 0x00000000eaaa0000, 0x00000000eaaa0000)
  eden space 139776K,   0% used [0x00000000e0000000, 0x00000000e0000000, 0x00000000e8880000)
  from space 17472K,   0% used [0x00000000e9990000, 0x00000000e9990000, 0x00000000eaaa0000)
  to   space 17472K,   0% used [0x00000000e8880000, 0x00000000e8880000, 0x00000000e9990000)
 concurrent mark-sweep generation total 349568K, used 205856K [0x00000000eaaa0000, 0x0000000100000000, 0x0000000100000000)
 Metaspace       used 3957K, capacity 4568K, committed 4864K, reserved 1056768K
  class space    used 431K, capacity 460K, committed 512K, reserved 1048576K
2024-07-23T00:26:12.239+0800: 20.896: [GC (Allocation Failure) 2024-07-23T00:26:12.239+0800: 20.896: [ParNew
Desired survivor size 8945664 bytes, new threshold 6 (max 6)
: 0K->0K(157248K), 0.0035501 secs]2024-07-23T00:26:12.243+0800: 20.900: [CMS: 205856K->1056K(349568K), 0.0050208 secs] 205856K->1056K(506816K), [Metaspace: 3957K->3957K(1056768K)], 0.0087568 secs] [Times: user=0.00 sys=0.00, real=0.01 secs] 
Heap after GC invocations=460 (full 916):
 par new generation   total 157248K, used 0K [0x00000000e0000000, 0x00000000eaaa0000, 0x00000000eaaa0000)
  eden space 139776K,   0% used [0x00000000e0000000, 0x00000000e0000000, 0x00000000e8880000)
  from space 17472K,   0% used [0x00000000e8880000, 0x00000000e8880000, 0x00000000e9990000)
  to   space 17472K,   0% used [0x00000000e9990000, 0x00000000e9990000, 0x00000000eaaa0000)
 concurrent mark-sweep generation total 349568K, used 1056K [0x00000000eaaa0000, 0x0000000100000000, 0x0000000100000000)
 Metaspace       used 3957K, capacity 4568K, committed 4864K, reserved 1056768K
  class space    used 431K, capacity 460K, committed 512K, reserved 1048576K
}
2024-07-23T00:26:12.248+0800: 20.905: Total time for which application threads were stopped: 0.0089988 seconds, Stopping threads took: 0.0000466 seconds
2024-07-23T00:26:12.269+0800: 20.925: [GC (CMS Initial Mark) [1 CMS-initial-mark: 205856K(349568K)] 205856K(506816K), 0.0005798 secs] [Times: user=0.00 sys=0.00, real=0.00 secs] 
2024-07-23T00:26:12.269+0800: 20.926: Total time for which application threads were stopped: 0.0206458 seconds, Stopping threads took: 0.0199759 seconds
2024-07-23T00:26:12.269+0800: 20.926: [CMS-concurrent-mark-start]
2024-07-23T00:26:12.272+0800: 20.929: [CMS-concurrent-mark: 0.003/0.003 secs] [Times: user=0.00 sys=0.00, real=0.00 secs] 
2024-07-23T00:26:12.272+0800: 20.929: [CMS-concurrent-preclean-start]
2024-07-23T00:26:12.272+0800: 20.929: [CMS-concurrent-preclean: 0.000/0.000 secs] [Times: user=0.00 sys=0.00, real=0.00 secs] 
2024-07-23T00:26:12.272+0800: 20.930: [GC (CMS Final Remark) [YG occupancy: 0 K (157248 K)]2024-07-23T00:26:12.272+0800: 20.930: [Rescan (parallel) , 0.0003543 secs]2024-07-23T00:26:12.273+0800: 20.930: [weak refs processing, 0.0000097 secs]2024-07-23T00:26:12.273+0800: 20.930: [class unloading, 0.0002058 secs]2024-07-23T00:26:12.273+0800: 20.930: [scrub symbol table, 0.0003216 secs]2024-07-23T00:26:12.273+0800: 20.931: [scrub string table, 0.0000947 secs][1 CMS-remark: 205856K(349568K)] 205856K(506816K), 0.0010596 secs] [Times: user=0.00 sys=0.00, real=0.00 secs] 
2024-07-23T00:26:12.273+0800: 20.931: Total time for which application threads were stopped: 0.0011565 seconds, Stopping threads took: 0.0000548 seconds
2024-07-23T00:26:12.273+0800: 20.931: [CMS-concurrent-sweep-start]
2024-07-23T00:26:12.274+0800: 20.931: [CMS-concurrent-sweep: 0.000/0.000 secs] [Times: user=0.00 sys=0.00, real=0.00 secs] 
2024-07-23T00:26:12.274+0800: 20.931: [CMS-concurrent-reset-start]
2024-07-23T00:26:12.274+0800: 20.932: [CMS-concurrent-reset: 0.000/0.000 secs] [Times: user=0.00 sys=0.00, real=0.00 secs] 
{Heap before GC invocations=460 (full 917):
 par new generation   total 157248K, used 0K [0x00000000e0000000, 0x00000000eaaa0000, 0x00000000eaaa0000)
  eden space 139776K,   0% used [0x00000000e0000000, 0x00000000e0000000, 0x00000000e8880000)
  from space 17472K,   0% used [0x00000000e8880000, 0x00000000e8880000, 0x00000000e9990000)
  to   space 17472K,   0% used [0x00000000e9990000, 0x00000000e9990000, 0x00000000eaaa0000)
 concurrent mark-sweep generation total 349568K, used 205856K [0x00000000eaaa0000, 0x0000000100000000, 0x0000000100000000)
 Metaspace       used 3957K, capacity 4568K, committed 4864K, reserved 1056768K
  class space    used 431K, capacity 460K, committed 512K, reserved 1048576K
2024-07-23T00:26:12.285+0800: 20.942: [GC (Allocation Failure) 2024-07-23T00:26:12.285+0800: 20.942: [ParNew
Desired survivor size 8945664 bytes, new threshold 6 (max 6)
: 0K->0K(157248K), 0.0009411 secs]2024-07-23T00:26:12.286+0800: 20.943: [CMS: 205856K->1056K(349568K), 0.0031129 secs] 205856K->1056K(506816K), [Metaspace: 3957K->3957K(1056768K)], 0.0042095 secs] [Times: user=0.02 sys=0.00, real=0.00 secs] 
Heap after GC invocations=461 (full 918):
 par new generation   total 157248K, used 0K [0x00000000e0000000, 0x00000000eaaa0000, 0x00000000eaaa0000)
  eden space 139776K,   0% used [0x00000000e0000000, 0x00000000e0000000, 0x00000000e8880000)
  from space 17472K,   0% used [0x00000000e9990000, 0x00000000e9990000, 0x00000000eaaa0000)
  to   space 17472K,   0% used [0x00000000e8880000, 0x00000000e8880000, 0x00000000e9990000)
 concurrent mark-sweep generation total 349568K, used 1056K [0x00000000eaaa0000, 0x0000000100000000, 0x0000000100000000)
 Metaspace       used 3957K, capacity 4568K, committed 4864K, reserved 1056768K
  class space    used 431K, capacity 460K, committed 512K, reserved 1048576K
}
2024-07-23T00:26:12.289+0800: 20.947: Total time for which application threads were stopped: 0.0043721 seconds, Stopping threads took: 0.0000490 seconds
2024-07-23T00:26:12.313+0800: 20.970: [GC (CMS Initial Mark) [1 CMS-initial-mark: 205856K(349568K)] 205856K(506816K), 0.0015672 secs] [Times: user=0.00 sys=0.00, real=0.00 secs] 
2024-07-23T00:26:12.315+0800: 20.972: Total time for which application threads were stopped: 0.0250602 seconds, Stopping threads took: 0.0234040 seconds
2024-07-23T00:26:12.315+0800: 20.972: [CMS-concurrent-mark-start]
2024-07-23T00:26:12.317+0800: 20.974: [CMS-concurrent-mark: 0.002/0.002 secs] [Times: user=0.00 sys=0.00, real=0.00 secs] 
2024-07-23T00:26:12.317+0800: 20.974: [CMS-concurrent-preclean-start]
2024-07-23T00:26:12.317+0800: 20.974: [CMS-concurrent-preclean: 0.000/0.000 secs] [Times: user=0.00 sys=0.00, real=0.00 secs] 
2024-07-23T00:26:12.317+0800: 20.975: [GC (CMS Final Remark) [YG occupancy: 0 K (157248 K)]2024-07-23T00:26:12.318+0800: 20.975: [Rescan (parallel) , 0.0007764 secs]2024-07-23T00:26:12.318+0800: 20.976: [weak refs processing, 0.0000159 secs]2024-07-23T00:26:12.318+0800: 20.976: [class unloading, 0.0004481 secs]2024-07-23T00:26:12.319+0800: 20.976: [scrub symbol table, 0.0004983 secs]2024-07-23T00:26:12.319+0800: 20.977: [scrub string table, 0.0001460 secs][1 CMS-remark: 205856K(349568K)] 205856K(506816K), 0.0019864 secs] [Times: user=0.00 sys=0.00, real=0.00 secs] 
2024-07-23T00:26:12.320+0800: 20.977: Total time for which application threads were stopped: 0.0020607 seconds, Stopping threads took: 0.0000235 seconds
2024-07-23T00:26:12.320+0800: 20.977: [CMS-concurrent-sweep-start]
2024-07-23T00:26:12.320+0800: 20.977: [CMS-concurrent-sweep: 0.000/0.000 secs] [Times: user=0.00 sys=0.00, real=0.00 secs] 
2024-07-23T00:26:12.320+0800: 20.977: [CMS-concurrent-reset-start]
2024-07-23T00:26:12.320+0800: 20.978: [CMS-concurrent-reset: 0.001/0.001 secs] [Times: user=0.00 sys=0.00, real=0.00 secs] 
{Heap before GC invocations=461 (full 919):
 par new generation   total 157248K, used 0K [0x00000000e0000000, 0x00000000eaaa0000, 0x00000000eaaa0000)
  eden space 139776K,   0% used [0x00000000e0000000, 0x00000000e0000000, 0x00000000e8880000)
  from space 17472K,   0% used [0x00000000e9990000, 0x00000000e9990000, 0x00000000eaaa0000)
  to   space 17472K,   0% used [0x00000000e8880000, 0x00000000e8880000, 0x00000000e9990000)
 concurrent mark-sweep generation total 349568K, used 205856K [0x00000000eaaa0000, 0x0000000100000000, 0x0000000100000000)
 Metaspace       used 3957K, capacity 4568K, committed 4864K, reserved 1056768K
  class space    used 431K, capacity 460K, committed 512K, reserved 1048576K
2024-07-23T00:26:12.332+0800: 20.989: [GC (Allocation Failure) 2024-07-23T00:26:12.332+0800: 20.989: [ParNew
Desired survivor size 8945664 bytes, new threshold 6 (max 6)
: 0K->0K(157248K), 0.0015935 secs]2024-07-23T00:26:12.333+0800: 20.991: [CMS: 205856K->1056K(349568K), 0.0040498 secs] 205856K->1056K(506816K), [Metaspace: 3957K->3957K(1056768K)], 0.0058321 secs] [Times: user=0.00 sys=0.00, real=0.01 secs] 
Heap after GC invocations=462 (full 920):
 par new generation   total 157248K, used 0K [0x00000000e0000000, 0x00000000eaaa0000, 0x00000000eaaa0000)
  eden space 139776K,   0% used [0x00000000e0000000, 0x00000000e0000000, 0x00000000e8880000)
  from space 17472K,   0% used [0x00000000e8880000, 0x00000000e8880000, 0x00000000e9990000)
  to   space 17472K,   0% used [0x00000000e9990000, 0x00000000e9990000, 0x00000000eaaa0000)
 concurrent mark-sweep generation total 349568K, used 1056K [0x00000000eaaa0000, 0x0000000100000000, 0x0000000100000000)
 Metaspace       used 3957K, capacity 4568K, committed 4864K, reserved 1056768K
  class space    used 431K, capacity 460K, committed 512K, reserved 1048576K
}
2024-07-23T00:26:12.338+0800: 20.995: Total time for which application threads were stopped: 0.0059801 seconds, Stopping threads took: 0.0000372 seconds
2024-07-23T00:26:12.356+0800: 21.014: [GC (CMS Initial Mark) [1 CMS-initial-mark: 205856K(349568K)] 205856K(506816K), 0.0010405 secs] [Times: user=0.00 sys=0.00, real=0.00 secs] 
2024-07-23T00:26:12.357+0800: 21.015: Total time for which application threads were stopped: 0.0193283 seconds, Stopping threads took: 0.0182206 seconds
2024-07-23T00:26:12.357+0800: 21.015: [CMS-concurrent-mark-start]
2024-07-23T00:26:12.359+0800: 21.016: [CMS-concurrent-mark: 0.001/0.001 secs] [Times: user=0.00 sys=0.00, real=0.00 secs] 
2024-07-23T00:26:12.359+0800: 21.016: [CMS-concurrent-preclean-start]
2024-07-23T00:26:12.359+0800: 21.016: [CMS-concurrent-preclean: 0.000/0.000 secs] [Times: user=0.00 sys=0.00, real=0.00 secs] 
2024-07-23T00:26:12.359+0800: 21.017: [GC (CMS Final Remark) [YG occupancy: 0 K (157248 K)]2024-07-23T00:26:12.359+0800: 21.017: [Rescan (parallel) , 0.0007742 secs]2024-07-23T00:26:12.360+0800: 21.017: [weak refs processing, 0.0000133 secs]2024-07-23T00:26:12.360+0800: 21.018: [class unloading, 0.0002887 secs]2024-07-23T00:26:12.360+0800: 21.018: [scrub symbol table, 0.0003833 secs]2024-07-23T00:26:12.361+0800: 21.018: [scrub string table, 0.0001313 secs][1 CMS-remark: 205856K(349568K)] 205856K(506816K), 0.0016587 secs] [Times: user=0.00 sys=0.00, real=0.00 secs] 
2024-07-23T00:26:12.361+0800: 21.018: Total time for which application threads were stopped: 0.0017301 seconds, Stopping threads took: 0.0000206 seconds
2024-07-23T00:26:12.361+0800: 21.018: [CMS-concurrent-sweep-start]
2024-07-23T00:26:12.361+0800: 21.019: [CMS-concurrent-sweep: 0.000/0.000 secs] [Times: user=0.00 sys=0.00, real=0.00 secs] 
2024-07-23T00:26:12.361+0800: 21.019: [CMS-concurrent-reset-start]
2024-07-23T00:26:12.362+0800: 21.019: [CMS-concurrent-reset: 0.000/0.000 secs] [Times: user=0.00 sys=0.00, real=0.00 secs] 
{Heap before GC invocations=462 (full 921):
 par new generation   total 157248K, used 0K [0x00000000e0000000, 0x00000000eaaa0000, 0x00000000eaaa0000)
  eden space 139776K,   0% used [0x00000000e0000000, 0x00000000e0000000, 0x00000000e8880000)
  from space 17472K,   0% used [0x00000000e8880000, 0x00000000e8880000, 0x00000000e9990000)
  to   space 17472K,   0% used [0x00000000e9990000, 0x00000000e9990000, 0x00000000eaaa0000)
 concurrent mark-sweep generation total 349568K, used 205856K [0x00000000eaaa0000, 0x0000000100000000, 0x0000000100000000)
 Metaspace       used 3957K, capacity 4568K, committed 4864K, reserved 1056768K
  class space    used 431K, capacity 460K, committed 512K, reserved 1048576K
2024-07-23T00:26:12.379+0800: 21.036: [GC (Allocation Failure) 2024-07-23T00:26:12.379+0800: 21.036: [ParNew
Desired survivor size 8945664 bytes, new threshold 6 (max 6)
: 0K->0K(157248K), 0.0016390 secs]2024-07-23T00:26:12.381+0800: 21.038: [CMS: 205856K->1056K(349568K), 0.0042295 secs] 205856K->1056K(506816K), [Metaspace: 3957K->3957K(1056768K)], 0.0060787 secs] [Times: user=0.00 sys=0.00, real=0.01 secs] 
Heap after GC invocations=463 (full 922):
 par new generation   total 157248K, used 0K [0x00000000e0000000, 0x00000000eaaa0000, 0x00000000eaaa0000)
  eden space 139776K,   0% used [0x00000000e0000000, 0x00000000e0000000, 0x00000000e8880000)
  from space 17472K,   0% used [0x00000000e9990000, 0x00000000e9990000, 0x00000000eaaa0000)
  to   space 17472K,   0% used [0x00000000e8880000, 0x00000000e8880000, 0x00000000e9990000)
 concurrent mark-sweep generation total 349568K, used 1056K [0x00000000eaaa0000, 0x0000000100000000, 0x0000000100000000)
 Metaspace       used 3957K, capacity 4568K, committed 4864K, reserved 1056768K
  class space    used 431K, capacity 460K, committed 512K, reserved 1048576K
}
2024-07-23T00:26:12.385+0800: 21.043: Total time for which application threads were stopped: 0.0062824 seconds, Stopping threads took: 0.0000377 seconds
2024-07-23T00:26:12.407+0800: 21.064: [GC (CMS Initial Mark) [1 CMS-initial-mark: 205856K(349568K)] 205856K(506816K), 0.0012146 secs] [Times: user=0.00 sys=0.00, real=0.00 secs] 
2024-07-23T00:26:12.408+0800: 21.065: Total time for which application threads were stopped: 0.0223290 seconds, Stopping threads took: 0.0210499 seconds
2024-07-23T00:26:12.408+0800: 21.065: [CMS-concurrent-mark-start]
2024-07-23T00:26:12.409+0800: 21.066: [CMS-concurrent-mark: 0.001/0.001 secs] [Times: user=0.00 sys=0.00, real=0.00 secs] 
2024-07-23T00:26:12.409+0800: 21.066: [CMS-concurrent-preclean-start]
2024-07-23T00:26:12.409+0800: 21.067: [CMS-concurrent-preclean: 0.000/0.000 secs] [Times: user=0.00 sys=0.00, real=0.00 secs] 
2024-07-23T00:26:12.409+0800: 21.067: [GC (CMS Final Remark) [YG occupancy: 0 K (157248 K)]2024-07-23T00:26:12.409+0800: 21.067: [Rescan (parallel) , 0.0004478 secs]2024-07-23T00:26:12.410+0800: 21.067: [weak refs processing, 0.0000151 secs]2024-07-23T00:26:12.410+0800: 21.067: [class unloading, 0.0004045 secs]2024-07-23T00:26:12.410+0800: 21.068: [scrub symbol table, 0.0004113 secs]2024-07-23T00:26:12.411+0800: 21.068: [scrub string table, 0.0000834 secs][1 CMS-remark: 205856K(349568K)] 205856K(506816K), 0.0014329 secs] [Times: user=0.00 sys=0.00, real=0.00 secs] 
2024-07-23T00:26:12.411+0800: 21.068: Total time for which application threads were stopped: 0.0014777 seconds, Stopping threads took: 0.0000167 seconds
2024-07-23T00:26:12.411+0800: 21.068: [CMS-concurrent-sweep-start]
2024-07-23T00:26:12.411+0800: 21.068: [CMS-concurrent-sweep: 0.000/0.000 secs] [Times: user=0.00 sys=0.00, real=0.00 secs] 
2024-07-23T00:26:12.411+0800: 21.069: [CMS-concurrent-reset-start]
2024-07-23T00:26:12.412+0800: 21.069: [CMS-concurrent-reset: 0.000/0.000 secs] [Times: user=0.00 sys=0.00, real=0.00 secs] 
{Heap before GC invocations=463 (full 923):
 par new generation   total 157248K, used 0K [0x00000000e0000000, 0x00000000eaaa0000, 0x00000000eaaa0000)
  eden space 139776K,   0% used [0x00000000e0000000, 0x00000000e0000000, 0x00000000e8880000)
  from space 17472K,   0% used [0x00000000e9990000, 0x00000000e9990000, 0x00000000eaaa0000)
  to   space 17472K,   0% used [0x00000000e8880000, 0x00000000e8880000, 0x00000000e9990000)
 concurrent mark-sweep generation total 349568K, used 205856K [0x00000000eaaa0000, 0x0000000100000000, 0x0000000100000000)
 Metaspace       used 3957K, capacity 4568K, committed 4864K, reserved 1056768K
  class space    used 431K, capacity 460K, committed 512K, reserved 1048576K
2024-07-23T00:26:12.426+0800: 21.083: [GC (Allocation Failure) 2024-07-23T00:26:12.426+0800: 21.084: [ParNew
Desired survivor size 8945664 bytes, new threshold 6 (max 6)
: 0K->0K(157248K), 0.0016144 secs]2024-07-23T00:26:12.428+0800: 21.085: [CMS: 205856K->1056K(349568K), 0.0040438 secs] 205856K->1056K(506816K), [Metaspace: 3957K->3957K(1056768K)], 0.0058393 secs] [Times: user=0.00 sys=0.00, real=0.01 secs] 
Heap after GC invocations=464 (full 924):
 par new generation   total 157248K, used 0K [0x00000000e0000000, 0x00000000eaaa0000, 0x00000000eaaa0000)
  eden space 139776K,   0% used [0x00000000e0000000, 0x00000000e0000000, 0x00000000e8880000)
  from space 17472K,   0% used [0x00000000e8880000, 0x00000000e8880000, 0x00000000e9990000)
  to   space 17472K,   0% used [0x00000000e9990000, 0x00000000e9990000, 0x00000000eaaa0000)
 concurrent mark-sweep generation total 349568K, used 1056K [0x00000000eaaa0000, 0x0000000100000000, 0x0000000100000000)
 Metaspace       used 3957K, capacity 4568K, committed 4864K, reserved 1056768K
  class space    used 431K, capacity 460K, committed 512K, reserved 1048576K
}
2024-07-23T00:26:12.432+0800: 21.089: Total time for which application threads were stopped: 0.0060111 seconds, Stopping threads took: 0.0000444 seconds
2024-07-23T00:26:12.452+0800: 21.109: [GC (CMS Initial Mark) [1 CMS-initial-mark: 205856K(349568K)] 205856K(506816K), 0.0008927 secs] [Times: user=0.00 sys=0.00, real=0.00 secs] 
2024-07-23T00:26:12.453+0800: 21.110: Total time for which application threads were stopped: 0.0207753 seconds, Stopping threads took: 0.0197384 seconds
2024-07-23T00:26:12.453+0800: 21.110: [CMS-concurrent-mark-start]
2024-07-23T00:26:12.455+0800: 21.112: [CMS-concurrent-mark: 0.002/0.002 secs] [Times: user=0.00 sys=0.00, real=0.00 secs] 
2024-07-23T00:26:12.455+0800: 21.112: [CMS-concurrent-preclean-start]
2024-07-23T00:26:12.456+0800: 21.113: [CMS-concurrent-preclean: 0.001/0.001 secs] [Times: user=0.00 sys=0.00, real=0.00 secs] 
2024-07-23T00:26:12.456+0800: 21.113: [GC (CMS Final Remark) [YG occupancy: 0 K (157248 K)]2024-07-23T00:26:12.456+0800: 21.113: [Rescan (parallel) , 0.0001859 secs]2024-07-23T00:26:12.456+0800: 21.113: [weak refs processing, 0.0000179 secs]2024-07-23T00:26:12.456+0800: 21.113: [class unloading, 0.0003758 secs]2024-07-23T00:26:12.457+0800: 21.113: [scrub symbol table, 0.0005165 secs]2024-07-23T00:26:12.457+0800: 21.114: [scrub string table, 0.0001132 secs][1 CMS-remark: 205856K(349568K)] 205856K(506816K), 0.0013122 secs] [Times: user=0.00 sys=0.00, real=0.00 secs] 
2024-07-23T00:26:12.457+0800: 21.114: Total time for which application threads were stopped: 0.0013861 seconds, Stopping threads took: 0.0000285 seconds
2024-07-23T00:26:12.457+0800: 21.114: [CMS-concurrent-sweep-start]
2024-07-23T00:26:12.458+0800: 21.114: [CMS-concurrent-sweep: 0.000/0.000 secs] [Times: user=0.00 sys=0.00, real=0.00 secs] 
2024-07-23T00:26:12.458+0800: 21.114: [CMS-concurrent-reset-start]
2024-07-23T00:26:12.458+0800: 21.115: [CMS-concurrent-reset: 0.000/0.000 secs] [Times: user=0.00 sys=0.00, real=0.00 secs] 
{Heap before GC invocations=464 (full 925):
 par new generation   total 157248K, used 0K [0x00000000e0000000, 0x00000000eaaa0000, 0x00000000eaaa0000)
  eden space 139776K,   0% used [0x00000000e0000000, 0x00000000e0000000, 0x00000000e8880000)
  from space 17472K,   0% used [0x00000000e8880000, 0x00000000e8880000, 0x00000000e9990000)
  to   space 17472K,   0% used [0x00000000e9990000, 0x00000000e9990000, 0x00000000eaaa0000)
 concurrent mark-sweep generation total 349568K, used 205856K [0x00000000eaaa0000, 0x0000000100000000, 0x0000000100000000)
 Metaspace       used 3957K, capacity 4568K, committed 4864K, reserved 1056768K
  class space    used 431K, capacity 460K, committed 512K, reserved 1048576K
2024-07-23T00:26:12.473+0800: 21.130: [GC (Allocation Failure) 2024-07-23T00:26:12.473+0800: 21.130: [ParNew
Desired survivor size 8945664 bytes, new threshold 6 (max 6)
: 0K->0K(157248K), 0.0025164 secs]2024-07-23T00:26:12.476+0800: 21.133: [CMS: 205856K->1056K(349568K), 0.0047252 secs] 205856K->1056K(506816K), [Metaspace: 3957K->3957K(1056768K)], 0.0074597 secs] [Times: user=0.00 sys=0.00, real=0.01 secs] 
Heap after GC invocations=465 (full 926):
 par new generation   total 157248K, used 0K [0x00000000e0000000, 0x00000000eaaa0000, 0x00000000eaaa0000)
  eden space 139776K,   0% used [0x00000000e0000000, 0x00000000e0000000, 0x00000000e8880000)
  from space 17472K,   0% used [0x00000000e9990000, 0x00000000e9990000, 0x00000000eaaa0000)
  to   space 17472K,   0% used [0x00000000e8880000, 0x00000000e8880000, 0x00000000e9990000)
 concurrent mark-sweep generation total 349568K, used 1056K [0x00000000eaaa0000, 0x0000000100000000, 0x0000000100000000)
 Metaspace       used 3957K, capacity 4568K, committed 4864K, reserved 1056768K
  class space    used 431K, capacity 460K, committed 512K, reserved 1048576K
}
2024-07-23T00:26:12.481+0800: 21.138: Total time for which application threads were stopped: 0.0077935 seconds, Stopping threads took: 0.0000387 seconds
2024-07-23T00:26:12.502+0800: 21.159: [GC (CMS Initial Mark) [1 CMS-initial-mark: 205856K(349568K)] 205856K(506816K), 0.0013370 secs] [Times: user=0.00 sys=0.00, real=0.00 secs] 
2024-07-23T00:26:12.503+0800: 21.161: Total time for which application threads were stopped: 0.0230255 seconds, Stopping threads took: 0.0216060 seconds
2024-07-23T00:26:12.504+0800: 21.161: [CMS-concurrent-mark-start]
2024-07-23T00:26:12.506+0800: 21.163: [CMS-concurrent-mark: 0.002/0.002 secs] [Times: user=0.00 sys=0.00, real=0.00 secs] 
2024-07-23T00:26:12.506+0800: 21.163: [CMS-concurrent-preclean-start]
2024-07-23T00:26:12.507+0800: 21.164: [CMS-concurrent-preclean: 0.001/0.001 secs] [Times: user=0.00 sys=0.00, real=0.00 secs] 
2024-07-23T00:26:12.507+0800: 21.164: [GC (CMS Final Remark) [YG occupancy: 0 K (157248 K)]2024-07-23T00:26:12.507+0800: 21.164: [Rescan (parallel) , 0.0003914 secs]2024-07-23T00:26:12.507+0800: 21.165: [weak refs processing, 0.0000129 secs]2024-07-23T00:26:12.507+0800: 21.165: [class unloading, 0.0003072 secs]2024-07-23T00:26:12.507+0800: 21.165: [scrub symbol table, 0.0003870 secs]2024-07-23T00:26:12.508+0800: 21.165: [scrub string table, 0.0001304 secs][1 CMS-remark: 205856K(349568K)] 205856K(506816K), 0.0013119 secs] [Times: user=0.00 sys=0.00, real=0.00 secs] 
2024-07-23T00:26:12.508+0800: 21.165: Total time for which application threads were stopped: 0.0013882 seconds, Stopping threads took: 0.0000324 seconds
2024-07-23T00:26:12.508+0800: 21.166: [CMS-concurrent-sweep-start]
2024-07-23T00:26:12.508+0800: 21.166: [CMS-concurrent-sweep: 0.000/0.000 secs] [Times: user=0.00 sys=0.00, real=0.00 secs] 
2024-07-23T00:26:12.508+0800: 21.166: [CMS-concurrent-reset-start]
2024-07-23T00:26:12.509+0800: 21.166: [CMS-concurrent-reset: 0.000/0.000 secs] [Times: user=0.00 sys=0.00, real=0.00 secs] 
{Heap before GC invocations=465 (full 927):
 par new generation   total 157248K, used 0K [0x00000000e0000000, 0x00000000eaaa0000, 0x00000000eaaa0000)
  eden space 139776K,   0% used [0x00000000e0000000, 0x00000000e0000000, 0x00000000e8880000)
  from space 17472K,   0% used [0x00000000e9990000, 0x00000000e9990000, 0x00000000eaaa0000)
  to   space 17472K,   0% used [0x00000000e8880000, 0x00000000e8880000, 0x00000000e9990000)
 concurrent mark-sweep generation total 349568K, used 205856K [0x00000000eaaa0000, 0x0000000100000000, 0x0000000100000000)
 Metaspace       used 3957K, capacity 4568K, committed 4864K, reserved 1056768K
  class space    used 431K, capacity 460K, committed 512K, reserved 1048576K
2024-07-23T00:26:12.520+0800: 21.177: [GC (Allocation Failure) 2024-07-23T00:26:12.520+0800: 21.177: [ParNew
Desired survivor size 8945664 bytes, new threshold 6 (max 6)
: 0K->0K(157248K), 0.0008355 secs]2024-07-23T00:26:12.520+0800: 21.178: [CMS: 205856K->1056K(349568K), 0.0036464 secs] 205856K->1056K(506816K), [Metaspace: 3957K->3957K(1056768K)], 0.0046459 secs] [Times: user=0.00 sys=0.00, real=0.01 secs] 
Heap after GC invocations=466 (full 928):
 par new generation   total 157248K, used 0K [0x00000000e0000000, 0x00000000eaaa0000, 0x00000000eaaa0000)
  eden space 139776K,   0% used [0x00000000e0000000, 0x00000000e0000000, 0x00000000e8880000)
  from space 17472K,   0% used [0x00000000e8880000, 0x00000000e8880000, 0x00000000e9990000)
  to   space 17472K,   0% used [0x00000000e9990000, 0x00000000e9990000, 0x00000000eaaa0000)
 concurrent mark-sweep generation total 349568K, used 1056K [0x00000000eaaa0000, 0x0000000100000000, 0x0000000100000000)
 Metaspace       used 3957K, capacity 4568K, committed 4864K, reserved 1056768K
  class space    used 431K, capacity 460K, committed 512K, reserved 1048576K
}
2024-07-23T00:26:12.525+0800: 21.182: Total time for which application threads were stopped: 0.0048437 seconds, Stopping threads took: 0.0000491 seconds
2024-07-23T00:26:12.546+0800: 21.204: [GC (CMS Initial Mark) [1 CMS-initial-mark: 205856K(349568K)] 205856K(506816K), 0.0013832 secs] [Times: user=0.00 sys=0.00, real=0.00 secs] 
2024-07-23T00:26:12.548+0800: 21.205: Total time for which application threads were stopped: 0.0229873 seconds, Stopping threads took: 0.0215172 seconds
2024-07-23T00:26:12.548+0800: 21.205: [CMS-concurrent-mark-start]
2024-07-23T00:26:12.549+0800: 21.207: [CMS-concurrent-mark: 0.001/0.001 secs] [Times: user=0.00 sys=0.00, real=0.00 secs] 
2024-07-23T00:26:12.549+0800: 21.207: [CMS-concurrent-preclean-start]
2024-07-23T00:26:12.550+0800: 21.207: [CMS-concurrent-preclean: 0.000/0.000 secs] [Times: user=0.00 sys=0.00, real=0.00 secs] 
2024-07-23T00:26:12.550+0800: 21.207: [GC (CMS Final Remark) [YG occupancy: 0 K (157248 K)]2024-07-23T00:26:12.550+0800: 21.207: [Rescan (parallel) , 0.0008384 secs]2024-07-23T00:26:12.551+0800: 21.208: [weak refs processing, 0.0000127 secs]2024-07-23T00:26:12.551+0800: 21.208: [class unloading, 0.0002536 secs]2024-07-23T00:26:12.551+0800: 21.208: [scrub symbol table, 0.0004760 secs]2024-07-23T00:26:12.552+0800: 21.209: [scrub string table, 0.0001700 secs][1 CMS-remark: 205856K(349568K)] 205856K(506816K), 0.0018452 secs] [Times: user=0.00 sys=0.00, real=0.00 secs] 
2024-07-23T00:26:12.552+0800: 21.209: Total time for which application threads were stopped: 0.0018949 seconds, Stopping threads took: 0.0000168 seconds
2024-07-23T00:26:12.552+0800: 21.209: [CMS-concurrent-sweep-start]
2024-07-23T00:26:12.552+0800: 21.210: [CMS-concurrent-sweep: 0.000/0.000 secs] [Times: user=0.00 sys=0.00, real=0.00 secs] 
2024-07-23T00:26:12.552+0800: 21.210: [CMS-concurrent-reset-start]
2024-07-23T00:26:12.553+0800: 21.210: [CMS-concurrent-reset: 0.000/0.000 secs] [Times: user=0.00 sys=0.00, real=0.00 secs] 
{Heap before GC invocations=466 (full 929):
 par new generation   total 157248K, used 0K [0x00000000e0000000, 0x00000000eaaa0000, 0x00000000eaaa0000)
  eden space 139776K,   0% used [0x00000000e0000000, 0x00000000e0000000, 0x00000000e8880000)
  from space 17472K,   0% used [0x00000000e8880000, 0x00000000e8880000, 0x00000000e9990000)
  to   space 17472K,   0% used [0x00000000e9990000, 0x00000000e9990000, 0x00000000eaaa0000)
 concurrent mark-sweep generation total 349568K, used 205856K [0x00000000eaaa0000, 0x0000000100000000, 0x0000000100000000)
 Metaspace       used 3957K, capacity 4568K, committed 4864K, reserved 1056768K
  class space    used 431K, capacity 460K, committed 512K, reserved 1048576K
2024-07-23T00:26:12.567+0800: 21.224: [GC (Allocation Failure) 2024-07-23T00:26:12.568+0800: 21.224: [ParNew
Desired survivor size 8945664 bytes, new threshold 6 (max 6)
: 0K->0K(157248K), 0.0018535 secs]2024-07-23T00:26:12.569+0800: 21.226: [CMS: 205856K->1056K(349568K), 0.0051845 secs] 205856K->1056K(506816K), [Metaspace: 3957K->3957K(1056768K)], 0.0072796 secs] [Times: user=0.00 sys=0.00, real=0.01 secs] 
Heap after GC invocations=467 (full 930):
 par new generation   total 157248K, used 0K [0x00000000e0000000, 0x00000000eaaa0000, 0x00000000eaaa0000)
  eden space 139776K,   0% used [0x00000000e0000000, 0x00000000e0000000, 0x00000000e8880000)
  from space 17472K,   0% used [0x00000000e9990000, 0x00000000e9990000, 0x00000000eaaa0000)
  to   space 17472K,   0% used [0x00000000e8880000, 0x00000000e8880000, 0x00000000e9990000)
 concurrent mark-sweep generation total 349568K, used 1056K [0x00000000eaaa0000, 0x0000000100000000, 0x0000000100000000)
 Metaspace       used 3957K, capacity 4568K, committed 4864K, reserved 1056768K
  class space    used 431K, capacity 460K, committed 512K, reserved 1048576K
}
2024-07-23T00:26:12.574+0800: 21.232: Total time for which application threads were stopped: 0.0075344 seconds, Stopping threads took: 0.0000409 seconds
2024-07-23T00:26:12.596+0800: 21.253: [GC (CMS Initial Mark) [1 CMS-initial-mark: 205856K(349568K)] 205856K(506816K), 0.0010702 secs] [Times: user=0.00 sys=0.00, real=0.00 secs] 
2024-07-23T00:26:12.597+0800: 21.254: Total time for which application threads were stopped: 0.0216154 seconds, Stopping threads took: 0.0204407 seconds
2024-07-23T00:26:12.597+0800: 21.254: [CMS-concurrent-mark-start]
2024-07-23T00:26:12.598+0800: 21.256: [CMS-concurrent-mark: 0.002/0.002 secs] [Times: user=0.00 sys=0.00, real=0.00 secs] 
2024-07-23T00:26:12.598+0800: 21.256: [CMS-concurrent-preclean-start]
2024-07-23T00:26:12.599+0800: 21.256: [CMS-concurrent-preclean: 0.001/0.001 secs] [Times: user=0.00 sys=0.00, real=0.00 secs] 
2024-07-23T00:26:12.599+0800: 21.256: [GC (CMS Final Remark) [YG occupancy: 0 K (157248 K)]2024-07-23T00:26:12.599+0800: 21.256: [Rescan (parallel) , 0.0002403 secs]2024-07-23T00:26:12.599+0800: 21.257: [weak refs processing, 0.0000241 secs]2024-07-23T00:26:12.599+0800: 21.257: [class unloading, 0.0003471 secs]2024-07-23T00:26:12.600+0800: 21.257: [scrub symbol table, 0.0003623 secs]2024-07-23T00:26:12.600+0800: 21.257: [scrub string table, 0.0001028 secs][1 CMS-remark: 205856K(349568K)] 205856K(506816K), 0.0011748 secs] [Times: user=0.00 sys=0.00, real=0.00 secs] 
2024-07-23T00:26:12.600+0800: 21.258: Total time for which application threads were stopped: 0.0012673 seconds, Stopping threads took: 0.0000498 seconds
2024-07-23T00:26:12.601+0800: 21.258: [CMS-concurrent-sweep-start]
2024-07-23T00:26:12.601+0800: 21.258: [CMS-concurrent-sweep: 0.000/0.000 secs] [Times: user=0.00 sys=0.00, real=0.00 secs] 
2024-07-23T00:26:12.601+0800: 21.258: [CMS-concurrent-reset-start]
2024-07-23T00:26:12.601+0800: 21.259: [CMS-concurrent-reset: 0.001/0.001 secs] [Times: user=0.00 sys=0.00, real=0.00 secs] 
{Heap before GC invocations=467 (full 931):
 par new generation   total 157248K, used 0K [0x00000000e0000000, 0x00000000eaaa0000, 0x00000000eaaa0000)
  eden space 139776K,   0% used [0x00000000e0000000, 0x00000000e0000000, 0x00000000e8880000)
  from space 17472K,   0% used [0x00000000e9990000, 0x00000000e9990000, 0x00000000eaaa0000)
  to   space 17472K,   0% used [0x00000000e8880000, 0x00000000e8880000, 0x00000000e9990000)
 concurrent mark-sweep generation total 349568K, used 205856K [0x00000000eaaa0000, 0x0000000100000000, 0x0000000100000000)
 Metaspace       used 3957K, capacity 4568K, committed 4864K, reserved 1056768K
  class space    used 431K, capacity 460K, committed 512K, reserved 1048576K
2024-07-23T00:26:12.615+0800: 21.272: [GC (Allocation Failure) 2024-07-23T00:26:12.615+0800: 21.272: [ParNew
Desired survivor size 8945664 bytes, new threshold 6 (max 6)
: 0K->0K(157248K), 0.0008722 secs]2024-07-23T00:26:12.616+0800: 21.273: [CMS: 205856K->1056K(349568K), 0.0045938 secs] 205856K->1056K(506816K), [Metaspace: 3957K->3957K(1056768K)], 0.0056876 secs] [Times: user=0.00 sys=0.00, real=0.01 secs] 
Heap after GC invocations=468 (full 932):
 par new generation   total 157248K, used 0K [0x00000000e0000000, 0x00000000eaaa0000, 0x00000000eaaa0000)
  eden space 139776K,   0% used [0x00000000e0000000, 0x00000000e0000000, 0x00000000e8880000)
  from space 17472K,   0% used [0x00000000e8880000, 0x00000000e8880000, 0x00000000e9990000)
  to   space 17472K,   0% used [0x00000000e9990000, 0x00000000e9990000, 0x00000000eaaa0000)
 concurrent mark-sweep generation total 349568K, used 1056K [0x00000000eaaa0000, 0x0000000100000000, 0x0000000100000000)
 Metaspace       used 3957K, capacity 4568K, committed 4864K, reserved 1056768K
  class space    used 431K, capacity 460K, committed 512K, reserved 1048576K
}
2024-07-23T00:26:12.621+0800: 21.278: Total time for which application threads were stopped: 0.0058906 seconds, Stopping threads took: 0.0000385 seconds
2024-07-23T00:26:12.646+0800: 21.302: [GC (CMS Initial Mark) [1 CMS-initial-mark: 205856K(349568K)] 205856K(506816K), 0.0058435 secs] [Times: user=0.00 sys=0.00, real=0.01 secs] 
2024-07-23T00:26:12.651+0800: 21.308: Total time for which application threads were stopped: 0.0302646 seconds, Stopping threads took: 0.0242999 seconds
2024-07-23T00:26:12.651+0800: 21.308: [CMS-concurrent-mark-start]
2024-07-23T00:26:12.653+0800: 21.310: [CMS-concurrent-mark: 0.002/0.002 secs] [Times: user=0.01 sys=0.00, real=0.00 secs] 
2024-07-23T00:26:12.653+0800: 21.310: [CMS-concurrent-preclean-start]
2024-07-23T00:26:12.653+0800: 21.310: [CMS-concurrent-preclean: 0.000/0.000 secs] [Times: user=0.00 sys=0.00, real=0.00 secs] 
2024-07-23T00:26:12.653+0800: 21.311: [GC (CMS Final Remark) [YG occupancy: 0 K (157248 K)]2024-07-23T00:26:12.653+0800: 21.311: [Rescan (parallel) , 0.0002671 secs]2024-07-23T00:26:12.654+0800: 21.311: [weak refs processing, 0.0000132 secs]2024-07-23T00:26:12.654+0800: 21.311: [class unloading, 0.0002897 secs]2024-07-23T00:26:12.654+0800: 21.311: [scrub symbol table, 0.0003948 secs]2024-07-23T00:26:12.654+0800: 21.312: [scrub string table, 0.0001380 secs][1 CMS-remark: 205856K(349568K)] 205856K(506816K), 0.0012006 secs] [Times: user=0.00 sys=0.00, real=0.00 secs] 
2024-07-23T00:26:12.655+0800: 21.312: Total time for which application threads were stopped: 0.0012688 seconds, Stopping threads took: 0.0000254 seconds
2024-07-23T00:26:12.655+0800: 21.312: [CMS-concurrent-sweep-start]
2024-07-23T00:26:12.655+0800: 21.312: [CMS-concurrent-sweep: 0.000/0.000 secs] [Times: user=0.00 sys=0.00, real=0.00 secs] 
2024-07-23T00:26:12.655+0800: 21.312: [CMS-concurrent-reset-start]
2024-07-23T00:26:12.655+0800: 21.313: [CMS-concurrent-reset: 0.000/0.000 secs] [Times: user=0.00 sys=0.00, real=0.00 secs] 
{Heap before GC invocations=468 (full 933):
 par new generation   total 157248K, used 0K [0x00000000e0000000, 0x00000000eaaa0000, 0x00000000eaaa0000)
  eden space 139776K,   0% used [0x00000000e0000000, 0x00000000e0000000, 0x00000000e8880000)
  from space 17472K,   0% used [0x00000000e8880000, 0x00000000e8880000, 0x00000000e9990000)
  to   space 17472K,   0% used [0x00000000e9990000, 0x00000000e9990000, 0x00000000eaaa0000)
 concurrent mark-sweep generation total 349568K, used 205856K [0x00000000eaaa0000, 0x0000000100000000, 0x0000000100000000)
 Metaspace       used 3957K, capacity 4568K, committed 4864K, reserved 1056768K
  class space    used 431K, capacity 460K, committed 512K, reserved 1048576K
2024-07-23T00:26:12.662+0800: 21.319: [GC (Allocation Failure) 2024-07-23T00:26:12.662+0800: 21.319: [ParNew
Desired survivor size 8945664 bytes, new threshold 6 (max 6)
: 0K->0K(157248K), 0.0017420 secs]2024-07-23T00:26:12.664+0800: 21.321: [CMS: 205856K->1056K(349568K), 0.0033249 secs] 205856K->1056K(506816K), [Metaspace: 3957K->3957K(1056768K)], 0.0052300 secs] [Times: user=0.00 sys=0.00, real=0.01 secs] 
Heap after GC invocations=469 (full 934):
 par new generation   total 157248K, used 0K [0x00000000e0000000, 0x00000000eaaa0000, 0x00000000eaaa0000)
  eden space 139776K,   0% used [0x00000000e0000000, 0x00000000e0000000, 0x00000000e8880000)
  from space 17472K,   0% used [0x00000000e9990000, 0x00000000e9990000, 0x00000000eaaa0000)
  to   space 17472K,   0% used [0x00000000e8880000, 0x00000000e8880000, 0x00000000e9990000)
 concurrent mark-sweep generation total 349568K, used 1056K [0x00000000eaaa0000, 0x0000000100000000, 0x0000000100000000)
 Metaspace       used 3957K, capacity 4568K, committed 4864K, reserved 1056768K
  class space    used 431K, capacity 460K, committed 512K, reserved 1048576K
}
2024-07-23T00:26:12.667+0800: 21.324: Total time for which application threads were stopped: 0.0054201 seconds, Stopping threads took: 0.0000365 seconds
2024-07-23T00:26:12.690+0800: 21.347: [GC (CMS Initial Mark) [1 CMS-initial-mark: 205856K(349568K)] 205856K(506816K), 0.0014475 secs] [Times: user=0.00 sys=0.00, real=0.00 secs] 
2024-07-23T00:26:12.691+0800: 21.349: Total time for which application threads were stopped: 0.0241408 seconds, Stopping threads took: 0.0225679 seconds
2024-07-23T00:26:12.691+0800: 21.349: [CMS-concurrent-mark-start]
2024-07-23T00:26:12.694+0800: 21.351: [CMS-concurrent-mark: 0.002/0.002 secs] [Times: user=0.00 sys=0.00, real=0.00 secs] 
2024-07-23T00:26:12.694+0800: 21.351: [CMS-concurrent-preclean-start]
2024-07-23T00:26:12.695+0800: 21.352: [CMS-concurrent-preclean: 0.001/0.001 secs] [Times: user=0.00 sys=0.00, real=0.00 secs] 
2024-07-23T00:26:12.695+0800: 21.353: [GC (CMS Final Remark) [YG occupancy: 0 K (157248 K)]2024-07-23T00:26:12.695+0800: 21.353: [Rescan (parallel) , 0.0005514 secs]2024-07-23T00:26:12.696+0800: 21.353: [weak refs processing, 0.0000155 secs]2024-07-23T00:26:12.696+0800: 21.353: [class unloading, 0.0003131 secs]2024-07-23T00:26:12.696+0800: 21.354: [scrub symbol table, 0.0003990 secs]2024-07-23T00:26:12.697+0800: 21.354: [scrub string table, 0.0001254 secs][1 CMS-remark: 205856K(349568K)] 205856K(506816K), 0.0015001 secs] [Times: user=0.00 sys=0.00, real=0.00 secs] 
2024-07-23T00:26:12.697+0800: 21.354: Total time for which application threads were stopped: 0.0015849 seconds, Stopping threads took: 0.0000304 seconds
2024-07-23T00:26:12.697+0800: 21.354: [CMS-concurrent-sweep-start]
2024-07-23T00:26:12.697+0800: 21.355: [CMS-concurrent-sweep: 0.000/0.000 secs] [Times: user=0.00 sys=0.00, real=0.00 secs] 
2024-07-23T00:26:12.697+0800: 21.355: [CMS-concurrent-reset-start]
2024-07-23T00:26:12.698+0800: 21.355: [CMS-concurrent-reset: 0.000/0.000 secs] [Times: user=0.00 sys=0.00, real=0.00 secs] 
{Heap before GC invocations=469 (full 935):
 par new generation   total 157248K, used 0K [0x00000000e0000000, 0x00000000eaaa0000, 0x00000000eaaa0000)
  eden space 139776K,   0% used [0x00000000e0000000, 0x00000000e0000000, 0x00000000e8880000)
  from space 17472K,   0% used [0x00000000e9990000, 0x00000000e9990000, 0x00000000eaaa0000)
  to   space 17472K,   0% used [0x00000000e8880000, 0x00000000e8880000, 0x00000000e9990000)
 concurrent mark-sweep generation total 349568K, used 205856K [0x00000000eaaa0000, 0x0000000100000000, 0x0000000100000000)
 Metaspace       used 3957K, capacity 4568K, committed 4864K, reserved 1056768K
  class space    used 431K, capacity 460K, committed 512K, reserved 1048576K
2024-07-23T00:26:12.710+0800: 21.367: [GC (Allocation Failure) 2024-07-23T00:26:12.710+0800: 21.367: [ParNew
Desired survivor size 8945664 bytes, new threshold 6 (max 6)
: 0K->0K(157248K), 0.0012412 secs]2024-07-23T00:26:12.711+0800: 21.368: [CMS: 205856K->1056K(349568K), 0.0043908 secs] 205856K->1056K(506816K), [Metaspace: 3957K->3957K(1056768K)], 0.0058163 secs] [Times: user=0.00 sys=0.00, real=0.00 secs] 
Heap after GC invocations=470 (full 936):
 par new generation   total 157248K, used 0K [0x00000000e0000000, 0x00000000eaaa0000, 0x00000000eaaa0000)
  eden space 139776K,   0% used [0x00000000e0000000, 0x00000000e0000000, 0x00000000e8880000)
  from space 17472K,   0% used [0x00000000e8880000, 0x00000000e8880000, 0x00000000e9990000)
  to   space 17472K,   0% used [0x00000000e9990000, 0x00000000e9990000, 0x00000000eaaa0000)
 concurrent mark-sweep generation total 349568K, used 1056K [0x00000000eaaa0000, 0x0000000100000000, 0x0000000100000000)
 Metaspace       used 3957K, capacity 4568K, committed 4864K, reserved 1056768K
  class space    used 431K, capacity 460K, committed 512K, reserved 1048576K
}
2024-07-23T00:26:12.716+0800: 21.373: Total time for which application threads were stopped: 0.0059847 seconds, Stopping threads took: 0.0000348 seconds
2024-07-23T00:26:12.740+0800: 21.397: [GC (CMS Initial Mark) [1 CMS-initial-mark: 205856K(349568K)] 205856K(506816K), 0.0003580 secs] [Times: user=0.00 sys=0.00, real=0.00 secs] 
2024-07-23T00:26:12.740+0800: 21.397: Total time for which application threads were stopped: 0.0238499 seconds, Stopping threads took: 0.0234363 seconds
2024-07-23T00:26:12.740+0800: 21.397: [CMS-concurrent-mark-start]
2024-07-23T00:26:12.741+0800: 21.398: [CMS-concurrent-mark: 0.001/0.001 secs] [Times: user=0.00 sys=0.00, real=0.00 secs] 
2024-07-23T00:26:12.741+0800: 21.398: [CMS-concurrent-preclean-start]
2024-07-23T00:26:12.742+0800: 21.399: [CMS-concurrent-preclean: 0.001/0.001 secs] [Times: user=0.00 sys=0.00, real=0.00 secs] 
2024-07-23T00:26:12.742+0800: 21.399: [GC (CMS Final Remark) [YG occupancy: 0 K (157248 K)]2024-07-23T00:26:12.742+0800: 21.399: [Rescan (parallel) , 0.0004655 secs]2024-07-23T00:26:12.743+0800: 21.400: [weak refs processing, 0.0000081 secs]2024-07-23T00:26:12.743+0800: 21.400: [class unloading, 0.0001970 secs]2024-07-23T00:26:12.743+0800: 21.400: [scrub symbol table, 0.0003246 secs]2024-07-23T00:26:12.743+0800: 21.400: [scrub string table, 0.0000939 secs][1 CMS-remark: 205856K(349568K)] 205856K(506816K), 0.0011285 secs] [Times: user=0.00 sys=0.00, real=0.00 secs] 
2024-07-23T00:26:12.743+0800: 21.401: Total time for which application threads were stopped: 0.0011699 seconds, Stopping threads took: 0.0000125 seconds
2024-07-23T00:26:12.743+0800: 21.401: [CMS-concurrent-sweep-start]
2024-07-23T00:26:12.744+0800: 21.401: [CMS-concurrent-sweep: 0.000/0.000 secs] [Times: user=0.00 sys=0.00, real=0.00 secs] 
2024-07-23T00:26:12.744+0800: 21.401: [CMS-concurrent-reset-start]
2024-07-23T00:26:12.744+0800: 21.401: [CMS-concurrent-reset: 0.000/0.000 secs] [Times: user=0.00 sys=0.00, real=0.00 secs] 
{Heap before GC invocations=470 (full 937):
 par new generation   total 157248K, used 0K [0x00000000e0000000, 0x00000000eaaa0000, 0x00000000eaaa0000)
  eden space 139776K,   0% used [0x00000000e0000000, 0x00000000e0000000, 0x00000000e8880000)
  from space 17472K,   0% used [0x00000000e8880000, 0x00000000e8880000, 0x00000000e9990000)
  to   space 17472K,   0% used [0x00000000e9990000, 0x00000000e9990000, 0x00000000eaaa0000)
 concurrent mark-sweep generation total 349568K, used 205856K [0x00000000eaaa0000, 0x0000000100000000, 0x0000000100000000)
 Metaspace       used 3957K, capacity 4568K, committed 4864K, reserved 1056768K
  class space    used 431K, capacity 460K, committed 512K, reserved 1048576K
2024-07-23T00:26:12.756+0800: 21.413: [GC (Allocation Failure) 2024-07-23T00:26:12.756+0800: 21.413: [ParNew
Desired survivor size 8945664 bytes, new threshold 6 (max 6)
: 0K->0K(157248K), 0.0015423 secs]2024-07-23T00:26:12.757+0800: 21.415: [CMS: 205856K->1056K(349568K), 0.0032350 secs] 205856K->1056K(506816K), [Metaspace: 3957K->3957K(1056768K)], 0.0049486 secs] [Times: user=0.00 sys=0.00, real=0.00 secs] 
Heap after GC invocations=471 (full 938):
 par new generation   total 157248K, used 0K [0x00000000e0000000, 0x00000000eaaa0000, 0x00000000eaaa0000)
  eden space 139776K,   0% used [0x00000000e0000000, 0x00000000e0000000, 0x00000000e8880000)
  from space 17472K,   0% used [0x00000000e9990000, 0x00000000e9990000, 0x00000000eaaa0000)
  to   space 17472K,   0% used [0x00000000e8880000, 0x00000000e8880000, 0x00000000e9990000)
 concurrent mark-sweep generation total 349568K, used 1056K [0x00000000eaaa0000, 0x0000000100000000, 0x0000000100000000)
 Metaspace       used 3957K, capacity 4568K, committed 4864K, reserved 1056768K
  class space    used 431K, capacity 460K, committed 512K, reserved 1048576K
}
2024-07-23T00:26:12.761+0800: 21.418: Total time for which application threads were stopped: 0.0051331 seconds, Stopping threads took: 0.0000363 seconds
2024-07-23T00:26:12.780+0800: 21.437: [GC (CMS Initial Mark) [1 CMS-initial-mark: 205856K(349568K)] 205856K(506816K), 0.0004294 secs] [Times: user=0.00 sys=0.00, real=0.00 secs] 
2024-07-23T00:26:12.780+0800: 21.438: Total time for which application threads were stopped: 0.0193276 seconds, Stopping threads took: 0.0188162 seconds
2024-07-23T00:26:12.780+0800: 21.438: [CMS-concurrent-mark-start]
2024-07-23T00:26:12.782+0800: 21.439: [CMS-concurrent-mark: 0.001/0.001 secs] [Times: user=0.00 sys=0.00, real=0.00 secs] 
2024-07-23T00:26:12.782+0800: 21.439: [CMS-concurrent-preclean-start]
2024-07-23T00:26:12.782+0800: 21.439: [CMS-concurrent-preclean: 0.000/0.000 secs] [Times: user=0.00 sys=0.00, real=0.00 secs] 
2024-07-23T00:26:12.782+0800: 21.439: [GC (CMS Final Remark) [YG occupancy: 0 K (157248 K)]2024-07-23T00:26:12.782+0800: 21.439: [Rescan (parallel) , 0.0004220 secs]2024-07-23T00:26:12.782+0800: 21.440: [weak refs processing, 0.0000069 secs]2024-07-23T00:26:12.782+0800: 21.440: [class unloading, 0.0001971 secs]2024-07-23T00:26:12.783+0800: 21.440: [scrub symbol table, 0.0003271 secs]2024-07-23T00:26:12.783+0800: 21.440: [scrub string table, 0.0000942 secs][1 CMS-remark: 205856K(349568K)] 205856K(506816K), 0.0010795 secs] [Times: user=0.00 sys=0.00, real=0.00 secs] 
2024-07-23T00:26:12.783+0800: 21.440: Total time for which application threads were stopped: 0.0011155 seconds, Stopping threads took: 0.0000143 seconds
2024-07-23T00:26:12.783+0800: 21.441: [CMS-concurrent-sweep-start]
2024-07-23T00:26:12.783+0800: 21.441: [CMS-concurrent-sweep: 0.000/0.000 secs] [Times: user=0.00 sys=0.00, real=0.00 secs] 
2024-07-23T00:26:12.783+0800: 21.441: [CMS-concurrent-reset-start]
2024-07-23T00:26:12.784+0800: 21.441: [CMS-concurrent-reset: 0.000/0.000 secs] [Times: user=0.00 sys=0.00, real=0.00 secs] 
{Heap before GC invocations=471 (full 939):
 par new generation   total 157248K, used 0K [0x00000000e0000000, 0x00000000eaaa0000, 0x00000000eaaa0000)
  eden space 139776K,   0% used [0x00000000e0000000, 0x00000000e0000000, 0x00000000e8880000)
  from space 17472K,   0% used [0x00000000e9990000, 0x00000000e9990000, 0x00000000eaaa0000)
  to   space 17472K,   0% used [0x00000000e8880000, 0x00000000e8880000, 0x00000000e9990000)
 concurrent mark-sweep generation total 349568K, used 205856K [0x00000000eaaa0000, 0x0000000100000000, 0x0000000100000000)
 Metaspace       used 3957K, capacity 4568K, committed 4864K, reserved 1056768K
  class space    used 431K, capacity 460K, committed 512K, reserved 1048576K
2024-07-23T00:26:12.804+0800: 21.461: [GC (Allocation Failure) 2024-07-23T00:26:12.804+0800: 21.461: [ParNew
Desired survivor size 8945664 bytes, new threshold 6 (max 6)
: 0K->0K(157248K), 0.0010797 secs]2024-07-23T00:26:12.804+0800: 21.462: [CMS: 205856K->1056K(349568K), 0.0038516 secs] 205856K->1056K(506816K), [Metaspace: 3957K->3957K(1056768K)], 0.0050834 secs] [Times: user=0.00 sys=0.00, real=0.01 secs] 
Heap after GC invocations=472 (full 940):
 par new generation   total 157248K, used 0K [0x00000000e0000000, 0x00000000eaaa0000, 0x00000000eaaa0000)
  eden space 139776K,   0% used [0x00000000e0000000, 0x00000000e0000000, 0x00000000e8880000)
  from space 17472K,   0% used [0x00000000e8880000, 0x00000000e8880000, 0x00000000e9990000)
  to   space 17472K,   0% used [0x00000000e9990000, 0x00000000e9990000, 0x00000000eaaa0000)
 concurrent mark-sweep generation total 349568K, used 1056K [0x00000000eaaa0000, 0x0000000100000000, 0x0000000100000000)
 Metaspace       used 3957K, capacity 4568K, committed 4864K, reserved 1056768K
  class space    used 431K, capacity 460K, committed 512K, reserved 1048576K
}
2024-07-23T00:26:12.809+0800: 21.466: Total time for which application threads were stopped: 0.0052306 seconds, Stopping threads took: 0.0000354 seconds
2024-07-23T00:26:12.828+0800: 21.485: [GC (CMS Initial Mark) [1 CMS-initial-mark: 205856K(349568K)] 205856K(506816K), 0.0004622 secs] [Times: user=0.00 sys=0.00, real=0.00 secs] 
2024-07-23T00:26:12.828+0800: 21.485: Total time for which application threads were stopped: 0.0193459 seconds, Stopping threads took: 0.0188226 seconds
2024-07-23T00:26:12.828+0800: 21.485: [CMS-concurrent-mark-start]
2024-07-23T00:26:12.829+0800: 21.487: [CMS-concurrent-mark: 0.001/0.001 secs] [Times: user=0.00 sys=0.00, real=0.00 secs] 
2024-07-23T00:26:12.829+0800: 21.487: [CMS-concurrent-preclean-start]
2024-07-23T00:26:12.830+0800: 21.487: [CMS-concurrent-preclean: 0.000/0.000 secs] [Times: user=0.00 sys=0.00, real=0.00 secs] 
2024-07-23T00:26:12.830+0800: 21.487: [GC (CMS Final Remark) [YG occupancy: 0 K (157248 K)]2024-07-23T00:26:12.830+0800: 21.487: [Rescan (parallel) , 0.0005105 secs]2024-07-23T00:26:12.830+0800: 21.487: [weak refs processing, 0.0000124 secs]2024-07-23T00:26:12.830+0800: 21.487: [class unloading, 0.0002109 secs]2024-07-23T00:26:12.830+0800: 21.488: [scrub symbol table, 0.0003355 secs]2024-07-23T00:26:12.831+0800: 21.488: [scrub string table, 0.0000942 secs][1 CMS-remark: 205856K(349568K)] 205856K(506816K), 0.0012034 secs] [Times: user=0.00 sys=0.00, real=0.00 secs] 
2024-07-23T00:26:12.831+0800: 21.488: Total time for which application threads were stopped: 0.0012427 seconds, Stopping threads took: 0.0000139 seconds
2024-07-23T00:26:12.831+0800: 21.488: [CMS-concurrent-sweep-start]
2024-07-23T00:26:12.831+0800: 21.488: [CMS-concurrent-sweep: 0.000/0.000 secs] [Times: user=0.00 sys=0.00, real=0.00 secs] 
2024-07-23T00:26:12.831+0800: 21.488: [CMS-concurrent-reset-start]
2024-07-23T00:26:12.832+0800: 21.489: [CMS-concurrent-reset: 0.000/0.000 secs] [Times: user=0.00 sys=0.00, real=0.00 secs] 
{Heap before GC invocations=472 (full 941):
 par new generation   total 157248K, used 0K [0x00000000e0000000, 0x00000000eaaa0000, 0x00000000eaaa0000)
  eden space 139776K,   0% used [0x00000000e0000000, 0x00000000e0000000, 0x00000000e8880000)
  from space 17472K,   0% used [0x00000000e8880000, 0x00000000e8880000, 0x00000000e9990000)
  to   space 17472K,   0% used [0x00000000e9990000, 0x00000000e9990000, 0x00000000eaaa0000)
 concurrent mark-sweep generation total 349568K, used 205856K [0x00000000eaaa0000, 0x0000000100000000, 0x0000000100000000)
 Metaspace       used 3957K, capacity 4568K, committed 4864K, reserved 1056768K
  class space    used 431K, capacity 460K, committed 512K, reserved 1048576K
2024-07-23T00:26:12.851+0800: 21.508: [GC (Allocation Failure) 2024-07-23T00:26:12.851+0800: 21.508: [ParNew
Desired survivor size 8945664 bytes, new threshold 6 (max 6)
: 0K->0K(157248K), 0.0027338 secs]2024-07-23T00:26:12.854+0800: 21.511: [CMS: 205856K->1056K(349568K), 0.0041064 secs] 205856K->1056K(506816K), [Metaspace: 3957K->3957K(1056768K)], 0.0070788 secs] [Times: user=0.00 sys=0.00, real=0.01 secs] 
Heap after GC invocations=473 (full 942):
 par new generation   total 157248K, used 0K [0x00000000e0000000, 0x00000000eaaa0000, 0x00000000eaaa0000)
  eden space 139776K,   0% used [0x00000000e0000000, 0x00000000e0000000, 0x00000000e8880000)
  from space 17472K,   0% used [0x00000000e9990000, 0x00000000e9990000, 0x00000000eaaa0000)
  to   space 17472K,   0% used [0x00000000e8880000, 0x00000000e8880000, 0x00000000e9990000)
 concurrent mark-sweep generation total 349568K, used 1056K [0x00000000eaaa0000, 0x0000000100000000, 0x0000000100000000)
 Metaspace       used 3957K, capacity 4568K, committed 4864K, reserved 1056768K
  class space    used 431K, capacity 460K, committed 512K, reserved 1048576K
}
2024-07-23T00:26:12.858+0800: 21.515: Total time for which application threads were stopped: 0.0072756 seconds, Stopping threads took: 0.0000398 seconds
2024-07-23T00:26:12.875+0800: 21.533: [GC (CMS Initial Mark) [1 CMS-initial-mark: 205856K(349568K)] 205856K(506816K), 0.0002068 secs] [Times: user=0.00 sys=0.00, real=0.00 secs] 
2024-07-23T00:26:12.875+0800: 21.533: Total time for which application threads were stopped: 0.0176273 seconds, Stopping threads took: 0.0173552 seconds
2024-07-23T00:26:12.875+0800: 21.533: [CMS-concurrent-mark-start]
2024-07-23T00:26:12.877+0800: 21.534: [CMS-concurrent-mark: 0.001/0.001 secs] [Times: user=0.00 sys=0.00, real=0.00 secs] 
2024-07-23T00:26:12.877+0800: 21.534: [CMS-concurrent-preclean-start]
2024-07-23T00:26:12.877+0800: 21.535: [CMS-concurrent-preclean: 0.000/0.000 secs] [Times: user=0.00 sys=0.00, real=0.00 secs] 
2024-07-23T00:26:12.877+0800: 21.535: [GC (CMS Final Remark) [YG occupancy: 0 K (157248 K)]2024-07-23T00:26:12.877+0800: 21.535: [Rescan (parallel) , 0.0006317 secs]2024-07-23T00:26:12.878+0800: 21.535: [weak refs processing, 0.0000071 secs]2024-07-23T00:26:12.878+0800: 21.535: [class unloading, 0.0003096 secs]2024-07-23T00:26:12.878+0800: 21.536: [scrub symbol table, 0.0004758 secs]2024-07-23T00:26:12.879+0800: 21.536: [scrub string table, 0.0001096 secs][1 CMS-remark: 205856K(349568K)] 205856K(506816K), 0.0015769 secs] [Times: user=0.00 sys=0.00, real=0.00 secs] 
2024-07-23T00:26:12.879+0800: 21.536: Total time for which application threads were stopped: 0.0016182 seconds, Stopping threads took: 0.0000119 seconds
2024-07-23T00:26:12.879+0800: 21.536: [CMS-concurrent-sweep-start]
2024-07-23T00:26:12.879+0800: 21.537: [CMS-concurrent-sweep: 0.000/0.000 secs] [Times: user=0.00 sys=0.00, real=0.00 secs] 
2024-07-23T00:26:12.879+0800: 21.537: [CMS-concurrent-reset-start]
2024-07-23T00:26:12.879+0800: 21.537: [CMS-concurrent-reset: 0.000/0.000 secs] [Times: user=0.00 sys=0.00, real=0.00 secs] 
{Heap before GC invocations=473 (full 943):
 par new generation   total 157248K, used 0K [0x00000000e0000000, 0x00000000eaaa0000, 0x00000000eaaa0000)
  eden space 139776K,   0% used [0x00000000e0000000, 0x00000000e0000000, 0x00000000e8880000)
  from space 17472K,   0% used [0x00000000e9990000, 0x00000000e9990000, 0x00000000eaaa0000)
  to   space 17472K,   0% used [0x00000000e8880000, 0x00000000e8880000, 0x00000000e9990000)
 concurrent mark-sweep generation total 349568K, used 205856K [0x00000000eaaa0000, 0x0000000100000000, 0x0000000100000000)
 Metaspace       used 3957K, capacity 4568K, committed 4864K, reserved 1056768K
  class space    used 431K, capacity 460K, committed 512K, reserved 1048576K
2024-07-23T00:26:12.898+0800: 21.555: [GC (Allocation Failure) 2024-07-23T00:26:12.898+0800: 21.555: [ParNew
Desired survivor size 8945664 bytes, new threshold 6 (max 6)
: 0K->0K(157248K), 0.0020059 secs]2024-07-23T00:26:12.900+0800: 21.557: [CMS: 205856K->1056K(349568K), 0.0036647 secs] 205856K->1056K(506816K), [Metaspace: 3957K->3957K(1056768K)], 0.0058160 secs] [Times: user=0.02 sys=0.00, real=0.01 secs] 
Heap after GC invocations=474 (full 944):
 par new generation   total 157248K, used 0K [0x00000000e0000000, 0x00000000eaaa0000, 0x00000000eaaa0000)
  eden space 139776K,   0% used [0x00000000e0000000, 0x00000000e0000000, 0x00000000e8880000)
  from space 17472K,   0% used [0x00000000e8880000, 0x00000000e8880000, 0x00000000e9990000)
  to   space 17472K,   0% used [0x00000000e9990000, 0x00000000e9990000, 0x00000000eaaa0000)
 concurrent mark-sweep generation total 349568K, used 1056K [0x00000000eaaa0000, 0x0000000100000000, 0x0000000100000000)
 Metaspace       used 3957K, capacity 4568K, committed 4864K, reserved 1056768K
  class space    used 431K, capacity 460K, committed 512K, reserved 1048576K
}
2024-07-23T00:26:12.904+0800: 21.561: Total time for which application threads were stopped: 0.0059764 seconds, Stopping threads took: 0.0000305 seconds
2024-07-23T00:26:12.922+0800: 21.579: [GC (CMS Initial Mark) [1 CMS-initial-mark: 205856K(349568K)] 205856K(506816K), 0.0003113 secs] [Times: user=0.00 sys=0.00, real=0.00 secs] 
2024-07-23T00:26:12.922+0800: 21.579: Total time for which application threads were stopped: 0.0177662 seconds, Stopping threads took: 0.0173904 seconds
2024-07-23T00:26:12.922+0800: 21.579: [CMS-concurrent-mark-start]
2024-07-23T00:26:12.923+0800: 21.581: [CMS-concurrent-mark: 0.001/0.001 secs] [Times: user=0.00 sys=0.00, real=0.00 secs] 
2024-07-23T00:26:12.923+0800: 21.581: [CMS-concurrent-preclean-start]
2024-07-23T00:26:12.924+0800: 21.581: [CMS-concurrent-preclean: 0.000/0.000 secs] [Times: user=0.00 sys=0.00, real=0.00 secs] 
2024-07-23T00:26:12.924+0800: 21.581: [GC (CMS Final Remark) [YG occupancy: 0 K (157248 K)]2024-07-23T00:26:12.924+0800: 21.581: [Rescan (parallel) , 0.0005794 secs]2024-07-23T00:26:12.924+0800: 21.582: [weak refs processing, 0.0000070 secs]2024-07-23T00:26:12.924+0800: 21.582: [class unloading, 0.0002398 secs]2024-07-23T00:26:12.925+0800: 21.582: [scrub symbol table, 0.0003317 secs]2024-07-23T00:26:12.925+0800: 21.582: [scrub string table, 0.0000943 secs][1 CMS-remark: 205856K(349568K)] 205856K(506816K), 0.0012869 secs] [Times: user=0.00 sys=0.00, real=0.00 secs] 
2024-07-23T00:26:12.925+0800: 21.582: Total time for which application threads were stopped: 0.0013246 seconds, Stopping threads took: 0.0000151 seconds
2024-07-23T00:26:12.925+0800: 21.582: [CMS-concurrent-sweep-start]
2024-07-23T00:26:12.925+0800: 21.582: [CMS-concurrent-sweep: 0.000/0.000 secs] [Times: user=0.00 sys=0.00, real=0.00 secs] 
2024-07-23T00:26:12.925+0800: 21.583: [CMS-concurrent-reset-start]
2024-07-23T00:26:12.925+0800: 21.583: [CMS-concurrent-reset: 0.000/0.000 secs] [Times: user=0.00 sys=0.00, real=0.00 secs] 
{Heap before GC invocations=474 (full 945):
 par new generation   total 157248K, used 0K [0x00000000e0000000, 0x00000000eaaa0000, 0x00000000eaaa0000)
  eden space 139776K,   0% used [0x00000000e0000000, 0x00000000e0000000, 0x00000000e8880000)
  from space 17472K,   0% used [0x00000000e8880000, 0x00000000e8880000, 0x00000000e9990000)
  to   space 17472K,   0% used [0x00000000e9990000, 0x00000000e9990000, 0x00000000eaaa0000)
 concurrent mark-sweep generation total 349568K, used 205856K [0x00000000eaaa0000, 0x0000000100000000, 0x0000000100000000)
 Metaspace       used 3957K, capacity 4568K, committed 4864K, reserved 1056768K
  class space    used 431K, capacity 460K, committed 512K, reserved 1048576K
2024-07-23T00:26:12.945+0800: 21.602: [GC (Allocation Failure) 2024-07-23T00:26:12.945+0800: 21.602: [ParNew
Desired survivor size 8945664 bytes, new threshold 6 (max 6)
: 0K->0K(157248K), 0.0023588 secs]2024-07-23T00:26:12.947+0800: 21.605: [CMS: 205856K->1056K(349568K), 0.0031220 secs] 205856K->1056K(506816K), [Metaspace: 3957K->3957K(1056768K)], 0.0056310 secs] [Times: user=0.00 sys=0.00, real=0.01 secs] 
Heap after GC invocations=475 (full 946):
 par new generation   total 157248K, used 0K [0x00000000e0000000, 0x00000000eaaa0000, 0x00000000eaaa0000)
  eden space 139776K,   0% used [0x00000000e0000000, 0x00000000e0000000, 0x00000000e8880000)
  from space 17472K,   0% used [0x00000000e9990000, 0x00000000e9990000, 0x00000000eaaa0000)
  to   space 17472K,   0% used [0x00000000e8880000, 0x00000000e8880000, 0x00000000e9990000)
 concurrent mark-sweep generation total 349568K, used 1056K [0x00000000eaaa0000, 0x0000000100000000, 0x0000000100000000)
 Metaspace       used 3957K, capacity 4568K, committed 4864K, reserved 1056768K
  class space    used 431K, capacity 460K, committed 512K, reserved 1048576K
}
2024-07-23T00:26:12.951+0800: 21.608: Total time for which application threads were stopped: 0.0057765 seconds, Stopping threads took: 0.0000338 seconds
2024-07-23T00:26:12.968+0800: 21.625: [GC (CMS Initial Mark) [1 CMS-initial-mark: 205856K(349568K)] 205856K(506816K), 0.0010466 secs] [Times: user=0.00 sys=0.00, real=0.00 secs] 
2024-07-23T00:26:12.969+0800: 21.626: Total time for which application threads were stopped: 0.0179414 seconds, Stopping threads took: 0.0168384 seconds
2024-07-23T00:26:12.969+0800: 21.626: [CMS-concurrent-mark-start]
2024-07-23T00:26:12.970+0800: 21.627: [CMS-concurrent-mark: 0.001/0.001 secs] [Times: user=0.00 sys=0.00, real=0.00 secs] 
2024-07-23T00:26:12.970+0800: 21.627: [CMS-concurrent-preclean-start]
2024-07-23T00:26:12.971+0800: 21.628: [CMS-concurrent-preclean: 0.000/0.000 secs] [Times: user=0.00 sys=0.00, real=0.00 secs] 
2024-07-23T00:26:12.971+0800: 21.628: [GC (CMS Final Remark) [YG occupancy: 0 K (157248 K)]2024-07-23T00:26:12.971+0800: 21.628: [Rescan (parallel) , 0.0005449 secs]2024-07-23T00:26:12.971+0800: 21.628: [weak refs processing, 0.0000065 secs]2024-07-23T00:26:12.971+0800: 21.628: [class unloading, 0.0001994 secs]2024-07-23T00:26:12.971+0800: 21.628: [scrub symbol table, 0.0003290 secs]2024-07-23T00:26:12.972+0800: 21.629: [scrub string table, 0.0002147 secs][1 CMS-remark: 205856K(349568K)] 205856K(506816K), 0.0013439 secs] [Times: user=0.00 sys=0.00, real=0.00 secs] 
2024-07-23T00:26:12.972+0800: 21.629: Total time for which application threads were stopped: 0.0013780 seconds, Stopping threads took: 0.0000117 seconds
2024-07-23T00:26:12.972+0800: 21.629: [CMS-concurrent-sweep-start]
2024-07-23T00:26:12.972+0800: 21.629: [CMS-concurrent-sweep: 0.000/0.000 secs] [Times: user=0.00 sys=0.00, real=0.00 secs] 
2024-07-23T00:26:12.972+0800: 21.629: [CMS-concurrent-reset-start]
2024-07-23T00:26:12.973+0800: 21.630: [CMS-concurrent-reset: 0.000/0.000 secs] [Times: user=0.00 sys=0.00, real=0.00 secs] 
{Heap before GC invocations=475 (full 947):
 par new generation   total 157248K, used 0K [0x00000000e0000000, 0x00000000eaaa0000, 0x00000000eaaa0000)
  eden space 139776K,   0% used [0x00000000e0000000, 0x00000000e0000000, 0x00000000e8880000)
  from space 17472K,   0% used [0x00000000e9990000, 0x00000000e9990000, 0x00000000eaaa0000)
  to   space 17472K,   0% used [0x00000000e8880000, 0x00000000e8880000, 0x00000000e9990000)
 concurrent mark-sweep generation total 349568K, used 205856K [0x00000000eaaa0000, 0x0000000100000000, 0x0000000100000000)
 Metaspace       used 3957K, capacity 4568K, committed 4864K, reserved 1056768K
  class space    used 431K, capacity 460K, committed 512K, reserved 1048576K
2024-07-23T00:26:12.991+0800: 21.649: [GC (Allocation Failure) 2024-07-23T00:26:12.991+0800: 21.649: [ParNew
Desired survivor size 8945664 bytes, new threshold 6 (max 6)
: 0K->0K(157248K), 0.0025053 secs]2024-07-23T00:26:12.994+0800: 21.651: [CMS: 205856K->1056K(349568K), 0.0029973 secs] 205856K->1056K(506816K), [Metaspace: 3957K->3957K(1056768K)], 0.0056345 secs] [Times: user=0.01 sys=0.00, real=0.01 secs] 
Heap after GC invocations=476 (full 948):
 par new generation   total 157248K, used 0K [0x00000000e0000000, 0x00000000eaaa0000, 0x00000000eaaa0000)
  eden space 139776K,   0% used [0x00000000e0000000, 0x00000000e0000000, 0x00000000e8880000)
  from space 17472K,   0% used [0x00000000e8880000, 0x00000000e8880000, 0x00000000e9990000)
  to   space 17472K,   0% used [0x00000000e9990000, 0x00000000e9990000, 0x00000000eaaa0000)
 concurrent mark-sweep generation total 349568K, used 1056K [0x00000000eaaa0000, 0x0000000100000000, 0x0000000100000000)
 Metaspace       used 3957K, capacity 4568K, committed 4864K, reserved 1056768K
  class space    used 431K, capacity 460K, committed 512K, reserved 1048576K
}
2024-07-23T00:26:12.997+0800: 21.654: Total time for which application threads were stopped: 0.0058012 seconds, Stopping threads took: 0.0000542 seconds
2024-07-23T00:26:13.015+0800: 21.672: [GC (CMS Initial Mark) [1 CMS-initial-mark: 205856K(349568K)] 205856K(506816K), 0.0006498 secs] [Times: user=0.00 sys=0.00, real=0.00 secs] 
2024-07-23T00:26:13.015+0800: 21.673: Total time for which application threads were stopped: 0.0182189 seconds, Stopping threads took: 0.0174880 seconds
2024-07-23T00:26:13.015+0800: 21.673: [CMS-concurrent-mark-start]
2024-07-23T00:26:13.016+0800: 21.674: [CMS-concurrent-mark: 0.001/0.001 secs] [Times: user=0.00 sys=0.00, real=0.00 secs] 
2024-07-23T00:26:13.017+0800: 21.674: [CMS-concurrent-preclean-start]
2024-07-23T00:26:13.017+0800: 21.674: [CMS-concurrent-preclean: 0.000/0.000 secs] [Times: user=0.00 sys=0.00, real=0.00 secs] 
2024-07-23T00:26:13.017+0800: 21.674: [GC (CMS Final Remark) [YG occupancy: 0 K (157248 K)]2024-07-23T00:26:13.017+0800: 21.674: [Rescan (parallel) , 0.0006838 secs]2024-07-23T00:26:13.017+0800: 21.675: [weak refs processing, 0.0000068 secs]2024-07-23T00:26:13.017+0800: 21.675: [class unloading, 0.0002145 secs]2024-07-23T00:26:13.018+0800: 21.675: [scrub symbol table, 0.0003399 secs]2024-07-23T00:26:13.018+0800: 21.675: [scrub string table, 0.0000946 secs][1 CMS-remark: 205856K(349568K)] 205856K(506816K), 0.0013707 secs] [Times: user=0.00 sys=0.00, real=0.00 secs] 
2024-07-23T00:26:13.018+0800: 21.676: Total time for which application threads were stopped: 0.0014095 seconds, Stopping threads took: 0.0000125 seconds
2024-07-23T00:26:13.019+0800: 21.676: [CMS-concurrent-sweep-start]
2024-07-23T00:26:13.019+0800: 21.676: [CMS-concurrent-sweep: 0.000/0.000 secs] [Times: user=0.00 sys=0.00, real=0.00 secs] 
2024-07-23T00:26:13.019+0800: 21.676: [CMS-concurrent-reset-start]
2024-07-23T00:26:13.019+0800: 21.676: [CMS-concurrent-reset: 0.000/0.000 secs] [Times: user=0.00 sys=0.00, real=0.00 secs] 
{Heap before GC invocations=476 (full 949):
 par new generation   total 157248K, used 0K [0x00000000e0000000, 0x00000000eaaa0000, 0x00000000eaaa0000)
  eden space 139776K,   0% used [0x00000000e0000000, 0x00000000e0000000, 0x00000000e8880000)
  from space 17472K,   0% used [0x00000000e8880000, 0x00000000e8880000, 0x00000000e9990000)
  to   space 17472K,   0% used [0x00000000e9990000, 0x00000000e9990000, 0x00000000eaaa0000)
 concurrent mark-sweep generation total 349568K, used 205856K [0x00000000eaaa0000, 0x0000000100000000, 0x0000000100000000)
 Metaspace       used 3957K, capacity 4568K, committed 4864K, reserved 1056768K
  class space    used 431K, capacity 460K, committed 512K, reserved 1048576K
2024-07-23T00:26:13.040+0800: 21.697: [GC (Allocation Failure) 2024-07-23T00:26:13.040+0800: 21.697: [ParNew
Desired survivor size 8945664 bytes, new threshold 6 (max 6)
: 0K->0K(157248K), 0.0021658 secs]2024-07-23T00:26:13.042+0800: 21.699: [CMS: 205856K->1056K(349568K), 0.0032915 secs] 205856K->1056K(506816K), [Metaspace: 3957K->3957K(1056768K)], 0.0056004 secs] [Times: user=0.02 sys=0.00, real=0.01 secs] 
Heap after GC invocations=477 (full 950):
 par new generation   total 157248K, used 0K [0x00000000e0000000, 0x00000000eaaa0000, 0x00000000eaaa0000)
  eden space 139776K,   0% used [0x00000000e0000000, 0x00000000e0000000, 0x00000000e8880000)
  from space 17472K,   0% used [0x00000000e9990000, 0x00000000e9990000, 0x00000000eaaa0000)
  to   space 17472K,   0% used [0x00000000e8880000, 0x00000000e8880000, 0x00000000e9990000)
 concurrent mark-sweep generation total 349568K, used 1056K [0x00000000eaaa0000, 0x0000000100000000, 0x0000000100000000)
 Metaspace       used 3957K, capacity 4568K, committed 4864K, reserved 1056768K
  class space    used 431K, capacity 460K, committed 512K, reserved 1048576K
}
2024-07-23T00:26:13.045+0800: 21.702: Total time for which application threads were stopped: 0.0057831 seconds, Stopping threads took: 0.0000290 seconds
2024-07-23T00:26:13.063+0800: 21.720: [GC (CMS Initial Mark) [1 CMS-initial-mark: 205856K(349568K)] 205856K(506816K), 0.0016517 secs] [Times: user=0.00 sys=0.00, real=0.00 secs] 
2024-07-23T00:26:13.064+0800: 21.722: Total time for which application threads were stopped: 0.0195039 seconds, Stopping threads took: 0.0177804 seconds
2024-07-23T00:26:13.064+0800: 21.722: [CMS-concurrent-mark-start]
2024-07-23T00:26:13.066+0800: 21.723: [CMS-concurrent-mark: 0.001/0.001 secs] [Times: user=0.00 sys=0.00, real=0.00 secs] 
2024-07-23T00:26:13.066+0800: 21.723: [CMS-concurrent-preclean-start]
2024-07-23T00:26:13.066+0800: 21.724: [CMS-concurrent-preclean: 0.000/0.000 secs] [Times: user=0.00 sys=0.00, real=0.00 secs] 
2024-07-23T00:26:13.066+0800: 21.724: [GC (CMS Final Remark) [YG occupancy: 0 K (157248 K)]2024-07-23T00:26:13.066+0800: 21.724: [Rescan (parallel) , 0.0002987 secs]2024-07-23T00:26:13.067+0800: 21.724: [weak refs processing, 0.0000186 secs]2024-07-23T00:26:13.067+0800: 21.724: [class unloading, 0.0002276 secs]2024-07-23T00:26:13.067+0800: 21.724: [scrub symbol table, 0.0003180 secs]2024-07-23T00:26:13.067+0800: 21.725: [scrub string table, 0.0000932 secs][1 CMS-remark: 205856K(349568K)] 205856K(506816K), 0.0009981 secs] [Times: user=0.00 sys=0.00, real=0.00 secs] 
2024-07-23T00:26:13.067+0800: 21.725: Total time for which application threads were stopped: 0.0010346 seconds, Stopping threads took: 0.0000137 seconds
2024-07-23T00:26:13.068+0800: 21.725: [CMS-concurrent-sweep-start]
2024-07-23T00:26:13.068+0800: 21.725: [CMS-concurrent-sweep: 0.000/0.000 secs] [Times: user=0.00 sys=0.00, real=0.00 secs] 
2024-07-23T00:26:13.068+0800: 21.725: [CMS-concurrent-reset-start]
2024-07-23T00:26:13.068+0800: 21.726: [CMS-concurrent-reset: 0.000/0.000 secs] [Times: user=0.00 sys=0.00, real=0.00 secs] 
{Heap before GC invocations=477 (full 951):
 par new generation   total 157248K, used 0K [0x00000000e0000000, 0x00000000eaaa0000, 0x00000000eaaa0000)
  eden space 139776K,   0% used [0x00000000e0000000, 0x00000000e0000000, 0x00000000e8880000)
  from space 17472K,   0% used [0x00000000e9990000, 0x00000000e9990000, 0x00000000eaaa0000)
  to   space 17472K,   0% used [0x00000000e8880000, 0x00000000e8880000, 0x00000000e9990000)
 concurrent mark-sweep generation total 349568K, used 205856K [0x00000000eaaa0000, 0x0000000100000000, 0x0000000100000000)
 Metaspace       used 3957K, capacity 4568K, committed 4864K, reserved 1056768K
  class space    used 431K, capacity 460K, committed 512K, reserved 1048576K
2024-07-23T00:26:13.087+0800: 21.744: [GC (Allocation Failure) 2024-07-23T00:26:13.087+0800: 21.744: [ParNew
Desired survivor size 8945664 bytes, new threshold 6 (max 6)
: 0K->0K(157248K), 0.0017516 secs]2024-07-23T00:26:13.089+0800: 21.746: [CMS: 205856K->1056K(349568K), 0.0059541 secs] 205856K->1056K(506816K), [Metaspace: 3957K->3957K(1056768K)], 0.0079285 secs] [Times: user=0.00 sys=0.00, real=0.01 secs] 
Heap after GC invocations=478 (full 952):
 par new generation   total 157248K, used 0K [0x00000000e0000000, 0x00000000eaaa0000, 0x00000000eaaa0000)
  eden space 139776K,   0% used [0x00000000e0000000, 0x00000000e0000000, 0x00000000e8880000)
  from space 17472K,   0% used [0x00000000e8880000, 0x00000000e8880000, 0x00000000e9990000)
  to   space 17472K,   0% used [0x00000000e9990000, 0x00000000e9990000, 0x00000000eaaa0000)
 concurrent mark-sweep generation total 349568K, used 1056K [0x00000000eaaa0000, 0x0000000100000000, 0x0000000100000000)
 Metaspace       used 3957K, capacity 4568K, committed 4864K, reserved 1056768K
  class space    used 431K, capacity 460K, committed 512K, reserved 1048576K
}
2024-07-23T00:26:13.095+0800: 21.752: Total time for which application threads were stopped: 0.0081685 seconds, Stopping threads took: 0.0000292 seconds
2024-07-23T00:26:13.113+0800: 21.770: [GC (CMS Initial Mark) [1 CMS-initial-mark: 205856K(349568K)] 205856K(506816K), 0.0003527 secs] [Times: user=0.00 sys=0.00, real=0.00 secs] 
2024-07-23T00:26:13.113+0800: 21.770: Total time for which application threads were stopped: 0.0181806 seconds, Stopping threads took: 0.0177642 seconds
2024-07-23T00:26:13.114+0800: 21.770: [CMS-concurrent-mark-start]
2024-07-23T00:26:13.115+0800: 21.772: [CMS-concurrent-mark: 0.001/0.001 secs] [Times: user=0.00 sys=0.00, real=0.00 secs] 
2024-07-23T00:26:13.115+0800: 21.772: [CMS-concurrent-preclean-start]
2024-07-23T00:26:13.115+0800: 21.772: [CMS-concurrent-preclean: 0.000/0.000 secs] [Times: user=0.00 sys=0.00, real=0.00 secs] 
2024-07-23T00:26:13.115+0800: 21.772: [GC (CMS Final Remark) [YG occupancy: 0 K (157248 K)]2024-07-23T00:26:13.115+0800: 21.772: [Rescan (parallel) , 0.0004942 secs]2024-07-23T00:26:13.116+0800: 21.773: [weak refs processing, 0.0000070 secs]2024-07-23T00:26:13.116+0800: 21.773: [class unloading, 0.0001994 secs]2024-07-23T00:26:13.116+0800: 21.773: [scrub symbol table, 0.0003257 secs]2024-07-23T00:26:13.116+0800: 21.773: [scrub string table, 0.0000938 secs][1 CMS-remark: 205856K(349568K)] 205856K(506816K), 0.0011489 secs] [Times: user=0.00 sys=0.00, real=0.00 secs] 
2024-07-23T00:26:13.116+0800: 21.773: Total time for which application threads were stopped: 0.0011827 seconds, Stopping threads took: 0.0000129 seconds
2024-07-23T00:26:13.116+0800: 21.773: [CMS-concurrent-sweep-start]
2024-07-23T00:26:13.117+0800: 21.774: [CMS-concurrent-sweep: 0.000/0.000 secs] [Times: user=0.00 sys=0.00, real=0.00 secs] 
2024-07-23T00:26:13.117+0800: 21.774: [CMS-concurrent-reset-start]
2024-07-23T00:26:13.117+0800: 21.774: [CMS-concurrent-reset: 0.000/0.000 secs] [Times: user=0.00 sys=0.00, real=0.00 secs] 
{Heap before GC invocations=478 (full 953):
 par new generation   total 157248K, used 0K [0x00000000e0000000, 0x00000000eaaa0000, 0x00000000eaaa0000)
  eden space 139776K,   0% used [0x00000000e0000000, 0x00000000e0000000, 0x00000000e8880000)
  from space 17472K,   0% used [0x00000000e8880000, 0x00000000e8880000, 0x00000000e9990000)
  to   space 17472K,   0% used [0x00000000e9990000, 0x00000000e9990000, 0x00000000eaaa0000)
 concurrent mark-sweep generation total 349568K, used 205856K [0x00000000eaaa0000, 0x0000000100000000, 0x0000000100000000)
 Metaspace       used 3957K, capacity 4568K, committed 4864K, reserved 1056768K
  class space    used 431K, capacity 460K, committed 512K, reserved 1048576K
2024-07-23T00:26:13.134+0800: 21.791: [GC (Allocation Failure) 2024-07-23T00:26:13.134+0800: 21.791: [ParNew
Desired survivor size 8945664 bytes, new threshold 6 (max 6)
: 0K->0K(157248K), 0.0016561 secs]2024-07-23T00:26:13.136+0800: 21.793: [CMS: 205856K->1056K(349568K), 0.0043469 secs] 205856K->1056K(506816K), [Metaspace: 3957K->3957K(1056768K)], 0.0061798 secs] [Times: user=0.00 sys=0.00, real=0.01 secs] 
Heap after GC invocations=479 (full 954):
 par new generation   total 157248K, used 0K [0x00000000e0000000, 0x00000000eaaa0000, 0x00000000eaaa0000)
  eden space 139776K,   0% used [0x00000000e0000000, 0x00000000e0000000, 0x00000000e8880000)
  from space 17472K,   0% used [0x00000000e9990000, 0x00000000e9990000, 0x00000000eaaa0000)
  to   space 17472K,   0% used [0x00000000e8880000, 0x00000000e8880000, 0x00000000e9990000)
 concurrent mark-sweep generation total 349568K, used 1056K [0x00000000eaaa0000, 0x0000000100000000, 0x0000000100000000)
 Metaspace       used 3957K, capacity 4568K, committed 4864K, reserved 1056768K
  class space    used 431K, capacity 460K, committed 512K, reserved 1048576K
}
2024-07-23T00:26:13.140+0800: 21.797: Total time for which application threads were stopped: 0.0063785 seconds, Stopping threads took: 0.0000380 seconds
2024-07-23T00:26:13.158+0800: 21.815: [GC (CMS Initial Mark) [1 CMS-initial-mark: 205856K(349568K)] 205856K(506816K), 0.0012922 secs] [Times: user=0.00 sys=0.00, real=0.00 secs] 
2024-07-23T00:26:13.159+0800: 21.816: Total time for which application threads were stopped: 0.0184942 seconds, Stopping threads took: 0.0171161 seconds
2024-07-23T00:26:13.159+0800: 21.816: [CMS-concurrent-mark-start]
2024-07-23T00:26:13.161+0800: 21.817: [CMS-concurrent-mark: 0.001/0.001 secs] [Times: user=0.00 sys=0.00, real=0.00 secs] 
2024-07-23T00:26:13.161+0800: 21.817: [CMS-concurrent-preclean-start]
2024-07-23T00:26:13.161+0800: 21.818: [CMS-concurrent-preclean: 0.000/0.000 secs] [Times: user=0.00 sys=0.00, real=0.00 secs] 
2024-07-23T00:26:13.161+0800: 21.818: [GC (CMS Final Remark) [YG occupancy: 0 K (157248 K)]2024-07-23T00:26:13.161+0800: 21.818: [Rescan (parallel) , 0.0002675 secs]2024-07-23T00:26:13.162+0800: 21.818: [weak refs processing, 0.0000068 secs]2024-07-23T00:26:13.162+0800: 21.818: [class unloading, 0.0001942 secs]2024-07-23T00:26:13.162+0800: 21.819: [scrub symbol table, 0.0003207 secs]2024-07-23T00:26:13.162+0800: 21.819: [scrub string table, 0.0000939 secs][1 CMS-remark: 205856K(349568K)] 205856K(506816K), 0.0009207 secs] [Times: user=0.00 sys=0.00, real=0.00 secs] 
2024-07-23T00:26:13.162+0800: 21.819: Total time for which application threads were stopped: 0.0009595 seconds, Stopping threads took: 0.0000139 seconds
2024-07-23T00:26:13.162+0800: 21.819: [CMS-concurrent-sweep-start]
2024-07-23T00:26:13.163+0800: 21.819: [CMS-concurrent-sweep: 0.000/0.000 secs] [Times: user=0.00 sys=0.00, real=0.00 secs] 
2024-07-23T00:26:13.163+0800: 21.819: [CMS-concurrent-reset-start]
2024-07-23T00:26:13.163+0800: 21.820: [CMS-concurrent-reset: 0.000/0.000 secs] [Times: user=0.00 sys=0.00, real=0.00 secs] 
{Heap before GC invocations=479 (full 955):
 par new generation   total 157248K, used 0K [0x00000000e0000000, 0x00000000eaaa0000, 0x00000000eaaa0000)
  eden space 139776K,   0% used [0x00000000e0000000, 0x00000000e0000000, 0x00000000e8880000)
  from space 17472K,   0% used [0x00000000e9990000, 0x00000000e9990000, 0x00000000eaaa0000)
  to   space 17472K,   0% used [0x00000000e8880000, 0x00000000e8880000, 0x00000000e9990000)
 concurrent mark-sweep generation total 349568K, used 205856K [0x00000000eaaa0000, 0x0000000100000000, 0x0000000100000000)
 Metaspace       used 3957K, capacity 4568K, committed 4864K, reserved 1056768K
  class space    used 431K, capacity 460K, committed 512K, reserved 1048576K
2024-07-23T00:26:13.181+0800: 21.838: [GC (Allocation Failure) 2024-07-23T00:26:13.181+0800: 21.838: [ParNew
Desired survivor size 8945664 bytes, new threshold 6 (max 6)
: 0K->0K(157248K), 0.0011979 secs]2024-07-23T00:26:13.182+0800: 21.839: [CMS: 205856K->1056K(349568K), 0.0024834 secs] 205856K->1056K(506816K), [Metaspace: 3957K->3957K(1056768K)], 0.0037845 secs] [Times: user=0.02 sys=0.00, real=0.00 secs] 
Heap after GC invocations=480 (full 956):
 par new generation   total 157248K, used 0K [0x00000000e0000000, 0x00000000eaaa0000, 0x00000000eaaa0000)
  eden space 139776K,   0% used [0x00000000e0000000, 0x00000000e0000000, 0x00000000e8880000)
  from space 17472K,   0% used [0x00000000e8880000, 0x00000000e8880000, 0x00000000e9990000)
  to   space 17472K,   0% used [0x00000000e9990000, 0x00000000e9990000, 0x00000000eaaa0000)
 concurrent mark-sweep generation total 349568K, used 1056K [0x00000000eaaa0000, 0x0000000100000000, 0x0000000100000000)
 Metaspace       used 3957K, capacity 4568K, committed 4864K, reserved 1056768K
  class space    used 431K, capacity 460K, committed 512K, reserved 1048576K
}
2024-07-23T00:26:13.185+0800: 21.842: Total time for which application threads were stopped: 0.0039425 seconds, Stopping threads took: 0.0000300 seconds
2024-07-23T00:26:13.204+0800: 21.861: [GC (CMS Initial Mark) [1 CMS-initial-mark: 205856K(349568K)] 205856K(506816K), 0.0003664 secs] [Times: user=0.00 sys=0.00, real=0.00 secs] 
2024-07-23T00:26:13.204+0800: 21.861: Total time for which application threads were stopped: 0.0190033 seconds, Stopping threads took: 0.0185726 seconds
2024-07-23T00:26:13.204+0800: 21.861: [CMS-concurrent-mark-start]
2024-07-23T00:26:13.205+0800: 21.862: [CMS-concurrent-mark: 0.001/0.001 secs] [Times: user=0.00 sys=0.00, real=0.00 secs] 
2024-07-23T00:26:13.205+0800: 21.862: [CMS-concurrent-preclean-start]
2024-07-23T00:26:13.206+0800: 21.863: [CMS-concurrent-preclean: 0.000/0.000 secs] [Times: user=0.00 sys=0.00, real=0.00 secs] 
2024-07-23T00:26:13.206+0800: 21.863: [GC (CMS Final Remark) [YG occupancy: 0 K (157248 K)]2024-07-23T00:26:13.206+0800: 21.863: [Rescan (parallel) , 0.0003650 secs]2024-07-23T00:26:13.206+0800: 21.863: [weak refs processing, 0.0000067 secs]2024-07-23T00:26:13.206+0800: 21.863: [class unloading, 0.0001981 secs]2024-07-23T00:26:13.206+0800: 21.863: [scrub symbol table, 0.0003193 secs]2024-07-23T00:26:13.207+0800: 21.864: [scrub string table, 0.0000941 secs][1 CMS-remark: 205856K(349568K)] 205856K(506816K), 0.0010158 secs] [Times: user=0.00 sys=0.00, real=0.00 secs] 
2024-07-23T00:26:13.207+0800: 21.864: Total time for which application threads were stopped: 0.0010498 seconds, Stopping threads took: 0.0000129 seconds
2024-07-23T00:26:13.207+0800: 21.864: [CMS-concurrent-sweep-start]
2024-07-23T00:26:13.207+0800: 21.864: [CMS-concurrent-sweep: 0.000/0.000 secs] [Times: user=0.00 sys=0.00, real=0.00 secs] 
2024-07-23T00:26:13.207+0800: 21.864: [CMS-concurrent-reset-start]
2024-07-23T00:26:13.207+0800: 21.864: [CMS-concurrent-reset: 0.000/0.000 secs] [Times: user=0.00 sys=0.00, real=0.00 secs] 
{Heap before GC invocations=480 (full 957):
 par new generation   total 157248K, used 0K [0x00000000e0000000, 0x00000000eaaa0000, 0x00000000eaaa0000)
  eden space 139776K,   0% used [0x00000000e0000000, 0x00000000e0000000, 0x00000000e8880000)
  from space 17472K,   0% used [0x00000000e8880000, 0x00000000e8880000, 0x00000000e9990000)
  to   space 17472K,   0% used [0x00000000e9990000, 0x00000000e9990000, 0x00000000eaaa0000)
 concurrent mark-sweep generation total 349568K, used 205856K [0x00000000eaaa0000, 0x0000000100000000, 0x0000000100000000)
 Metaspace       used 3957K, capacity 4568K, committed 4864K, reserved 1056768K
  class space    used 431K, capacity 460K, committed 512K, reserved 1048576K
2024-07-23T00:26:13.229+0800: 21.886: [GC (Allocation Failure) 2024-07-23T00:26:13.229+0800: 21.886: [ParNew
Desired survivor size 8945664 bytes, new threshold 6 (max 6)
: 0K->0K(157248K), 0.0035054 secs]2024-07-23T00:26:13.233+0800: 21.890: [CMS: 205856K->1056K(349568K), 0.0029105 secs] 205856K->1056K(506816K), [Metaspace: 3957K->3957K(1056768K)], 0.0065440 secs] [Times: user=0.02 sys=0.00, real=0.01 secs] 
Heap after GC invocations=481 (full 958):
 par new generation   total 157248K, used 0K [0x00000000e0000000, 0x00000000eaaa0000, 0x00000000eaaa0000)
  eden space 139776K,   0% used [0x00000000e0000000, 0x00000000e0000000, 0x00000000e8880000)
  from space 17472K,   0% used [0x00000000e9990000, 0x00000000e9990000, 0x00000000eaaa0000)
  to   space 17472K,   0% used [0x00000000e8880000, 0x00000000e8880000, 0x00000000e9990000)
 concurrent mark-sweep generation total 349568K, used 1056K [0x00000000eaaa0000, 0x0000000100000000, 0x0000000100000000)
 Metaspace       used 3957K, capacity 4568K, committed 4864K, reserved 1056768K
  class space    used 431K, capacity 460K, committed 512K, reserved 1048576K
}
2024-07-23T00:26:13.236+0800: 21.893: Total time for which application threads were stopped: 0.0067234 seconds, Stopping threads took: 0.0000341 seconds
2024-07-23T00:26:13.253+0800: 21.910: [GC (CMS Initial Mark) [1 CMS-initial-mark: 205856K(349568K)] 205856K(506816K), 0.0009603 secs] [Times: user=0.00 sys=0.00, real=0.00 secs] 
2024-07-23T00:26:13.254+0800: 21.911: Total time for which application threads were stopped: 0.0184639 seconds, Stopping threads took: 0.0173706 seconds
2024-07-23T00:26:13.254+0800: 21.911: [CMS-concurrent-mark-start]
2024-07-23T00:26:13.256+0800: 21.913: [CMS-concurrent-mark: 0.001/0.001 secs] [Times: user=0.00 sys=0.00, real=0.00 secs] 
2024-07-23T00:26:13.256+0800: 21.913: [CMS-concurrent-preclean-start]
2024-07-23T00:26:13.256+0800: 21.913: [CMS-concurrent-preclean: 0.000/0.000 secs] [Times: user=0.00 sys=0.00, real=0.00 secs] 
2024-07-23T00:26:13.256+0800: 21.913: [GC (CMS Final Remark) [YG occupancy: 0 K (157248 K)]2024-07-23T00:26:13.256+0800: 21.913: [Rescan (parallel) , 0.0003832 secs]2024-07-23T00:26:13.256+0800: 21.913: [weak refs processing, 0.0000065 secs]2024-07-23T00:26:13.256+0800: 21.913: [class unloading, 0.0001990 secs]2024-07-23T00:26:13.256+0800: 21.913: [scrub symbol table, 0.0003227 secs]2024-07-23T00:26:13.257+0800: 21.914: [scrub string table, 0.0000939 secs][1 CMS-remark: 205856K(349568K)] 205856K(506816K), 0.0010424 secs] [Times: user=0.00 sys=0.00, real=0.00 secs] 
2024-07-23T00:26:13.257+0800: 21.914: Total time for which application threads were stopped: 0.0010802 seconds, Stopping threads took: 0.0000117 seconds
2024-07-23T00:26:13.257+0800: 21.914: [CMS-concurrent-sweep-start]
2024-07-23T00:26:13.257+0800: 21.914: [CMS-concurrent-sweep: 0.000/0.000 secs] [Times: user=0.00 sys=0.00, real=0.00 secs] 
2024-07-23T00:26:13.257+0800: 21.914: [CMS-concurrent-reset-start]
2024-07-23T00:26:13.257+0800: 21.915: [CMS-concurrent-reset: 0.000/0.000 secs] [Times: user=0.00 sys=0.00, real=0.00 secs] 
{Heap before GC invocations=481 (full 959):
 par new generation   total 157248K, used 0K [0x00000000e0000000, 0x00000000eaaa0000, 0x00000000eaaa0000)
  eden space 139776K,   0% used [0x00000000e0000000, 0x00000000e0000000, 0x00000000e8880000)
  from space 17472K,   0% used [0x00000000e9990000, 0x00000000e9990000, 0x00000000eaaa0000)
  to   space 17472K,   0% used [0x00000000e8880000, 0x00000000e8880000, 0x00000000e9990000)
 concurrent mark-sweep generation total 349568K, used 205856K [0x00000000eaaa0000, 0x0000000100000000, 0x0000000100000000)
 Metaspace       used 3957K, capacity 4568K, committed 4864K, reserved 1056768K
  class space    used 431K, capacity 460K, committed 512K, reserved 1048576K
2024-07-23T00:26:13.275+0800: 21.932: [GC (Allocation Failure) 2024-07-23T00:26:13.275+0800: 21.932: [ParNew
Desired survivor size 8945664 bytes, new threshold 6 (max 6)
: 0K->0K(157248K), 0.0035041 secs]2024-07-23T00:26:13.279+0800: 21.936: [CMS: 205856K->1056K(349568K), 0.0037974 secs] 205856K->1056K(506816K), [Metaspace: 3957K->3957K(1056768K)], 0.0074877 secs] [Times: user=0.02 sys=0.00, real=0.01 secs] 
Heap after GC invocations=482 (full 960):
 par new generation   total 157248K, used 0K [0x00000000e0000000, 0x00000000eaaa0000, 0x00000000eaaa0000)
  eden space 139776K,   0% used [0x00000000e0000000, 0x00000000e0000000, 0x00000000e8880000)
  from space 17472K,   0% used [0x00000000e8880000, 0x00000000e8880000, 0x00000000e9990000)
  to   space 17472K,   0% used [0x00000000e9990000, 0x00000000e9990000, 0x00000000eaaa0000)
 concurrent mark-sweep generation total 349568K, used 1056K [0x00000000eaaa0000, 0x0000000100000000, 0x0000000100000000)
 Metaspace       used 3957K, capacity 4568K, committed 4864K, reserved 1056768K
  class space    used 431K, capacity 460K, committed 512K, reserved 1048576K
}
2024-07-23T00:26:13.283+0800: 21.940: Total time for which application threads were stopped: 0.0076791 seconds, Stopping threads took: 0.0000365 seconds
2024-07-23T00:26:13.301+0800: 21.958: [GC (CMS Initial Mark) [1 CMS-initial-mark: 205856K(349568K)] 205856K(506816K), 0.0004125 secs] [Times: user=0.00 sys=0.00, real=0.00 secs] 
2024-07-23T00:26:13.301+0800: 21.958: Total time for which application threads were stopped: 0.0183390 seconds, Stopping threads took: 0.0178481 seconds
2024-07-23T00:26:13.301+0800: 21.958: [CMS-concurrent-mark-start]
2024-07-23T00:26:13.303+0800: 21.960: [CMS-concurrent-mark: 0.002/0.002 secs] [Times: user=0.00 sys=0.00, real=0.00 secs] 
2024-07-23T00:26:13.303+0800: 21.960: [CMS-concurrent-preclean-start]
2024-07-23T00:26:13.303+0800: 21.960: [CMS-concurrent-preclean: 0.000/0.000 secs] [Times: user=0.00 sys=0.00, real=0.00 secs] 
2024-07-23T00:26:13.303+0800: 21.960: [GC (CMS Final Remark) [YG occupancy: 0 K (157248 K)]2024-07-23T00:26:13.303+0800: 21.960: [Rescan (parallel) , 0.0004894 secs]2024-07-23T00:26:13.304+0800: 21.961: [weak refs processing, 0.0000075 secs]2024-07-23T00:26:13.304+0800: 21.961: [class unloading, 0.0002060 secs]2024-07-23T00:26:13.304+0800: 21.961: [scrub symbol table, 0.0003446 secs]2024-07-23T00:26:13.304+0800: 21.961: [scrub string table, 0.0000988 secs][1 CMS-remark: 205856K(349568K)] 205856K(506816K), 0.0011876 secs] [Times: user=0.00 sys=0.00, real=0.00 secs] 
2024-07-23T00:26:13.304+0800: 21.962: Total time for which application threads were stopped: 0.0012289 seconds, Stopping threads took: 0.0000143 seconds
2024-07-23T00:26:13.304+0800: 21.962: [CMS-concurrent-sweep-start]
2024-07-23T00:26:13.305+0800: 21.962: [CMS-concurrent-sweep: 0.000/0.000 secs] [Times: user=0.00 sys=0.00, real=0.00 secs] 
2024-07-23T00:26:13.305+0800: 21.962: [CMS-concurrent-reset-start]
2024-07-23T00:26:13.305+0800: 21.962: [CMS-concurrent-reset: 0.000/0.000 secs] [Times: user=0.00 sys=0.00, real=0.00 secs] 
{Heap before GC invocations=482 (full 961):
 par new generation   total 157248K, used 0K [0x00000000e0000000, 0x00000000eaaa0000, 0x00000000eaaa0000)
  eden space 139776K,   0% used [0x00000000e0000000, 0x00000000e0000000, 0x00000000e8880000)
  from space 17472K,   0% used [0x00000000e8880000, 0x00000000e8880000, 0x00000000e9990000)
  to   space 17472K,   0% used [0x00000000e9990000, 0x00000000e9990000, 0x00000000eaaa0000)
 concurrent mark-sweep generation total 349568K, used 205856K [0x00000000eaaa0000, 0x0000000100000000, 0x0000000100000000)
 Metaspace       used 3957K, capacity 4568K, committed 4864K, reserved 1056768K
  class space    used 431K, capacity 460K, committed 512K, reserved 1048576K
2024-07-23T00:26:13.322+0800: 21.979: [GC (Allocation Failure) 2024-07-23T00:26:13.322+0800: 21.979: [ParNew
Desired survivor size 8945664 bytes, new threshold 6 (max 6)
: 0K->0K(157248K), 0.0005778 secs]2024-07-23T00:26:13.322+0800: 21.980: [CMS: 205856K->1056K(349568K), 0.0026981 secs] 205856K->1056K(506816K), [Metaspace: 3957K->3957K(1056768K)], 0.0033826 secs] [Times: user=0.00 sys=0.00, real=0.00 secs] 
Heap after GC invocations=483 (full 962):
 par new generation   total 157248K, used 0K [0x00000000e0000000, 0x00000000eaaa0000, 0x00000000eaaa0000)
  eden space 139776K,   0% used [0x00000000e0000000, 0x00000000e0000000, 0x00000000e8880000)
  from space 17472K,   0% used [0x00000000e9990000, 0x00000000e9990000, 0x00000000eaaa0000)
  to   space 17472K,   0% used [0x00000000e8880000, 0x00000000e8880000, 0x00000000e9990000)
 concurrent mark-sweep generation total 349568K, used 1056K [0x00000000eaaa0000, 0x0000000100000000, 0x0000000100000000)
 Metaspace       used 3957K, capacity 4568K, committed 4864K, reserved 1056768K
  class space    used 431K, capacity 460K, committed 512K, reserved 1048576K
}
2024-07-23T00:26:13.326+0800: 21.983: Total time for which application threads were stopped: 0.0035160 seconds, Stopping threads took: 0.0000315 seconds
2024-07-23T00:26:13.344+0800: 22.001: [GC (CMS Initial Mark) [1 CMS-initial-mark: 205856K(349568K)] 205856K(506816K), 0.0010674 secs] [Times: user=0.00 sys=0.00, real=0.00 secs] 
2024-07-23T00:26:13.345+0800: 22.002: Total time for which application threads were stopped: 0.0189528 seconds, Stopping threads took: 0.0178048 seconds
2024-07-23T00:26:13.345+0800: 22.002: [CMS-concurrent-mark-start]
2024-07-23T00:26:13.346+0800: 22.003: [CMS-concurrent-mark: 0.001/0.001 secs] [Times: user=0.00 sys=0.00, real=0.00 secs] 
2024-07-23T00:26:13.346+0800: 22.003: [CMS-concurrent-preclean-start]
2024-07-23T00:26:13.347+0800: 22.004: [CMS-concurrent-preclean: 0.001/0.001 secs] [Times: user=0.00 sys=0.00, real=0.00 secs] 
2024-07-23T00:26:13.347+0800: 22.004: [GC (CMS Final Remark) [YG occupancy: 0 K (157248 K)]2024-07-23T00:26:13.347+0800: 22.004: [Rescan (parallel) , 0.0004796 secs]2024-07-23T00:26:13.347+0800: 22.004: [weak refs processing, 0.0000080 secs]2024-07-23T00:26:13.347+0800: 22.004: [class unloading, 0.0002172 secs]2024-07-23T00:26:13.347+0800: 22.005: [scrub symbol table, 0.0004259 secs]2024-07-23T00:26:13.348+0800: 22.005: [scrub string table, 0.0001017 secs][1 CMS-remark: 205856K(349568K)] 205856K(506816K), 0.0012889 secs] [Times: user=0.00 sys=0.00, real=0.00 secs] 
2024-07-23T00:26:13.348+0800: 22.005: Total time for which application threads were stopped: 0.0013451 seconds, Stopping threads took: 0.0000215 seconds
2024-07-23T00:26:13.348+0800: 22.005: [CMS-concurrent-sweep-start]
2024-07-23T00:26:13.348+0800: 22.005: [CMS-concurrent-sweep: 0.000/0.000 secs] [Times: user=0.00 sys=0.00, real=0.00 secs] 
2024-07-23T00:26:13.348+0800: 22.005: [CMS-concurrent-reset-start]
2024-07-23T00:26:13.349+0800: 22.006: [CMS-concurrent-reset: 0.001/0.001 secs] [Times: user=0.00 sys=0.00, real=0.00 secs] 
{Heap before GC invocations=483 (full 963):
 par new generation   total 157248K, used 0K [0x00000000e0000000, 0x00000000eaaa0000, 0x00000000eaaa0000)
  eden space 139776K,   0% used [0x00000000e0000000, 0x00000000e0000000, 0x00000000e8880000)
  from space 17472K,   0% used [0x00000000e9990000, 0x00000000e9990000, 0x00000000eaaa0000)
  to   space 17472K,   0% used [0x00000000e8880000, 0x00000000e8880000, 0x00000000e9990000)
 concurrent mark-sweep generation total 349568K, used 205856K [0x00000000eaaa0000, 0x0000000100000000, 0x0000000100000000)
 Metaspace       used 3957K, capacity 4568K, committed 4864K, reserved 1056768K
  class space    used 431K, capacity 460K, committed 512K, reserved 1048576K
2024-07-23T00:26:13.368+0800: 22.025: [GC (Allocation Failure) 2024-07-23T00:26:13.368+0800: 22.025: [ParNew
Desired survivor size 8945664 bytes, new threshold 6 (max 6)
: 0K->0K(157248K), 0.0009565 secs]2024-07-23T00:26:13.369+0800: 22.026: [CMS: 205856K->1056K(349568K), 0.0034941 secs] 205856K->1056K(506816K), [Metaspace: 3957K->3957K(1056768K)], 0.0046166 secs] [Times: user=0.00 sys=0.00, real=0.00 secs] 
Heap after GC invocations=484 (full 964):
 par new generation   total 157248K, used 0K [0x00000000e0000000, 0x00000000eaaa0000, 0x00000000eaaa0000)
  eden space 139776K,   0% used [0x00000000e0000000, 0x00000000e0000000, 0x00000000e8880000)
  from space 17472K,   0% used [0x00000000e8880000, 0x00000000e8880000, 0x00000000e9990000)
  to   space 17472K,   0% used [0x00000000e9990000, 0x00000000e9990000, 0x00000000eaaa0000)
 concurrent mark-sweep generation total 349568K, used 1056K [0x00000000eaaa0000, 0x0000000100000000, 0x0000000100000000)
 Metaspace       used 3957K, capacity 4568K, committed 4864K, reserved 1056768K
  class space    used 431K, capacity 460K, committed 512K, reserved 1048576K
}
2024-07-23T00:26:13.373+0800: 22.030: Total time for which application threads were stopped: 0.0047728 seconds, Stopping threads took: 0.0000402 seconds
2024-07-23T00:26:13.392+0800: 22.049: [GC (CMS Initial Mark) [1 CMS-initial-mark: 205856K(349568K)] 205856K(506816K), 0.0003685 secs] [Times: user=0.00 sys=0.00, real=0.00 secs] 
2024-07-23T00:26:13.392+0800: 22.050: Total time for which application threads were stopped: 0.0195062 seconds, Stopping threads took: 0.0190653 seconds
2024-07-23T00:26:13.392+0800: 22.050: [CMS-concurrent-mark-start]
2024-07-23T00:26:13.394+0800: 22.051: [CMS-concurrent-mark: 0.001/0.001 secs] [Times: user=0.00 sys=0.00, real=0.00 secs] 
2024-07-23T00:26:13.394+0800: 22.051: [CMS-concurrent-preclean-start]
2024-07-23T00:26:13.394+0800: 22.051: [CMS-concurrent-preclean: 0.000/0.000 secs] [Times: user=0.00 sys=0.00, real=0.00 secs] 
2024-07-23T00:26:13.394+0800: 22.051: [GC (CMS Final Remark) [YG occupancy: 0 K (157248 K)]2024-07-23T00:26:13.394+0800: 22.051: [Rescan (parallel) , 0.0003544 secs]2024-07-23T00:26:13.394+0800: 22.052: [weak refs processing, 0.0000067 secs]2024-07-23T00:26:13.394+0800: 22.052: [class unloading, 0.0001953 secs]2024-07-23T00:26:13.394+0800: 22.052: [scrub symbol table, 0.0003259 secs]2024-07-23T00:26:13.395+0800: 22.052: [scrub string table, 0.0000955 secs][1 CMS-remark: 205856K(349568K)] 205856K(506816K), 0.0010070 secs] [Times: user=0.00 sys=0.00, real=0.00 secs] 
2024-07-23T00:26:13.395+0800: 22.052: Total time for which application threads were stopped: 0.0010426 seconds, Stopping threads took: 0.0000139 seconds
2024-07-23T00:26:13.395+0800: 22.052: [CMS-concurrent-sweep-start]
2024-07-23T00:26:13.395+0800: 22.053: [CMS-concurrent-sweep: 0.000/0.000 secs] [Times: user=0.00 sys=0.00, real=0.00 secs] 
2024-07-23T00:26:13.395+0800: 22.053: [CMS-concurrent-reset-start]
2024-07-23T00:26:13.396+0800: 22.053: [CMS-concurrent-reset: 0.000/0.000 secs] [Times: user=0.00 sys=0.00, real=0.00 secs] 
{Heap before GC invocations=484 (full 965):
 par new generation   total 157248K, used 0K [0x00000000e0000000, 0x00000000eaaa0000, 0x00000000eaaa0000)
  eden space 139776K,   0% used [0x00000000e0000000, 0x00000000e0000000, 0x00000000e8880000)
  from space 17472K,   0% used [0x00000000e8880000, 0x00000000e8880000, 0x00000000e9990000)
  to   space 17472K,   0% used [0x00000000e9990000, 0x00000000e9990000, 0x00000000eaaa0000)
 concurrent mark-sweep generation total 349568K, used 205856K [0x00000000eaaa0000, 0x0000000100000000, 0x0000000100000000)
 Metaspace       used 3957K, capacity 4568K, committed 4864K, reserved 1056768K
  class space    used 431K, capacity 460K, committed 512K, reserved 1048576K
2024-07-23T00:26:13.414+0800: 22.071: [GC (Allocation Failure) 2024-07-23T00:26:13.414+0800: 22.071: [ParNew
Desired survivor size 8945664 bytes, new threshold 6 (max 6)
: 0K->0K(157248K), 0.0015737 secs]2024-07-23T00:26:13.416+0800: 22.073: [CMS: 205856K->1056K(349568K), 0.0032977 secs] 205856K->1056K(506816K), [Metaspace: 3957K->3957K(1056768K)], 0.0050496 secs] [Times: user=0.00 sys=0.00, real=0.00 secs] 
Heap after GC invocations=485 (full 966):
 par new generation   total 157248K, used 0K [0x00000000e0000000, 0x00000000eaaa0000, 0x00000000eaaa0000)
  eden space 139776K,   0% used [0x00000000e0000000, 0x00000000e0000000, 0x00000000e8880000)
  from space 17472K,   0% used [0x00000000e9990000, 0x00000000e9990000, 0x00000000eaaa0000)
  to   space 17472K,   0% used [0x00000000e8880000, 0x00000000e8880000, 0x00000000e9990000)
 concurrent mark-sweep generation total 349568K, used 1056K [0x00000000eaaa0000, 0x0000000100000000, 0x0000000100000000)
 Metaspace       used 3957K, capacity 4568K, committed 4864K, reserved 1056768K
  class space    used 431K, capacity 460K, committed 512K, reserved 1048576K
}
2024-07-23T00:26:13.419+0800: 22.076: Total time for which application threads were stopped: 0.0051936 seconds, Stopping threads took: 0.0000342 seconds
2024-07-23T00:26:13.437+0800: 22.094: [GC (CMS Initial Mark) [1 CMS-initial-mark: 205856K(349568K)] 205856K(506816K), 0.0006009 secs] [Times: user=0.00 sys=0.00, real=0.00 secs] 
2024-07-23T00:26:13.438+0800: 22.094: Total time for which application threads were stopped: 0.0182584 seconds, Stopping threads took: 0.0175833 seconds
2024-07-23T00:26:13.438+0800: 22.094: [CMS-concurrent-mark-start]
2024-07-23T00:26:13.439+0800: 22.096: [CMS-concurrent-mark: 0.001/0.001 secs] [Times: user=0.00 sys=0.00, real=0.00 secs] 
2024-07-23T00:26:13.439+0800: 22.096: [CMS-concurrent-preclean-start]
2024-07-23T00:26:13.439+0800: 22.096: [CMS-concurrent-preclean: 0.000/0.000 secs] [Times: user=0.00 sys=0.00, real=0.00 secs] 
2024-07-23T00:26:13.439+0800: 22.096: [GC (CMS Final Remark) [YG occupancy: 0 K (157248 K)]2024-07-23T00:26:13.439+0800: 22.096: [Rescan (parallel) , 0.0003283 secs]2024-07-23T00:26:13.440+0800: 22.097: [weak refs processing, 0.0000220 secs]2024-07-23T00:26:13.440+0800: 22.097: [class unloading, 0.0003120 secs]2024-07-23T00:26:13.440+0800: 22.097: [scrub symbol table, 0.0003781 secs]2024-07-23T00:26:13.440+0800: 22.097: [scrub string table, 0.0001014 secs][1 CMS-remark: 205856K(349568K)] 205856K(506816K), 0.0012092 secs] [Times: user=0.00 sys=0.00, real=0.00 secs] 
2024-07-23T00:26:13.440+0800: 22.097: Total time for which application threads were stopped: 0.0012489 seconds, Stopping threads took: 0.0000142 seconds
2024-07-23T00:26:13.441+0800: 22.098: [CMS-concurrent-sweep-start]
2024-07-23T00:26:13.441+0800: 22.098: [CMS-concurrent-sweep: 0.000/0.000 secs] [Times: user=0.00 sys=0.00, real=0.00 secs] 
2024-07-23T00:26:13.441+0800: 22.098: [CMS-concurrent-reset-start]
2024-07-23T00:26:13.442+0800: 22.099: [CMS-concurrent-reset: 0.001/0.001 secs] [Times: user=0.00 sys=0.00, real=0.00 secs] 
{Heap before GC invocations=485 (full 967):
 par new generation   total 157248K, used 0K [0x00000000e0000000, 0x00000000eaaa0000, 0x00000000eaaa0000)
  eden space 139776K,   0% used [0x00000000e0000000, 0x00000000e0000000, 0x00000000e8880000)
  from space 17472K,   0% used [0x00000000e9990000, 0x00000000e9990000, 0x00000000eaaa0000)
  to   space 17472K,   0% used [0x00000000e8880000, 0x00000000e8880000, 0x00000000e9990000)
 concurrent mark-sweep generation total 349568K, used 205856K [0x00000000eaaa0000, 0x0000000100000000, 0x0000000100000000)
 Metaspace       used 3957K, capacity 4568K, committed 4864K, reserved 1056768K
  class space    used 431K, capacity 460K, committed 512K, reserved 1048576K
2024-07-23T00:26:13.460+0800: 22.117: [GC (Allocation Failure) 2024-07-23T00:26:13.460+0800: 22.117: [ParNew
Desired survivor size 8945664 bytes, new threshold 6 (max 6)
: 0K->0K(157248K), 0.0019864 secs]2024-07-23T00:26:13.462+0800: 22.119: [CMS: 205856K->1056K(349568K), 0.0042406 secs] 205856K->1056K(506816K), [Metaspace: 3957K->3957K(1056768K)], 0.0064024 secs] [Times: user=0.00 sys=0.00, real=0.01 secs] 
Heap after GC invocations=486 (full 968):
 par new generation   total 157248K, used 0K [0x00000000e0000000, 0x00000000eaaa0000, 0x00000000eaaa0000)
  eden space 139776K,   0% used [0x00000000e0000000, 0x00000000e0000000, 0x00000000e8880000)
  from space 17472K,   0% used [0x00000000e8880000, 0x00000000e8880000, 0x00000000e9990000)
  to   space 17472K,   0% used [0x00000000e9990000, 0x00000000e9990000, 0x00000000eaaa0000)
 concurrent mark-sweep generation total 349568K, used 1056K [0x00000000eaaa0000, 0x0000000100000000, 0x0000000100000000)
 Metaspace       used 3957K, capacity 4568K, committed 4864K, reserved 1056768K
  class space    used 431K, capacity 460K, committed 512K, reserved 1048576K
}
2024-07-23T00:26:13.467+0800: 22.124: Total time for which application threads were stopped: 0.0065912 seconds, Stopping threads took: 0.0000351 seconds
2024-07-23T00:26:13.486+0800: 22.143: [GC (CMS Initial Mark) [1 CMS-initial-mark: 205856K(349568K)] 205856K(506816K), 0.0003856 secs] [Times: user=0.00 sys=0.00, real=0.00 secs] 
2024-07-23T00:26:13.486+0800: 22.144: Total time for which application threads were stopped: 0.0199521 seconds, Stopping threads took: 0.0194945 seconds
2024-07-23T00:26:13.487+0800: 22.144: [CMS-concurrent-mark-start]
2024-07-23T00:26:13.488+0800: 22.145: [CMS-concurrent-mark: 0.001/0.001 secs] [Times: user=0.00 sys=0.00, real=0.00 secs] 
2024-07-23T00:26:13.488+0800: 22.145: [CMS-concurrent-preclean-start]
2024-07-23T00:26:13.488+0800: 22.145: [CMS-concurrent-preclean: 0.000/0.000 secs] [Times: user=0.00 sys=0.00, real=0.00 secs] 
2024-07-23T00:26:13.488+0800: 22.145: [GC (CMS Final Remark) [YG occupancy: 0 K (157248 K)]2024-07-23T00:26:13.488+0800: 22.145: [Rescan (parallel) , 0.0003457 secs]2024-07-23T00:26:13.488+0800: 22.146: [weak refs processing, 0.0000072 secs]2024-07-23T00:26:13.488+0800: 22.146: [class unloading, 0.0002135 secs]2024-07-23T00:26:13.489+0800: 22.146: [scrub symbol table, 0.0003171 secs]2024-07-23T00:26:13.489+0800: 22.146: [scrub string table, 0.0001000 secs][1 CMS-remark: 205856K(349568K)] 205856K(506816K), 0.0010255 secs] [Times: user=0.00 sys=0.00, real=0.00 secs] 
2024-07-23T00:26:13.489+0800: 22.146: Total time for which application threads were stopped: 0.0010671 seconds, Stopping threads took: 0.0000148 seconds
2024-07-23T00:26:13.489+0800: 22.146: [CMS-concurrent-sweep-start]
2024-07-23T00:26:13.489+0800: 22.147: [CMS-concurrent-sweep: 0.000/0.000 secs] [Times: user=0.00 sys=0.00, real=0.00 secs] 
2024-07-23T00:26:13.489+0800: 22.147: [CMS-concurrent-reset-start]
2024-07-23T00:26:13.490+0800: 22.147: [CMS-concurrent-reset: 0.000/0.000 secs] [Times: user=0.00 sys=0.00, real=0.00 secs] 
{Heap before GC invocations=486 (full 969):
 par new generation   total 157248K, used 0K [0x00000000e0000000, 0x00000000eaaa0000, 0x00000000eaaa0000)
  eden space 139776K,   0% used [0x00000000e0000000, 0x00000000e0000000, 0x00000000e8880000)
  from space 17472K,   0% used [0x00000000e8880000, 0x00000000e8880000, 0x00000000e9990000)
  to   space 17472K,   0% used [0x00000000e9990000, 0x00000000e9990000, 0x00000000eaaa0000)
 concurrent mark-sweep generation total 349568K, used 205856K [0x00000000eaaa0000, 0x0000000100000000, 0x0000000100000000)
 Metaspace       used 3957K, capacity 4568K, committed 4864K, reserved 1056768K
  class space    used 431K, capacity 460K, committed 512K, reserved 1048576K
2024-07-23T00:26:13.505+0800: 22.162: [GC (Allocation Failure) 2024-07-23T00:26:13.505+0800: 22.162: [ParNew
Desired survivor size 8945664 bytes, new threshold 6 (max 6)
: 0K->0K(157248K), 0.0015604 secs]2024-07-23T00:26:13.507+0800: 22.164: [CMS: 205856K->1056K(349568K), 0.0024292 secs] 205856K->1056K(506816K), [Metaspace: 3957K->3957K(1056768K)], 0.0040835 secs] [Times: user=0.00 sys=0.00, real=0.00 secs] 
Heap after GC invocations=487 (full 970):
 par new generation   total 157248K, used 0K [0x00000000e0000000, 0x00000000eaaa0000, 0x00000000eaaa0000)
  eden space 139776K,   0% used [0x00000000e0000000, 0x00000000e0000000, 0x00000000e8880000)
  from space 17472K,   0% used [0x00000000e9990000, 0x00000000e9990000, 0x00000000eaaa0000)
  to   space 17472K,   0% used [0x00000000e8880000, 0x00000000e8880000, 0x00000000e9990000)
 concurrent mark-sweep generation total 349568K, used 1056K [0x00000000eaaa0000, 0x0000000100000000, 0x0000000100000000)
 Metaspace       used 3957K, capacity 4568K, committed 4864K, reserved 1056768K
  class space    used 431K, capacity 460K, committed 512K, reserved 1048576K
}
2024-07-23T00:26:13.509+0800: 22.166: Total time for which application threads were stopped: 0.0042173 seconds, Stopping threads took: 0.0000301 seconds
2024-07-23T00:26:13.526+0800: 22.184: [GC (CMS Initial Mark) [1 CMS-initial-mark: 205856K(349568K)] 205856K(506816K), 0.0003738 secs] [Times: user=0.00 sys=0.00, real=0.00 secs] 
2024-07-23T00:26:13.527+0800: 22.184: Total time for which application threads were stopped: 0.0172150 seconds, Stopping threads took: 0.0167803 seconds
2024-07-23T00:26:13.527+0800: 22.184: [CMS-concurrent-mark-start]
2024-07-23T00:26:13.528+0800: 22.185: [CMS-concurrent-mark: 0.001/0.001 secs] [Times: user=0.00 sys=0.00, real=0.00 secs] 
2024-07-23T00:26:13.528+0800: 22.185: [CMS-concurrent-preclean-start]
2024-07-23T00:26:13.528+0800: 22.185: [CMS-concurrent-preclean: 0.000/0.000 secs] [Times: user=0.00 sys=0.00, real=0.00 secs] 
2024-07-23T00:26:13.528+0800: 22.186: [GC (CMS Final Remark) [YG occupancy: 0 K (157248 K)]2024-07-23T00:26:13.528+0800: 22.186: [Rescan (parallel) , 0.0003306 secs]2024-07-23T00:26:13.529+0800: 22.186: [weak refs processing, 0.0000071 secs]2024-07-23T00:26:13.529+0800: 22.186: [class unloading, 0.0001954 secs]2024-07-23T00:26:13.529+0800: 22.186: [scrub symbol table, 0.0003316 secs]2024-07-23T00:26:13.529+0800: 22.186: [scrub string table, 0.0000955 secs][1 CMS-remark: 205856K(349568K)] 205856K(506816K), 0.0009935 secs] [Times: user=0.00 sys=0.00, real=0.00 secs] 
2024-07-23T00:26:13.529+0800: 22.187: Total time for which application threads were stopped: 0.0010359 seconds, Stopping threads took: 0.0000129 seconds
2024-07-23T00:26:13.530+0800: 22.187: [CMS-concurrent-sweep-start]
2024-07-23T00:26:13.530+0800: 22.187: [CMS-concurrent-sweep: 0.000/0.000 secs] [Times: user=0.00 sys=0.00, real=0.00 secs] 
2024-07-23T00:26:13.530+0800: 22.187: [CMS-concurrent-reset-start]
2024-07-23T00:26:13.530+0800: 22.187: [CMS-concurrent-reset: 0.000/0.000 secs] [Times: user=0.00 sys=0.00, real=0.00 secs] 
{Heap before GC invocations=487 (full 971):
 par new generation   total 157248K, used 0K [0x00000000e0000000, 0x00000000eaaa0000, 0x00000000eaaa0000)
  eden space 139776K,   0% used [0x00000000e0000000, 0x00000000e0000000, 0x00000000e8880000)
  from space 17472K,   0% used [0x00000000e9990000, 0x00000000e9990000, 0x00000000eaaa0000)
  to   space 17472K,   0% used [0x00000000e8880000, 0x00000000e8880000, 0x00000000e9990000)
 concurrent mark-sweep generation total 349568K, used 205856K [0x00000000eaaa0000, 0x0000000100000000, 0x0000000100000000)
 Metaspace       used 3957K, capacity 4568K, committed 4864K, reserved 1056768K
  class space    used 431K, capacity 460K, committed 512K, reserved 1048576K
2024-07-23T00:26:13.537+0800: 22.194: [GC (Allocation Failure) 2024-07-23T00:26:13.537+0800: 22.194: [ParNew
Desired survivor size 8945664 bytes, new threshold 6 (max 6)
: 0K->0K(157248K), 0.0005141 secs]2024-07-23T00:26:13.537+0800: 22.195: [CMS: 205856K->1056K(349568K), 0.0026703 secs] 205856K->1056K(506816K), [Metaspace: 3957K->3957K(1056768K)], 0.0032564 secs] [Times: user=0.00 sys=0.00, real=0.00 secs] 
Heap after GC invocations=488 (full 972):
 par new generation   total 157248K, used 0K [0x00000000e0000000, 0x00000000eaaa0000, 0x00000000eaaa0000)
  eden space 139776K,   0% used [0x00000000e0000000, 0x00000000e0000000, 0x00000000e8880000)
  from space 17472K,   0% used [0x00000000e8880000, 0x00000000e8880000, 0x00000000e9990000)
  to   space 17472K,   0% used [0x00000000e9990000, 0x00000000e9990000, 0x00000000eaaa0000)
 concurrent mark-sweep generation total 349568K, used 1056K [0x00000000eaaa0000, 0x0000000100000000, 0x0000000100000000)
 Metaspace       used 3957K, capacity 4568K, committed 4864K, reserved 1056768K
  class space    used 431K, capacity 460K, committed 512K, reserved 1048576K
}
2024-07-23T00:26:13.540+0800: 22.198: Total time for which application threads were stopped: 0.0033942 seconds, Stopping threads took: 0.0000168 seconds
2024-07-23T00:26:13.561+0800: 22.218: [GC (CMS Initial Mark) [1 CMS-initial-mark: 205856K(349568K)] 205856K(506816K), 0.0003557 secs] [Times: user=0.00 sys=0.00, real=0.00 secs] 
2024-07-23T00:26:13.562+0800: 22.219: Total time for which application threads were stopped: 0.0206794 seconds, Stopping threads took: 0.0202362 seconds
2024-07-23T00:26:13.562+0800: 22.219: [CMS-concurrent-mark-start]
2024-07-23T00:26:13.563+0800: 22.220: [CMS-concurrent-mark: 0.002/0.002 secs] [Times: user=0.00 sys=0.00, real=0.00 secs] 
2024-07-23T00:26:13.563+0800: 22.220: [CMS-concurrent-preclean-start]
2024-07-23T00:26:13.564+0800: 22.221: [CMS-concurrent-preclean: 0.000/0.000 secs] [Times: user=0.00 sys=0.00, real=0.00 secs] 
2024-07-23T00:26:13.564+0800: 22.221: [GC (CMS Final Remark) [YG occupancy: 0 K (157248 K)]2024-07-23T00:26:13.564+0800: 22.221: [Rescan (parallel) , 0.0004981 secs]2024-07-23T00:26:13.564+0800: 22.221: [weak refs processing, 0.0000117 secs]2024-07-23T00:26:13.564+0800: 22.221: [class unloading, 0.0003087 secs]2024-07-23T00:26:13.565+0800: 22.222: [scrub symbol table, 0.0003709 secs]2024-07-23T00:26:13.565+0800: 22.222: [scrub string table, 0.0001131 secs][1 CMS-remark: 205856K(349568K)] 205856K(506816K), 0.0013768 secs] [Times: user=0.00 sys=0.00, real=0.00 secs] 
2024-07-23T00:26:13.565+0800: 22.222: Total time for which application threads were stopped: 0.0014266 seconds, Stopping threads took: 0.0000160 seconds
2024-07-23T00:26:13.565+0800: 22.222: [CMS-concurrent-sweep-start]
2024-07-23T00:26:13.566+0800: 22.222: [CMS-concurrent-sweep: 0.000/0.000 secs] [Times: user=0.00 sys=0.00, real=0.00 secs] 
2024-07-23T00:26:13.566+0800: 22.222: [CMS-concurrent-reset-start]
2024-07-23T00:26:13.566+0800: 22.223: [CMS-concurrent-reset: 0.000/0.000 secs] [Times: user=0.00 sys=0.00, real=0.00 secs] 
{Heap before GC invocations=488 (full 973):
 par new generation   total 157248K, used 0K [0x00000000e0000000, 0x00000000eaaa0000, 0x00000000eaaa0000)
  eden space 139776K,   0% used [0x00000000e0000000, 0x00000000e0000000, 0x00000000e8880000)
  from space 17472K,   0% used [0x00000000e8880000, 0x00000000e8880000, 0x00000000e9990000)
  to   space 17472K,   0% used [0x00000000e9990000, 0x00000000e9990000, 0x00000000eaaa0000)
 concurrent mark-sweep generation total 349568K, used 205856K [0x00000000eaaa0000, 0x0000000100000000, 0x0000000100000000)
 Metaspace       used 3957K, capacity 4568K, committed 4864K, reserved 1056768K
  class space    used 431K, capacity 460K, committed 512K, reserved 1048576K
2024-07-23T00:26:13.583+0800: 22.240: [GC (Allocation Failure) 2024-07-23T00:26:13.583+0800: 22.240: [ParNew
Desired survivor size 8945664 bytes, new threshold 6 (max 6)
: 0K->0K(157248K), 0.0024839 secs]2024-07-23T00:26:13.585+0800: 22.243: [CMS: 205856K->1056K(349568K), 0.0029333 secs] 205856K->1056K(506816K), [Metaspace: 3957K->3957K(1056768K)], 0.0055685 secs] [Times: user=0.00 sys=0.00, real=0.01 secs] 
Heap after GC invocations=489 (full 974):
 par new generation   total 157248K, used 0K [0x00000000e0000000, 0x00000000eaaa0000, 0x00000000eaaa0000)
  eden space 139776K,   0% used [0x00000000e0000000, 0x00000000e0000000, 0x00000000e8880000)
  from space 17472K,   0% used [0x00000000e9990000, 0x00000000e9990000, 0x00000000eaaa0000)
  to   space 17472K,   0% used [0x00000000e8880000, 0x00000000e8880000, 0x00000000e9990000)
 concurrent mark-sweep generation total 349568K, used 1056K [0x00000000eaaa0000, 0x0000000100000000, 0x0000000100000000)
 Metaspace       used 3957K, capacity 4568K, committed 4864K, reserved 1056768K
  class space    used 431K, capacity 460K, committed 512K, reserved 1048576K
}
2024-07-23T00:26:13.589+0800: 22.246: Total time for which application threads were stopped: 0.0057491 seconds, Stopping threads took: 0.0000343 seconds
2024-07-23T00:26:13.607+0800: 22.264: [GC (CMS Initial Mark) [1 CMS-initial-mark: 205856K(349568K)] 205856K(506816K), 0.0011048 secs] [Times: user=0.00 sys=0.00, real=0.00 secs] 
2024-07-23T00:26:13.609+0800: 22.265: Total time for which application threads were stopped: 0.0190687 seconds, Stopping threads took: 0.0178912 seconds
2024-07-23T00:26:13.609+0800: 22.265: [CMS-concurrent-mark-start]
2024-07-23T00:26:13.610+0800: 22.267: [CMS-concurrent-mark: 0.002/0.002 secs] [Times: user=0.00 sys=0.00, real=0.00 secs] 
2024-07-23T00:26:13.610+0800: 22.267: [CMS-concurrent-preclean-start]
2024-07-23T00:26:13.611+0800: 22.268: [CMS-concurrent-preclean: 0.000/0.000 secs] [Times: user=0.00 sys=0.00, real=0.00 secs] 
2024-07-23T00:26:13.611+0800: 22.268: [GC (CMS Final Remark) [YG occupancy: 0 K (157248 K)]2024-07-23T00:26:13.611+0800: 22.268: [Rescan (parallel) , 0.0004970 secs]2024-07-23T00:26:13.611+0800: 22.268: [weak refs processing, 0.0000128 secs]2024-07-23T00:26:13.611+0800: 22.268: [class unloading, 0.0002694 secs]2024-07-23T00:26:13.612+0800: 22.269: [scrub symbol table, 0.0003781 secs]2024-07-23T00:26:13.612+0800: 22.269: [scrub string table, 0.0001170 secs][1 CMS-remark: 205856K(349568K)] 205856K(506816K), 0.0013513 secs] [Times: user=0.00 sys=0.00, real=0.00 secs] 
2024-07-23T00:26:13.612+0800: 22.269: Total time for which application threads were stopped: 0.0014040 seconds, Stopping threads took: 0.0000185 seconds
2024-07-23T00:26:13.612+0800: 22.269: [CMS-concurrent-sweep-start]
2024-07-23T00:26:13.612+0800: 22.269: [CMS-concurrent-sweep: 0.000/0.000 secs] [Times: user=0.00 sys=0.00, real=0.00 secs] 
2024-07-23T00:26:13.612+0800: 22.269: [CMS-concurrent-reset-start]
2024-07-23T00:26:13.613+0800: 22.270: [CMS-concurrent-reset: 0.001/0.001 secs] [Times: user=0.00 sys=0.00, real=0.00 secs] 
{Heap before GC invocations=489 (full 975):
 par new generation   total 157248K, used 0K [0x00000000e0000000, 0x00000000eaaa0000, 0x00000000eaaa0000)
  eden space 139776K,   0% used [0x00000000e0000000, 0x00000000e0000000, 0x00000000e8880000)
  from space 17472K,   0% used [0x00000000e9990000, 0x00000000e9990000, 0x00000000eaaa0000)
  to   space 17472K,   0% used [0x00000000e8880000, 0x00000000e8880000, 0x00000000e9990000)
 concurrent mark-sweep generation total 349568K, used 205856K [0x00000000eaaa0000, 0x0000000100000000, 0x0000000100000000)
 Metaspace       used 3957K, capacity 4568K, committed 4864K, reserved 1056768K
  class space    used 431K, capacity 460K, committed 512K, reserved 1048576K
2024-07-23T00:26:13.629+0800: 22.286: [GC (Allocation Failure) 2024-07-23T00:26:13.629+0800: 22.286: [ParNew
Desired survivor size 8945664 bytes, new threshold 6 (max 6)
: 0K->0K(157248K), 0.0009076 secs]2024-07-23T00:26:13.630+0800: 22.287: [CMS: 205856K->1056K(349568K), 0.0032244 secs] 205856K->1056K(506816K), [Metaspace: 3957K->3957K(1056768K)], 0.0042961 secs] [Times: user=0.00 sys=0.00, real=0.00 secs] 
Heap after GC invocations=490 (full 976):
 par new generation   total 157248K, used 0K [0x00000000e0000000, 0x00000000eaaa0000, 0x00000000eaaa0000)
  eden space 139776K,   0% used [0x00000000e0000000, 0x00000000e0000000, 0x00000000e8880000)
  from space 17472K,   0% used [0x00000000e8880000, 0x00000000e8880000, 0x00000000e9990000)
  to   space 17472K,   0% used [0x00000000e9990000, 0x00000000e9990000, 0x00000000eaaa0000)
 concurrent mark-sweep generation total 349568K, used 1056K [0x00000000eaaa0000, 0x0000000100000000, 0x0000000100000000)
 Metaspace       used 3957K, capacity 4568K, committed 4864K, reserved 1056768K
  class space    used 431K, capacity 460K, committed 512K, reserved 1048576K
}
2024-07-23T00:26:13.633+0800: 22.291: Total time for which application threads were stopped: 0.0044535 seconds, Stopping threads took: 0.0000306 seconds
2024-07-23T00:26:13.654+0800: 22.312: [GC (CMS Initial Mark) [1 CMS-initial-mark: 205856K(349568K)] 205856K(506816K), 0.0007992 secs] [Times: user=0.00 sys=0.00, real=0.00 secs] 
2024-07-23T00:26:13.655+0800: 22.312: Total time for which application threads were stopped: 0.0213567 seconds, Stopping threads took: 0.0204806 seconds
2024-07-23T00:26:13.655+0800: 22.312: [CMS-concurrent-mark-start]
2024-07-23T00:26:13.657+0800: 22.313: [CMS-concurrent-mark: 0.001/0.001 secs] [Times: user=0.00 sys=0.00, real=0.00 secs] 
2024-07-23T00:26:13.657+0800: 22.313: [CMS-concurrent-preclean-start]
2024-07-23T00:26:13.657+0800: 22.314: [CMS-concurrent-preclean: 0.000/0.000 secs] [Times: user=0.00 sys=0.00, real=0.00 secs] 
2024-07-23T00:26:13.657+0800: 22.314: [GC (CMS Final Remark) [YG occupancy: 0 K (157248 K)]2024-07-23T00:26:13.657+0800: 22.314: [Rescan (parallel) , 0.0005156 secs]2024-07-23T00:26:13.658+0800: 22.315: [weak refs processing, 0.0000066 secs]2024-07-23T00:26:13.658+0800: 22.315: [class unloading, 0.0001906 secs]2024-07-23T00:26:13.658+0800: 22.315: [scrub symbol table, 0.0003227 secs]2024-07-23T00:26:13.658+0800: 22.315: [scrub string table, 0.0000927 secs][1 CMS-remark: 205856K(349568K)] 205856K(506816K), 0.0011588 secs] [Times: user=0.00 sys=0.00, real=0.00 secs] 
2024-07-23T00:26:13.658+0800: 22.315: Total time for which application threads were stopped: 0.0011930 seconds, Stopping threads took: 0.0000126 seconds
2024-07-23T00:26:13.658+0800: 22.315: [CMS-concurrent-sweep-start]
2024-07-23T00:26:13.659+0800: 22.316: [CMS-concurrent-sweep: 0.000/0.000 secs] [Times: user=0.00 sys=0.00, real=0.00 secs] 
2024-07-23T00:26:13.659+0800: 22.316: [CMS-concurrent-reset-start]
2024-07-23T00:26:13.659+0800: 22.316: [CMS-concurrent-reset: 0.000/0.000 secs] [Times: user=0.00 sys=0.00, real=0.00 secs] 
{Heap before GC invocations=490 (full 977):
 par new generation   total 157248K, used 0K [0x00000000e0000000, 0x00000000eaaa0000, 0x00000000eaaa0000)
  eden space 139776K,   0% used [0x00000000e0000000, 0x00000000e0000000, 0x00000000e8880000)
  from space 17472K,   0% used [0x00000000e8880000, 0x00000000e8880000, 0x00000000e9990000)
  to   space 17472K,   0% used [0x00000000e9990000, 0x00000000e9990000, 0x00000000eaaa0000)
 concurrent mark-sweep generation total 349568K, used 205856K [0x00000000eaaa0000, 0x0000000100000000, 0x0000000100000000)
 Metaspace       used 3957K, capacity 4568K, committed 4864K, reserved 1056768K
  class space    used 431K, capacity 460K, committed 512K, reserved 1048576K
2024-07-23T00:26:13.677+0800: 22.334: [GC (Allocation Failure) 2024-07-23T00:26:13.677+0800: 22.334: [ParNew
Desired survivor size 8945664 bytes, new threshold 6 (max 6)
: 0K->0K(157248K), 0.0018248 secs]2024-07-23T00:26:13.679+0800: 22.336: [CMS: 205856K->1056K(349568K), 0.0029785 secs] 205856K->1056K(506816K), [Metaspace: 3957K->3957K(1056768K)], 0.0049360 secs] [Times: user=0.00 sys=0.00, real=0.00 secs] 
Heap after GC invocations=491 (full 978):
 par new generation   total 157248K, used 0K [0x00000000e0000000, 0x00000000eaaa0000, 0x00000000eaaa0000)
  eden space 139776K,   0% used [0x00000000e0000000, 0x00000000e0000000, 0x00000000e8880000)
  from space 17472K,   0% used [0x00000000e9990000, 0x00000000e9990000, 0x00000000eaaa0000)
  to   space 17472K,   0% used [0x00000000e8880000, 0x00000000e8880000, 0x00000000e9990000)
 concurrent mark-sweep generation total 349568K, used 1056K [0x00000000eaaa0000, 0x0000000100000000, 0x0000000100000000)
 Metaspace       used 3957K, capacity 4568K, committed 4864K, reserved 1056768K
  class space    used 431K, capacity 460K, committed 512K, reserved 1048576K
}
2024-07-23T00:26:13.682+0800: 22.339: Total time for which application threads were stopped: 0.0050903 seconds, Stopping threads took: 0.0000365 seconds
2024-07-23T00:26:13.699+0800: 22.356: [GC (CMS Initial Mark) [1 CMS-initial-mark: 205856K(349568K)] 205856K(506816K), 0.0015950 secs] [Times: user=0.00 sys=0.00, real=0.00 secs] 
2024-07-23T00:26:13.701+0800: 22.358: Total time for which application threads were stopped: 0.0186073 seconds, Stopping threads took: 0.0169309 seconds
2024-07-23T00:26:13.701+0800: 22.358: [CMS-concurrent-mark-start]
2024-07-23T00:26:13.702+0800: 22.359: [CMS-concurrent-mark: 0.001/0.001 secs] [Times: user=0.00 sys=0.00, real=0.00 secs] 
2024-07-23T00:26:13.702+0800: 22.359: [CMS-concurrent-preclean-start]
2024-07-23T00:26:13.702+0800: 22.359: [CMS-concurrent-preclean: 0.001/0.001 secs] [Times: user=0.00 sys=0.00, real=0.00 secs] 
2024-07-23T00:26:13.703+0800: 22.359: [GC (CMS Final Remark) [YG occupancy: 0 K (157248 K)]2024-07-23T00:26:13.703+0800: 22.359: [Rescan (parallel) , 0.0006737 secs]2024-07-23T00:26:13.703+0800: 22.360: [weak refs processing, 0.0000119 secs]2024-07-23T00:26:13.703+0800: 22.360: [class unloading, 0.0002445 secs]2024-07-23T00:26:13.703+0800: 22.360: [scrub symbol table, 0.0003636 secs]2024-07-23T00:26:13.703+0800: 22.361: [scrub string table, 0.0001112 secs][1 CMS-remark: 205856K(349568K)] 205856K(506816K), 0.0014583 secs] [Times: user=0.00 sys=0.00, real=0.00 secs] 
2024-07-23T00:26:13.703+0800: 22.361: Total time for which application threads were stopped: 0.0015132 seconds, Stopping threads took: 0.0000208 seconds
2024-07-23T00:26:13.703+0800: 22.361: [CMS-concurrent-sweep-start]
2024-07-23T00:26:13.704+0800: 22.361: [CMS-concurrent-sweep: 0.000/0.000 secs] [Times: user=0.00 sys=0.00, real=0.00 secs] 
2024-07-23T00:26:13.704+0800: 22.361: [CMS-concurrent-reset-start]
2024-07-23T00:26:13.704+0800: 22.361: [CMS-concurrent-reset: 0.000/0.000 secs] [Times: user=0.00 sys=0.00, real=0.00 secs] 
{Heap before GC invocations=491 (full 979):
 par new generation   total 157248K, used 0K [0x00000000e0000000, 0x00000000eaaa0000, 0x00000000eaaa0000)
  eden space 139776K,   0% used [0x00000000e0000000, 0x00000000e0000000, 0x00000000e8880000)
  from space 17472K,   0% used [0x00000000e9990000, 0x00000000e9990000, 0x00000000eaaa0000)
  to   space 17472K,   0% used [0x00000000e8880000, 0x00000000e8880000, 0x00000000e9990000)
 concurrent mark-sweep generation total 349568K, used 205856K [0x00000000eaaa0000, 0x0000000100000000, 0x0000000100000000)
 Metaspace       used 3957K, capacity 4568K, committed 4864K, reserved 1056768K
  class space    used 431K, capacity 460K, committed 512K, reserved 1048576K
2024-07-23T00:26:13.724+0800: 22.381: [GC (Allocation Failure) 2024-07-23T00:26:13.724+0800: 22.381: [ParNew
Desired survivor size 8945664 bytes, new threshold 6 (max 6)
: 0K->0K(157248K), 0.0012623 secs]2024-07-23T00:26:13.725+0800: 22.382: [CMS: 205856K->1056K(349568K), 0.0027172 secs] 205856K->1056K(506816K), [Metaspace: 3957K->3957K(1056768K)], 0.0041135 secs] [Times: user=0.00 sys=0.00, real=0.00 secs] 
Heap after GC invocations=492 (full 980):
 par new generation   total 157248K, used 0K [0x00000000e0000000, 0x00000000eaaa0000, 0x00000000eaaa0000)
  eden space 139776K,   0% used [0x00000000e0000000, 0x00000000e0000000, 0x00000000e8880000)
  from space 17472K,   0% used [0x00000000e8880000, 0x00000000e8880000, 0x00000000e9990000)
  to   space 17472K,   0% used [0x00000000e9990000, 0x00000000e9990000, 0x00000000eaaa0000)
 concurrent mark-sweep generation total 349568K, used 1056K [0x00000000eaaa0000, 0x0000000100000000, 0x0000000100000000)
 Metaspace       used 3957K, capacity 4568K, committed 4864K, reserved 1056768K
  class space    used 431K, capacity 460K, committed 512K, reserved 1048576K
}
2024-07-23T00:26:13.728+0800: 22.385: Total time for which application threads were stopped: 0.0043497 seconds, Stopping threads took: 0.0000323 seconds
2024-07-23T00:26:13.746+0800: 22.404: [GC (CMS Initial Mark) [1 CMS-initial-mark: 205856K(349568K)] 205856K(506816K), 0.0010485 secs] [Times: user=0.00 sys=0.00, real=0.00 secs] 
2024-07-23T00:26:13.748+0800: 22.405: Total time for which application threads were stopped: 0.0193898 seconds, Stopping threads took: 0.0182538 seconds
2024-07-23T00:26:13.748+0800: 22.405: [CMS-concurrent-mark-start]
2024-07-23T00:26:13.749+0800: 22.406: [CMS-concurrent-mark: 0.001/0.001 secs] [Times: user=0.00 sys=0.00, real=0.00 secs] 
2024-07-23T00:26:13.749+0800: 22.406: [CMS-concurrent-preclean-start]
2024-07-23T00:26:13.749+0800: 22.406: [CMS-concurrent-preclean: 0.000/0.000 secs] [Times: user=0.00 sys=0.00, real=0.00 secs] 
2024-07-23T00:26:13.749+0800: 22.406: [GC (CMS Final Remark) [YG occupancy: 0 K (157248 K)]2024-07-23T00:26:13.749+0800: 22.406: [Rescan (parallel) , 0.0006003 secs]2024-07-23T00:26:13.750+0800: 22.407: [weak refs processing, 0.0000129 secs]2024-07-23T00:26:13.750+0800: 22.407: [class unloading, 0.0002707 secs]2024-07-23T00:26:13.750+0800: 22.407: [scrub symbol table, 0.0003717 secs]2024-07-23T00:26:13.750+0800: 22.408: [scrub string table, 0.0001125 secs][1 CMS-remark: 205856K(349568K)] 205856K(506816K), 0.0014336 secs] [Times: user=0.00 sys=0.00, real=0.00 secs] 
2024-07-23T00:26:13.750+0800: 22.408: Total time for which application threads were stopped: 0.0014880 seconds, Stopping threads took: 0.0000184 seconds
2024-07-23T00:26:13.751+0800: 22.408: [CMS-concurrent-sweep-start]
2024-07-23T00:26:13.751+0800: 22.408: [CMS-concurrent-sweep: 0.000/0.000 secs] [Times: user=0.00 sys=0.00, real=0.00 secs] 
2024-07-23T00:26:13.751+0800: 22.408: [CMS-concurrent-reset-start]
2024-07-23T00:26:13.751+0800: 22.409: [CMS-concurrent-reset: 0.000/0.000 secs] [Times: user=0.00 sys=0.00, real=0.00 secs] 
{Heap before GC invocations=492 (full 981):
 par new generation   total 157248K, used 0K [0x00000000e0000000, 0x00000000eaaa0000, 0x00000000eaaa0000)
  eden space 139776K,   0% used [0x00000000e0000000, 0x00000000e0000000, 0x00000000e8880000)
  from space 17472K,   0% used [0x00000000e8880000, 0x00000000e8880000, 0x00000000e9990000)
  to   space 17472K,   0% used [0x00000000e9990000, 0x00000000e9990000, 0x00000000eaaa0000)
 concurrent mark-sweep generation total 349568K, used 205856K [0x00000000eaaa0000, 0x0000000100000000, 0x0000000100000000)
 Metaspace       used 3957K, capacity 4568K, committed 4864K, reserved 1056768K
  class space    used 431K, capacity 460K, committed 512K, reserved 1048576K
2024-07-23T00:26:13.771+0800: 22.428: [GC (Allocation Failure) 2024-07-23T00:26:13.771+0800: 22.428: [ParNew
Desired survivor size 8945664 bytes, new threshold 6 (max 6)
: 0K->0K(157248K), 0.0014881 secs]2024-07-23T00:26:13.772+0800: 22.429: [CMS: 205856K->1056K(349568K), 0.0048792 secs] 205856K->1056K(506816K), [Metaspace: 3957K->3957K(1056768K)], 0.0065981 secs] [Times: user=0.00 sys=0.00, real=0.01 secs] 
Heap after GC invocations=493 (full 982):
 par new generation   total 157248K, used 0K [0x00000000e0000000, 0x00000000eaaa0000, 0x00000000eaaa0000)
  eden space 139776K,   0% used [0x00000000e0000000, 0x00000000e0000000, 0x00000000e8880000)
  from space 17472K,   0% used [0x00000000e9990000, 0x00000000e9990000, 0x00000000eaaa0000)
  to   space 17472K,   0% used [0x00000000e8880000, 0x00000000e8880000, 0x00000000e9990000)
 concurrent mark-sweep generation total 349568K, used 1056K [0x00000000eaaa0000, 0x0000000100000000, 0x0000000100000000)
 Metaspace       used 3957K, capacity 4568K, committed 4864K, reserved 1056768K
  class space    used 431K, capacity 460K, committed 512K, reserved 1048576K
}
2024-07-23T00:26:13.777+0800: 22.435: Total time for which application threads were stopped: 0.0069544 seconds, Stopping threads took: 0.0000436 seconds
2024-07-23T00:26:13.797+0800: 22.454: [GC (CMS Initial Mark) [1 CMS-initial-mark: 205856K(349568K)] 205856K(506816K), 0.0010626 secs] [Times: user=0.00 sys=0.00, real=0.00 secs] 
2024-07-23T00:26:13.798+0800: 22.455: Total time for which application threads were stopped: 0.0204285 seconds, Stopping threads took: 0.0192576 seconds
2024-07-23T00:26:13.798+0800: 22.455: [CMS-concurrent-mark-start]
2024-07-23T00:26:13.800+0800: 22.458: [CMS-concurrent-mark: 0.002/0.002 secs] [Times: user=0.00 sys=0.00, real=0.00 secs] 
2024-07-23T00:26:13.801+0800: 22.458: [CMS-concurrent-preclean-start]
2024-07-23T00:26:13.801+0800: 22.459: [CMS-concurrent-preclean: 0.001/0.001 secs] [Times: user=0.00 sys=0.00, real=0.00 secs] 
2024-07-23T00:26:13.801+0800: 22.459: [GC (CMS Final Remark) [YG occupancy: 0 K (157248 K)]2024-07-23T00:26:13.801+0800: 22.459: [Rescan (parallel) , 0.0004953 secs]2024-07-23T00:26:13.802+0800: 22.459: [weak refs processing, 0.0000160 secs]2024-07-23T00:26:13.802+0800: 22.459: [class unloading, 0.0002930 secs]2024-07-23T00:26:13.802+0800: 22.460: [scrub symbol table, 0.0003465 secs]2024-07-23T00:26:13.803+0800: 22.460: [scrub string table, 0.0000956 secs][1 CMS-remark: 205856K(349568K)] 205856K(506816K), 0.0013237 secs] [Times: user=0.00 sys=0.00, real=0.00 secs] 
2024-07-23T00:26:13.803+0800: 22.460: Total time for which application threads were stopped: 0.0013739 seconds, Stopping threads took: 0.0000193 seconds
2024-07-23T00:26:13.804+0800: 22.460: [CMS-concurrent-sweep-start]
2024-07-23T00:26:13.804+0800: 22.460: [CMS-concurrent-sweep: 0.000/0.000 secs] [Times: user=0.00 sys=0.00, real=0.00 secs] 
2024-07-23T00:26:13.804+0800: 22.460: [CMS-concurrent-reset-start]
2024-07-23T00:26:13.804+0800: 22.461: [CMS-concurrent-reset: 0.000/0.000 secs] [Times: user=0.00 sys=0.00, real=0.00 secs] 
{Heap before GC invocations=493 (full 983):
 par new generation   total 157248K, used 0K [0x00000000e0000000, 0x00000000eaaa0000, 0x00000000eaaa0000)
  eden space 139776K,   0% used [0x00000000e0000000, 0x00000000e0000000, 0x00000000e8880000)
  from space 17472K,   0% used [0x00000000e9990000, 0x00000000e9990000, 0x00000000eaaa0000)
  to   space 17472K,   0% used [0x00000000e8880000, 0x00000000e8880000, 0x00000000e9990000)
 concurrent mark-sweep generation total 349568K, used 205856K [0x00000000eaaa0000, 0x0000000100000000, 0x0000000100000000)
 Metaspace       used 3957K, capacity 4568K, committed 4864K, reserved 1056768K
  class space    used 431K, capacity 460K, committed 512K, reserved 1048576K
2024-07-23T00:26:13.817+0800: 22.474: [GC (Allocation Failure) 2024-07-23T00:26:13.817+0800: 22.474: [ParNew
Desired survivor size 8945664 bytes, new threshold 6 (max 6)
: 0K->0K(157248K), 0.0025000 secs]2024-07-23T00:26:13.819+0800: 22.477: [CMS: 205856K->1056K(349568K), 0.0047868 secs] 205856K->1056K(506816K), [Metaspace: 3957K->3957K(1056768K)], 0.0074933 secs] [Times: user=0.00 sys=0.00, real=0.01 secs] 
Heap after GC invocations=494 (full 984):
 par new generation   total 157248K, used 0K [0x00000000e0000000, 0x00000000eaaa0000, 0x00000000eaaa0000)
  eden space 139776K,   0% used [0x00000000e0000000, 0x00000000e0000000, 0x00000000e8880000)
  from space 17472K,   0% used [0x00000000e8880000, 0x00000000e8880000, 0x00000000e9990000)
  to   space 17472K,   0% used [0x00000000e9990000, 0x00000000e9990000, 0x00000000eaaa0000)
 concurrent mark-sweep generation total 349568K, used 1056K [0x00000000eaaa0000, 0x0000000100000000, 0x0000000100000000)
 Metaspace       used 3957K, capacity 4568K, committed 4864K, reserved 1056768K
  class space    used 431K, capacity 460K, committed 512K, reserved 1048576K
}
2024-07-23T00:26:13.824+0800: 22.482: Total time for which application threads were stopped: 0.0077521 seconds, Stopping threads took: 0.0000361 seconds
2024-07-23T00:26:13.845+0800: 22.502: [GC (CMS Initial Mark) [1 CMS-initial-mark: 205856K(349568K)] 205856K(506816K), 0.0013033 secs] [Times: user=0.00 sys=0.00, real=0.00 secs] 
2024-07-23T00:26:13.847+0800: 22.504: Total time for which application threads were stopped: 0.0214846 seconds, Stopping threads took: 0.0200943 seconds
2024-07-23T00:26:13.847+0800: 22.504: [CMS-concurrent-mark-start]
2024-07-23T00:26:13.849+0800: 22.506: [CMS-concurrent-mark: 0.002/0.002 secs] [Times: user=0.00 sys=0.00, real=0.00 secs] 
2024-07-23T00:26:13.849+0800: 22.506: [CMS-concurrent-preclean-start]
2024-07-23T00:26:13.850+0800: 22.507: [CMS-concurrent-preclean: 0.000/0.000 secs] [Times: user=0.00 sys=0.00, real=0.00 secs] 
2024-07-23T00:26:13.850+0800: 22.507: [GC (CMS Final Remark) [YG occupancy: 0 K (157248 K)]2024-07-23T00:26:13.850+0800: 22.507: [Rescan (parallel) , 0.0006066 secs]2024-07-23T00:26:13.851+0800: 22.507: [weak refs processing, 0.0000113 secs]2024-07-23T00:26:13.851+0800: 22.507: [class unloading, 0.0002270 secs]2024-07-23T00:26:13.851+0800: 22.508: [scrub symbol table, 0.0003501 secs]2024-07-23T00:26:13.851+0800: 22.508: [scrub string table, 0.0001038 secs][1 CMS-remark: 205856K(349568K)] 205856K(506816K), 0.0013569 secs] [Times: user=0.00 sys=0.00, real=0.00 secs] 
2024-07-23T00:26:13.851+0800: 22.508: Total time for which application threads were stopped: 0.0014094 seconds, Stopping threads took: 0.0000182 seconds
2024-07-23T00:26:13.852+0800: 22.508: [CMS-concurrent-sweep-start]
2024-07-23T00:26:13.852+0800: 22.509: [CMS-concurrent-sweep: 0.000/0.000 secs] [Times: user=0.00 sys=0.00, real=0.00 secs] 
2024-07-23T00:26:13.852+0800: 22.509: [CMS-concurrent-reset-start]
2024-07-23T00:26:13.852+0800: 22.509: [CMS-concurrent-reset: 0.000/0.000 secs] [Times: user=0.00 sys=0.00, real=0.00 secs] 
{Heap before GC invocations=494 (full 985):
 par new generation   total 157248K, used 0K [0x00000000e0000000, 0x00000000eaaa0000, 0x00000000eaaa0000)
  eden space 139776K,   0% used [0x00000000e0000000, 0x00000000e0000000, 0x00000000e8880000)
  from space 17472K,   0% used [0x00000000e8880000, 0x00000000e8880000, 0x00000000e9990000)
  to   space 17472K,   0% used [0x00000000e9990000, 0x00000000e9990000, 0x00000000eaaa0000)
 concurrent mark-sweep generation total 349568K, used 205856K [0x00000000eaaa0000, 0x0000000100000000, 0x0000000100000000)
 Metaspace       used 3957K, capacity 4568K, committed 4864K, reserved 1056768K
  class space    used 431K, capacity 460K, committed 512K, reserved 1048576K
2024-07-23T00:26:13.863+0800: 22.520: [GC (Allocation Failure) 2024-07-23T00:26:13.863+0800: 22.520: [ParNew
Desired survivor size 8945664 bytes, new threshold 6 (max 6)
: 0K->0K(157248K), 0.0009252 secs]2024-07-23T00:26:13.864+0800: 22.521: [CMS: 205856K->1056K(349568K), 0.0027644 secs] 205856K->1056K(506816K), [Metaspace: 3957K->3957K(1056768K)], 0.0038159 secs] [Times: user=0.00 sys=0.00, real=0.00 secs] 
Heap after GC invocations=495 (full 986):
 par new generation   total 157248K, used 0K [0x00000000e0000000, 0x00000000eaaa0000, 0x00000000eaaa0000)
  eden space 139776K,   0% used [0x00000000e0000000, 0x00000000e0000000, 0x00000000e8880000)
  from space 17472K,   0% used [0x00000000e9990000, 0x00000000e9990000, 0x00000000eaaa0000)
  to   space 17472K,   0% used [0x00000000e8880000, 0x00000000e8880000, 0x00000000e9990000)
 concurrent mark-sweep generation total 349568K, used 1056K [0x00000000eaaa0000, 0x0000000100000000, 0x0000000100000000)
 Metaspace       used 3957K, capacity 4568K, committed 4864K, reserved 1056768K
  class space    used 431K, capacity 460K, committed 512K, reserved 1048576K
}
2024-07-23T00:26:13.867+0800: 22.524: Total time for which application threads were stopped: 0.0039855 seconds, Stopping threads took: 0.0000458 seconds
2024-07-23T00:26:13.884+0800: 22.541: [GC (CMS Initial Mark) [1 CMS-initial-mark: 205856K(349568K)] 205856K(506816K), 0.0016570 secs] [Times: user=0.00 sys=0.00, real=0.00 secs] 
2024-07-23T00:26:13.885+0800: 22.543: Total time for which application threads were stopped: 0.0185742 seconds, Stopping threads took: 0.0168622 seconds
2024-07-23T00:26:13.885+0800: 22.543: [CMS-concurrent-mark-start]
2024-07-23T00:26:13.887+0800: 22.544: [CMS-concurrent-mark: 0.001/0.001 secs] [Times: user=0.02 sys=0.00, real=0.00 secs] 
2024-07-23T00:26:13.887+0800: 22.544: [CMS-concurrent-preclean-start]
2024-07-23T00:26:13.887+0800: 22.545: [CMS-concurrent-preclean: 0.000/0.000 secs] [Times: user=0.00 sys=0.00, real=0.00 secs] 
2024-07-23T00:26:13.887+0800: 22.545: [GC (CMS Final Remark) [YG occupancy: 0 K (157248 K)]2024-07-23T00:26:13.887+0800: 22.545: [Rescan (parallel) , 0.0006026 secs]2024-07-23T00:26:13.889+0800: 22.545: [weak refs processing, 0.0000066 secs]2024-07-23T00:26:13.889+0800: 22.545: [class unloading, 0.0001975 secs]2024-07-23T00:26:13.889+0800: 22.546: [scrub symbol table, 0.0003298 secs]2024-07-23T00:26:13.889+0800: 22.546: [scrub string table, 0.0000961 secs][1 CMS-remark: 205856K(349568K)] 205856K(506816K), 0.0012647 secs] [Times: user=0.00 sys=0.00, real=0.00 secs] 
2024-07-23T00:26:13.889+0800: 22.546: Total time for which application threads were stopped: 0.0012996 seconds, Stopping threads took: 0.0000129 seconds
2024-07-23T00:26:13.889+0800: 22.546: [CMS-concurrent-sweep-start]
2024-07-23T00:26:13.890+0800: 22.546: [CMS-concurrent-sweep: 0.000/0.000 secs] [Times: user=0.00 sys=0.00, real=0.00 secs] 
2024-07-23T00:26:13.890+0800: 22.546: [CMS-concurrent-reset-start]
2024-07-23T00:26:13.890+0800: 22.547: [CMS-concurrent-reset: 0.000/0.000 secs] [Times: user=0.00 sys=0.00, real=0.00 secs] 
{Heap before GC invocations=495 (full 987):
 par new generation   total 157248K, used 0K [0x00000000e0000000, 0x00000000eaaa0000, 0x00000000eaaa0000)
  eden space 139776K,   0% used [0x00000000e0000000, 0x00000000e0000000, 0x00000000e8880000)
  from space 17472K,   0% used [0x00000000e9990000, 0x00000000e9990000, 0x00000000eaaa0000)
  to   space 17472K,   0% used [0x00000000e8880000, 0x00000000e8880000, 0x00000000e9990000)
 concurrent mark-sweep generation total 349568K, used 205856K [0x00000000eaaa0000, 0x0000000100000000, 0x0000000100000000)
 Metaspace       used 3957K, capacity 4568K, committed 4864K, reserved 1056768K
  class space    used 431K, capacity 460K, committed 512K, reserved 1048576K
2024-07-23T00:26:13.910+0800: 22.567: [GC (Allocation Failure) 2024-07-23T00:26:13.910+0800: 22.567: [ParNew
Desired survivor size 8945664 bytes, new threshold 6 (max 6)
: 0K->0K(157248K), 0.0025128 secs]2024-07-23T00:26:13.912+0800: 22.570: [CMS: 205856K->1056K(349568K), 0.0032992 secs] 205856K->1056K(506816K), [Metaspace: 3957K->3957K(1056768K)], 0.0059125 secs] [Times: user=0.00 sys=0.00, real=0.01 secs] 
Heap after GC invocations=496 (full 988):
 par new generation   total 157248K, used 0K [0x00000000e0000000, 0x00000000eaaa0000, 0x00000000eaaa0000)
  eden space 139776K,   0% used [0x00000000e0000000, 0x00000000e0000000, 0x00000000e8880000)
  from space 17472K,   0% used [0x00000000e8880000, 0x00000000e8880000, 0x00000000e9990000)
  to   space 17472K,   0% used [0x00000000e9990000, 0x00000000e9990000, 0x00000000eaaa0000)
 concurrent mark-sweep generation total 349568K, used 1056K [0x00000000eaaa0000, 0x0000000100000000, 0x0000000100000000)
 Metaspace       used 3957K, capacity 4568K, committed 4864K, reserved 1056768K
  class space    used 431K, capacity 460K, committed 512K, reserved 1048576K
}
2024-07-23T00:26:13.916+0800: 22.573: Total time for which application threads were stopped: 0.0060704 seconds, Stopping threads took: 0.0000270 seconds
2024-07-23T00:26:13.933+0800: 22.591: [GC (CMS Initial Mark) [1 CMS-initial-mark: 205856K(349568K)] 205856K(506816K), 0.0007646 secs] [Times: user=0.00 sys=0.00, real=0.00 secs] 
2024-07-23T00:26:13.934+0800: 22.591: Total time for which application threads were stopped: 0.0181702 seconds, Stopping threads took: 0.0173267 seconds
2024-07-23T00:26:13.934+0800: 22.591: [CMS-concurrent-mark-start]
2024-07-23T00:26:13.935+0800: 22.593: [CMS-concurrent-mark: 0.001/0.001 secs] [Times: user=0.00 sys=0.00, real=0.00 secs] 
2024-07-23T00:26:13.935+0800: 22.593: [CMS-concurrent-preclean-start]
2024-07-23T00:26:13.936+0800: 22.593: [CMS-concurrent-preclean: 0.000/0.000 secs] [Times: user=0.00 sys=0.00, real=0.00 secs] 
2024-07-23T00:26:13.936+0800: 22.593: [GC (CMS Final Remark) [YG occupancy: 0 K (157248 K)]2024-07-23T00:26:13.936+0800: 22.593: [Rescan (parallel) , 0.0005516 secs]2024-07-23T00:26:13.937+0800: 22.593: [weak refs processing, 0.0000115 secs]2024-07-23T00:26:13.937+0800: 22.593: [class unloading, 0.0002546 secs]2024-07-23T00:26:13.937+0800: 22.594: [scrub symbol table, 0.0003684 secs]2024-07-23T00:26:13.937+0800: 22.594: [scrub string table, 0.0001123 secs][1 CMS-remark: 205856K(349568K)] 205856K(506816K), 0.0013471 secs] [Times: user=0.00 sys=0.00, real=0.00 secs] 
2024-07-23T00:26:13.937+0800: 22.594: Total time for which application threads were stopped: 0.0013991 seconds, Stopping threads took: 0.0000138 seconds
2024-07-23T00:26:13.937+0800: 22.594: [CMS-concurrent-sweep-start]
2024-07-23T00:26:13.938+0800: 22.594: [CMS-concurrent-sweep: 0.000/0.000 secs] [Times: user=0.00 sys=0.00, real=0.00 secs] 
2024-07-23T00:26:13.938+0800: 22.595: [CMS-concurrent-reset-start]
2024-07-23T00:26:13.938+0800: 22.595: [CMS-concurrent-reset: 0.000/0.000 secs] [Times: user=0.00 sys=0.00, real=0.00 secs] 
{Heap before GC invocations=496 (full 989):
 par new generation   total 157248K, used 0K [0x00000000e0000000, 0x00000000eaaa0000, 0x00000000eaaa0000)
  eden space 139776K,   0% used [0x00000000e0000000, 0x00000000e0000000, 0x00000000e8880000)
  from space 17472K,   0% used [0x00000000e8880000, 0x00000000e8880000, 0x00000000e9990000)
  to   space 17472K,   0% used [0x00000000e9990000, 0x00000000e9990000, 0x00000000eaaa0000)
 concurrent mark-sweep generation total 349568K, used 205856K [0x00000000eaaa0000, 0x0000000100000000, 0x0000000100000000)
 Metaspace       used 3957K, capacity 4568K, committed 4864K, reserved 1056768K
  class space    used 431K, capacity 460K, committed 512K, reserved 1048576K
2024-07-23T00:26:13.958+0800: 22.615: [GC (Allocation Failure) 2024-07-23T00:26:13.958+0800: 22.615: [ParNew
Desired survivor size 8945664 bytes, new threshold 6 (max 6)
: 0K->0K(157248K), 0.0017815 secs]2024-07-23T00:26:13.960+0800: 22.617: [CMS: 205856K->1056K(349568K), 0.0025972 secs] 205856K->1056K(506816K), [Metaspace: 3957K->3957K(1056768K)], 0.0044858 secs] [Times: user=0.00 sys=0.00, real=0.00 secs] 
Heap after GC invocations=497 (full 990):
 par new generation   total 157248K, used 0K [0x00000000e0000000, 0x00000000eaaa0000, 0x00000000eaaa0000)
  eden space 139776K,   0% used [0x00000000e0000000, 0x00000000e0000000, 0x00000000e8880000)
  from space 17472K,   0% used [0x00000000e9990000, 0x00000000e9990000, 0x00000000eaaa0000)
  to   space 17472K,   0% used [0x00000000e8880000, 0x00000000e8880000, 0x00000000e9990000)
 concurrent mark-sweep generation total 349568K, used 1056K [0x00000000eaaa0000, 0x0000000100000000, 0x0000000100000000)
 Metaspace       used 3957K, capacity 4568K, committed 4864K, reserved 1056768K
  class space    used 431K, capacity 460K, committed 512K, reserved 1048576K
}
2024-07-23T00:26:13.962+0800: 22.619: Total time for which application threads were stopped: 0.0046229 seconds, Stopping threads took: 0.0000278 seconds
2024-07-23T00:26:13.979+0800: 22.636: [GC (CMS Initial Mark) [1 CMS-initial-mark: 205856K(349568K)] 205856K(506816K), 0.0010647 secs] [Times: user=0.00 sys=0.00, real=0.00 secs] 
2024-07-23T00:26:13.981+0800: 22.637: Total time for which application threads were stopped: 0.0179321 seconds, Stopping threads took: 0.0167733 seconds
2024-07-23T00:26:13.981+0800: 22.637: [CMS-concurrent-mark-start]
2024-07-23T00:26:13.982+0800: 22.639: [CMS-concurrent-mark: 0.001/0.001 secs] [Times: user=0.00 sys=0.00, real=0.00 secs] 
2024-07-23T00:26:13.982+0800: 22.639: [CMS-concurrent-preclean-start]
2024-07-23T00:26:13.982+0800: 22.639: [CMS-concurrent-preclean: 0.000/0.000 secs] [Times: user=0.00 sys=0.00, real=0.00 secs] 
2024-07-23T00:26:13.982+0800: 22.639: [GC (CMS Final Remark) [YG occupancy: 0 K (157248 K)]2024-07-23T00:26:13.982+0800: 22.639: [Rescan (parallel) , 0.0006407 secs]2024-07-23T00:26:13.983+0800: 22.640: [weak refs processing, 0.0000090 secs]2024-07-23T00:26:13.983+0800: 22.640: [class unloading, 0.0002121 secs]2024-07-23T00:26:13.983+0800: 22.640: [scrub symbol table, 0.0003641 secs]2024-07-23T00:26:13.983+0800: 22.640: [scrub string table, 0.0001133 secs][1 CMS-remark: 205856K(349568K)] 205856K(506816K), 0.0013861 secs] [Times: user=0.00 sys=0.00, real=0.00 secs] 
2024-07-23T00:26:13.984+0800: 22.640: Total time for which application threads were stopped: 0.0014347 seconds, Stopping threads took: 0.0000176 seconds
2024-07-23T00:26:13.984+0800: 22.640: [CMS-concurrent-sweep-start]
2024-07-23T00:26:13.984+0800: 22.641: [CMS-concurrent-sweep: 0.000/0.000 secs] [Times: user=0.00 sys=0.00, real=0.00 secs] 
2024-07-23T00:26:13.984+0800: 22.641: [CMS-concurrent-reset-start]
2024-07-23T00:26:13.984+0800: 22.641: [CMS-concurrent-reset: 0.000/0.000 secs] [Times: user=0.00 sys=0.00, real=0.00 secs] 
{Heap before GC invocations=497 (full 991):
 par new generation   total 157248K, used 0K [0x00000000e0000000, 0x00000000eaaa0000, 0x00000000eaaa0000)
  eden space 139776K,   0% used [0x00000000e0000000, 0x00000000e0000000, 0x00000000e8880000)
  from space 17472K,   0% used [0x00000000e9990000, 0x00000000e9990000, 0x00000000eaaa0000)
  to   space 17472K,   0% used [0x00000000e8880000, 0x00000000e8880000, 0x00000000e9990000)
 concurrent mark-sweep generation total 349568K, used 205856K [0x00000000eaaa0000, 0x0000000100000000, 0x0000000100000000)
 Metaspace       used 3957K, capacity 4568K, committed 4864K, reserved 1056768K
  class space    used 431K, capacity 460K, committed 512K, reserved 1048576K
2024-07-23T00:26:14.005+0800: 22.662: [GC (Allocation Failure) 2024-07-23T00:26:14.005+0800: 22.662: [ParNew
Desired survivor size 8945664 bytes, new threshold 6 (max 6)
: 0K->0K(157248K), 0.0012797 secs]2024-07-23T00:26:14.006+0800: 22.663: [CMS: 205856K->1056K(349568K), 0.0046957 secs] 205856K->1056K(506816K), [Metaspace: 3957K->3957K(1056768K)], 0.0061400 secs] [Times: user=0.00 sys=0.00, real=0.01 secs] 
Heap after GC invocations=498 (full 992):
 par new generation   total 157248K, used 0K [0x00000000e0000000, 0x00000000eaaa0000, 0x00000000eaaa0000)
  eden space 139776K,   0% used [0x00000000e0000000, 0x00000000e0000000, 0x00000000e8880000)
  from space 17472K,   0% used [0x00000000e8880000, 0x00000000e8880000, 0x00000000e9990000)
  to   space 17472K,   0% used [0x00000000e9990000, 0x00000000e9990000, 0x00000000eaaa0000)
 concurrent mark-sweep generation total 349568K, used 1056K [0x00000000eaaa0000, 0x0000000100000000, 0x0000000100000000)
 Metaspace       used 3957K, capacity 4568K, committed 4864K, reserved 1056768K
  class space    used 431K, capacity 460K, committed 512K, reserved 1048576K
}
2024-07-23T00:26:14.011+0800: 22.668: Total time for which application threads were stopped: 0.0063698 seconds, Stopping threads took: 0.0000430 seconds
2024-07-23T00:26:14.030+0800: 22.687: [GC (CMS Initial Mark) [1 CMS-initial-mark: 205856K(349568K)] 205856K(506816K), 0.0012128 secs] [Times: user=0.00 sys=0.00, real=0.00 secs] 
2024-07-23T00:26:14.031+0800: 22.688: Total time for which application threads were stopped: 0.0194431 seconds, Stopping threads took: 0.0181621 seconds
2024-07-23T00:26:14.031+0800: 22.688: [CMS-concurrent-mark-start]
2024-07-23T00:26:14.032+0800: 22.689: [CMS-concurrent-mark: 0.001/0.001 secs] [Times: user=0.00 sys=0.00, real=0.00 secs] 
2024-07-23T00:26:14.032+0800: 22.689: [CMS-concurrent-preclean-start]
2024-07-23T00:26:14.032+0800: 22.689: [CMS-concurrent-preclean: 0.000/0.000 secs] [Times: user=0.00 sys=0.00, real=0.00 secs] 
2024-07-23T00:26:14.032+0800: 22.689: [GC (CMS Final Remark) [YG occupancy: 0 K (157248 K)]2024-07-23T00:26:14.032+0800: 22.689: [Rescan (parallel) , 0.0005717 secs]2024-07-23T00:26:14.033+0800: 22.690: [weak refs processing, 0.0000068 secs]2024-07-23T00:26:14.033+0800: 22.690: [class unloading, 0.0001924 secs]2024-07-23T00:26:14.033+0800: 22.690: [scrub symbol table, 0.0003592 secs]2024-07-23T00:26:14.033+0800: 22.691: [scrub string table, 0.0000930 secs][1 CMS-remark: 205856K(349568K)] 205856K(506816K), 0.0012647 secs] [Times: user=0.00 sys=0.00, real=0.00 secs] 
2024-07-23T00:26:14.033+0800: 22.691: Total time for which application threads were stopped: 0.0013097 seconds, Stopping threads took: 0.0000167 seconds
2024-07-23T00:26:14.033+0800: 22.691: [CMS-concurrent-sweep-start]
2024-07-23T00:26:14.034+0800: 22.691: [CMS-concurrent-sweep: 0.000/0.000 secs] [Times: user=0.00 sys=0.00, real=0.00 secs] 
2024-07-23T00:26:14.034+0800: 22.691: [CMS-concurrent-reset-start]
2024-07-23T00:26:14.034+0800: 22.691: [CMS-concurrent-reset: 0.000/0.000 secs] [Times: user=0.00 sys=0.00, real=0.00 secs] 
{Heap before GC invocations=498 (full 993):
 par new generation   total 157248K, used 0K [0x00000000e0000000, 0x00000000eaaa0000, 0x00000000eaaa0000)
  eden space 139776K,   0% used [0x00000000e0000000, 0x00000000e0000000, 0x00000000e8880000)
  from space 17472K,   0% used [0x00000000e8880000, 0x00000000e8880000, 0x00000000e9990000)
  to   space 17472K,   0% used [0x00000000e9990000, 0x00000000e9990000, 0x00000000eaaa0000)
 concurrent mark-sweep generation total 349568K, used 205856K [0x00000000eaaa0000, 0x0000000100000000, 0x0000000100000000)
 Metaspace       used 3957K, capacity 4568K, committed 4864K, reserved 1056768K
  class space    used 431K, capacity 460K, committed 512K, reserved 1048576K
2024-07-23T00:26:14.052+0800: 22.709: [GC (Allocation Failure) 2024-07-23T00:26:14.052+0800: 22.709: [ParNew
Desired survivor size 8945664 bytes, new threshold 6 (max 6)
: 0K->0K(157248K), 0.0019578 secs]2024-07-23T00:26:14.054+0800: 22.711: [CMS: 205856K->1056K(349568K), 0.0033670 secs] 205856K->1056K(506816K), [Metaspace: 3957K->3957K(1056768K)], 0.0054772 secs] [Times: user=0.00 sys=0.00, real=0.00 secs] 
Heap after GC invocations=499 (full 994):
 par new generation   total 157248K, used 0K [0x00000000e0000000, 0x00000000eaaa0000, 0x00000000eaaa0000)
  eden space 139776K,   0% used [0x00000000e0000000, 0x00000000e0000000, 0x00000000e8880000)
  from space 17472K,   0% used [0x00000000e9990000, 0x00000000e9990000, 0x00000000eaaa0000)
  to   space 17472K,   0% used [0x00000000e8880000, 0x00000000e8880000, 0x00000000e9990000)
 concurrent mark-sweep generation total 349568K, used 1056K [0x00000000eaaa0000, 0x0000000100000000, 0x0000000100000000)
 Metaspace       used 3957K, capacity 4568K, committed 4864K, reserved 1056768K
  class space    used 431K, capacity 460K, committed 512K, reserved 1048576K
}
2024-07-23T00:26:14.057+0800: 22.714: Total time for which application threads were stopped: 0.0056849 seconds, Stopping threads took: 0.0000476 seconds
2024-07-23T00:26:14.076+0800: 22.733: [GC (CMS Initial Mark) [1 CMS-initial-mark: 205856K(349568K)] 205856K(506816K), 0.0013537 secs] [Times: user=0.00 sys=0.00, real=0.00 secs] 
2024-07-23T00:26:14.078+0800: 22.734: Total time for which application threads were stopped: 0.0197673 seconds, Stopping threads took: 0.0183194 seconds
2024-07-23T00:26:14.078+0800: 22.734: [CMS-concurrent-mark-start]
2024-07-23T00:26:14.079+0800: 22.735: [CMS-concurrent-mark: 0.001/0.001 secs] [Times: user=0.00 sys=0.00, real=0.00 secs] 
2024-07-23T00:26:14.079+0800: 22.735: [CMS-concurrent-preclean-start]
2024-07-23T00:26:14.079+0800: 22.736: [CMS-concurrent-preclean: 0.000/0.000 secs] [Times: user=0.00 sys=0.00, real=0.00 secs] 
2024-07-23T00:26:14.079+0800: 22.736: [GC (CMS Final Remark) [YG occupancy: 0 K (157248 K)]2024-07-23T00:26:14.079+0800: 22.736: [Rescan (parallel) , 0.0004520 secs]2024-07-23T00:26:14.079+0800: 22.736: [weak refs processing, 0.0000073 secs]2024-07-23T00:26:14.079+0800: 22.736: [class unloading, 0.0002935 secs]2024-07-23T00:26:14.080+0800: 22.736: [scrub symbol table, 0.0003519 secs]2024-07-23T00:26:14.080+0800: 22.737: [scrub string table, 0.0000794 secs][1 CMS-remark: 205856K(349568K)] 205856K(506816K), 0.0012263 secs] [Times: user=0.00 sys=0.00, real=0.00 secs] 
2024-07-23T00:26:14.080+0800: 22.737: Total time for which application threads were stopped: 0.0012648 seconds, Stopping threads took: 0.0000147 seconds
2024-07-23T00:26:14.080+0800: 22.737: [CMS-concurrent-sweep-start]
2024-07-23T00:26:14.080+0800: 22.737: [CMS-concurrent-sweep: 0.000/0.000 secs] [Times: user=0.00 sys=0.00, real=0.00 secs] 
2024-07-23T00:26:14.080+0800: 22.737: [CMS-concurrent-reset-start]
2024-07-23T00:26:14.081+0800: 22.738: [CMS-concurrent-reset: 0.000/0.000 secs] [Times: user=0.00 sys=0.00, real=0.00 secs] 
{Heap before GC invocations=499 (full 995):
 par new generation   total 157248K, used 0K [0x00000000e0000000, 0x00000000eaaa0000, 0x00000000eaaa0000)
  eden space 139776K,   0% used [0x00000000e0000000, 0x00000000e0000000, 0x00000000e8880000)
  from space 17472K,   0% used [0x00000000e9990000, 0x00000000e9990000, 0x00000000eaaa0000)
  to   space 17472K,   0% used [0x00000000e8880000, 0x00000000e8880000, 0x00000000e9990000)
 concurrent mark-sweep generation total 349568K, used 205856K [0x00000000eaaa0000, 0x0000000100000000, 0x0000000100000000)
 Metaspace       used 3957K, capacity 4568K, committed 4864K, reserved 1056768K
  class space    used 431K, capacity 460K, committed 512K, reserved 1048576K
2024-07-23T00:26:14.098+0800: 22.756: [GC (Allocation Failure) 2024-07-23T00:26:14.098+0800: 22.756: [ParNew
Desired survivor size 8945664 bytes, new threshold 6 (max 6)
: 0K->0K(157248K), 0.0007666 secs]2024-07-23T00:26:14.099+0800: 22.756: [CMS: 205856K->1056K(349568K), 0.0029387 secs] 205856K->1056K(506816K), [Metaspace: 3957K->3957K(1056768K)], 0.0037904 secs] [Times: user=0.00 sys=0.00, real=0.00 secs] 
Heap after GC invocations=500 (full 996):
 par new generation   total 157248K, used 0K [0x00000000e0000000, 0x00000000eaaa0000, 0x00000000eaaa0000)
  eden space 139776K,   0% used [0x00000000e0000000, 0x00000000e0000000, 0x00000000e8880000)
  from space 17472K,   0% used [0x00000000e8880000, 0x00000000e8880000, 0x00000000e9990000)
  to   space 17472K,   0% used [0x00000000e9990000, 0x00000000e9990000, 0x00000000eaaa0000)
 concurrent mark-sweep generation total 349568K, used 1056K [0x00000000eaaa0000, 0x0000000100000000, 0x0000000100000000)
 Metaspace       used 3957K, capacity 4568K, committed 4864K, reserved 1056768K
  class space    used 431K, capacity 460K, committed 512K, reserved 1048576K
}
2024-07-23T00:26:14.103+0800: 22.759: Total time for which application threads were stopped: 0.0039322 seconds, Stopping threads took: 0.0000505 seconds
2024-07-23T00:26:14.122+0800: 22.779: [GC (CMS Initial Mark) [1 CMS-initial-mark: 205856K(349568K)] 205856K(506816K), 0.0017893 secs] [Times: user=0.00 sys=0.00, real=0.00 secs] 
2024-07-23T00:26:14.123+0800: 22.780: Total time for which application threads were stopped: 0.0207207 seconds, Stopping threads took: 0.0188266 seconds
2024-07-23T00:26:14.123+0800: 22.781: [CMS-concurrent-mark-start]
2024-07-23T00:26:14.125+0800: 22.782: [CMS-concurrent-mark: 0.002/0.002 secs] [Times: user=0.00 sys=0.00, real=0.00 secs] 
2024-07-23T00:26:14.125+0800: 22.782: [CMS-concurrent-preclean-start]
2024-07-23T00:26:14.126+0800: 22.783: [CMS-concurrent-preclean: 0.000/0.000 secs] [Times: user=0.00 sys=0.00, real=0.00 secs] 
2024-07-23T00:26:14.126+0800: 22.783: [GC (CMS Final Remark) [YG occupancy: 0 K (157248 K)]2024-07-23T00:26:14.126+0800: 22.783: [Rescan (parallel) , 0.0011180 secs]2024-07-23T00:26:14.127+0800: 22.784: [weak refs processing, 0.0000084 secs]2024-07-23T00:26:14.127+0800: 22.784: [class unloading, 0.0001931 secs]2024-07-23T00:26:14.127+0800: 22.784: [scrub symbol table, 0.0003398 secs]2024-07-23T00:26:14.127+0800: 22.784: [scrub string table, 0.0000940 secs][1 CMS-remark: 205856K(349568K)] 205856K(506816K), 0.0018045 secs] [Times: user=0.00 sys=0.00, real=0.00 secs] 
2024-07-23T00:26:14.127+0800: 22.785: Total time for which application threads were stopped: 0.0018538 seconds, Stopping threads took: 0.0000217 seconds
2024-07-23T00:26:14.128+0800: 22.785: [CMS-concurrent-sweep-start]
2024-07-23T00:26:14.128+0800: 22.785: [CMS-concurrent-sweep: 0.000/0.000 secs] [Times: user=0.00 sys=0.00, real=0.00 secs] 
2024-07-23T00:26:14.128+0800: 22.785: [CMS-concurrent-reset-start]
2024-07-23T00:26:14.128+0800: 22.785: [CMS-concurrent-reset: 0.000/0.000 secs] [Times: user=0.00 sys=0.00, real=0.00 secs] 
{Heap before GC invocations=500 (full 997):
 par new generation   total 157248K, used 0K [0x00000000e0000000, 0x00000000eaaa0000, 0x00000000eaaa0000)
  eden space 139776K,   0% used [0x00000000e0000000, 0x00000000e0000000, 0x00000000e8880000)
  from space 17472K,   0% used [0x00000000e8880000, 0x00000000e8880000, 0x00000000e9990000)
  to   space 17472K,   0% used [0x00000000e9990000, 0x00000000e9990000, 0x00000000eaaa0000)
 concurrent mark-sweep generation total 349568K, used 205856K [0x00000000eaaa0000, 0x0000000100000000, 0x0000000100000000)
 Metaspace       used 3957K, capacity 4568K, committed 4864K, reserved 1056768K
  class space    used 431K, capacity 460K, committed 512K, reserved 1048576K
2024-07-23T00:26:14.144+0800: 22.802: [GC (Allocation Failure) 2024-07-23T00:26:14.144+0800: 22.802: [ParNew
Desired survivor size 8945664 bytes, new threshold 6 (max 6)
: 0K->0K(157248K), 0.0019426 secs]2024-07-23T00:26:14.146+0800: 22.804: [CMS: 205856K->1056K(349568K), 0.0059246 secs] 205856K->1056K(506816K), [Metaspace: 3957K->3957K(1056768K)], 0.0080742 secs] [Times: user=0.00 sys=0.00, real=0.01 secs] 
Heap after GC invocations=501 (full 998):
 par new generation   total 157248K, used 0K [0x00000000e0000000, 0x00000000eaaa0000, 0x00000000eaaa0000)
  eden space 139776K,   0% used [0x00000000e0000000, 0x00000000e0000000, 0x00000000e8880000)
  from space 17472K,   0% used [0x00000000e9990000, 0x00000000e9990000, 0x00000000eaaa0000)
  to   space 17472K,   0% used [0x00000000e8880000, 0x00000000e8880000, 0x00000000e9990000)
 concurrent mark-sweep generation total 349568K, used 1056K [0x00000000eaaa0000, 0x0000000100000000, 0x0000000100000000)
 Metaspace       used 3957K, capacity 4568K, committed 4864K, reserved 1056768K
  class space    used 431K, capacity 460K, committed 512K, reserved 1048576K
}
2024-07-23T00:26:14.152+0800: 22.810: Total time for which application threads were stopped: 0.0082975 seconds, Stopping threads took: 0.0000324 seconds
2024-07-23T00:26:14.177+0800: 22.834: [GC (CMS Initial Mark) [1 CMS-initial-mark: 205856K(349568K)] 205856K(506816K), 0.0006090 secs] [Times: user=0.00 sys=0.00, real=0.00 secs] 
2024-07-23T00:26:14.178+0800: 22.835: Total time for which application threads were stopped: 0.0249672 seconds, Stopping threads took: 0.0242760 seconds
2024-07-23T00:26:14.178+0800: 22.835: [CMS-concurrent-mark-start]
2024-07-23T00:26:14.180+0800: 22.837: [CMS-concurrent-mark: 0.002/0.002 secs] [Times: user=0.00 sys=0.00, real=0.00 secs] 
2024-07-23T00:26:14.180+0800: 22.837: [CMS-concurrent-preclean-start]
2024-07-23T00:26:14.180+0800: 22.837: [CMS-concurrent-preclean: 0.000/0.000 secs] [Times: user=0.00 sys=0.00, real=0.00 secs] 
2024-07-23T00:26:14.180+0800: 22.837: [GC (CMS Final Remark) [YG occupancy: 0 K (157248 K)]2024-07-23T00:26:14.180+0800: 22.837: [Rescan (parallel) , 0.0004652 secs]2024-07-23T00:26:14.181+0800: 22.838: [weak refs processing, 0.0000116 secs]2024-07-23T00:26:14.181+0800: 22.838: [class unloading, 0.0002647 secs]2024-07-23T00:26:14.181+0800: 22.838: [scrub symbol table, 0.0003730 secs]2024-07-23T00:26:14.181+0800: 22.839: [scrub string table, 0.0001205 secs][1 CMS-remark: 205856K(349568K)] 205856K(506816K), 0.0013018 secs] [Times: user=0.00 sys=0.00, real=0.00 secs] 
2024-07-23T00:26:14.182+0800: 22.839: Total time for which application threads were stopped: 0.0013597 seconds, Stopping threads took: 0.0000171 seconds
2024-07-23T00:26:14.182+0800: 22.839: [CMS-concurrent-sweep-start]
2024-07-23T00:26:14.182+0800: 22.839: [CMS-concurrent-sweep: 0.000/0.000 secs] [Times: user=0.00 sys=0.00, real=0.00 secs] 
2024-07-23T00:26:14.182+0800: 22.839: [CMS-concurrent-reset-start]
2024-07-23T00:26:14.182+0800: 22.839: [CMS-concurrent-reset: 0.000/0.000 secs] [Times: user=0.00 sys=0.00, real=0.00 secs] 
{Heap before GC invocations=501 (full 999):
 par new generation   total 157248K, used 0K [0x00000000e0000000, 0x00000000eaaa0000, 0x00000000eaaa0000)
  eden space 139776K,   0% used [0x00000000e0000000, 0x00000000e0000000, 0x00000000e8880000)
  from space 17472K,   0% used [0x00000000e9990000, 0x00000000e9990000, 0x00000000eaaa0000)
  to   space 17472K,   0% used [0x00000000e8880000, 0x00000000e8880000, 0x00000000e9990000)
 concurrent mark-sweep generation total 349568K, used 205856K [0x00000000eaaa0000, 0x0000000100000000, 0x0000000100000000)
 Metaspace       used 3957K, capacity 4568K, committed 4864K, reserved 1056768K
  class space    used 431K, capacity 460K, committed 512K, reserved 1048576K
2024-07-23T00:26:14.191+0800: 22.848: [GC (Allocation Failure) 2024-07-23T00:26:14.191+0800: 22.849: [ParNew
Desired survivor size 8945664 bytes, new threshold 6 (max 6)
: 0K->0K(157248K), 0.0021165 secs]2024-07-23T00:26:14.193+0800: 22.851: [CMS: 205856K->1056K(349568K), 0.0052920 secs] 205856K->1056K(506816K), [Metaspace: 3957K->3957K(1056768K)], 0.0076412 secs] [Times: user=0.00 sys=0.00, real=0.01 secs] 
Heap after GC invocations=502 (full 1000):
 par new generation   total 157248K, used 0K [0x00000000e0000000, 0x00000000eaaa0000, 0x00000000eaaa0000)
  eden space 139776K,   0% used [0x00000000e0000000, 0x00000000e0000000, 0x00000000e8880000)
  from space 17472K,   0% used [0x00000000e8880000, 0x00000000e8880000, 0x00000000e9990000)
  to   space 17472K,   0% used [0x00000000e9990000, 0x00000000e9990000, 0x00000000eaaa0000)
 concurrent mark-sweep generation total 349568K, used 1056K [0x00000000eaaa0000, 0x0000000100000000, 0x0000000100000000)
 Metaspace       used 3957K, capacity 4568K, committed 4864K, reserved 1056768K
  class space    used 431K, capacity 460K, committed 512K, reserved 1048576K
}
2024-07-23T00:26:14.199+0800: 22.856: Total time for which application threads were stopped: 0.0079504 seconds, Stopping threads took: 0.0000359 seconds
2024-07-23T00:26:14.221+0800: 22.879: [GC (CMS Initial Mark) [1 CMS-initial-mark: 205856K(349568K)] 205856K(506816K), 0.0007798 secs] [Times: user=0.00 sys=0.00, real=0.00 secs] 
2024-07-23T00:26:14.222+0800: 22.879: Total time for which application threads were stopped: 0.0229894 seconds, Stopping threads took: 0.0221035 seconds
2024-07-23T00:26:14.222+0800: 22.880: [CMS-concurrent-mark-start]
2024-07-23T00:26:14.224+0800: 22.881: [CMS-concurrent-mark: 0.002/0.002 secs] [Times: user=0.00 sys=0.00, real=0.00 secs] 
2024-07-23T00:26:14.224+0800: 22.881: [CMS-concurrent-preclean-start]
2024-07-23T00:26:14.224+0800: 22.882: [CMS-concurrent-preclean: 0.000/0.000 secs] [Times: user=0.00 sys=0.00, real=0.00 secs] 
2024-07-23T00:26:14.225+0800: 22.882: [GC (CMS Final Remark) [YG occupancy: 0 K (157248 K)]2024-07-23T00:26:14.225+0800: 22.882: [Rescan (parallel) , 0.0006919 secs]2024-07-23T00:26:14.225+0800: 22.883: [weak refs processing, 0.0000123 secs]2024-07-23T00:26:14.225+0800: 22.883: [class unloading, 0.0003191 secs]2024-07-23T00:26:14.226+0800: 22.883: [scrub symbol table, 0.0005379 secs]2024-07-23T00:26:14.226+0800: 22.883: [scrub string table, 0.0001269 secs][1 CMS-remark: 205856K(349568K)] 205856K(506816K), 0.0017769 secs] [Times: user=0.00 sys=0.00, real=0.00 secs] 
2024-07-23T00:26:14.226+0800: 22.884: Total time for which application threads were stopped: 0.0018379 seconds, Stopping threads took: 0.0000242 seconds
2024-07-23T00:26:14.226+0800: 22.884: [CMS-concurrent-sweep-start]
2024-07-23T00:26:14.227+0800: 22.884: [CMS-concurrent-sweep: 0.000/0.000 secs] [Times: user=0.00 sys=0.00, real=0.00 secs] 
2024-07-23T00:26:14.227+0800: 22.884: [CMS-concurrent-reset-start]
2024-07-23T00:26:14.227+0800: 22.884: [CMS-concurrent-reset: 0.000/0.000 secs] [Times: user=0.00 sys=0.00, real=0.00 secs] 
{Heap before GC invocations=502 (full 1001):
 par new generation   total 157248K, used 0K [0x00000000e0000000, 0x00000000eaaa0000, 0x00000000eaaa0000)
  eden space 139776K,   0% used [0x00000000e0000000, 0x00000000e0000000, 0x00000000e8880000)
  from space 17472K,   0% used [0x00000000e8880000, 0x00000000e8880000, 0x00000000e9990000)
  to   space 17472K,   0% used [0x00000000e9990000, 0x00000000e9990000, 0x00000000eaaa0000)
 concurrent mark-sweep generation total 349568K, used 205856K [0x00000000eaaa0000, 0x0000000100000000, 0x0000000100000000)
 Metaspace       used 3957K, capacity 4568K, committed 4864K, reserved 1056768K
  class space    used 431K, capacity 460K, committed 512K, reserved 1048576K
2024-07-23T00:26:14.239+0800: 22.896: [GC (Allocation Failure) 2024-07-23T00:26:14.239+0800: 22.896: [ParNew
Desired survivor size 8945664 bytes, new threshold 6 (max 6)
: 0K->0K(157248K), 0.0012910 secs]2024-07-23T00:26:14.240+0800: 22.897: [CMS: 205856K->1056K(349568K), 0.0028760 secs] 205856K->1056K(506816K), [Metaspace: 3957K->3957K(1056768K)], 0.0043345 secs] [Times: user=0.00 sys=0.00, real=0.00 secs] 
Heap after GC invocations=503 (full 1002):
 par new generation   total 157248K, used 0K [0x00000000e0000000, 0x00000000eaaa0000, 0x00000000eaaa0000)
  eden space 139776K,   0% used [0x00000000e0000000, 0x00000000e0000000, 0x00000000e8880000)
  from space 17472K,   0% used [0x00000000e9990000, 0x00000000e9990000, 0x00000000eaaa0000)
  to   space 17472K,   0% used [0x00000000e8880000, 0x00000000e8880000, 0x00000000e9990000)
 concurrent mark-sweep generation total 349568K, used 1056K [0x00000000eaaa0000, 0x0000000100000000, 0x0000000100000000)
 Metaspace       used 3957K, capacity 4568K, committed 4864K, reserved 1056768K
  class space    used 431K, capacity 460K, committed 512K, reserved 1048576K
}
2024-07-23T00:26:14.243+0800: 22.900: Total time for which application threads were stopped: 0.0047211 seconds, Stopping threads took: 0.0000608 seconds
2024-07-23T00:26:14.263+0800: 22.921: [GC (CMS Initial Mark) [1 CMS-initial-mark: 205856K(349568K)] 205856K(506816K), 0.0011161 secs] [Times: user=0.00 sys=0.00, real=0.00 secs] 
2024-07-23T00:26:14.264+0800: 22.922: Total time for which application threads were stopped: 0.0209466 seconds, Stopping threads took: 0.0197570 seconds
2024-07-23T00:26:14.265+0800: 22.922: [CMS-concurrent-mark-start]
2024-07-23T00:26:14.266+0800: 22.923: [CMS-concurrent-mark: 0.002/0.002 secs] [Times: user=0.00 sys=0.00, real=0.00 secs] 
2024-07-23T00:26:14.266+0800: 22.923: [CMS-concurrent-preclean-start]
2024-07-23T00:26:14.267+0800: 22.924: [CMS-concurrent-preclean: 0.001/0.001 secs] [Times: user=0.00 sys=0.00, real=0.00 secs] 
2024-07-23T00:26:14.267+0800: 22.924: [GC (CMS Final Remark) [YG occupancy: 0 K (157248 K)]2024-07-23T00:26:14.267+0800: 22.924: [Rescan (parallel) , 0.0005032 secs]2024-07-23T00:26:14.267+0800: 22.925: [weak refs processing, 0.0000161 secs]2024-07-23T00:26:14.267+0800: 22.925: [class unloading, 0.0003369 secs]2024-07-23T00:26:14.268+0800: 22.925: [scrub symbol table, 0.0003645 secs]2024-07-23T00:26:14.268+0800: 22.925: [scrub string table, 0.0001125 secs][1 CMS-remark: 205856K(349568K)] 205856K(506816K), 0.0013991 secs] [Times: user=0.00 sys=0.00, real=0.00 secs] 
2024-07-23T00:26:14.268+0800: 22.925: Total time for which application threads were stopped: 0.0014507 seconds, Stopping threads took: 0.0000191 seconds
2024-07-23T00:26:14.268+0800: 22.926: [CMS-concurrent-sweep-start]
2024-07-23T00:26:14.268+0800: 22.926: [CMS-concurrent-sweep: 0.000/0.000 secs] [Times: user=0.00 sys=0.00, real=0.00 secs] 
2024-07-23T00:26:14.268+0800: 22.926: [CMS-concurrent-reset-start]
2024-07-23T00:26:14.269+0800: 22.926: [CMS-concurrent-reset: 0.000/0.000 secs] [Times: user=0.00 sys=0.00, real=0.00 secs] 
{Heap before GC invocations=503 (full 1003):
 par new generation   total 157248K, used 0K [0x00000000e0000000, 0x00000000eaaa0000, 0x00000000eaaa0000)
  eden space 139776K,   0% used [0x00000000e0000000, 0x00000000e0000000, 0x00000000e8880000)
  from space 17472K,   0% used [0x00000000e9990000, 0x00000000e9990000, 0x00000000eaaa0000)
  to   space 17472K,   0% used [0x00000000e8880000, 0x00000000e8880000, 0x00000000e9990000)
 concurrent mark-sweep generation total 349568K, used 205856K [0x00000000eaaa0000, 0x0000000100000000, 0x0000000100000000)
 Metaspace       used 3957K, capacity 4568K, committed 4864K, reserved 1056768K
  class space    used 431K, capacity 460K, committed 512K, reserved 1048576K
2024-07-23T00:26:14.286+0800: 22.943: [GC (Allocation Failure) 2024-07-23T00:26:14.286+0800: 22.943: [ParNew
Desired survivor size 8945664 bytes, new threshold 6 (max 6)
: 0K->0K(157248K), 0.0019874 secs]2024-07-23T00:26:14.288+0800: 22.945: [CMS: 205856K->1056K(349568K), 0.0046658 secs] 205856K->1056K(506816K), [Metaspace: 3957K->3957K(1056768K)], 0.0068800 secs] [Times: user=0.00 sys=0.00, real=0.01 secs] 
Heap after GC invocations=504 (full 1004):
 par new generation   total 157248K, used 0K [0x00000000e0000000, 0x00000000eaaa0000, 0x00000000eaaa0000)
  eden space 139776K,   0% used [0x00000000e0000000, 0x00000000e0000000, 0x00000000e8880000)
  from space 17472K,   0% used [0x00000000e8880000, 0x00000000e8880000, 0x00000000e9990000)
  to   space 17472K,   0% used [0x00000000e9990000, 0x00000000e9990000, 0x00000000eaaa0000)
 concurrent mark-sweep generation total 349568K, used 1056K [0x00000000eaaa0000, 0x0000000100000000, 0x0000000100000000)
 Metaspace       used 3957K, capacity 4568K, committed 4864K, reserved 1056768K
  class space    used 431K, capacity 460K, committed 512K, reserved 1048576K
}
2024-07-23T00:26:14.293+0800: 22.950: Total time for which application threads were stopped: 0.0070365 seconds, Stopping threads took: 0.0000275 seconds
2024-07-23T00:26:14.312+0800: 22.970: [GC (CMS Initial Mark) [1 CMS-initial-mark: 205856K(349568K)] 205856K(506816K), 0.0011452 secs] [Times: user=0.00 sys=0.00, real=0.00 secs] 
2024-07-23T00:26:14.313+0800: 22.971: Total time for which application threads were stopped: 0.0202954 seconds, Stopping threads took: 0.0190653 seconds
2024-07-23T00:26:14.314+0800: 22.971: [CMS-concurrent-mark-start]
2024-07-23T00:26:14.315+0800: 22.972: [CMS-concurrent-mark: 0.002/0.002 secs] [Times: user=0.00 sys=0.00, real=0.00 secs] 
2024-07-23T00:26:14.315+0800: 22.972: [CMS-concurrent-preclean-start]
2024-07-23T00:26:14.315+0800: 22.973: [CMS-concurrent-preclean: 0.000/0.000 secs] [Times: user=0.00 sys=0.00, real=0.00 secs] 
2024-07-23T00:26:14.316+0800: 22.973: [GC (CMS Final Remark) [YG occupancy: 0 K (157248 K)]2024-07-23T00:26:14.316+0800: 22.973: [Rescan (parallel) , 0.0004749 secs]2024-07-23T00:26:14.316+0800: 22.973: [weak refs processing, 0.0000079 secs]2024-07-23T00:26:14.316+0800: 22.973: [class unloading, 0.0002098 secs]2024-07-23T00:26:14.316+0800: 22.974: [scrub symbol table, 0.0003500 secs]2024-07-23T00:26:14.317+0800: 22.974: [scrub string table, 0.0000947 secs][1 CMS-remark: 205856K(349568K)] 205856K(506816K), 0.0011917 secs] [Times: user=0.00 sys=0.00, real=0.00 secs] 
2024-07-23T00:26:14.317+0800: 22.974: Total time for which application threads were stopped: 0.0012471 seconds, Stopping threads took: 0.0000221 seconds
2024-07-23T00:26:14.317+0800: 22.974: [CMS-concurrent-sweep-start]
2024-07-23T00:26:14.317+0800: 22.974: [CMS-concurrent-sweep: 0.000/0.000 secs] [Times: user=0.00 sys=0.00, real=0.00 secs] 
2024-07-23T00:26:14.317+0800: 22.974: [CMS-concurrent-reset-start]
2024-07-23T00:26:14.318+0800: 22.975: [CMS-concurrent-reset: 0.000/0.000 secs] [Times: user=0.00 sys=0.00, real=0.00 secs] 
{Heap before GC invocations=504 (full 1005):
 par new generation   total 157248K, used 0K [0x00000000e0000000, 0x00000000eaaa0000, 0x00000000eaaa0000)
  eden space 139776K,   0% used [0x00000000e0000000, 0x00000000e0000000, 0x00000000e8880000)
  from space 17472K,   0% used [0x00000000e8880000, 0x00000000e8880000, 0x00000000e9990000)
  to   space 17472K,   0% used [0x00000000e9990000, 0x00000000e9990000, 0x00000000eaaa0000)
 concurrent mark-sweep generation total 349568K, used 205856K [0x00000000eaaa0000, 0x0000000100000000, 0x0000000100000000)
 Metaspace       used 3957K, capacity 4568K, committed 4864K, reserved 1056768K
  class space    used 431K, capacity 460K, committed 512K, reserved 1048576K
2024-07-23T00:26:14.334+0800: 22.991: [GC (Allocation Failure) 2024-07-23T00:26:14.334+0800: 22.991: [ParNew
Desired survivor size 8945664 bytes, new threshold 6 (max 6)
: 0K->0K(157248K), 0.0007349 secs]2024-07-23T00:26:14.335+0800: 22.992: [CMS: 205856K->1056K(349568K), 0.0023702 secs] 205856K->1056K(506816K), [Metaspace: 3957K->3957K(1056768K)], 0.0032119 secs] [Times: user=0.00 sys=0.00, real=0.00 secs] 
Heap after GC invocations=505 (full 1006):
 par new generation   total 157248K, used 0K [0x00000000e0000000, 0x00000000eaaa0000, 0x00000000eaaa0000)
  eden space 139776K,   0% used [0x00000000e0000000, 0x00000000e0000000, 0x00000000e8880000)
  from space 17472K,   0% used [0x00000000e9990000, 0x00000000e9990000, 0x00000000eaaa0000)
  to   space 17472K,   0% used [0x00000000e8880000, 0x00000000e8880000, 0x00000000e9990000)
 concurrent mark-sweep generation total 349568K, used 1056K [0x00000000eaaa0000, 0x0000000100000000, 0x0000000100000000)
 Metaspace       used 3957K, capacity 4568K, committed 4864K, reserved 1056768K
  class space    used 431K, capacity 460K, committed 512K, reserved 1048576K
}
2024-07-23T00:26:14.337+0800: 22.994: Total time for which application threads were stopped: 0.0033646 seconds, Stopping threads took: 0.0000320 seconds
2024-07-23T00:26:14.356+0800: 23.013: [GC (CMS Initial Mark) [1 CMS-initial-mark: 205856K(349568K)] 205856K(506816K), 0.0018189 secs] [Times: user=0.00 sys=0.00, real=0.00 secs] 
2024-07-23T00:26:14.359+0800: 23.015: Total time for which application threads were stopped: 0.0208002 seconds, Stopping threads took: 0.0188934 seconds
2024-07-23T00:26:14.359+0800: 23.015: [CMS-concurrent-mark-start]
2024-07-23T00:26:14.360+0800: 23.017: [CMS-concurrent-mark: 0.001/0.001 secs] [Times: user=0.00 sys=0.00, real=0.00 secs] 
2024-07-23T00:26:14.360+0800: 23.017: [CMS-concurrent-preclean-start]
2024-07-23T00:26:14.361+0800: 23.017: [CMS-concurrent-preclean: 0.000/0.000 secs] [Times: user=0.00 sys=0.00, real=0.00 secs] 
2024-07-23T00:26:14.361+0800: 23.018: [GC (CMS Final Remark) [YG occupancy: 0 K (157248 K)]2024-07-23T00:26:14.361+0800: 23.018: [Rescan (parallel) , 0.0007262 secs]2024-07-23T00:26:14.362+0800: 23.018: [weak refs processing, 0.0000079 secs]2024-07-23T00:26:14.362+0800: 23.018: [class unloading, 0.0002075 secs]2024-07-23T00:26:14.362+0800: 23.019: [scrub symbol table, 0.0003183 secs]2024-07-23T00:26:14.362+0800: 23.019: [scrub string table, 0.0000857 secs][1 CMS-remark: 205856K(349568K)] 205856K(506816K), 0.0013867 secs] [Times: user=0.00 sys=0.00, real=0.00 secs] 
2024-07-23T00:26:14.362+0800: 23.019: Total time for which application threads were stopped: 0.0014360 seconds, Stopping threads took: 0.0000199 seconds
2024-07-23T00:26:14.362+0800: 23.019: [CMS-concurrent-sweep-start]
2024-07-23T00:26:14.363+0800: 23.019: [CMS-concurrent-sweep: 0.000/0.000 secs] [Times: user=0.00 sys=0.00, real=0.00 secs] 
2024-07-23T00:26:14.363+0800: 23.019: [CMS-concurrent-reset-start]
2024-07-23T00:26:14.363+0800: 23.020: [CMS-concurrent-reset: 0.000/0.000 secs] [Times: user=0.00 sys=0.00, real=0.00 secs] 
{Heap before GC invocations=505 (full 1007):
 par new generation   total 157248K, used 0K [0x00000000e0000000, 0x00000000eaaa0000, 0x00000000eaaa0000)
  eden space 139776K,   0% used [0x00000000e0000000, 0x00000000e0000000, 0x00000000e8880000)
  from space 17472K,   0% used [0x00000000e9990000, 0x00000000e9990000, 0x00000000eaaa0000)
  to   space 17472K,   0% used [0x00000000e8880000, 0x00000000e8880000, 0x00000000e9990000)
 concurrent mark-sweep generation total 349568K, used 205856K [0x00000000eaaa0000, 0x0000000100000000, 0x0000000100000000)
 Metaspace       used 3957K, capacity 4568K, committed 4864K, reserved 1056768K
  class space    used 431K, capacity 460K, committed 512K, reserved 1048576K
2024-07-23T00:26:14.382+0800: 23.039: [GC (Allocation Failure) 2024-07-23T00:26:14.382+0800: 23.039: [ParNew
Desired survivor size 8945664 bytes, new threshold 6 (max 6)
: 0K->0K(157248K), 0.0005249 secs]2024-07-23T00:26:14.383+0800: 23.039: [CMS: 205856K->1056K(349568K), 0.0031239 secs] 205856K->1056K(506816K), [Metaspace: 3957K->3957K(1056768K)], 0.0038262 secs] [Times: user=0.00 sys=0.00, real=0.00 secs] 
Heap after GC invocations=506 (full 1008):
 par new generation   total 157248K, used 0K [0x00000000e0000000, 0x00000000eaaa0000, 0x00000000eaaa0000)
  eden space 139776K,   0% used [0x00000000e0000000, 0x00000000e0000000, 0x00000000e8880000)
  from space 17472K,   0% used [0x00000000e8880000, 0x00000000e8880000, 0x00000000e9990000)
  to   space 17472K,   0% used [0x00000000e9990000, 0x00000000e9990000, 0x00000000eaaa0000)
 concurrent mark-sweep generation total 349568K, used 1056K [0x00000000eaaa0000, 0x0000000100000000, 0x0000000100000000)
 Metaspace       used 3957K, capacity 4568K, committed 4864K, reserved 1056768K
  class space    used 431K, capacity 460K, committed 512K, reserved 1048576K
}
2024-07-23T00:26:14.386+0800: 23.043: Total time for which application threads were stopped: 0.0040456 seconds, Stopping threads took: 0.0000393 seconds
2024-07-23T00:26:14.406+0800: 23.063: [GC (CMS Initial Mark) [1 CMS-initial-mark: 205856K(349568K)] 205856K(506816K), 0.0002524 secs] [Times: user=0.00 sys=0.00, real=0.00 secs] 
2024-07-23T00:26:14.406+0800: 23.064: Total time for which application threads were stopped: 0.0208504 seconds, Stopping threads took: 0.0205513 seconds
2024-07-23T00:26:14.406+0800: 23.064: [CMS-concurrent-mark-start]
2024-07-23T00:26:14.408+0800: 23.065: [CMS-concurrent-mark: 0.002/0.002 secs] [Times: user=0.00 sys=0.00, real=0.00 secs] 
2024-07-23T00:26:14.408+0800: 23.065: [CMS-concurrent-preclean-start]
2024-07-23T00:26:14.408+0800: 23.066: [CMS-concurrent-preclean: 0.000/0.000 secs] [Times: user=0.00 sys=0.00, real=0.00 secs] 
2024-07-23T00:26:14.408+0800: 23.066: [GC (CMS Final Remark) [YG occupancy: 0 K (157248 K)]2024-07-23T00:26:14.408+0800: 23.066: [Rescan (parallel) , 0.0004406 secs]2024-07-23T00:26:14.409+0800: 23.066: [weak refs processing, 0.0000090 secs]2024-07-23T00:26:14.409+0800: 23.066: [class unloading, 0.0002363 secs]2024-07-23T00:26:14.409+0800: 23.067: [scrub symbol table, 0.0003344 secs]2024-07-23T00:26:14.409+0800: 23.067: [scrub string table, 0.0000829 secs][1 CMS-remark: 205856K(349568K)] 205856K(506816K), 0.0011434 secs] [Times: user=0.00 sys=0.00, real=0.00 secs] 
2024-07-23T00:26:14.409+0800: 23.067: Total time for which application threads were stopped: 0.0011881 seconds, Stopping threads took: 0.0000184 seconds
2024-07-23T00:26:14.409+0800: 23.067: [CMS-concurrent-sweep-start]
2024-07-23T00:26:14.410+0800: 23.067: [CMS-concurrent-sweep: 0.000/0.000 secs] [Times: user=0.00 sys=0.00, real=0.00 secs] 
2024-07-23T00:26:14.410+0800: 23.067: [CMS-concurrent-reset-start]
2024-07-23T00:26:14.410+0800: 23.068: [CMS-concurrent-reset: 0.000/0.000 secs] [Times: user=0.00 sys=0.00, real=0.00 secs] 
{Heap before GC invocations=506 (full 1009):
 par new generation   total 157248K, used 0K [0x00000000e0000000, 0x00000000eaaa0000, 0x00000000eaaa0000)
  eden space 139776K,   0% used [0x00000000e0000000, 0x00000000e0000000, 0x00000000e8880000)
  from space 17472K,   0% used [0x00000000e8880000, 0x00000000e8880000, 0x00000000e9990000)
  to   space 17472K,   0% used [0x00000000e9990000, 0x00000000e9990000, 0x00000000eaaa0000)
 concurrent mark-sweep generation total 349568K, used 205856K [0x00000000eaaa0000, 0x0000000100000000, 0x0000000100000000)
 Metaspace       used 3957K, capacity 4568K, committed 4864K, reserved 1056768K
  class space    used 431K, capacity 460K, committed 512K, reserved 1048576K
2024-07-23T00:26:14.429+0800: 23.086: [GC (Allocation Failure) 2024-07-23T00:26:14.429+0800: 23.086: [ParNew
Desired survivor size 8945664 bytes, new threshold 6 (max 6)
: 0K->0K(157248K), 0.0005481 secs]2024-07-23T00:26:14.430+0800: 23.087: [CMS: 205856K->1056K(349568K), 0.0028717 secs] 205856K->1056K(506816K), [Metaspace: 3957K->3957K(1056768K)], 0.0035835 secs] [Times: user=0.00 sys=0.00, real=0.00 secs] 
Heap after GC invocations=507 (full 1010):
 par new generation   total 157248K, used 0K [0x00000000e0000000, 0x00000000eaaa0000, 0x00000000eaaa0000)
  eden space 139776K,   0% used [0x00000000e0000000, 0x00000000e0000000, 0x00000000e8880000)
  from space 17472K,   0% used [0x00000000e9990000, 0x00000000e9990000, 0x00000000eaaa0000)
  to   space 17472K,   0% used [0x00000000e8880000, 0x00000000e8880000, 0x00000000e9990000)
 concurrent mark-sweep generation total 349568K, used 1056K [0x00000000eaaa0000, 0x0000000100000000, 0x0000000100000000)
 Metaspace       used 3957K, capacity 4568K, committed 4864K, reserved 1056768K
  class space    used 431K, capacity 460K, committed 512K, reserved 1048576K
}
2024-07-23T00:26:14.433+0800: 23.090: Total time for which application threads were stopped: 0.0037575 seconds, Stopping threads took: 0.0000348 seconds
2024-07-23T00:26:14.453+0800: 23.111: [GC (CMS Initial Mark) [1 CMS-initial-mark: 205856K(349568K)] 205856K(506816K), 0.0010858 secs] [Times: user=0.00 sys=0.00, real=0.00 secs] 
2024-07-23T00:26:14.455+0800: 23.112: Total time for which application threads were stopped: 0.0218694 seconds, Stopping threads took: 0.0207086 seconds
2024-07-23T00:26:14.455+0800: 23.112: [CMS-concurrent-mark-start]
2024-07-23T00:26:14.456+0800: 23.113: [CMS-concurrent-mark: 0.001/0.001 secs] [Times: user=0.00 sys=0.00, real=0.00 secs] 
2024-07-23T00:26:14.456+0800: 23.114: [CMS-concurrent-preclean-start]
2024-07-23T00:26:14.456+0800: 23.114: [CMS-concurrent-preclean: 0.000/0.000 secs] [Times: user=0.00 sys=0.00, real=0.00 secs] 
2024-07-23T00:26:14.456+0800: 23.114: [GC (CMS Final Remark) [YG occupancy: 0 K (157248 K)]2024-07-23T00:26:14.456+0800: 23.114: [Rescan (parallel) , 0.0006381 secs]2024-07-23T00:26:14.458+0800: 23.114: [weak refs processing, 0.0000079 secs]2024-07-23T00:26:14.458+0800: 23.114: [class unloading, 0.0002185 secs]2024-07-23T00:26:14.458+0800: 23.115: [scrub symbol table, 0.0003258 secs]2024-07-23T00:26:14.458+0800: 23.115: [scrub string table, 0.0000861 secs][1 CMS-remark: 205856K(349568K)] 205856K(506816K), 0.0013268 secs] [Times: user=0.00 sys=0.00, real=0.00 secs] 
2024-07-23T00:26:14.458+0800: 23.115: Total time for which application threads were stopped: 0.0013803 seconds, Stopping threads took: 0.0000204 seconds
2024-07-23T00:26:14.458+0800: 23.115: [CMS-concurrent-sweep-start]
2024-07-23T00:26:14.459+0800: 23.116: [CMS-concurrent-sweep: 0.000/0.000 secs] [Times: user=0.00 sys=0.00, real=0.00 secs] 
2024-07-23T00:26:14.459+0800: 23.116: [CMS-concurrent-reset-start]
2024-07-23T00:26:14.459+0800: 23.116: [CMS-concurrent-reset: 0.001/0.001 secs] [Times: user=0.00 sys=0.00, real=0.00 secs] 
{Heap before GC invocations=507 (full 1011):
 par new generation   total 157248K, used 0K [0x00000000e0000000, 0x00000000eaaa0000, 0x00000000eaaa0000)
  eden space 139776K,   0% used [0x00000000e0000000, 0x00000000e0000000, 0x00000000e8880000)
  from space 17472K,   0% used [0x00000000e9990000, 0x00000000e9990000, 0x00000000eaaa0000)
  to   space 17472K,   0% used [0x00000000e8880000, 0x00000000e8880000, 0x00000000e9990000)
 concurrent mark-sweep generation total 349568K, used 205856K [0x00000000eaaa0000, 0x0000000100000000, 0x0000000100000000)
 Metaspace       used 3957K, capacity 4568K, committed 4864K, reserved 1056768K
  class space    used 431K, capacity 460K, committed 512K, reserved 1048576K
2024-07-23T00:26:14.477+0800: 23.134: [GC (Allocation Failure) 2024-07-23T00:26:14.477+0800: 23.134: [ParNew
Desired survivor size 8945664 bytes, new threshold 6 (max 6)
: 0K->0K(157248K), 0.0009439 secs]2024-07-23T00:26:14.478+0800: 23.135: [CMS: 205856K->1056K(349568K), 0.0038589 secs] 205856K->1056K(506816K), [Metaspace: 3957K->3957K(1056768K)], 0.0049980 secs] [Times: user=0.00 sys=0.00, real=0.01 secs] 
Heap after GC invocations=508 (full 1012):
 par new generation   total 157248K, used 0K [0x00000000e0000000, 0x00000000eaaa0000, 0x00000000eaaa0000)
  eden space 139776K,   0% used [0x00000000e0000000, 0x00000000e0000000, 0x00000000e8880000)
  from space 17472K,   0% used [0x00000000e8880000, 0x00000000e8880000, 0x00000000e9990000)
  to   space 17472K,   0% used [0x00000000e9990000, 0x00000000e9990000, 0x00000000eaaa0000)
 concurrent mark-sweep generation total 349568K, used 1056K [0x00000000eaaa0000, 0x0000000100000000, 0x0000000100000000)
 Metaspace       used 3957K, capacity 4568K, committed 4864K, reserved 1056768K
  class space    used 431K, capacity 460K, committed 512K, reserved 1048576K
}
2024-07-23T00:26:14.482+0800: 23.139: Total time for which application threads were stopped: 0.0051571 seconds, Stopping threads took: 0.0000394 seconds
2024-07-23T00:26:14.504+0800: 23.161: [GC (CMS Initial Mark) [1 CMS-initial-mark: 205856K(349568K)] 205856K(506816K), 0.0006411 secs] [Times: user=0.00 sys=0.00, real=0.00 secs] 
2024-07-23T00:26:14.505+0800: 23.162: Total time for which application threads were stopped: 0.0225589 seconds, Stopping threads took: 0.0218414 seconds
2024-07-23T00:26:14.505+0800: 23.162: [CMS-concurrent-mark-start]
2024-07-23T00:26:14.506+0800: 23.163: [CMS-concurrent-mark: 0.001/0.001 secs] [Times: user=0.00 sys=0.00, real=0.00 secs] 
2024-07-23T00:26:14.506+0800: 23.163: [CMS-concurrent-preclean-start]
2024-07-23T00:26:14.506+0800: 23.163: [CMS-concurrent-preclean: 0.001/0.001 secs] [Times: user=0.00 sys=0.00, real=0.00 secs] 
2024-07-23T00:26:14.507+0800: 23.163: [GC (CMS Final Remark) [YG occupancy: 0 K (157248 K)]2024-07-23T00:26:14.507+0800: 23.163: [Rescan (parallel) , 0.0004598 secs]2024-07-23T00:26:14.507+0800: 23.164: [weak refs processing, 0.0000148 secs]2024-07-23T00:26:14.507+0800: 23.164: [class unloading, 0.0002861 secs]2024-07-23T00:26:14.507+0800: 23.164: [scrub symbol table, 0.0004025 secs]2024-07-23T00:26:14.508+0800: 23.165: [scrub string table, 0.0001191 secs][1 CMS-remark: 205856K(349568K)] 205856K(506816K), 0.0013676 secs] [Times: user=0.00 sys=0.00, real=0.00 secs] 
2024-07-23T00:26:14.508+0800: 23.165: Total time for which application threads were stopped: 0.0014477 seconds, Stopping threads took: 0.0000294 seconds
2024-07-23T00:26:14.508+0800: 23.165: [CMS-concurrent-sweep-start]
2024-07-23T00:26:14.508+0800: 23.165: [CMS-concurrent-sweep: 0.000/0.000 secs] [Times: user=0.00 sys=0.00, real=0.00 secs] 
2024-07-23T00:26:14.508+0800: 23.165: [CMS-concurrent-reset-start]
2024-07-23T00:26:14.509+0800: 23.166: [CMS-concurrent-reset: 0.000/0.000 secs] [Times: user=0.00 sys=0.00, real=0.00 secs] 
{Heap before GC invocations=508 (full 1013):
 par new generation   total 157248K, used 0K [0x00000000e0000000, 0x00000000eaaa0000, 0x00000000eaaa0000)
  eden space 139776K,   0% used [0x00000000e0000000, 0x00000000e0000000, 0x00000000e8880000)
  from space 17472K,   0% used [0x00000000e8880000, 0x00000000e8880000, 0x00000000e9990000)
  to   space 17472K,   0% used [0x00000000e9990000, 0x00000000e9990000, 0x00000000eaaa0000)
 concurrent mark-sweep generation total 349568K, used 205856K [0x00000000eaaa0000, 0x0000000100000000, 0x0000000100000000)
 Metaspace       used 3957K, capacity 4568K, committed 4864K, reserved 1056768K
  class space    used 431K, capacity 460K, committed 512K, reserved 1048576K
2024-07-23T00:26:14.525+0800: 23.182: [GC (Allocation Failure) 2024-07-23T00:26:14.525+0800: 23.182: [ParNew
Desired survivor size 8945664 bytes, new threshold 6 (max 6)
: 0K->0K(157248K), 0.0017638 secs]2024-07-23T00:26:14.527+0800: 23.184: [CMS: 205856K->1056K(349568K), 0.0025680 secs] 205856K->1056K(506816K), [Metaspace: 3957K->3957K(1056768K)], 0.0044656 secs] [Times: user=0.02 sys=0.00, real=0.00 secs] 
Heap after GC invocations=509 (full 1014):
 par new generation   total 157248K, used 0K [0x00000000e0000000, 0x00000000eaaa0000, 0x00000000eaaa0000)
  eden space 139776K,   0% used [0x00000000e0000000, 0x00000000e0000000, 0x00000000e8880000)
  from space 17472K,   0% used [0x00000000e9990000, 0x00000000e9990000, 0x00000000eaaa0000)
  to   space 17472K,   0% used [0x00000000e8880000, 0x00000000e8880000, 0x00000000e9990000)
 concurrent mark-sweep generation total 349568K, used 1056K [0x00000000eaaa0000, 0x0000000100000000, 0x0000000100000000)
 Metaspace       used 3957K, capacity 4568K, committed 4864K, reserved 1056768K
  class space    used 431K, capacity 460K, committed 512K, reserved 1048576K
}
2024-07-23T00:26:14.530+0800: 23.186: Total time for which application threads were stopped: 0.0046815 seconds, Stopping threads took: 0.0001109 seconds
2024-07-23T00:26:14.550+0800: 23.207: [GC (CMS Initial Mark) [1 CMS-initial-mark: 205856K(349568K)] 205856K(506816K), 0.0005753 secs] [Times: user=0.00 sys=0.00, real=0.00 secs] 
2024-07-23T00:26:14.550+0800: 23.208: Total time for which application threads were stopped: 0.0216373 seconds, Stopping threads took: 0.0209898 seconds
2024-07-23T00:26:14.551+0800: 23.208: [CMS-concurrent-mark-start]
2024-07-23T00:26:14.552+0800: 23.209: [CMS-concurrent-mark: 0.001/0.001 secs] [Times: user=0.00 sys=0.00, real=0.00 secs] 
2024-07-23T00:26:14.552+0800: 23.209: [CMS-concurrent-preclean-start]
2024-07-23T00:26:14.552+0800: 23.210: [CMS-concurrent-preclean: 0.001/0.001 secs] [Times: user=0.00 sys=0.00, real=0.00 secs] 
2024-07-23T00:26:14.553+0800: 23.210: [GC (CMS Final Remark) [YG occupancy: 0 K (157248 K)]2024-07-23T00:26:14.553+0800: 23.210: [Rescan (parallel) , 0.0005504 secs]2024-07-23T00:26:14.553+0800: 23.211: [weak refs processing, 0.0000094 secs]2024-07-23T00:26:14.553+0800: 23.211: [class unloading, 0.0002054 secs]2024-07-23T00:26:14.554+0800: 23.211: [scrub symbol table, 0.0003217 secs]2024-07-23T00:26:14.554+0800: 23.211: [scrub string table, 0.0000877 secs][1 CMS-remark: 205856K(349568K)] 205856K(506816K), 0.0012284 secs] [Times: user=0.00 sys=0.00, real=0.00 secs] 
2024-07-23T00:26:14.554+0800: 23.212: Total time for which application threads were stopped: 0.0012828 seconds, Stopping threads took: 0.0000229 seconds
2024-07-23T00:26:14.554+0800: 23.212: [CMS-concurrent-sweep-start]
2024-07-23T00:26:14.554+0800: 23.212: [CMS-concurrent-sweep: 0.000/0.000 secs] [Times: user=0.00 sys=0.00, real=0.00 secs] 
2024-07-23T00:26:14.554+0800: 23.212: [CMS-concurrent-reset-start]
2024-07-23T00:26:14.555+0800: 23.212: [CMS-concurrent-reset: 0.000/0.000 secs] [Times: user=0.00 sys=0.00, real=0.00 secs] 
{Heap before GC invocations=509 (full 1015):
 par new generation   total 157248K, used 0K [0x00000000e0000000, 0x00000000eaaa0000, 0x00000000eaaa0000)
  eden space 139776K,   0% used [0x00000000e0000000, 0x00000000e0000000, 0x00000000e8880000)
  from space 17472K,   0% used [0x00000000e9990000, 0x00000000e9990000, 0x00000000eaaa0000)
  to   space 17472K,   0% used [0x00000000e8880000, 0x00000000e8880000, 0x00000000e9990000)
 concurrent mark-sweep generation total 349568K, used 205856K [0x00000000eaaa0000, 0x0000000100000000, 0x0000000100000000)
 Metaspace       used 3957K, capacity 4568K, committed 4864K, reserved 1056768K
  class space    used 431K, capacity 460K, committed 512K, reserved 1048576K
2024-07-23T00:26:14.572+0800: 23.229: [GC (Allocation Failure) 2024-07-23T00:26:14.572+0800: 23.229: [ParNew
Desired survivor size 8945664 bytes, new threshold 6 (max 6)
: 0K->0K(157248K), 0.0010976 secs]2024-07-23T00:26:14.573+0800: 23.230: [CMS: 205856K->1056K(349568K), 0.0034153 secs] 205856K->1056K(506816K), [Metaspace: 3957K->3957K(1056768K)], 0.0047601 secs] [Times: user=0.00 sys=0.00, real=0.00 secs] 
Heap after GC invocations=510 (full 1016):
 par new generation   total 157248K, used 0K [0x00000000e0000000, 0x00000000eaaa0000, 0x00000000eaaa0000)
  eden space 139776K,   0% used [0x00000000e0000000, 0x00000000e0000000, 0x00000000e8880000)
  from space 17472K,   0% used [0x00000000e8880000, 0x00000000e8880000, 0x00000000e9990000)
  to   space 17472K,   0% used [0x00000000e9990000, 0x00000000e9990000, 0x00000000eaaa0000)
 concurrent mark-sweep generation total 349568K, used 1056K [0x00000000eaaa0000, 0x0000000100000000, 0x0000000100000000)
 Metaspace       used 3957K, capacity 4568K, committed 4864K, reserved 1056768K
  class space    used 431K, capacity 460K, committed 512K, reserved 1048576K
}
2024-07-23T00:26:14.577+0800: 23.234: Total time for which application threads were stopped: 0.0049488 seconds, Stopping threads took: 0.0000342 seconds
2024-07-23T00:26:14.600+0800: 23.256: [GC (CMS Initial Mark) [1 CMS-initial-mark: 205856K(349568K)] 205856K(506816K), 0.0004216 secs] [Times: user=0.00 sys=0.00, real=0.00 secs] 
2024-07-23T00:26:14.600+0800: 23.257: Total time for which application threads were stopped: 0.0230726 seconds, Stopping threads took: 0.0224691 seconds
2024-07-23T00:26:14.600+0800: 23.257: [CMS-concurrent-mark-start]
2024-07-23T00:26:14.603+0800: 23.260: [CMS-concurrent-mark: 0.003/0.003 secs] [Times: user=0.00 sys=0.00, real=0.00 secs] 
2024-07-23T00:26:14.603+0800: 23.260: [CMS-concurrent-preclean-start]
2024-07-23T00:26:14.604+0800: 23.261: [CMS-concurrent-preclean: 0.001/0.001 secs] [Times: user=0.00 sys=0.00, real=0.00 secs] 
2024-07-23T00:26:14.604+0800: 23.261: [GC (CMS Final Remark) [YG occupancy: 0 K (157248 K)]2024-07-23T00:26:14.604+0800: 23.261: [Rescan (parallel) , 0.0003166 secs]2024-07-23T00:26:14.604+0800: 23.261: [weak refs processing, 0.0000139 secs]2024-07-23T00:26:14.604+0800: 23.261: [class unloading, 0.0002715 secs]2024-07-23T00:26:14.605+0800: 23.261: [scrub symbol table, 0.0004021 secs]2024-07-23T00:26:14.605+0800: 23.262: [scrub string table, 0.0001172 secs][1 CMS-remark: 205856K(349568K)] 205856K(506816K), 0.0011917 secs] [Times: user=0.00 sys=0.00, real=0.00 secs] 
2024-07-23T00:26:14.605+0800: 23.262: Total time for which application threads were stopped: 0.0012637 seconds, Stopping threads took: 0.0000225 seconds
2024-07-23T00:26:14.605+0800: 23.262: [CMS-concurrent-sweep-start]
2024-07-23T00:26:14.606+0800: 23.262: [CMS-concurrent-sweep: 0.000/0.000 secs] [Times: user=0.00 sys=0.00, real=0.00 secs] 
2024-07-23T00:26:14.606+0800: 23.262: [CMS-concurrent-reset-start]
2024-07-23T00:26:14.606+0800: 23.263: [CMS-concurrent-reset: 0.000/0.000 secs] [Times: user=0.00 sys=0.00, real=0.00 secs] 
{Heap before GC invocations=510 (full 1017):
 par new generation   total 157248K, used 0K [0x00000000e0000000, 0x00000000eaaa0000, 0x00000000eaaa0000)
  eden space 139776K,   0% used [0x00000000e0000000, 0x00000000e0000000, 0x00000000e8880000)
  from space 17472K,   0% used [0x00000000e8880000, 0x00000000e8880000, 0x00000000e9990000)
  to   space 17472K,   0% used [0x00000000e9990000, 0x00000000e9990000, 0x00000000eaaa0000)
 concurrent mark-sweep generation total 349568K, used 205856K [0x00000000eaaa0000, 0x0000000100000000, 0x0000000100000000)
 Metaspace       used 3957K, capacity 4568K, committed 4864K, reserved 1056768K
  class space    used 431K, capacity 460K, committed 512K, reserved 1048576K
2024-07-23T00:26:14.620+0800: 23.276: [GC (Allocation Failure) 2024-07-23T00:26:14.620+0800: 23.277: [ParNew
Desired survivor size 8945664 bytes, new threshold 6 (max 6)
: 0K->0K(157248K), 0.0007278 secs]2024-07-23T00:26:14.620+0800: 23.277: [CMS: 205856K->1056K(349568K), 0.0032757 secs] 205856K->1056K(506816K), [Metaspace: 3957K->3957K(1056768K)], 0.0041620 secs] [Times: user=0.02 sys=0.00, real=0.00 secs] 
Heap after GC invocations=511 (full 1018):
 par new generation   total 157248K, used 0K [0x00000000e0000000, 0x00000000eaaa0000, 0x00000000eaaa0000)
  eden space 139776K,   0% used [0x00000000e0000000, 0x00000000e0000000, 0x00000000e8880000)
  from space 17472K,   0% used [0x00000000e9990000, 0x00000000e9990000, 0x00000000eaaa0000)
  to   space 17472K,   0% used [0x00000000e8880000, 0x00000000e8880000, 0x00000000e9990000)
 concurrent mark-sweep generation total 349568K, used 1056K [0x00000000eaaa0000, 0x0000000100000000, 0x0000000100000000)
 Metaspace       used 3957K, capacity 4568K, committed 4864K, reserved 1056768K
  class space    used 431K, capacity 460K, committed 512K, reserved 1048576K
}
2024-07-23T00:26:14.623+0800: 23.281: Total time for which application threads were stopped: 0.0043447 seconds, Stopping threads took: 0.0000314 seconds
2024-07-23T00:26:14.645+0800: 23.303: [GC (CMS Initial Mark) [1 CMS-initial-mark: 205856K(349568K)] 205856K(506816K), 0.0005069 secs] [Times: user=0.00 sys=0.00, real=0.00 secs] 
2024-07-23T00:26:14.646+0800: 23.303: Total time for which application threads were stopped: 0.0225006 seconds, Stopping threads took: 0.0219031 seconds
2024-07-23T00:26:14.646+0800: 23.303: [CMS-concurrent-mark-start]
2024-07-23T00:26:14.648+0800: 23.305: [CMS-concurrent-mark: 0.002/0.002 secs] [Times: user=0.00 sys=0.00, real=0.00 secs] 
2024-07-23T00:26:14.648+0800: 23.305: [CMS-concurrent-preclean-start]
2024-07-23T00:26:14.648+0800: 23.305: [CMS-concurrent-preclean: 0.000/0.000 secs] [Times: user=0.00 sys=0.00, real=0.00 secs] 
2024-07-23T00:26:14.648+0800: 23.306: [GC (CMS Final Remark) [YG occupancy: 0 K (157248 K)]2024-07-23T00:26:14.648+0800: 23.306: [Rescan (parallel) , 0.0002733 secs]2024-07-23T00:26:14.648+0800: 23.306: [weak refs processing, 0.0000102 secs]2024-07-23T00:26:14.648+0800: 23.306: [class unloading, 0.0002154 secs]2024-07-23T00:26:14.649+0800: 23.306: [scrub symbol table, 0.0003275 secs]2024-07-23T00:26:14.649+0800: 23.306: [scrub string table, 0.0000957 secs][1 CMS-remark: 205856K(349568K)] 205856K(506816K), 0.0009824 secs] [Times: user=0.00 sys=0.00, real=0.00 secs] 
2024-07-23T00:26:14.649+0800: 23.307: Total time for which application threads were stopped: 0.0010422 seconds, Stopping threads took: 0.0000225 seconds
2024-07-23T00:26:14.649+0800: 23.307: [CMS-concurrent-sweep-start]
2024-07-23T00:26:14.649+0800: 23.307: [CMS-concurrent-sweep: 0.000/0.000 secs] [Times: user=0.00 sys=0.00, real=0.00 secs] 
2024-07-23T00:26:14.649+0800: 23.307: [CMS-concurrent-reset-start]
2024-07-23T00:26:14.650+0800: 23.307: [CMS-concurrent-reset: 0.001/0.001 secs] [Times: user=0.00 sys=0.00, real=0.00 secs] 
{Heap before GC invocations=511 (full 1019):
 par new generation   total 157248K, used 0K [0x00000000e0000000, 0x00000000eaaa0000, 0x00000000eaaa0000)
  eden space 139776K,   0% used [0x00000000e0000000, 0x00000000e0000000, 0x00000000e8880000)
  from space 17472K,   0% used [0x00000000e9990000, 0x00000000e9990000, 0x00000000eaaa0000)
  to   space 17472K,   0% used [0x00000000e8880000, 0x00000000e8880000, 0x00000000e9990000)
 concurrent mark-sweep generation total 349568K, used 205856K [0x00000000eaaa0000, 0x0000000100000000, 0x0000000100000000)
 Metaspace       used 3957K, capacity 4568K, committed 4864K, reserved 1056768K
  class space    used 431K, capacity 460K, committed 512K, reserved 1048576K
2024-07-23T00:26:14.667+0800: 23.324: [GC (Allocation Failure) 2024-07-23T00:26:14.667+0800: 23.324: [ParNew
Desired survivor size 8945664 bytes, new threshold 6 (max 6)
: 0K->0K(157248K), 0.0007178 secs]2024-07-23T00:26:14.668+0800: 23.325: [CMS: 205856K->1056K(349568K), 0.0030090 secs] 205856K->1056K(506816K), [Metaspace: 3957K->3957K(1056768K)], 0.0038842 secs] [Times: user=0.00 sys=0.00, real=0.00 secs] 
Heap after GC invocations=512 (full 1020):
 par new generation   total 157248K, used 0K [0x00000000e0000000, 0x00000000eaaa0000, 0x00000000eaaa0000)
  eden space 139776K,   0% used [0x00000000e0000000, 0x00000000e0000000, 0x00000000e8880000)
  from space 17472K,   0% used [0x00000000e8880000, 0x00000000e8880000, 0x00000000e9990000)
  to   space 17472K,   0% used [0x00000000e9990000, 0x00000000e9990000, 0x00000000eaaa0000)
 concurrent mark-sweep generation total 349568K, used 1056K [0x00000000eaaa0000, 0x0000000100000000, 0x0000000100000000)
 Metaspace       used 3957K, capacity 4568K, committed 4864K, reserved 1056768K
  class space    used 431K, capacity 460K, committed 512K, reserved 1048576K
}
2024-07-23T00:26:14.671+0800: 23.328: Total time for which application threads were stopped: 0.0040772 seconds, Stopping threads took: 0.0000536 seconds
2024-07-23T00:26:14.698+0800: 23.354: [GC (CMS Initial Mark) [1 CMS-initial-mark: 205856K(349568K)] 205856K(506816K), 0.0003448 secs] [Times: user=0.00 sys=0.00, real=0.00 secs] 
2024-07-23T00:26:14.698+0800: 23.355: Total time for which application threads were stopped: 0.0266775 seconds, Stopping threads took: 0.0262375 seconds
2024-07-23T00:26:14.698+0800: 23.355: [CMS-concurrent-mark-start]
2024-07-23T00:26:14.700+0800: 23.356: [CMS-concurrent-mark: 0.002/0.002 secs] [Times: user=0.00 sys=0.00, real=0.00 secs] 
2024-07-23T00:26:14.700+0800: 23.357: [CMS-concurrent-preclean-start]
2024-07-23T00:26:14.700+0800: 23.357: [CMS-concurrent-preclean: 0.001/0.001 secs] [Times: user=0.00 sys=0.00, real=0.00 secs] 
2024-07-23T00:26:14.700+0800: 23.357: [GC (CMS Final Remark) [YG occupancy: 0 K (157248 K)]2024-07-23T00:26:14.700+0800: 23.357: [Rescan (parallel) , 0.0005562 secs]2024-07-23T00:26:14.701+0800: 23.358: [weak refs processing, 0.0000132 secs]2024-07-23T00:26:14.701+0800: 23.358: [class unloading, 0.0002762 secs]2024-07-23T00:26:14.702+0800: 23.358: [scrub symbol table, 0.0003717 secs]2024-07-23T00:26:14.702+0800: 23.359: [scrub string table, 0.0001183 secs][1 CMS-remark: 205856K(349568K)] 205856K(506816K), 0.0014156 secs] [Times: user=0.00 sys=0.00, real=0.00 secs] 
2024-07-23T00:26:14.702+0800: 23.359: Total time for which application threads were stopped: 0.0014942 seconds, Stopping threads took: 0.0000335 seconds
2024-07-23T00:26:14.702+0800: 23.359: [CMS-concurrent-sweep-start]
2024-07-23T00:26:14.702+0800: 23.359: [CMS-concurrent-sweep: 0.000/0.000 secs] [Times: user=0.00 sys=0.00, real=0.00 secs] 
2024-07-23T00:26:14.702+0800: 23.359: [CMS-concurrent-reset-start]
2024-07-23T00:26:14.703+0800: 23.360: [CMS-concurrent-reset: 0.000/0.000 secs] [Times: user=0.00 sys=0.00, real=0.00 secs] 
{Heap before GC invocations=512 (full 1021):
 par new generation   total 157248K, used 0K [0x00000000e0000000, 0x00000000eaaa0000, 0x00000000eaaa0000)
  eden space 139776K,   0% used [0x00000000e0000000, 0x00000000e0000000, 0x00000000e8880000)
  from space 17472K,   0% used [0x00000000e8880000, 0x00000000e8880000, 0x00000000e9990000)
  to   space 17472K,   0% used [0x00000000e9990000, 0x00000000e9990000, 0x00000000eaaa0000)
 concurrent mark-sweep generation total 349568K, used 205856K [0x00000000eaaa0000, 0x0000000100000000, 0x0000000100000000)
 Metaspace       used 3957K, capacity 4568K, committed 4864K, reserved 1056768K
  class space    used 431K, capacity 460K, committed 512K, reserved 1048576K
2024-07-23T00:26:14.714+0800: 23.371: [GC (Allocation Failure) 2024-07-23T00:26:14.714+0800: 23.371: [ParNew
Desired survivor size 8945664 bytes, new threshold 6 (max 6)
: 0K->0K(157248K), 0.0008640 secs]2024-07-23T00:26:14.715+0800: 23.372: [CMS: 205856K->1056K(349568K), 0.0030540 secs] 205856K->1056K(506816K), [Metaspace: 3957K->3957K(1056768K)], 0.0040709 secs] [Times: user=0.00 sys=0.00, real=0.00 secs] 
Heap after GC invocations=513 (full 1022):
 par new generation   total 157248K, used 0K [0x00000000e0000000, 0x00000000eaaa0000, 0x00000000eaaa0000)
  eden space 139776K,   0% used [0x00000000e0000000, 0x00000000e0000000, 0x00000000e8880000)
  from space 17472K,   0% used [0x00000000e9990000, 0x00000000e9990000, 0x00000000eaaa0000)
  to   space 17472K,   0% used [0x00000000e8880000, 0x00000000e8880000, 0x00000000e9990000)
 concurrent mark-sweep generation total 349568K, used 1056K [0x00000000eaaa0000, 0x0000000100000000, 0x0000000100000000)
 Metaspace       used 3957K, capacity 4568K, committed 4864K, reserved 1056768K
  class space    used 431K, capacity 460K, committed 512K, reserved 1048576K
}
2024-07-23T00:26:14.718+0800: 23.375: Total time for which application threads were stopped: 0.0042486 seconds, Stopping threads took: 0.0000551 seconds
2024-07-23T00:26:14.745+0800: 23.402: [GC (CMS Initial Mark) [1 CMS-initial-mark: 205856K(349568K)] 205856K(506816K), 0.0004290 secs] [Times: user=0.00 sys=0.00, real=0.00 secs] 
2024-07-23T00:26:14.746+0800: 23.403: Total time for which application threads were stopped: 0.0276245 seconds, Stopping threads took: 0.0270927 seconds
2024-07-23T00:26:14.746+0800: 23.403: [CMS-concurrent-mark-start]
2024-07-23T00:26:14.747+0800: 23.404: [CMS-concurrent-mark: 0.001/0.001 secs] [Times: user=0.01 sys=0.00, real=0.00 secs] 
2024-07-23T00:26:14.747+0800: 23.404: [CMS-concurrent-preclean-start]
2024-07-23T00:26:14.748+0800: 23.405: [CMS-concurrent-preclean: 0.001/0.001 secs] [Times: user=0.00 sys=0.00, real=0.00 secs] 
2024-07-23T00:26:14.748+0800: 23.405: [GC (CMS Final Remark) [YG occupancy: 0 K (157248 K)]2024-07-23T00:26:14.748+0800: 23.405: [Rescan (parallel) , 0.0004919 secs]2024-07-23T00:26:14.749+0800: 23.405: [weak refs processing, 0.0000144 secs]2024-07-23T00:26:14.749+0800: 23.405: [class unloading, 0.0002689 secs]2024-07-23T00:26:14.749+0800: 23.406: [scrub symbol table, 0.0004633 secs]2024-07-23T00:26:14.749+0800: 23.406: [scrub string table, 0.0001218 secs][1 CMS-remark: 205856K(349568K)] 205856K(506816K), 0.0014500 secs] [Times: user=0.00 sys=0.00, real=0.00 secs] 
2024-07-23T00:26:14.750+0800: 23.406: Total time for which application threads were stopped: 0.0015139 seconds, Stopping threads took: 0.0000212 seconds
2024-07-23T00:26:14.750+0800: 23.407: [CMS-concurrent-sweep-start]
2024-07-23T00:26:14.750+0800: 23.407: [CMS-concurrent-sweep: 0.000/0.000 secs] [Times: user=0.00 sys=0.00, real=0.00 secs] 
2024-07-23T00:26:14.750+0800: 23.407: [CMS-concurrent-reset-start]
2024-07-23T00:26:14.750+0800: 23.407: [CMS-concurrent-reset: 0.000/0.000 secs] [Times: user=0.00 sys=0.00, real=0.00 secs] 
{Heap before GC invocations=513 (full 1023):
 par new generation   total 157248K, used 0K [0x00000000e0000000, 0x00000000eaaa0000, 0x00000000eaaa0000)
  eden space 139776K,   0% used [0x00000000e0000000, 0x00000000e0000000, 0x00000000e8880000)
  from space 17472K,   0% used [0x00000000e9990000, 0x00000000e9990000, 0x00000000eaaa0000)
  to   space 17472K,   0% used [0x00000000e8880000, 0x00000000e8880000, 0x00000000e9990000)
 concurrent mark-sweep generation total 349568K, used 205856K [0x00000000eaaa0000, 0x0000000100000000, 0x0000000100000000)
 Metaspace       used 3957K, capacity 4568K, committed 4864K, reserved 1056768K
  class space    used 431K, capacity 460K, committed 512K, reserved 1048576K
2024-07-23T00:26:14.761+0800: 23.418: [GC (Allocation Failure) 2024-07-23T00:26:14.761+0800: 23.418: [ParNew
Desired survivor size 8945664 bytes, new threshold 6 (max 6)
: 0K->0K(157248K), 0.0006068 secs]2024-07-23T00:26:14.761+0800: 23.419: [CMS: 205856K->1056K(349568K), 0.0035582 secs] 205856K->1056K(506816K), [Metaspace: 3957K->3957K(1056768K)], 0.0042780 secs] [Times: user=0.00 sys=0.00, real=0.00 secs] 
Heap after GC invocations=514 (full 1024):
 par new generation   total 157248K, used 0K [0x00000000e0000000, 0x00000000eaaa0000, 0x00000000eaaa0000)
  eden space 139776K,   0% used [0x00000000e0000000, 0x00000000e0000000, 0x00000000e8880000)
  from space 17472K,   0% used [0x00000000e8880000, 0x00000000e8880000, 0x00000000e9990000)
  to   space 17472K,   0% used [0x00000000e9990000, 0x00000000e9990000, 0x00000000eaaa0000)
 concurrent mark-sweep generation total 349568K, used 1056K [0x00000000eaaa0000, 0x0000000100000000, 0x0000000100000000)
 Metaspace       used 3957K, capacity 4568K, committed 4864K, reserved 1056768K
  class space    used 431K, capacity 460K, committed 512K, reserved 1048576K
}
2024-07-23T00:26:14.765+0800: 23.423: Total time for which application threads were stopped: 0.0044364 seconds, Stopping threads took: 0.0000335 seconds
2024-07-23T00:26:14.788+0800: 23.445: [GC (CMS Initial Mark) [1 CMS-initial-mark: 205856K(349568K)] 205856K(506816K), 0.0013830 secs] [Times: user=0.00 sys=0.00, real=0.00 secs] 
2024-07-23T00:26:14.789+0800: 23.447: Total time for which application threads were stopped: 0.0240999 seconds, Stopping threads took: 0.0226368 seconds
2024-07-23T00:26:14.789+0800: 23.447: [CMS-concurrent-mark-start]
2024-07-23T00:26:14.791+0800: 23.448: [CMS-concurrent-mark: 0.001/0.001 secs] [Times: user=0.00 sys=0.00, real=0.00 secs] 
2024-07-23T00:26:14.791+0800: 23.448: [CMS-concurrent-preclean-start]
2024-07-23T00:26:14.792+0800: 23.449: [CMS-concurrent-preclean: 0.001/0.001 secs] [Times: user=0.00 sys=0.00, real=0.00 secs] 
2024-07-23T00:26:14.792+0800: 23.449: [GC (CMS Final Remark) [YG occupancy: 0 K (157248 K)]2024-07-23T00:26:14.792+0800: 23.449: [Rescan (parallel) , 0.0005495 secs]2024-07-23T00:26:14.792+0800: 23.450: [weak refs processing, 0.0000138 secs]2024-07-23T00:26:14.792+0800: 23.450: [class unloading, 0.0004113 secs]2024-07-23T00:26:14.793+0800: 23.450: [scrub symbol table, 0.0004796 secs]2024-07-23T00:26:14.794+0800: 23.451: [scrub string table, 0.0001211 secs][1 CMS-remark: 205856K(349568K)] 205856K(506816K), 0.0016920 secs] [Times: user=0.02 sys=0.00, real=0.00 secs] 
2024-07-23T00:26:14.794+0800: 23.451: Total time for which application threads were stopped: 0.0017537 seconds, Stopping threads took: 0.0000165 seconds
2024-07-23T00:26:14.794+0800: 23.451: [CMS-concurrent-sweep-start]
2024-07-23T00:26:14.794+0800: 23.451: [CMS-concurrent-sweep: 0.000/0.000 secs] [Times: user=0.00 sys=0.00, real=0.00 secs] 
2024-07-23T00:26:14.794+0800: 23.451: [CMS-concurrent-reset-start]
2024-07-23T00:26:14.795+0800: 23.452: [CMS-concurrent-reset: 0.000/0.000 secs] [Times: user=0.00 sys=0.00, real=0.00 secs] 
{Heap before GC invocations=514 (full 1025):
 par new generation   total 157248K, used 0K [0x00000000e0000000, 0x00000000eaaa0000, 0x00000000eaaa0000)
  eden space 139776K,   0% used [0x00000000e0000000, 0x00000000e0000000, 0x00000000e8880000)
  from space 17472K,   0% used [0x00000000e8880000, 0x00000000e8880000, 0x00000000e9990000)
  to   space 17472K,   0% used [0x00000000e9990000, 0x00000000e9990000, 0x00000000eaaa0000)
 concurrent mark-sweep generation total 349568K, used 205856K [0x00000000eaaa0000, 0x0000000100000000, 0x0000000100000000)
 Metaspace       used 3957K, capacity 4568K, committed 4864K, reserved 1056768K
  class space    used 431K, capacity 460K, committed 512K, reserved 1048576K
2024-07-23T00:26:14.809+0800: 23.466: [GC (Allocation Failure) 2024-07-23T00:26:14.809+0800: 23.466: [ParNew
Desired survivor size 8945664 bytes, new threshold 6 (max 6)
: 0K->0K(157248K), 0.0008622 secs]2024-07-23T00:26:14.810+0800: 23.467: [CMS: 205856K->1056K(349568K), 0.0025123 secs] 205856K->1056K(506816K), [Metaspace: 3957K->3957K(1056768K)], 0.0034993 secs] [Times: user=0.00 sys=0.00, real=0.00 secs] 
Heap after GC invocations=515 (full 1026):
 par new generation   total 157248K, used 0K [0x00000000e0000000, 0x00000000eaaa0000, 0x00000000eaaa0000)
  eden space 139776K,   0% used [0x00000000e0000000, 0x00000000e0000000, 0x00000000e8880000)
  from space 17472K,   0% used [0x00000000e9990000, 0x00000000e9990000, 0x00000000eaaa0000)
  to   space 17472K,   0% used [0x00000000e8880000, 0x00000000e8880000, 0x00000000e9990000)
 concurrent mark-sweep generation total 349568K, used 1056K [0x00000000eaaa0000, 0x0000000100000000, 0x0000000100000000)
 Metaspace       used 3957K, capacity 4568K, committed 4864K, reserved 1056768K
  class space    used 431K, capacity 460K, committed 512K, reserved 1048576K
}
2024-07-23T00:26:14.812+0800: 23.470: Total time for which application threads were stopped: 0.0038484 seconds, Stopping threads took: 0.0000333 seconds
2024-07-23T00:26:14.833+0800: 23.491: [GC (CMS Initial Mark) [1 CMS-initial-mark: 205856K(349568K)] 205856K(506816K), 0.0002391 secs] [Times: user=0.00 sys=0.00, real=0.00 secs] 
2024-07-23T00:26:14.833+0800: 23.491: Total time for which application threads were stopped: 0.0209861 seconds, Stopping threads took: 0.0206870 seconds
2024-07-23T00:26:14.833+0800: 23.491: [CMS-concurrent-mark-start]
2024-07-23T00:26:14.835+0800: 23.493: [CMS-concurrent-mark: 0.002/0.002 secs] [Times: user=0.00 sys=0.00, real=0.00 secs] 
2024-07-23T00:26:14.835+0800: 23.493: [CMS-concurrent-preclean-start]
2024-07-23T00:26:14.836+0800: 23.493: [CMS-concurrent-preclean: 0.000/0.000 secs] [Times: user=0.00 sys=0.00, real=0.00 secs] 
2024-07-23T00:26:14.836+0800: 23.493: [GC (CMS Final Remark) [YG occupancy: 0 K (157248 K)]2024-07-23T00:26:14.836+0800: 23.493: [Rescan (parallel) , 0.0005072 secs]2024-07-23T00:26:14.836+0800: 23.494: [weak refs processing, 0.0000120 secs]2024-07-23T00:26:14.836+0800: 23.494: [class unloading, 0.0002430 secs]2024-07-23T00:26:14.837+0800: 23.494: [scrub symbol table, 0.0003651 secs]2024-07-23T00:26:14.837+0800: 23.494: [scrub string table, 0.0001115 secs][1 CMS-remark: 205856K(349568K)] 205856K(506816K), 0.0012938 secs] [Times: user=0.00 sys=0.00, real=0.00 secs] 
2024-07-23T00:26:14.837+0800: 23.494: Total time for which application threads were stopped: 0.0013434 seconds, Stopping threads took: 0.0000149 seconds
2024-07-23T00:26:14.837+0800: 23.495: [CMS-concurrent-sweep-start]
2024-07-23T00:26:14.837+0800: 23.495: [CMS-concurrent-sweep: 0.000/0.000 secs] [Times: user=0.00 sys=0.00, real=0.00 secs] 
2024-07-23T00:26:14.837+0800: 23.495: [CMS-concurrent-reset-start]
2024-07-23T00:26:14.838+0800: 23.495: [CMS-concurrent-reset: 0.000/0.000 secs] [Times: user=0.00 sys=0.00, real=0.00 secs] 
{Heap before GC invocations=515 (full 1027):
 par new generation   total 157248K, used 0K [0x00000000e0000000, 0x00000000eaaa0000, 0x00000000eaaa0000)
  eden space 139776K,   0% used [0x00000000e0000000, 0x00000000e0000000, 0x00000000e8880000)
  from space 17472K,   0% used [0x00000000e9990000, 0x00000000e9990000, 0x00000000eaaa0000)
  to   space 17472K,   0% used [0x00000000e8880000, 0x00000000e8880000, 0x00000000e9990000)
 concurrent mark-sweep generation total 349568K, used 205856K [0x00000000eaaa0000, 0x0000000100000000, 0x0000000100000000)
 Metaspace       used 3957K, capacity 4568K, committed 4864K, reserved 1056768K
  class space    used 431K, capacity 460K, committed 512K, reserved 1048576K
2024-07-23T00:26:14.855+0800: 23.512: [GC (Allocation Failure) 2024-07-23T00:26:14.855+0800: 23.512: [ParNew
Desired survivor size 8945664 bytes, new threshold 6 (max 6)
: 0K->0K(157248K), 0.0005859 secs]2024-07-23T00:26:14.856+0800: 23.513: [CMS: 205856K->1056K(349568K), 0.0022906 secs] 205856K->1056K(506816K), [Metaspace: 3957K->3957K(1056768K)], 0.0029746 secs] [Times: user=0.00 sys=0.00, real=0.00 secs] 
Heap after GC invocations=516 (full 1028):
 par new generation   total 157248K, used 0K [0x00000000e0000000, 0x00000000eaaa0000, 0x00000000eaaa0000)
  eden space 139776K,   0% used [0x00000000e0000000, 0x00000000e0000000, 0x00000000e8880000)
  from space 17472K,   0% used [0x00000000e8880000, 0x00000000e8880000, 0x00000000e9990000)
  to   space 17472K,   0% used [0x00000000e9990000, 0x00000000e9990000, 0x00000000eaaa0000)
 concurrent mark-sweep generation total 349568K, used 1056K [0x00000000eaaa0000, 0x0000000100000000, 0x0000000100000000)
 Metaspace       used 3957K, capacity 4568K, committed 4864K, reserved 1056768K
  class space    used 431K, capacity 460K, committed 512K, reserved 1048576K
}
2024-07-23T00:26:14.858+0800: 23.515: Total time for which application threads were stopped: 0.0031066 seconds, Stopping threads took: 0.0000305 seconds
2024-07-23T00:26:14.876+0800: 23.533: [GC (CMS Initial Mark) [1 CMS-initial-mark: 205856K(349568K)] 205856K(506816K), 0.0003574 secs] [Times: user=0.00 sys=0.00, real=0.00 secs] 
2024-07-23T00:26:14.877+0800: 23.534: Total time for which application threads were stopped: 0.0180646 seconds, Stopping threads took: 0.0176085 seconds
2024-07-23T00:26:14.877+0800: 23.534: [CMS-concurrent-mark-start]
2024-07-23T00:26:14.879+0800: 23.535: [CMS-concurrent-mark: 0.002/0.002 secs] [Times: user=0.00 sys=0.00, real=0.00 secs] 
2024-07-23T00:26:14.879+0800: 23.535: [CMS-concurrent-preclean-start]
2024-07-23T00:26:14.879+0800: 23.536: [CMS-concurrent-preclean: 0.000/0.000 secs] [Times: user=0.00 sys=0.00, real=0.00 secs] 
2024-07-23T00:26:14.879+0800: 23.536: [GC (CMS Final Remark) [YG occupancy: 0 K (157248 K)]2024-07-23T00:26:14.879+0800: 23.536: [Rescan (parallel) , 0.0003872 secs]2024-07-23T00:26:14.880+0800: 23.536: [weak refs processing, 0.0000127 secs]2024-07-23T00:26:14.880+0800: 23.536: [class unloading, 0.0003032 secs]2024-07-23T00:26:14.880+0800: 23.537: [scrub symbol table, 0.0004256 secs]2024-07-23T00:26:14.880+0800: 23.537: [scrub string table, 0.0001327 secs][1 CMS-remark: 205856K(349568K)] 205856K(506816K), 0.0013252 secs] [Times: user=0.00 sys=0.00, real=0.00 secs] 
2024-07-23T00:26:14.881+0800: 23.537: Total time for which application threads were stopped: 0.0013713 seconds, Stopping threads took: 0.0000160 seconds
2024-07-23T00:26:14.881+0800: 23.537: [CMS-concurrent-sweep-start]
2024-07-23T00:26:14.881+0800: 23.538: [CMS-concurrent-sweep: 0.000/0.000 secs] [Times: user=0.00 sys=0.00, real=0.00 secs] 
2024-07-23T00:26:14.881+0800: 23.538: [CMS-concurrent-reset-start]
2024-07-23T00:26:14.881+0800: 23.538: [CMS-concurrent-reset: 0.000/0.000 secs] [Times: user=0.00 sys=0.00, real=0.00 secs] 
{Heap before GC invocations=516 (full 1029):
 par new generation   total 157248K, used 0K [0x00000000e0000000, 0x00000000eaaa0000, 0x00000000eaaa0000)
  eden space 139776K,   0% used [0x00000000e0000000, 0x00000000e0000000, 0x00000000e8880000)
  from space 17472K,   0% used [0x00000000e8880000, 0x00000000e8880000, 0x00000000e9990000)
  to   space 17472K,   0% used [0x00000000e9990000, 0x00000000e9990000, 0x00000000eaaa0000)
 concurrent mark-sweep generation total 349568K, used 205856K [0x00000000eaaa0000, 0x0000000100000000, 0x0000000100000000)
 Metaspace       used 3957K, capacity 4568K, committed 4864K, reserved 1056768K
  class space    used 431K, capacity 460K, committed 512K, reserved 1048576K
2024-07-23T00:26:14.900+0800: 23.557: [GC (Allocation Failure) 2024-07-23T00:26:14.900+0800: 23.557: [ParNew
Desired survivor size 8945664 bytes, new threshold 6 (max 6)
: 0K->0K(157248K), 0.0005813 secs]2024-07-23T00:26:14.901+0800: 23.558: [CMS: 205856K->1056K(349568K), 0.0026556 secs] 205856K->1056K(506816K), [Metaspace: 3957K->3957K(1056768K)], 0.0033225 secs] [Times: user=0.00 sys=0.00, real=0.00 secs] 
Heap after GC invocations=517 (full 1030):
 par new generation   total 157248K, used 0K [0x00000000e0000000, 0x00000000eaaa0000, 0x00000000eaaa0000)
  eden space 139776K,   0% used [0x00000000e0000000, 0x00000000e0000000, 0x00000000e8880000)
  from space 17472K,   0% used [0x00000000e9990000, 0x00000000e9990000, 0x00000000eaaa0000)
  to   space 17472K,   0% used [0x00000000e8880000, 0x00000000e8880000, 0x00000000e9990000)
 concurrent mark-sweep generation total 349568K, used 1056K [0x00000000eaaa0000, 0x0000000100000000, 0x0000000100000000)
 Metaspace       used 3957K, capacity 4568K, committed 4864K, reserved 1056768K
  class space    used 431K, capacity 460K, committed 512K, reserved 1048576K
}
2024-07-23T00:26:14.903+0800: 23.561: Total time for which application threads were stopped: 0.0034886 seconds, Stopping threads took: 0.0000386 seconds
2024-07-23T00:26:14.923+0800: 23.580: [GC (CMS Initial Mark) [1 CMS-initial-mark: 205856K(349568K)] 205856K(506816K), 0.0007518 secs] [Times: user=0.00 sys=0.00, real=0.00 secs] 
2024-07-23T00:26:14.924+0800: 23.581: Total time for which application threads were stopped: 0.0196396 seconds, Stopping threads took: 0.0188255 seconds
2024-07-23T00:26:14.924+0800: 23.581: [CMS-concurrent-mark-start]
2024-07-23T00:26:14.925+0800: 23.582: [CMS-concurrent-mark: 0.001/0.001 secs] [Times: user=0.00 sys=0.00, real=0.00 secs] 
2024-07-23T00:26:14.925+0800: 23.582: [CMS-concurrent-preclean-start]
2024-07-23T00:26:14.925+0800: 23.582: [CMS-concurrent-preclean: 0.000/0.000 secs] [Times: user=0.00 sys=0.00, real=0.00 secs] 
2024-07-23T00:26:14.925+0800: 23.582: [GC (CMS Final Remark) [YG occupancy: 0 K (157248 K)]2024-07-23T00:26:14.925+0800: 23.582: [Rescan (parallel) , 0.0002882 secs]2024-07-23T00:26:14.926+0800: 23.582: [weak refs processing, 0.0000115 secs]2024-07-23T00:26:14.926+0800: 23.582: [class unloading, 0.0002540 secs]2024-07-23T00:26:14.926+0800: 23.583: [scrub symbol table, 0.0003737 secs]2024-07-23T00:26:14.926+0800: 23.583: [scrub string table, 0.0001116 secs][1 CMS-remark: 205856K(349568K)] 205856K(506816K), 0.0010963 secs] [Times: user=0.00 sys=0.00, real=0.00 secs] 
2024-07-23T00:26:14.926+0800: 23.583: Total time for which application threads were stopped: 0.0011521 seconds, Stopping threads took: 0.0000145 seconds
2024-07-23T00:26:14.926+0800: 23.583: [CMS-concurrent-sweep-start]
2024-07-23T00:26:14.927+0800: 23.584: [CMS-concurrent-sweep: 0.000/0.000 secs] [Times: user=0.00 sys=0.00, real=0.00 secs] 
2024-07-23T00:26:14.927+0800: 23.584: [CMS-concurrent-reset-start]
2024-07-23T00:26:14.927+0800: 23.584: [CMS-concurrent-reset: 0.000/0.000 secs] [Times: user=0.00 sys=0.00, real=0.00 secs] 
{Heap before GC invocations=517 (full 1031):
 par new generation   total 157248K, used 0K [0x00000000e0000000, 0x00000000eaaa0000, 0x00000000eaaa0000)
  eden space 139776K,   0% used [0x00000000e0000000, 0x00000000e0000000, 0x00000000e8880000)
  from space 17472K,   0% used [0x00000000e9990000, 0x00000000e9990000, 0x00000000eaaa0000)
  to   space 17472K,   0% used [0x00000000e8880000, 0x00000000e8880000, 0x00000000e9990000)
 concurrent mark-sweep generation total 349568K, used 205856K [0x00000000eaaa0000, 0x0000000100000000, 0x0000000100000000)
 Metaspace       used 3957K, capacity 4568K, committed 4864K, reserved 1056768K
  class space    used 431K, capacity 460K, committed 512K, reserved 1048576K
2024-07-23T00:26:14.947+0800: 23.604: [GC (Allocation Failure) 2024-07-23T00:26:14.947+0800: 23.604: [ParNew
Desired survivor size 8945664 bytes, new threshold 6 (max 6)
: 0K->0K(157248K), 0.0029833 secs]2024-07-23T00:26:14.950+0800: 23.607: [CMS: 205856K->1056K(349568K), 0.0036367 secs] 205856K->1056K(506816K), [Metaspace: 3957K->3957K(1056768K)], 0.0068348 secs] [Times: user=0.00 sys=0.00, real=0.01 secs] 
Heap after GC invocations=518 (full 1032):
 par new generation   total 157248K, used 0K [0x00000000e0000000, 0x00000000eaaa0000, 0x00000000eaaa0000)
  eden space 139776K,   0% used [0x00000000e0000000, 0x00000000e0000000, 0x00000000e8880000)
  from space 17472K,   0% used [0x00000000e8880000, 0x00000000e8880000, 0x00000000e9990000)
  to   space 17472K,   0% used [0x00000000e9990000, 0x00000000e9990000, 0x00000000eaaa0000)
 concurrent mark-sweep generation total 349568K, used 1056K [0x00000000eaaa0000, 0x0000000100000000, 0x0000000100000000)
 Metaspace       used 3957K, capacity 4568K, committed 4864K, reserved 1056768K
  class space    used 431K, capacity 460K, committed 512K, reserved 1048576K
}
2024-07-23T00:26:14.954+0800: 23.611: Total time for which application threads were stopped: 0.0070245 seconds, Stopping threads took: 0.0000334 seconds
2024-07-23T00:26:14.971+0800: 23.628: [GC (CMS Initial Mark) [1 CMS-initial-mark: 205856K(349568K)] 205856K(506816K), 0.0004906 secs] [Times: user=0.00 sys=0.00, real=0.00 secs] 
2024-07-23T00:26:14.972+0800: 23.629: Total time for which application threads were stopped: 0.0180692 seconds, Stopping threads took: 0.0175236 seconds
2024-07-23T00:26:14.972+0800: 23.629: [CMS-concurrent-mark-start]
2024-07-23T00:26:14.973+0800: 23.630: [CMS-concurrent-mark: 0.002/0.002 secs] [Times: user=0.00 sys=0.00, real=0.00 secs] 
2024-07-23T00:26:14.973+0800: 23.631: [CMS-concurrent-preclean-start]
2024-07-23T00:26:14.974+0800: 23.631: [CMS-concurrent-preclean: 0.000/0.000 secs] [Times: user=0.00 sys=0.00, real=0.00 secs] 
2024-07-23T00:26:14.974+0800: 23.631: [GC (CMS Final Remark) [YG occupancy: 0 K (157248 K)]2024-07-23T00:26:14.974+0800: 23.631: [Rescan (parallel) , 0.0003151 secs]2024-07-23T00:26:14.974+0800: 23.631: [weak refs processing, 0.0000102 secs]2024-07-23T00:26:14.974+0800: 23.631: [class unloading, 0.0002389 secs]2024-07-23T00:26:14.974+0800: 23.632: [scrub symbol table, 0.0003716 secs]2024-07-23T00:26:14.975+0800: 23.632: [scrub string table, 0.0001129 secs][1 CMS-remark: 205856K(349568K)] 205856K(506816K), 0.0011147 secs] [Times: user=0.00 sys=0.00, real=0.00 secs] 
2024-07-23T00:26:14.975+0800: 23.632: Total time for which application threads were stopped: 0.0011769 seconds, Stopping threads took: 0.0000227 seconds
2024-07-23T00:26:14.975+0800: 23.632: [CMS-concurrent-sweep-start]
2024-07-23T00:26:14.975+0800: 23.633: [CMS-concurrent-sweep: 0.000/0.000 secs] [Times: user=0.00 sys=0.00, real=0.00 secs] 
2024-07-23T00:26:14.975+0800: 23.633: [CMS-concurrent-reset-start]
2024-07-23T00:26:14.976+0800: 23.633: [CMS-concurrent-reset: 0.000/0.000 secs] [Times: user=0.00 sys=0.00, real=0.00 secs] 
{Heap before GC invocations=518 (full 1033):
 par new generation   total 157248K, used 0K [0x00000000e0000000, 0x00000000eaaa0000, 0x00000000eaaa0000)
  eden space 139776K,   0% used [0x00000000e0000000, 0x00000000e0000000, 0x00000000e8880000)
  from space 17472K,   0% used [0x00000000e8880000, 0x00000000e8880000, 0x00000000e9990000)
  to   space 17472K,   0% used [0x00000000e9990000, 0x00000000e9990000, 0x00000000eaaa0000)
 concurrent mark-sweep generation total 349568K, used 205856K [0x00000000eaaa0000, 0x0000000100000000, 0x0000000100000000)
 Metaspace       used 3957K, capacity 4568K, committed 4864K, reserved 1056768K
  class space    used 431K, capacity 460K, committed 512K, reserved 1048576K
2024-07-23T00:26:14.994+0800: 23.651: [GC (Allocation Failure) 2024-07-23T00:26:14.994+0800: 23.651: [ParNew
Desired survivor size 8945664 bytes, new threshold 6 (max 6)
: 0K->0K(157248K), 0.0008594 secs]2024-07-23T00:26:14.995+0800: 23.652: [CMS: 205856K->1056K(349568K), 0.0029310 secs] 205856K->1056K(506816K), [Metaspace: 3957K->3957K(1056768K)], 0.0039283 secs] [Times: user=0.02 sys=0.00, real=0.00 secs] 
Heap after GC invocations=519 (full 1034):
 par new generation   total 157248K, used 0K [0x00000000e0000000, 0x00000000eaaa0000, 0x00000000eaaa0000)
  eden space 139776K,   0% used [0x00000000e0000000, 0x00000000e0000000, 0x00000000e8880000)
  from space 17472K,   0% used [0x00000000e9990000, 0x00000000e9990000, 0x00000000eaaa0000)
  to   space 17472K,   0% used [0x00000000e8880000, 0x00000000e8880000, 0x00000000e9990000)
 concurrent mark-sweep generation total 349568K, used 1056K [0x00000000eaaa0000, 0x0000000100000000, 0x0000000100000000)
 Metaspace       used 3957K, capacity 4568K, committed 4864K, reserved 1056768K
  class space    used 431K, capacity 460K, committed 512K, reserved 1048576K
}
2024-07-23T00:26:14.998+0800: 23.655: Total time for which application threads were stopped: 0.0040644 seconds, Stopping threads took: 0.0000319 seconds
2024-07-23T00:26:15.017+0800: 23.675: [GC (CMS Initial Mark) [1 CMS-initial-mark: 205856K(349568K)] 205856K(506816K), 0.0002706 secs] [Times: user=0.00 sys=0.00, real=0.00 secs] 
2024-07-23T00:26:15.018+0800: 23.675: Total time for which application threads were stopped: 0.0195207 seconds, Stopping threads took: 0.0191781 seconds
2024-07-23T00:26:15.018+0800: 23.675: [CMS-concurrent-mark-start]
2024-07-23T00:26:15.019+0800: 23.676: [CMS-concurrent-mark: 0.001/0.001 secs] [Times: user=0.00 sys=0.00, real=0.00 secs] 
2024-07-23T00:26:15.019+0800: 23.676: [CMS-concurrent-preclean-start]
2024-07-23T00:26:15.019+0800: 23.677: [CMS-concurrent-preclean: 0.000/0.000 secs] [Times: user=0.00 sys=0.00, real=0.00 secs] 
2024-07-23T00:26:15.019+0800: 23.677: [GC (CMS Final Remark) [YG occupancy: 0 K (157248 K)]2024-07-23T00:26:15.019+0800: 23.677: [Rescan (parallel) , 0.0002704 secs]2024-07-23T00:26:15.020+0800: 23.677: [weak refs processing, 0.0000096 secs]2024-07-23T00:26:15.020+0800: 23.677: [class unloading, 0.0002513 secs]2024-07-23T00:26:15.020+0800: 23.677: [scrub symbol table, 0.0003743 secs]2024-07-23T00:26:15.020+0800: 23.678: [scrub string table, 0.0001116 secs][1 CMS-remark: 205856K(349568K)] 205856K(506816K), 0.0010706 secs] [Times: user=0.00 sys=0.00, real=0.00 secs] 
2024-07-23T00:26:15.020+0800: 23.678: Total time for which application threads were stopped: 0.0011176 seconds, Stopping threads took: 0.0000168 seconds
2024-07-23T00:26:15.020+0800: 23.678: [CMS-concurrent-sweep-start]
2024-07-23T00:26:15.021+0800: 23.678: [CMS-concurrent-sweep: 0.000/0.000 secs] [Times: user=0.00 sys=0.00, real=0.00 secs] 
2024-07-23T00:26:15.021+0800: 23.678: [CMS-concurrent-reset-start]
2024-07-23T00:26:15.021+0800: 23.678: [CMS-concurrent-reset: 0.000/0.000 secs] [Times: user=0.00 sys=0.00, real=0.00 secs] 
{Heap before GC invocations=519 (full 1035):
 par new generation   total 157248K, used 0K [0x00000000e0000000, 0x00000000eaaa0000, 0x00000000eaaa0000)
  eden space 139776K,   0% used [0x00000000e0000000, 0x00000000e0000000, 0x00000000e8880000)
  from space 17472K,   0% used [0x00000000e9990000, 0x00000000e9990000, 0x00000000eaaa0000)
  to   space 17472K,   0% used [0x00000000e8880000, 0x00000000e8880000, 0x00000000e9990000)
 concurrent mark-sweep generation total 349568K, used 205856K [0x00000000eaaa0000, 0x0000000100000000, 0x0000000100000000)
 Metaspace       used 3957K, capacity 4568K, committed 4864K, reserved 1056768K
  class space    used 431K, capacity 460K, committed 512K, reserved 1048576K
2024-07-23T00:26:15.041+0800: 23.697: [GC (Allocation Failure) 2024-07-23T00:26:15.041+0800: 23.698: [ParNew
Desired survivor size 8945664 bytes, new threshold 6 (max 6)
: 0K->0K(157248K), 0.0019064 secs]2024-07-23T00:26:15.043+0800: 23.699: [CMS: 205856K->1056K(349568K), 0.0039833 secs] 205856K->1056K(506816K), [Metaspace: 3957K->3957K(1056768K)], 0.0060716 secs] [Times: user=0.00 sys=0.00, real=0.01 secs] 
Heap after GC invocations=520 (full 1036):
 par new generation   total 157248K, used 0K [0x00000000e0000000, 0x00000000eaaa0000, 0x00000000eaaa0000)
  eden space 139776K,   0% used [0x00000000e0000000, 0x00000000e0000000, 0x00000000e8880000)
  from space 17472K,   0% used [0x00000000e8880000, 0x00000000e8880000, 0x00000000e9990000)
  to   space 17472K,   0% used [0x00000000e9990000, 0x00000000e9990000, 0x00000000eaaa0000)
 concurrent mark-sweep generation total 349568K, used 1056K [0x00000000eaaa0000, 0x0000000100000000, 0x0000000100000000)
 Metaspace       used 3957K, capacity 4568K, committed 4864K, reserved 1056768K
  class space    used 431K, capacity 460K, committed 512K, reserved 1048576K
}
2024-07-23T00:26:15.046+0800: 23.704: Total time for which application threads were stopped: 0.0062278 seconds, Stopping threads took: 0.0000357 seconds
2024-07-23T00:26:15.064+0800: 23.721: [GC (CMS Initial Mark) [1 CMS-initial-mark: 205856K(349568K)] 205856K(506816K), 0.0004316 secs] [Times: user=0.00 sys=0.00, real=0.00 secs] 
2024-07-23T00:26:15.065+0800: 23.722: Total time for which application threads were stopped: 0.0181895 seconds, Stopping threads took: 0.0176987 seconds
2024-07-23T00:26:15.065+0800: 23.722: [CMS-concurrent-mark-start]
2024-07-23T00:26:15.066+0800: 23.723: [CMS-concurrent-mark: 0.001/0.001 secs] [Times: user=0.00 sys=0.00, real=0.00 secs] 
2024-07-23T00:26:15.066+0800: 23.723: [CMS-concurrent-preclean-start]
2024-07-23T00:26:15.066+0800: 23.723: [CMS-concurrent-preclean: 0.001/0.001 secs] [Times: user=0.00 sys=0.00, real=0.00 secs] 
2024-07-23T00:26:15.066+0800: 23.724: [GC (CMS Final Remark) [YG occupancy: 0 K (157248 K)]2024-07-23T00:26:15.066+0800: 23.724: [Rescan (parallel) , 0.0004023 secs]2024-07-23T00:26:15.067+0800: 23.724: [weak refs processing, 0.0000108 secs]2024-07-23T00:26:15.067+0800: 23.724: [class unloading, 0.0002483 secs]2024-07-23T00:26:15.067+0800: 23.724: [scrub symbol table, 0.0003737 secs]2024-07-23T00:26:15.067+0800: 23.725: [scrub string table, 0.0001120 secs][1 CMS-remark: 205856K(349568K)] 205856K(506816K), 0.0012132 secs] [Times: user=0.00 sys=0.00, real=0.00 secs] 
2024-07-23T00:26:15.068+0800: 23.725: Total time for which application threads were stopped: 0.0012814 seconds, Stopping threads took: 0.0000240 seconds
2024-07-23T00:26:15.068+0800: 23.725: [CMS-concurrent-sweep-start]
2024-07-23T00:26:15.068+0800: 23.725: [CMS-concurrent-sweep: 0.000/0.000 secs] [Times: user=0.00 sys=0.00, real=0.00 secs] 
2024-07-23T00:26:15.068+0800: 23.725: [CMS-concurrent-reset-start]
2024-07-23T00:26:15.068+0800: 23.725: [CMS-concurrent-reset: 0.000/0.000 secs] [Times: user=0.00 sys=0.00, real=0.00 secs] 
{Heap before GC invocations=520 (full 1037):
 par new generation   total 157248K, used 0K [0x00000000e0000000, 0x00000000eaaa0000, 0x00000000eaaa0000)
  eden space 139776K,   0% used [0x00000000e0000000, 0x00000000e0000000, 0x00000000e8880000)
  from space 17472K,   0% used [0x00000000e8880000, 0x00000000e8880000, 0x00000000e9990000)
  to   space 17472K,   0% used [0x00000000e9990000, 0x00000000e9990000, 0x00000000eaaa0000)
 concurrent mark-sweep generation total 349568K, used 205856K [0x00000000eaaa0000, 0x0000000100000000, 0x0000000100000000)
 Metaspace       used 3957K, capacity 4568K, committed 4864K, reserved 1056768K
  class space    used 431K, capacity 460K, committed 512K, reserved 1048576K
2024-07-23T00:26:15.088+0800: 23.745: [GC (Allocation Failure) 2024-07-23T00:26:15.088+0800: 23.745: [ParNew
Desired survivor size 8945664 bytes, new threshold 6 (max 6)
: 0K->0K(157248K), 0.0010698 secs]2024-07-23T00:26:15.089+0800: 23.746: [CMS: 205856K->1056K(349568K), 0.0028698 secs] 205856K->1056K(506816K), [Metaspace: 3957K->3957K(1056768K)], 0.0040876 secs] [Times: user=0.00 sys=0.00, real=0.00 secs] 
Heap after GC invocations=521 (full 1038):
 par new generation   total 157248K, used 0K [0x00000000e0000000, 0x00000000eaaa0000, 0x00000000eaaa0000)
  eden space 139776K,   0% used [0x00000000e0000000, 0x00000000e0000000, 0x00000000e8880000)
  from space 17472K,   0% used [0x00000000e9990000, 0x00000000e9990000, 0x00000000eaaa0000)
  to   space 17472K,   0% used [0x00000000e8880000, 0x00000000e8880000, 0x00000000e9990000)
 concurrent mark-sweep generation total 349568K, used 1056K [0x00000000eaaa0000, 0x0000000100000000, 0x0000000100000000)
 Metaspace       used 3957K, capacity 4568K, committed 4864K, reserved 1056768K
  class space    used 431K, capacity 460K, committed 512K, reserved 1048576K
}
2024-07-23T00:26:15.092+0800: 23.749: Total time for which application threads were stopped: 0.0042625 seconds, Stopping threads took: 0.0000305 seconds
2024-07-23T00:26:15.111+0800: 23.769: [GC (CMS Initial Mark) [1 CMS-initial-mark: 205856K(349568K)] 205856K(506816K), 0.0002605 secs] [Times: user=0.00 sys=0.00, real=0.00 secs] 
2024-07-23T00:26:15.112+0800: 23.769: Total time for which application threads were stopped: 0.0196814 seconds, Stopping threads took: 0.0193278 seconds
2024-07-23T00:26:15.112+0800: 23.769: [CMS-concurrent-mark-start]
2024-07-23T00:26:15.113+0800: 23.771: [CMS-concurrent-mark: 0.002/0.002 secs] [Times: user=0.00 sys=0.00, real=0.00 secs] 
2024-07-23T00:26:15.114+0800: 23.771: [CMS-concurrent-preclean-start]
2024-07-23T00:26:15.114+0800: 23.771: [CMS-concurrent-preclean: 0.001/0.001 secs] [Times: user=0.00 sys=0.00, real=0.00 secs] 
2024-07-23T00:26:15.114+0800: 23.771: [GC (CMS Final Remark) [YG occupancy: 0 K (157248 K)]2024-07-23T00:26:15.114+0800: 23.771: [Rescan (parallel) , 0.0002820 secs]2024-07-23T00:26:15.114+0800: 23.772: [weak refs processing, 0.0000071 secs]2024-07-23T00:26:15.114+0800: 23.772: [class unloading, 0.0001917 secs]2024-07-23T00:26:15.115+0800: 23.772: [scrub symbol table, 0.0003143 secs]2024-07-23T00:26:15.115+0800: 23.772: [scrub string table, 0.0000817 secs][1 CMS-remark: 205856K(349568K)] 205856K(506816K), 0.0009103 secs] [Times: user=0.00 sys=0.00, real=0.00 secs] 
2024-07-23T00:26:15.115+0800: 23.772: Total time for which application threads were stopped: 0.0009467 seconds, Stopping threads took: 0.0000133 seconds
2024-07-23T00:26:15.115+0800: 23.772: [CMS-concurrent-sweep-start]
2024-07-23T00:26:15.115+0800: 23.773: [CMS-concurrent-sweep: 0.000/0.000 secs] [Times: user=0.00 sys=0.00, real=0.00 secs] 
2024-07-23T00:26:15.115+0800: 23.773: [CMS-concurrent-reset-start]
2024-07-23T00:26:15.116+0800: 23.773: [CMS-concurrent-reset: 0.000/0.000 secs] [Times: user=0.00 sys=0.00, real=0.00 secs] 
{Heap before GC invocations=521 (full 1039):
 par new generation   total 157248K, used 0K [0x00000000e0000000, 0x00000000eaaa0000, 0x00000000eaaa0000)
  eden space 139776K,   0% used [0x00000000e0000000, 0x00000000e0000000, 0x00000000e8880000)
  from space 17472K,   0% used [0x00000000e9990000, 0x00000000e9990000, 0x00000000eaaa0000)
  to   space 17472K,   0% used [0x00000000e8880000, 0x00000000e8880000, 0x00000000e9990000)
 concurrent mark-sweep generation total 349568K, used 205856K [0x00000000eaaa0000, 0x0000000100000000, 0x0000000100000000)
 Metaspace       used 3957K, capacity 4568K, committed 4864K, reserved 1056768K
  class space    used 431K, capacity 460K, committed 512K, reserved 1048576K
2024-07-23T00:26:15.135+0800: 23.792: [GC (Allocation Failure) 2024-07-23T00:26:15.135+0800: 23.792: [ParNew
Desired survivor size 8945664 bytes, new threshold 6 (max 6)
: 0K->0K(157248K), 0.0014976 secs]2024-07-23T00:26:15.136+0800: 23.794: [CMS: 205856K->1056K(349568K), 0.0041807 secs] 205856K->1056K(506816K), [Metaspace: 3957K->3957K(1056768K)], 0.0058533 secs] [Times: user=0.00 sys=0.00, real=0.01 secs] 
Heap after GC invocations=522 (full 1040):
 par new generation   total 157248K, used 0K [0x00000000e0000000, 0x00000000eaaa0000, 0x00000000eaaa0000)
  eden space 139776K,   0% used [0x00000000e0000000, 0x00000000e0000000, 0x00000000e8880000)
  from space 17472K,   0% used [0x00000000e8880000, 0x00000000e8880000, 0x00000000e9990000)
  to   space 17472K,   0% used [0x00000000e9990000, 0x00000000e9990000, 0x00000000eaaa0000)
 concurrent mark-sweep generation total 349568K, used 1056K [0x00000000eaaa0000, 0x0000000100000000, 0x0000000100000000)
 Metaspace       used 3957K, capacity 4568K, committed 4864K, reserved 1056768K
  class space    used 431K, capacity 460K, committed 512K, reserved 1048576K
}
2024-07-23T00:26:15.141+0800: 23.798: Total time for which application threads were stopped: 0.0060826 seconds, Stopping threads took: 0.0000327 seconds
2024-07-23T00:26:15.164+0800: 23.821: [GC (CMS Initial Mark) [1 CMS-initial-mark: 205856K(349568K)] 205856K(506816K), 0.0003293 secs] [Times: user=0.00 sys=0.00, real=0.00 secs] 
2024-07-23T00:26:15.165+0800: 23.822: Total time for which application threads were stopped: 0.0231199 seconds, Stopping threads took: 0.0225835 seconds
2024-07-23T00:26:15.165+0800: 23.822: [CMS-concurrent-mark-start]
2024-07-23T00:26:15.167+0800: 23.824: [CMS-concurrent-mark: 0.002/0.002 secs] [Times: user=0.00 sys=0.00, real=0.00 secs] 
2024-07-23T00:26:15.167+0800: 23.824: [CMS-concurrent-preclean-start]
2024-07-23T00:26:15.168+0800: 23.825: [CMS-concurrent-preclean: 0.001/0.001 secs] [Times: user=0.00 sys=0.00, real=0.00 secs] 
2024-07-23T00:26:15.168+0800: 23.825: [GC (CMS Final Remark) [YG occupancy: 0 K (157248 K)]2024-07-23T00:26:15.168+0800: 23.825: [Rescan (parallel) , 0.0002386 secs]2024-07-23T00:26:15.168+0800: 23.825: [weak refs processing, 0.0000110 secs]2024-07-23T00:26:15.168+0800: 23.825: [class unloading, 0.0002485 secs]2024-07-23T00:26:15.168+0800: 23.825: [scrub symbol table, 0.0006746 secs]2024-07-23T00:26:15.169+0800: 23.826: [scrub string table, 0.0001491 secs][1 CMS-remark: 205856K(349568K)] 205856K(506816K), 0.0014262 secs] [Times: user=0.00 sys=0.00, real=0.00 secs] 
2024-07-23T00:26:15.169+0800: 23.826: Total time for which application threads were stopped: 0.0014819 seconds, Stopping threads took: 0.0000187 seconds
2024-07-23T00:26:15.169+0800: 23.826: [CMS-concurrent-sweep-start]
2024-07-23T00:26:15.169+0800: 23.826: [CMS-concurrent-sweep: 0.000/0.000 secs] [Times: user=0.00 sys=0.00, real=0.00 secs] 
2024-07-23T00:26:15.169+0800: 23.826: [CMS-concurrent-reset-start]
2024-07-23T00:26:15.170+0800: 23.827: [CMS-concurrent-reset: 0.000/0.000 secs] [Times: user=0.00 sys=0.00, real=0.00 secs] 
{Heap before GC invocations=522 (full 1041):
 par new generation   total 157248K, used 0K [0x00000000e0000000, 0x00000000eaaa0000, 0x00000000eaaa0000)
  eden space 139776K,   0% used [0x00000000e0000000, 0x00000000e0000000, 0x00000000e8880000)
  from space 17472K,   0% used [0x00000000e8880000, 0x00000000e8880000, 0x00000000e9990000)
  to   space 17472K,   0% used [0x00000000e9990000, 0x00000000e9990000, 0x00000000eaaa0000)
 concurrent mark-sweep generation total 349568K, used 205856K [0x00000000eaaa0000, 0x0000000100000000, 0x0000000100000000)
 Metaspace       used 3957K, capacity 4568K, committed 4864K, reserved 1056768K
  class space    used 431K, capacity 460K, committed 512K, reserved 1048576K
2024-07-23T00:26:15.181+0800: 23.838: [GC (Allocation Failure) 2024-07-23T00:26:15.181+0800: 23.838: [ParNew
Desired survivor size 8945664 bytes, new threshold 6 (max 6)
: 0K->0K(157248K), 0.0014013 secs]2024-07-23T00:26:15.183+0800: 23.840: [CMS: 205856K->1056K(349568K), 0.0044205 secs] 205856K->1056K(506816K), [Metaspace: 3957K->3957K(1056768K)], 0.0060027 secs] [Times: user=0.00 sys=0.00, real=0.01 secs] 
Heap after GC invocations=523 (full 1042):
 par new generation   total 157248K, used 0K [0x00000000e0000000, 0x00000000eaaa0000, 0x00000000eaaa0000)
  eden space 139776K,   0% used [0x00000000e0000000, 0x00000000e0000000, 0x00000000e8880000)
  from space 17472K,   0% used [0x00000000e9990000, 0x00000000e9990000, 0x00000000eaaa0000)
  to   space 17472K,   0% used [0x00000000e8880000, 0x00000000e8880000, 0x00000000e9990000)
 concurrent mark-sweep generation total 349568K, used 1056K [0x00000000eaaa0000, 0x0000000100000000, 0x0000000100000000)
 Metaspace       used 3957K, capacity 4568K, committed 4864K, reserved 1056768K
  class space    used 431K, capacity 460K, committed 512K, reserved 1048576K
}
2024-07-23T00:26:15.187+0800: 23.844: Total time for which application threads were stopped: 0.0061680 seconds, Stopping threads took: 0.0000291 seconds
2024-07-23T00:26:15.209+0800: 23.866: [GC (CMS Initial Mark) [1 CMS-initial-mark: 205856K(349568K)] 205856K(506816K), 0.0007749 secs] [Times: user=0.00 sys=0.00, real=0.00 secs] 
2024-07-23T00:26:15.210+0800: 23.867: Total time for which application threads were stopped: 0.0220346 seconds, Stopping threads took: 0.0211682 seconds
2024-07-23T00:26:15.210+0800: 23.867: [CMS-concurrent-mark-start]
2024-07-23T00:26:15.211+0800: 23.868: [CMS-concurrent-mark: 0.002/0.002 secs] [Times: user=0.00 sys=0.00, real=0.00 secs] 
2024-07-23T00:26:15.211+0800: 23.868: [CMS-concurrent-preclean-start]
2024-07-23T00:26:15.212+0800: 23.869: [CMS-concurrent-preclean: 0.001/0.001 secs] [Times: user=0.00 sys=0.00, real=0.00 secs] 
2024-07-23T00:26:15.212+0800: 23.869: [GC (CMS Final Remark) [YG occupancy: 0 K (157248 K)]2024-07-23T00:26:15.212+0800: 23.869: [Rescan (parallel) , 0.0002534 secs]2024-07-23T00:26:15.212+0800: 23.869: [weak refs processing, 0.0000113 secs]2024-07-23T00:26:15.212+0800: 23.869: [class unloading, 0.0005312 secs]2024-07-23T00:26:15.213+0800: 23.870: [scrub symbol table, 0.0006029 secs]2024-07-23T00:26:15.214+0800: 23.870: [scrub string table, 0.0001725 secs][1 CMS-remark: 205856K(349568K)] 205856K(506816K), 0.0016514 secs] [Times: user=0.00 sys=0.00, real=0.00 secs] 
2024-07-23T00:26:15.214+0800: 23.870: Total time for which application threads were stopped: 0.0017080 seconds, Stopping threads took: 0.0000174 seconds
2024-07-23T00:26:15.214+0800: 23.870: [CMS-concurrent-sweep-start]
2024-07-23T00:26:15.214+0800: 23.871: [CMS-concurrent-sweep: 0.000/0.000 secs] [Times: user=0.00 sys=0.00, real=0.00 secs] 
2024-07-23T00:26:15.214+0800: 23.871: [CMS-concurrent-reset-start]
2024-07-23T00:26:15.215+0800: 23.871: [CMS-concurrent-reset: 0.000/0.000 secs] [Times: user=0.00 sys=0.00, real=0.00 secs] 
{Heap before GC invocations=523 (full 1043):
 par new generation   total 157248K, used 0K [0x00000000e0000000, 0x00000000eaaa0000, 0x00000000eaaa0000)
  eden space 139776K,   0% used [0x00000000e0000000, 0x00000000e0000000, 0x00000000e8880000)
  from space 17472K,   0% used [0x00000000e9990000, 0x00000000e9990000, 0x00000000eaaa0000)
  to   space 17472K,   0% used [0x00000000e8880000, 0x00000000e8880000, 0x00000000e9990000)
 concurrent mark-sweep generation total 349568K, used 205856K [0x00000000eaaa0000, 0x0000000100000000, 0x0000000100000000)
 Metaspace       used 3957K, capacity 4568K, committed 4864K, reserved 1056768K
  class space    used 431K, capacity 460K, committed 512K, reserved 1048576K
2024-07-23T00:26:15.228+0800: 23.885: [GC (Allocation Failure) 2024-07-23T00:26:15.228+0800: 23.885: [ParNew
Desired survivor size 8945664 bytes, new threshold 6 (max 6)
: 0K->0K(157248K), 0.0021824 secs]2024-07-23T00:26:15.230+0800: 23.887: [CMS: 205856K->1056K(349568K), 0.0050632 secs] 205856K->1056K(506816K), [Metaspace: 3957K->3957K(1056768K)], 0.0074296 secs] [Times: user=0.00 sys=0.00, real=0.01 secs] 
Heap after GC invocations=524 (full 1044):
 par new generation   total 157248K, used 0K [0x00000000e0000000, 0x00000000eaaa0000, 0x00000000eaaa0000)
  eden space 139776K,   0% used [0x00000000e0000000, 0x00000000e0000000, 0x00000000e8880000)
  from space 17472K,   0% used [0x00000000e8880000, 0x00000000e8880000, 0x00000000e9990000)
  to   space 17472K,   0% used [0x00000000e9990000, 0x00000000e9990000, 0x00000000eaaa0000)
 concurrent mark-sweep generation total 349568K, used 1056K [0x00000000eaaa0000, 0x0000000100000000, 0x0000000100000000)
 Metaspace       used 3957K, capacity 4568K, committed 4864K, reserved 1056768K
  class space    used 431K, capacity 460K, committed 512K, reserved 1048576K
}
2024-07-23T00:26:15.235+0800: 23.892: Total time for which application threads were stopped: 0.0076082 seconds, Stopping threads took: 0.0000284 seconds
2024-07-23T00:26:15.260+0800: 23.917: [GC (CMS Initial Mark) [1 CMS-initial-mark: 205856K(349568K)] 205856K(506816K), 0.0005711 secs] [Times: user=0.00 sys=0.00, real=0.00 secs] 
2024-07-23T00:26:15.261+0800: 23.918: Total time for which application threads were stopped: 0.0255684 seconds, Stopping threads took: 0.0249342 seconds
2024-07-23T00:26:15.261+0800: 23.918: [CMS-concurrent-mark-start]
2024-07-23T00:26:15.262+0800: 23.920: [CMS-concurrent-mark: 0.002/0.002 secs] [Times: user=0.05 sys=0.00, real=0.00 secs] 
2024-07-23T00:26:15.262+0800: 23.920: [CMS-concurrent-preclean-start]
2024-07-23T00:26:15.263+0800: 23.920: [CMS-concurrent-preclean: 0.000/0.000 secs] [Times: user=0.00 sys=0.00, real=0.00 secs] 
2024-07-23T00:26:15.263+0800: 23.920: [GC (CMS Final Remark) [YG occupancy: 0 K (157248 K)]2024-07-23T00:26:15.263+0800: 23.920: [Rescan (parallel) , 0.0002590 secs]2024-07-23T00:26:15.263+0800: 23.921: [weak refs processing, 0.0000125 secs]2024-07-23T00:26:15.263+0800: 23.921: [class unloading, 0.0002719 secs]2024-07-23T00:26:15.264+0800: 23.921: [scrub symbol table, 0.0005164 secs]2024-07-23T00:26:15.264+0800: 23.921: [scrub string table, 0.0001445 secs][1 CMS-remark: 205856K(349568K)] 205856K(506816K), 0.0012891 secs] [Times: user=0.00 sys=0.00, real=0.00 secs] 
2024-07-23T00:26:15.264+0800: 23.922: Total time for which application threads were stopped: 0.0013507 seconds, Stopping threads took: 0.0000259 seconds
2024-07-23T00:26:15.264+0800: 23.922: [CMS-concurrent-sweep-start]
2024-07-23T00:26:15.265+0800: 23.922: [CMS-concurrent-sweep: 0.000/0.000 secs] [Times: user=0.00 sys=0.00, real=0.00 secs] 
2024-07-23T00:26:15.265+0800: 23.922: [CMS-concurrent-reset-start]
2024-07-23T00:26:15.265+0800: 23.922: [CMS-concurrent-reset: 0.000/0.000 secs] [Times: user=0.00 sys=0.00, real=0.00 secs] 
{Heap before GC invocations=524 (full 1045):
 par new generation   total 157248K, used 0K [0x00000000e0000000, 0x00000000eaaa0000, 0x00000000eaaa0000)
  eden space 139776K,   0% used [0x00000000e0000000, 0x00000000e0000000, 0x00000000e8880000)
  from space 17472K,   0% used [0x00000000e8880000, 0x00000000e8880000, 0x00000000e9990000)
  to   space 17472K,   0% used [0x00000000e9990000, 0x00000000e9990000, 0x00000000eaaa0000)
 concurrent mark-sweep generation total 349568K, used 205856K [0x00000000eaaa0000, 0x0000000100000000, 0x0000000100000000)
 Metaspace       used 3957K, capacity 4568K, committed 4864K, reserved 1056768K
  class space    used 431K, capacity 460K, committed 512K, reserved 1048576K
2024-07-23T00:26:15.274+0800: 23.931: [GC (Allocation Failure) 2024-07-23T00:26:15.274+0800: 23.931: [ParNew
Desired survivor size 8945664 bytes, new threshold 6 (max 6)
: 0K->0K(157248K), 0.0016016 secs]2024-07-23T00:26:15.276+0800: 23.933: [CMS: 205856K->1056K(349568K), 0.0037116 secs] 205856K->1056K(506816K), [Metaspace: 3957K->3957K(1056768K)], 0.0054606 secs] [Times: user=0.00 sys=0.00, real=0.01 secs] 
Heap after GC invocations=525 (full 1046):
 par new generation   total 157248K, used 0K [0x00000000e0000000, 0x00000000eaaa0000, 0x00000000eaaa0000)
  eden space 139776K,   0% used [0x00000000e0000000, 0x00000000e0000000, 0x00000000e8880000)
  from space 17472K,   0% used [0x00000000e9990000, 0x00000000e9990000, 0x00000000eaaa0000)
  to   space 17472K,   0% used [0x00000000e8880000, 0x00000000e8880000, 0x00000000e9990000)
