Java HotSpot(TM) 64-Bit Server VM (25.301-b09) for windows-amd64 JRE (1.8.0_301-b09), built on Jun  9 2021 06:46:21 by "java_re" with MS VC++ 15.9 (VS2017)
Memory: 4k page, physical 16672068k(6305752k free), swap 19686724k(5627108k free)
CommandLine flags: -XX:InitialHeapSize=266753088 -XX:MaxHeapSize=4268049408 -XX:MaxNewSize=697933824 -XX:MaxTenuringThreshold=6 -XX:OldPLABSize=16 -XX:+PrintGC -XX:+PrintGCDateStamps -XX:+PrintGCDetails -XX:+PrintGCTimeStamps -XX:+UseCompressedClassPointers -XX:+UseCompressedOops -XX:+UseConcMarkSweepGC -XX:-UseLargePagesIndividualAllocation -XX:+UseParNewGC 
2024-07-06T17:15:56.851+0800: 0.224: [GC (Allocation Failure) 2024-07-06T17:15:56.851+0800: 0.224: [ParNew: 69734K->8222K(78656K), 0.0449721 secs] 69734K->66593K(253440K), 0.0452289 secs] [Times: user=0.30 sys=0.02, real=0.04 secs] 
2024-07-06T17:15:56.905+0800: 0.278: [GC (Allocation Failure) 2024-07-06T17:15:56.905+0800: 0.278: [ParNew: 77178K->8277K(78656K), 0.0356354 secs] 135549K->135088K(253440K), 0.0357393 secs] [Times: user=0.19 sys=0.05, real=0.04 secs] 
2024-07-06T17:15:56.941+0800: 0.314: [GC (CMS Initial Mark) [1 CMS-initial-mark: 126811K(174784K)] 136112K(253440K), 0.0006083 secs] [Times: user=0.00 sys=0.00, real=0.00 secs] 
2024-07-06T17:15:56.942+0800: 0.315: [CMS-concurrent-mark-start]
2024-07-06T17:15:56.944+0800: 0.318: [CMS-concurrent-mark: 0.003/0.003 secs] [Times: user=0.00 sys=0.00, real=0.00 secs] 
2024-07-06T17:15:56.945+0800: 0.318: [CMS-concurrent-preclean-start]
2024-07-06T17:15:56.946+0800: 0.320: [CMS-concurrent-preclean: 0.002/0.002 secs] [Times: user=0.00 sys=0.00, real=0.00 secs] 
2024-07-06T17:15:56.946+0800: 0.320: [CMS-concurrent-abortable-preclean-start]
2024-07-06T17:15:56.952+0800: 0.326: [GC (Allocation Failure) 2024-07-06T17:15:56.952+0800: 0.326: [ParNew: 77235K->8213K(78656K), 0.0339910 secs] 204046K->203633K(275028K), 0.0341050 secs] [Times: user=0.19 sys=0.02, real=0.03 secs] 
2024-07-06T17:15:56.997+0800: 0.370: [GC (Allocation Failure) 2024-07-06T17:15:56.997+0800: 0.370: [ParNew: 77177K->8193K(78656K), 0.0359388 secs] 272598K->272223K(343904K), 0.0360709 secs] [Times: user=0.14 sys=0.05, real=0.04 secs] 
2024-07-06T17:15:57.040+0800: 0.413: [GC (Allocation Failure) 2024-07-06T17:15:57.040+0800: 0.413: [ParNew: 77162K->8192K(78656K), 0.0318285 secs] 341191K->340832K(412780K), 0.0319341 secs] [Times: user=0.17 sys=0.02, real=0.03 secs] 
2024-07-06T17:15:57.078+0800: 0.452: [GC (Allocation Failure) 2024-07-06T17:15:57.078+0800: 0.452: [ParNew: 77163K->8194K(78656K), 0.0334956 secs] 409803K->409443K(481656K), 0.0335672 secs] [Times: user=0.17 sys=0.05, real=0.03 secs] 
2024-07-06T17:15:57.117+0800: 0.491: [GC (Allocation Failure) 2024-07-06T17:15:57.117+0800: 0.491: [ParNew: 77167K->8192K(78656K), 0.0502971 secs] 478416K->478052K(549504K), 0.0503734 secs] [Times: user=0.19 sys=0.03, real=0.05 secs] 
2024-07-06T17:15:57.173+0800: 0.547: [GC (Allocation Failure) 2024-07-06T17:15:57.173+0800: 0.547: [ParNew: 77166K->8192K(78656K), 0.0482596 secs] 547026K->546661K(618380K), 0.0483362 secs] [Times: user=0.33 sys=0.00, real=0.05 secs] 
2024-07-06T17:15:57.227+0800: 0.600: [GC (Allocation Failure) 2024-07-06T17:15:57.227+0800: 0.601: [ParNew: 77167K->8195K(78656K), 0.0368889 secs] 615636K->615273K(687256K), 0.0369739 secs] [Times: user=0.14 sys=0.05, real=0.04 secs] 
2024-07-06T17:15:57.270+0800: 0.643: [GC (Allocation Failure) 2024-07-06T17:15:57.270+0800: 0.643: [ParNew: 77171K->8192K(78656K), 0.0353917 secs] 684249K->683882K(756132K), 0.0354682 secs] [Times: user=0.17 sys=0.03, real=0.04 secs] 
2024-07-06T17:15:57.312+0800: 0.685: [GC (Allocation Failure) 2024-07-06T17:15:57.313+0800: 0.685: [ParNew: 77168K->8192K(78656K), 0.0489790 secs] 752858K->752491K(823980K), 0.0490834 secs] [Times: user=0.27 sys=0.03, real=0.05 secs] 
2024-07-06T17:15:57.367+0800: 0.740: [GC (Allocation Failure) 2024-07-06T17:15:57.367+0800: 0.740: [ParNew: 77168K->8192K(78656K), 0.0485216 secs] 821468K->821100K(892856K), 0.0486005 secs] [Times: user=0.30 sys=0.03, real=0.05 secs] 
2024-07-06T17:15:57.421+0800: 0.794: [GC (Allocation Failure) 2024-07-06T17:15:57.422+0800: 0.795: [ParNew: 77168K->8196K(78656K), 0.0371847 secs] 890077K->889714K(961732K), 0.0375472 secs] [Times: user=0.22 sys=0.08, real=0.04 secs] 
2024-07-06T17:15:57.466+0800: 0.839: [GC (Allocation Failure) 2024-07-06T17:15:57.466+0800: 0.839: [ParNew: 77173K->8192K(78656K), 0.0318271 secs] 958691K->958323K(1029580K), 0.0319270 secs] [Times: user=0.09 sys=0.08, real=0.03 secs] 
2024-07-06T17:15:57.610+0800: 0.983: [GC (Allocation Failure) 2024-07-06T17:15:57.610+0800: 0.983: [ParNew: 77918K->8538K(78656K), 0.0480245 secs] 1028050K->1025231K(1096400K), 0.0481013 secs] [Times: user=0.22 sys=0.05, real=0.05 secs] 
2024-07-06T17:15:57.665+0800: 1.038: [GC (Allocation Failure) 2024-07-06T17:15:57.665+0800: 1.038: [ParNew: 77495K->8192K(78656K), 0.0506282 secs] 1094188K->1093829K(1165660K), 0.0507213 secs] [Times: user=0.27 sys=0.03, real=0.05 secs] 
2024-07-06T17:15:57.716+0800: 1.088: [CMS-concurrent-abortable-preclean: 0.067/0.769 secs] [Times: user=3.08 sys=0.55, real=0.77 secs] 
2024-07-06T17:15:57.716+0800: 1.089: [GC (CMS Final Remark) [YG occupancy: 11619 K (78656 K)]2024-07-06T17:15:57.716+0800: 1.089: [Rescan (parallel) , 0.0008016 secs]2024-07-06T17:15:57.717+0800: 1.089: [weak refs processing, 0.0000298 secs]2024-07-06T17:15:57.717+0800: 1.089: [class unloading, 0.0003171 secs]2024-07-06T17:15:57.717+0800: 1.090: [scrub symbol table, 0.0004576 secs]2024-07-06T17:15:57.717+0800: 1.090: [scrub string table, 0.0001314 secs][1 CMS-remark: 1085637K(1087004K)] 1097256K(1165660K), 0.0018498 secs] [Times: user=0.00 sys=0.00, real=0.00 secs] 
2024-07-06T17:15:57.718+0800: 1.090: [CMS-concurrent-sweep-start]
2024-07-06T17:15:57.718+0800: 1.091: [CMS-concurrent-sweep: 0.001/0.001 secs] [Times: user=0.00 sys=0.00, real=0.00 secs] 
2024-07-06T17:15:57.724+0800: 1.097: [CMS-concurrent-reset-start]
2024-07-06T17:15:57.726+0800: 1.099: [GC (Allocation Failure) 2024-07-06T17:15:57.726+0800: 1.099: [ParNew: 77531K->8192K(78656K), 0.0503553 secs] 1163167K->1161413K(1888052K), 0.0504781 secs] [Times: user=0.25 sys=0.05, real=0.05 secs] 
2024-07-06T17:15:57.783+0800: 1.155: [GC (Allocation Failure) 2024-07-06T17:15:57.783+0800: 1.156: [ParNew: 77150K->8192K(78656K), 0.0496210 secs] 1230372K->1230022K(1888052K), 0.0497153 secs] [Times: user=0.30 sys=0.11, real=0.05 secs] 
2024-07-06T17:15:57.840+0800: 1.213: [GC (Allocation Failure) 2024-07-06T17:15:57.840+0800: 1.213: [ParNew: 77157K->8199K(78656K), 0.0355827 secs] 1298987K->1298639K(1888052K), 0.0356723 secs] [Times: user=0.17 sys=0.05, real=0.04 secs] 
2024-07-06T17:15:57.882+0800: 1.255: [GC (Allocation Failure) 2024-07-06T17:15:57.882+0800: 1.255: [ParNew: 77168K->8192K(78656K), 0.0299475 secs] 1367608K->1367248K(1888052K), 0.0300422 secs] [Times: user=0.17 sys=0.05, real=0.03 secs] 
2024-07-06T17:15:57.919+0800: 1.292: [GC (Allocation Failure) 2024-07-06T17:15:57.919+0800: 1.292: [ParNew: 77164K->8192K(78656K), 0.0486246 secs] 1436219K->1435857K(1888052K), 0.0487223 secs] [Times: user=0.25 sys=0.08, real=0.05 secs] 
2024-07-06T17:15:57.976+0800: 1.349: [GC (Allocation Failure) 2024-07-06T17:15:57.976+0800: 1.349: [ParNew: 77165K->8192K(78656K), 0.0485800 secs] 1504830K->1504466K(1888052K), 0.0486973 secs] [Times: user=0.22 sys=0.05, real=0.05 secs] 
2024-07-06T17:15:58.027+0800: 1.400: [CMS-concurrent-reset: 0.039/0.304 secs] [Times: user=1.39 sys=0.41, real=0.30 secs] 
2024-07-06T17:15:58.031+0800: 1.404: [GC (Allocation Failure) 2024-07-06T17:15:58.031+0800: 1.404: [ParNew: 77166K->8192K(78656K), 0.0524748 secs] 1573440K->1573075K(1888052K), 0.0525701 secs] [Times: user=0.30 sys=0.01, real=0.05 secs] 
2024-07-06T17:15:58.084+0800: 1.457: [GC (CMS Initial Mark) [1 CMS-initial-mark: 1564883K(1809396K)] 1574099K(1888052K), 0.0002117 secs] [Times: user=0.00 sys=0.00, real=0.00 secs] 
2024-07-06T17:15:58.084+0800: 1.457: [CMS-concurrent-mark-start]
2024-07-06T17:15:58.091+0800: 1.464: [GC (Allocation Failure) 2024-07-06T17:15:58.091+0800: 1.464: [ParNew: 77167K->8192K(78656K), 0.0389426 secs] 1642050K->1641684K(1888052K), 0.0390295 secs] [Times: user=0.25 sys=0.06, real=0.04 secs] 
2024-07-06T17:15:58.132+0800: 1.505: [CMS-concurrent-mark: 0.009/0.048 secs] [Times: user=0.25 sys=0.06, real=0.05 secs] 
2024-07-06T17:15:58.133+0800: 1.506: [CMS-concurrent-preclean-start]
2024-07-06T17:15:58.136+0800: 1.509: [CMS-concurrent-preclean: 0.003/0.003 secs] [Times: user=0.00 sys=0.00, real=0.00 secs] 
2024-07-06T17:15:58.136+0800: 1.509: [CMS-concurrent-abortable-preclean-start]
2024-07-06T17:15:58.139+0800: 1.512: [GC (Allocation Failure) 2024-07-06T17:15:58.139+0800: 1.512: [ParNew: 77167K->8192K(78656K), 0.0481076 secs] 1710660K->1710293K(1888052K), 0.0481974 secs] [Times: user=0.25 sys=0.05, real=0.05 secs] 
2024-07-06T17:15:58.193+0800: 1.566: [GC (Allocation Failure) 2024-07-06T17:15:58.194+0800: 1.567: [ParNew: 77168K->8192K(78656K), 0.0501173 secs] 1779269K->1778902K(1888052K), 0.0502449 secs] [Times: user=0.27 sys=0.03, real=0.05 secs] 
2024-07-06T17:15:58.252+0800: 1.625: [GC (Allocation Failure) 2024-07-06T17:15:58.252+0800: 1.625: [ParNew: 77168K->8192K(78656K), 0.0489005 secs] 1847878K->1847511K(1919920K), 0.0489969 secs] [Times: user=0.41 sys=0.02, real=0.05 secs] 
2024-07-06T17:15:58.310+0800: 1.684: [GC (Allocation Failure) 2024-07-06T17:15:58.310+0800: 1.684: [ParNew: 77168K->8202K(78656K), 0.0371421 secs] 1916487K->1916131K(1987768K), 0.0372554 secs] [Times: user=0.16 sys=0.03, real=0.04 secs] 
2024-07-06T17:15:58.355+0800: 1.729: [GC (Allocation Failure) 2024-07-06T17:15:58.355+0800: 1.729: [ParNew: 77179K->8192K(78656K), 0.0303288 secs] 1985107K->1984740K(2056644K), 0.0304336 secs] [Times: user=0.16 sys=0.05, real=0.03 secs] 
2024-07-06T17:15:58.509+0800: 1.882: [GC (Allocation Failure) 2024-07-06T17:15:58.509+0800: 1.882: [ParNew: 77168K->8194K(78656K), 0.0495277 secs] 2053716K->2053351K(2125520K), 0.0496124 secs] [Times: user=0.26 sys=0.05, real=0.05 secs] 
2024-07-06T17:15:58.559+0800: 1.932: [CMS-concurrent-abortable-preclean: 0.021/0.423 secs] [Times: user=1.51 sys=0.23, real=0.42 secs] 
2024-07-06T17:15:58.559+0800: 1.932: [GC (CMS Final Remark) [YG occupancy: 11633 K (78656 K)]2024-07-06T17:15:58.559+0800: 1.932: [Rescan (parallel) , 0.0009123 secs]2024-07-06T17:15:58.560+0800: 1.933: [weak refs processing, 0.0000132 secs]2024-07-06T17:15:58.560+0800: 1.933: [class unloading, 0.0002748 secs]2024-07-06T17:15:58.560+0800: 1.933: [scrub symbol table, 0.0003630 secs]2024-07-06T17:15:58.560+0800: 1.934: [scrub string table, 0.0001448 secs][1 CMS-remark: 2045157K(2046864K)] 2056791K(2125520K), 0.0017845 secs] [Times: user=0.00 sys=0.00, real=0.00 secs] 
2024-07-06T17:15:58.561+0800: 1.934: [CMS-concurrent-sweep-start]
2024-07-06T17:15:58.562+0800: 1.936: [CMS-concurrent-sweep: 0.002/0.002 secs] [Times: user=0.00 sys=0.00, real=0.00 secs] 
2024-07-06T17:15:58.569+0800: 1.942: [CMS-concurrent-reset-start]
2024-07-06T17:15:58.569+0800: 1.942: [GC (Allocation Failure) 2024-07-06T17:15:58.569+0800: 1.942: [ParNew: 77170K->8192K(78656K), 0.0531231 secs] 2122312K->2121942K(3487228K), 0.0532359 secs] [Times: user=0.28 sys=0.03, real=0.05 secs] 
2024-07-06T17:15:58.631+0800: 2.005: [CMS-concurrent-reset: 0.009/0.062 secs] [Times: user=0.31 sys=0.03, real=0.06 secs] 
2024-07-06T17:15:58.633+0800: 2.007: [GC (Allocation Failure) 2024-07-06T17:15:58.633+0800: 2.007: [ParNew: 77168K->8192K(78656K), 0.0561739 secs] 2190919K->2190551K(3487228K), 0.0562709 secs] [Times: user=0.25 sys=0.03, real=0.06 secs] 
2024-07-06T17:15:58.697+0800: 2.071: [GC (Allocation Failure) 2024-07-06T17:15:58.697+0800: 2.071: [ParNew: 77168K->8192K(78656K), 0.0598681 secs] 2259528K->2259160K(3487228K), 0.0599550 secs] [Times: user=0.33 sys=0.05, real=0.06 secs] 
2024-07-06T17:15:58.766+0800: 2.140: [GC (Allocation Failure) 2024-07-06T17:15:58.766+0800: 2.140: [ParNew: 77168K->8192K(78656K), 0.0555423 secs] 2328137K->2327769K(3487228K), 0.0556841 secs] [Times: user=0.31 sys=0.09, real=0.06 secs] 
2024-07-06T17:15:58.830+0800: 2.204: [GC (Allocation Failure) 2024-07-06T17:15:58.830+0800: 2.204: [ParNew: 77168K->8192K(78656K), 0.0824270 secs] 2396746K->2396378K(3487228K), 0.0825673 secs] [Times: user=0.50 sys=0.06, real=0.08 secs] 
2024-07-06T17:15:58.913+0800: 2.287: [GC (CMS Initial Mark) [1 CMS-initial-mark: 2388186K(3408572K)] 2397402K(3487228K), 0.0002227 secs] [Times: user=0.00 sys=0.00, real=0.00 secs] 
2024-07-06T17:15:58.913+0800: 2.287: [CMS-concurrent-mark-start]
2024-07-06T17:15:58.923+0800: 2.297: [GC (Allocation Failure) 2024-07-06T17:15:58.923+0800: 2.297: [ParNew: 77168K->8192K(78656K), 0.0580586 secs] 2465355K->2464987K(3487228K), 0.0581535 secs] [Times: user=0.38 sys=0.05, real=0.06 secs] 
2024-07-06T17:15:58.985+0800: 2.359: [CMS-concurrent-mark: 0.013/0.072 secs] [Times: user=0.38 sys=0.05, real=0.07 secs] 
2024-07-06T17:15:58.985+0800: 2.359: [CMS-concurrent-preclean-start]
2024-07-06T17:15:58.990+0800: 2.364: [CMS-concurrent-preclean: 0.005/0.005 secs] [Times: user=0.03 sys=0.00, real=0.01 secs] 
2024-07-06T17:15:58.991+0800: 2.364: [GC (Allocation Failure) 2024-07-06T17:15:58.991+0800: 2.364: [ParNew: 77168K->8192K(78656K), 0.0559815 secs] 2533964K->2533596K(3487228K), 0.0560546 secs] [Times: user=0.23 sys=0.05, real=0.06 secs] 
2024-07-06T17:15:59.047+0800: 2.420: [GC (CMS Final Remark) [YG occupancy: 9216 K (78656 K)]2024-07-06T17:15:59.047+0800: 2.420: [Rescan (parallel) , 0.0013758 secs]2024-07-06T17:15:59.048+0800: 2.422: [weak refs processing, 0.0000204 secs]2024-07-06T17:15:59.049+0800: 2.422: [class unloading, 0.0005155 secs]2024-07-06T17:15:59.049+0800: 2.422: [scrub symbol table, 0.0007690 secs]2024-07-06T17:15:59.050+0800: 2.423: [scrub string table, 0.0002273 secs][1 CMS-remark: 2525404K(3408572K)] 2534620K(3487228K), 0.0030710 secs] [Times: user=0.00 sys=0.00, real=0.00 secs] 
2024-07-06T17:15:59.050+0800: 2.423: [CMS-concurrent-sweep-start]
2024-07-06T17:15:59.053+0800: 2.426: [CMS-concurrent-sweep: 0.002/0.002 secs] [Times: user=0.03 sys=0.00, real=0.00 secs] 
2024-07-06T17:15:59.053+0800: 2.426: [CMS-concurrent-reset-start]
2024-07-06T17:15:59.065+0800: 2.438: [GC (Allocation Failure) 2024-07-06T17:15:59.065+0800: 2.438: [ParNew: 77168K->8192K(78656K), 0.0204544 secs] 2090558K->2090190K(3487228K), 0.0206155 secs] [Times: user=0.17 sys=0.02, real=0.02 secs] 
2024-07-06T17:15:59.086+0800: 2.459: [CMS-concurrent-reset: 0.012/0.033 secs] [Times: user=0.17 sys=0.02, real=0.03 secs] 
2024-07-06T17:15:59.095+0800: 2.468: [GC (Allocation Failure) 2024-07-06T17:15:59.095+0800: 2.469: [ParNew: 77168K->8192K(78656K), 0.0219095 secs] 2159167K->2158799K(3487228K), 0.0221224 secs] [Times: user=0.19 sys=0.00, real=0.02 secs] 
2024-07-06T17:15:59.126+0800: 2.499: [GC (Allocation Failure) 2024-07-06T17:15:59.126+0800: 2.499: [ParNew: 77168K->8192K(78656K), 0.0198121 secs] 2227776K->2227408K(3487228K), 0.0198949 secs] [Times: user=0.16 sys=0.02, real=0.02 secs] 
2024-07-06T17:15:59.154+0800: 2.528: [GC (Allocation Failure) 2024-07-06T17:15:59.154+0800: 2.528: [ParNew: 77168K->8192K(78656K), 0.0180045 secs] 2296385K->2296017K(3487228K), 0.0181441 secs] [Times: user=0.13 sys=0.00, real=0.02 secs] 
2024-07-06T17:15:59.173+0800: 2.546: [GC (CMS Initial Mark) [1 CMS-initial-mark: 2287825K(3408572K)] 2297042K(3487228K), 0.0002186 secs] [Times: user=0.00 sys=0.00, real=0.00 secs] 
2024-07-06T17:15:59.173+0800: 2.546: [CMS-concurrent-mark-start]
2024-07-06T17:15:59.183+0800: 2.556: [GC (Allocation Failure) 2024-07-06T17:15:59.183+0800: 2.556: [ParNew: 77168K->8192K(78656K), 0.0196773 secs] 2364994K->2364627K(3487228K), 0.0198117 secs] [Times: user=0.06 sys=0.00, real=0.02 secs] 
2024-07-06T17:15:59.207+0800: 2.580: [CMS-concurrent-mark: 0.014/0.034 secs] [Times: user=0.16 sys=0.00, real=0.03 secs] 
2024-07-06T17:15:59.207+0800: 2.580: [CMS-concurrent-preclean-start]
2024-07-06T17:15:59.212+0800: 2.585: [CMS-concurrent-preclean: 0.005/0.005 secs] [Times: user=0.00 sys=0.00, real=0.00 secs] 
2024-07-06T17:15:59.212+0800: 2.585: [GC (Allocation Failure) 2024-07-06T17:15:59.212+0800: 2.585: [ParNew: 77168K->8192K(78656K), 0.0204898 secs] 2433603K->2433236K(3487228K), 0.0205835 secs] [Times: user=0.06 sys=0.00, real=0.02 secs] 
2024-07-06T17:15:59.233+0800: 2.606: [GC (CMS Final Remark) [YG occupancy: 9216 K (78656 K)]2024-07-06T17:15:59.233+0800: 2.606: [Rescan (parallel) , 0.0016034 secs]2024-07-06T17:15:59.234+0800: 2.608: [weak refs processing, 0.0000155 secs]2024-07-06T17:15:59.234+0800: 2.608: [class unloading, 0.0003687 secs]2024-07-06T17:15:59.235+0800: 2.608: [scrub symbol table, 0.0006877 secs]2024-07-06T17:15:59.236+0800: 2.609: [scrub string table, 0.0002301 secs][1 CMS-remark: 2425043K(3408572K)] 2434260K(3487228K), 0.0030657 secs] [Times: user=0.00 sys=0.00, real=0.00 secs] 
2024-07-06T17:15:59.236+0800: 2.609: [CMS-concurrent-sweep-start]
2024-07-06T17:15:59.238+0800: 2.612: [CMS-concurrent-sweep: 0.003/0.003 secs] [Times: user=0.00 sys=0.00, real=0.00 secs] 
2024-07-06T17:15:59.240+0800: 2.613: [CMS-concurrent-reset-start]
2024-07-06T17:15:59.250+0800: 2.624: [GC (Allocation Failure) 2024-07-06T17:15:59.251+0800: 2.624: [ParNew: 77168K->8192K(78656K), 0.0216713 secs] 2502212K->2501845K(3566848K), 0.0218727 secs] [Times: user=0.16 sys=0.00, real=0.02 secs] 
2024-07-06T17:15:59.273+0800: 2.647: [CMS-concurrent-reset: 0.011/0.034 secs] [Times: user=0.16 sys=0.00, real=0.03 secs] 
2024-07-06T17:15:59.389+0800: 2.762: [GC (Allocation Failure) 2024-07-06T17:15:59.389+0800: 2.762: [ParNew: 77168K->8192K(78656K), 0.0416380 secs] 2570821K->2570454K(3566848K), 0.0418114 secs] [Times: user=0.28 sys=0.03, real=0.04 secs] 
2024-07-06T17:15:59.440+0800: 2.814: [GC (Allocation Failure) 2024-07-06T17:15:59.440+0800: 2.814: [ParNew: 77168K->8192K(78656K), 0.0556516 secs] 2639430K->2639063K(3566848K), 0.0557694 secs] [Times: user=0.31 sys=0.06, real=0.06 secs] 
2024-07-06T17:15:59.505+0800: 2.878: [GC (Allocation Failure) 2024-07-06T17:15:59.505+0800: 2.878: [ParNew: 77168K->8192K(78656K), 0.0602381 secs] 2708039K->2707672K(3566848K), 0.0603613 secs] [Times: user=0.22 sys=0.03, real=0.06 secs] 
2024-07-06T17:15:59.574+0800: 2.947: [GC (Allocation Failure) 2024-07-06T17:15:59.574+0800: 2.947: [ParNew: 77168K->8192K(78656K), 0.0569894 secs] 2776648K->2776281K(3566848K), 0.0571214 secs] [Times: user=0.36 sys=0.06, real=0.06 secs] 
2024-07-06T17:15:59.641+0800: 3.014: [GC (Allocation Failure) 2024-07-06T17:15:59.641+0800: 3.014: [ParNew: 77168K->8192K(78656K), 0.0656872 secs] 2845257K->2844890K(3566848K), 0.0658435 secs] [Times: user=0.30 sys=0.11, real=0.07 secs] 
2024-07-06T17:15:59.717+0800: 3.090: [GC (Allocation Failure) 2024-07-06T17:15:59.717+0800: 3.090: [ParNew: 77168K->8192K(78656K), 0.0553360 secs] 2913866K->2913499K(3566848K), 0.0554807 secs] [Times: user=0.36 sys=0.05, real=0.06 secs] 
2024-07-06T17:15:59.781+0800: 3.154: [GC (Allocation Failure) 2024-07-06T17:15:59.781+0800: 3.154: [ParNew: 77168K->8192K(78656K), 0.0540177 secs] 2982476K->2982108K(3566848K), 0.0541588 secs] [Times: user=0.39 sys=0.03, real=0.05 secs] 
2024-07-06T17:15:59.845+0800: 3.218: [GC (Allocation Failure) 2024-07-06T17:15:59.845+0800: 3.218: [ParNew: 77168K->8192K(78656K), 0.0595975 secs] 3051085K->3050717K(3566848K), 0.0597671 secs] [Times: user=0.27 sys=0.06, real=0.06 secs] 
2024-07-06T17:15:59.905+0800: 3.278: [GC (CMS Initial Mark) [1 CMS-initial-mark: 3042525K(3488192K)] 3051741K(3566848K), 0.0002085 secs] [Times: user=0.00 sys=0.00, real=0.00 secs] 
2024-07-06T17:15:59.905+0800: 3.278: [CMS-concurrent-mark-start]
2024-07-06T17:15:59.915+0800: 3.288: [GC (Allocation Failure) 2024-07-06T17:15:59.915+0800: 3.289: [ParNew: 77168K->8192K(78656K), 0.0599094 secs] 3119694K->3119326K(3566848K), 0.0600662 secs] [Times: user=0.28 sys=0.05, real=0.06 secs] 
2024-07-06T17:15:59.982+0800: 3.355: [CMS-concurrent-mark: 0.016/0.076 secs] [Times: user=0.33 sys=0.05, real=0.08 secs] 
2024-07-06T17:15:59.982+0800: 3.355: [CMS-concurrent-preclean-start]
2024-07-06T17:15:59.988+0800: 3.362: [CMS-concurrent-preclean: 0.007/0.007 secs] [Times: user=0.00 sys=0.00, real=0.01 secs] 
2024-07-06T17:15:59.988+0800: 3.362: [GC (Allocation Failure) 2024-07-06T17:15:59.989+0800: 3.362: [ParNew: 77168K->8192K(78656K), 0.0569421 secs] 3188303K->3187935K(3566848K), 0.0570553 secs] [Times: user=0.19 sys=0.06, real=0.06 secs] 
2024-07-06T17:16:00.046+0800: 3.419: [GC (CMS Final Remark) [YG occupancy: 9216 K (78656 K)]2024-07-06T17:16:00.046+0800: 3.419: [Rescan (parallel) , 0.0013359 secs]2024-07-06T17:16:00.047+0800: 3.420: [weak refs processing, 0.0000179 secs]2024-07-06T17:16:00.047+0800: 3.420: [class unloading, 0.0006180 secs]2024-07-06T17:16:00.048+0800: 3.421: [scrub symbol table, 0.0012560 secs]2024-07-06T17:16:00.049+0800: 3.422: [scrub string table, 0.0002910 secs][1 CMS-remark: 3179743K(3488192K)] 3188959K(3566848K), 0.0037452 secs] [Times: user=0.00 sys=0.00, real=0.00 secs] 
2024-07-06T17:16:00.050+0800: 3.423: [CMS-concurrent-sweep-start]
2024-07-06T17:16:00.054+0800: 3.427: [CMS-concurrent-sweep: 0.004/0.004 secs] [Times: user=0.03 sys=0.00, real=0.00 secs] 
2024-07-06T17:16:00.054+0800: 3.427: [CMS-concurrent-reset-start]
2024-07-06T17:16:00.066+0800: 3.440: [GC (Allocation Failure) 2024-07-06T17:16:00.066+0800: 3.440: [ParNew: 77168K->8192K(78656K), 0.0267001 secs] 2744904K->2744536K(3566848K), 0.0268799 secs] [Times: user=0.06 sys=0.03, real=0.03 secs] 
2024-07-06T17:16:00.095+0800: 3.468: [CMS-concurrent-reset: 0.014/0.041 secs] [Times: user=0.06 sys=0.03, real=0.04 secs] 
2024-07-06T17:16:00.104+0800: 3.478: [GC (Allocation Failure) 2024-07-06T17:16:00.105+0800: 3.478: [ParNew: 77168K->8192K(78656K), 0.0564108 secs] 2813513K->2813145K(3566848K), 0.0565530 secs] [Times: user=0.25 sys=0.05, real=0.06 secs] 
2024-07-06T17:16:00.171+0800: 3.544: [GC (Allocation Failure) 2024-07-06T17:16:00.171+0800: 3.544: [ParNew: 77168K->8208K(78656K), 0.0468834 secs] 2882122K->2881771K(3566848K), 0.0470514 secs] [Times: user=0.28 sys=0.02, real=0.05 secs] 
2024-07-06T17:16:00.229+0800: 3.602: [GC (Allocation Failure) 2024-07-06T17:16:00.229+0800: 3.602: [ParNew: 77185K->8192K(78656K), 0.0392669 secs] 2950747K->2950380K(3566848K), 0.0394253 secs] [Times: user=0.17 sys=0.03, real=0.04 secs] 
2024-07-06T17:16:00.278+0800: 3.651: [GC (Allocation Failure) 2024-07-06T17:16:00.278+0800: 3.651: [ParNew: 77168K->8192K(78656K), 0.0563316 secs] 3019356K->3018989K(3566848K), 0.0564340 secs] [Times: user=0.28 sys=0.11, real=0.06 secs] 
2024-07-06T17:16:00.335+0800: 3.708: [GC (CMS Initial Mark) [1 CMS-initial-mark: 3010797K(3488192K)] 3020013K(3566848K), 0.0002098 secs] [Times: user=0.00 sys=0.00, real=0.00 secs] 
2024-07-06T17:16:00.335+0800: 3.708: [CMS-concurrent-mark-start]
2024-07-06T17:16:00.347+0800: 3.720: [CMS-concurrent-mark: 0.012/0.012 secs] [Times: user=0.00 sys=0.00, real=0.01 secs] 
2024-07-06T17:16:00.347+0800: 3.720: [CMS-concurrent-preclean-start]
2024-07-06T17:16:00.351+0800: 3.724: [CMS-concurrent-preclean: 0.004/0.004 secs] [Times: user=0.02 sys=0.00, real=0.00 secs] 
2024-07-06T17:16:00.351+0800: 3.724: [CMS-concurrent-abortable-preclean-start]
2024-07-06T17:16:00.448+0800: 3.821: [GC (Allocation Failure) 2024-07-06T17:16:00.448+0800: 3.821: [ParNew2024-07-06T17:16:00.463+0800: 3.836: [CMS-concurrent-abortable-preclean: 0.004/0.112 secs] [Times: user=0.05 sys=0.03, real=0.11 secs] 
: 77168K->8192K(78656K), 0.0273142 secs] 3087965K->3087598K(3566848K), 0.0274367 secs] [Times: user=0.16 sys=0.03, real=0.03 secs] 
2024-07-06T17:16:00.476+0800: 3.849: [GC (CMS Final Remark) [YG occupancy: 9216 K (78656 K)]2024-07-06T17:16:00.476+0800: 3.849: [Rescan (parallel) , 0.0015173 secs]2024-07-06T17:16:00.477+0800: 3.850: [weak refs processing, 0.0000280 secs]2024-07-06T17:16:00.478+0800: 3.850: [class unloading, 0.0002790 secs]2024-07-06T17:16:00.478+0800: 3.851: [scrub symbol table, 0.0003957 secs]2024-07-06T17:16:00.478+0800: 3.851: [scrub string table, 0.0001258 secs][1 CMS-remark: 3079406K(3488192K)] 3088622K(3566848K), 0.0024271 secs] [Times: user=0.00 sys=0.00, real=0.00 secs] 
2024-07-06T17:16:00.478+0800: 3.851: [CMS-concurrent-sweep-start]
2024-07-06T17:16:00.481+0800: 3.854: [CMS-concurrent-sweep: 0.003/0.003 secs] [Times: user=0.00 sys=0.00, real=0.00 secs] 
2024-07-06T17:16:00.481+0800: 3.854: [CMS-concurrent-reset-start]
2024-07-06T17:16:00.491+0800: 3.864: [GC (Allocation Failure) 2024-07-06T17:16:00.491+0800: 3.864: [ParNew: 77168K->8192K(78656K), 0.0197121 secs] 3156564K->3156196K(3566848K), 0.0198401 secs] [Times: user=0.08 sys=0.00, real=0.02 secs] 
2024-07-06T17:16:00.512+0800: 3.885: [CMS-concurrent-reset: 0.011/0.031 secs] [Times: user=0.11 sys=0.00, real=0.03 secs] 
2024-07-06T17:16:00.520+0800: 3.893: [GC (Allocation Failure) 2024-07-06T17:16:00.520+0800: 3.893: [ParNew: 77168K->8192K(78656K), 0.0245710 secs] 3225173K->3224805K(3566848K), 0.0247443 secs] [Times: user=0.06 sys=0.00, real=0.03 secs] 
2024-07-06T17:16:00.545+0800: 3.918: [GC (CMS Initial Mark) [1 CMS-initial-mark: 3216613K(3488192K)] 3225829K(3566848K), 0.0002600 secs] [Times: user=0.00 sys=0.00, real=0.00 secs] 
2024-07-06T17:16:00.545+0800: 3.918: [CMS-concurrent-mark-start]
2024-07-06T17:16:00.556+0800: 3.929: [GC (Allocation Failure) 2024-07-06T17:16:00.556+0800: 3.929: [ParNew: 77168K->8192K(78656K), 0.0251304 secs] 3293782K->3293414K(3566848K), 0.0252763 secs] [Times: user=0.08 sys=0.00, real=0.03 secs] 
2024-07-06T17:16:00.588+0800: 3.961: [CMS-concurrent-mark: 0.017/0.042 secs] [Times: user=0.17 sys=0.00, real=0.04 secs] 
2024-07-06T17:16:00.588+0800: 3.961: [CMS-concurrent-preclean-start]
2024-07-06T17:16:00.596+0800: 3.969: [CMS-concurrent-preclean: 0.008/0.008 secs] [Times: user=0.00 sys=0.00, real=0.01 secs] 
2024-07-06T17:16:00.596+0800: 3.969: [GC (Allocation Failure) 2024-07-06T17:16:00.596+0800: 3.969: [ParNew: 77168K->8192K(78656K), 0.0292940 secs] 3362391K->3362023K(3566848K), 0.0293952 secs] [Times: user=0.16 sys=0.03, real=0.03 secs] 
2024-07-06T17:16:00.626+0800: 3.999: [GC (CMS Final Remark) [YG occupancy: 9216 K (78656 K)]2024-07-06T17:16:00.626+0800: 3.999: [Rescan (parallel) , 0.0021071 secs]2024-07-06T17:16:00.628+0800: 4.001: [weak refs processing, 0.0000298 secs]2024-07-06T17:16:00.628+0800: 4.001: [class unloading, 0.0006758 secs]2024-07-06T17:16:00.629+0800: 4.002: [scrub symbol table, 0.0018040 secs]2024-07-06T17:16:00.631+0800: 4.004: [scrub string table, 0.0002902 secs][1 CMS-remark: 3353831K(3488192K)] 3363047K(3566848K), 0.0051549 secs] [Times: user=0.02 sys=0.00, real=0.01 secs] 
2024-07-06T17:16:00.631+0800: 4.004: [CMS-concurrent-sweep-start]
2024-07-06T17:16:00.634+0800: 4.007: [CMS-concurrent-sweep: 0.003/0.003 secs] [Times: user=0.00 sys=0.00, real=0.00 secs] 
2024-07-06T17:16:00.635+0800: 4.008: [CMS-concurrent-reset-start]
2024-07-06T17:16:00.649+0800: 4.022: [CMS-concurrent-reset: 0.014/0.014 secs] [Times: user=0.03 sys=0.00, real=0.01 secs] 
2024-07-06T17:16:00.649+0800: 4.022: [GC (Allocation Failure) 2024-07-06T17:16:00.649+0800: 4.022: [ParNew: 77168K->8192K(78656K), 0.0227484 secs] 2918992K->2918624K(3566848K), 0.0228525 secs] [Times: user=0.08 sys=0.02, real=0.02 secs] 
2024-07-06T17:16:00.683+0800: 4.056: [GC (Allocation Failure) 2024-07-06T17:16:00.683+0800: 4.056: [ParNew: 77168K->8192K(78656K), 0.0216787 secs] 2987601K->2987233K(3566848K), 0.0218744 secs] [Times: user=0.09 sys=0.00, real=0.02 secs] 
2024-07-06T17:16:00.715+0800: 4.088: [GC (Allocation Failure) 2024-07-06T17:16:00.715+0800: 4.088: [ParNew: 77168K->8192K(78656K), 0.0260440 secs] 3056210K->3055843K(3566848K), 0.0263520 secs] [Times: user=0.14 sys=0.01, real=0.03 secs] 
2024-07-06T17:16:00.742+0800: 4.115: [GC (CMS Initial Mark) [1 CMS-initial-mark: 3047650K(3488192K)] 3056867K(3566848K), 0.0002368 secs] [Times: user=0.00 sys=0.00, real=0.00 secs] 
2024-07-06T17:16:00.742+0800: 4.115: [CMS-concurrent-mark-start]
2024-07-06T17:16:00.752+0800: 4.125: [GC (Allocation Failure) 2024-07-06T17:16:00.752+0800: 4.125: [ParNew: 77168K->8192K(78656K), 0.0264516 secs] 3124819K->3124452K(3566848K), 0.0266369 secs] [Times: user=0.19 sys=0.00, real=0.03 secs] 
2024-07-06T17:16:00.782+0800: 4.155: [CMS-concurrent-mark: 0.013/0.040 secs] [Times: user=0.19 sys=0.00, real=0.04 secs] 
2024-07-06T17:16:00.782+0800: 4.155: [CMS-concurrent-preclean-start]
2024-07-06T17:16:00.790+0800: 4.163: [CMS-concurrent-preclean: 0.007/0.007 secs] [Times: user=0.03 sys=0.00, real=0.01 secs] 
2024-07-06T17:16:00.790+0800: 4.163: [CMS-concurrent-abortable-preclean-start]
2024-07-06T17:16:00.791+0800: 4.164: [GC (Allocation Failure) 2024-07-06T17:16:00.791+0800: 4.164: [ParNew: 77168K->8192K(78656K), 0.0269998 secs] 3193428K->3193061K(3566848K), 0.0271392 secs] [Times: user=0.16 sys=0.00, real=0.03 secs] 
2024-07-06T17:16:00.830+0800: 4.203: [GC (Allocation Failure) 2024-07-06T17:16:00.830+0800: 4.203: [ParNew: 77168K->8192K(78656K), 0.0303204 secs] 3262037K->3261670K(3566848K), 0.0304998 secs] [Times: user=0.17 sys=0.02, real=0.03 secs] 
2024-07-06T17:16:00.877+0800: 4.249: [GC (Allocation Failure) 2024-07-06T17:16:00.877+0800: 4.250: [ParNew: 77168K->8192K(78656K), 0.0238428 secs] 3330646K->3330279K(3566848K), 0.0239479 secs] [Times: user=0.17 sys=0.01, real=0.02 secs] 
2024-07-06T17:16:00.900+0800: 4.273: [CMS-concurrent-abortable-preclean: 0.022/0.111 secs] [Times: user=0.53 sys=0.03, real=0.11 secs] 
2024-07-06T17:16:00.900+0800: 4.274: [GC (CMS Final Remark) [YG occupancy: 11631 K (78656 K)]2024-07-06T17:16:00.900+0800: 4.274: [Rescan (parallel) , 0.0024568 secs]2024-07-06T17:16:00.903+0800: 4.276: [weak refs processing, 0.0000278 secs]2024-07-06T17:16:00.903+0800: 4.276: [class unloading, 0.0005924 secs]2024-07-06T17:16:00.904+0800: 4.277: [scrub symbol table, 0.0009561 secs]2024-07-06T17:16:00.905+0800: 4.278: [scrub string table, 0.0002151 secs][1 CMS-remark: 3322087K(3488192K)] 3333718K(3566848K), 0.0044931 secs] [Times: user=0.00 sys=0.00, real=0.00 secs] 
2024-07-06T17:16:00.905+0800: 4.278: [CMS-concurrent-sweep-start]
2024-07-06T17:16:00.909+0800: 4.282: [CMS-concurrent-sweep: 0.004/0.004 secs] [Times: user=0.00 sys=0.00, real=0.00 secs] 
2024-07-06T17:16:00.909+0800: 4.283: [CMS-concurrent-reset-start]
2024-07-06T17:16:00.921+0800: 4.294: [GC (Allocation Failure) 2024-07-06T17:16:00.921+0800: 4.294: [ParNew: 77168K->8192K(78656K), 0.0245500 secs] 3399255K->3398888K(3566848K), 0.0246603 secs] [Times: user=0.22 sys=0.00, real=0.03 secs] 
2024-07-06T17:16:00.947+0800: 4.319: [CMS-concurrent-reset: 0.012/0.037 secs] [Times: user=0.25 sys=0.00, real=0.04 secs] 
2024-07-06T17:16:00.957+0800: 4.330: [GC (Allocation Failure) 2024-07-06T17:16:00.957+0800: 4.330: [ParNew: 77168K->8192K(78656K), 0.0241908 secs] 3467864K->3467497K(3566848K), 0.0243068 secs] [Times: user=0.08 sys=0.00, real=0.02 secs] 
2024-07-06T17:16:00.981+0800: 4.355: [GC (CMS Initial Mark) [1 CMS-initial-mark: 3459305K(3488192K)] 3468521K(3566848K), 0.0002749 secs] [Times: user=0.00 sys=0.00, real=0.00 secs] 
2024-07-06T17:16:00.981+0800: 4.355: [CMS-concurrent-mark-start]
2024-07-06T17:16:00.995+0800: 4.368: [GC (Allocation Failure) 2024-07-06T17:16:00.995+0800: 4.368: [ParNew: 77168K->77168K(78656K), 0.0000317 secs]2024-07-06T17:16:00.995+0800: 4.368: [CMS2024-07-06T17:16:01.013+0800: 4.386: [CMS-concurrent-mark: 0.016/0.031 secs] [Times: user=0.05 sys=0.00, real=0.03 secs] 
 (concurrent mode failure): 3459305K->3487961K(3488192K), 0.8093325 secs] 3536473K->3536089K(3566848K), [Metaspace: 3874K->3874K(1056768K)], 0.8109582 secs] [Times: user=0.78 sys=0.00, real=0.81 secs] 
2024-07-06T17:16:02.209+0800: 5.582: [Full GC (Allocation Failure) 2024-07-06T17:16:02.209+0800: 5.582: [CMS: 3487961K->3487961K(3488192K), 0.3517132 secs] 4099907K->3587291K(4101632K), [Metaspace: 3875K->3875K(1056768K)], 0.3518457 secs] [Times: user=0.34 sys=0.00, real=0.35 secs] 
2024-07-06T17:16:02.561+0800: 5.934: [GC (CMS Initial Mark) [1 CMS-initial-mark: 3487961K(3488192K)] 3600208K(4101632K), 0.0008228 secs] [Times: user=0.00 sys=0.00, real=0.00 secs] 
2024-07-06T17:16:02.562+0800: 5.935: [CMS-concurrent-mark-start]
2024-07-06T17:16:02.579+0800: 5.952: [CMS-concurrent-mark: 0.017/0.017 secs] [Times: user=0.05 sys=0.00, real=0.02 secs] 
2024-07-06T17:16:02.579+0800: 5.952: [CMS-concurrent-preclean-start]
2024-07-06T17:16:02.588+0800: 5.961: [CMS-concurrent-preclean: 0.009/0.009 secs] [Times: user=0.03 sys=0.00, real=0.01 secs] 
2024-07-06T17:16:02.588+0800: 5.961: [CMS-concurrent-abortable-preclean-start]
2024-07-06T17:16:02.588+0800: 5.961: [CMS-concurrent-abortable-preclean: 0.000/0.000 secs] [Times: user=0.00 sys=0.00, real=0.00 secs] 
2024-07-06T17:16:02.588+0800: 5.961: [GC (CMS Final Remark) [YG occupancy: 365178 K (613440 K)]2024-07-06T17:16:02.588+0800: 5.961: [Rescan (parallel) , 0.0018334 secs]2024-07-06T17:16:02.590+0800: 5.963: [weak refs processing, 0.0000151 secs]2024-07-06T17:16:02.590+0800: 5.963: [class unloading, 0.0002829 secs]2024-07-06T17:16:02.590+0800: 5.963: [scrub symbol table, 0.0004045 secs]2024-07-06T17:16:02.591+0800: 5.964: [scrub string table, 0.0001130 secs][1 CMS-remark: 3487961K(3488192K)] 3853140K(4101632K), 0.0027420 secs] [Times: user=0.00 sys=0.00, real=0.00 secs] 
2024-07-06T17:16:02.591+0800: 5.964: [CMS-concurrent-sweep-start]
2024-07-06T17:16:02.593+0800: 5.966: [CMS-concurrent-sweep: 0.002/0.002 secs] [Times: user=0.00 sys=0.00, real=0.00 secs] 
2024-07-06T17:16:02.593+0800: 5.966: [CMS-concurrent-reset-start]
2024-07-06T17:16:02.600+0800: 5.973: [CMS-concurrent-reset: 0.007/0.007 secs] [Times: user=0.03 sys=0.00, real=0.01 secs] 
2024-07-06T17:16:02.723+0800: 6.096: [GC (Allocation Failure) 2024-07-06T17:16:02.723+0800: 6.097: [ParNew: 611966K->611966K(613440K), 0.0000435 secs]2024-07-06T17:16:02.723+0800: 6.097: [CMS: 3487961K->3487961K(3488192K), 0.6021636 secs] 4099927K->3587291K(4101632K), [Metaspace: 3875K->3875K(1056768K)], 0.6023545 secs] [Times: user=0.59 sys=0.00, real=0.60 secs] 
2024-07-06T17:16:03.325+0800: 6.699: [GC (CMS Initial Mark) [1 CMS-initial-mark: 3487961K(3488192K)] 3599994K(4101632K), 0.0007456 secs] [Times: user=0.00 sys=0.00, real=0.00 secs] 
2024-07-06T17:16:03.326+0800: 6.700: [CMS-concurrent-mark-start]
2024-07-06T17:16:03.345+0800: 6.719: [CMS-concurrent-mark: 0.019/0.019 secs] [Times: user=0.05 sys=0.00, real=0.02 secs] 
2024-07-06T17:16:03.345+0800: 6.719: [CMS-concurrent-preclean-start]
2024-07-06T17:16:03.354+0800: 6.728: [CMS-concurrent-preclean: 0.009/0.009 secs] [Times: user=0.03 sys=0.00, real=0.01 secs] 
2024-07-06T17:16:03.354+0800: 6.728: [CMS-concurrent-abortable-preclean-start]
2024-07-06T17:16:03.354+0800: 6.728: [CMS-concurrent-abortable-preclean: 0.000/0.000 secs] [Times: user=0.00 sys=0.00, real=0.00 secs] 
2024-07-06T17:16:03.355+0800: 6.728: [GC (CMS Final Remark) [YG occupancy: 401829 K (613440 K)]2024-07-06T17:16:03.355+0800: 6.728: [Rescan (parallel) , 0.0019668 secs]2024-07-06T17:16:03.357+0800: 6.730: [weak refs processing, 0.0000130 secs]2024-07-06T17:16:03.357+0800: 6.730: [class unloading, 0.0002753 secs]2024-07-06T17:16:03.357+0800: 6.731: [scrub symbol table, 0.0004023 secs]2024-07-06T17:16:03.357+0800: 6.731: [scrub string table, 0.0001253 secs][1 CMS-remark: 3487961K(3488192K)] 3889790K(4101632K), 0.0028657 secs] [Times: user=0.00 sys=0.00, real=0.00 secs] 
2024-07-06T17:16:03.358+0800: 6.731: [CMS-concurrent-sweep-start]
2024-07-06T17:16:03.360+0800: 6.733: [CMS-concurrent-sweep: 0.002/0.002 secs] [Times: user=0.00 sys=0.00, real=0.00 secs] 
2024-07-06T17:16:03.360+0800: 6.733: [CMS-concurrent-reset-start]
2024-07-06T17:16:03.367+0800: 6.740: [CMS-concurrent-reset: 0.007/0.007 secs] [Times: user=0.03 sys=0.00, real=0.01 secs] 
2024-07-06T17:16:03.376+0800: 6.750: [GC (Allocation Failure) 2024-07-06T17:16:03.376+0800: 6.750: [ParNew: 612776K->612776K(613440K), 0.0000176 secs]2024-07-06T17:16:03.376+0800: 6.750: [CMS: 3487961K->3487961K(3488192K), 0.0666981 secs] 4100738K->4100323K(4101632K), [Metaspace: 3875K->3875K(1056768K)], 0.0668121 secs] [Times: user=0.08 sys=0.00, real=0.07 secs] 
2024-07-06T17:16:03.444+0800: 6.817: [Full GC (Allocation Failure) 2024-07-06T17:16:03.444+0800: 6.817: [CMS: 3487961K->3487909K(3488192K), 0.4087018 secs] 4100323K->4100271K(4101632K), [Metaspace: 3875K->3875K(1056768K)], 0.4087645 secs] [Times: user=0.41 sys=0.00, real=0.41 secs] 
2024-07-06T17:16:03.853+0800: 7.226: [GC (CMS Initial Mark) [1 CMS-initial-mark: 3487909K(3488192K)] 4100838K(4101632K), 0.0008853 secs] [Times: user=0.00 sys=0.00, real=0.00 secs] 
2024-07-06T17:16:03.854+0800: 7.227: [CMS-concurrent-mark-start]
Heap
 par new generation   total 613440K, used 612933K [0x00000006c1800000, 0x00000006eb190000, 0x00000006eb190000)
  eden space 545344K, 100% used [0x00000006c1800000, 0x00000006e2c90000, 0x00000006e2c90000)
  from space 68096K,  99% used [0x00000006e2c90000, 0x00000006e6e915a0, 0x00000006e6f10000)
  to   space 68096K,   0% used [0x00000006e6f10000, 0x00000006e6f10000, 0x00000006eb190000)
 concurrent mark-sweep generation total 3488192K, used 3487909K [0x00000006eb190000, 0x00000007c0000000, 0x00000007c0000000)
 Metaspace       used 3906K, capacity 4636K, committed 4864K, reserved 1056768K
  class space    used 430K, capacity 460K, committed 512K, reserved 1048576K
