Java HotSpot(TM) 64-Bit Server VM (25.301-b09) for windows-amd64 JRE (1.8.0_301-b09), built on Jun  9 2021 06:46:21 by "java_re" with MS VC++ 15.9 (VS2017)
Memory: 4k page, physical 16672068k(6262248k free), swap 19686724k(4675608k free)
CommandLine flags: -XX:InitialHeapSize=4294967296 -XX:MaxHeapSize=4294967296 -XX:MaxNewSize=697933824 -XX:MaxTenuringThreshold=6 -XX:NewSize=697933824 -XX:OldPLABSize=16 -XX:OldSize=1395867648 -XX:+PrintGC -XX:+PrintGCDetails -XX:+PrintGCTimeStamps -XX:+UseCompressedClassPointers -XX:+UseCompressedOops -XX:+UseConcMarkSweepGC -XX:-UseLargePagesIndividualAllocation -XX:+UseParNewGC 
0.490: [GC (Allocation Failure) 0.490: [ParNew: 544728K->67602K(613440K), 0.1320639 secs] 544728K->531498K(4126208K), 0.1322588 secs] [Times: user=0.63 sys=0.41, real=0.13 secs] 
0.778: [GC (Allocation Failure) 0.778: [ParNew: 612816K->67928K(613440K), 0.1518690 secs] 1076712K->1076417K(4126208K), 0.1519413 secs] [Times: user=0.38 sys=0.51, real=0.15 secs] 
0.994: [GC (Allocation Failure) 0.994: [ParNew: 612505K->68029K(613440K), 0.1337330 secs] 1620994K->1598767K(4126208K), 0.1338262 secs] [Times: user=0.38 sys=0.49, real=0.13 secs] 
1.274: [GC (Allocation Failure) 1.274: [ParNew: 613217K->67632K(613440K), 0.1347861 secs] 2143954K->2143481K(4126208K), 0.1348605 secs] [Times: user=0.59 sys=0.41, real=0.13 secs] 
1.409: [GC (CMS Initial Mark) [1 CMS-initial-mark: 2075848K(3512768K)] 2156267K(4126208K), 0.0030394 secs] [Times: user=0.00 sys=0.00, real=0.00 secs] 
1.412: [CMS-concurrent-mark-start]
1.426: [CMS-concurrent-mark: 0.014/0.014 secs] [Times: user=0.05 sys=0.00, real=0.01 secs] 
1.426: [CMS-concurrent-preclean-start]
1.431: [CMS-concurrent-preclean: 0.005/0.005 secs] [Times: user=0.01 sys=0.00, real=0.01 secs] 
1.431: [CMS-concurrent-abortable-preclean-start]
1.463: [GC (Allocation Failure) 1.463: [ParNew1.550: [CMS-concurrent-abortable-preclean: 0.004/0.119 secs] [Times: user=0.27 sys=0.38, real=0.12 secs] 
: 612906K->67585K(613440K), 0.1310291 secs] 2688755K->2688221K(4126208K), 0.1311021 secs] [Times: user=0.42 sys=0.53, real=0.13 secs] 
1.594: [GC (CMS Final Remark) [YG occupancy: 68609 K (613440 K)]1.594: [Rescan (parallel) , 0.0014652 secs]1.596: [weak refs processing, 0.0000276 secs]1.596: [class unloading, 0.0002904 secs]1.596: [scrub symbol table, 0.0004011 secs]1.596: [scrub string table, 0.0001294 secs][1 CMS-remark: 2620636K(3512768K)] 2689245K(4126208K), 0.0023944 secs] [Times: user=0.00 sys=0.00, real=0.00 secs] 
1.597: [CMS-concurrent-sweep-start]
1.599: [CMS-concurrent-sweep: 0.002/0.002 secs] [Times: user=0.00 sys=0.00, real=0.00 secs] 
1.599: [CMS-concurrent-reset-start]
1.626: [CMS-concurrent-reset: 0.027/0.027 secs] [Times: user=0.05 sys=0.02, real=0.03 secs] 
1.756: [GC (Allocation Failure) 1.756: [ParNew: 612557K->67585K(613440K), 0.1405557 secs] 2721185K->2709724K(4126208K), 0.1406353 secs] [Times: user=0.91 sys=0.00, real=0.14 secs] 
1.896: [GC (CMS Initial Mark) [1 CMS-initial-mark: 2642139K(3512768K)] 2722525K(4126208K), 0.0004495 secs] [Times: user=0.00 sys=0.00, real=0.00 secs] 
1.897: [CMS-concurrent-mark-start]
1.906: [CMS-concurrent-mark: 0.009/0.009 secs] [Times: user=0.05 sys=0.00, real=0.01 secs] 
1.906: [CMS-concurrent-preclean-start]
1.911: [CMS-concurrent-preclean: 0.005/0.005 secs] [Times: user=0.00 sys=0.00, real=0.00 secs] 
1.911: [CMS-concurrent-abortable-preclean-start]
1.953: [GC (Allocation Failure) 1.953: [ParNew2.024: [CMS-concurrent-abortable-preclean: 0.005/0.113 secs] [Times: user=0.45 sys=0.05, real=0.11 secs] 
: 612874K->67585K(613440K), 0.3822520 secs] 3255013K->3254500K(4126208K), 0.3823393 secs] [Times: user=1.98 sys=0.30, real=0.38 secs] 
2.336: [GC (CMS Final Remark) [YG occupancy: 68609 K (613440 K)]2.336: [Rescan (parallel) , 0.0014892 secs]2.337: [weak refs processing, 0.0000106 secs]2.337: [class unloading, 0.0003929 secs]2.338: [scrub symbol table, 0.0004579 secs]2.338: [scrub string table, 0.0001253 secs][1 CMS-remark: 3186915K(3512768K)] 3255524K(4126208K), 0.0025564 secs] [Times: user=0.13 sys=0.00, real=0.00 secs] 
2.339: [CMS-concurrent-sweep-start]
2.341: [CMS-concurrent-sweep: 0.002/0.002 secs] [Times: user=0.00 sys=0.00, real=0.00 secs] 
2.341: [CMS-concurrent-reset-start]
2.353: [CMS-concurrent-reset: 0.012/0.012 secs] [Times: user=0.03 sys=0.00, real=0.01 secs] 
2.509: [GC (Allocation Failure) 2.509: [ParNew: 612924K->67601K(613440K), 0.1202332 secs] 3287828K->3299569K(4126208K), 0.1203178 secs] [Times: user=0.76 sys=0.01, real=0.12 secs] 
2.629: [GC (CMS Initial Mark) [1 CMS-initial-mark: 3231967K(3512768K)] 3300593K(4126208K), 0.0003768 secs] [Times: user=0.00 sys=0.00, real=0.00 secs] 
2.630: [CMS-concurrent-mark-start]
2.642: [CMS-concurrent-mark: 0.013/0.013 secs] [Times: user=0.03 sys=0.00, real=0.01 secs] 
2.642: [CMS-concurrent-preclean-start]
2.649: [CMS-concurrent-preclean: 0.007/0.007 secs] [Times: user=0.03 sys=0.00, real=0.01 secs] 
2.650: [CMS-concurrent-abortable-preclean-start]
2.693: [GC (Allocation Failure) 2.693: [ParNew: 611949K->611949K(613440K), 0.0000204 secs]2.693: [CMS2.693: [CMS-concurrent-abortable-preclean: 0.007/0.043 secs] [Times: user=0.03 sys=0.00, real=0.04 secs] 
 (concurrent mode failure): 3231967K->3318998K(3512768K), 0.8471757 secs] 3843917K->3318998K(4126208K), [Metaspace: 3874K->3874K(1056768K)], 0.8473385 secs] [Times: user=0.81 sys=0.05, real=0.85 secs] 
3.703: [GC (Allocation Failure) 3.703: [ParNew: 544368K->544368K(613440K), 0.0000185 secs]3.703: [CMS: 3318998K->3350743K(3512768K), 0.4379703 secs] 3863367K->3350743K(4126208K), [Metaspace: 3875K->3875K(1056768K)], 0.4381057 secs] [Times: user=0.42 sys=0.02, real=0.44 secs] 
4.141: [GC (CMS Initial Mark) [1 CMS-initial-mark: 3350743K(3512768K)] 3363661K(4126208K), 0.0007497 secs] [Times: user=0.00 sys=0.00, real=0.00 secs] 
4.142: [CMS-concurrent-mark-start]
4.161: [CMS-concurrent-mark: 0.019/0.019 secs] [Times: user=0.05 sys=0.00, real=0.02 secs] 
4.186: [CMS-concurrent-preclean-start]
4.189: [GC (Allocation Failure) 4.189: [ParNew (promotion failed): 544381K->611966K(613440K), 0.1249231 secs]4.314: [CMS4.315: [CMS-concurrent-preclean: 0.004/0.129 secs] [Times: user=0.86 sys=0.08, real=0.13 secs] 
 (concurrent mode failure): 3512539K->3512537K(3512768K), 0.0956122 secs] 3895125K->3894495K(4126208K), [Metaspace: 3875K->3875K(1056768K)], 0.2206412 secs] [Times: user=0.95 sys=0.08, real=0.22 secs] 
4.532: [Full GC (Allocation Failure) 4.533: [CMS: 3512537K->3512537K(3512768K), 0.6348283 secs] 4124513K->3611867K(4126208K), [Metaspace: 3875K->3875K(1056768K)], 0.6349141 secs] [Times: user=0.64 sys=0.00, real=0.63 secs] 
5.168: [GC (CMS Initial Mark) [1 CMS-initial-mark: 3512537K(3512768K)] 3622594K(4126208K), 0.0008961 secs] [Times: user=0.00 sys=0.00, real=0.00 secs] 
5.169: [CMS-concurrent-mark-start]
5.187: [CMS-concurrent-mark: 0.018/0.018 secs] [Times: user=0.05 sys=0.00, real=0.02 secs] 
5.187: [CMS-concurrent-preclean-start]
5.195: [CMS-concurrent-preclean: 0.008/0.008 secs] [Times: user=0.00 sys=0.00, real=0.01 secs] 
5.195: [CMS-concurrent-abortable-preclean-start]
5.195: [CMS-concurrent-abortable-preclean: 0.000/0.000 secs] [Times: user=0.00 sys=0.00, real=0.00 secs] 
5.196: [GC (CMS Final Remark) [YG occupancy: 385517 K (613440 K)]5.196: [Rescan (parallel) , 0.0019711 secs]5.198: [weak refs processing, 0.0000107 secs]5.198: [class unloading, 0.0002787 secs]5.198: [scrub symbol table, 0.0004065 secs]5.198: [scrub string table, 0.0001232 secs][1 CMS-remark: 3512537K(3512768K)] 3898054K(4126208K), 0.0029104 secs] [Times: user=0.00 sys=0.02, real=0.00 secs] 
5.199: [CMS-concurrent-sweep-start]
5.200: [CMS-concurrent-sweep: 0.002/0.002 secs] [Times: user=0.00 sys=0.00, real=0.00 secs] 
5.200: [CMS-concurrent-reset-start]
5.208: [CMS-concurrent-reset: 0.007/0.007 secs] [Times: user=0.00 sys=0.00, real=0.01 secs] 
5.218: [GC (Allocation Failure) 5.218: [ParNew: 612848K->612848K(613440K), 0.0000164 secs]5.219: [CMS: 3512537K->3512537K(3512768K), 0.0691032 secs] 4125386K->4124899K(4126208K), [Metaspace: 3875K->3875K(1056768K)], 0.0692236 secs] [Times: user=0.06 sys=0.00, real=0.07 secs] 
5.288: [Full GC (Allocation Failure) 5.288: [CMS: 3512537K->3512485K(3512768K), 0.4157319 secs] 4124899K->4124847K(4126208K), [Metaspace: 3875K->3875K(1056768K)], 0.4158090 secs] [Times: user=0.42 sys=0.00, real=0.42 secs] 
5.704: [GC (CMS Initial Mark) [1 CMS-initial-mark: 3512485K(3512768K)] 4124847K(4126208K), 0.0004355 secs] [Times: user=0.00 sys=0.00, real=0.00 secs] 
5.704: [CMS-concurrent-mark-start]
Heap
 par new generation   total 613440K, used 612933K [0x00000006c0000000, 0x00000006e9990000, 0x00000006e9990000)
  eden space 545344K, 100% used [0x00000006c0000000, 0x00000006e1490000, 0x00000006e1490000)
  from space 68096K,  99% used [0x00000006e5710000, 0x00000006e99115a0, 0x00000006e9990000)
  to   space 68096K,   0% used [0x00000006e1490000, 0x00000006e1490000, 0x00000006e5710000)
 concurrent mark-sweep generation total 3512768K, used 3512485K [0x00000006e9990000, 0x00000007c0000000, 0x00000007c0000000)
 Metaspace       used 3906K, capacity 4636K, committed 4864K, reserved 1056768K
  class space    used 430K, capacity 460K, committed 512K, reserved 1048576K
