Java HotSpot(TM) 64-Bit Server VM (25.301-b09) for windows-amd64 JRE (1.8.0_301-b09), built on Jun  9 2021 06:46:21 by "java_re" with MS VC++ 15.9 (VS2017)
Memory: 4k page, physical 16672068k(7737632k free), swap 19686724k(5410956k free)
CommandLine flags: -XX:InitialHeapSize=2147483648 -XX:MaxHeapSize=4294967296 -XX:MaxNewSize=697933824 -XX:MaxTenuringThreshold=6 -XX:NewSize=697933824 -XX:OldPLABSize=16 -XX:OldSize=1395867648 -XX:+PrintGC -XX:+PrintGCDetails -XX:+PrintGCTimeStamps -XX:+UseCompressedClassPointers -XX:+UseCompressedOops -XX:+UseConcMarkSweepGC -XX:-UseLargePagesIndividualAllocation -XX:+UseParNewGC 
0.574: [GC (Allocation Failure) 0.574: [ParNew: 544728K->67585K(613440K), 0.1300369 secs] 544728K->531480K(2029056K), 0.1302357 secs] [Times: user=0.33 sys=0.52, real=0.13 secs] 
0.862: [GC (Allocation Failure) 0.862: [ParNew: 612798K->67843K(613440K), 0.1462817 secs] 1076694K->1076332K(2029056K), 0.1463586 secs] [Times: user=0.58 sys=0.42, real=0.15 secs] 
1.009: [GC (CMS Initial Mark) [1 CMS-initial-mark: 1008488K(1415616K)] 1077356K(2029056K), 0.0020820 secs] [Times: user=0.00 sys=0.00, real=0.00 secs] 
1.011: [CMS-concurrent-mark-start]
1.022: [CMS-concurrent-mark: 0.011/0.011 secs] [Times: user=0.00 sys=0.00, real=0.01 secs] 
1.022: [CMS-concurrent-preclean-start]
1.026: [CMS-concurrent-preclean: 0.004/0.004 secs] [Times: user=0.06 sys=0.00, real=0.00 secs] 
1.026: [CMS-concurrent-abortable-preclean-start]
1.070: [GC (Allocation Failure) 1.070: [ParNew1.140: [CMS-concurrent-abortable-preclean: 0.003/0.114 secs] [Times: user=0.33 sys=0.26, real=0.11 secs] 
: 612420K->67987K(613440K), 0.1323563 secs] 1620908K->1598724K(2145220K), 0.1324245 secs] [Times: user=0.45 sys=0.41, real=0.13 secs] 
1.203: [GC (CMS Final Remark) [YG occupancy: 69011 K (613440 K)]1.203: [Rescan (parallel) , 0.0009328 secs]1.204: [weak refs processing, 0.0000336 secs]1.204: [class unloading, 0.0003240 secs]1.204: [scrub symbol table, 0.0003866 secs]1.204: [scrub string table, 0.0001251 secs][1 CMS-remark: 1530737K(1531780K)] 1599748K(2145220K), 0.0019089 secs] [Times: user=0.00 sys=0.00, real=0.00 secs] 
1.205: [CMS-concurrent-sweep-start]
1.206: [CMS-concurrent-sweep: 0.001/0.001 secs] [Times: user=0.00 sys=0.00, real=0.00 secs] 
1.212: [CMS-concurrent-reset-start]
1.247: [CMS-concurrent-reset: 0.036/0.036 secs] [Times: user=0.05 sys=0.02, real=0.04 secs] 
1.368: [GC (Allocation Failure) 1.368: [ParNew: 612818K->67632K(613440K), 0.1337455 secs] 2143554K->2132216K(3164668K), 0.1338242 secs] [Times: user=0.36 sys=0.45, real=0.13 secs] 
1.502: [GC (CMS Initial Mark) [1 CMS-initial-mark: 2064583K(2551228K)] 2133240K(3164668K), 0.0003958 secs] [Times: user=0.00 sys=0.00, real=0.00 secs] 
1.503: [CMS-concurrent-mark-start]
1.513: [CMS-concurrent-mark: 0.010/0.010 secs] [Times: user=0.05 sys=0.00, real=0.01 secs] 
1.513: [CMS-concurrent-preclean-start]
1.517: [CMS-concurrent-preclean: 0.004/0.004 secs] [Times: user=0.00 sys=0.00, real=0.00 secs] 
1.517: [CMS-concurrent-abortable-preclean-start]
1.556: [GC (Allocation Failure) 1.556: [ParNew1.652: [CMS-concurrent-abortable-preclean: 0.004/0.135 secs] [Times: user=0.42 sys=0.31, real=0.13 secs] 
: 612830K->67585K(613440K), 0.1314774 secs] 2677414K->2676956K(3224292K), 0.1315402 secs] [Times: user=0.49 sys=0.39, real=0.13 secs] 
1.688: [GC (CMS Final Remark) [YG occupancy: 68609 K (613440 K)]1.688: [Rescan (parallel) , 0.0011580 secs]1.689: [weak refs processing, 0.0000196 secs]1.689: [class unloading, 0.0002836 secs]1.689: [scrub symbol table, 0.0003856 secs]1.689: [scrub string table, 0.0001140 secs][1 CMS-remark: 2609371K(2610852K)] 2677980K(3224292K), 0.0020443 secs] [Times: user=0.00 sys=0.00, real=0.00 secs] 
1.690: [CMS-concurrent-sweep-start]
1.692: [CMS-concurrent-sweep: 0.002/0.002 secs] [Times: user=0.00 sys=0.00, real=0.00 secs] 
1.697: [CMS-concurrent-reset-start]
1.707: [CMS-concurrent-reset: 0.009/0.009 secs] [Times: user=0.00 sys=0.00, real=0.01 secs] 
1.847: [GC (Allocation Failure) 1.847: [ParNew: 612865K->67585K(613440K), 0.1429819 secs] 2710224K->2709720K(4109040K), 0.1430512 secs] [Times: user=0.92 sys=0.00, real=0.14 secs] 
1.991: [GC (CMS Initial Mark) [1 CMS-initial-mark: 2642135K(3495600K)] 2722566K(4109040K), 0.0003414 secs] [Times: user=0.00 sys=0.00, real=0.00 secs] 
1.991: [CMS-concurrent-mark-start]
2.003: [CMS-concurrent-mark: 0.012/0.012 secs] [Times: user=0.00 sys=0.00, real=0.01 secs] 
2.003: [CMS-concurrent-preclean-start]
2.009: [CMS-concurrent-preclean: 0.005/0.005 secs] [Times: user=0.03 sys=0.00, real=0.01 secs] 
2.009: [CMS-concurrent-abortable-preclean-start]
2.054: [GC (Allocation Failure) 2.054: [ParNew2.131: [CMS-concurrent-abortable-preclean: 0.007/0.122 secs] [Times: user=0.45 sys=0.02, real=0.12 secs] 
: 612919K->67585K(613440K), 0.3786680 secs] 3255054K->3254496K(4109040K), 0.3787408 secs] [Times: user=2.09 sys=0.36, real=0.38 secs] 
2.432: [GC (CMS Final Remark) [YG occupancy: 68609 K (613440 K)]2.433: [Rescan (parallel) , 0.0016246 secs]2.434: [weak refs processing, 0.0000145 secs]2.434: [class unloading, 0.0003112 secs]2.435: [scrub symbol table, 0.0004423 secs]2.435: [scrub string table, 0.0001222 secs][1 CMS-remark: 3186911K(3495600K)] 3255520K(4109040K), 0.0026147 secs] [Times: user=0.00 sys=0.00, real=0.00 secs] 
2.435: [CMS-concurrent-sweep-start]
2.437: [CMS-concurrent-sweep: 0.002/0.002 secs] [Times: user=0.00 sys=0.00, real=0.00 secs] 
2.437: [CMS-concurrent-reset-start]
2.449: [CMS-concurrent-reset: 0.012/0.012 secs] [Times: user=0.03 sys=0.00, real=0.01 secs] 
2.607: [GC (Allocation Failure) 2.607: [ParNew: 611929K->67601K(613440K), 0.1247999 secs] 3286833K->3297521K(4126208K), 0.1249409 secs] [Times: user=0.64 sys=0.22, real=0.13 secs] 
2.733: [GC (CMS Initial Mark) [1 CMS-initial-mark: 3229920K(3512768K)] 3298545K(4126208K), 0.0005503 secs] [Times: user=0.00 sys=0.00, real=0.00 secs] 
2.733: [CMS-concurrent-mark-start]
2.747: [CMS-concurrent-mark: 0.014/0.014 secs] [Times: user=0.05 sys=0.00, real=0.01 secs] 
2.747: [CMS-concurrent-preclean-start]
2.753: [CMS-concurrent-preclean: 0.006/0.006 secs] [Times: user=0.00 sys=0.00, real=0.01 secs] 
2.754: [CMS-concurrent-abortable-preclean-start]
2.799: [GC (Allocation Failure) 2.799: [ParNew: 611967K->611967K(613440K), 0.0000241 secs]2.799: [CMS2.799: [CMS-concurrent-abortable-preclean: 0.005/0.045 secs] [Times: user=0.06 sys=0.00, real=0.05 secs] 
 (concurrent mode failure): 3229920K->3317974K(3512768K), 0.8253883 secs] 3841887K->3317974K(4126208K), [Metaspace: 3887K->3887K(1056768K)], 0.8255448 secs] [Times: user=0.83 sys=0.00, real=0.83 secs] 
3.803: [GC (Allocation Failure) 3.803: [ParNew: 544380K->544380K(613440K), 0.0000260 secs]3.803: [CMS: 3317974K->3349719K(3512768K), 0.5246472 secs] 3862355K->3349719K(4126208K), [Metaspace: 3887K->3887K(1056768K)], 0.5247914 secs] [Times: user=0.53 sys=0.00, real=0.53 secs] 
4.328: [GC (CMS Initial Mark) [1 CMS-initial-mark: 3349719K(3512768K)] 3362645K(4126208K), 0.0006789 secs] [Times: user=0.00 sys=0.00, real=0.00 secs] 
4.328: [CMS-concurrent-mark-start]
4.357: [CMS-concurrent-mark: 0.019/0.028 secs] [Times: user=0.06 sys=0.00, real=0.03 secs] 
4.357: [CMS-concurrent-preclean-start]
4.361: [CMS-concurrent-preclean: 0.004/0.004 secs] [Times: user=0.00 sys=0.00, real=0.00 secs] 
4.361: [CMS-concurrent-abortable-preclean-start]
4.373: [GC (Allocation Failure) 4.373: [ParNew (promotion failed): 544389K->611974K(613440K), 0.0435684 secs]4.416: [CMS4.416: [CMS-concurrent-abortable-preclean: 0.004/0.055 secs] [Times: user=0.39 sys=0.00, real=0.06 secs] 
 (concurrent mode failure): 3512540K->3512538K(3512768K), 0.0959293 secs] 3894109K->3893471K(4126208K), [Metaspace: 3887K->3887K(1056768K)], 0.1396470 secs] [Times: user=0.47 sys=0.00, real=0.14 secs] 
4.635: [Full GC (Allocation Failure) 4.635: [CMS: 3512538K->3512538K(3512768K), 0.6379545 secs] 4124518K->3611867K(4126208K), [Metaspace: 3887K->3887K(1056768K)], 0.6380630 secs] [Times: user=0.64 sys=0.00, real=0.64 secs] 
5.274: [GC (CMS Initial Mark) [1 CMS-initial-mark: 3512538K(3512768K)] 3622605K(4126208K), 0.0007730 secs] [Times: user=0.00 sys=0.00, real=0.00 secs] 
5.274: [CMS-concurrent-mark-start]
5.290: [CMS-concurrent-mark: 0.016/0.016 secs] [Times: user=0.05 sys=0.00, real=0.02 secs] 
5.291: [CMS-concurrent-preclean-start]
5.299: [CMS-concurrent-preclean: 0.009/0.009 secs] [Times: user=0.00 sys=0.00, real=0.01 secs] 
5.299: [CMS-concurrent-abortable-preclean-start]
5.299: [CMS-concurrent-abortable-preclean: 0.000/0.000 secs] [Times: user=0.00 sys=0.00, real=0.00 secs] 
5.300: [GC (CMS Final Remark) [YG occupancy: 364023 K (613440 K)]5.300: [Rescan (parallel) , 0.0015324 secs]5.301: [weak refs processing, 0.0000111 secs]5.301: [class unloading, 0.0002568 secs]5.301: [scrub symbol table, 0.0003830 secs]5.302: [scrub string table, 0.0001112 secs][1 CMS-remark: 3512538K(3512768K)] 3876561K(4126208K), 0.0023685 secs] [Times: user=0.00 sys=0.00, real=0.00 secs] 
5.302: [CMS-concurrent-sweep-start]
5.304: [CMS-concurrent-sweep: 0.002/0.002 secs] [Times: user=0.03 sys=0.00, real=0.00 secs] 
5.304: [CMS-concurrent-reset-start]
5.311: [CMS-concurrent-reset: 0.008/0.008 secs] [Times: user=0.00 sys=0.00, real=0.01 secs] 
5.323: [GC (Allocation Failure) 5.323: [ParNew: 612859K->612859K(613440K), 0.0000162 secs]5.323: [CMS: 3512538K->3512538K(3512768K), 0.0665158 secs] 4125397K->4124899K(4126208K), [Metaspace: 3887K->3887K(1056768K)], 0.0666247 secs] [Times: user=0.06 sys=0.00, real=0.07 secs] 
5.390: [Full GC (Allocation Failure) 5.390: [CMS: 3512538K->3512486K(3512768K), 0.3712319 secs] 4124899K->4124847K(4126208K), [Metaspace: 3887K->3887K(1056768K)], 0.3712897 secs] [Times: user=0.38 sys=0.00, real=0.37 secs] 
5.762: [GC (CMS Initial Mark) [1 CMS-initial-mark: 3512486K(3512768K)] 4125415K(4126208K), 0.0008916 secs] [Times: user=0.00 sys=0.00, real=0.00 secs] 
5.763: [CMS-concurrent-mark-start]
Heap
 par new generation   total 613440K, used 612933K [0x00000006c0000000, 0x00000006e9990000, 0x00000006e9990000)
  eden space 545344K, 100% used [0x00000006c0000000, 0x00000006e1490000, 0x00000006e1490000)
  from space 68096K,  99% used [0x00000006e5710000, 0x00000006e99115a0, 0x00000006e9990000)
  to   space 68096K,   0% used [0x00000006e1490000, 0x00000006e1490000, 0x00000006e5710000)
 concurrent mark-sweep generation total 3512768K, used 3512486K [0x00000006e9990000, 0x00000007c0000000, 0x00000007c0000000)
 Metaspace       used 3918K, capacity 4636K, committed 4864K, reserved 1056768K
  class space    used 430K, capacity 460K, committed 512K, reserved 1048576K
